
Initial statistics: 75 variables; iteration 0; function evaluation 0; phase 1
Function value nan; maximum gradient component mag -6.4597e+06
Var    Value     Gradient |Var    Value     Gradient |Var    Value     Gradient
  1 -0.24633 -6.45967e+06 |  2 -0.01404  6.70337e+03 |  3  0.01990 -4.67400e+03
  4 -0.00807 -4.24754e+04 |  5 -0.04201 -5.60682e+04 |  6 -0.03723 -6.07292e+04
  7  0.03085 -8.03256e+04 |  8 -0.01274 -6.15236e+04 |  9  0.01239 -6.86790e+04
 10  0.00440 -5.45344e+04 | 11  0.00692 -4.93058e+04 | 12 -0.01512 -4.18091e+04
 13 -0.02643 -3.73363e+04 | 14  0.00970 -3.62241e+04 | 15  0.04742 -4.81771e+04
 16 -0.01859 -3.07954e+04 | 17  0.00718 -3.94029e+04 | 18 -0.04904 -3.28171e+04
 19  0.00017 -3.98270e+04 | 20 -0.01251 -1.63679e+04 | 21  0.04675  1.95964e+04
 22 -0.00163 -2.26979e+03 | 23 -0.00368 -1.17571e+04 | 24 -0.03608 -2.92859e+04
 25  0.01740 -1.97625e+04 | 26 -0.03967 -4.30139e+04 | 27 -0.00709 -4.03836e+04
 28  0.05222 -2.77072e+04 | 29  0.03284 -3.68466e+04 | 30  0.01037 -5.63076e+04
 31  0.00920 -5.70099e+04 | 32  0.02530 -5.67326e+04 | 33 -0.05058 -6.52492e+04
 34  0.01587 -7.87048e+04 | 35  0.01405 -6.58175e+04 | 36  0.01519 -7.86802e+04
 37 -0.01433 -4.38756e+04 | 38 -0.04528 -3.06436e+04 | 39 -0.00651 -4.38063e+04
 40 -0.04929 -4.51478e+04 | 41  0.04881 -7.66762e+04 | 42 -0.00184 -6.22520e+04
 43  0.02371 -7.27390e+04 | 44  0.01278 -6.85932e+04 | 45  0.04762 -7.71206e+04
 46  0.00308 -5.43630e+04 | 47  0.01428 -7.03399e+04 | 48 -0.02217 -6.41991e+04
 49  0.02507 -7.70446e+04 | 50 -0.01873 -1.50472e+04 | 51  0.01384 -2.90451e+04
 52 -0.00907 -7.45118e+04 | 53  0.01842 -2.42706e+04 | 54 -0.00079 -2.98173e+04
 55  0.04346 -3.52514e+04 | 56 -0.03668 -2.08873e+04 | 57 -0.04106 -1.74988e+04
 58  0.03045 -1.80773e+04 | 59 -0.03983 -9.83853e+03 | 60  0.04507 -1.84696e+04
 61 -0.00060 -1.72790e+04 | 62  0.02761 -2.19803e+04 | 63 -0.01195 -1.26734e+04
 64 -0.02590 -1.33839e+04 | 65  0.02065 -2.02575e+04 | 66 -0.03467 -1.15028e+04
 67 -0.02192 -1.35332e+04 | 68 -0.04779 -1.24256e+04 | 69  0.01500 -2.44215e+04
 70 -0.05188 -1.58281e+04 | 71  0.00362 -2.86845e+04 | 72  0.03282 -3.95738e+04
 73  0.01217 -2.96000e+04 | 74  0.01238 -1.10783e+04 | 75 -0.03627  1.73603e+02
  ic > imax  in fminim is answer attained ?
Var    Value     Gradient |Var    Value     Gradient |Var    Value     Gradient
  1  0.09648 -4.39678e+02 |  2 -0.01440 -4.08713e+00 |  3  0.02015  8.10357e+00
  4 -0.00582  1.76707e+00 |  5 -0.03904 -6.32747e+00 |  6 -0.03400 -5.21808e+00
  7  0.03511  1.10531e+01 |  8 -0.00948  3.98544e-01 |  9  0.01604  6.21033e+00
 10  0.00729  3.91990e+00 | 11  0.00954  4.13028e+00 | 12 -0.01290 -1.33304e+00
 13 -0.02445 -4.28287e+00 | 14  0.01163  3.32927e+00 | 15  0.04997  1.05150e+01
 16 -0.01695 -4.20541e+00 | 17  0.00927  1.89478e-01 | 18 -0.04730 -1.21936e+01
 19  0.00228 -3.52959e+00 | 20 -0.01164 -7.20511e+00 | 21  0.04571  6.21486e-02
 22 -0.00151 -8.18054e+00 | 23 -0.00306 -1.01237e+01 | 24 -0.03453 -1.62179e+01
 25  0.01844 -1.16400e+01 | 26 -0.03739 -1.87869e+01 | 27 -0.00495 -1.54841e+01
 28  0.05369 -1.19111e+01 | 29  0.03479 -1.09516e+01 | 30  0.01336 -1.02286e+01
 31  0.01222 -8.04213e+00 | 32  0.02831 -6.58485e+00 | 33 -0.04712 -1.84383e+01
 34  0.02004 -2.35088e+01 | 35  0.01755 -8.35903e+01 | 36  0.01936 -1.48275e+02
 37 -0.01200  2.11015e+01 | 38 -0.04365  1.08050e+02 | 39 -0.00418  1.11724e+02
 40 -0.04690 -6.43132e-01 | 41  0.05288  3.36785e+01 | 42  0.00147  1.72949e+01
 43  0.02757  2.74554e+01 | 44  0.01642  2.35249e+01 | 45  0.05171  3.46145e+01
 46  0.00596  1.62459e+01 | 47  0.01801  1.81559e+01 | 48 -0.01876  5.26861e+00
 49  0.02915  2.12800e+01 | 50 -0.01793  1.90402e+01 | 51  0.01538  5.22526e+01
 52 -0.00512  4.38623e+01 | 53  0.01971  4.62898e+01 | 54  0.00079  1.19763e+01
 55  0.04533 -2.17504e+01 | 56 -0.03557 -4.18652e+01 | 57 -0.04013 -4.53542e+01
 58  0.03141 -4.43481e+01 | 59 -0.03931 -2.31330e+01 | 60  0.04605  1.36338e+01
 61  0.00031  1.88336e+01 | 62  0.02877  3.95993e+01 | 63 -0.01128  2.31209e+01
 64 -0.02519  4.77056e+00 | 65  0.02173 -1.93710e+01 | 66 -0.03406 -4.59865e+01
 67 -0.02120 -4.94810e+01 | 68 -0.04713 -2.62216e+01 | 69  0.01630  2.08199e+01
 70 -0.05104  1.60464e+01 | 71  0.00514  4.40228e+01 | 72  0.03492  3.45146e+01
 73  0.01374  1.12923e+01 | 74  0.01297  7.84203e+00 | 75 -0.03628 -4.26346e+00
Function minimizer not making progress ... is minimum attained?
Minimprove criterion = 0.0000e+00

 - final statistics:
75 variables; iteration 2; function evaluation 39
Function value nan; maximum gradient component mag -4.3968e+02
Exit code = 1;  converg criter 1.0000e+01
Var    Value     Gradient |Var    Value     Gradient |Var    Value     Gradient
  1  0.09648 -4.39678e+02 |  2 -0.01440 -4.08713e+00 |  3  0.02015  8.10357e+00
  4 -0.00582  1.76707e+00 |  5 -0.03904 -6.32747e+00 |  6 -0.03400 -5.21808e+00
  7  0.03511  1.10531e+01 |  8 -0.00948  3.98544e-01 |  9  0.01604  6.21033e+00
 10  0.00729  3.91990e+00 | 11  0.00954  4.13028e+00 | 12 -0.01290 -1.33304e+00
 13 -0.02445 -4.28287e+00 | 14  0.01163  3.32927e+00 | 15  0.04997  1.05150e+01
 16 -0.01695 -4.20541e+00 | 17  0.00927  1.89478e-01 | 18 -0.04730 -1.21936e+01
 19  0.00228 -3.52959e+00 | 20 -0.01164 -7.20511e+00 | 21  0.04571  6.21486e-02
 22 -0.00151 -8.18054e+00 | 23 -0.00306 -1.01237e+01 | 24 -0.03453 -1.62179e+01
 25  0.01844 -1.16400e+01 | 26 -0.03739 -1.87869e+01 | 27 -0.00495 -1.54841e+01
 28  0.05369 -1.19111e+01 | 29  0.03479 -1.09516e+01 | 30  0.01336 -1.02286e+01
 31  0.01222 -8.04213e+00 | 32  0.02831 -6.58485e+00 | 33 -0.04712 -1.84383e+01
 34  0.02004 -2.35088e+01 | 35  0.01755 -8.35903e+01 | 36  0.01936 -1.48275e+02
 37 -0.01200  2.11015e+01 | 38 -0.04365  1.08050e+02 | 39 -0.00418  1.11724e+02
 40 -0.04690 -6.43132e-01 | 41  0.05288  3.36785e+01 | 42  0.00147  1.72949e+01
 43  0.02757  2.74554e+01 | 44  0.01642  2.35249e+01 | 45  0.05171  3.46145e+01
 46  0.00596  1.62459e+01 | 47  0.01801  1.81559e+01 | 48 -0.01876  5.26861e+00
 49  0.02915  2.12800e+01 | 50 -0.01793  1.90402e+01 | 51  0.01538  5.22526e+01
 52 -0.00512  4.38623e+01 | 53  0.01971  4.62898e+01 | 54  0.00079  1.19763e+01
 55  0.04533 -2.17504e+01 | 56 -0.03557 -4.18652e+01 | 57 -0.04013 -4.53542e+01
 58  0.03141 -4.43481e+01 | 59 -0.03931 -2.31330e+01 | 60  0.04605  1.36338e+01
 61  0.00031  1.88336e+01 | 62  0.02877  3.95993e+01 | 63 -0.01128  2.31209e+01
 64 -0.02519  4.77056e+00 | 65  0.02173 -1.93710e+01 | 66 -0.03406 -4.59865e+01
 67 -0.02120 -4.94810e+01 | 68 -0.04713 -2.62216e+01 | 69  0.01630  2.08199e+01
 70 -0.05104  1.60464e+01 | 71  0.00514  4.40228e+01 | 72  0.03492  3.45146e+01
 73  0.01374  1.12923e+01 | 74  0.01297  7.84203e+00 | 75 -0.03628 -4.26346e+00

Initial statistics: 75 variables; iteration 0; function evaluation 0; phase 2
Function value nan; maximum gradient component mag -4.3968e+02
Var    Value     Gradient |Var    Value     Gradient |Var    Value     Gradient
  1  0.09648 -4.39678e+02 |  2 -0.01440 -4.08713e+00 |  3  0.02015  8.10357e+00
  4 -0.00582  1.76707e+00 |  5 -0.03904 -6.32747e+00 |  6 -0.03400 -5.21808e+00
  7  0.03511  1.10531e+01 |  8 -0.00948  3.98544e-01 |  9  0.01604  6.21033e+00
 10  0.00729  3.91990e+00 | 11  0.00954  4.13028e+00 | 12 -0.01290 -1.33304e+00
 13 -0.02445 -4.28287e+00 | 14  0.01163  3.32927e+00 | 15  0.04997  1.05150e+01
 16 -0.01695 -4.20541e+00 | 17  0.00927  1.89478e-01 | 18 -0.04730 -1.21936e+01
 19  0.00228 -3.52959e+00 | 20 -0.01164 -7.20511e+00 | 21  0.04571  6.21486e-02
 22 -0.00151 -8.18054e+00 | 23 -0.00306 -1.01237e+01 | 24 -0.03453 -1.62179e+01
 25  0.01844 -1.16400e+01 | 26 -0.03739 -1.87869e+01 | 27 -0.00495 -1.54841e+01
 28  0.05369 -1.19111e+01 | 29  0.03479 -1.09516e+01 | 30  0.01336 -1.02286e+01
 31  0.01222 -8.04213e+00 | 32  0.02831 -6.58485e+00 | 33 -0.04712 -1.84383e+01
 34  0.02004 -2.35088e+01 | 35  0.01755 -8.35903e+01 | 36  0.01936 -1.48275e+02
 37 -0.01200  2.11015e+01 | 38 -0.04365  1.08050e+02 | 39 -0.00418  1.11724e+02
 40 -0.04690 -6.43132e-01 | 41  0.05288  3.36785e+01 | 42  0.00147  1.72949e+01
 43  0.02757  2.74554e+01 | 44  0.01642  2.35249e+01 | 45  0.05171  3.46145e+01
 46  0.00596  1.62459e+01 | 47  0.01801  1.81559e+01 | 48 -0.01876  5.26861e+00
 49  0.02915  2.12800e+01 | 50 -0.01793  1.90402e+01 | 51  0.01538  5.22526e+01
 52 -0.00512  4.38623e+01 | 53  0.01971  4.62898e+01 | 54  0.00079  1.19763e+01
 55  0.04533 -2.17504e+01 | 56 -0.03557 -4.18652e+01 | 57 -0.04013 -4.53542e+01
 58  0.03141 -4.43481e+01 | 59 -0.03931 -2.31330e+01 | 60  0.04605  1.36338e+01
 61  0.00031  1.88336e+01 | 62  0.02877  3.95993e+01 | 63 -0.01128  2.31209e+01
 64 -0.02519  4.77056e+00 | 65  0.02173 -1.93710e+01 | 66 -0.03406 -4.59865e+01
 67 -0.02120 -4.94810e+01 | 68 -0.04713 -2.62216e+01 | 69  0.01630  2.08199e+01
 70 -0.05104  1.60464e+01 | 71  0.00514  4.40228e+01 | 72  0.03492  3.45146e+01
 73  0.01374  1.12923e+01 | 74  0.01297  7.84203e+00 | 75 -0.03628 -4.26346e+00
  ic > imax  in fminim is answer attained ?
Var    Value     Gradient |Var    Value     Gradient |Var    Value     Gradient
  1  0.13118 -1.41839e+02 |  2 -0.01407 -3.78853e+00 |  3  0.01951  8.29626e+00
  4 -0.00596  2.07297e+00 |  5 -0.03854 -5.89325e+00 |  6 -0.03359 -4.72891e+00
  7  0.03424  1.16453e+01 |  8 -0.00951  1.05487e+00 |  9  0.01555  7.05231e+00
 10  0.00698  4.89825e+00 | 11  0.00921  5.30713e+00 | 12 -0.01280 -8.75024e-02
 13 -0.02411 -2.91631e+00 | 14  0.01136  5.27604e+00 | 15  0.04914  1.35596e+01
 16 -0.01662 -1.91930e+00 | 17  0.00926  3.38472e+00 | 18 -0.04634 -9.69080e+00
 19  0.00256  4.22623e-01 | 20 -0.01107 -3.28751e+00 | 21  0.04571  6.59102e+00
 22 -0.00087 -3.29920e+00 | 23 -0.00226 -4.85974e+00 | 24 -0.03325 -1.16873e+01
 25  0.01936 -4.14899e+00 | 26 -0.03591 -1.37032e+01 | 27 -0.00373 -8.69439e+00
 28  0.05463 -7.53959e-01 | 29  0.03565 -1.21013e+00 | 30  0.01417 -1.94277e+00
 31  0.01286  3.71289e-01 | 32  0.02883  4.31432e+00 | 33 -0.04567 -1.11355e+01
 34  0.02190 -8.03495e+00 | 35  0.02414 -6.71237e+01 | 36  0.03106 -1.32371e+02
 37 -0.01367  2.67175e+01 | 38 -0.05218  9.42864e+01 | 39 -0.01300  9.57667e+01
 40 -0.04685 -2.38598e+00 | 41  0.05022  2.85299e+01 | 42  0.00010  1.29890e+01
 43  0.02540  2.15951e+01 | 44  0.01457  1.78401e+01 | 45  0.04898  2.74263e+01
 46  0.00468  1.16553e+01 | 47  0.01658  1.39675e+01 | 48 -0.01918  1.99575e+00
 49  0.02748  1.48236e+01 | 50 -0.01943  1.17497e+01 | 51  0.01125  3.83101e+01
 52 -0.00858  3.09935e+01 | 53  0.01606  3.33347e+01 | 54 -0.00016  6.74936e+00
 55  0.04705 -1.90052e+01 | 56 -0.03227 -3.57592e+01 | 57 -0.03655 -3.68239e+01
 58  0.03491 -2.93203e+01 | 59 -0.03748 -1.62253e+01 | 60  0.04498  2.10945e+01
 61 -0.00117  2.05588e+01 | 62  0.02565  3.96486e+01 | 63 -0.01310  2.40047e+01
 64 -0.02556  7.99011e+00 | 65  0.02326 -1.08255e+01 | 66 -0.03043 -3.92575e+01
 67 -0.01730 -4.18003e+01 | 68 -0.04506 -2.12955e+01 | 69  0.01465  2.26468e+01
 70 -0.05231  1.38469e+01 | 71  0.00167  3.83791e+01 | 72  0.03219  3.06227e+01
 73  0.01284  1.02437e+01 | 74  0.01235  7.30489e+00 | 75 -0.03595 -4.56873e+00
Function minimizer not making progress ... is minimum attained?
Minimprove criterion = 0.0000e+00

 - final statistics:
75 variables; iteration 2; function evaluation 34
Function value nan; maximum gradient component mag -1.4184e+02
Exit code = 1;  converg criter 1.0000e+01
Var    Value     Gradient |Var    Value     Gradient |Var    Value     Gradient
  1  0.13118 -1.41839e+02 |  2 -0.01407 -3.78853e+00 |  3  0.01951  8.29626e+00
  4 -0.00596  2.07297e+00 |  5 -0.03854 -5.89325e+00 |  6 -0.03359 -4.72891e+00
  7  0.03424  1.16453e+01 |  8 -0.00951  1.05487e+00 |  9  0.01555  7.05231e+00
 10  0.00698  4.89825e+00 | 11  0.00921  5.30713e+00 | 12 -0.01280 -8.75024e-02
 13 -0.02411 -2.91631e+00 | 14  0.01136  5.27604e+00 | 15  0.04914  1.35596e+01
 16 -0.01662 -1.91930e+00 | 17  0.00926  3.38472e+00 | 18 -0.04634 -9.69080e+00
 19  0.00256  4.22623e-01 | 20 -0.01107 -3.28751e+00 | 21  0.04571  6.59102e+00
 22 -0.00087 -3.29920e+00 | 23 -0.00226 -4.85974e+00 | 24 -0.03325 -1.16873e+01
 25  0.01936 -4.14899e+00 | 26 -0.03591 -1.37032e+01 | 27 -0.00373 -8.69439e+00
 28  0.05463 -7.53959e-01 | 29  0.03565 -1.21013e+00 | 30  0.01417 -1.94277e+00
 31  0.01286  3.71289e-01 | 32  0.02883  4.31432e+00 | 33 -0.04567 -1.11355e+01
 34  0.02190 -8.03495e+00 | 35  0.02414 -6.71237e+01 | 36  0.03106 -1.32371e+02
 37 -0.01367  2.67175e+01 | 38 -0.05218  9.42864e+01 | 39 -0.01300  9.57667e+01
 40 -0.04685 -2.38598e+00 | 41  0.05022  2.85299e+01 | 42  0.00010  1.29890e+01
 43  0.02540  2.15951e+01 | 44  0.01457  1.78401e+01 | 45  0.04898  2.74263e+01
 46  0.00468  1.16553e+01 | 47  0.01658  1.39675e+01 | 48 -0.01918  1.99575e+00
 49  0.02748  1.48236e+01 | 50 -0.01943  1.17497e+01 | 51  0.01125  3.83101e+01
 52 -0.00858  3.09935e+01 | 53  0.01606  3.33347e+01 | 54 -0.00016  6.74936e+00
 55  0.04705 -1.90052e+01 | 56 -0.03227 -3.57592e+01 | 57 -0.03655 -3.68239e+01
 58  0.03491 -2.93203e+01 | 59 -0.03748 -1.62253e+01 | 60  0.04498  2.10945e+01
 61 -0.00117  2.05588e+01 | 62  0.02565  3.96486e+01 | 63 -0.01310  2.40047e+01
 64 -0.02556  7.99011e+00 | 65  0.02326 -1.08255e+01 | 66 -0.03043 -3.92575e+01
 67 -0.01730 -4.18003e+01 | 68 -0.04506 -2.12955e+01 | 69  0.01465  2.26468e+01
 70 -0.05231  1.38469e+01 | 71  0.00167  3.83791e+01 | 72  0.03219  3.06227e+01
 73  0.01284  1.02437e+01 | 74  0.01235  7.30489e+00 | 75 -0.03595 -4.56873e+00

Initial statistics: 92 variables; iteration 0; function evaluation 0; phase 3
Function value 4.9753828e+00; maximum gradient component mag -1.4184e+02
Var    Value     Gradient |Var    Value     Gradient |Var    Value     Gradient
  1  0.13118 -1.41839e+02 |  2 -0.03654 -9.25029e+00 |  3 -0.01407 -3.78853e+00
  4  0.01951  8.29626e+00 |  5 -0.00596  2.07297e+00 |  6 -0.03854 -5.89325e+00
  7 -0.03359 -4.72891e+00 |  8  0.03424  1.16453e+01 |  9 -0.00951  1.05487e+00
 10  0.01555  7.05231e+00 | 11  0.00698  4.89825e+00 | 12  0.00921  5.30713e+00
 13 -0.01280 -8.75023e-02 | 14 -0.02411 -2.91631e+00 | 15  0.01136  5.27604e+00
 16  0.04914  1.35596e+01 | 17 -0.01662 -1.91930e+00 | 18  0.00926  3.38472e+00
 19 -0.04634 -9.69080e+00 | 20  0.00256  4.22624e-01 | 21 -0.01107 -3.28751e+00
 22  0.04571  6.59102e+00 | 23 -0.00087 -3.29920e+00 | 24 -0.00226 -4.85974e+00
 25 -0.03325 -1.16873e+01 | 26  0.01936 -4.14899e+00 | 27 -0.03591 -1.37032e+01
 28 -0.00373 -8.69439e+00 | 29  0.05463 -7.53958e-01 | 30  0.03565 -1.21013e+00
 31  0.01417 -1.94277e+00 | 32  0.01286  3.71292e-01 | 33  0.02883  4.31433e+00
 34 -0.04567 -1.11355e+01 | 35  0.02190 -8.03493e+00 | 36  0.02414 -6.71236e+01
 37  0.03106 -1.32371e+02 | 38 -0.01367  2.67174e+01 | 39 -0.05218  9.42863e+01
 40 -0.01300  9.57666e+01 | 41 -0.04685 -2.38598e+00 | 42  0.05022  2.85299e+01
 43  0.00010  1.29890e+01 | 44  0.02540  2.15951e+01 | 45  0.01457  1.78401e+01
 46  0.04898  2.74263e+01 | 47  0.00468  1.16553e+01 | 48  0.01658  1.39675e+01
 49 -0.01918  1.99576e+00 | 50  0.02748  1.48237e+01 | 51 -0.01943  1.17497e+01
 52  0.01125  3.83101e+01 | 53 -0.00858  3.09935e+01 | 54  0.01606  3.33347e+01
 55 -0.00016  6.74934e+00 | 56  0.04705 -1.90052e+01 | 57 -0.03227 -3.57592e+01
 58 -0.03655 -3.68239e+01 | 59  0.03491 -2.93203e+01 | 60 -0.03748 -1.62253e+01
 61  0.04498  2.10944e+01 | 62 -0.00117  2.05588e+01 | 63  0.02565  3.96486e+01
 64 -0.01310  2.40047e+01 | 65 -0.02556  7.99011e+00 | 66  0.02326 -1.08255e+01
 67 -0.03043 -3.92575e+01 | 68 -0.01730 -4.18003e+01 | 69 -0.04506 -2.12955e+01
 70  0.01465  2.26468e+01 | 71 -0.05231  1.38469e+01 | 72  0.00167  3.83791e+01
 73  0.03219  3.06227e+01 | 74  0.01284  1.02437e+01 | 75  0.01235  7.30489e+00
 76 -0.03595 -4.56873e+00 | 77 -0.81294 -3.77807e+01 | 78 -0.99265 -2.47347e-01
 79 -0.04373 -6.85814e-05 | 80  0.89612 -4.91613e+01 | 81 -0.10495 -1.07677e+01
 82 -0.99265 -2.47333e-01 | 83  0.13559  6.97766e+00 | 84  0.27891 -3.27071e+00
 85 -0.13209 -5.30425e+01 | 86 -0.14214 -2.90926e+01 | 87  0.04475  8.11463e+00
 88  0.89612 -2.21251e+01 | 89 -0.81294 -1.03752e-02 | 90  0.04262  1.64604e-04
 91  0.02899  1.43151e-04 | 92  0.89612  1.90675e-02 |

Intermediate statistics: 92 variables; iteration 20; function evaluation 30; phase 3
Function value -6.6871628e+01; maximum gradient component mag -1.2926e+02
Var    Value     Gradient |Var    Value     Gradient |Var    Value     Gradient
  1  0.06708 -1.29258e+02 |  2  0.01732  3.30809e+00 |  3  0.00777  8.10700e-01
  4 -0.02986 -4.43690e+00 |  5 -0.01838 -1.94200e+00 |  6 -0.00366  1.21923e+00
  7 -0.00538  4.72286e-01 |  8 -0.03544 -6.79586e+00 |  9 -0.01528 -2.60511e+00
 10 -0.02642 -5.52429e+00 | 11 -0.02213 -5.00757e+00 | 12 -0.02280 -5.59926e+00
 13 -0.01184 -3.78126e+00 | 14 -0.00538 -3.13497e+00 | 15 -0.02169 -7.09965e+00
 16 -0.04063 -1.15519e+01 | 17 -0.00383 -5.44956e+00 | 18 -0.01546 -8.27352e+00
 19  0.02031 -3.34960e+00 | 20 -0.00593 -7.95682e+00 | 21  0.00594 -6.64199e+00
 22 -0.02342 -1.14560e+01 | 23  0.00915 -7.23493e+00 | 24  0.01334 -6.89154e+00
 25  0.04382 -3.03126e+00 | 26 -0.00784 -7.50714e+00 | 27  0.00829 -2.42724e+00
 28 -0.01017 -2.05274e+00 | 29 -0.04113 -5.19314e+00 | 30 -0.04396 -2.98180e+00
 31 -0.04214 -2.62715e-01 | 32 -0.04648  2.15358e-01 | 33 -0.05877 -1.50301e+00
 34 -0.01407  1.53804e+01 | 35 -0.08156 -3.45879e+00 | 36  0.05110  2.58547e+01
 37  0.09231  1.68605e+01 | 38 -0.21064 -1.53483e+01 | 39 -0.13815 -4.11775e+00
 40 -0.09469 -8.53191e+00 | 41 -0.01776  1.07346e+01 | 42 -0.04741  6.64690e-01
 43 -0.01922  6.09158e+00 | 44 -0.03182  3.94605e+00 | 45 -0.04126  5.16304e+00
 46 -0.05788  4.94170e+00 | 47 -0.06007  7.59466e+00 | 48 -0.04632  8.63854e+00
 49 -0.03534  1.33040e+01 | 50 -0.03229  2.24912e+01 | 51 -0.09070  2.21566e+01
 52 -0.10337  1.85780e+01 | 53 -0.12851  1.59122e+01 | 54 -0.08432  1.86665e+01
 55 -0.07079  2.04606e+01 | 56 -0.06731  1.79828e+01 | 57 -0.00898  4.10455e+01
 58 -0.01022  3.86862e+01 | 59 -0.08586  1.03668e+00 | 60 -0.04675  1.44799e+01
 61 -0.08937 -9.62888e+00 | 62 -0.04333 -1.71704e+01 | 63 -0.08734 -1.81822e+01
 64 -0.12475 -2.67476e+01 | 65 -0.04077 -3.11295e+01 | 66 -0.08450 -3.22623e+01
 67 -0.08820 -2.87113e+01 | 68 -0.04652 -1.74252e+01 | 69 -0.06174 -2.26606e+01
 70 -0.17580 -2.89952e+01 | 71 -0.14523 -9.47863e+00 | 72 -0.14716 -1.31694e+01
 73 -0.10774 -1.06651e+01 | 74 -0.07133 -3.79543e+00 | 75 -0.06558 -2.75257e+00
 76 -0.04395  2.51889e+00 | 77 -0.73160 -1.48368e+01 | 78 -0.97972 -9.73347e-02
 79 -0.04370 -1.50777e-04 | 80  0.98219 -3.11015e+00 | 81  0.04070 -5.98784e+00
 82 -0.97972 -9.73267e-02 | 83  0.38584 -2.25217e-01 | 84  0.48328 -6.84984e+00
 85  0.42894 -1.38898e+01 | 86 -0.01275 -7.85024e+00 | 87  0.16887  3.90839e+01
 88  1.21173  4.67661e-01 | 89 -0.81218 -1.01150e-02 | 90  0.04260  3.48511e-04
 91  0.02898  1.42982e-04 | 92  0.89472  1.88139e-02 |
92 variables; iteration 40; function evaluation 56; phase 3
Function value -7.3707180e+01; maximum gradient component mag 2.6334e+02
Var    Value     Gradient |Var    Value     Gradient |Var    Value     Gradient
  1  0.06775  2.63344e+02 |  2  0.00237 -6.12050e-02 |  3  0.00202 -2.49602e-01
  4 -0.01377 -2.29470e-01 |  5 -0.01307 -1.75836e-01 |  6 -0.01365 -4.43486e-01
  7 -0.01308 -4.51966e-01 |  8 -0.00534  1.21973e+00 |  9 -0.00915  1.57194e-01
 10 -0.00308  1.38989e+00 | 11 -0.00258  1.30179e+00 | 12  0.00020  1.72011e+00
 13 -0.00614  5.63781e-02 | 14 -0.01032 -1.15024e+00 | 15  0.00473  1.88247e+00
 16  0.01853  4.41767e+00 | 17 -0.00440 -9.23310e-01 | 18 -0.00241 -9.69651e-01
 19  0.00723  5.17219e-01 | 20  0.00281 -7.62115e-01 | 21  0.01088  4.52850e-01
 22  0.02317  2.40750e+00 | 23 -0.00199 -2.50929e+00 | 24 -0.00729 -3.37107e+00
 25  0.01619  1.93250e+00 | 26  0.00164  8.30938e-01 | 27 -0.02144 -1.87524e+00
 28 -0.02811 -6.98782e-01 | 29 -0.01418  5.95676e+00 | 30 -0.03274  3.66969e+00
 31 -0.04369  2.51289e+00 | 32 -0.04380  3.79421e+00 | 33 -0.04876  3.51787e+00
 34 -0.05035  5.55269e+00 | 35 -0.05521  6.02060e+00 | 36  0.02121  1.73479e+01
 37  0.09395  2.51002e+01 | 38 -0.17544  4.52896e-01 | 39 -0.13440 -1.25624e+00
 40 -0.07038  2.17368e+00 | 41 -0.04753  7.68806e+00 | 42 -0.03990  8.46661e+00
 43 -0.02730  1.09523e+01 | 44 -0.03537  9.07162e+00 | 45 -0.04868  7.59211e+00
 46 -0.06039  6.86802e+00 | 47 -0.06937  5.43242e+00 | 48 -0.04634  6.95568e+00
 49 -0.02455  1.03078e+01 | 50 -0.04901  5.97249e+00 | 51 -0.10113  3.05895e+00
 52 -0.10977 -2.49242e+00 | 53 -0.13748 -5.03653e+00 | 54 -0.09327 -8.18929e+00
 55 -0.08480 -7.25717e+00 | 56 -0.04198  1.31202e+00 | 57 -0.03446  2.36640e+00
 58 -0.02768  1.07103e+01 | 59 -0.05906  3.41024e+00 | 60 -0.07721  7.16248e+00
 61 -0.06970  6.77307e+00 | 62 -0.04533  4.44877e+00 | 63 -0.09266 -1.50373e+00
 64 -0.10502 -6.50594e+00 | 65 -0.06253 -5.56593e+00 | 66 -0.05982 -5.03794e+00
 67 -0.08373 -1.05517e+01 | 68 -0.07485 -6.14777e+00 | 69 -0.07305 -6.69127e+00
 70 -0.12590 -5.44995e+00 | 71 -0.15411 -4.23029e+00 | 72 -0.13766 -5.62367e+00
 73 -0.07578 -1.81564e+00 | 74 -0.05245  3.99181e-01 | 75 -0.05122  4.12445e-01
 76 -0.04792  1.17212e+00 | 77 -0.71705 -1.33485e+01 | 78 -0.90567 -2.10870e-02
 79 -0.04311 -1.99847e-04 | 80  1.02651  3.39557e+00 | 81 -0.04032  9.45085e+00
 82 -0.90570 -2.10389e-02 | 83  0.20418 -5.13152e+00 | 84  0.74378 -3.47770e-01
 85  0.56190 -6.68463e+00 | 86 -0.03104 -4.25713e+00 | 87  0.18666  1.70360e+01
 88  1.23681  4.29851e-01 | 89 -0.79927 -8.22845e-03 | 90  0.04223  4.32948e-04
 91  0.02880  1.41840e-04 | 92  0.87145  1.53449e-02 |
92 variables; iteration 60; function evaluation 82; phase 3
Function value -7.6547624e+01; maximum gradient component mag -2.0548e+02
Var    Value     Gradient |Var    Value     Gradient |Var    Value     Gradient
  1  0.06679 -2.05483e+02 |  2 -0.00064 -7.81172e-01 |  3  0.00215 -2.12966e-01
  4 -0.00851  1.02999e+00 |  5 -0.01024  4.88188e-01 |  6 -0.01269 -2.36617e-01
  7 -0.01138 -7.62509e-02 |  8 -0.00482  1.30029e+00 |  9 -0.00789  3.94271e-01
 10 -0.00681  4.49987e-01 | 11 -0.00757  6.83477e-02 | 12 -0.00838 -3.25480e-01
 13 -0.00526  1.59424e-01 | 14 -0.00184  6.49502e-01 | 15 -0.00528 -4.04685e-01
 16 -0.00134  1.10657e-01 | 17  0.00143  3.07711e-01 | 18  0.01053  1.74049e+00
 19 -0.00959 -2.85127e+00 | 20  0.01267  1.21716e+00 | 21  0.00573 -5.03195e-01
 22  0.01957  1.72015e+00 | 23  0.01929  1.32522e+00 | 24  0.01671  8.56418e-01
 25 -0.01273 -4.10328e+00 | 26 -0.00793 -1.98213e+00 | 27 -0.01414 -1.71907e+00
 28 -0.01403  1.05163e-01 | 29 -0.03597 -3.55260e+00 | 30 -0.03815 -3.12594e+00
 31 -0.03887 -2.79011e+00 | 32 -0.04396 -4.01785e+00 | 33 -0.04361 -4.15992e+00
 34 -0.04838 -3.91766e+00 | 35 -0.05561 -5.20380e+00 | 36 -0.00317 -8.71959e+00
 37  0.08464 -2.18727e+01 | 38 -0.15802  1.74749e+00 | 39 -0.11151 -5.36969e-01
 40 -0.03803 -3.74387e+00 | 41 -0.05220 -8.85736e+00 | 42 -0.03710 -7.94142e+00
 43 -0.04200 -1.01627e+01 | 44 -0.03892 -8.71338e+00 | 45 -0.05368 -8.10513e+00
 46 -0.05788 -5.89103e+00 | 47 -0.06082 -5.04529e+00 | 48 -0.03872 -6.15613e+00
 49 -0.04168 -6.48509e+00 | 50 -0.05732 -3.30056e+00 | 51 -0.10723  1.23221e+00
 52 -0.11027  2.35739e+00 | 53 -0.12313  6.64306e+00 | 54 -0.08095  5.00528e+00
 55 -0.07797  1.97839e+00 | 56 -0.05445 -2.36284e+00 | 57 -0.02881 -6.50833e+00
 58 -0.05656 -8.81008e+00 | 59 -0.04290 -2.84207e+00 | 60 -0.07143  3.80240e-02
 61 -0.08346 -6.00342e+00 | 62 -0.04675  9.59121e-01 | 63 -0.09778  1.26967e+00
 64 -0.08939  7.09364e+00 | 65 -0.07175  7.40131e+00 | 66 -0.07961  5.51818e+00
 67 -0.06117  9.46837e+00 | 68 -0.07287  6.20285e+00 | 69 -0.08344  6.79866e+00
 70 -0.13078  6.95578e+00 | 71 -0.14953  6.11073e+00 | 72 -0.12687  1.13757e+00
 73 -0.05957  3.62429e+00 | 74 -0.05373  1.18579e+00 | 75 -0.05322  8.83473e-01
 76 -0.05767 -3.09395e-01 | 77 -0.64810 -1.75168e+01 | 78 -0.76576 -8.45474e-03
 79 -0.04068 -1.90614e-04 | 80  0.98510 -1.73583e+00 | 81 -0.21177  2.60064e+00
 82 -0.76618 -8.20518e-03 | 83  0.00953 -3.27590e+00 | 84  1.14821  5.33027e+00
 85  0.77801 -2.54068e+00 | 86 -0.05863 -1.57771e+00 | 87  0.19875  8.84726e+00
 88  1.13515  6.82401e-02 | 89 -0.78131 -2.11435e-02 | 90  0.04070  1.21397e-04
 91  0.02805  1.39235e-04 | 92  0.79705  9.51325e-03 |
92 variables; iteration 80; function evaluation 112; phase 3
Function value -7.8051440e+01; maximum gradient component mag 3.4441e+01
Var    Value     Gradient |Var    Value     Gradient |Var    Value     Gradient
  1  0.06958  3.44408e+01 |  2  0.01222  2.55978e+00 |  3  0.00685  1.17917e+00
  4 -0.01328  1.42154e-01 |  5 -0.01242  2.65626e-01 |  6 -0.01487 -4.20476e-01
  7 -0.01599 -7.94515e-01 |  8 -0.00325  2.14032e+00 |  9 -0.01255 -2.03854e-01
 10 -0.00876  5.73191e-01 | 11 -0.01198 -3.12014e-01 | 12 -0.01317 -7.09637e-01
 13 -0.01350 -9.04485e-01 | 14 -0.01079 -4.27165e-01 | 15 -0.01200 -8.67155e-01
 16 -0.00110  1.41365e+00 | 17 -0.00113  1.17411e+00 | 18  0.00421  2.12039e+00
 19 -0.01069 -1.36507e+00 | 20  0.00228  1.33476e+00 | 21  0.00158  1.07951e+00
 22 -0.00594 -5.63842e-01 | 23 -0.00400 -1.03899e-01 | 24  0.00543  2.28743e+00
 25 -0.00159  1.80057e+00 | 26 -0.00780  2.08599e+00 | 27 -0.01836  1.61672e+00
 28 -0.02498  2.25398e+00 | 29 -0.04545 -1.20823e+00 | 30 -0.04311  9.24582e-01
 31 -0.04428  1.59123e+00 | 32 -0.05339 -5.06757e-01 | 33 -0.04631  1.94999e+00
 34 -0.05637  8.44876e-01 | 35 -0.05935  5.66587e-01 | 36 -0.01227 -2.16190e+00
 37  0.07788 -7.57221e+00 | 38 -0.16836  1.95811e+00 | 39 -0.11618  4.33757e+00
 40 -0.04669  4.39380e+00 | 41 -0.05991 -1.23762e+00 | 42 -0.04383  1.65922e+00
 43 -0.03982  1.82536e+00 | 44 -0.03662  4.18596e+00 | 45 -0.04742  5.23632e+00
 46 -0.05765  6.26168e+00 | 47 -0.09063 -1.10712e+00 | 48 -0.05743  3.52092e+00
 49 -0.05316  4.74306e+00 | 50 -0.06099  7.64577e+00 | 51 -0.12863  2.44460e+00
 52 -0.11438  8.68224e+00 | 53 -0.14653  3.49527e+00 | 54 -0.09205  4.92888e+00
 55 -0.08924  4.07710e-01 | 56 -0.06587 -3.59007e+00 | 57 -0.03688 -7.67897e+00
 58 -0.06200 -1.06474e+01 | 59 -0.04720 -7.06668e+00 | 60 -0.09481 -7.06986e+00
 61 -0.08076 -6.75630e+00 | 62 -0.04814 -5.71378e+00 | 63 -0.10674 -5.95480e+00
 64 -0.11129 -6.58320e+00 | 65 -0.07897 -5.58278e+00 | 66 -0.09678 -5.65866e+00
 67 -0.07330  1.25137e+00 | 68 -0.08657 -1.47994e+00 | 69 -0.08398  1.62107e+00
 70 -0.14644  1.26737e+00 | 71 -0.17911 -1.51964e+00 | 72 -0.13172  6.29090e+00
 73 -0.09463 -9.73448e-01 | 74 -0.07519 -2.21181e-01 | 75 -0.07549 -9.08463e-01
 76 -0.07380 -6.19051e-01 | 77 -0.58699 -1.48311e+01 | 78 -0.66201 -6.23779e-03
 79 -0.03743  1.07428e-03 | 80  0.98518 -1.20279e+00 | 81 -0.21233 -2.33032e+00
 82 -0.66473 -5.42124e-03 | 83  0.05582  9.03254e+00 | 84  0.99987  3.37377e-02
 85  0.90509 -9.43810e-01 | 86 -0.08249 -8.15261e-01 | 87  0.20344  6.66471e+00
 88  0.96256  3.76021e-02 | 89 -0.77839  1.64062e-02 | 90  0.03860  3.67498e-04
 91  0.02701  1.32668e-04 | 92  0.71794  6.63155e-03 |
92 variables; iteration 100; function evaluation 152; phase 3
Function value -8.9147785e+01; maximum gradient component mag -5.5775e+02
Var    Value     Gradient |Var    Value     Gradient |Var    Value     Gradient
  1  0.07068 -5.57752e+02 |  2 -0.01022 -2.80408e+00 |  3 -0.01306 -3.56669e+00
  4 -0.02691 -3.08579e+00 |  5 -0.02624 -3.00780e+00 |  6 -0.01565 -5.49733e-01
  7 -0.01497 -5.09008e-01 |  8 -0.02272 -2.49248e+00 |  9 -0.01786 -1.44641e+00
 10 -0.01003  3.15010e-01 | 11 -0.02053 -2.25246e+00 | 12 -0.02308 -2.91922e+00
 13 -0.02001 -2.25407e+00 | 14 -0.04105 -7.26286e+00 | 15 -0.02710 -4.12656e+00
 16 -0.01429 -1.38063e+00 | 17  0.00961  3.68955e+00 | 18 -0.01538 -2.21240e+00
 19 -0.00487 -3.14730e-01 | 20  0.05707  1.17215e+01 | 21 -0.01835 -3.88696e+00
 22 -0.01221 -2.87696e+00 | 23  0.00836  1.02954e+00 | 24 -0.01954 -4.46913e+00
 25 -0.01764 -3.42308e+00 | 26 -0.03973 -6.97984e+00 | 27 -0.05132 -8.22673e+00
 28 -0.03665 -2.98951e+00 | 29 -0.04101 -2.10414e+00 | 30 -0.06409 -6.10387e+00
 31 -0.04086  2.20381e+00 | 32 -0.04750  2.20477e+00 | 33 -0.07114 -3.14863e+00
 34 -0.06195  3.13427e+00 | 35 -0.07286  3.33725e+00 | 36 -0.03843  7.03705e+00
 37  0.07333  9.05570e+00 | 38 -0.12270 -1.84750e+01 | 39 -0.10004 -1.05994e+01
 40 -0.07018 -5.15316e+00 | 41 -0.04738 -2.75298e+00 | 42 -0.04600 -4.99498e+00
 43 -0.04114 -6.43874e+00 | 44 -0.04383 -6.66102e+00 | 45 -0.06201 -7.07319e+00
 46 -0.11627 -1.43029e+01 | 47 -0.07795 -8.39627e+00 | 48 -0.05176 -6.08612e+00
 49 -0.07727 -5.07496e+00 | 50 -0.13685 -1.44960e+01 | 51 -0.11578 -9.54831e+00
 52 -0.18063 -1.99424e+01 | 53 -0.13096 -2.20187e+01 | 54 -0.10503 -3.74035e+01
 55 -0.08872 -3.67592e+01 | 56 -0.08820 -3.82031e+01 | 57 -0.05522 -3.72413e+01
 58 -0.05466 -2.98551e+01 | 59 -0.07832 -1.65966e+01 | 60 -0.10202 -1.33834e+01
 61 -0.07048 -1.90053e+01 | 62 -0.07792 -7.09039e+00 | 63 -0.12488  1.42429e+00
 64 -0.11615  4.01108e+00 | 65 -0.10349  1.62552e+01 | 66 -0.12177  2.41476e+01
 67 -0.12108  2.67487e+01 | 68 -0.07552  3.28445e+01 | 69 -0.11629  2.26790e+01
 70 -0.19229  7.61488e+00 | 71 -0.20481  4.72895e-01 | 72 -0.18255 -4.62653e+00
 73 -0.10595  3.63706e+00 | 74 -0.07884  8.13875e+00 | 75 -0.10311  8.77039e-01
 76 -0.10854  9.14135e-02 | 77 -0.38167 -1.42751e+01 | 78 -0.34632  2.11185e-02
 79 -0.06620  1.69216e+01 | 80  1.05169  1.08552e+00 | 81 -0.34012 -5.67744e+01
 82 -0.34210 -1.49865e-01 | 83 -0.11737  1.60077e+01 | 84  0.82892 -1.09782e+01
 85  1.14471  1.12659e+00 | 86 -0.08169 -8.86604e-01 | 87  0.19185 -5.50892e+00
 88  0.89384 -3.76964e-02 | 89 -0.81963 -1.08989e-02 | 90  0.02663  3.46389e-04
 91  0.02262  1.11912e-04 | 92  0.43736  2.58476e-03 |
92 variables; iteration 120; function evaluation 181; phase 3
Function value -9.3460443e+01; maximum gradient component mag 1.2968e+01
Var    Value     Gradient |Var    Value     Gradient |Var    Value     Gradient
  1  0.06983  7.90438e+00 |  2  0.00442  7.94095e-01 |  3 -0.00361 -1.21818e+00
  4 -0.01516 -1.57372e-01 |  5 -0.00954  1.15740e+00 |  6 -0.01121  6.90114e-01
  7 -0.01952 -1.39086e+00 |  8 -0.01624 -6.67370e-01 |  9 -0.01182  3.23579e-01
 10 -0.01202  1.95450e-01 | 11 -0.01094  3.76281e-01 | 12 -0.01197  5.36730e-02
 13 -0.01292 -2.54137e-01 | 14 -0.01164 -5.97896e-02 | 15 -0.01066  5.26545e-02
 16 -0.01007  3.30119e-02 | 17 -0.01025 -1.67370e-01 | 18 -0.00615  5.71913e-01
 19 -0.00975 -4.62150e-01 | 20 -0.00238  1.00641e+00 | 21 -0.00738 -3.07419e-01
 22 -0.00921 -8.43342e-01 | 23 -0.00869 -7.31645e-01 | 24 -0.00874 -4.13025e-01
 25 -0.01229 -1.99343e-01 | 26 -0.02108 -5.73123e-01 | 27 -0.03053 -8.47148e-01
 28 -0.03525  3.17444e-01 | 29 -0.04543 -2.38719e-01 | 30 -0.05270 -1.95879e-01
 31 -0.05625  9.01054e-01 | 32 -0.06487  4.70629e-01 | 33 -0.06885  1.31077e+00
 34 -0.07970  1.55827e+00 | 35 -0.08819  2.22933e+00 | 36 -0.06142  4.70558e+00
 37  0.04810  9.16431e+00 | 38 -0.04083 -1.17653e+00 | 39 -0.07709 -1.47881e+00
 40 -0.06479  1.04599e+00 | 41 -0.05915  2.71815e+00 | 42 -0.05902  2.87306e+00
 43 -0.05304  3.73239e+00 | 44 -0.05717  3.48336e+00 | 45 -0.07024  3.04434e+00
 46 -0.07941  2.89080e+00 | 47 -0.07930  3.94576e-01 | 48 -0.07460  1.52524e+00
 49 -0.09620  3.16800e+00 | 50 -0.11677  3.71642e+00 | 51 -0.14519  6.96016e-01
 52 -0.16058  2.27144e+00 | 53 -0.13312 -1.76162e+00 | 54 -0.09679 -4.31549e+00
 55 -0.10127 -5.31521e+00 | 56 -0.07508 -8.07304e+00 | 57 -0.06203 -8.63907e+00
 58 -0.05852 -7.80475e+00 | 59 -0.10161 -3.63716e+00 | 60 -0.10170 -2.22652e+00
 61 -0.05636 -4.99284e+00 | 62 -0.10441 -2.19576e+00 | 63 -0.13346 -2.30060e+00
 64 -0.10292 -2.42140e+00 | 65 -0.11497 -1.46419e+00 | 66 -0.13637 -6.17408e-01
 67 -0.12062  2.82689e+00 | 68 -0.07149  3.05181e+00 | 69 -0.15003  1.06700e+00
 70 -0.20189 -4.62740e-02 | 71 -0.19372 -4.30530e-01 | 72 -0.15065  1.52878e-01
 73 -0.11972 -5.54818e-01 | 74 -0.10632  9.51883e-01 | 75 -0.10836 -5.76373e-01
 76 -0.11053 -2.92453e-01 | 77 -0.36174  5.08817e+00 | 78 -0.53180 -2.40548e-03
 79 -0.07368 -2.07448e-01 | 80  1.08246  6.67894e-01 | 81 -0.35812  1.29682e+01
 82 -0.37898  7.01758e-03 | 83 -0.26429 -2.51642e+00 | 84  1.00224 -3.57044e-01
 85  1.17475  1.46961e+00 | 86  0.00868 -9.09048e-01 | 87  0.19719  4.74815e+00
 88  0.99458  2.92183e-01 | 89 -0.81927 -1.07405e-02 | 90  0.02128  1.34369e-04
 91  0.02052  1.01386e-04 | 92  0.36061  2.00003e-03 |
92 variables; iteration 140; function evaluation 201; phase 3
Function value -9.3782353e+01; maximum gradient component mag -6.9842e+00
Var    Value     Gradient |Var    Value     Gradient |Var    Value     Gradient
  1  0.06936 -6.98418e+00 |  2  0.00125  6.99937e-03 |  3  0.00141 -6.99824e-03
  4 -0.01443  5.21793e-03 |  5 -0.01423 -2.22629e-03 |  6 -0.01398 -2.48696e-03
  7 -0.01373 -1.13460e-02 |  8 -0.01337 -9.68522e-04 |  9 -0.01308 -1.09043e-02
 10 -0.01274 -1.36040e-02 | 11 -0.01239 -1.26983e-02 | 12 -0.01204 -9.76147e-03
 13 -0.01168 -1.12770e-02 | 14 -0.01121 -1.25447e-02 | 15 -0.01069 -1.19660e-02
 16 -0.01001 -2.90398e-03 | 17 -0.00947 -2.30612e-02 | 18 -0.00869 -1.89276e-02
 19 -0.00787 -2.87214e-02 | 20 -0.00724 -3.42037e-02 | 21 -0.00636 -1.69126e-02
 22 -0.00590 -3.23150e-02 | 23 -0.00612 -6.02237e-02 | 24 -0.00762 -4.32942e-02
 25 -0.01208 -4.25001e-02 | 26 -0.01913 -5.50153e-02 | 27 -0.02720 -6.69063e-02
 28 -0.03590 -6.78629e-02 | 29 -0.04316 -4.97874e-02 | 30 -0.04989 -6.58299e-02
 31 -0.05641 -4.96149e-02 | 32 -0.06305 -5.51056e-02 | 33 -0.06929 -5.26087e-02
 34 -0.08048 -7.10520e-02 | 35 -0.08950 -6.56062e-02 | 36 -0.06520 -1.15138e-01
 37  0.04106 -1.66842e-01 | 38 -0.02891 -5.36734e-03 | 39 -0.06308 -4.09724e-02
 40 -0.05895 -4.95818e-02 | 41 -0.05929 -5.89174e-02 | 42 -0.06020 -4.21102e-02
 43 -0.05799 -6.07031e-02 | 44 -0.06071 -1.96386e-02 | 45 -0.07203 -3.12102e-02
 46 -0.08078  2.44225e-04 | 47 -0.06871 -1.35594e-02 | 48 -0.06926  1.03591e-02
 49 -0.09956  3.05665e-02 | 50 -0.12055  3.85914e-02 | 51 -0.14158  5.49359e-03
 52 -0.16562  3.98665e-02 | 53 -0.13016  1.04768e-02 | 54 -0.09427 -1.31706e-02
 55 -0.10082 -3.00357e-02 | 56 -0.07268 -8.42863e-02 | 57 -0.06087 -1.10232e-01
 58 -0.05625 -1.64906e-01 | 59 -0.10240 -1.22006e-01 | 60 -0.10463 -1.25993e-01
 61 -0.05172 -1.65112e-01 | 62 -0.10707 -1.86824e-01 | 63 -0.13161 -1.14229e-01
 64 -0.10162 -1.21712e-01 | 65 -0.11465 -1.57298e-01 | 66 -0.13335 -1.11039e-01
 67 -0.12481 -1.10680e-01 | 68 -0.07045 -4.89081e-02 | 69 -0.14956 -1.20607e-01
 70 -0.20029 -4.66098e-02 | 71 -0.19149 -1.83935e-02 | 72 -0.15020 -7.42306e-03
 73 -0.11649  1.08643e-02 | 74 -0.10972  1.23394e-02 | 75 -0.10550  1.57637e-02
 76 -0.10889  1.20595e-02 | 77 -0.36410 -1.74041e-01 | 78 -0.47924  4.19050e-05
 79 -0.08069  8.08354e-02 | 80  1.02404  3.61652e-02 | 81 -0.36407 -4.72263e-01
 82 -0.42101 -4.53345e-04 | 83 -0.29415  2.04387e-01 | 84  1.02049 -5.62763e-02
 85  1.01529 -2.61564e-02 | 86  0.06013  2.80835e-04 | 87  0.20004  3.24633e-01
 88  0.87205  1.54131e-02 | 89 -0.79201 -9.93298e-03 | 90 -0.00341 -4.68585e-06
 91  0.01413  7.00953e-05 | 92  0.25222  1.31436e-03 |
92 variables; iteration 160; function evaluation 222; phase 3
Function value -9.3787234e+01; maximum gradient component mag -8.5228e+00
Var    Value     Gradient |Var    Value     Gradient |Var    Value     Gradient
  1  0.06938 -8.52275e+00 |  2  0.00122  3.59979e-04 |  3  0.00152  2.16751e-02
  4 -0.01444  3.45735e-03 |  5 -0.01426 -6.50484e-03 |  6 -0.01396  5.23674e-03
  7 -0.01364  1.35435e-02 |  8 -0.01340 -2.66903e-03 |  9 -0.01306 -1.17168e-03
 10 -0.01266  1.35282e-02 | 11 -0.01234  6.85631e-03 | 12 -0.01205 -2.74662e-03
 13 -0.01174 -1.19651e-02 | 14 -0.01127 -1.26891e-02 | 15 -0.01061  2.21295e-02
 16 -0.01000  2.05705e-02 | 17 -0.00942  1.10234e-02 | 18 -0.00877 -1.17858e-02
 19 -0.00789 -3.53491e-03 | 20 -0.00692  7.17359e-02 | 21 -0.00657 -2.60438e-02
 22 -0.00589  1.35124e-02 | 23 -0.00587  4.44833e-02 | 24 -0.00774 -1.35620e-02
 25 -0.01207  2.13797e-02 | 26 -0.01904  2.62080e-02 | 27 -0.02721 -1.20563e-02
 28 -0.03569  3.68402e-02 | 29 -0.04305  1.42843e-02 | 30 -0.04979 -2.03667e-02
 31 -0.05627 -1.20622e-02 | 32 -0.06293 -4.21904e-02 | 33 -0.06920 -6.71024e-02
 34 -0.08045 -1.29245e-01 | 35 -0.08934 -1.28220e-01 | 36 -0.06571 -4.21461e-01
 37  0.04090 -4.23264e-01 | 38 -0.02869 -1.39185e-01 | 39 -0.06308 -1.79127e-01
 40 -0.05868 -1.38779e-01 | 41 -0.05932 -2.36714e-01 | 42 -0.06011 -1.95540e-01
 43 -0.05793 -2.12507e-01 | 44 -0.06082 -1.85828e-01 | 45 -0.07179 -8.25315e-02
 46 -0.08097 -1.09821e-01 | 47 -0.06908 -1.15921e-01 | 48 -0.06889  1.42216e-01
 49 -0.09947  1.60547e-01 | 50 -0.12052  1.30186e-01 | 51 -0.14154  6.92379e-02
 52 -0.16564  6.56801e-02 | 53 -0.13013 -7.66017e-03 | 54 -0.09414 -3.98066e-02
 55 -0.10089 -8.58719e-02 | 56 -0.07294 -1.52288e-01 | 57 -0.06071 -7.08304e-02
 58 -0.05617 -1.90885e-01 | 59 -0.10249 -2.26460e-01 | 60 -0.10481 -2.51660e-01
 61 -0.05149 -2.32698e-01 | 62 -0.10722 -2.50622e-01 | 63 -0.13150 -9.34964e-02
 64 -0.10167 -1.20410e-01 | 65 -0.11480 -6.78246e-02 | 66 -0.13346  2.19270e-02
 67 -0.12486  2.54864e-02 | 68 -0.07054  2.31695e-03 | 69 -0.14925  2.02842e-03
 70 -0.20028  1.44315e-02 | 71 -0.19158 -8.93650e-03 | 72 -0.15030 -1.20588e-02
 73 -0.11664  6.79856e-03 | 74 -0.10984  1.31222e-02 | 75 -0.10556  2.74553e-02
 76 -0.10908 -7.31837e-03 | 77 -0.36382 -2.13585e-02 | 78 -0.47260  5.45452e-04
 79 -0.08043  1.26263e-01 | 80  1.01816 -2.38678e-02 | 81 -0.36730 -1.04573e+00
 82 -0.46026 -2.02408e-03 | 83 -0.31376  2.50914e-01 | 84  1.03551  4.32068e-02
 85  1.01635 -1.31413e-02 | 86  0.03647 -4.21563e-02 | 87  0.19999 -2.33467e-01
 88  0.49808  3.05320e-03 | 89 -0.77614 -2.34343e-02 | 90 -0.00861 -4.24819e-05
 91 -0.01423 -6.93364e-05 | 92 -0.27289 -1.43573e-03 |
  ic > imax  in fminim is answer attained ?
Var    Value     Gradient |Var    Value     Gradient |Var    Value     Gradient
  1  0.06946  2.50746e+01 |  2  0.00126  1.76265e-02 |  3  0.00111 -6.88344e-02
  4 -0.01446  9.23335e-03 |  5 -0.01411  4.17132e-02 |  6 -0.01400  9.93528e-03
  7 -0.01391 -3.36325e-02 |  8 -0.01344  9.35303e-03 |  9 -0.01314  5.64340e-03
 10 -0.01282  3.00184e-03 | 11 -0.01243  2.00379e-02 | 12 -0.01201  4.56109e-02
 13 -0.01168  4.83394e-02 | 14 -0.01119  6.12336e-02 | 15 -0.01078  4.58402e-02
 16 -0.00995  1.03476e-01 | 17 -0.00961  5.37260e-02 | 18 -0.00857  1.32452e-01
 19 -0.00780  1.23321e-01 | 20 -0.00757  4.52409e-02 | 21 -0.00606  2.21668e-01
 22 -0.00596  1.48407e-01 | 23 -0.00650  7.51932e-02 | 24 -0.00749  2.32898e-01
 25 -0.01197  2.56015e-01 | 26 -0.01929  1.99212e-01 | 27 -0.02717  2.58567e-01
 28 -0.03609  2.28209e-01 | 29 -0.04306  3.57473e-01 | 30 -0.04969  4.18119e-01
 31 -0.05647  4.12763e-01 | 32 -0.06307  4.96073e-01 | 33 -0.06919  6.29017e-01
 34 -0.08022  7.23727e-01 | 35 -0.08954  6.86419e-01 | 36 -0.06427  1.26000e+00
 37  0.04022  2.38997e+00 | 38 -0.02953  1.59036e+00 | 39 -0.06320  1.35469e+00
 40 -0.05960  1.32378e+00 | 41 -0.05936  1.53029e+00 | 42 -0.06045  1.52812e+00
 43 -0.05791  1.61169e+00 | 44 -0.06038  1.64325e+00 | 45 -0.07189  1.42638e+00
 46 -0.08029  1.44844e+00 | 47 -0.06850  1.50925e+00 | 48 -0.07071  1.20150e+00
 49 -0.10067  8.19593e-01 | 50 -0.12079  4.97621e-01 | 51 -0.14145  1.93709e-01
 52 -0.16572 -1.89589e-02 | 53 -0.13016 -1.82259e-01 | 54 -0.09430 -4.84423e-01
 55 -0.10081 -5.86263e-01 | 56 -0.07288 -9.86071e-01 | 57 -0.06145 -1.35205e+00
 58 -0.05585 -1.35722e+00 | 59 -0.10245 -1.06513e+00 | 60 -0.10443 -1.01258e+00
 61 -0.05202 -1.82311e+00 | 62 -0.10675 -1.18155e+00 | 63 -0.13157 -8.78393e-01
 64 -0.10171 -1.06188e+00 | 65 -0.11488 -8.80369e-01 | 66 -0.13337 -5.66603e-01
 67 -0.12563 -7.16233e-01 | 68 -0.07037 -8.15399e-01 | 69 -0.14885 -3.24155e-01
 70 -0.20031 -1.61108e-01 | 71 -0.19193 -1.72034e-01 | 72 -0.15041 -2.51095e-03
 73 -0.11680  8.42288e-03 | 74 -0.10986  5.27985e-02 | 75 -0.10591 -1.69581e-02
 76 -0.10908  3.00208e-02 | 77 -0.36441  2.76475e-01 | 78 -0.43673  4.48448e-03
 79 -0.08114 -2.65860e-01 | 80  1.02140 -6.11232e-04 | 81 -0.37317  2.72450e+00
 82 -0.48272 -2.14456e-03 | 83 -0.35528 -2.25114e-01 | 84  1.02916 -6.22982e-02
 85  1.01871  2.77570e-02 | 86  0.03703 -1.52332e+00 | 87  0.20021  1.17227e-01
 88  0.01589 -3.33073e-04 | 89 -0.75828  5.72059e-01 | 90 -0.00830 -3.87580e-05
 91 -0.03962  1.13793e-03 | 92 -0.69081 -5.94497e-03 |
Function minimizer not making progress ... is minimum attained?
Minimprove criterion = 0.0000e+00

 - final statistics:
92 variables; iteration 172; function evaluation 268
Function value nan; maximum gradient component mag 2.5075e+01
Exit code = 1;  converg criter 1.0000e-04
Var    Value     Gradient |Var    Value     Gradient |Var    Value     Gradient
  1  0.06946  2.50746e+01 |  2  0.00126  1.76265e-02 |  3  0.00111 -6.88344e-02
  4 -0.01446  9.23335e-03 |  5 -0.01411  4.17132e-02 |  6 -0.01400  9.93528e-03
  7 -0.01391 -3.36325e-02 |  8 -0.01344  9.35303e-03 |  9 -0.01314  5.64340e-03
 10 -0.01282  3.00184e-03 | 11 -0.01243  2.00379e-02 | 12 -0.01201  4.56109e-02
 13 -0.01168  4.83394e-02 | 14 -0.01119  6.12336e-02 | 15 -0.01078  4.58402e-02
 16 -0.00995  1.03476e-01 | 17 -0.00961  5.37260e-02 | 18 -0.00857  1.32452e-01
 19 -0.00780  1.23321e-01 | 20 -0.00757  4.52409e-02 | 21 -0.00606  2.21668e-01
 22 -0.00596  1.48407e-01 | 23 -0.00650  7.51932e-02 | 24 -0.00749  2.32898e-01
 25 -0.01197  2.56015e-01 | 26 -0.01929  1.99212e-01 | 27 -0.02717  2.58567e-01
 28 -0.03609  2.28209e-01 | 29 -0.04306  3.57473e-01 | 30 -0.04969  4.18119e-01
 31 -0.05647  4.12763e-01 | 32 -0.06307  4.96073e-01 | 33 -0.06919  6.29017e-01
 34 -0.08022  7.23727e-01 | 35 -0.08954  6.86419e-01 | 36 -0.06427  1.26000e+00
 37  0.04022  2.38997e+00 | 38 -0.02953  1.59036e+00 | 39 -0.06320  1.35469e+00
 40 -0.05960  1.32378e+00 | 41 -0.05936  1.53029e+00 | 42 -0.06045  1.52812e+00
 43 -0.05791  1.61169e+00 | 44 -0.06038  1.64325e+00 | 45 -0.07189  1.42638e+00
 46 -0.08029  1.44844e+00 | 47 -0.06850  1.50925e+00 | 48 -0.07071  1.20150e+00
 49 -0.10067  8.19593e-01 | 50 -0.12079  4.97621e-01 | 51 -0.14145  1.93709e-01
 52 -0.16572 -1.89589e-02 | 53 -0.13016 -1.82259e-01 | 54 -0.09430 -4.84423e-01
 55 -0.10081 -5.86263e-01 | 56 -0.07288 -9.86071e-01 | 57 -0.06145 -1.35205e+00
 58 -0.05585 -1.35722e+00 | 59 -0.10245 -1.06513e+00 | 60 -0.10443 -1.01258e+00
 61 -0.05202 -1.82311e+00 | 62 -0.10675 -1.18155e+00 | 63 -0.13157 -8.78393e-01
 64 -0.10171 -1.06188e+00 | 65 -0.11488 -8.80369e-01 | 66 -0.13337 -5.66603e-01
 67 -0.12563 -7.16233e-01 | 68 -0.07037 -8.15399e-01 | 69 -0.14885 -3.24155e-01
 70 -0.20031 -1.61108e-01 | 71 -0.19193 -1.72034e-01 | 72 -0.15041 -2.51095e-03
 73 -0.11680  8.42288e-03 | 74 -0.10986  5.27985e-02 | 75 -0.10591 -1.69581e-02
 76 -0.10908  3.00208e-02 | 77 -0.36441  2.76475e-01 | 78 -0.43673  4.48448e-03
 79 -0.08114 -2.65860e-01 | 80  1.02140 -6.11232e-04 | 81 -0.37317  2.72450e+00
 82 -0.48272 -2.14456e-03 | 83 -0.35528 -2.25114e-01 | 84  1.02916 -6.22982e-02
 85  1.01871  2.77570e-02 | 86  0.03703 -1.52332e+00 | 87  0.20021  1.17227e-01
 88  0.01589 -3.33073e-04 | 89 -0.75828  5.72059e-01 | 90 -0.00830 -3.87580e-05
 91 -0.03962  1.13793e-03 | 92 -0.69081 -5.94497e-03 |

Initial statistics: 93 variables; iteration 0; function evaluation 0; phase 4
Function value -9.3795542e+01; maximum gradient component mag 2.4031e+01
Var    Value     Gradient |Var    Value     Gradient |Var    Value     Gradient
  1  0.06946  2.40311e+01 |  2  0.00126  1.70211e-02 |  3  0.00111 -6.90420e-02
  4 -0.01446  8.85784e-03 |  5 -0.01411  4.10541e-02 |  6 -0.01400  8.92664e-03
  7 -0.01391 -3.49262e-02 |  8 -0.01344  7.76915e-03 |  9 -0.01314  3.86399e-03
 10 -0.01282  1.59192e-03 | 11 -0.01243  1.87892e-02 | 12 -0.01201  4.35275e-02
 13 -0.01168  4.48481e-02 | 14 -0.01119  5.77875e-02 | 15 -0.01078  4.39052e-02
 16 -0.00995  1.01928e-01 | 17 -0.00961  4.92172e-02 | 18 -0.00857  1.25711e-01
 19 -0.00780  1.19349e-01 | 20 -0.00757  3.83427e-02 | 21 -0.00606  2.12871e-01
 22 -0.00596  1.39109e-01 | 23 -0.00650  6.49605e-02 | 24 -0.00749  2.19694e-01
 25 -0.01197  2.44104e-01 | 26 -0.01929  1.87094e-01 | 27 -0.02717  2.42698e-01
 28 -0.03609  2.10964e-01 | 29 -0.04306  3.41816e-01 | 30 -0.04969  3.99097e-01
 31 -0.05647  3.93843e-01 | 32 -0.06307  4.74296e-01 | 33 -0.06919  6.04993e-01
 34 -0.08022  6.96154e-01 | 35 -0.08954  6.58759e-01 | 36 -0.06427  1.21747e+00
 37  0.04022  2.28866e+00 | 38 -0.02953  1.53667e+00 | 39 -0.06320  1.30752e+00
 40 -0.05960  1.27089e+00 | 41 -0.05936  1.47677e+00 | 42 -0.06045  1.47162e+00
 43 -0.05791  1.55249e+00 | 44 -0.06038  1.58332e+00 | 45 -0.07189  1.37127e+00
 46 -0.08029  1.39438e+00 | 47 -0.06850  1.44557e+00 | 48 -0.07071  1.13932e+00
 49 -0.10067  7.71664e-01 | 50 -0.12079  4.63743e-01 | 51 -0.14145  1.73405e-01
 52 -0.16572 -2.61778e-02 | 53 -0.13016 -1.84394e-01 | 54 -0.09430 -4.75590e-01
 55 -0.10081 -5.67232e-01 | 56 -0.07288 -9.54152e-01 | 57 -0.06145 -1.30368e+00
 58 -0.05585 -1.30876e+00 | 59 -0.10245 -1.02235e+00 | 60 -0.10443 -9.70654e-01
 61 -0.05202 -1.75503e+00 | 62 -0.10675 -1.13346e+00 | 63 -0.13157 -8.37032e-01
 64 -0.10171 -1.01802e+00 | 65 -0.11488 -8.34378e-01 | 66 -0.13337 -5.20570e-01
 67 -0.12563 -6.78548e-01 | 68 -0.07037 -7.66518e-01 | 69 -0.14885 -2.97035e-01
 70 -0.20031 -1.49962e-01 | 71 -0.19193 -1.68192e-01 | 72 -0.15041 -3.06529e-03
 73 -0.11680  8.88647e-03 | 74 -0.10986  5.24984e-02 | 75 -0.10591 -1.68784e-02
 76 -0.10908  2.87488e-02 | 77  0.00000  0.00000e+00 | 78 -0.36441  2.71011e-01
 79 -0.43673  4.38436e-03 | 80 -0.08114 -2.63467e-01 | 81  0.97860 -2.04588e-04
 82 -0.37317  2.57951e+00 | 83 -0.48272 -2.15734e-03 | 84 -0.35528 -2.08596e-01
 85  0.97084  5.97681e-02 | 86  0.98129 -2.50573e-02 | 87  0.03703 -1.16267e+00
 88  0.20021  1.55437e-01 | 89  0.01589 -1.60960e-04 | 90 -0.75828  7.00394e-01
 91 -0.00830 -4.09210e-05 | 92 -0.03962  1.42684e-03 | 93 -0.69081 -5.95152e-03

Intermediate statistics: 93 variables; iteration 20; function evaluation 23; phase 4
Function value -9.3797013e+01; maximum gradient component mag -1.3523e+01
Var    Value     Gradient |Var    Value     Gradient |Var    Value     Gradient
  1  0.06942 -1.35230e+01 |  2  0.00123  6.51646e-03 |  3  0.00136 -1.20846e-02
  4 -0.01445  5.69334e-03 |  5 -0.01420  1.37967e-02 |  6 -0.01397  7.58663e-03
  7 -0.01373 -1.12381e-03 |  8 -0.01339  9.91954e-03 |  9 -0.01306  1.06411e-02
 10 -0.01272  1.19949e-02 | 11 -0.01236  1.81107e-02 | 12 -0.01201  2.63566e-02
 13 -0.01166  2.97811e-02 | 14 -0.01118  3.65839e-02 | 15 -0.01069  3.78558e-02
 16 -0.01001  5.67070e-02 | 17 -0.00945  4.98480e-02 | 18 -0.00862  7.38412e-02
 19 -0.00778  7.87308e-02 | 20 -0.00724  6.60851e-02 | 21 -0.00627  1.15056e-01
 22 -0.00585  1.06061e-01 | 23 -0.00606  9.70246e-02 | 24 -0.00751  1.41657e-01
 25 -0.01200  1.52301e-01 | 26 -0.01907  1.39211e-01 | 27 -0.02707  1.48630e-01
 28 -0.03581  1.35404e-01 | 29 -0.04304  1.52275e-01 | 30 -0.04969  1.50687e-01
 31 -0.05628  1.35761e-01 | 32 -0.06289  1.36257e-01 | 33 -0.06912  1.52045e-01
 34 -0.08022  1.71497e-01 | 35 -0.08922  1.76758e-01 | 36 -0.06472  2.31465e-01
 37  0.04027  2.46670e-01 | 38 -0.02949  3.20472e-01 | 39 -0.06331  2.38108e-01
 40 -0.05924  2.24087e-01 | 41 -0.05939  2.59078e-01 | 42 -0.06031  2.57464e-01
 43 -0.05790  2.82318e-01 | 44 -0.06063  3.04983e-01 | 45 -0.07191  2.77129e-01
 46 -0.08074  3.06574e-01 | 47 -0.06878  3.52237e-01 | 48 -0.07005  3.14459e-01
 49 -0.10028  2.29911e-01 | 50 -0.12071  1.44083e-01 | 51 -0.14142  1.06849e-01
 52 -0.16567  1.00937e-01 | 53 -0.13005  1.31878e-01 | 54 -0.09402  5.49264e-02
 55 -0.10080 -1.16607e-01 | 56 -0.07284 -5.00927e-01 | 57 -0.06115 -9.25151e-01
 58 -0.05606 -1.17427e+00 | 59 -0.10219 -8.88752e-01 | 60 -0.10450 -9.25098e-01
 61 -0.05172 -1.72273e+00 | 62 -0.10681 -1.26374e+00 | 63 -0.13169 -1.04291e+00
 64 -0.10162 -1.24624e+00 | 65 -0.11478 -9.88010e-01 | 66 -0.13359 -6.60944e-01
 67 -0.12518 -5.83613e-01 | 68 -0.07029 -8.20329e-01 | 69 -0.14897 -4.14767e-01
 70 -0.20037 -2.19306e-01 | 71 -0.19177 -1.24891e-01 | 72 -0.15033  3.25133e-02
 73 -0.11666  6.50558e-02 | 74 -0.10986  6.72043e-02 | 75 -0.10570  4.92614e-02
 76 -0.10900  6.80425e-02 | 77  0.00000  0.00000e+00 | 78 -0.36426 -1.41647e+00
 79 -0.43720  3.86994e-03 | 80 -0.08079  7.41762e-01 | 81  0.97936 -1.86422e-02
 82 -0.37401 -4.71914e+00 | 83 -0.48245 -2.56835e-03 | 84 -0.36244  6.04374e-01
 85  0.97167 -1.88191e-02 | 86  0.98292 -1.11599e-02 | 87  0.03699 -2.60991e+00
 88  0.20003 -2.99460e-01 | 89  0.01582 -1.07541e-03 | 90 -0.75821 -5.14480e-01
 91 -0.00830 -4.09059e-05 | 92 -0.03997  1.98346e-03 | 93 -0.69015 -5.93652e-03
93 variables; iteration 40; function evaluation 46; phase 4
Function value -9.3798401e+01; maximum gradient component mag -1.6090e+01
Var    Value     Gradient |Var    Value     Gradient |Var    Value     Gradient
  1  0.06941 -1.60903e+01 |  2  0.00119 -8.13236e-03 |  3  0.00158  3.37000e-02
  4 -0.01446 -3.95394e-03 |  5 -0.01429 -1.89406e-02 |  6 -0.01397 -3.61904e-03
  7 -0.01361  1.60393e-02 |  8 -0.01337 -2.68284e-03 |  9 -0.01302 -1.01377e-03
 10 -0.01267 -7.78754e-04 | 11 -0.01235 -7.58173e-03 | 12 -0.01204 -1.56626e-02
 13 -0.01168 -1.61817e-02 | 14 -0.01121 -2.03307e-02 | 15 -0.01069 -2.22493e-02
 16 -0.01008 -3.05324e-02 | 17 -0.00947 -3.84546e-02 | 18 -0.00870 -3.90434e-02
 19 -0.00785 -4.69507e-02 | 20 -0.00729 -7.01200e-02 | 21 -0.00636 -4.71217e-02
 22 -0.00592 -7.01719e-02 | 23 -0.00607 -8.85653e-02 | 24 -0.00760 -8.29570e-02
 25 -0.01208 -8.86981e-02 | 26 -0.01909 -9.98073e-02 | 27 -0.02715 -1.15122e-01
 28 -0.03581 -1.20002e-01 | 29 -0.04300 -9.99699e-02 | 30 -0.04973 -1.32996e-01
 31 -0.05630 -1.51132e-01 | 32 -0.06278 -1.22035e-01 | 33 -0.06919 -1.74304e-01
 34 -0.08022 -1.41775e-01 | 35 -0.08926 -1.51303e-01 | 36 -0.06502 -2.11344e-01
 37  0.04033 -4.86363e-01 | 38 -0.02933 -2.80053e-01 | 39 -0.06332 -2.26317e-01
 40 -0.05941 -3.15889e-01 | 41 -0.05947 -2.73307e-01 | 42 -0.06030 -2.65269e-01
 43 -0.05795 -2.77045e-01 | 44 -0.06071 -2.58519e-01 | 45 -0.07194 -2.37109e-01
 46 -0.08085 -2.07435e-01 | 47 -0.06896 -2.55336e-01 | 48 -0.06988 -2.20975e-01
 49 -0.10019 -1.45950e-01 | 50 -0.12051 -6.92384e-02 | 51 -0.14143 -9.05304e-02
 52 -0.16559 -2.81169e-02 | 53 -0.13024 -1.69259e-01 | 54 -0.09391 -1.44228e-01
 55 -0.10102 -2.08748e-01 | 56 -0.07300 -2.70815e-01 | 57 -0.06085 -2.29802e-01
 58 -0.05598 -2.95771e-01 | 59 -0.10241 -2.55979e-01 | 60 -0.10464 -1.61452e-01
 61 -0.05158 -2.35741e-01 | 62 -0.10678 -1.41864e-01 | 63 -0.13168 -7.02327e-02
 64 -0.10138  2.88007e-03 | 65 -0.11481 -6.73725e-03 | 66 -0.13389 -7.01623e-03
 67 -0.12506  1.33387e-01 | 68 -0.07029  1.05734e-01 | 69 -0.14895  3.55976e-02
 70 -0.20039  2.49237e-04 | 71 -0.19138  1.32806e-01 | 72 -0.15044  1.40800e-02
 73 -0.11670  3.86750e-02 | 74 -0.11000  1.95308e-02 | 75 -0.10566  4.29142e-02
 76 -0.10908  2.79917e-02 | 77  0.00000  0.00000e+00 | 78 -0.36412 -3.68097e-01
 79 -0.44697  2.83769e-03 | 80 -0.08081  1.40782e-01 | 81  0.97853 -1.69403e-02
 82 -0.37549 -3.77716e+00 | 83 -0.47625 -2.54684e-03 | 84 -0.37601  4.45764e-01
 85  0.97241 -3.47301e-02 | 86  0.98269  2.17698e-03 | 87  0.03706  6.29894e-01
 88  0.20000  2.30326e-01 | 89  0.01474  1.48095e-06 | 90 -0.75808  2.55120e-02
 91 -0.00819 -4.03941e-05 | 92 -0.04990  6.17226e-03 | 93 -0.67536 -5.61700e-03
93 variables; iteration 60; function evaluation 77; phase 4
Function value -9.3800098e+01; maximum gradient component mag 3.3150e+01
Var    Value     Gradient |Var    Value     Gradient |Var    Value     Gradient
  1  0.06939 -9.91715e+00 |  2  0.00126  9.51505e-03 |  3  0.00094 -1.21668e-01
  4 -0.01449 -1.14790e-02 |  5 -0.01411  2.53755e-02 |  6 -0.01406 -2.29708e-02
  7 -0.01399 -7.68295e-02 |  8 -0.01352 -3.66635e-02 |  9 -0.01321 -4.36089e-02
 10 -0.01286 -4.26110e-02 | 11 -0.01247 -3.26425e-02 | 12 -0.01212 -2.92271e-02
 13 -0.01176 -2.75434e-02 | 14 -0.01127 -2.42264e-02 | 15 -0.01066 -2.39321e-03
 16 -0.01015 -2.78260e-02 | 17 -0.00938  5.72781e-03 | 18 -0.00871 -1.36403e-02
 19 -0.00784 -9.14427e-03 | 20 -0.00737 -4.63271e-02 | 21 -0.00626  2.53096e-02
 22 -0.00583  8.75680e-03 | 23 -0.00581  3.84937e-02 | 24 -0.00756  7.89998e-03
 25 -0.01192  4.34190e-02 | 26 -0.01893  4.88194e-02 | 27 -0.02689  7.47866e-02
 28 -0.03553  9.73347e-02 | 29 -0.04337 -3.53683e-02 | 30 -0.04981  3.46866e-02
 31 -0.05592  1.82008e-01 | 32 -0.06310  5.38771e-02 | 33 -0.06891  2.50317e-01
 34 -0.07992  3.34039e-01 | 35 -0.08919  2.68115e-01 | 36 -0.06517  3.37126e-01
 37  0.04017  1.20868e+00 | 38 -0.02950  8.41618e-01 | 39 -0.06339  6.41939e-01
 40 -0.05822  9.62950e-01 | 41 -0.05955  7.06123e-01 | 42 -0.06053  7.13655e-01
 43 -0.05821  7.44741e-01 | 44 -0.06089  7.93326e-01 | 45 -0.07198  8.02353e-01
 46 -0.08080  8.29064e-01 | 47 -0.06938  8.32366e-01 | 48 -0.06941  1.11406e+00
 49 -0.09992  8.75150e-01 | 50 -0.12037  5.75156e-01 | 51 -0.14137  1.41773e-01
 52 -0.16561 -9.26491e-02 | 53 -0.12984 -3.84450e-01 | 54 -0.09429 -9.62881e-01
 55 -0.10065 -9.39338e-01 | 56 -0.07271 -1.30145e+00 | 57 -0.06121 -1.60354e+00
 58 -0.05564 -1.66459e+00 | 59 -0.10187 -1.21820e+00 | 60 -0.10515 -1.42088e+00
 61 -0.05152 -1.89496e+00 | 62 -0.10601 -1.00318e+00 | 63 -0.13169 -9.10758e-01
 64 -0.10170 -1.08526e+00 | 65 -0.11431 -6.85480e-01 | 66 -0.13363 -5.38327e-01
 67 -0.12587 -6.53948e-01 | 68 -0.06980 -6.29334e-01 | 69 -0.14896 -3.81756e-01
 70 -0.19986 -1.44055e-02 | 71 -0.19190 -1.48553e-01 | 72 -0.14969  2.25118e-01
 73 -0.11672  3.90957e-02 | 74 -0.10991  4.86187e-02 | 75 -0.10585  1.50801e-03
 76 -0.10912  2.39201e-02 | 77  0.00000  0.00000e+00 | 78 -0.36400 -2.77434e-01
 79 -0.48750 -4.45520e-04 | 80 -0.08063  2.01851e-01 | 81  0.98132  1.36430e-02
 82 -0.37845 -6.68933e+00 | 83 -0.44466 -1.83830e-03 | 84 -0.40523  6.39055e-01
 85  0.97511 -1.66058e-03 | 86  0.98208  3.33530e-03 | 87  0.03710  1.80488e+00
 88  0.19997 -7.06927e-02 | 89  0.01947 -5.66761e-04 | 90 -0.75797  3.31501e+01
 91 -0.00766 -3.76429e-05 | 92 -0.12465  1.96535e-02 | 93 -0.60063 -4.33308e-03
93 variables; iteration 80; function evaluation 112; phase 4
Function value -9.3808529e+01; maximum gradient component mag 1.9616e+03
Var    Value     Gradient |Var    Value     Gradient |Var    Value     Gradient
  1  0.06945  9.01049e+00 |  2  0.00133  4.12008e-02 |  3  0.00149  3.30380e-02
  4 -0.01447  1.75417e-02 |  5 -0.01431  5.18565e-03 |  6 -0.01410  6.50313e-04
  7 -0.01368  4.35205e-02 |  8 -0.01347  2.76850e-02 |  9 -0.01295  8.20872e-02
 10 -0.01233  1.59101e-01 | 11 -0.01198  1.73000e-01 | 12 -0.01177  1.55381e-01
 13 -0.01129  2.02514e-01 | 14 -0.01080  2.26260e-01 | 15 -0.01050  2.00597e-01
 16 -0.00957  2.97779e-01 | 17 -0.01005  6.84831e-02 | 18 -0.00832  3.23492e-01
 19 -0.00788  2.57546e-01 | 20 -0.00729  2.76243e-01 | 21 -0.00625  3.67905e-01
 22 -0.00659  2.29428e-01 | 23 -0.00608  4.19718e-01 | 24 -0.00641  7.60600e-01
 25 -0.01239  4.77518e-01 | 26 -0.01981  4.11515e-01 | 27 -0.02826  3.37123e-01
 28 -0.03570  6.99455e-01 | 29 -0.04124  1.24681e+00 | 30 -0.04966  8.02177e-01
 31 -0.05685  6.57473e-01 | 32 -0.06238  1.05669e+00 | 33 -0.06889  1.09073e+00
 34 -0.08049  9.76148e-01 | 35 -0.08925  1.10817e+00 | 36 -0.06526  1.60581e+00
 37  0.03908  4.28159e+00 | 38 -0.02955  3.06623e+00 | 39 -0.06556  1.70950e+00
 40 -0.06053  2.16676e+00 | 41 -0.05917  2.76365e+00 | 42 -0.05968  2.97170e+00
 43 -0.05814  2.88124e+00 | 44 -0.06134  2.78214e+00 | 45 -0.07266  2.63836e+00
 46 -0.08148  2.62675e+00 | 47 -0.06914  3.09816e+00 | 48 -0.07102  3.00356e+00
 49 -0.10082  2.27590e+00 | 50 -0.12065  1.48360e+00 | 51 -0.14153  6.16901e-01
 52 -0.16556  1.81609e-01 | 53 -0.12988 -2.86018e-01 | 54 -0.09414 -1.21676e+00
 55 -0.10076 -1.73926e+00 | 56 -0.07293 -2.87273e+00 | 57 -0.06150 -3.84848e+00
 58 -0.05562 -4.37751e+00 | 59 -0.10221 -3.37899e+00 | 60 -0.10508 -3.57280e+00
 61 -0.05124 -5.54941e+00 | 62 -0.10689 -3.81641e+00 | 63 -0.13196 -3.11179e+00
 64 -0.10128 -3.57200e+00 | 65 -0.11475 -2.94921e+00 | 66 -0.13421 -2.29822e+00
 67 -0.12571 -2.00945e+00 | 68 -0.06973 -2.64723e+00 | 69 -0.14926 -1.46225e+00
 70 -0.20036 -6.42429e-01 | 71 -0.19156 -2.23117e-01 | 72 -0.15082 -7.17818e-02
 73 -0.11665  1.51953e-01 | 74 -0.11041  1.97805e-02 | 75 -0.10550  1.74438e-01
 76 -0.10944  4.53659e-02 | 77  0.00000  0.00000e+00 | 78 -0.36390 -1.52026e+00
 79 -0.57748 -3.51188e-03 | 80 -0.08041  8.48742e-01 | 81  0.97801 -3.38721e-02
 82 -0.38176 -8.22770e+00 | 83 -0.36083  5.19820e-03 | 84 -0.44617  6.22473e-01
 85  0.97532  5.84929e-02 | 86  0.98123 -1.91478e-02 | 87  0.03702 -1.12203e+00
 88  0.19992 -1.26644e+00 | 89  0.04080 -1.33507e-04 | 90 -0.75794  1.96161e+03
 91 -0.00604 -1.22585e-05 | 92 -0.21424  1.83816e-01 | 93 -0.38542 -2.17439e-03
93 variables; iteration 100; function evaluation 142; phase 4
Function value -9.3850066e+01; maximum gradient component mag 5.7986e+04
Var    Value     Gradient |Var    Value     Gradient |Var    Value     Gradient
  1  0.06933  7.82160e+01 |  2  0.00220  2.79424e-01 |  3  0.00453  8.03649e-01
  4 -0.01238  5.57405e-01 |  5 -0.01200  6.03946e-01 |  6 -0.01274  3.74122e-01
  7 -0.01196  5.08439e-01 |  8 -0.01299  1.96448e-01 |  9 -0.01221  3.20816e-01
 10 -0.01258  1.65246e-01 | 11 -0.01302  1.94641e-03 | 12 -0.01142  3.33047e-01
 13 -0.01132  3.04770e-01 | 14 -0.01140  2.17262e-01 | 15 -0.01393 -4.44928e-01
 16 -0.01146  5.90881e-02 | 17 -0.00634  1.17698e+00 | 18 -0.01009  1.99654e-01
 19 -0.00974  1.61979e-01 | 20 -0.00617  9.17776e-01 | 21 -0.00490  1.12511e+00
 22 -0.00353  1.44474e+00 | 23 -0.00476  1.33142e+00 | 24 -0.01109  4.05163e-01
 25 -0.01014  1.81136e+00 | 26 -0.02042  1.14029e+00 | 27 -0.02482  2.16844e+00
 28 -0.03602  1.61718e+00 | 29 -0.04515  1.22405e+00 | 30 -0.04773  2.54259e+00
 31 -0.05384  2.84678e+00 | 32 -0.06356  2.05984e+00 | 33 -0.06800  2.92008e+00
 34 -0.08014  2.68325e+00 | 35 -0.08868  3.03673e+00 | 36 -0.06605  4.47185e+00
 37  0.03672  1.21230e+01 | 38 -0.03317  7.59916e+00 | 39 -0.06141  7.33579e+00
 40 -0.06039  6.78476e+00 | 41 -0.06337  6.39872e+00 | 42 -0.06200  7.40329e+00
 43 -0.05905  7.92582e+00 | 44 -0.06143  8.11816e+00 | 45 -0.07377  7.75398e+00
 46 -0.08202  7.94264e+00 | 47 -0.06933  9.02797e+00 | 48 -0.07345  8.40193e+00
 49 -0.10182  6.44197e+00 | 50 -0.12094  4.15043e+00 | 51 -0.14019  2.23008e+00
 52 -0.16550  2.54101e-01 | 53 -0.13053 -1.04188e+00 | 54 -0.09183 -2.43868e+00
 55 -0.10175 -4.54625e+00 | 56 -0.07412 -6.70888e+00 | 57 -0.05779 -7.76130e+00
 58 -0.05761 -9.97737e+00 | 59 -0.10211 -7.60884e+00 | 60 -0.10237 -7.26319e+00
 61 -0.05158 -1.22543e+01 | 62 -0.10783 -8.60074e+00 | 63 -0.12988 -6.26920e+00
 64 -0.10005 -7.70461e+00 | 65 -0.11697 -7.21872e+00 | 66 -0.13273 -4.89261e+00
 67 -0.12275 -4.19471e+00 | 68 -0.07208 -7.05107e+00 | 69 -0.14549 -2.51724e+00
 70 -0.20061 -1.76329e+00 | 71 -0.19071 -5.50549e-01 | 72 -0.15237 -8.02772e-01
 73 -0.11578  1.81296e-01 | 74 -0.10910  1.86979e-01 | 75 -0.10578 -2.37369e-02
 76 -0.10976 -1.74574e-01 | 77  0.00000  0.00000e+00 | 78 -0.36522 -1.74155e+00
 79 -0.74826 -7.48763e-03 | 80 -0.08161  2.97259e-01 | 81  0.97978 -3.16019e-02
 82 -0.38573  1.40632e+01 | 83 -0.29133  7.11783e-02 | 84 -0.51421 -5.77861e-01
 85  0.96914  2.30721e-01 | 86  0.98357  1.31122e-02 | 87  0.03650 -2.59547e+00
 88  0.19954 -3.67243e+00 | 89  0.17644 -9.25991e-03 | 90 -0.75794  5.79856e+04
 91 -0.07743 -4.44072e-04 | 92 -0.17287  5.16819e+00 | 93  0.34662  1.89937e-03
93 variables; iteration 120; function evaluation 171; phase 4
Function value -9.4028788e+01; maximum gradient component mag 1.6748e+05
Var    Value     Gradient |Var    Value     Gradient |Var    Value     Gradient
  1  0.06910  1.51584e+01 |  2  0.00095 -1.05882e-01 |  3  0.00201  9.14382e-02
  4 -0.01382  1.04638e-01 |  5 -0.01338  1.48153e-01 |  6 -0.01380 -2.73927e-02
  7 -0.01339 -6.50789e-03 |  8 -0.01533 -5.61409e-01 |  9 -0.01420 -3.86053e-01
 10 -0.01240 -5.53687e-02 | 11 -0.01104  1.66307e-01 | 12 -0.01115  3.63905e-02
 13 -0.01090 -1.73661e-02 | 14 -0.01020  1.72983e-03 | 15 -0.01034 -1.89288e-01
 16 -0.00897 -6.55398e-02 | 17 -0.00933 -3.36398e-01 | 18 -0.00811 -2.80001e-01
 19 -0.00672 -2.09521e-01 | 20 -0.00700 -4.62655e-01 | 21 -0.00581 -4.32312e-01
 22 -0.00593 -6.28665e-01 | 23 -0.00575 -6.28889e-01 | 24 -0.00693 -5.98351e-01
 25 -0.01231 -8.29775e-01 | 26 -0.01740 -4.18041e-01 | 27 -0.02649 -6.69086e-01
 28 -0.03521 -6.91244e-01 | 29 -0.04169 -5.03709e-01 | 30 -0.04862 -6.20428e-01
 31 -0.05477 -5.62755e-01 | 32 -0.06053 -3.26940e-01 | 33 -0.06692 -2.34434e-01
 34 -0.07792 -3.46203e-02 | 35 -0.08714  2.36962e-01 | 36 -0.06631  1.10981e+00
 37  0.03004  6.57875e+00 | 38 -0.03472  2.85984e+00 | 39 -0.06613  1.92283e+00
 40 -0.06092  2.20363e+00 | 41 -0.06160  2.26562e+00 | 42 -0.06192  2.35002e+00
 43 -0.05932  2.22796e+00 | 44 -0.06281  2.23443e+00 | 45 -0.07762  2.15475e+00
 46 -0.08808  2.18594e+00 | 47 -0.07148  2.38012e+00 | 48 -0.07435  2.30127e+00
 49 -0.10382  1.65884e+00 | 50 -0.12010  1.16876e+00 | 51 -0.14022  5.00303e-01
 52 -0.16470  1.31824e-01 | 53 -0.12895 -1.28737e-01 | 54 -0.09273 -5.10278e-01
 55 -0.10009 -7.54426e-01 | 56 -0.07193 -1.07644e+00 | 57 -0.06075 -1.51156e+00
 58 -0.05455 -1.45118e+00 | 59 -0.10087 -1.14131e+00 | 60 -0.10438 -1.36948e+00
 61 -0.05052 -1.92041e+00 | 62 -0.10506 -1.27496e+00 | 63 -0.13083 -1.24064e+00
 64 -0.10086 -1.56811e+00 | 65 -0.11341 -1.19638e+00 | 66 -0.13336 -1.20534e+00
 67 -0.12550 -1.31548e+00 | 68 -0.06860 -1.43822e+00 | 69 -0.14757 -8.74927e-01
 70 -0.19904 -3.87786e-01 | 71 -0.19098 -2.95868e-01 | 72 -0.14965 -7.81951e-02
 73 -0.11595 -4.56861e-02 | 74 -0.10907  6.20502e-03 | 75 -0.10492 -9.71112e-03
 76 -0.10873 -1.39801e-01 | 77  0.00000  0.00000e+00 | 78 -0.36416  3.90545e-01
 79 -0.76845 -8.22266e-03 | 80 -0.07978 -2.25115e-01 | 81  0.98310  2.51801e-03
 82 -0.38842  1.68173e+01 | 83 -0.44576 -1.42720e-03 | 84 -0.58810 -4.84115e-01
 85  0.98042  5.46349e-02 | 86  0.98188 -1.87269e-02 | 87  0.03598 -1.63078e-01
 88  0.19909  9.62351e-02 | 89  0.43663  1.74118e-03 | 90 -0.75794  1.67480e+05
 91 -0.36880 -2.06802e-03 | 92 -0.16523  1.44287e+01 | 93  0.93868  3.21047e-02
93 variables; iteration 140; function evaluation 195; phase 4
Function value -9.4042713e+01; maximum gradient component mag 6.1946e+04
Var    Value     Gradient |Var    Value     Gradient |Var    Value     Gradient
  1  0.06906  3.90145e-01 |  2  0.00133 -4.08289e-03 |  3  0.00130 -6.78794e-02
  4 -0.01450 -4.96126e-02 |  5 -0.01431 -6.47175e-02 |  6 -0.01368  1.85903e-02
  7 -0.01366 -5.31772e-02 |  8 -0.01295  3.26086e-02 |  9 -0.01288 -4.03176e-02
 10 -0.01243 -2.77005e-02 | 11 -0.01225 -7.96037e-02 | 12 -0.01166 -3.17470e-02
 13 -0.01147 -8.72945e-02 | 14 -0.01087 -7.76120e-02 | 15 -0.01003 -2.45986e-02
 16 -0.00957 -8.94149e-02 | 17 -0.00888 -1.01408e-01 | 18 -0.00793 -8.05786e-02
 19 -0.00717 -1.24162e-01 | 20 -0.00641 -1.22911e-01 | 21 -0.00567 -1.60158e-01
 22 -0.00504 -1.58797e-01 | 23 -0.00519 -1.92630e-01 | 24 -0.00659 -1.73658e-01
 25 -0.01124 -2.17968e-01 | 26 -0.01828 -2.35982e-01 | 27 -0.02626 -2.40053e-01
 28 -0.03474 -2.22813e-01 | 29 -0.04190 -2.51715e-01 | 30 -0.04818 -2.52395e-01
 31 -0.05415 -2.20141e-01 | 32 -0.06020 -1.64965e-01 | 33 -0.06658 -1.79809e-01
 34 -0.07753 -8.65845e-02 | 35 -0.08682 -3.88234e-02 | 36 -0.06603  1.13384e-01
 37  0.02832  1.34158e+00 | 38 -0.03489  5.18202e-01 | 39 -0.06598  3.02585e-01
 40 -0.06094  3.78139e-01 | 41 -0.06143  4.20298e-01 | 42 -0.06202  4.09547e-01
 43 -0.05842  4.63166e-01 | 44 -0.06260  4.64790e-01 | 45 -0.07816  4.73508e-01
 46 -0.08926  4.62778e-01 | 47 -0.07136  5.40944e-01 | 48 -0.07436  5.44925e-01
 49 -0.10408  3.79126e-01 | 50 -0.12007  2.66803e-01 | 51 -0.13988  1.25204e-01
 52 -0.16462  2.42337e-02 | 53 -0.12880 -2.72734e-02 | 54 -0.09258 -1.47751e-01
 55 -0.09987 -1.64977e-01 | 56 -0.07212 -2.44280e-01 | 57 -0.06014 -3.01555e-01
 58 -0.05472 -2.70593e-01 | 59 -0.10084 -2.21143e-01 | 60 -0.10388 -2.39954e-01
 61 -0.05054 -3.16246e-01 | 62 -0.10504 -1.84710e-01 | 63 -0.13053 -1.88738e-01
 64 -0.10047 -2.14563e-01 | 65 -0.11377 -1.63572e-01 | 66 -0.13302 -1.57741e-01
 67 -0.12480 -1.77189e-01 | 68 -0.06899 -2.02040e-01 | 69 -0.14684 -1.10101e-01
 70 -0.19886 -4.67357e-02 | 71 -0.19079 -6.28354e-02 | 72 -0.14933  4.58040e-02
 73 -0.11566 -2.04084e-02 | 74 -0.10912 -4.78030e-02 | 75 -0.10480 -2.39475e-02
 76 -0.10790  4.50649e-03 | 77  0.00000  0.00000e+00 | 78 -0.36448  1.96078e-01
 79 -0.55571 -3.03947e-03 | 80 -0.08019 -9.73816e-02 | 81  0.98230  4.10518e-03
 82 -0.38864  1.35800e+00 | 83 -0.40998 -5.68619e-04 | 84 -0.59552 -2.95085e-02
 85  0.97498 -7.26452e-03 | 86  0.98319 -6.98496e-04 | 87  0.03684 -1.99827e-01
 88  0.19921  8.64698e-02 | 89  0.27063  1.12985e-03 | 90 -0.75794  6.19456e+04
 91 -0.31551 -1.69759e-03 | 92 -0.19034  4.75174e+00 | 93  0.28984  1.53763e-03
93 variables; iteration 160; function evaluation 216; phase 4
Function value -9.4043820e+01; maximum gradient component mag -1.4164e+03
Var    Value     Gradient |Var    Value     Gradient |Var    Value     Gradient
  1  0.06907 -4.00009e-01 |  2  0.00132  1.56255e-03 |  3  0.00154 -7.24101e-04
  4 -0.01434  5.55776e-04 |  5 -0.01409  1.72997e-03 |  6 -0.01381  8.60549e-04
  7 -0.01352 -1.20985e-03 |  8 -0.01318 -2.42205e-04 |  9 -0.01281  4.48746e-04
 10 -0.01243  4.42764e-04 | 11 -0.01205  1.09461e-03 | 12 -0.01169  8.02369e-05
 13 -0.01130 -1.02431e-03 | 14 -0.01078 -8.58952e-04 | 15 -0.01021 -7.68627e-04
 16 -0.00953 -2.37686e-03 | 17 -0.00884 -9.62671e-04 | 18 -0.00805 -4.17755e-03
 19 -0.00713 -1.35390e-03 | 20 -0.00644 -4.32966e-04 | 21 -0.00560  3.29756e-04
 22 -0.00507 -1.10495e-04 | 23 -0.00516 -7.83278e-04 | 24 -0.00676 -2.39117e-03
 25 -0.01127  1.68502e-04 | 26 -0.01827  1.28877e-03 | 27 -0.02627 -3.45286e-03
 28 -0.03480 -2.92771e-04 | 29 -0.04188 -6.18199e-03 | 30 -0.04811 -3.33519e-03
 31 -0.05414 -2.69649e-04 | 32 -0.06030 -2.58629e-03 | 33 -0.06652 -2.40969e-03
 34 -0.07759 -1.12249e-03 | 35 -0.08683 -2.81840e-03 | 36 -0.06601 -8.50327e-03
 37  0.02822 -3.15409e-02 | 38 -0.03495 -1.40192e-02 | 39 -0.06590 -5.48927e-03
 40 -0.06096 -4.71345e-03 | 41 -0.06154 -1.18443e-02 | 42 -0.06201 -1.56801e-02
 43 -0.05845 -1.28899e-02 | 44 -0.06261 -1.16345e-02 | 45 -0.07821 -1.28038e-02
 46 -0.08928 -9.37431e-03 | 47 -0.07128 -1.40693e-02 | 48 -0.07448 -6.94011e-03
 49 -0.10416 -3.87293e-03 | 50 -0.12010 -1.60219e-03 | 51 -0.13988 -1.93123e-03
 52 -0.16464 -5.78313e-03 | 53 -0.12886 -8.80095e-03 | 54 -0.09251 -1.41128e-02
 55 -0.09995 -1.16280e-02 | 56 -0.07215 -9.91697e-03 | 57 -0.06005 -6.53982e-03
 58 -0.05482 -5.42059e-03 | 59 -0.10084 -1.36349e-03 | 60 -0.10385 -1.32111e-03
 61 -0.05056  5.06958e-03 | 62 -0.10512  9.91371e-03 | 63 -0.13049  9.15920e-03
 64 -0.10047  1.05608e-02 | 65 -0.11384  1.28899e-02 | 66 -0.13302  1.01546e-02
 67 -0.12474  9.04032e-03 | 68 -0.06904  1.55605e-02 | 69 -0.14684  7.22043e-03
 70 -0.19891  5.51131e-03 | 71 -0.19073  3.17210e-03 | 72 -0.14957  1.08962e-03
 73 -0.11565 -4.48007e-04 | 74 -0.10898  5.70274e-04 | 75 -0.10475  7.55433e-04
 76 -0.10797  3.35883e-03 | 77  0.00000  0.00000e+00 | 78 -0.36453  5.82746e-03
 79 -0.47647 -9.74720e-06 | 80 -0.08025 -3.26671e-03 | 81  0.98201  5.07808e-04
 82 -0.38866 -1.35733e-01 | 83 -0.40198 -2.33531e-04 | 84 -0.59657  1.24933e-02
 85  0.97579 -1.03115e-03 | 86  0.98311  8.58669e-04 | 87  0.03706  1.54492e-01
 88  0.19922  9.59667e-03 | 89  0.07134  3.43091e-04 | 90 -0.75794 -1.41640e+03
 91 -0.20853 -1.06635e-03 | 92 -0.20107 -8.21625e-02 | 93 -0.20343 -1.03955e-03
93 variables; iteration 180; function evaluation 242; phase 4
Function value -9.4044055e+01; maximum gradient component mag 1.3629e+04
Var    Value     Gradient |Var    Value     Gradient |Var    Value     Gradient
  1  0.06907 -1.01833e+00 |  2  0.00132 -1.46557e-03 |  3  0.00155  1.11132e-04
  4 -0.01433 -4.82994e-04 |  5 -0.01409 -9.22421e-04 |  6 -0.01382 -3.31419e-03
  7 -0.01350 -1.80602e-03 |  8 -0.01318 -4.42099e-03 |  9 -0.01281 -4.44610e-03
 10 -0.01243 -5.72457e-03 | 11 -0.01205 -6.39821e-03 | 12 -0.01169 -8.47910e-03
 13 -0.01129 -9.43245e-03 | 14 -0.01077 -1.20681e-02 | 15 -0.01022 -1.61802e-02
 16 -0.00952 -1.75981e-02 | 17 -0.00883 -2.00658e-02 | 18 -0.00804 -2.52026e-02
 19 -0.00713 -2.55181e-02 | 20 -0.00645 -2.99662e-02 | 21 -0.00561 -3.34228e-02
 22 -0.00507 -3.82606e-02 | 23 -0.00516 -4.27930e-02 | 24 -0.00676 -4.92803e-02
 25 -0.01127 -5.18891e-02 | 26 -0.01827 -5.39753e-02 | 27 -0.02626 -5.71854e-02
 28 -0.03482 -5.95280e-02 | 29 -0.04186 -5.83111e-02 | 30 -0.04810 -5.70903e-02
 31 -0.05415 -5.66184e-02 | 32 -0.06030 -5.44693e-02 | 33 -0.06651 -4.76428e-02
 34 -0.07760 -3.94787e-02 | 35 -0.08683 -2.49735e-02 | 36 -0.06600  1.71438e-03
 37  0.02820  2.20994e-01 | 38 -0.03495  6.45648e-02 | 39 -0.06591  3.70663e-02
 40 -0.06099  4.21335e-02 | 41 -0.06154  4.62313e-02 | 42 -0.06200  5.07477e-02
 43 -0.05845  5.96527e-02 | 44 -0.06261  6.32243e-02 | 45 -0.07821  7.01050e-02
 46 -0.08930  7.33723e-02 | 47 -0.07127  9.07403e-02 | 48 -0.07451  7.96070e-02
 49 -0.10418  5.51302e-02 | 50 -0.12011  3.85281e-02 | 51 -0.13988  2.05893e-02
 52 -0.16464  3.94968e-03 | 53 -0.12886 -3.85780e-03 | 54 -0.09251 -1.44409e-02
 55 -0.09995 -2.58372e-02 | 56 -0.07215 -3.64755e-02 | 57 -0.06005 -4.32999e-02
 58 -0.05483 -5.02581e-02 | 59 -0.10085 -3.86913e-02 | 60 -0.10384 -3.99962e-02
 61 -0.05056 -6.23179e-02 | 62 -0.10514 -4.37102e-02 | 63 -0.13050 -3.60104e-02
 64 -0.10046 -4.46350e-02 | 65 -0.11385 -4.08558e-02 | 66 -0.13302 -3.34210e-02
 67 -0.12474 -3.29154e-02 | 68 -0.06905 -4.49065e-02 | 69 -0.14684 -2.10752e-02
 70 -0.19892 -1.22528e-02 | 71 -0.19073 -6.22138e-03 | 72 -0.14958 -6.81442e-03
 73 -0.11565 -1.76337e-03 | 74 -0.10898 -9.31900e-04 | 75 -0.10475 -1.23353e-03
 76 -0.10798 -2.81788e-04 | 77  0.00000  0.00000e+00 | 78 -0.36454 -8.68863e-03
 79 -0.47668 -2.87294e-05 | 80 -0.08025 -1.20282e-03 | 81  0.98195 -8.10870e-04
 82 -0.38873  1.91666e-01 | 83 -0.39480  1.21711e-04 | 84 -0.59886  3.00974e-03
 85  0.97586 -1.67858e-03 | 86  0.98312  1.89963e-03 | 87  0.03705  3.49649e-01
 88  0.19922  3.50727e-02 | 89 -0.09553 -4.78402e-04 | 90 -0.75794  1.36286e+04
 91 -0.10993 -2.45598e-03 | 92 -0.20185  9.93891e-01 | 93 -0.04239 -2.09506e-04
93 variables; iteration 200; function evaluation 268; phase 4
Function value -9.4044381e+01; maximum gradient component mag -1.9645e+02
Var    Value     Gradient |Var    Value     Gradient |Var    Value     Gradient
  1  0.06907 -6.49351e-01 |  2  0.00132  2.34993e-05 |  3  0.00153 -3.24591e-03
  4 -0.01435 -1.85524e-03 |  5 -0.01410 -1.43639e-03 |  6 -0.01382 -5.34727e-04
  7 -0.01352 -3.11785e-03 |  8 -0.01318 -1.54865e-03 |  9 -0.01282 -1.99878e-03
 10 -0.01244 -1.76645e-03 | 11 -0.01206 -1.85111e-03 | 12 -0.01169 -1.61732e-03
 13 -0.01130 -2.15414e-03 | 14 -0.01078 -1.81127e-03 | 15 -0.01021 -4.25978e-04
 16 -0.00952 -2.19235e-03 | 17 -0.00884 -2.54509e-03 | 18 -0.00802 -1.05736e-03
 19 -0.00714 -4.56745e-03 | 20 -0.00645 -3.76384e-03 | 21 -0.00561 -4.10639e-03
 22 -0.00507 -4.82768e-03 | 23 -0.00516 -5.59389e-03 | 24 -0.00675 -4.82150e-03
 25 -0.01128 -7.32965e-03 | 26 -0.01828 -8.65319e-03 | 27 -0.02626 -7.14409e-03
 28 -0.03480 -5.74174e-03 | 29 -0.04187 -1.03421e-02 | 30 -0.04812 -1.14640e-02
 31 -0.05414 -9.11036e-03 | 32 -0.06029 -9.51848e-03 | 33 -0.06652 -1.16090e-02
 34 -0.07759 -9.06905e-03 | 35 -0.08683 -1.08372e-02 | 36 -0.06600 -1.39389e-02
 37  0.02819 -2.96390e-02 | 38 -0.03495 -1.89367e-02 | 39 -0.06592 -1.81518e-02
 40 -0.06097 -1.40530e-02 | 41 -0.06153 -1.75256e-02 | 42 -0.06200 -1.81695e-02
 43 -0.05846 -2.06029e-02 | 44 -0.06262 -1.98320e-02 | 45 -0.07821 -1.80985e-02
 46 -0.08929 -1.61566e-02 | 47 -0.07128 -2.07177e-02 | 48 -0.07450 -1.62392e-02
 49 -0.10418 -1.22076e-02 | 50 -0.12011 -7.66959e-03 | 51 -0.13989 -5.94037e-03
 52 -0.16464 -2.17644e-03 | 53 -0.12886 -1.74069e-03 | 54 -0.09252 -3.41624e-03
 55 -0.09994  3.16083e-03 | 56 -0.07215  4.30498e-03 | 57 -0.06006  4.34362e-03
 58 -0.05482  8.48175e-03 | 59 -0.10084  6.42634e-03 | 60 -0.10385  4.51602e-03
 61 -0.05055  1.10223e-02 | 62 -0.10513  1.10470e-02 | 63 -0.13050  7.10634e-03
 64 -0.10046  9.09209e-03 | 65 -0.11384  1.14336e-02 | 66 -0.13302  8.41103e-03
 67 -0.12475  6.09894e-03 | 68 -0.06904  1.06316e-02 | 69 -0.14684  4.34190e-03
 70 -0.19891  4.42850e-03 | 71 -0.19074 -4.13840e-04 | 72 -0.14956  5.55103e-03
 73 -0.11565  6.97887e-04 | 74 -0.10898  5.12605e-04 | 75 -0.10476  4.79877e-04
 76 -0.10799 -8.66701e-04 | 77  0.00000  0.00000e+00 | 78 -0.36453 -9.95373e-03
 79 -0.47860 -1.44008e-04 | 80 -0.08025  5.87537e-03 | 81  0.98198  2.91872e-05
 82 -0.38882 -2.02081e-01 | 83 -0.39891 -1.01120e-04 | 84 -0.60232  1.35130e-02
 85  0.97582 -1.63311e-03 | 86  0.98310 -2.14632e-03 | 87  0.03704 -3.25036e-01
 88  0.19922  1.69774e-02 | 89  0.01272  4.53047e-05 | 90 -0.75794 -1.96449e+02
 91 -0.00538  6.85326e-04 | 92 -0.20544  1.43083e-03 | 93 -0.02423 -1.19632e-04
93 variables; iteration 220; function evaluation 290; phase 4
Function value -9.4044604e+01; maximum gradient component mag 1.9856e+04
Var    Value     Gradient |Var    Value     Gradient |Var    Value     Gradient
  1  0.06907 -1.98323e+00 |  2  0.00131 -3.20255e-03 |  3  0.00156  7.42968e-04
  4 -0.01433 -1.05162e-03 |  5 -0.01409 -2.50191e-03 |  6 -0.01382 -4.74188e-03
  7 -0.01350 -2.21193e-03 |  8 -0.01318 -6.51728e-03 |  9 -0.01281 -6.36468e-03
 10 -0.01244 -8.29363e-03 | 11 -0.01206 -8.78666e-03 | 12 -0.01169 -1.09742e-02
 13 -0.01129 -1.19028e-02 | 14 -0.01077 -1.53502e-02 | 15 -0.01022 -2.04352e-02
 16 -0.00952 -2.17817e-02 | 17 -0.00883 -2.53592e-02 | 18 -0.00804 -2.99938e-02
 19 -0.00713 -3.25368e-02 | 20 -0.00645 -3.80515e-02 | 21 -0.00562 -4.36914e-02
 22 -0.00508 -4.93810e-02 | 23 -0.00516 -5.54736e-02 | 24 -0.00677 -6.33953e-02
 25 -0.01128 -6.76794e-02 | 26 -0.01828 -7.08411e-02 | 27 -0.02626 -7.28738e-02
 28 -0.03482 -7.63926e-02 | 29 -0.04185 -7.34328e-02 | 30 -0.04810 -7.25260e-02
 31 -0.05414 -7.33870e-02 | 32 -0.06030 -6.92375e-02 | 33 -0.06651 -6.09585e-02
 34 -0.07760 -5.11126e-02 | 35 -0.08682 -3.18470e-02 | 36 -0.06599  3.00965e-03
 37  0.02818  2.93649e-01 | 38 -0.03495  9.10476e-02 | 39 -0.06591  5.13158e-02
 40 -0.06100  5.66996e-02 | 41 -0.06154  6.57603e-02 | 42 -0.06200  7.34397e-02
 43 -0.05845  8.53444e-02 | 44 -0.06260  9.33308e-02 | 45 -0.07820  1.05884e-01
 46 -0.08929  1.12439e-01 | 47 -0.07126  1.40033e-01 | 48 -0.07454  1.24468e-01
 49 -0.10419  8.82156e-02 | 50 -0.12012  6.03526e-02 | 51 -0.13988  3.15614e-02
 52 -0.16465  5.69928e-03 | 53 -0.12886 -9.63768e-03 | 54 -0.09250 -3.26865e-02
 55 -0.09996 -5.37359e-02 | 56 -0.07217 -7.90113e-02 | 57 -0.06006 -9.67019e-02
 58 -0.05482 -1.13284e-01 | 59 -0.10085 -8.70541e-02 | 60 -0.10385 -8.80076e-02
 61 -0.05055 -1.39203e-01 | 62 -0.10514 -9.62335e-02 | 63 -0.13050 -7.68993e-02
 64 -0.10045 -9.23540e-02 | 65 -0.11387 -8.18934e-02 | 66 -0.13304 -6.36330e-02
 67 -0.12476 -5.80654e-02 | 68 -0.06904 -8.18311e-02 | 69 -0.14682 -3.85798e-02
 70 -0.19893 -2.12212e-02 | 71 -0.19073 -8.45928e-03 | 72 -0.14960 -8.27055e-03
 73 -0.11566 -3.34129e-04 | 74 -0.10899  1.06670e-03 | 75 -0.10477 -8.57015e-04
 76 -0.10800 -2.01924e-04 | 77  0.00000  0.00000e+00 | 78 -0.36453 -4.49080e-02
 79 -0.47322  1.90135e-04 | 80 -0.08025  1.46259e-02 | 81  0.98194 -1.60725e-03
 82 -0.38921 -4.89882e-01 | 83 -0.39624 -4.01488e-05 | 84 -0.61722  1.85159e-02
 85  0.97602 -3.05164e-03 | 86  0.98312 -2.06723e-04 | 87  0.03705  2.69590e-03
 88  0.19922  4.54113e-02 | 89  0.02282  1.12679e-04 | 90 -0.75794  1.98558e+04
 91 -0.01212 -5.97796e-05 | 92 -0.21651  1.31041e+00 | 93  0.00086  4.25741e-06
93 variables; iteration 240; function evaluation 315; phase 4
Function value -9.4044827e+01; maximum gradient component mag 3.1696e+04
Var    Value     Gradient |Var    Value     Gradient |Var    Value     Gradient
  1  0.06908 -1.16394e+00 |  2  0.00131 -2.78094e-03 |  3  0.00155 -2.69167e-03
  4 -0.01434 -3.74249e-03 |  5 -0.01409 -3.52667e-03 |  6 -0.01382 -5.02421e-03
  7 -0.01351 -5.89892e-03 |  8 -0.01317 -7.13146e-03 |  9 -0.01281 -8.53196e-03
 10 -0.01243 -1.05140e-02 | 11 -0.01206 -1.28865e-02 | 12 -0.01169 -1.57634e-02
 13 -0.01130 -1.87114e-02 | 14 -0.01078 -2.15452e-02 | 15 -0.01021 -2.58120e-02
 16 -0.00952 -3.09014e-02 | 17 -0.00884 -3.66378e-02 | 18 -0.00804 -4.20636e-02
 19 -0.00714 -4.69528e-02 | 20 -0.00645 -5.25969e-02 | 21 -0.00561 -5.95718e-02
 22 -0.00508 -6.82666e-02 | 23 -0.00516 -7.64362e-02 | 24 -0.00676 -8.55986e-02
 25 -0.01127 -9.23618e-02 | 26 -0.01828 -9.66791e-02 | 27 -0.02626 -1.00726e-01
 28 -0.03481 -1.02244e-01 | 29 -0.04185 -1.02675e-01 | 30 -0.04810 -1.01437e-01
 31 -0.05413 -9.81166e-02 | 32 -0.06029 -9.19896e-02 | 33 -0.06651 -8.14449e-02
 34 -0.07759 -6.34563e-02 | 35 -0.08681 -3.74173e-02 | 36 -0.06598  1.70853e-02
 37  0.02813  4.39277e-01 | 38 -0.03495  1.41810e-01 | 39 -0.06592  8.26408e-02
 40 -0.06099  9.77992e-02 | 41 -0.06154  1.07769e-01 | 42 -0.06200  1.16619e-01
 43 -0.05844  1.33075e-01 | 44 -0.06260  1.40455e-01 | 45 -0.07821  1.52793e-01
 46 -0.08929  1.61259e-01 | 47 -0.07126  1.98093e-01 | 48 -0.07454  1.78948e-01
 49 -0.10422  1.23216e-01 | 50 -0.12011  8.77173e-02 | 51 -0.13988  4.59065e-02
 52 -0.16465  1.10961e-02 | 53 -0.12886 -5.35855e-03 | 54 -0.09250 -2.87443e-02
 55 -0.09997 -4.78109e-02 | 56 -0.07218 -7.02120e-02 | 57 -0.06007 -8.40107e-02
 58 -0.05481 -9.48146e-02 | 59 -0.10084 -7.38233e-02 | 60 -0.10387 -7.91436e-02
 61 -0.05054 -1.20987e-01 | 62 -0.10513 -8.36849e-02 | 63 -0.13051 -7.26090e-02
 64 -0.10045 -9.16945e-02 | 65 -0.11387 -8.21096e-02 | 66 -0.13306 -7.04793e-02
 67 -0.12481 -7.31019e-02 | 68 -0.06903 -9.87403e-02 | 69 -0.14680 -4.66568e-02
 70 -0.19893 -2.59617e-02 | 71 -0.19075 -1.76671e-02 | 72 -0.14960 -1.05894e-02
 73 -0.11568 -4.89982e-03 | 74 -0.10901 -4.30995e-03 | 75 -0.10478 -3.35652e-03
 76 -0.10801 -2.75041e-03 | 77  0.00000  0.00000e+00 | 78 -0.36453 -1.02963e-03
 79 -0.47749 -7.80985e-05 | 80 -0.08026 -8.33597e-03 | 81  0.98194 -1.04954e-03
 82 -0.38988  7.59562e-01 | 83 -0.39693 -7.77186e-05 | 84 -0.64694 -1.17799e-02
 85  0.97618 -2.29100e-03 | 86  0.98311  8.01172e-04 | 87  0.03705  1.99616e-01
 88  0.19923  5.51921e-02 | 89  0.00573  2.23394e-05 | 90 -0.75793  3.16959e+04
 91 -0.04035 -2.61085e-04 | 92 -0.23295  1.87986e+00 | 93  0.04043  1.99778e-04
93 variables; iteration 260; function evaluation 343; phase 4
Function value -9.4044921e+01; maximum gradient component mag 1.2750e+03
Var    Value     Gradient |Var    Value     Gradient |Var    Value     Gradient
  1  0.06908 -3.21387e-01 |  2  0.00132  1.69748e-04 |  3  0.00154 -1.07061e-03
  4 -0.01434 -6.40516e-04 |  5 -0.01410 -5.04247e-04 |  6 -0.01382  1.04687e-04
  7 -0.01352 -1.10217e-03 |  8 -0.01318 -3.17465e-04 |  9 -0.01281 -6.36188e-04
 10 -0.01244 -5.83409e-04 | 11 -0.01206 -9.34938e-04 | 12 -0.01169 -9.86847e-04
 13 -0.01130 -1.65316e-03 | 14 -0.01078 -1.49626e-03 | 15 -0.01021 -1.15296e-03
 16 -0.00953 -2.07654e-03 | 17 -0.00884 -2.44915e-03 | 18 -0.00804 -2.61095e-03
 19 -0.00714 -3.28510e-03 | 20 -0.00645 -3.26570e-03 | 21 -0.00562 -3.54506e-03
 22 -0.00508 -4.14226e-03 | 23 -0.00517 -4.73445e-03 | 24 -0.00676 -4.98714e-03
 25 -0.01128 -5.65730e-03 | 26 -0.01828 -5.93209e-03 | 27 -0.02626 -6.38471e-03
 28 -0.03480 -6.06580e-03 | 29 -0.04186 -7.41125e-03 | 30 -0.04810 -7.52326e-03
 31 -0.05413 -6.67258e-03 | 32 -0.06028 -6.67868e-03 | 33 -0.06650 -6.97459e-03
 34 -0.07758 -5.51097e-03 | 35 -0.08680 -4.91290e-03 | 36 -0.06598 -3.26390e-03
 37  0.02814  1.07518e-02 | 38 -0.03495  1.37954e-03 | 39 -0.06592 -1.38728e-03
 40 -0.06099  2.86808e-04 | 41 -0.06154 -2.70820e-04 | 42 -0.06199 -4.12720e-04
 43 -0.05844 -1.54979e-04 | 44 -0.06259 -1.14193e-04 | 45 -0.07819  6.05754e-04
 46 -0.08928  1.91436e-03 | 47 -0.07127  2.16502e-03 | 48 -0.07455  2.92240e-03
 49 -0.10422  1.72577e-03 | 50 -0.12011  1.56805e-03 | 51 -0.13988  1.90983e-04
 52 -0.16465 -2.34214e-04 | 53 -0.12886 -1.18241e-03 | 54 -0.09250 -3.29194e-03
 55 -0.09997 -2.90220e-03 | 56 -0.07219 -4.45334e-03 | 57 -0.06008 -5.76720e-03
 58 -0.05481 -6.15164e-03 | 59 -0.10084 -4.58349e-03 | 60 -0.10388 -5.30338e-03
 61 -0.05054 -7.41233e-03 | 62 -0.10512 -3.90890e-03 | 63 -0.13051 -3.49474e-03
 64 -0.10045 -4.33215e-03 | 65 -0.11388 -2.52125e-03 | 66 -0.13307 -1.94128e-03
 67 -0.12482 -2.47714e-03 | 68 -0.06902 -2.80422e-03 | 69 -0.14679 -1.47623e-03
 70 -0.19893 -6.13956e-05 | 71 -0.19076 -7.92469e-04 | 72 -0.14960  1.52161e-03
 73 -0.11569  8.99603e-07 | 74 -0.10902 -2.11758e-04 | 75 -0.10479  2.99861e-04
 76 -0.10802  3.26891e-04 | 77  0.00000  0.00000e+00 | 78 -0.36453 -7.76802e-03
 79 -0.47737 -6.47533e-05 | 80 -0.08026  3.54663e-03 | 81  0.98196 -1.01130e-04
 82 -0.39020 -1.32699e-01 | 83 -0.39606 -3.50134e-05 | 84 -0.66298  5.37399e-03
 85  0.97627 -7.51921e-04 | 86  0.98310 -7.33013e-04 | 87  0.03705 -1.08684e-01
 88  0.19923  7.65921e-03 | 89 -0.00596 -3.08587e-05 | 90 -0.75793  1.27501e+03
 91 -0.01685  2.82452e-03 | 92 -0.24056  7.22965e-02 | 93  0.00691  4.12501e-05
93 variables; iteration 280; function evaluation 363; phase 4
Function value -9.4044963e+01; maximum gradient component mag 1.6900e+03
Var    Value     Gradient |Var    Value     Gradient |Var    Value     Gradient
  1  0.06908 -3.03010e-01 |  2  0.00131 -2.51407e-04 |  3  0.00154  6.72130e-05
  4 -0.01434 -1.20204e-04 |  5 -0.01409 -1.93834e-04 |  6 -0.01382 -4.30770e-04
  7 -0.01351 -1.46092e-04 |  8 -0.01318 -3.64776e-04 |  9 -0.01281 -4.50180e-04
 10 -0.01244 -6.69318e-04 | 11 -0.01206 -7.41182e-04 | 12 -0.01169 -8.88626e-04
 13 -0.01130 -9.51466e-04 | 14 -0.01078 -1.22612e-03 | 15 -0.01022 -1.64682e-03
 16 -0.00953 -1.75399e-03 | 17 -0.00884 -2.09029e-03 | 18 -0.00804 -2.46584e-03
 19 -0.00714 -2.60188e-03 | 20 -0.00645 -3.08469e-03 | 21 -0.00562 -3.55145e-03
 22 -0.00508 -4.04072e-03 | 23 -0.00517 -4.48439e-03 | 24 -0.00676 -5.11399e-03
 25 -0.01128 -5.50371e-03 | 26 -0.01828 -5.86497e-03 | 27 -0.02626 -6.13535e-03
 28 -0.03481 -6.43831e-03 | 29 -0.04185 -6.14942e-03 | 30 -0.04809 -6.26937e-03
 31 -0.05413 -6.57958e-03 | 32 -0.06028 -6.42149e-03 | 33 -0.06650 -5.92838e-03
 34 -0.07758 -5.40434e-03 | 35 -0.08680 -4.07058e-03 | 36 -0.06598 -2.46052e-03
 37  0.02813  1.46154e-02 | 38 -0.03495  3.00436e-03 | 39 -0.06592  5.63435e-04
 40 -0.06099  6.87596e-04 | 41 -0.06154  1.26467e-03 | 42 -0.06199  1.71353e-03
 43 -0.05843  2.53740e-03 | 44 -0.06258  3.24786e-03 | 45 -0.07819  4.43907e-03
 46 -0.08928  5.07799e-03 | 47 -0.07126  6.94230e-03 | 48 -0.07456  5.81131e-03
 49 -0.10423  4.12290e-03 | 50 -0.12011  2.75564e-03 | 51 -0.13988  1.47121e-03
 52 -0.16466  1.01152e-04 | 53 -0.12886 -9.68765e-04 | 54 -0.09250 -2.88502e-03
 55 -0.09997 -4.50407e-03 | 56 -0.07220 -6.66277e-03 | 57 -0.06008 -8.36343e-03
 58 -0.05480 -1.00363e-02 | 59 -0.10084 -7.56991e-03 | 60 -0.10388 -7.52244e-03
 61 -0.05054 -1.20430e-02 | 62 -0.10512 -8.19464e-03 | 63 -0.13051 -6.18273e-03
 64 -0.10044 -7.19839e-03 | 65 -0.11389 -6.17149e-03 | 66 -0.13309 -4.29171e-03
 67 -0.12484 -3.45759e-03 | 68 -0.06901 -5.00487e-03 | 69 -0.14678 -2.39816e-03
 70 -0.19893 -1.18026e-03 | 71 -0.19076 -1.08499e-04 | 72 -0.14961 -2.97156e-04
 73 -0.11570  3.10765e-04 | 74 -0.10903  3.07730e-04 | 75 -0.10480  1.88818e-04
 76 -0.10803  2.75317e-04 | 77  0.00000  0.00000e+00 | 78 -0.36453 -8.21332e-03
 79 -0.47592  2.78675e-05 | 80 -0.08026  3.44547e-03 | 81  0.98195 -2.14583e-04
 82 -0.39053 -1.79318e-01 | 83 -0.39521 -1.29472e-05 | 84 -0.68178  4.53642e-03
 85  0.97639 -4.70249e-04 | 86  0.98311 -2.31548e-04 | 87  0.03705 -3.75083e-02
 88  0.19923  5.35526e-03 | 89  0.00072  3.36346e-06 | 90 -0.75793  1.69004e+03
 91 -0.01955 -9.62910e-05 | 92 -0.24815  9.05357e-02 | 93  0.00497  2.45347e-05
93 variables; iteration 300; function evaluation 387; phase 4
Function value -9.4044976e+01; maximum gradient component mag -1.1953e+02
Var    Value     Gradient |Var    Value     Gradient |Var    Value     Gradient
  1  0.06908  1.89786e-03 |  2  0.00131  1.05581e-05 |  3  0.00154  4.22805e-06
  4 -0.01434  8.23571e-06 |  5 -0.01410  6.68976e-06 |  6 -0.01382  2.14767e-05
  7 -0.01351  1.79682e-05 |  8 -0.01318  3.36832e-05 |  9 -0.01282  3.08186e-05
 10 -0.01244  3.74565e-05 | 11 -0.01206  3.96188e-05 | 12 -0.01169  5.55167e-05
 13 -0.01130  5.86323e-05 | 14 -0.01078  7.37991e-05 | 15 -0.01022  9.15558e-05
 16 -0.00953  1.03422e-04 | 17 -0.00884  1.22880e-04 | 18 -0.00804  1.40438e-04
 19 -0.00714  1.58444e-04 | 20 -0.00645  1.78818e-04 | 21 -0.00562  2.00834e-04
 22 -0.00508  2.28703e-04 | 23 -0.00517  2.58891e-04 | 24 -0.00676  2.92493e-04
 25 -0.01128  3.10244e-04 | 26 -0.01828  3.20148e-04 | 27 -0.02626  3.23680e-04
 28 -0.03480  3.31374e-04 | 29 -0.04185  3.29249e-04 | 30 -0.04809  3.13235e-04
 31 -0.05412  2.89558e-04 | 32 -0.06027  2.60870e-04 | 33 -0.06650  2.08451e-04
 34 -0.07758  1.33579e-04 | 35 -0.08679  3.01600e-05 | 36 -0.06597 -2.32591e-04
 37  0.02812 -2.21912e-03 | 38 -0.03495 -8.57974e-04 | 39 -0.06592 -5.58077e-04
 40 -0.06099 -6.33134e-04 | 41 -0.06154 -6.80008e-04 | 42 -0.06199 -7.27288e-04
 43 -0.05843 -7.85794e-04 | 44 -0.06258 -8.15312e-04 | 45 -0.07819 -8.48899e-04
 46 -0.08928 -8.58712e-04 | 47 -0.07126 -1.01830e-03 | 48 -0.07457 -9.59454e-04
 49 -0.10424 -6.82844e-04 | 50 -0.12011 -4.71943e-04 | 51 -0.13988 -2.33095e-04
 52 -0.16466 -4.89946e-05 | 53 -0.12886  6.18163e-05 | 54 -0.09250  2.26202e-04
 55 -0.09998  3.49898e-04 | 56 -0.07220  5.21091e-04 | 57 -0.06009  6.35519e-04
 58 -0.05480  7.27778e-04 | 59 -0.10083  5.64209e-04 | 60 -0.10389  5.87285e-04
 61 -0.05053  9.08654e-04 | 62 -0.10512  6.19658e-04 | 63 -0.13051  5.11902e-04
 64 -0.10044  6.21355e-04 | 65 -0.11389  5.42624e-04 | 66 -0.13310  4.35426e-04
 67 -0.12486  4.19494e-04 | 68 -0.06901  5.82338e-04 | 69 -0.14677  2.72332e-04
 70 -0.19893  1.46715e-04 | 71 -0.19077  8.53403e-05 | 72 -0.14962  3.83750e-05
 73 -0.11571  1.40317e-05 | 74 -0.10904  7.24214e-06 | 75 -0.10480  8.97427e-06
 76 -0.10803  1.17965e-05 | 77  0.00000  0.00000e+00 | 78 -0.36453  4.31697e-05
 79 -0.47640 -8.90572e-07 | 80 -0.08026  1.42607e-05 | 81  0.98195  3.91383e-06
 82 -0.39083  6.54363e-03 | 83 -0.39483 -5.91610e-07 | 84 -0.70056  1.78327e-04
 85  0.97648 -2.28731e-06 | 86  0.98311  3.76668e-07 | 87  0.03705 -5.83170e-05
 88  0.19923 -9.29406e-05 | 89  0.00010  4.75532e-07 | 90 -0.75793 -1.19531e+02
 91 -0.02407 -1.18837e-04 | 92 -0.25499 -6.88432e-03 | 93  0.00054  2.66497e-06
93 variables; iteration 320; function evaluation 413; phase 4
Function value -9.4044977e+01; maximum gradient component mag -2.4605e+01
Var    Value     Gradient |Var    Value     Gradient |Var    Value     Gradient
  1  0.06908 -1.46653e-02 |  2  0.00131  2.67619e-06 |  3  0.00154 -1.19109e-05
  4 -0.01434 -6.25402e-06 |  5 -0.01410 -6.57654e-06 |  6 -0.01382  7.39780e-06
  7 -0.01351 -8.79806e-06 |  8 -0.01318  9.35754e-06 |  9 -0.01282 -3.02993e-07
 10 -0.01244 -6.03155e-08 | 11 -0.01206 -4.82470e-06 | 12 -0.01169  1.51532e-06
 13 -0.01130 -6.65994e-06 | 14 -0.01078 -2.84806e-06 | 15 -0.01022  7.45144e-06
 16 -0.00953  1.27300e-06 | 17 -0.00884 -2.55268e-06 | 18 -0.00804  4.20613e-06
 19 -0.00714  4.46386e-07 | 20 -0.00645  1.41748e-06 | 21 -0.00562  1.58895e-06
 22 -0.00508  1.45071e-07 | 23 -0.00517  3.13333e-06 | 24 -0.00676  6.08966e-06
 25 -0.01128 -1.18013e-06 | 26 -0.01828 -3.56260e-06 | 27 -0.02626 -9.48323e-06
 28 -0.03480 -1.36171e-05 | 29 -0.04185 -3.10165e-05 | 30 -0.04809 -4.59383e-05
 31 -0.05412 -5.43489e-05 | 32 -0.06027 -7.39873e-05 | 33 -0.06650 -1.04338e-04
 34 -0.07758 -1.23041e-04 | 35 -0.08679 -1.61413e-04 | 36 -0.06597 -2.93665e-04
 37  0.02812 -1.10273e-03 | 38 -0.03495 -5.26824e-04 | 39 -0.06592 -4.19888e-04
 40 -0.06099 -4.41387e-04 | 41 -0.06154 -4.70266e-04 | 42 -0.06199 -4.93604e-04
 43 -0.05843 -5.18053e-04 | 44 -0.06258 -5.18138e-04 | 45 -0.07819 -4.89265e-04
 46 -0.08928 -4.68501e-04 | 47 -0.07126 -5.41340e-04 | 48 -0.07457 -5.04795e-04
 49 -0.10424 -3.57346e-04 | 50 -0.12011 -2.51333e-04 | 51 -0.13988 -1.39979e-04
 52 -0.16466 -4.80154e-05 | 53 -0.12886 -2.51343e-05 | 54 -0.09250 -1.80640e-05
 55 -0.09998  2.46840e-05 | 56 -0.07220  3.20463e-05 | 57 -0.06009  2.12292e-05
 58 -0.05480  1.17097e-05 | 59 -0.10083  1.98352e-05 | 60 -0.10389  2.91145e-05
 61 -0.05053  4.00813e-05 | 62 -0.10512  5.47654e-05 | 63 -0.13051  6.72909e-05
 64 -0.10044  9.91570e-05 | 65 -0.11389  1.20188e-04 | 66 -0.13310  1.32217e-04
 67 -0.12486  1.49688e-04 | 68 -0.06901  2.05425e-04 | 69 -0.14677  9.15009e-05
 70 -0.19893  7.12347e-05 | 71 -0.19077  5.16643e-05 | 72 -0.14962  6.00976e-05
 73 -0.11571  2.72749e-05 | 74 -0.10904  2.09793e-05 | 75 -0.10480  2.17409e-05
 76 -0.10803  2.80254e-05 | 77  0.00000  0.00000e+00 | 78 -0.36453 -4.36569e-04
 79 -0.47641 -1.47098e-06 | 80 -0.08026  2.20202e-04 | 81  0.98195 -6.74544e-06
 82 -0.39084 -8.04859e-03 | 83 -0.39483 -1.52108e-06 | 84 -0.70088  3.73284e-04
 85  0.97648 -2.90256e-05 | 86  0.98311 -5.02148e-07 | 87  0.03705  2.43726e-04
 88  0.19923  2.08315e-04 | 89  0.00007  3.53946e-07 | 90 -0.75793 -2.46055e+01
 91 -0.01742  3.48334e-06 | 92 -0.25507 -1.99953e-03 | 93  0.00059  2.92566e-06
  ic > imax  in fminim is answer attained ?
Var    Value     Gradient |Var    Value     Gradient |Var    Value     Gradient
  1  0.06908 -1.00387e-02 |  2  0.00131  3.78175e-06 |  3  0.00154 -2.12408e-06
  4 -0.01434 -2.19765e-07 |  5 -0.01410 -1.14033e-06 |  6 -0.01382  8.17639e-06
  7 -0.01351  2.29551e-06 |  8 -0.01318  1.37905e-05 |  9 -0.01282  8.34378e-06
 10 -0.01244  9.62577e-06 | 11 -0.01206  7.81495e-06 | 12 -0.01169  1.47308e-05
 13 -0.01130  1.27760e-05 | 14 -0.01078  1.79147e-05 | 15 -0.01022  2.47203e-05
 16 -0.00953  2.65045e-05 | 17 -0.00884  2.97900e-05 | 18 -0.00804  3.53997e-05
 19 -0.00714  4.01605e-05 | 20 -0.00645  4.45395e-05 | 21 -0.00562  4.98815e-05
 22 -0.00508  5.54747e-05 | 23 -0.00517  6.49362e-05 | 24 -0.00676  7.33801e-05
 25 -0.01128  7.40769e-05 | 26 -0.01828  7.32792e-05 | 27 -0.02626  6.87809e-05
 28 -0.03480  6.65359e-05 | 29 -0.04185  5.96718e-05 | 30 -0.04809  4.41820e-05
 31 -0.05412  2.63181e-05 | 32 -0.06027  4.60321e-06 | 33 -0.06650 -2.80480e-05
 34 -0.07758 -6.55545e-05 | 35 -0.08679 -1.15446e-04 | 36 -0.06597 -2.78295e-04
 37  0.02812 -1.36640e-03 | 38 -0.03495 -6.10032e-04 | 39 -0.06592 -4.52488e-04
 40 -0.06099 -4.95968e-04 | 41 -0.06154 -5.27094e-04 | 42 -0.06199 -5.55862e-04
 43 -0.05843 -5.89585e-04 | 44 -0.06258 -5.98783e-04 | 45 -0.07819 -5.91983e-04
 46 -0.08928 -5.81501e-04 | 47 -0.07126 -6.72286e-04 | 48 -0.07457 -6.38608e-04
 49 -0.10424 -4.54836e-04 | 50 -0.12011 -3.17452e-04 | 51 -0.13988 -1.64656e-04
 52 -0.16466 -4.67163e-05 | 53 -0.12886  4.00680e-06 | 54 -0.09250  6.27919e-05
 55 -0.09998  1.21850e-04 | 56 -0.07220  1.79162e-04 | 57 -0.06009  2.07444e-04
 58 -0.05480  2.23311e-04 | 59 -0.10083  1.81481e-04 | 60 -0.10389  1.98194e-04
 61 -0.05053  2.98157e-04 | 62 -0.10512  2.17029e-04 | 63 -0.13051  1.98858e-04
 64 -0.10044  2.53972e-04 | 65 -0.11389  2.40032e-04 | 66 -0.13310  2.19728e-04
 67 -0.12486  2.31915e-04 | 68 -0.06901  3.16352e-04 | 69 -0.14677  1.45899e-04
 70 -0.19893  9.06555e-05 | 71 -0.19077  6.53922e-05 | 72 -0.14962  4.50228e-05
 73 -0.11571  2.42694e-05 | 74 -0.10904  1.83592e-05 | 75 -0.10480  1.82231e-05
 76 -0.10803  2.27699e-05 | 77  0.00000  0.00000e+00 | 78 -0.36453 -2.98676e-04
 79 -0.47640 -4.07716e-07 | 80 -0.08026  1.57257e-04 | 81  0.98195 -4.19873e-06
 82 -0.39084 -3.93981e-03 | 83 -0.39482 -1.11528e-06 | 84 -0.70090  3.11092e-04
 85  0.97648 -2.11891e-05 | 86  0.98311 -9.33986e-07 | 87  0.03705 -3.45352e-06
 88  0.19923  1.30319e-04 | 89  0.00006  3.18222e-07 | 90 -0.75793 -4.65290e+01
 91 -0.01742  3.35170e-06 | 92 -0.25507 -3.12782e-03 | 93  0.00062  3.05649e-06
Function minimizer not making progress ... is minimum attained?
Minimprove criterion = 0.0000e+00
Warning: the following parameters had issues
  selparm[4] is within 0.1% of upper bound: -1.5000e+01 < 5.9958e+00 < 6.0000e+00
  selparm[10] is within 0.1% of upper bound: -1.5000e+01 < 5.9928e+00 < 6.0000e+00
  selparm[13] is within 0.1% of upper bound: 2.0000e+01 < 8.2989e+01 < 8.3000e+01


 - final statistics:
93 variables; iteration 322; function evaluation 444
Function value -9.4045e+01; maximum gradient component mag -4.6529e+01
Exit code = 1;  converg criter 1.0000e-04
Var    Value     Gradient |Var    Value     Gradient |Var    Value     Gradient
  1  0.06908 -1.00387e-02 |  2  0.00131  3.78175e-06 |  3  0.00154 -2.12408e-06
  4 -0.01434 -2.19765e-07 |  5 -0.01410 -1.14033e-06 |  6 -0.01382  8.17639e-06
  7 -0.01351  2.29551e-06 |  8 -0.01318  1.37905e-05 |  9 -0.01282  8.34378e-06
 10 -0.01244  9.62577e-06 | 11 -0.01206  7.81495e-06 | 12 -0.01169  1.47308e-05
 13 -0.01130  1.27760e-05 | 14 -0.01078  1.79147e-05 | 15 -0.01022  2.47203e-05
 16 -0.00953  2.65045e-05 | 17 -0.00884  2.97900e-05 | 18 -0.00804  3.53997e-05
 19 -0.00714  4.01605e-05 | 20 -0.00645  4.45395e-05 | 21 -0.00562  4.98815e-05
 22 -0.00508  5.54747e-05 | 23 -0.00517  6.49362e-05 | 24 -0.00676  7.33801e-05
 25 -0.01128  7.40769e-05 | 26 -0.01828  7.32792e-05 | 27 -0.02626  6.87809e-05
 28 -0.03480  6.65359e-05 | 29 -0.04185  5.96718e-05 | 30 -0.04809  4.41820e-05
 31 -0.05412  2.63181e-05 | 32 -0.06027  4.60321e-06 | 33 -0.06650 -2.80480e-05
 34 -0.07758 -6.55545e-05 | 35 -0.08679 -1.15446e-04 | 36 -0.06597 -2.78295e-04
 37  0.02812 -1.36640e-03 | 38 -0.03495 -6.10032e-04 | 39 -0.06592 -4.52488e-04
 40 -0.06099 -4.95968e-04 | 41 -0.06154 -5.27094e-04 | 42 -0.06199 -5.55862e-04
 43 -0.05843 -5.89585e-04 | 44 -0.06258 -5.98783e-04 | 45 -0.07819 -5.91983e-04
 46 -0.08928 -5.81501e-04 | 47 -0.07126 -6.72286e-04 | 48 -0.07457 -6.38608e-04
 49 -0.10424 -4.54836e-04 | 50 -0.12011 -3.17452e-04 | 51 -0.13988 -1.64656e-04
 52 -0.16466 -4.67163e-05 | 53 -0.12886  4.00680e-06 | 54 -0.09250  6.27919e-05
 55 -0.09998  1.21850e-04 | 56 -0.07220  1.79162e-04 | 57 -0.06009  2.07444e-04
 58 -0.05480  2.23311e-04 | 59 -0.10083  1.81481e-04 | 60 -0.10389  1.98194e-04
 61 -0.05053  2.98157e-04 | 62 -0.10512  2.17029e-04 | 63 -0.13051  1.98858e-04
 64 -0.10044  2.53972e-04 | 65 -0.11389  2.40032e-04 | 66 -0.13310  2.19728e-04
 67 -0.12486  2.31915e-04 | 68 -0.06901  3.16352e-04 | 69 -0.14677  1.45899e-04
 70 -0.19893  9.06555e-05 | 71 -0.19077  6.53922e-05 | 72 -0.14962  4.50228e-05
 73 -0.11571  2.42694e-05 | 74 -0.10904  1.83592e-05 | 75 -0.10480  1.82231e-05
 76 -0.10803  2.27699e-05 | 77  0.00000  0.00000e+00 | 78 -0.36453 -2.98676e-04
 79 -0.47640 -4.07716e-07 | 80 -0.08026  1.57257e-04 | 81  0.98195 -4.19873e-06
 82 -0.39084 -3.93981e-03 | 83 -0.39482 -1.11528e-06 | 84 -0.70090  3.11092e-04
 85  0.97648 -2.11891e-05 | 86  0.98311 -9.33986e-07 | 87  0.03705 -3.45352e-06
 88  0.19923  1.30319e-04 | 89  0.00006  3.18222e-07 | 90 -0.75793 -4.65290e+01
 91 -0.01742  3.35170e-06 | 92 -0.25507 -3.12782e-03 | 93  0.00062  3.05649e-06
Estimating row 1 out of 93 for hessian
Estimating row 2 out of 93 for hessian
Estimating row 3 out of 93 for hessian
Estimating row 4 out of 93 for hessian
Estimating row 5 out of 93 for hessian
Estimating row 6 out of 93 for hessian
Estimating row 7 out of 93 for hessian
Estimating row 8 out of 93 for hessian
Estimating row 9 out of 93 for hessian
Estimating row 10 out of 93 for hessian
Estimating row 11 out of 93 for hessian
Estimating row 12 out of 93 for hessian
Estimating row 13 out of 93 for hessian
Estimating row 14 out of 93 for hessian
Estimating row 15 out of 93 for hessian
Estimating row 16 out of 93 for hessian
Estimating row 17 out of 93 for hessian
Estimating row 18 out of 93 for hessian
Estimating row 19 out of 93 for hessian
Estimating row 20 out of 93 for hessian
Estimating row 21 out of 93 for hessian
Estimating row 22 out of 93 for hessian
Estimating row 23 out of 93 for hessian
Estimating row 24 out of 93 for hessian
Estimating row 25 out of 93 for hessian
Estimating row 26 out of 93 for hessian
Estimating row 27 out of 93 for hessian
Estimating row 28 out of 93 for hessian
Estimating row 29 out of 93 for hessian
Estimating row 30 out of 93 for hessian
Estimating row 31 out of 93 for hessian
Estimating row 32 out of 93 for hessian
Estimating row 33 out of 93 for hessian
Estimating row 34 out of 93 for hessian
Estimating row 35 out of 93 for hessian
Estimating row 36 out of 93 for hessian
Estimating row 37 out of 93 for hessian
Estimating row 38 out of 93 for hessian
Estimating row 39 out of 93 for hessian
Estimating row 40 out of 93 for hessian
Estimating row 41 out of 93 for hessian
Estimating row 42 out of 93 for hessian
Estimating row 43 out of 93 for hessian
Estimating row 44 out of 93 for hessian
Estimating row 45 out of 93 for hessian
Estimating row 46 out of 93 for hessian
Estimating row 47 out of 93 for hessian
Estimating row 48 out of 93 for hessian
Estimating row 49 out of 93 for hessian
Estimating row 50 out of 93 for hessian
Estimating row 51 out of 93 for hessian
Estimating row 52 out of 93 for hessian
Estimating row 53 out of 93 for hessian
Estimating row 54 out of 93 for hessian
Estimating row 55 out of 93 for hessian
Estimating row 56 out of 93 for hessian
Estimating row 57 out of 93 for hessian
Estimating row 58 out of 93 for hessian
Estimating row 59 out of 93 for hessian
Estimating row 60 out of 93 for hessian
Estimating row 61 out of 93 for hessian
Estimating row 62 out of 93 for hessian
Estimating row 63 out of 93 for hessian
Estimating row 64 out of 93 for hessian
Estimating row 65 out of 93 for hessian
Estimating row 66 out of 93 for hessian
Estimating row 67 out of 93 for hessian
Estimating row 68 out of 93 for hessian
Estimating row 69 out of 93 for hessian
Estimating row 70 out of 93 for hessian
Estimating row 71 out of 93 for hessian
Estimating row 72 out of 93 for hessian
Estimating row 73 out of 93 for hessian
Estimating row 74 out of 93 for hessian
Estimating row 75 out of 93 for hessian
Estimating row 76 out of 93 for hessian
Estimating row 77 out of 93 for hessian
Estimating row 78 out of 93 for hessian
Estimating row 79 out of 93 for hessian
Estimating row 80 out of 93 for hessian
Estimating row 81 out of 93 for hessian
Estimating row 82 out of 93 for hessian
Estimating row 83 out of 93 for hessian
Estimating row 84 out of 93 for hessian
Estimating row 85 out of 93 for hessian
Estimating row 86 out of 93 for hessian
Estimating row 87 out of 93 for hessian
Estimating row 88 out of 93 for hessian
Estimating row 89 out of 93 for hessian
Estimating row 90 out of 93 for hessian
Estimating row 91 out of 93 for hessian
Estimating row 92 out of 93 for hessian
Estimating row 93 out of 93 for hessian
