
Initial statistics: 41 variables; iteration 0; function evaluation 0; phase 1
Function value 1.9240780e+06; maximum gradient component mag -2.7751e+06
Var    Value     Gradient |Var    Value     Gradient |Var    Value     Gradient
  1 -0.25375 -2.77506e+06 |  2 -0.01104 -3.75880e+04 |  3 -0.02105 -2.91701e+04
  4 -0.05018 -1.87812e+04 |  5 -0.01908 -2.36208e+04 |  6  0.04559 -4.12002e+04
  7  0.04264 -4.01174e+04 |  8 -0.03204 -2.37296e+04 |  9 -0.04647 -3.57498e+04
 10  0.00348 -4.32513e+04 | 11  0.04241 -5.29987e+04 | 12 -0.02594 -3.12536e+04
 13  0.01210 -3.54515e+04 | 14  0.05114 -3.41155e+04 | 15 -0.00447  8.91356e+04
 16 -0.01708 -3.12689e+04 | 17 -0.04932 -4.20455e+04 | 18 -0.00601 -5.31672e+04
 19 -0.00049 -5.37628e+04 | 20 -0.02127 -3.32707e+04 | 21 -0.02968 -2.73255e+04
 22  0.02902 -3.63914e+04 | 23  0.03178 -4.49411e+04 | 24 -0.01872 -3.83739e+04
 25 -0.00968 -3.23948e+04 | 26  0.04359 -4.72124e+04 | 27  0.02182 -4.88848e+04
 28 -0.05100 -2.61395e+04 | 29  0.01702 -4.31126e+04 | 30  0.03722 -4.77228e+04
 31  0.02272 -4.85102e+04 | 32  0.03210 -5.34936e+04 | 33  0.00441 -4.84956e+04
 34  0.00339 -4.95133e+04 | 35  0.00761 -5.01315e+04 | 36 -0.04106 -3.71906e+04
 37  0.01381 -1.12827e+04 | 38 -0.02217  1.97836e+01 | 39  0.00504  2.95593e+01
 40 -0.98727  9.95235e+03 | 41 -0.98727  1.09456e+04 |

Intermediate statistics: 41 variables; iteration 20; function evaluation 42; phase 1
Function value 1.1609678e+01; maximum gradient component mag -6.8913e+01
Var    Value     Gradient |Var    Value     Gradient |Var    Value     Gradient
  1  0.56538  1.02020e-01 |  2 -0.04138  9.71754e-01 |  3 -0.01153  1.80473e+00
  4  0.00025  3.97276e+00 |  5  0.00555  4.99424e+00 |  6 -0.00286  4.19978e+00
  7 -0.01022  6.25729e+00 |  8  0.02363  2.47183e+01 |  9  0.05274  4.82642e+01
 10 -0.08676 -4.26895e+00 | 11 -0.00797  2.08552e+01 | 12  0.01650  1.99922e+01
 13 -0.04210 -5.74254e+00 | 14 -0.07679 -1.17850e+01 | 15  0.05421  4.45842e+01
 16  0.03826  3.89780e+01 | 17 -0.02283 -3.79906e-01 | 18 -0.07687 -2.01553e+01
 19  0.04713 -9.24598e+00 | 20  0.09273  3.44549e+00 | 21 -0.04529 -1.09205e+01
 22 -0.03811 -1.71428e+01 | 23  0.02793 -2.85985e+01 | 24  0.01495 -2.47676e+01
 25 -0.08457 -1.93218e+01 | 26 -0.05523 -6.39920e+00 | 27 -0.06878 -1.40860e+01
 28 -0.06642 -2.07816e+01 | 29 -0.04720 -3.32938e+01 | 30  0.12869 -6.89132e+01
 31  0.01671  3.60771e+01 | 32 -0.11498  2.25584e+01 | 33 -0.16845 -1.42288e+00
 34 -0.13946 -8.50381e+00 | 35 -0.05123 -2.16684e+00 | 36 -0.01702  9.00670e-02
 37 -0.02001 -9.11087e-01 | 38 -0.01658 -2.44628e-02 | 39 -0.01923 -6.32541e-01
 40 -0.79538 -6.73430e+00 | 41 -0.95155 -2.69727e-01 |
41 variables; iteration 40; function evaluation 73; phase 1
Function value 5.6005868e+00; maximum gradient component mag 2.9966e+01
Var    Value     Gradient |Var    Value     Gradient |Var    Value     Gradient
  1  0.56718  3.54432e-02 |  2 -0.08707  2.75034e-01 |  3 -0.05340 -1.69064e+00
  4 -0.04163 -2.91875e+00 |  5 -0.02531 -2.25039e+00 |  6 -0.00970 -1.14602e+00
  7  0.00408  9.83593e-01 |  8  0.02492  6.31323e+00 |  9  0.03259  1.13589e+01
 10 -0.03165 -1.18325e+00 | 11 -0.03397 -2.05045e+00 | 12  0.00727  6.66994e+00
 13 -0.01289 -6.25395e+00 | 14 -0.04359 -1.80833e+01 | 15  0.04141 -1.27016e+01
 16 -0.00785 -1.48008e+01 | 17  0.01063 -1.53661e+01 | 18 -0.03750 -1.85718e+01
 19  0.05343 -1.94735e+01 | 20  0.06895 -1.72376e+01 | 21 -0.03914 -1.57429e+01
 22 -0.02803 -1.36614e+01 | 23  0.04201 -9.01034e+00 | 24 -0.00353 -8.42386e-01
 25 -0.06346  6.59862e+00 | 26 -0.06895  1.94926e+01 | 27 -0.07096  2.54832e+01
 28 -0.07499  2.20015e+01 | 29 -0.00771  2.99656e+01 | 30  0.13550  1.72374e+01
 31 -0.03040  1.29631e+01 | 32 -0.12130  1.06288e+01 | 33 -0.15893 -2.10630e+00
 34 -0.10353  3.07759e+00 | 35 -0.04144 -2.04166e-01 | 36 -0.02465 -1.85242e+00
 37 -0.00754  2.15891e+00 | 38 -0.02090 -1.09488e+00 | 39 -0.01160  1.24111e+00
 40 -0.72018 -5.48851e-02 | 41 -0.29784  1.12635e-01 |

 - final statistics:
41 variables; iteration 55; function evaluation 94
Function value 3.6723e+00; maximum gradient component mag -8.8817e+00
Exit code = 1;  converg criter 1.0000e+01
Var    Value     Gradient |Var    Value     Gradient |Var    Value     Gradient
  1  0.56368  3.87872e-02 |  2 -0.07932 -6.86395e-01 |  3 -0.04076 -2.90742e-01
  4 -0.02445  3.92353e-02 |  5 -0.01091  1.77309e-02 |  6  0.00486  5.40834e-01
  7  0.01116  1.48752e-01 |  8  0.01367  4.34380e-01 |  9  0.00618  9.34249e-01
 10 -0.00749  1.54373e+00 | 11 -0.01472  1.89465e+00 | 12 -0.02362  1.99635e+00
 13 -0.01662  9.21704e-01 | 14 -0.00085 -6.86837e-01 | 15  0.01989 -1.86351e+00
 16 -0.01241 -6.30577e+00 | 17  0.00631 -4.24853e+00 | 18 -0.00659 -5.17687e+00
 19  0.05261 -8.88172e+00 | 20  0.03970 -8.13141e+00 | 21 -0.00844 -2.00410e+00
 22 -0.00770  1.37134e+00 | 23  0.02320  2.51244e+00 | 24  0.00103  3.01354e+00
 25 -0.05733  2.45106e+00 | 26 -0.06848  5.05074e+00 | 27 -0.07575  3.72721e+00
 28 -0.08184  1.52935e+00 | 29 -0.04186  1.48484e+00 | 30  0.15034  2.34917e+00
 31 -0.05698  3.12746e+00 | 32 -0.13898  1.51618e+00 | 33 -0.15232  3.40406e-01
 34 -0.10780  3.32624e-01 | 35 -0.03793  2.09816e-01 | 36 -0.01724 -5.06744e-02
 37 -0.01574  1.49891e-01 | 38 -0.01684 -8.01871e-02 | 39 -0.01800 -3.24433e-01
 40 -0.55298  1.87930e-01 | 41 -0.99271  1.55185e-02 |

 - final statistics:
41 variables; iteration 0; function evaluation 0
Function value 3.6723e+00; maximum gradient component mag -8.8817e+00
Exit code = 0;  converg criter 1.0000e+01
Var    Value     Gradient |Var    Value     Gradient |Var    Value     Gradient
  1  0.56368  3.87872e-02 |  2 -0.07932 -6.86395e-01 |  3 -0.04076 -2.90742e-01
  4 -0.02445  3.92353e-02 |  5 -0.01091  1.77309e-02 |  6  0.00486  5.40834e-01
  7  0.01116  1.48752e-01 |  8  0.01367  4.34380e-01 |  9  0.00618  9.34249e-01
 10 -0.00749  1.54373e+00 | 11 -0.01472  1.89465e+00 | 12 -0.02362  1.99635e+00
 13 -0.01662  9.21704e-01 | 14 -0.00085 -6.86837e-01 | 15  0.01989 -1.86351e+00
 16 -0.01241 -6.30577e+00 | 17  0.00631 -4.24853e+00 | 18 -0.00659 -5.17687e+00
 19  0.05261 -8.88172e+00 | 20  0.03970 -8.13141e+00 | 21 -0.00844 -2.00410e+00
 22 -0.00770  1.37134e+00 | 23  0.02320  2.51244e+00 | 24  0.00103  3.01354e+00
 25 -0.05733  2.45106e+00 | 26 -0.06848  5.05074e+00 | 27 -0.07575  3.72721e+00
 28 -0.08184  1.52935e+00 | 29 -0.04186  1.48484e+00 | 30  0.15034  2.34917e+00
 31 -0.05698  3.12746e+00 | 32 -0.13898  1.51618e+00 | 33 -0.15232  3.40406e-01
 34 -0.10780  3.32624e-01 | 35 -0.03793  2.09816e-01 | 36 -0.01724 -5.06744e-02
 37 -0.01574  1.49891e-01 | 38 -0.01684 -8.01871e-02 | 39 -0.01800 -3.24433e-01
 40 -0.55298  1.87930e-01 | 41 -0.99271  1.55185e-02 |

Initial statistics: 46 variables; iteration 0; function evaluation 0; phase 3
Function value 3.6722746e+00; maximum gradient component mag 2.0423e+02
Var    Value     Gradient |Var    Value     Gradient |Var    Value     Gradient
  1  0.56368  3.87872e-02 |  2  0.01129  5.18358e+01 |  3 -0.07932 -6.86395e-01
  4 -0.04076 -2.90742e-01 |  5 -0.02445  3.92353e-02 |  6 -0.01091  1.77309e-02
  7  0.00486  5.40834e-01 |  8  0.01116  1.48752e-01 |  9  0.01367  4.34380e-01
 10  0.00618  9.34249e-01 | 11 -0.00749  1.54373e+00 | 12 -0.01472  1.89465e+00
 13 -0.02362  1.99635e+00 | 14 -0.01662  9.21704e-01 | 15 -0.00085 -6.86837e-01
 16  0.01989 -1.86351e+00 | 17 -0.01241 -6.30577e+00 | 18  0.00631 -4.24853e+00
 19 -0.00659 -5.17687e+00 | 20  0.05261 -8.88172e+00 | 21  0.03970 -8.13141e+00
 22 -0.00844 -2.00410e+00 | 23 -0.00770  1.37134e+00 | 24  0.02320  2.51244e+00
 25  0.00103  3.01354e+00 | 26 -0.05733  2.45106e+00 | 27 -0.06848  5.05074e+00
 28 -0.07575  3.72721e+00 | 29 -0.08184  1.52935e+00 | 30 -0.04186  1.48484e+00
 31  0.15034  2.34917e+00 | 32 -0.05698  3.12746e+00 | 33 -0.13898  1.51618e+00
 34 -0.15232  3.40406e-01 | 35 -0.10780  3.32624e-01 | 36 -0.03793  2.09816e-01
 37 -0.01724 -5.06744e-02 | 38 -0.01574  1.49891e-01 | 39 -0.01684 -8.01871e-02
 40 -0.01800 -3.24433e-01 | 41 -0.55298  1.87930e-01 | 42 -0.99271  1.55185e-02
 43 -0.39053 -1.73828e+02 | 44  0.00790  6.82570e+01 | 45 -0.09757  1.51419e+02
 46  0.08226  2.04230e+02 |

Intermediate statistics: 46 variables; iteration 20; function evaluation 29; phase 3
Function value -5.7601260e+01; maximum gradient component mag -1.5920e+02
Var    Value     Gradient |Var    Value     Gradient |Var    Value     Gradient
  1  0.55017  1.09404e-01 |  2  0.00947  1.29455e+01 |  3 -0.08610  2.45909e+00
  4 -0.05699  6.84833e-02 |  5 -0.03148  6.15857e-01 |  6 -0.01706 -4.98822e-02
  7 -0.01364 -2.55546e+00 |  8 -0.01425 -6.14089e+00 |  9 -0.00609 -1.13643e+01
 10  0.03009 -2.18080e+01 | 11  0.02784 -3.27191e+01 | 12 -0.01991 -2.44955e+01
 13 -0.07312 -1.97948e+01 | 14  0.02583  3.52917e+00 | 15 -0.01426  2.71835e+01
 16  0.02040  2.94520e+01 | 17  0.03123  1.90147e+00 | 18 -0.03290 -1.18303e+00
 19 -0.01527 -9.37181e+00 | 20  0.08652  1.17840e+01 | 21  0.00767  3.48382e+01
 22 -0.02797  3.83930e+01 | 23  0.02920  5.96070e+01 | 24  0.06074  3.94724e+01
 25 -0.07412  1.31143e+01 | 26 -0.09278  3.53793e+00 | 27  0.02927  5.66332e+01
 28 -0.09720  2.55111e+01 | 29 -0.06652  2.93411e+01 | 30 -0.07690 -1.72065e+01
 31  0.15958 -1.59201e+02 | 32 -0.15229 -3.36688e+01 | 33 -0.17267 -1.72733e+01
 34 -0.07395 -3.68084e+00 | 35 -0.01426  4.23612e+00 | 36 -0.02437  1.69925e-01
 37 -0.01574  1.97011e-01 | 38 -0.01535  1.73973e-01 | 39 -0.01532  2.09857e-01
 40 -0.01532  2.38117e-01 | 41  0.42249 -7.09035e-01 | 42 -0.99188 -1.92674e-05
 43 -0.26388 -5.21917e+01 | 44  0.05548  3.85800e+01 | 45 -0.22213  1.35525e+02
 46 -0.27984  5.16431e+00 |
46 variables; iteration 40; function evaluation 90; phase 3
Function value -6.4336924e+01; maximum gradient component mag -1.1557e+02
Var    Value     Gradient |Var    Value     Gradient |Var    Value     Gradient
  1  0.23546  3.53157e+00 |  2 -0.04448  5.24983e+00 |  3 -0.11569 -1.21267e+00
  4 -0.06030  3.44024e-01 |  5 -0.03713  1.67540e-01 |  6 -0.02308 -7.85958e-01
  7 -0.00914 -1.66337e+00 |  8  0.03050 -7.92275e-02 |  9  0.02006 -9.07765e+00
 10  0.01449 -1.92279e+01 | 11  0.02224 -2.41826e+01 | 12 -0.04350 -1.99903e+01
 13 -0.05557 -1.49138e+01 | 14  0.01925 -1.68201e+01 | 15 -0.02668 -4.30364e+00
 16  0.00129 -2.43104e-02 | 17  0.03846  2.09669e+01 | 18 -0.04680  2.60581e+01
 19 -0.00291  3.85441e+01 | 20  0.07267  3.08879e+01 | 21  0.01441  5.86049e+00
 22 -0.03433 -7.04425e+00 | 23 -0.00372 -1.01847e+01 | 24  0.07259 -3.60719e+00
 25 -0.10208 -3.67014e-01 | 26 -0.06701  1.49110e+01 | 27  0.01714  1.24518e+01
 28 -0.09447  1.48360e+00 | 29 -0.11115 -3.80733e+00 | 30 -0.06331  1.04708e+01
 31  0.15291  8.21920e+00 | 32 -0.11905 -1.45992e+01 | 33 -0.15761 -5.70222e+00
 34 -0.08135 -3.08295e+00 | 35 -0.04616 -4.52394e+00 | 36 -0.03203 -9.66892e-01
 37 -0.01740  7.40177e-04 | 38 -0.01602  1.12192e-01 | 39 -0.01562  2.39570e-01
 40 -0.01529  3.56305e-01 | 41  1.40146  3.62512e-01 | 42 -0.97826  1.69245e-05
 43 -0.17100 -3.06650e+01 | 44  0.14591  1.57141e+01 | 45 -0.24162 -1.15571e+02
 46 -0.34891  3.79468e+01 |
46 variables; iteration 60; function evaluation 120; phase 3
Function value -7.1238159e+01; maximum gradient component mag -2.1877e+02
Var    Value     Gradient |Var    Value     Gradient |Var    Value     Gradient
  1  0.42458  1.10079e-01 |  2 -0.07206 -2.42628e+00 |  3 -0.11507 -6.07489e-01
  4 -0.05292 -8.05836e-01 |  5 -0.02346 -1.11503e+00 |  6  0.00082 -1.27351e+00
  7  0.01135 -2.53249e+00 |  8  0.01345 -3.77273e+00 |  9  0.01537 -5.24729e+00
 10  0.02037 -7.40848e+00 | 11  0.00036 -8.21269e+00 | 12 -0.03642 -2.81438e+00
 13 -0.05721  8.88088e-01 | 14  0.01235  1.93316e-01 | 15 -0.02946  1.31110e+00
 16 -0.00603 -3.12353e+00 | 17  0.03973 -1.13312e+00 | 18 -0.06202 -5.45476e-01
 19 -0.01575  3.42705e+00 | 20  0.07041  8.69631e-01 | 21  0.00417  2.72915e-01
 22 -0.02794  1.46641e+00 | 23 -0.00697  6.57148e-01 | 24  0.06418  5.45683e-01
 25 -0.09091  3.07221e+00 | 26 -0.08725  2.41945e+00 | 27  0.01229  7.64969e+00
 28 -0.10262  4.55925e+00 | 29 -0.09774  8.26514e+00 | 30 -0.08400  6.01614e+00
 31  0.14455  7.72039e+00 | 32 -0.08848 -4.03559e+00 | 33 -0.15826 -1.46888e+00
 34 -0.08373  9.17532e-01 | 35 -0.02499 -3.98261e-02 | 36 -0.02350  2.65452e-02
 37 -0.01958 -6.06811e-01 | 38 -0.01657 -1.23286e-02 | 39 -0.01439  5.47119e-01
 40 -0.01377  7.24327e-01 | 41  1.14481  1.55208e-01 | 42 -0.90044  2.44527e-03
 43  0.21065  3.50243e+00 | 44  0.55437 -4.21000e-02 | 45 -0.26146 -2.18772e+02
 46 -0.56383  1.55368e+01 |
46 variables; iteration 80; function evaluation 141; phase 3
Function value -7.2202408e+01; maximum gradient component mag -1.1784e+02
Var    Value     Gradient |Var    Value     Gradient |Var    Value     Gradient
  1  0.56465  2.43485e-02 |  2 -0.06990 -1.44154e-01 |  3 -0.11620 -2.40073e-03
  4 -0.05500  5.19472e-02 |  5 -0.02687 -6.56647e-02 |  6 -0.00487 -1.13218e-01
  7  0.01154 -6.15021e-02 |  8  0.01701 -1.76726e-01 |  9  0.01861 -4.15388e-01
 10  0.02124 -9.10453e-01 | 11  0.00079 -1.61266e+00 | 12 -0.04066 -4.36467e-01
 13 -0.06121  1.11060e-01 | 14  0.01469  1.81659e+00 | 15 -0.03602  1.84157e+00
 16 -0.00287  1.50107e+00 | 17  0.03625  1.02984e+00 | 18 -0.05768  6.75975e-01
 19 -0.02025  3.58268e-01 | 20  0.06928  1.00036e+00 | 21  0.00500  1.20338e+00
 22 -0.03124  9.69126e-01 | 23 -0.00672  2.88772e+00 | 24  0.06360  2.45458e+00
 25 -0.09284  2.18456e+00 | 26 -0.08648  1.51870e+00 | 27  0.01118  1.11024e+00
 28 -0.10231  7.83856e-01 | 29 -0.09937  7.83110e-01 | 30 -0.08437 -3.38838e-01
 31  0.14111 -1.22477e+01 | 32 -0.07854 -2.60089e+00 | 33 -0.15789 -1.38015e+00
 34 -0.08479 -8.92298e-01 | 35 -0.02634 -5.65124e-01 | 36 -0.02498 -1.55198e-01
 37 -0.01676  1.24564e-01 | 38 -0.01658 -3.22290e-03 | 39 -0.01682 -3.97943e-02
 40 -0.01678 -7.31725e-03 | 41  0.99460 -5.12003e-03 | 42 -1.20543 -3.49114e-03
 43  0.14584 -4.00487e-01 | 44  0.45804  1.35000e-01 | 45 -0.26784 -1.17836e+02
 46 -0.87742  1.31883e+00 |
46 variables; iteration 100; function evaluation 162; phase 3
Function value -7.2249998e+01; maximum gradient component mag 9.6150e-01
Var    Value     Gradient |Var    Value     Gradient |Var    Value     Gradient
  1  0.61102  1.45909e-02 |  2 -0.06817  6.57102e-02 |  3 -0.11545  1.70050e-02
  4 -0.05481  6.01878e-04 |  5 -0.02612  7.57705e-03 |  6 -0.00398  8.23551e-03
  7  0.01156  8.14603e-03 |  8  0.01674  2.30114e-02 |  9  0.01801  5.23403e-02
 10  0.02068  1.05162e-01 | 11  0.00281  2.02355e-01 | 12 -0.04188  1.11950e-01
 13 -0.06092  1.20549e-01 | 14  0.01498  1.60646e-01 | 15 -0.03671  8.99609e-02
 16 -0.00263  8.39640e-02 | 17  0.03656  1.10581e-02 | 18 -0.05847 -3.10636e-02
 19 -0.01955 -7.85130e-02 | 20  0.06929 -1.40006e-01 | 21  0.00448 -9.38057e-02
 22 -0.02920 -3.56814e-02 | 23 -0.00963 -5.50559e-02 | 24  0.06531 -7.05919e-02
 25 -0.09576 -6.50242e-03 | 26 -0.08729 -2.06568e-03 | 27  0.01209  2.26794e-02
 28 -0.10301  2.21094e-02 | 29 -0.09949 -2.78421e-02 | 30 -0.08454 -5.50688e-02
 31  0.14146 -3.78478e-01 | 32 -0.07871 -3.21695e-02 | 33 -0.15733 -3.88120e-03
 34 -0.08482 -3.02241e-02 | 35 -0.02528 -1.67381e-03 | 36 -0.02429  1.20595e-03
 37 -0.01729 -1.38363e-02 | 38 -0.01656 -3.78937e-05 | 39 -0.01663  3.55591e-03
 40 -0.01673  1.23629e-03 | 41  1.00255  2.47112e-03 | 42 -0.87637  2.31113e-03
 43  0.15022 -9.33059e-02 | 44  0.44195  9.53663e-02 | 45 -0.26813  9.61496e-01
 46 -0.98011 -1.65539e-03 |
46 variables; iteration 120; function evaluation 183; phase 3
Function value -7.2251946e+01; maximum gradient component mag -9.8772e-02
Var    Value     Gradient |Var    Value     Gradient |Var    Value     Gradient
  1  0.57833  2.38013e-02 |  2 -0.06653 -4.88044e-04 |  3 -0.11472 -5.53113e-05
  4 -0.05461 -1.55085e-04 |  5 -0.02608 -1.68415e-04 |  6 -0.00402 -1.64723e-04
  7  0.01154 -1.41934e-04 |  8  0.01673 -1.33866e-04 |  9  0.01804  1.20793e-04
 10  0.02079  2.28788e-04 | 11  0.00272  3.51979e-04 | 12 -0.04173  1.45131e-04
 13 -0.06094  3.25929e-04 | 14  0.01501  5.86005e-04 | 15 -0.03663  4.97803e-04
 16 -0.00264  8.59979e-04 | 17  0.03664  3.50415e-04 | 18 -0.05847 -1.25941e-06
 19 -0.01949 -4.01900e-04 | 20  0.06931 -8.07731e-04 | 21  0.00457 -6.11986e-04
 22 -0.02921 -5.66999e-04 | 23 -0.00958 -4.75228e-04 | 24  0.06537 -1.01066e-03
 25 -0.09574 -5.45219e-04 | 26 -0.08726 -7.19556e-05 | 27  0.01215  3.30845e-04
 28 -0.10301  4.59068e-04 | 29 -0.09944  6.42206e-04 | 30 -0.08454 -6.90729e-05
 31  0.14151 -9.26396e-04 | 32 -0.07872 -1.37405e-04 | 33 -0.15733  1.32344e-04
 34 -0.08476  6.88082e-05 | 35 -0.02515 -3.53503e-05 | 36 -0.02420 -7.27906e-05
 37 -0.01722 -2.40196e-04 | 38 -0.01656 -1.11796e-05 | 39 -0.01664  5.13541e-05
 40 -0.01674  1.80671e-05 | 41  0.99969  3.15404e-04 | 42 -1.00277  1.61799e-05
 43  0.14854  2.17634e-02 | 44  0.41285 -2.70505e-02 | 45 -0.26813 -9.87716e-02
 46 -0.97826  1.62918e-02 |
  ic > imax  in fminim is answer attained ?
Var    Value     Gradient |Var    Value     Gradient |Var    Value     Gradient
  1  0.25345  3.08687e-02 |  2 -0.06500 -6.61148e-03 |  3 -0.11392  1.35644e-03
  4 -0.05440 -1.88149e-03 |  5 -0.02563  2.11569e-03 |  6 -0.00347  3.49423e-03
  7  0.01178  1.10049e-03 |  8  0.01700 -2.22571e-04 |  9  0.01781  6.39596e-04
 10  0.02089  3.72310e-03 | 11  0.00270  1.07764e-04 | 12 -0.04144  4.21166e-03
 13 -0.06082  1.70607e-02 | 14  0.01497  3.18660e-02 | 15 -0.03640  3.48295e-02
 16 -0.00280  4.63938e-02 | 17  0.03687  2.04062e-02 | 18 -0.05859  5.71001e-03
 19 -0.01937 -6.03825e-03 | 20  0.06947 -1.39527e-02 | 21  0.00442 -1.90839e-02
 22 -0.02877 -6.50551e-03 | 23 -0.00972 -1.29218e-02 | 24  0.06551 -1.76330e-02
 25 -0.09542 -7.90343e-03 | 26 -0.08740 -9.85039e-03 | 27  0.01229 -3.08928e-02
 28 -0.10285 -6.44188e-03 | 29 -0.09985 -3.77737e-03 | 30 -0.08413 -4.20224e-03
 31  0.14152 -1.41432e-02 | 32 -0.07863 -1.57149e-02 | 33 -0.15727  6.59532e-03
 34 -0.08487 -2.77242e-03 | 35 -0.02473  4.50057e-03 | 36 -0.02397  6.54337e-04
 37 -0.01710 -6.03618e-03 | 38 -0.01652  2.30416e-04 | 39 -0.01663  1.87212e-03
 40 -0.01669  1.91184e-03 | 41  1.00897 -2.17793e-03 | 42  0.58682  3.34411e-03
 43  0.14609  2.94605e-02 | 44  0.38760 -3.68028e-02 | 45 -0.26812 -3.29705e-01
 46 -0.97287  2.32696e-02 |
Function minimizer not making progress ... is minimum attained?
Minimprove criterion = 0.0000e+00

 - final statistics:
46 variables; iteration 137; function evaluation 231
Function value -7.2337e+01; maximum gradient component mag -3.2970e-01
Exit code = 1;  converg criter 1.0000e-04
Var    Value     Gradient |Var    Value     Gradient |Var    Value     Gradient
  1  0.25345  3.08687e-02 |  2 -0.06500 -6.61148e-03 |  3 -0.11392  1.35644e-03
  4 -0.05440 -1.88149e-03 |  5 -0.02563  2.11569e-03 |  6 -0.00347  3.49423e-03
  7  0.01178  1.10049e-03 |  8  0.01700 -2.22571e-04 |  9  0.01781  6.39596e-04
 10  0.02089  3.72310e-03 | 11  0.00270  1.07764e-04 | 12 -0.04144  4.21166e-03
 13 -0.06082  1.70607e-02 | 14  0.01497  3.18660e-02 | 15 -0.03640  3.48295e-02
 16 -0.00280  4.63938e-02 | 17  0.03687  2.04062e-02 | 18 -0.05859  5.71001e-03
 19 -0.01937 -6.03825e-03 | 20  0.06947 -1.39527e-02 | 21  0.00442 -1.90839e-02
 22 -0.02877 -6.50551e-03 | 23 -0.00972 -1.29218e-02 | 24  0.06551 -1.76330e-02
 25 -0.09542 -7.90343e-03 | 26 -0.08740 -9.85039e-03 | 27  0.01229 -3.08928e-02
 28 -0.10285 -6.44188e-03 | 29 -0.09985 -3.77737e-03 | 30 -0.08413 -4.20224e-03
 31  0.14152 -1.41432e-02 | 32 -0.07863 -1.57149e-02 | 33 -0.15727  6.59532e-03
 34 -0.08487 -2.77242e-03 | 35 -0.02473  4.50057e-03 | 36 -0.02397  6.54337e-04
 37 -0.01710 -6.03618e-03 | 38 -0.01652  2.30416e-04 | 39 -0.01663  1.87212e-03
 40 -0.01669  1.91184e-03 | 41  1.00897 -2.17793e-03 | 42  0.58682  3.34411e-03
 43  0.14609  2.94605e-02 | 44  0.38760 -3.68028e-02 | 45 -0.26812 -3.29705e-01
 46 -0.97287  2.32696e-02 |

Initial statistics: 47 variables; iteration 0; function evaluation 0; phase 4
Function value -7.2336950e+01; maximum gradient component mag -3.9645e+01
Var    Value     Gradient |Var    Value     Gradient |Var    Value     Gradient
  1  0.25345  4.50742e-01 |  2 -0.06500  2.10831e+00 |  3 -0.11392  8.35437e-02
  4 -0.05440 -1.99273e-01 |  5 -0.02563 -2.03550e-01 |  6 -0.00347 -4.87167e-01
  7  0.01178 -1.09042e+00 |  8  0.01700 -1.92530e+00 |  9  0.01781 -3.46369e+00
 10  0.02089 -6.09167e+00 | 11  0.00270 -8.17492e+00 | 12 -0.04144 -6.22162e+00
 13 -0.06082 -2.53332e+00 | 14  0.01497  1.96735e+00 | 15 -0.03640  3.50740e+00
 16 -0.00280  3.47932e+00 | 17  0.03687  1.67751e+00 | 18 -0.05859 -2.99608e-01
 19 -0.01937 -1.16098e+00 | 20  0.06947 -4.47836e+00 | 21  0.00442 -4.17494e+00
 22 -0.02877 -2.92694e+00 | 23 -0.00972 -2.62380e+00 | 24  0.06551 -5.74479e+00
 25 -0.09542 -1.81105e+00 | 26 -0.08740 -1.82636e+00 | 27  0.01229 -2.89777e+00
 28 -0.10285 -4.23773e-02 | 29 -0.09985  1.86726e+00 | 30 -0.08413  5.56751e+00
 31  0.14152  3.37959e+01 | 32 -0.07863  5.00110e+00 | 33 -0.15727  2.06964e+00
 34 -0.08487  1.83401e+00 | 35 -0.02473  7.58858e-01 | 36 -0.02397  1.27520e-01
 37 -0.01710  6.02727e-02 | 38 -0.01652  3.78700e-02 | 39 -0.01663  3.05698e-02
 40 -0.01669  3.87790e-02 | 41  0.00000  0.00000e+00 | 42  0.99103 -6.25032e-03
 43  0.58682  1.28454e-03 | 44  0.14609 -5.18518e-01 | 45  0.38760  8.06035e-01
 46 -0.26812 -3.96454e+01 | 47 -0.97287  1.00594e-01 |

Intermediate statistics: 47 variables; iteration 20; function evaluation 43; phase 4
Function value -7.2435276e+01; maximum gradient component mag 1.0015e+01
Var    Value     Gradient |Var    Value     Gradient |Var    Value     Gradient
  1  0.21456  3.13570e+00 |  2 -0.06502 -7.88149e-01 |  3 -0.11295 -6.96098e-01
  4 -0.05244 -6.22949e-02 |  5 -0.02796 -6.55070e-01 |  6 -0.00601 -7.10912e-01
  7  0.01173 -5.78084e-01 |  8  0.01602 -9.86452e-01 |  9  0.01670 -1.57541e+00
 10  0.01550 -3.07450e+00 | 11 -0.00112 -3.45999e+00 | 12 -0.04351 -1.74631e+00
 13 -0.06186  2.78167e-01 | 14  0.01011 -4.29491e-01 | 15 -0.04147 -1.04988e+00
 16 -0.00557 -4.52310e-01 | 17  0.03259  1.36626e-01 | 18 -0.06134  1.11097e+00
 19 -0.02042  1.62938e+00 | 20  0.06469 -3.89634e+00 | 21  0.00181 -4.98772e+00
 22 -0.03256 -2.78693e+00 | 23 -0.01260 -4.82549e-01 | 24  0.06250 -3.79540e+00
 25 -0.10099 -3.58801e+00 | 26 -0.09139 -2.62163e+00 | 27  0.00936  4.87758e-01
 28 -0.10701  1.63754e+00 | 29 -0.10122  3.55794e+00 | 30 -0.08727  3.38305e+00
 31  0.13665  1.00147e+01 | 32 -0.08199  8.43460e-02 | 33 -0.16184 -3.44563e-01
 34 -0.08709  6.36212e-01 | 35 -0.02701 -1.57287e-01 | 36 -0.02558 -3.29245e-01
 37 -0.01848 -2.19925e-01 | 38 -0.01752 -1.36195e-01 | 39 -0.01747 -1.04388e-01
 40 -0.01771 -1.42068e-01 | 41  0.00000  0.00000e+00 | 42  0.99155 -8.35493e-03
 43  0.58663  5.41254e-04 | 44  0.15355  1.11866e+00 | 45  0.32778 -3.14307e-01
 46 -0.26808 -7.40516e+00 | 47 -0.97806  2.04544e-02 |
47 variables; iteration 40; function evaluation 69; phase 4
Function value -7.2486124e+01; maximum gradient component mag -4.2861e+01
Var    Value     Gradient |Var    Value     Gradient |Var    Value     Gradient
  1  0.19873  7.19083e-01 |  2 -0.05773  6.06597e-01 |  3 -0.10972 -6.63115e-01
  4 -0.04841  3.42039e-01 |  5 -0.02594 -6.07634e-01 |  6 -0.00821 -1.35354e+00
  7  0.00951 -1.06880e+00 |  8  0.02016 -3.32210e-01 |  9  0.01944 -8.17159e-01
 10  0.01907 -1.93868e+00 | 11 -0.00123 -3.10742e+00 | 12 -0.04113 -1.73266e+00
 13 -0.06415 -1.52627e+00 | 14  0.01264  1.71552e+00 | 15 -0.03964  1.02819e+00
 16 -0.00662  4.26807e-02 | 17  0.03577 -9.72955e-01 | 18 -0.06134 -1.40190e+00
 19 -0.02209 -1.19154e+00 | 20  0.06681  1.24472e-01 | 21  0.00442  7.38424e-01
 22 -0.03050  7.56625e-01 | 23 -0.01411  1.11736e+00 | 24  0.06472  8.32869e-01
 25 -0.09886 -1.71468e+00 | 26 -0.08928 -1.59964e+00 | 27  0.00957 -4.10498e+00
 28 -0.10334 -7.93873e-01 | 29 -0.10226 -9.80361e-01 | 30 -0.08793  4.06075e-01
 31  0.13738  7.12517e+00 | 32 -0.07735  2.59868e+00 | 33 -0.15874  1.82857e+00
 34 -0.08822  1.43903e+00 | 35 -0.02452  6.31936e-01 | 36 -0.02374  2.24538e-02
 37 -0.01801 -1.19595e-01 | 38 -0.01698 -3.64075e-03 | 39 -0.01679  6.16953e-02
 40 -0.01720 -1.77420e-02 | 41  0.00000  0.00000e+00 | 42  1.00402  1.66961e-03
 43  0.57230  3.28066e-03 | 44  0.16224  1.26651e+00 | 45  0.30715  5.86695e-01
 46 -0.26819 -4.28608e+01 | 47 -0.99944 -1.03716e-01 |
47 variables; iteration 60; function evaluation 97; phase 4
Function value -7.2540379e+01; maximum gradient component mag 1.9362e+01
Var    Value     Gradient |Var    Value     Gradient |Var    Value     Gradient
  1  0.18675 -1.83482e+00 |  2 -0.05155 -5.37044e-02 |  3 -0.10412 -9.24895e-03
  4 -0.05032  1.65264e-02 |  5 -0.02487 -4.63581e-02 |  6 -0.00315  6.29322e-03
  7  0.01309  2.41202e-02 |  8  0.01784 -1.54601e-02 |  9  0.01782 -3.29481e-02
 10  0.01941 -3.43547e-02 | 11  0.00211  2.31303e-02 | 12 -0.04212 -2.96339e-02
 13 -0.06140  1.02532e-04 | 14  0.01179  5.98351e-02 | 15 -0.03892  9.79223e-02
 16 -0.00579  2.75583e-02 | 17  0.03603  3.38065e-02 | 18 -0.05988 -1.26280e-02
 19 -0.02114 -1.55569e-02 | 20  0.06696 -4.22187e-02 | 21  0.00540  1.31447e-02
 22 -0.02955 -1.83153e-02 | 23 -0.01392 -3.73053e-02 | 24  0.06500 -5.87193e-02
 25 -0.09609 -2.66253e-02 | 26 -0.08935 -2.31047e-02 | 27  0.01080 -2.40088e-02
 28 -0.10379 -2.08254e-02 | 29 -0.10065  4.60634e-02 | 30 -0.08815  5.58844e-02
 31  0.13777  2.07687e-01 | 32 -0.07747  2.58685e-02 | 33 -0.15937  2.99839e-02
 34 -0.08740  2.48693e-02 | 35 -0.02427  1.70343e-03 | 36 -0.02378 -5.14024e-02
 37 -0.01755 -6.71827e-03 | 38 -0.01702 -7.53688e-03 | 39 -0.01706  1.23909e-03
 40 -0.01713  6.30081e-03 | 41  0.00000  0.00000e+00 | 42  1.00088 -4.18471e-04
 43  0.44677  1.06426e-02 | 44  0.13814 -6.00074e-01 | 45  0.27207  1.29512e+00
 46 -0.26819  1.93617e+01 | 47 -1.01768  4.10596e-02 |
47 variables; iteration 80; function evaluation 126; phase 4
Function value -7.2560541e+01; maximum gradient component mag -1.0415e+01
Var    Value     Gradient |Var    Value     Gradient |Var    Value     Gradient
  1  0.17741  8.93480e-01 |  2 -0.04837  3.37133e-03 |  3 -0.10197 -8.77774e-03
  4 -0.04945 -9.95991e-04 |  5 -0.02419  1.34252e-04 |  6 -0.00304 -1.35805e-02
  7  0.01307 -7.55327e-03 |  8  0.01807  7.68406e-03 |  9  0.01788 -6.15923e-03
 10  0.01919 -3.88963e-02 | 11  0.00177 -4.19037e-02 | 12 -0.04215 -4.27950e-02
 13 -0.06155 -2.69018e-02 | 14  0.01129  1.61945e-02 | 15 -0.03953 -2.50537e-02
 16 -0.00619  2.07486e-02 | 17  0.03583 -1.07620e-02 | 18 -0.06012 -2.86223e-02
 19 -0.02145 -7.52064e-03 | 20  0.06657 -3.98723e-03 | 21  0.00541 -5.88257e-03
 22 -0.02963  4.01735e-03 | 23 -0.01460  1.51819e-02 | 24  0.06485 -1.29507e-03
 25 -0.09614 -6.53464e-03 | 26 -0.08967 -2.22603e-03 | 27  0.01048 -4.70562e-02
 28 -0.10384  6.57847e-03 | 29 -0.10096 -2.22432e-02 | 30 -0.08878  6.75877e-03
 31  0.13711  1.24490e-01 | 32 -0.07725  4.87884e-02 | 33 -0.15979  8.94417e-03
 34 -0.08790  1.17287e-02 | 35 -0.02415 -3.61528e-03 | 36 -0.02351 -4.74669e-03
 37 -0.01758 -7.84267e-04 | 38 -0.01707 -1.58788e-03 | 39 -0.01715 -1.12139e-03
 40 -0.01723 -1.77223e-04 | 41  0.00000  0.00000e+00 | 42  1.08191  4.02532e-03
 43 -1.01886 -8.36863e-04 | 44  0.13723  3.32252e-01 | 45  0.26235 -6.24422e-01
 46 -0.26819 -1.04148e+01 | 47 -1.02465 -4.77350e-02 |
47 variables; iteration 100; function evaluation 146; phase 4
Function value -7.2567471e+01; maximum gradient component mag -9.2800e+01
Var    Value     Gradient |Var    Value     Gradient |Var    Value     Gradient
  1  0.16470  8.00321e+00 |  2 -0.04544 -5.77959e-02 |  3 -0.09916 -5.16750e-02
  4 -0.04778  6.78231e-03 |  5 -0.02350 -2.69767e-02 |  6 -0.00288 -8.69807e-02
  7  0.01324 -8.35298e-02 |  8  0.01795 -9.02589e-02 |  9  0.01785 -3.11728e-02
 10  0.01926  6.24961e-03 | 11  0.00099 -1.49880e-01 | 12 -0.04217  5.01451e-03
 13 -0.06157  5.83672e-02 | 14  0.01031 -7.50948e-03 | 15 -0.04024 -5.95354e-02
 16 -0.00703 -6.78595e-02 | 17  0.03550 -1.18387e-01 | 18 -0.06041 -3.83091e-02
 19 -0.02202 -8.06815e-02 | 20  0.06596 -1.08505e-01 | 21  0.00537 -1.64840e-01
 22 -0.02963 -3.49351e-02 | 23 -0.01592 -7.39850e-02 | 24  0.06473 -8.71567e-02
 25 -0.09643 -1.69669e-01 | 26 -0.09037 -1.75620e-01 | 27  0.01010 -1.49368e-01
 28 -0.10415 -1.63455e-02 | 29 -0.10138 -1.60211e-03 | 30 -0.08966  1.42129e-01
 31  0.13606  6.62441e-01 | 32 -0.07711  6.76812e-02 | 33 -0.16033  6.52994e-02
 34 -0.08863  6.25028e-02 | 35 -0.02418  2.31962e-02 | 36 -0.02321  7.94744e-02
 37 -0.01771 -5.53110e-03 | 38 -0.01718  2.70522e-03 | 39 -0.01725  3.13791e-03
 40 -0.01739 -9.25383e-03 | 41  0.00000  0.00000e+00 | 42  1.30104  3.03598e-01
 43 -1.05376 -1.41071e-03 | 44  0.13566  2.90420e+00 | 45  0.25370 -6.13652e+00
 46 -0.26820 -9.27996e+01 | 47 -1.02699 -1.63598e-01 |
47 variables; iteration 120; function evaluation 186; phase 4
Function value -7.2932933e+01; maximum gradient component mag -2.1767e+02
Var    Value     Gradient |Var    Value     Gradient |Var    Value     Gradient
  1  0.06279  2.44322e+01 |  2  0.00380 -1.37048e-01 |  3 -0.04318  3.07849e-01
  4 -0.00299  7.28095e-02 |  5  0.00161  1.17571e-01 |  6  0.01252  3.33751e-01
  7  0.02860  7.07549e-01 |  8  0.02684  6.51783e-01 |  9  0.01628  4.73991e-01
 10  0.00765  5.81395e-02 | 11 -0.00556  7.80793e-01 | 12 -0.04466  2.39878e-01
 13 -0.06246  3.06404e-01 | 14 -0.01183  1.76893e+00 | 15 -0.06151  1.79412e+00
 16 -0.02523  2.00032e+00 | 17  0.02631  1.60234e+00 | 18 -0.06864 -1.66417e-01
 19 -0.02844 -2.86487e-01 | 20  0.04802 -1.33376e+00 | 21  0.00921 -8.87551e-01
 22 -0.03088 -6.63880e-01 | 23 -0.04193  7.52503e-01 | 24  0.05773 -3.14330e-01
 25 -0.09339 -2.94052e-02 | 26 -0.10011 -4.70896e-01 | 27 -0.00051 -4.34253e+00
 28 -0.10972 -1.80318e+00 | 29 -0.10181 -1.11552e+00 | 30 -0.10902 -7.87813e-01
 31  0.10759  3.40198e+00 | 32 -0.06968  6.45444e-01 | 33 -0.17671  4.46493e-02
 34 -0.10310  3.09552e-01 | 35 -0.02947  3.03452e-02 | 36 -0.02822 -1.40277e-01
 37 -0.02180  5.41959e-02 | 38 -0.02150  2.94106e-02 | 39 -0.02132  6.69541e-02
 40 -0.02114  1.08114e-01 | 41  0.00000  0.00000e+00 | 42  2.05602  2.01818e+00
 43  0.32867 -1.92124e-01 | 44  0.05344  9.06656e+00 | 45  0.15128 -1.88180e+01
 46 -0.26813 -2.17674e+02 | 47 -1.02060 -1.82096e-01 |
47 variables; iteration 140; function evaluation 217; phase 4
Function value -7.4953651e+01; maximum gradient component mag -8.5845e+02
Var    Value     Gradient |Var    Value     Gradient |Var    Value     Gradient
  1  0.03945  7.35976e+01 |  2  0.11567  8.20429e+00 |  3 -0.02030  1.52879e+00
  4 -0.00294  4.81143e+00 |  5 -0.00007  4.35621e+00 |  6  0.00693  4.79629e+00
  7  0.00951  5.36297e+00 |  8  0.01684  1.03413e+01 |  9 -0.00765  9.22048e+00
 10 -0.02300  8.10044e+00 | 11 -0.03870  9.35947e+00 | 12 -0.05556  1.41424e+01
 13 -0.06492  1.67973e+01 | 14 -0.05047  3.17513e+01 | 15 -0.10365  2.81787e+01
 16 -0.06063  5.06676e+01 | 17 -0.00415  6.81308e+01 | 18 -0.08182  2.65923e+01
 19 -0.05077  1.69386e+01 | 20  0.01709  3.42195e-01 | 21 -0.00080 -2.73906e+01
 22 -0.02603 -3.12886e+01 | 23 -0.09034 -1.98028e+01 | 24  0.03125 -5.93566e+01
 25 -0.06740 -3.96027e+01 | 26 -0.13125 -3.62645e+01 | 27 -0.01881 -9.51912e+01
 28 -0.10907 -5.27204e+01 | 29 -0.09152 -5.71814e+01 | 30 -0.13307 -1.63368e+01
 31  0.05278 -5.87442e+00 | 32 -0.05522 -6.92952e+00 | 33 -0.20880  1.26153e+00
 34 -0.13680  7.12205e-01 | 35 -0.04274  4.27139e-01 | 36 -0.04371 -2.31901e-01
 37 -0.03661 -1.20481e-01 | 38 -0.03567 -2.08090e-02 | 39 -0.03659 -3.96188e-01
 40 -0.03660 -5.50801e-01 | 41  0.00000  0.00000e+00 | 42  2.06757  7.05113e+00
 43 -0.87236 -5.69673e-01 | 44 -0.12319  8.09629e+01 | 45  0.04574 -1.16514e+02
 46 -0.26653 -8.58451e+02 | 47 -1.26066 -1.45776e+01 |
47 variables; iteration 160; function evaluation 243; phase 4
Function value -8.7030269e+01; maximum gradient component mag 6.5479e+02
Var    Value     Gradient |Var    Value     Gradient |Var    Value     Gradient
  1  0.03142  6.54792e+02 |  2  0.13641  3.75885e+00 |  3 -0.00050 -2.92932e-01
  4 -0.02524 -3.34915e+00 |  5 -0.00997 -1.98085e+00 |  6  0.01115 -2.05420e-01
  7  0.03071  2.00467e+00 |  8 -0.01626 -2.02155e+00 |  9 -0.04606 -1.24561e+00
 10 -0.06065 -1.31784e+00 | 11 -0.05859 -1.04264e+00 | 12 -0.09099 -7.25749e+00
 13 -0.01056  7.74262e+00 | 14 -0.08859 -4.54377e+01 | 15 -0.09389 -2.35933e+01
 16 -0.10261 -3.37628e+01 | 17 -0.03532 -7.63271e+01 | 18 -0.06800 -5.81098e+01
 19 -0.07617 -3.68522e+01 | 20 -0.00014 -5.95870e+01 | 21 -0.01445 -5.58523e+01
 22  0.00859 -5.24136e+00 | 23 -0.07736  4.26800e+01 | 24 -0.02451  1.22577e+02
 25 -0.00198  1.35282e+02 | 26 -0.11924  4.08630e+01 | 27 -0.03025 -8.67883e-01
 28 -0.08798 -1.05266e+01 | 29 -0.04472  5.50515e+01 | 30 -0.10378  5.05245e+01
 31 -0.01877  1.78968e+02 | 32 -0.02117  4.28708e+01 | 33 -0.18763  1.55354e+01
 34 -0.13651  1.98511e+01 | 35 -0.05534  9.52958e+00 | 36 -0.07563  1.10051e+00
 37 -0.06723  2.05427e-01 | 38 -0.06853  1.52687e-01 | 39 -0.06866 -3.79461e-02
 40 -0.06745  5.77434e-02 | 41  0.00000  0.00000e+00 | 42  2.72180  3.60904e+00
 43 -0.42131 -1.31404e+00 | 44 -0.26870  4.52482e+01 | 45 -0.03378 -5.16161e+01
 46 -0.25890  8.43185e+01 | 47 -1.47331  4.45236e+00 |
47 variables; iteration 180; function evaluation 267; phase 4
Function value -9.0107806e+01; maximum gradient component mag 1.4813e+03
Var    Value     Gradient |Var    Value     Gradient |Var    Value     Gradient
  1  0.03665  1.48127e+03 |  2  0.12438 -5.93096e+01 |  3 -0.01607 -2.44833e+01
  4 -0.01087 -2.76169e+01 |  5 -0.00040 -3.57589e+01 |  6 -0.00400 -4.32944e+01
  7 -0.03585 -4.51777e+01 |  8 -0.01353 -5.09853e+01 |  9 -0.06849 -4.21166e+01
 10 -0.09170 -4.21159e+01 | 11 -0.09398 -4.63578e+01 | 12 -0.08192 -4.76277e+01
 13 -0.01994 -1.00607e+02 | 14 -0.09221 -5.38255e+01 | 15 -0.11315 -3.55182e+01
 16 -0.11897 -2.25528e+01 | 17 -0.05472  4.71619e+00 | 18 -0.07305  6.46053e+00
 19 -0.09224  1.06660e+01 | 20 -0.02011  9.31951e+00 | 21 -0.02356  1.93882e+01
 22 -0.00698  6.58558e+01 | 23 -0.06760  5.68280e+01 | 24 -0.06391  8.81567e+01
 25 -0.00157  1.34030e+02 | 26 -0.12946  5.59421e+01 | 27 -0.05051  1.52479e+02
 28 -0.07922  1.26163e+02 | 29 -0.07664  1.43141e+02 | 30 -0.08043  1.39464e+02
 31 -0.07003  1.55710e+02 | 32 -0.02192  1.75617e+02 | 33 -0.18929  3.29809e+01
 34 -0.15015  3.24433e+01 | 35 -0.07356  2.63130e+01 | 36 -0.09195  1.26072e+00
 37 -0.08145 -1.04167e-01 | 38 -0.08318 -1.32912e-01 | 39 -0.08258 -1.95947e-01
 40 -0.08174 -2.73988e-01 | 41  0.00000  0.00000e+00 | 42  2.45981 -1.04959e+00
 43 -0.32666  3.62073e-01 | 44 -0.24131  1.22949e+02 | 45 -0.02105 -1.46555e+02
 46 -0.26064  5.10683e+02 | 47 -1.45871  2.72191e+01 |
47 variables; iteration 200; function evaluation 289; phase 4
Function value -9.0703263e+01; maximum gradient component mag 1.6798e+02
Var    Value     Gradient |Var    Value     Gradient |Var    Value     Gradient
  1  0.03868  1.67984e+02 |  2  0.09564  2.76878e+01 |  3 -0.01337  1.39919e+01
  4 -0.01701  1.49450e+01 |  5 -0.00891  1.81000e+01 |  6  0.00031  2.22866e+01
  7  0.00176  2.56400e+01 |  8 -0.03980  1.78114e+01 |  9 -0.07095  1.67612e+01
 10 -0.08315  1.76599e+01 | 11 -0.08073  2.05522e+01 | 12 -0.10818  1.39967e+01
 13 -0.02155  3.39639e+01 | 14 -0.09192  1.26394e+01 | 15 -0.11913 -5.52446e-01
 16 -0.11990 -1.37526e+01 | 17 -0.06219 -3.28589e+01 | 18 -0.07104 -3.11957e+01
 19 -0.10000 -2.77026e+01 | 20 -0.02440 -5.15492e+01 | 21 -0.02469 -4.22246e+01
 22 -0.01210 -3.79691e+01 | 23 -0.06498 -1.90173e+01 | 24 -0.07321  1.37217e+00
 25 -0.00347 -1.56652e+01 | 26 -0.12518 -1.10632e+00 | 27 -0.06085  1.29949e+01
 28 -0.07326  1.12044e+01 | 29 -0.08892  2.48125e+01 | 30 -0.07563  1.86675e+01
 31 -0.08258  6.49530e+00 | 32 -0.02149  1.87875e+00 | 33 -0.19189  3.19512e-01
 34 -0.15501  7.38691e-01 | 35 -0.08014 -8.56584e-02 | 36 -0.09410 -7.12930e-02
 37 -0.08359 -1.52211e-02 | 38 -0.08539 -1.81548e-02 | 39 -0.08440  3.71502e-03
 40 -0.08297  2.85215e-02 | 41  0.00000  0.00000e+00 | 42  2.48242 -3.93010e-02
 43 -0.01875  3.17143e-02 | 44 -0.22849  2.22333e+01 | 45 -0.00734 -1.32943e+01
 46 -0.26166  5.34943e+01 | 47 -1.45344  2.24920e+00 |
47 variables; iteration 220; function evaluation 309; phase 4
Function value -9.0816056e+01; maximum gradient component mag 8.9383e+01
Var    Value     Gradient |Var    Value     Gradient |Var    Value     Gradient
  1  0.03909  8.93832e+01 |  2  0.08966  2.49193e+00 |  3 -0.00779  2.07266e+00
  4 -0.01490  1.12395e+00 |  5 -0.00679  1.38319e+00 |  6  0.00313  1.84996e+00
  7 -0.00491  5.35082e-01 |  8 -0.03807 -1.31337e+00 |  9 -0.07084 -4.48278e-01
 10 -0.08646 -6.00751e-01 | 11 -0.08650 -8.30411e-01 | 12 -0.10585 -2.36777e+00
 13 -0.01933 -3.06408e+00 | 14 -0.09137 -4.43505e+00 | 15 -0.11845 -3.29460e+00
 16 -0.12212 -2.95639e+00 | 17 -0.06260 -1.62145e+00 | 18 -0.07203 -2.76481e+00
 19 -0.09786  5.59331e-02 | 20 -0.02845  3.06482e-01 | 21 -0.02164 -4.18122e+00
 22 -0.01602 -3.45608e+00 | 23 -0.05649 -3.91005e+00 | 24 -0.08378 -1.62590e-01
 25 -0.00076  8.01559e+00 | 26 -0.12219  5.23635e+00 | 27 -0.06512  1.66697e+01
 28 -0.06837  1.54649e+01 | 29 -0.09361  1.74943e+01 | 30 -0.07249  1.20669e+01
 31 -0.08616  1.23303e+01 | 32 -0.02133  7.72988e+00 | 33 -0.18534  1.60939e+00
 34 -0.15832  1.07028e+00 | 35 -0.08048  1.84545e+00 | 36 -0.09574  1.55994e-01
 37 -0.08501 -2.81920e-02 | 38 -0.08688 -2.69823e-02 | 39 -0.08596 -1.04658e-02
 40 -0.08484 -2.24712e-02 | 41  0.00000  0.00000e+00 | 42  2.47958 -1.70124e+00
 43 -0.03577  5.66001e-01 | 44 -0.22981 -7.70049e+00 | 45 -0.00548  2.04597e+01
 46 -0.26213  5.01182e+01 | 47 -1.44985  2.24367e+00 |
47 variables; iteration 240; function evaluation 329; phase 4
Function value -9.1027235e+01; maximum gradient component mag 7.3601e+02
Var    Value     Gradient |Var    Value     Gradient |Var    Value     Gradient
  1  0.03977  7.36007e+02 |  2  0.08805 -1.34907e+00 |  3 -0.01593 -9.48697e-01
  4 -0.01713 -4.69614e-01 |  5 -0.01129 -5.88981e-01 |  6 -0.00753 -1.07719e+00
  7 -0.01239 -1.82864e+00 |  8 -0.03038 -1.50543e-01 |  9 -0.07255 -1.69340e-01
 10 -0.08957  1.38774e-01 | 11 -0.08637  1.28241e-01 | 12 -0.09144  3.93405e-01
 13 -0.01665 -1.04410e+00 | 14 -0.08920  2.66036e+00 | 15 -0.12037  3.61763e+00
 16 -0.12215  5.17847e+00 | 17 -0.06621  8.09117e+00 | 18 -0.07004  1.01475e+01
 19 -0.09982  8.53613e+00 | 20 -0.03131  1.74967e+01 | 21 -0.02106  2.21890e+01
 22 -0.01816  2.82630e+01 | 23 -0.05347  2.68301e+01 | 24 -0.08750  2.48751e+01
 25 -0.00312  5.22188e+01 | 26 -0.11018  2.43687e+01 | 27 -0.07569  3.31590e+01
 28 -0.06045  3.11639e+01 | 29 -0.10287  2.47263e+01 | 30 -0.06774  2.37273e+01
 31 -0.09338  1.60560e+01 | 32 -0.02092  2.48333e+01 | 33 -0.18168  5.93006e+00
 34 -0.16003  5.88403e+00 | 35 -0.08322  3.94403e+00 | 36 -0.09739  1.92730e-01
 37 -0.08651 -2.61687e-02 | 38 -0.08859 -3.08046e-02 | 39 -0.08786 -4.35361e-02
 40 -0.08689 -6.38089e-02 | 41  0.00000  0.00000e+00 | 42  2.34814 -1.64478e+00
 43 -0.44009  4.27043e-01 | 44 -0.23721  3.05205e+01 | 45 -0.01142 -2.58364e+01
 46 -0.26280  5.07488e+02 | 47 -1.44477  2.15945e+01 |
47 variables; iteration 260; function evaluation 349; phase 4
Function value -9.1083544e+01; maximum gradient component mag 1.3514e+02
Var    Value     Gradient |Var    Value     Gradient |Var    Value     Gradient
  1  0.04059  1.35139e+02 |  2  0.09056 -1.62959e+00 |  3 -0.01753 -9.10279e-01
  4 -0.02216 -9.68228e-01 |  5 -0.01546 -1.06097e+00 |  6 -0.00900 -1.22587e+00
  7 -0.01008 -1.44533e+00 |  8 -0.03476 -1.28825e+00 |  9 -0.07484 -1.12233e+00
 10 -0.09295 -1.29769e+00 | 11 -0.08946 -1.49280e+00 | 12 -0.09519 -1.45972e+00
 13 -0.01590 -1.85015e+00 | 14 -0.09160 -8.54627e-01 | 15 -0.12008  1.17211e-01
 16 -0.12593  7.89216e-01 | 17 -0.06718  2.42593e+00 | 18 -0.07210  3.05740e+00
 19 -0.09996  3.23254e+00 | 20 -0.03414  6.96196e+00 | 21 -0.02176  8.14093e+00
 22 -0.02008  9.24334e+00 | 23 -0.05399  7.36764e+00 | 24 -0.08935  6.88314e+00
 25 -0.00558  1.12867e+01 | 26 -0.10641  4.26567e+00 | 27 -0.08157  6.16747e+00
 28 -0.05834  5.61379e+00 | 29 -0.10803  2.85119e+00 | 30 -0.06725  3.18588e+00
 31 -0.09684  7.84347e-01 | 32 -0.02242  1.80367e+00 | 33 -0.17980  3.72776e-01
 34 -0.16348  3.33255e-01 | 35 -0.08453  2.25620e-01 | 36 -0.09792  1.95712e-02
 37 -0.08732  2.18342e-03 | 38 -0.08946  1.05233e-03 | 39 -0.08858  2.18389e-03
 40 -0.08737  3.04176e-03 | 41  0.00000  0.00000e+00 | 42  2.28293  1.95201e-02
 43 -0.67789  1.74856e-02 | 44 -0.24320  6.90965e+00 | 45 -0.01704 -8.80467e+00
 46 -0.26252  8.34501e+01 | 47 -1.45470  3.70422e+00 |
47 variables; iteration 280; function evaluation 369; phase 4
Function value -9.1086623e+01; maximum gradient component mag -1.1648e+01
Var    Value     Gradient |Var    Value     Gradient |Var    Value     Gradient
  1  0.04089 -1.16480e+01 |  2  0.08881  5.60711e-02 |  3 -0.01774  6.12653e-02
  4 -0.02217  7.53548e-02 |  5 -0.01607  8.14788e-02 |  6 -0.01017  7.73802e-02
  7 -0.01126  2.29895e-02 |  8 -0.03558  1.22085e-01 |  9 -0.07560  1.38004e-01
 10 -0.09313  1.90549e-01 | 11 -0.08929  2.28001e-01 | 12 -0.09531  2.56938e-01
 13 -0.01626  3.48538e-01 | 14 -0.09150  2.92339e-01 | 15 -0.12106  8.72121e-02
 16 -0.12614  3.57217e-02 | 17 -0.06824 -7.94501e-02 | 18 -0.07232 -1.11584e-01
 19 -0.10049 -1.58041e-01 | 20 -0.03515 -4.56983e-01 | 21 -0.02205 -5.78017e-01
 22 -0.02091 -8.23852e-01 | 23 -0.05384 -6.71437e-01 | 24 -0.09044 -8.58185e-01
 25 -0.00643 -1.49588e+00 | 26 -0.10501 -6.12912e-01 | 27 -0.08362 -1.15438e+00
 28 -0.05794 -9.33817e-01 | 29 -0.10924 -8.02958e-01 | 30 -0.06753 -6.19168e-01
 31 -0.09764 -2.80236e-01 | 32 -0.02321 -1.92411e-01 | 33 -0.17867 -4.48599e-03
 34 -0.16462  1.86990e-03 | 35 -0.08518  2.62004e-02 | 36 -0.09853  1.32050e-03
 37 -0.08784 -6.99653e-04 | 38 -0.08998 -3.78733e-04 | 39 -0.08909 -7.36342e-04
 40 -0.08787 -2.00916e-03 | 41  0.00000  0.00000e+00 | 42  2.26864  1.33698e-01
 43 -0.73247  4.18187e-04 | 44 -0.24262  3.05669e-01 | 45 -0.01634 -9.86744e-01
 46 -0.26262 -9.97953e+00 | 47 -1.45347 -4.60437e-01 |
47 variables; iteration 300; function evaluation 390; phase 4
Function value -9.1088675e+01; maximum gradient component mag 4.5942e+01
Var    Value     Gradient |Var    Value     Gradient |Var    Value     Gradient
  1  0.04076  4.59416e+01 |  2  0.08894 -4.22605e+00 |  3 -0.01741 -2.04535e+00
  4 -0.02187 -2.16509e+00 |  5 -0.01575 -2.54311e+00 |  6 -0.00961 -2.97774e+00
  7 -0.01032 -3.27420e+00 |  8 -0.03559 -3.03909e+00 |  9 -0.07544 -2.44267e+00
 10 -0.09297 -2.29169e+00 | 11 -0.08919 -2.50079e+00 | 12 -0.09550 -2.62702e+00
 13 -0.01620 -5.03229e+00 | 14 -0.09153 -2.08148e+00 | 15 -0.12074 -2.03966e-01
 16 -0.12600  9.21216e-01 | 17 -0.06784  3.14364e+00 | 18 -0.07227  3.71575e+00
 19 -0.10026  3.54859e+00 | 20 -0.03479  6.52527e+00 | 21 -0.02191  7.04640e+00
 22 -0.02064  6.76358e+00 | 23 -0.05382  5.04549e+00 | 24 -0.09018  3.99870e+00
 25 -0.00599  7.35763e+00 | 26 -0.10590  2.90642e+00 | 27 -0.08252  3.61192e+00
 28 -0.05837  3.74243e+00 | 29 -0.10842  2.60341e+00 | 30 -0.06762  2.91870e+00
 31 -0.09713  2.07191e+00 | 32 -0.02298  2.71677e+00 | 33 -0.17905  4.42206e-01
 34 -0.16416  2.12398e-01 | 35 -0.08494  1.41794e-01 | 36 -0.09834  1.53652e-02
 37 -0.08765  2.28892e-03 | 38 -0.08979  2.10011e-03 | 39 -0.08891  2.69941e-03
 40 -0.08768  4.10978e-03 | 41  0.00000  0.00000e+00 | 42  2.25863 -6.41871e-01
 43 -0.85275  5.88411e-02 | 44 -0.24202 -7.70548e-01 | 45 -0.01582  3.02150e-02
 46 -0.26259  3.77401e+01 | 47 -1.45363  1.68325e+00 |
47 variables; iteration 320; function evaluation 412; phase 4
Function value -9.1089670e+01; maximum gradient component mag -8.5372e-01
Var    Value     Gradient |Var    Value     Gradient |Var    Value     Gradient
  1  0.04076 -8.53720e-01 |  2  0.08898  1.41114e-02 |  3 -0.01739  6.80035e-03
  4 -0.02190  7.16589e-03 |  5 -0.01578  8.54864e-03 |  6 -0.00975  1.03941e-02
  7 -0.01051  1.15357e-02 |  8 -0.03546  1.07085e-02 |  9 -0.07548  8.97210e-03
 10 -0.09305  8.45394e-03 | 11 -0.08935  8.90899e-03 | 12 -0.09546  9.26638e-03
 13 -0.01611  1.60220e-02 | 14 -0.09150  4.59961e-03 | 15 -0.12079 -1.29203e-04
 16 -0.12595 -4.67280e-03 | 17 -0.06793 -1.36806e-02 | 18 -0.07221 -1.78308e-02
 19 -0.10028 -1.87977e-02 | 20 -0.03483 -3.88447e-02 | 21 -0.02191 -4.39910e-02
 22 -0.02064 -5.08649e-02 | 23 -0.05378 -3.63125e-02 | 24 -0.09016 -3.15281e-02
 25 -0.00611 -5.64681e-02 | 26 -0.10545 -2.10093e-02 | 27 -0.08287 -2.85453e-02
 28 -0.05811 -2.55862e-02 | 29 -0.10867 -2.07720e-02 | 30 -0.06748 -1.89583e-02
 31 -0.09726 -1.26745e-02 | 32 -0.02302 -1.43075e-02 | 33 -0.17889 -3.04246e-03
 34 -0.16410 -1.10828e-03 | 35 -0.08499 -3.06533e-04 | 36 -0.09839  1.80134e-06
 37 -0.08771  1.80780e-05 | 38 -0.08985  1.40572e-05 | 39 -0.08897  2.75384e-05
 40 -0.08776  2.92928e-05 | 41  0.00000  0.00000e+00 | 42  2.25321 -7.10041e-03
 43 -0.98740  1.10261e-03 | 44 -0.24196 -8.71636e-02 | 45 -0.01580  1.41756e-01
 46 -0.26237  1.14968e-01 | 47 -1.45847 -1.64888e-02 |
47 variables; iteration 340; function evaluation 433; phase 4
Function value -9.1089775e+01; maximum gradient component mag -2.6958e+01
Var    Value     Gradient |Var    Value     Gradient |Var    Value     Gradient
  1  0.04076 -2.69576e+01 |  2  0.08899  1.51470e-01 |  3 -0.01736  7.77454e-02
  4 -0.02187  8.41773e-02 |  5 -0.01574  9.84533e-02 |  6 -0.00970  1.19734e-01
  7 -0.01046  1.34633e-01 |  8 -0.03543  1.23204e-01 |  9 -0.07544  1.03604e-01
 10 -0.09301  9.76469e-02 | 11 -0.08935  1.00095e-01 | 12 -0.09550  1.08056e-01
 13 -0.01611  1.04242e-01 | 14 -0.09148 -5.47855e-02 | 15 -0.12077 -9.19719e-02
 16 -0.12593 -1.35046e-01 | 17 -0.06791 -3.30863e-01 | 18 -0.07220 -4.67875e-01
 19 -0.10026 -4.84186e-01 | 20 -0.03482 -9.87849e-01 | 21 -0.02190 -1.23650e+00
 22 -0.02063 -1.41413e+00 | 23 -0.05377 -1.15071e+00 | 24 -0.09014 -8.80092e-01
 25 -0.00609 -1.74272e+00 | 26 -0.10545 -7.73449e-01 | 27 -0.08284 -8.43500e-01
 28 -0.05810 -1.02890e+00 | 29 -0.10866 -6.81628e-01 | 30 -0.06746 -8.15178e-01
 31 -0.09725 -5.69354e-01 | 32 -0.02299 -7.89160e-01 | 33 -0.17889 -2.16439e-01
 34 -0.16407 -1.59054e-01 | 35 -0.08499 -1.03983e-01 | 36 -0.09838 -6.59768e-03
 37 -0.08769  7.23102e-04 | 38 -0.08984  7.69847e-04 | 39 -0.08896  9.60216e-04
 40 -0.08774  1.28552e-03 | 41  0.00000  0.00000e+00 | 42  2.25348  1.94825e-02
 43 -1.00833 -6.07037e-04 | 44 -0.24196 -1.39042e+00 | 45 -0.01580  1.52554e+00
 46 -0.26259 -1.82214e+01 | 47 -1.45363 -8.27674e-01 |
47 variables; iteration 360; function evaluation 457; phase 4
Function value -9.1090031e+01; maximum gradient component mag -1.3032e+01
Var    Value     Gradient |Var    Value     Gradient |Var    Value     Gradient
  1  0.04075 -1.30317e+01 |  2  0.08902  3.27001e-01 |  3 -0.01733  1.62171e-01
  4 -0.02184  1.72220e-01 |  5 -0.01570  2.01146e-01 |  6 -0.00964  2.38276e-01
  7 -0.01042  2.61886e-01 |  8 -0.03539  2.39288e-01 |  9 -0.07539  1.97558e-01
 10 -0.09295  1.88382e-01 | 11 -0.08932  2.02503e-01 | 12 -0.09555  2.08934e-01
 13 -0.01614  3.57372e-01 | 14 -0.09146  1.09218e-01 | 15 -0.12076 -2.02023e-02
 16 -0.12590 -1.19214e-01 | 17 -0.06791 -3.45461e-01 | 18 -0.07218 -4.42089e-01
 19 -0.10026 -4.32130e-01 | 20 -0.03480 -8.40588e-01 | 21 -0.02189 -9.75260e-01
 22 -0.02062 -1.03051e+00 | 23 -0.05376 -8.05660e-01 | 24 -0.09012 -6.22746e-01
 25 -0.00608 -1.17194e+00 | 26 -0.10544 -4.98759e-01 | 27 -0.08282 -5.31763e-01
 28 -0.05810 -6.07840e-01 | 29 -0.10864 -3.70419e-01 | 30 -0.06745 -4.42231e-01
 31 -0.09724 -2.82957e-01 | 32 -0.02296 -3.54656e-01 | 33 -0.17886 -8.12243e-02
 34 -0.16404 -3.18838e-02 | 35 -0.08500 -1.53585e-02 | 36 -0.09837 -1.27881e-03
 37 -0.08768  1.92975e-04 | 38 -0.08982  2.00071e-04 | 39 -0.08894  2.74955e-04
 40 -0.08774  3.03891e-04 | 41  0.00000  0.00000e+00 | 42  2.25399  4.80367e-02
 43 -0.98780  7.42691e-04 | 44 -0.24205 -4.45224e-01 | 45 -0.01585  5.37348e-01
 46 -0.26312 -9.95554e+00 | 47 -1.44115 -4.31016e-01 |
47 variables; iteration 380; function evaluation 482; phase 4
Function value -9.1090248e+01; maximum gradient component mag -7.8865e+01
Var    Value     Gradient |Var    Value     Gradient |Var    Value     Gradient
  1  0.04076 -7.88648e+01 |  2  0.08896 -1.71569e-01 |  3 -0.01736 -8.38453e-02
  4 -0.02184 -7.93980e-02 |  5 -0.01567 -8.63420e-02 |  6 -0.00959 -9.27894e-02
  7 -0.01034 -9.28483e-02 |  8 -0.03535 -8.21719e-02 |  9 -0.07538 -6.80598e-02
 10 -0.09295 -5.91441e-02 | 11 -0.08930 -5.27046e-02 | 12 -0.09560 -4.37516e-02
 13 -0.01620 -2.95969e-01 | 14 -0.09142 -3.59303e-01 | 15 -0.12080 -3.15473e-01
 16 -0.12587 -2.90685e-01 | 17 -0.06794 -6.19073e-01 | 18 -0.07215 -8.67629e-01
 19 -0.10030 -8.90327e-01 | 20 -0.03480 -1.79164e+00 | 21 -0.02191 -2.46000e+00
 22 -0.02061 -2.97276e+00 | 23 -0.05378 -2.64679e+00 | 24 -0.09010 -2.12972e+00
 25 -0.00610 -4.58120e+00 | 26 -0.10542 -2.25176e+00 | 27 -0.08284 -2.66886e+00
 28 -0.05809 -3.19526e+00 | 29 -0.10866 -1.95189e+00 | 30 -0.06746 -2.25096e+00
 31 -0.09724 -1.41262e+00 | 32 -0.02297 -2.31402e+00 | 33 -0.17877 -6.54515e-01
 34 -0.16413 -5.70197e-01 | 35 -0.08499 -3.77320e-01 | 36 -0.09838 -2.51858e-02
 37 -0.08768  5.16061e-05 | 38 -0.08982  6.40150e-04 | 39 -0.08894  5.28038e-04
 40 -0.08773  7.21807e-04 | 41  0.00000  0.00000e+00 | 42  2.25417 -3.47423e-02
 43 -1.00360 -3.22241e-04 | 44 -0.24212 -4.62180e+00 | 45 -0.01588  4.74004e+00
 46 -0.26358 -5.73129e+01 | 47 -1.42961 -2.21125e+00 |
47 variables; iteration 400; function evaluation 507; phase 4
Function value -9.1090485e+01; maximum gradient component mag -4.3284e+01
Var    Value     Gradient |Var    Value     Gradient |Var    Value     Gradient
  1  0.04075 -4.32844e+01 |  2  0.08899  1.58791e-01 |  3 -0.01731  7.78301e-02
  4 -0.02179  8.94681e-02 |  5 -0.01561  1.08752e-01 |  6 -0.00954  1.29472e-01
  7 -0.01030  1.47623e-01 |  8 -0.03531  1.36534e-01 |  9 -0.07531  1.11445e-01
 10 -0.09289  1.07903e-01 | 11 -0.08927  1.30091e-01 | 12 -0.09566  1.33640e-01
 13 -0.01621  1.58107e-01 | 14 -0.09140 -6.23452e-02 | 15 -0.12077 -1.54881e-01
 16 -0.12584 -2.19998e-01 | 17 -0.06792 -5.16509e-01 | 18 -0.07213 -6.76531e-01
 19 -0.10028 -6.73370e-01 | 20 -0.03477 -1.31073e+00 | 21 -0.02189 -1.70500e+00
 22 -0.02059 -1.95806e+00 | 23 -0.05376 -1.70864e+00 | 24 -0.09007 -1.36249e+00
 25 -0.00608 -2.85738e+00 | 26 -0.10542 -1.37060e+00 | 27 -0.08281 -1.59781e+00
 28 -0.05808 -1.85481e+00 | 29 -0.10864 -1.08294e+00 | 30 -0.06744 -1.26017e+00
 31 -0.09722 -7.83071e-01 | 32 -0.02293 -1.24838e+00 | 33 -0.17876 -3.35034e-01
 34 -0.16406 -2.73219e-01 | 35 -0.08500 -1.80396e-01 | 36 -0.09837 -1.21193e-02
 37 -0.08765  2.16655e-04 | 38 -0.08979  4.17910e-04 | 39 -0.08892  4.12924e-04
 40 -0.08772  5.60814e-04 | 41  0.00000  0.00000e+00 | 42  2.25470  6.93418e-03
 43 -0.99126  7.16866e-04 | 44 -0.24215 -2.38899e+00 | 45 -0.01589  2.50307e+00
 46 -0.26406 -3.35505e+01 | 47 -1.41665 -1.20722e+00 |
47 variables; iteration 420; function evaluation 529; phase 4
Function value -9.1090698e+01; maximum gradient component mag -6.0968e+01
Var    Value     Gradient |Var    Value     Gradient |Var    Value     Gradient
  1  0.04075 -6.09677e+01 |  2  0.08903  6.50977e-01 |  3 -0.01727  3.12164e-01
  4 -0.02177  3.33686e-01 |  5 -0.01559  3.96049e-01 |  6 -0.00948  4.72994e-01
  7 -0.01024  5.28105e-01 |  8 -0.03526  4.84864e-01 |  9 -0.07527  3.90900e-01
 10 -0.09285  3.69820e-01 | 11 -0.08928  4.12904e-01 | 12 -0.09572  4.36589e-01
 13 -0.01624  6.71703e-01 | 14 -0.09136  9.83306e-02 | 15 -0.12078 -1.88080e-01
 16 -0.12579 -3.64828e-01 | 17 -0.06794 -9.85017e-01 | 18 -0.07209 -1.27032e+00
 19 -0.10028 -1.25149e+00 | 20 -0.03476 -2.39383e+00 | 21 -0.02188 -2.95828e+00
 22 -0.02058 -3.26176e+00 | 23 -0.05375 -2.70258e+00 | 24 -0.09005 -2.12866e+00
 25 -0.00608 -4.31228e+00 | 26 -0.10536 -2.00013e+00 | 27 -0.08282 -2.34983e+00
 28 -0.05805 -2.75652e+00 | 29 -0.10865 -1.70166e+00 | 30 -0.06742 -2.00881e+00
 31 -0.09722 -1.30623e+00 | 32 -0.02291 -2.05931e+00 | 33 -0.17870 -5.30916e-01
 34 -0.16406 -4.48796e-01 | 35 -0.08500 -3.08684e-01 | 36 -0.09837 -2.13591e-02
 37 -0.08764 -1.49837e-04 | 38 -0.08978  2.73787e-04 | 39 -0.08892  1.75745e-04
 40 -0.08771  2.68342e-04 | 41  0.00000  0.00000e+00 | 42  2.25515  1.00733e-01
 43 -1.00696 -2.35667e-04 | 44 -0.24218 -2.93614e+00 | 45 -0.01591  3.16640e+00
 46 -0.26451 -5.13329e+01 | 47 -1.40343 -1.70152e+00 |
47 variables; iteration 440; function evaluation 551; phase 4
Function value -9.1090871e+01; maximum gradient component mag -5.8326e+01
Var    Value     Gradient |Var    Value     Gradient |Var    Value     Gradient
  1  0.04074 -5.83260e+01 |  2  0.08906  1.01917e-01 |  3 -0.01723  4.95053e-02
  4 -0.02173  5.46565e-02 |  5 -0.01554  6.70588e-02 |  6 -0.00945  8.10555e-02
  7 -0.01022  9.44266e-02 |  8 -0.03523  9.11668e-02 |  9 -0.07522  7.85484e-02
 10 -0.09279  7.83182e-02 | 11 -0.08925  9.14216e-02 | 12 -0.09577  9.95946e-02
 13 -0.01624  4.44208e-02 | 14 -0.09135 -1.64726e-01 | 15 -0.12074 -2.15130e-01
 16 -0.12578 -2.71758e-01 | 17 -0.06791 -6.03344e-01 | 18 -0.07208 -8.09006e-01
 19 -0.10026 -8.08656e-01 | 20 -0.03473 -1.60018e+00 | 21 -0.02187 -2.16729e+00
 22 -0.02056 -2.55433e+00 | 23 -0.05374 -2.25494e+00 | 24 -0.09002 -1.85679e+00
 25 -0.00606 -3.85555e+00 | 26 -0.10536 -1.83235e+00 | 27 -0.08279 -2.16987e+00
 28 -0.05804 -2.50038e+00 | 29 -0.10862 -1.46782e+00 | 30 -0.06740 -1.65599e+00
 31 -0.09719 -9.64910e-01 | 32 -0.02288 -1.43608e+00 | 33 -0.17871 -3.96235e-01
 34 -0.16398 -2.73687e-01 | 35 -0.08501 -1.60727e-01 | 36 -0.09836 -1.10306e-02
 37 -0.08763  3.23804e-04 | 38 -0.08977  5.47985e-04 | 39 -0.08890  5.55534e-04
 40 -0.08770  4.09186e-04 | 41  0.00000  0.00000e+00 | 42  2.25548  1.51151e-03
 43 -0.99881 -6.31377e-05 | 44 -0.24221 -3.22170e+00 | 45 -0.01592  3.35225e+00
 46 -0.26486 -4.98245e+01 | 47 -1.39235 -1.54287e+00 |
47 variables; iteration 460; function evaluation 574; phase 4
Function value -9.1091069e+01; maximum gradient component mag -1.3983e+01
Var    Value     Gradient |Var    Value     Gradient |Var    Value     Gradient
  1  0.04074 -1.39832e+01 |  2  0.08905  2.80324e-01 |  3 -0.01721  1.34410e-01
  4 -0.02171  1.44160e-01 |  5 -0.01550  1.70175e-01 |  6 -0.00939  2.01323e-01
  7 -0.01015  2.23777e-01 |  8 -0.03519  2.04223e-01 |  9 -0.07518  1.63817e-01
 10 -0.09276  1.54987e-01 | 11 -0.08924  1.73365e-01 | 12 -0.09582  1.80385e-01
 13 -0.01628  3.15405e-01 | 14 -0.09132  9.45770e-02 | 15 -0.12075 -2.99368e-02
 16 -0.12575 -1.05407e-01 | 17 -0.06792 -3.11289e-01 | 18 -0.07205 -3.87551e-01
 19 -0.10027 -3.75576e-01 | 20 -0.03472 -7.02873e-01 | 21 -0.02186 -8.34448e-01
 22 -0.02055 -8.81205e-01 | 23 -0.05373 -7.13882e-01 | 24 -0.09001 -5.52847e-01
 25 -0.00606 -1.10517e+00 | 26 -0.10535 -5.04761e-01 | 27 -0.08279 -5.92740e-01
 28 -0.05803 -6.89173e-01 | 29 -0.10862 -4.22745e-01 | 30 -0.06739 -5.13215e-01
 31 -0.09719 -3.49087e-01 | 32 -0.02287 -5.57627e-01 | 33 -0.17865 -1.34951e-01
 34 -0.16400 -1.19025e-01 | 35 -0.08501 -8.54266e-02 | 36 -0.09835 -6.02436e-03
 37 -0.08762 -1.24644e-04 | 38 -0.08976 -2.10301e-05 | 39 -0.08889 -5.35797e-05
 40 -0.08769 -1.73454e-05 | 41  0.00000  0.00000e+00 | 42  2.25585  4.02753e-02
 43 -0.99766  7.85870e-05 | 44 -0.24225 -5.98366e-01 | 45 -0.01593  6.75319e-01
 46 -0.26528 -1.29273e+01 | 47 -1.37823 -3.78810e-01 |
47 variables; iteration 480; function evaluation 600; phase 4
Function value -9.1091246e+01; maximum gradient component mag -8.3705e+01
Var    Value     Gradient |Var    Value     Gradient |Var    Value     Gradient
  1  0.04073 -8.37053e+01 |  2  0.08906 -1.43180e-01 |  3 -0.01719 -6.90776e-02
  4 -0.02168 -6.99286e-02 |  5 -0.01547 -7.64414e-02 |  6 -0.00933 -8.12321e-02
  7 -0.01010 -8.25267e-02 |  8 -0.03515 -6.89671e-02 |  9 -0.07513 -5.20726e-02
 10 -0.09271 -4.48920e-02 | 11 -0.08923 -4.40643e-02 | 12 -0.09587 -3.14202e-02
 13 -0.01630 -3.04338e-01 | 14 -0.09129 -4.00028e-01 | 15 -0.12074 -3.46351e-01
 16 -0.12572 -3.24023e-01 | 17 -0.06792 -6.61735e-01 | 18 -0.07203 -9.40640e-01
 19 -0.10026 -9.70634e-01 | 20 -0.03471 -1.96453e+00 | 21 -0.02185 -2.72113e+00
 22 -0.02054 -3.31504e+00 | 23 -0.05372 -2.94461e+00 | 24 -0.08998 -2.40668e+00
 25 -0.00605 -5.07947e+00 | 26 -0.10533 -2.45059e+00 | 27 -0.08277 -2.87914e+00
 28 -0.05802 -3.39692e+00 | 29 -0.10862 -2.06702e+00 | 30 -0.06738 -2.34139e+00
 31 -0.09718 -1.40839e+00 | 32 -0.02284 -2.18998e+00 | 33 -0.17862 -6.25362e-01
 34 -0.16398 -4.93616e-01 | 35 -0.08501 -3.08521e-01 | 36 -0.09835 -2.05954e-02
 37 -0.08760  4.09042e-04 | 38 -0.08974  9.00729e-04 | 39 -0.08888  8.49691e-04
 40 -0.08768  8.63768e-04 | 41  0.00000  0.00000e+00 | 42  2.25620 -2.49034e-02
 43 -1.00533 -5.15682e-04 | 44 -0.24228 -4.79252e+00 | 45 -0.01595  4.92271e+00
 46 -0.26569 -7.85934e+01 | 47 -1.36299 -2.03144e+00 |
47 variables; iteration 500; function evaluation 623; phase 4
Function value -9.1091382e+01; maximum gradient component mag -5.7096e+01
Var    Value     Gradient |Var    Value     Gradient |Var    Value     Gradient
  1  0.04073 -5.63408e+01 |  2  0.08908  6.65525e-01 |  3 -0.01716  3.21437e-01
  4 -0.02165  3.43484e-01 |  5 -0.01543  4.06426e-01 |  6 -0.00930  4.82674e-01
  7 -0.01007  5.35955e-01 |  8 -0.03513  4.92157e-01 |  9 -0.07510  4.01422e-01
 10 -0.09268  3.81783e-01 | 11 -0.08922  4.26328e-01 | 12 -0.09591  4.44003e-01
 13 -0.01632  7.11246e-01 | 14 -0.09127  1.32859e-01 | 15 -0.12073 -1.57906e-01
 16 -0.12570 -3.53550e-01 | 17 -0.06792 -9.51211e-01 | 18 -0.07201 -1.22059e+00
 19 -0.10026 -1.20012e+00 | 20 -0.03470 -2.30219e+00 | 21 -0.02185 -2.84495e+00
 22 -0.02053 -3.13156e+00 | 23 -0.05371 -2.60606e+00 | 24 -0.08997 -2.06626e+00
 25 -0.00604 -4.17200e+00 | 26 -0.10532 -1.92973e+00 | 27 -0.08276 -2.25226e+00
 28 -0.05801 -2.59184e+00 | 29 -0.10861 -1.55497e+00 | 30 -0.06737 -1.81597e+00
 31 -0.09717 -1.14507e+00 | 32 -0.02283 -1.74625e+00 | 33 -0.17860 -4.45335e-01
 34 -0.16395 -3.41999e-01 | 35 -0.08502 -2.26624e-01 | 36 -0.09834 -1.59229e-02
 37 -0.08759 -5.38916e-05 | 38 -0.08973  2.36458e-04 | 39 -0.08887  1.97476e-04
 40 -0.08768  1.54312e-04 | 41  0.00000  0.00000e+00 | 42  2.25653  8.79188e-02
 43 -1.00553 -2.25418e-04 | 44 -0.24230 -2.70110e+00 | 45 -0.01596  2.92066e+00
 46 -0.26599 -5.70960e+01 | 47 -1.35093 -1.37838e+00 |
47 variables; iteration 520; function evaluation 651; phase 4
Function value -9.1091522e+01; maximum gradient component mag -3.1592e+01
Var    Value     Gradient |Var    Value     Gradient |Var    Value     Gradient
  1  0.04072 -3.04458e+01 |  2  0.08908  1.42623e-01 |  3 -0.01714  6.94754e-02
  4 -0.02163  7.46913e-02 |  5 -0.01540  8.96117e-02 |  6 -0.00925  1.07949e-01
  7 -0.01003  1.21250e-01 |  8 -0.03510  1.12885e-01 |  9 -0.07506  9.40570e-02
 10 -0.09264  9.01754e-02 | 11 -0.08920  1.01544e-01 | 12 -0.09595  1.07814e-01
 13 -0.01633  1.23798e-01 | 14 -0.09125 -4.25084e-02 | 15 -0.12072 -1.04059e-01
 16 -0.12567 -1.53039e-01 | 17 -0.06791 -3.71462e-01 | 18 -0.07199 -4.92823e-01
 19 -0.10025 -4.92973e-01 | 20 -0.03468 -9.70609e-01 | 21 -0.02184 -1.25772e+00
 22 -0.02051 -1.44752e+00 | 23 -0.05371 -1.24196e+00 | 24 -0.08995 -1.00365e+00
 25 -0.00603 -2.06660e+00 | 26 -0.10531 -9.73545e-01 | 27 -0.08275 -1.13653e+00
 28 -0.05800 -1.31608e+00 | 29 -0.10860 -7.88851e-01 | 30 -0.06736 -9.02283e-01
 31 -0.09716 -5.48967e-01 | 32 -0.02281 -8.32002e-01 | 33 -0.17858 -2.25923e-01
 34 -0.16393 -1.68588e-01 | 35 -0.08502 -1.05561e-01 | 36 -0.09834 -7.21615e-03
 37 -0.08758  1.20712e-04 | 38 -0.08972  2.72361e-04 | 39 -0.08886  2.73519e-04
 40 -0.08767  2.65821e-04 | 41  0.00000  0.00000e+00 | 42  2.25682  1.74105e-02
 43 -0.99840  9.32174e-06 | 44 -0.24233 -1.60209e+00 | 45 -0.01597  1.68201e+00
 46 -0.26631 -3.15922e+01 | 47 -1.33705 -7.04008e-01 |
47 variables; iteration 540; function evaluation 675; phase 4
Function value -9.1091636e+01; maximum gradient component mag -2.7955e+01
Var    Value     Gradient |Var    Value     Gradient |Var    Value     Gradient
  1  0.04072 -2.73527e+01 |  2  0.08909 -3.43447e-01 |  3 -0.01712 -1.66091e-01
  4 -0.02161 -1.75888e-01 |  5 -0.01537 -2.04598e-01 |  6 -0.00921 -2.37419e-01
  7 -0.00999 -2.60421e-01 |  8 -0.03507 -2.34921e-01 |  9 -0.07502 -1.87865e-01
 10 -0.09261 -1.75344e-01 | 11 -0.08919 -1.93614e-01 | 12 -0.09599 -1.92985e-01
 13 -0.01635 -4.59297e-01 | 14 -0.09124 -2.82539e-01 | 15 -0.12071 -1.27342e-01
 16 -0.12565 -4.72858e-02 | 17 -0.06791 -2.48673e-02 | 18 -0.07198 -7.34905e-02
 19 -0.10025 -9.23608e-02 | 20 -0.03467 -2.52684e-01 | 21 -0.02183 -4.87655e-01
 22 -0.02050 -7.26421e-01 | 23 -0.05370 -7.17709e-01 | 24 -0.08993 -6.24985e-01
 25 -0.00602 -1.39535e+00 | 26 -0.10529 -7.07139e-01 | 27 -0.08274 -8.46397e-01
 28 -0.05799 -1.01499e+00 | 29 -0.10859 -6.18802e-01 | 30 -0.06735 -6.68604e-01
 31 -0.09715 -3.66709e-01 | 32 -0.02279 -5.68415e-01 | 33 -0.17856 -1.87981e-01
 34 -0.16391 -1.41215e-01 | 35 -0.08502 -7.57911e-02 | 36 -0.09833 -4.83322e-03
 37 -0.08757  1.75422e-04 | 38 -0.08971  3.81526e-04 | 39 -0.08885  3.77163e-04
 40 -0.08766  3.26717e-04 | 41  0.00000  0.00000e+00 | 42  2.25706 -5.18608e-02
 43 -1.00075  1.78138e-04 | 44 -0.24235 -1.77398e+00 | 45 -0.01598  1.76165e+00
 46 -0.26660 -2.79545e+01 | 47 -1.32329 -5.71380e-01 |
47 variables; iteration 560; function evaluation 700; phase 4
Function value -9.1091699e+01; maximum gradient component mag -5.3671e+01
Var    Value     Gradient |Var    Value     Gradient |Var    Value     Gradient
  1  0.04072 -4.82399e+01 |  2  0.08911  1.79493e-01 |  3 -0.01710  8.77393e-02
  4 -0.02160  9.26684e-02 |  5 -0.01536  1.11846e-01 |  6 -0.00919  1.38186e-01
  7 -0.00998  1.53699e-01 |  8 -0.03506  1.44322e-01 |  9 -0.07501  1.22103e-01
 10 -0.09259  1.17416e-01 | 11 -0.08919  1.30312e-01 | 12 -0.09602  1.41275e-01
 13 -0.01636  1.25196e-01 | 14 -0.09122 -1.01438e-01 | 15 -0.12072 -1.74955e-01
 16 -0.12564 -2.31705e-01 | 17 -0.06791 -5.51591e-01 | 18 -0.07197 -7.51933e-01
 19 -0.10024 -7.61471e-01 | 20 -0.03467 -1.50725e+00 | 21 -0.02183 -1.95341e+00
 22 -0.02050 -2.26735e+00 | 23 -0.05369 -1.93041e+00 | 24 -0.08992 -1.55065e+00
 25 -0.00602 -3.18733e+00 | 26 -0.10528 -1.50033e+00 | 27 -0.08274 -1.74784e+00
 28 -0.05798 -2.04107e+00 | 29 -0.10859 -1.24591e+00 | 30 -0.06734 -1.41744e+00
 31 -0.09715 -8.61589e-01 | 32 -0.02278 -1.30771e+00 | 33 -0.17854 -3.59086e-01
 34 -0.16390 -2.71330e-01 | 35 -0.08503 -1.70180e-01 | 36 -0.09833 -1.15734e-02
 37 -0.08757  1.16231e-04 | 38 -0.08971  3.94432e-04 | 39 -0.08885  3.53399e-04
 40 -0.08766  2.70225e-04 | 41  0.00000  0.00000e+00 | 42  2.25724  2.37205e-02
 43 -0.99876 -6.04817e-05 | 44 -0.24237 -2.54997e+00 | 45 -0.01599  2.66120e+00
 46 -0.26678 -5.36715e+01 | 47 -1.31442 -1.03520e+00 |
47 variables; iteration 580; function evaluation 724; phase 4
Function value -9.1091785e+01; maximum gradient component mag -2.9006e+01
Var    Value     Gradient |Var    Value     Gradient |Var    Value     Gradient
  1  0.04072 -2.50177e+01 |  2  0.08911  9.61705e-02 |  3 -0.01709  4.74224e-02
  4 -0.02159  4.90948e-02 |  5 -0.01533  5.92446e-02 |  6 -0.00916  7.41717e-02
  7 -0.00995  8.15111e-02 |  8 -0.03503  7.68657e-02 |  9 -0.07498  6.61582e-02
 10 -0.09256  6.32574e-02 | 11 -0.08918  6.86800e-02 | 12 -0.09605  7.49358e-02
 13 -0.01637  5.93109e-02 | 14 -0.09121 -5.78840e-02 | 15 -0.12071 -9.29451e-02
 16 -0.12562 -1.20856e-01 | 17 -0.06790 -2.87819e-01 | 18 -0.07195 -3.98623e-01
 19 -0.10024 -4.08039e-01 | 20 -0.03466 -8.11915e-01 | 21 -0.02182 -1.04143e+00
 22 -0.02049 -1.20795e+00 | 23 -0.05369 -1.01406e+00 | 24 -0.08991 -8.08161e-01
 25 -0.00602 -1.64669e+00 | 26 -0.10527 -7.68985e-01 | 27 -0.08273 -8.87011e-01
 28 -0.05797 -1.03806e+00 | 29 -0.10859 -6.42294e-01 | 30 -0.06733 -7.26623e-01
 31 -0.09714 -4.43178e-01 | 32 -0.02277 -6.65786e-01 | 33 -0.17852 -1.84264e-01
 34 -0.16389 -1.36918e-01 | 35 -0.08503 -8.50642e-02 | 36 -0.09833 -5.72248e-03
 37 -0.08756  8.11666e-05 | 38 -0.08970  2.26681e-04 | 39 -0.08884  2.05287e-04
 40 -0.08765  1.53815e-04 | 41  0.00000  0.00000e+00 | 42  2.25748  1.49315e-02
 43 -0.99891 -8.99921e-05 | 44 -0.24239 -1.29913e+00 | 45 -0.01600  1.35317e+00
 46 -0.26702 -2.90065e+01 | 47 -1.30128 -5.18332e-01 |
47 variables; iteration 600; function evaluation 750; phase 4
Function value -9.1091854e+01; maximum gradient component mag -5.9191e+00
Var    Value     Gradient |Var    Value     Gradient |Var    Value     Gradient
  1  0.04071 -5.12818e+00 |  2  0.08910  1.04095e-02 |  3 -0.01708  4.91687e-03
  4 -0.02156  6.10574e-03 |  5 -0.01531  7.48290e-03 |  6 -0.00914  8.47373e-03
  7 -0.00991  1.04647e-02 |  8 -0.03501  9.80840e-03 |  9 -0.07496  7.67616e-03
 10 -0.09254  7.68349e-03 | 11 -0.08917  9.77567e-03 | 12 -0.09607  1.02330e-02
 13 -0.01638  1.01717e-02 | 14 -0.09120 -1.08305e-02 | 15 -0.12070 -1.74029e-02
 16 -0.12561 -2.33581e-02 | 17 -0.06790 -5.25600e-02 | 18 -0.07194 -6.82688e-02
 19 -0.10024 -6.70466e-02 | 20 -0.03465 -1.31626e-01 | 21 -0.02182 -1.82573e-01
 22 -0.02048 -2.14893e-01 | 23 -0.05369 -1.95917e-01 | 24 -0.08990 -1.62574e-01
 25 -0.00601 -3.43492e-01 | 26 -0.10527 -1.66588e-01 | 27 -0.08272 -1.98788e-01
 28 -0.05797 -2.28549e-01 | 29 -0.10858 -1.30409e-01 | 30 -0.06733 -1.49670e-01
 31 -0.09714 -8.81989e-02 | 32 -0.02276 -1.36938e-01 | 33 -0.17850 -3.72552e-02
 34 -0.16388 -2.81402e-02 | 35 -0.08503 -1.75408e-02 | 36 -0.09833 -1.20395e-03
 37 -0.08755  3.46206e-05 | 38 -0.08969  5.20265e-05 | 39 -0.08884  5.48914e-05
 40 -0.08765  6.38772e-05 | 41  0.00000  0.00000e+00 | 42  2.25768 -6.44196e-04
 43 -0.99890 -7.77299e-05 | 44 -0.24241 -2.93022e-01 | 45 -0.01600  3.06746e-01
 46 -0.26724 -5.91909e+00 | 47 -1.28818 -1.00965e-01 |
47 variables; iteration 620; function evaluation 777; phase 4
Function value -9.1091901e+01; maximum gradient component mag -3.3901e+01
Var    Value     Gradient |Var    Value     Gradient |Var    Value     Gradient
  1  0.04071 -2.76040e+01 |  2  0.08911  8.68905e-02 |  3 -0.01706  4.25176e-02
  4 -0.02155  4.61372e-02 |  5 -0.01529  5.59470e-02 |  6 -0.00911  6.82012e-02
  7 -0.00989  7.75129e-02 |  8 -0.03499  7.29238e-02 |  9 -0.07494  6.12668e-02
 10 -0.09252  5.93822e-02 | 11 -0.08916  6.75805e-02 | 12 -0.09610  7.25724e-02
 13 -0.01639  6.37071e-02 | 14 -0.09118 -6.08320e-02 | 15 -0.12070 -9.98429e-02
 16 -0.12559 -1.30393e-01 | 17 -0.06790 -3.01918e-01 | 18 -0.07193 -4.10526e-01
 19 -0.10024 -4.14808e-01 | 20 -0.03464 -8.20236e-01 | 21 -0.02182 -1.08230e+00
 22 -0.02047 -1.26342e+00 | 23 -0.05368 -1.09475e+00 | 24 -0.08989 -8.86853e-01
 25 -0.00601 -1.83337e+00 | 26 -0.10526 -8.69409e-01 | 27 -0.08272 -1.01646e+00
 28 -0.05796 -1.18044e+00 | 29 -0.10857 -7.07076e-01 | 30 -0.06732 -8.05263e-01
 31 -0.09713 -4.84594e-01 | 32 -0.02275 -7.35570e-01 | 33 -0.17849 -2.01764e-01
 34 -0.16387 -1.50780e-01 | 35 -0.08503 -9.42693e-02 | 36 -0.09832 -6.41591e-03
 37 -0.08754  1.30350e-04 | 38 -0.08968  2.61089e-04 | 39 -0.08883  2.56250e-04
 40 -0.08764  2.40645e-04 | 41  0.00000  0.00000e+00 | 42  2.25786  8.62690e-03
 43 -0.99788  9.64531e-05 | 44 -0.24242 -1.49090e+00 | 45 -0.01601  1.55620e+00
 46 -0.26743 -3.39007e+01 | 47 -1.27636 -5.16430e-01 |
47 variables; iteration 640; function evaluation 804; phase 4
Function value -9.1091935e+01; maximum gradient component mag -3.1215e+01
Var    Value     Gradient |Var    Value     Gradient |Var    Value     Gradient
  1  0.04071 -2.46743e+01 |  2  0.08911  9.21512e-02 |  3 -0.01705  4.50382e-02
  4 -0.02154  4.84544e-02 |  5 -0.01527  5.84760e-02 |  6 -0.00909  7.11628e-02
  7 -0.00987  8.02105e-02 |  8 -0.03497  7.51548e-02 |  9 -0.07492  6.31190e-02
 10 -0.09251  6.08656e-02 | 11 -0.08916  6.86057e-02 | 12 -0.09612  7.34835e-02
 13 -0.01640  7.15832e-02 | 14 -0.09117 -4.79428e-02 | 15 -0.12070 -8.68920e-02
 16 -0.12558 -1.18205e-01 | 17 -0.06790 -2.80278e-01 | 18 -0.07192 -3.79076e-01
 19 -0.10024 -3.82197e-01 | 20 -0.03463 -7.55986e-01 | 21 -0.02181 -9.89278e-01
 22 -0.02047 -1.14966e+00 | 23 -0.05368 -9.90307e-01 | 24 -0.08988 -8.00475e-01
 25 -0.00601 -1.64989e+00 | 26 -0.10525 -7.79928e-01 | 27 -0.08271 -9.10449e-01
 28 -0.05796 -1.05775e+00 | 29 -0.10857 -6.35862e-01 | 30 -0.06732 -7.24608e-01
 31 -0.09713 -4.38104e-01 | 32 -0.02274 -6.63784e-01 | 33 -0.17847 -1.81851e-01
 34 -0.16386 -1.35767e-01 | 35 -0.08503 -8.47424e-02 | 36 -0.09832 -5.76708e-03
 37 -0.08754  1.07106e-04 | 38 -0.08968  2.30216e-04 | 39 -0.08883  2.26107e-04
 40 -0.08764  2.10535e-04 | 41  0.00000  0.00000e+00 | 42  2.25801  1.03837e-02
 43 -0.99843  1.35797e-05 | 44 -0.24243 -1.31746e+00 | 45 -0.01601  1.37702e+00
 46 -0.26759 -3.12155e+01 | 47 -1.26540 -4.43307e-01 |
47 variables; iteration 660; function evaluation 830; phase 4
Function value -9.1091957e+01; maximum gradient component mag -2.2822e+01
Var    Value     Gradient |Var    Value     Gradient |Var    Value     Gradient
  1  0.04071 -1.76809e+01 |  2  0.08911  6.14369e-02 |  3 -0.01704  2.98746e-02
  4 -0.02153  3.26464e-02 |  5 -0.01526  3.94485e-02 |  6 -0.00907  4.75878e-02
  7 -0.00985  5.41535e-02 |  8 -0.03496  5.07226e-02 |  9 -0.07491  4.22224e-02
 10 -0.09249  4.08780e-02 | 11 -0.08915  4.67426e-02 | 12 -0.09614  4.99457e-02
 13 -0.01641  4.90785e-02 | 14 -0.09116 -3.43167e-02 | 15 -0.12070 -6.10753e-02
 16 -0.12557 -8.35402e-02 | 17 -0.06790 -1.97539e-01 | 18 -0.07191 -2.64943e-01
 19 -0.10024 -2.65627e-01 | 20 -0.03463 -5.25388e-01 | 21 -0.02181 -6.94130e-01
 22 -0.02046 -8.08530e-01 | 23 -0.05368 -7.03266e-01 | 24 -0.08987 -5.71629e-01
 25 -0.00600 -1.18409e+00 | 26 -0.10525 -5.62350e-01 | 27 -0.08271 -6.59453e-01
 28 -0.05795 -7.65053e-01 | 29 -0.10857 -4.55650e-01 | 30 -0.06731 -5.20006e-01
 31 -0.09712 -3.13103e-01 | 32 -0.02273 -4.76645e-01 | 33 -0.17846 -1.30549e-01
 34 -0.16386 -9.76011e-02 | 35 -0.08503 -6.06677e-02 | 36 -0.09832 -4.12951e-03
 37 -0.08753  8.34555e-05 | 38 -0.08967  1.68296e-04 | 39 -0.08882  1.67431e-04
 40 -0.08764  1.64198e-04 | 41  0.00000  0.00000e+00 | 42  2.25814  5.80947e-03
 43 -0.99922 -1.86013e-04 | 44 -0.24245 -9.55749e-01 | 45 -0.01602  9.99199e-01
 46 -0.26772 -2.28222e+01 | 47 -1.25543 -3.04089e-01 |
47 variables; iteration 680; function evaluation 856; phase 4
Function value -9.1091969e+01; maximum gradient component mag -1.2535e+01
Var    Value     Gradient |Var    Value     Gradient |Var    Value     Gradient
  1  0.04071 -9.56186e+00 |  2  0.08911  2.04182e-02 |  3 -0.01704  9.93772e-03
  4 -0.02152  1.11849e-02 |  5 -0.01525  1.37353e-02 |  6 -0.00906  1.66270e-02
  7 -0.00984  1.94315e-02 |  8 -0.03495  1.84112e-02 |  9 -0.07489  1.53889e-02
 10 -0.09248  1.51092e-02 | 11 -0.08915  1.77492e-02 | 12 -0.09615  1.92290e-02
 13 -0.01642  1.23372e-02 | 14 -0.09116 -2.46535e-02 | 15 -0.12069 -3.41225e-02
 16 -0.12556 -4.29657e-02 | 17 -0.06790 -9.80079e-02 | 18 -0.07191 -1.32434e-01
 19 -0.10024 -1.33165e-01 | 20 -0.03462 -2.64504e-01 | 21 -0.02181 -3.55939e-01
 22 -0.02046 -4.19460e-01 | 23 -0.05367 -3.69567e-01 | 24 -0.08986 -3.02219e-01
 25 -0.00600 -6.30163e-01 | 26 -0.10524 -3.01301e-01 | 27 -0.08270 -3.54331e-01
 28 -0.05795 -4.11225e-01 | 29 -0.10857 -2.43744e-01 | 30 -0.06731 -2.77500e-01
 31 -0.09712 -1.65723e-01 | 32 -0.02273 -2.53116e-01 | 33 -0.17845 -6.99747e-02
 34 -0.16385 -5.24447e-02 | 35 -0.08503 -3.24455e-02 | 36 -0.09832 -2.20085e-03
 37 -0.08753  5.37506e-05 | 38 -0.08967  9.77443e-05 | 39 -0.08882  9.77523e-05
 40 -0.08763  9.79999e-05 | 41  0.00000  0.00000e+00 | 42  2.25825  1.09964e-03
 43 -0.99931 -2.24147e-04 | 44 -0.24245 -5.28182e-01 | 45 -0.01602  5.49964e-01
 46 -0.26784 -1.25348e+01 | 47 -1.24634 -1.57527e-01 |
47 variables; iteration 700; function evaluation 879; phase 4
Function value -9.1091974e+01; maximum gradient component mag -7.8547e+00
Var    Value     Gradient |Var    Value     Gradient |Var    Value     Gradient
  1  0.04071 -5.87372e+00 |  2  0.08912  2.09555e-02 |  3 -0.01703  1.02069e-02
  4 -0.02151  1.11956e-02 |  5 -0.01524  1.35291e-02 |  6 -0.00905  1.62779e-02
  7 -0.00983  1.85953e-02 |  8 -0.03494  1.74061e-02 |  9 -0.07488  1.44499e-02
 10 -0.09247  1.40018e-02 | 11 -0.08914  1.60701e-02 | 12 -0.09616  1.70774e-02
 13 -0.01642  1.76259e-02 | 14 -0.09115 -1.09336e-02 | 15 -0.12069 -2.04969e-02
 16 -0.12556 -2.79917e-02 | 17 -0.06790 -6.55707e-02 | 18 -0.07190 -8.82681e-02
 19 -0.10024 -8.86906e-02 | 20 -0.03462 -1.74938e-01 | 21 -0.02181 -2.31421e-01
 22 -0.02046 -2.69333e-01 | 23 -0.05367 -2.34628e-01 | 24 -0.08986 -1.90538e-01
 25 -0.00600 -3.94420e-01 | 26 -0.10524 -1.87504e-01 | 27 -0.08270 -2.19911e-01
 28 -0.05795 -2.54746e-01 | 29 -0.10856 -1.51252e-01 | 30 -0.06730 -1.72684e-01
 31 -0.09712 -1.03803e-01 | 32 -0.02272 -1.58028e-01 | 33 -0.17845 -4.31026e-02
 34 -0.16385 -3.22563e-02 | 35 -0.08504 -2.02217e-02 | 36 -0.09832 -1.38072e-03
 37 -0.08753  2.93567e-05 | 38 -0.08967  5.56772e-05 | 39 -0.08882  5.57028e-05
 40 -0.08763  5.52520e-05 | 41  0.00000  0.00000e+00 | 42  2.25832  1.91488e-03
 43 -0.99796  9.52971e-05 | 44 -0.24246 -3.17921e-01 | 45 -0.01602  3.32685e-01
 46 -0.26792 -7.85469e+00 | 47 -1.23976 -9.44061e-02 |
47 variables; iteration 720; function evaluation 904; phase 4
Function value -9.1091975e+01; maximum gradient component mag -4.8962e-01
Var    Value     Gradient |Var    Value     Gradient |Var    Value     Gradient
  1  0.04071 -3.69683e-01 |  2  0.08912  3.59875e-04 |  3 -0.01703  1.68513e-04
  4 -0.02151  2.41136e-04 |  5 -0.01523  3.06966e-04 |  6 -0.00904  3.42852e-04
  7 -0.00982  4.60404e-04 |  8 -0.03494  4.42206e-04 |  9 -0.07488  3.40563e-04
 10 -0.09247  3.55613e-04 | 11 -0.08914  4.85257e-04 | 12 -0.09617  5.09740e-04
 13 -0.01642  3.15499e-04 | 14 -0.09115 -9.85283e-04 | 15 -0.12069 -1.37066e-03
 16 -0.12555 -1.63800e-03 | 17 -0.06790 -3.44480e-03 | 18 -0.07190 -4.60132e-03
 19 -0.10024 -4.55582e-03 | 20 -0.03462 -8.91039e-03 | 21 -0.02181 -1.25573e-02
 22 -0.02046 -1.50172e-02 | 23 -0.05367 -1.38009e-02 | 24 -0.08986 -1.15107e-02
 25 -0.00600 -2.44675e-02 | 26 -0.10524 -1.19084e-02 | 27 -0.08270 -1.41948e-02
 28 -0.05795 -1.63412e-02 | 29 -0.10856 -9.37304e-03 | 30 -0.06730 -1.07626e-02
 31 -0.09712 -6.28022e-03 | 32 -0.02272 -9.69449e-03 | 33 -0.17844 -2.65077e-03
 34 -0.16384 -2.00874e-03 | 35 -0.08504 -1.26788e-03 | 36 -0.09832 -8.82356e-05
 37 -0.08753  2.46718e-06 | 38 -0.08967  3.66094e-06 | 39 -0.08882  3.95370e-06
 40 -0.08763  4.61283e-06 | 41  0.00000  0.00000e+00 | 42  2.25837 -9.74026e-05
 43 -0.99855  9.37719e-07 | 44 -0.24247 -2.14001e-02 | 45 -0.01602  2.23164e-02
 46 -0.26797 -4.89624e-01 | 47 -1.23565 -5.72948e-03 |
Warning: the following parameters had issues
  init_F[2] is within 0.1% of lower bound: 0.00000e+00 < 1.28827e-05 < 1.00000e+01


 - final statistics:
47 variables; iteration 731; function evaluation 915
Function value -9.1092e+01; maximum gradient component mag -2.0369e-05
Exit code = 1;  converg criter 1.0000e-04
Var    Value     Gradient |Var    Value     Gradient |Var    Value     Gradient
  1  0.04071 -1.90297e-05 |  2  0.08912 -4.81192e-07 |  3 -0.01703 -2.36960e-07
  4 -0.02151 -2.33065e-07 |  5 -0.01523 -2.72475e-07 |  6 -0.00904 -3.36818e-07
  7 -0.00982 -3.50534e-07 |  8 -0.03494 -3.19512e-07 |  9 -0.07488 -2.76777e-07
 10 -0.09247 -2.54510e-07 | 11 -0.08914 -2.54316e-07 | 12 -0.09617 -2.71087e-07
 13 -0.01642 -4.12616e-07 | 14 -0.09115 -2.20166e-07 | 15 -0.12069 -1.54966e-07
 16 -0.12555 -3.64769e-08 | 17 -0.06790  1.80236e-07 | 18 -0.07190  2.26238e-07
 19 -0.10024  2.77047e-07 | 20 -0.03462  6.40137e-07 | 21 -0.02181  4.51456e-07
 22 -0.02046  2.36745e-07 | 23 -0.05367 -1.68922e-07 | 24 -0.08986 -3.30182e-07
 25 -0.00600 -1.08133e-06 | 26 -0.10524 -6.42287e-07 | 27 -0.08270 -8.54349e-07
 28 -0.05794 -9.53637e-07 | 29 -0.10856 -4.46220e-07 | 30 -0.06730 -5.74109e-07
 31 -0.09712 -2.37086e-07 | 32 -0.02272 -3.75583e-07 | 33 -0.17844 -1.07293e-07
 34 -0.16384 -9.43271e-08 | 35 -0.08504 -6.88780e-08 | 36 -0.09832 -6.53019e-09
 37 -0.08753  2.27787e-10 | 38 -0.08967  1.50114e-10 | 39 -0.08882  4.04760e-10
 40 -0.08763  8.36178e-10 | 41  0.00000  0.00000e+00 | 42  2.25837 -1.08658e-07
 43 -0.99855 -4.83371e-09 | 44 -0.24247 -1.75496e-06 | 45 -0.01602  1.77787e-06
 46 -0.26797 -2.03691e-05 | 47 -1.23534 -2.37959e-07 |
Estimating row 1 out of 47 for hessian
Estimating row 2 out of 47 for hessian
Estimating row 3 out of 47 for hessian
Estimating row 4 out of 47 for hessian
Estimating row 5 out of 47 for hessian
Estimating row 6 out of 47 for hessian
Estimating row 7 out of 47 for hessian
Estimating row 8 out of 47 for hessian
Estimating row 9 out of 47 for hessian
Estimating row 10 out of 47 for hessian
Estimating row 11 out of 47 for hessian
Estimating row 12 out of 47 for hessian
Estimating row 13 out of 47 for hessian
Estimating row 14 out of 47 for hessian
Estimating row 15 out of 47 for hessian
Estimating row 16 out of 47 for hessian
Estimating row 17 out of 47 for hessian
Estimating row 18 out of 47 for hessian
Estimating row 19 out of 47 for hessian
Estimating row 20 out of 47 for hessian
Estimating row 21 out of 47 for hessian
Estimating row 22 out of 47 for hessian
Estimating row 23 out of 47 for hessian
Estimating row 24 out of 47 for hessian
Estimating row 25 out of 47 for hessian
Estimating row 26 out of 47 for hessian
Estimating row 27 out of 47 for hessian
Estimating row 28 out of 47 for hessian
Estimating row 29 out of 47 for hessian
Estimating row 30 out of 47 for hessian
Estimating row 31 out of 47 for hessian
Estimating row 32 out of 47 for hessian
Estimating row 33 out of 47 for hessian
Estimating row 34 out of 47 for hessian
Estimating row 35 out of 47 for hessian
Estimating row 36 out of 47 for hessian
Estimating row 37 out of 47 for hessian
Estimating row 38 out of 47 for hessian
Estimating row 39 out of 47 for hessian
Estimating row 40 out of 47 for hessian
Estimating row 41 out of 47 for hessian
Estimating row 42 out of 47 for hessian
Estimating row 43 out of 47 for hessian
Estimating row 44 out of 47 for hessian
Estimating row 45 out of 47 for hessian
Estimating row 46 out of 47 for hessian
Estimating row 47 out of 47 for hessian
size of file gradfil1.tmp = 0
size of file gradfil2.tmp = 0
size of file varssave.tmp = 0
size of file cmpdiff.tmp = 0
