
Initial statistics: 75 variables; iteration 0; function evaluation 0; phase 1
Function value 5.2939919e+06; maximum gradient component mag -9.7232e+06
Var    Value     Gradient |Var    Value     Gradient |Var    Value     Gradient
  1 -0.29387 -9.72321e+06 |  2 -0.03315 -2.68099e+04 |  3 -0.04197 -4.19807e+04
  4  0.05059 -7.84734e+04 |  5 -0.03827 -8.61102e+04 |  6  0.01910 -9.70423e+04
  7  0.01494 -9.67488e+04 |  8 -0.00757 -9.49428e+04 |  9 -0.03998 -8.16159e+04
 10  0.00319 -8.72182e+04 | 11  0.01889 -8.59855e+04 | 12 -0.03880 -6.76154e+04
 13  0.05221 -8.57805e+04 | 14 -0.01031 -6.30909e+04 | 15 -0.04583 -5.54716e+04
 16 -0.02678 -5.47717e+04 | 17 -0.03112 -6.96605e+04 | 18  0.01797 -8.04012e+04
 19 -0.03936 -4.84370e+04 | 20 -0.01526  4.27949e+04 | 21 -0.04440  4.64234e+04
 22 -0.02956  4.93688e+04 | 23  0.04380  7.21457e+04 | 24  0.04639  6.36683e+04
 25  0.01572  3.59282e+04 | 26 -0.02526  1.33980e+04 | 27  0.00460  1.27682e+04
 28  0.00039  9.07140e+03 | 29 -0.00629 -1.47811e+04 | 30 -0.03140 -2.14195e+04
 31 -0.01190 -1.87394e+04 | 32 -0.01596 -2.33755e+04 | 33 -0.01725 -8.84849e+04
 34  0.04894 -1.07973e+05 | 35  0.00435 -7.50721e+04 | 36  0.00754 -9.19160e+04
 37 -0.00779 -7.95153e+04 | 38 -0.02633 -7.43488e+04 | 39 -0.01393 -9.29246e+04
 40 -0.00223 -8.74896e+04 | 41 -0.00282 -7.80699e+04 | 42  0.05059 -9.05488e+04
 43 -0.00881 -8.45410e+04 | 44 -0.01277 -8.66964e+04 | 45  0.01584 -1.04232e+05
 46 -0.01008 -1.08855e+05 | 47 -0.00766 -1.03370e+05 | 48 -0.00104 -1.15640e+05
 49 -0.04766 -8.51133e+04 | 50  0.02475 -1.08245e+05 | 51  0.01949 -1.04068e+05
 52 -0.00524  8.84795e+04 | 53  0.00922 -1.11337e+05 | 54  0.04655 -1.31095e+05
 55 -0.03504 -9.57818e+04 | 56 -0.02237 -1.12310e+05 | 57 -0.00176 -9.66587e+04
 58  0.02276 -1.03228e+05 | 59  0.01340 -9.59163e+04 | 60  0.02952 -1.10367e+05
 61  0.04989 -1.26412e+05 | 62  0.04770 -1.11008e+05 | 63  0.00937 -1.01660e+05
 64  0.01910 -1.16733e+05 | 65 -0.04012 -8.26727e+04 | 66  0.02683 -1.22169e+05
 67 -0.03733 -9.46947e+04 | 68  0.05142 -1.27744e+05 | 69  0.00413 -1.07367e+05
 70  0.01236 -1.05017e+05 | 71  0.04977 -9.78128e+04 | 72 -0.03561 -7.92500e+04
 73 -0.04277 -7.42803e+04 | 74 -0.03340 -2.11387e+03 | 75  0.02740  2.01322e+02

Intermediate statistics: 75 variables; iteration 20; function evaluation 40; phase 1
Function value 9.0011328e+02; maximum gradient component mag 4.5453e+02
Var    Value     Gradient |Var    Value     Gradient |Var    Value     Gradient
  1  1.97999  4.54535e+02 |  2  0.03757  7.74126e+00 |  3  0.02600  8.89495e+00
  4  0.01787  6.93021e+00 |  5  0.05036  1.44121e+01 |  6  0.04421  1.29255e+01
  7  0.05063  1.42973e+01 |  8  0.06021  1.63551e+01 |  9  0.06554  1.74353e+01
 10  0.07140  1.85902e+01 | 11  0.08278  2.10341e+01 | 12  0.07854  2.03117e+01
 13  0.13111  3.18335e+01 | 14  0.09728  2.52423e+01 | 15  0.09928  2.57313e+01
 16  0.12480  3.09835e+01 | 17  0.17029  3.90653e+01 | 18  0.43460  6.07120e+01
 19  0.19191  4.40034e+01 | 20  0.12951  3.30455e+01 | 21  0.10424  2.97865e+01
 22  0.12133  3.79605e+01 | 23  0.31642  1.14806e+02 | 24  0.27995  1.29930e+02
 25  0.14944  8.25578e+01 | 26  0.05552  4.94214e+01 | 27  0.02272  4.40918e+01
 28 -0.02836  2.64719e+01 | 29 -0.05472  1.73449e+01 | 30 -0.04920  1.51958e+01
 31 -0.01098  1.45767e+01 | 32  0.06102  2.01767e+01 | 33  0.04919  2.30216e+01
 34 -0.00311 -1.33215e+00 | 35  0.07985 -2.50678e+00 | 36 -0.01097 -1.22465e+01
 37  0.06635 -2.06826e+01 | 38  0.11110 -2.61448e+01 | 39  0.03911 -1.47524e+01
 40 -0.01351 -1.63402e+01 | 41  0.11332 -3.79480e+01 | 42  0.22899 -1.00157e+02
 43 -0.02244 -1.76166e+01 | 44 -0.02661 -2.11681e+01 | 45 -0.06388 -3.07306e+01
 46 -0.05648 -2.42424e+01 | 47 -0.03396 -4.85655e+00 | 48  0.08323  4.54380e+01
 49  0.07735  6.89993e+01 | 50  0.04899  9.95018e+01 | 51  0.04583  4.20613e+01
 52 -0.00917 -4.60032e+00 | 53  0.08324 -7.30966e-01 | 54  0.06542 -2.67438e+01
 55  0.05432 -2.55467e+01 | 56 -0.02460 -3.00133e+01 | 57  0.15786 -2.25765e+01
 58 -0.02748 -5.17051e+01 | 59  0.09537 -1.68429e+01 | 60  0.01291  3.01557e+01
 61  0.14616  9.18292e+01 | 62 -0.03649  1.19462e+01 | 63 -0.03604 -2.14092e+00
 64  0.07507 -8.31614e+00 | 65 -0.00358  2.04381e+01 | 66 -0.05986  1.22414e+01
 67  0.01883  5.65225e+01 | 68  0.20495  6.27584e+01 | 69 -0.12009 -2.48150e+01
 70 -0.25488 -6.83386e+01 | 71 -0.04899 -1.08355e+02 | 72 -0.35915 -6.49747e+01
 73 -0.04906  5.03657e+00 | 74 -0.00656  2.07047e+00 | 75 -0.03228 -4.20521e+00
75 variables; iteration 40; function evaluation 65; phase 1
Function value 8.6382579e+02; maximum gradient component mag -1.8774e+02
Var    Value     Gradient |Var    Value     Gradient |Var    Value     Gradient
  1  1.98300  9.89197e+01 |  2  0.02677  5.10873e+00 |  3  0.01318  5.71081e+00
  4  0.00417  3.46226e+00 |  5  0.02695  8.61663e+00 |  6  0.02391  7.73553e+00
  7  0.02877  8.64059e+00 |  8  0.03456  9.71488e+00 |  9  0.03625  9.84019e+00
 10  0.04453  1.13507e+01 | 11  0.05579  1.35276e+01 | 12  0.04610  1.14366e+01
 13  0.10035  2.26997e+01 | 14  0.06379  1.55122e+01 | 15  0.05833  1.40352e+01
 16  0.07166  1.60571e+01 | 17  0.06562  1.36313e+01 | 18  0.49105 -1.12351e+01
 19  0.05040  9.84187e+00 | 20  0.07984  1.53072e+01 | 21  0.07513  1.58936e+01
 22  0.09885  2.32029e+01 | 23  0.18384  4.87912e+01 | 24  0.17889  6.40512e+01
 25  0.05440  3.34003e+01 | 26  0.00846  2.60484e+01 | 27  0.01828  4.20302e+01
 28 -0.01015  3.80210e+01 | 29 -0.03075  3.22484e+01 | 30 -0.04710  1.75829e+01
 31 -0.03260  3.46541e+00 | 32  0.03239 -5.08461e+00 | 33  0.04781 -7.75374e+00
 34 -0.14816 -4.25811e+01 | 35  0.08071 -6.22374e+01 | 36 -0.16401 -4.60406e+01
 37  0.07717 -4.59602e+01 | 38  0.04371 -3.63212e+01 | 39  0.03040  9.34997e-02
 40  0.06347  2.58338e+01 | 41 -0.05251 -1.58831e+01 | 42  0.22146  3.14369e+01
 43 -0.02956  8.83002e+00 | 44 -0.08930 -9.69574e+00 | 45 -0.06289 -8.29201e-01
 46 -0.03362  2.41889e+01 | 47 -0.02651  3.68181e+01 | 48  0.06103  6.37905e+01
 49  0.10680  5.67285e+01 | 50  0.05177  9.06712e+01 | 51  0.03513  3.36505e+01
 52  0.02019 -7.73649e+00 | 53  0.07331 -2.86657e+01 | 54  0.06355 -3.94039e+01
 55  0.04718  1.37057e+00 | 56  0.04163  9.36450e+00 | 57  0.10941  5.88409e+01
 58  0.08187  1.15147e+02 | 59  0.09065  8.30428e+01 | 60 -0.03108  4.54877e+00
 61  0.13562  4.19097e+01 | 62  0.00576  5.67657e+01 | 63 -0.02478  4.38630e+01
 64  0.06868  6.40648e+01 | 65 -0.00955  3.42372e+01 | 66 -0.00493  1.22064e+01
 67 -0.06301 -2.82849e+01 | 68  0.20331 -1.87736e+02 | 69 -0.10693 -1.86777e+01
 70 -0.15280 -3.83617e+01 | 71 -0.06040 -6.81331e+01 | 72 -0.23567 -6.83679e+00
 73 -0.05270  3.78280e+00 | 74 -0.00655  2.12017e+00 | 75 -0.03060 -3.74909e+00
75 variables; iteration 60; function evaluation 97; phase 1
Function value 8.4200179e+02; maximum gradient component mag 3.4616e+02
Var    Value     Gradient |Var    Value     Gradient |Var    Value     Gradient
  1  1.98858  3.46162e+02 |  2  0.01464  2.38616e+00 |  3  0.00178  3.13162e+00
  4  0.00496  3.74397e+00 |  5  0.01170  5.16309e+00 |  6  0.01551  5.86680e+00
  7  0.01795  6.22643e+00 |  8  0.01847  6.12785e+00 |  9  0.01380  4.85032e+00
 10  0.02604  7.35749e+00 | 11  0.03521  9.22784e+00 | 12  0.01874  5.66809e+00
 13  0.05617  1.42075e+01 | 14  0.02841  8.50282e+00 | 15  0.02223  7.07757e+00
 16  0.03094  8.68583e+00 | 17  0.03197  8.13513e+00 | 18  0.51158  5.69490e+00
 19  0.02132  5.78227e+00 | 20  0.04346  1.10253e+01 | 21  0.02019  7.37579e+00
 22  0.03167  1.19783e+01 | 23  0.13001  4.46023e+01 | 24  0.12893  5.74336e+01
 25  0.02070  2.64565e+01 | 26 -0.02139  1.85284e+01 | 27 -0.03014  2.35255e+01
 28 -0.05016  2.24582e+01 | 29 -0.04308  3.18944e+01 | 30 -0.06903  1.40997e+01
 31  0.00816  2.74257e+01 | 32  0.03663 -3.93782e-01 | 33 -0.00483 -1.69355e+01
 34 -0.11007 -3.80189e+01 | 35  0.08508 -6.16669e+01 | 36 -0.16503 -4.80612e+01
 37  0.05250 -7.27537e+01 | 38  0.02444 -6.04658e+01 | 39  0.07684 -2.70048e+01
 40 -0.02710 -1.41669e+01 | 41 -0.07760 -2.61597e+01 | 42  0.22575  5.88835e+01
 43 -0.09060 -3.60165e+00 | 44 -0.04352  1.41241e+01 | 45 -0.07539  1.08390e-01
 46 -0.04476  2.08002e+01 | 47 -0.03888  2.73802e+01 | 48  0.04597  3.71400e+01
 49  0.10376 -1.41627e+01 | 50 -0.00104  2.66802e+01 | 51  0.04205  4.36442e+01
 52  0.01025  3.11128e+01 | 53  0.03885  4.88966e+01 | 54  0.08241  5.98564e+01
 55 -0.00689  2.97497e+01 | 56  0.04840  2.86829e+01 | 57  0.09759 -5.53343e+00
 58  0.05266 -4.40899e+00 | 59  0.06176  1.49026e+00 | 60 -0.01607  1.71130e+01
 61  0.14199  3.20104e+01 | 62 -0.09676 -2.26377e+01 | 63 -0.08046 -1.94978e+01
 64  0.09013 -4.05396e+00 | 65 -0.06666 -1.59437e+01 | 66 -0.04654 -2.18004e+01
 67 -0.01769 -1.42520e+01 | 68  0.18324 -8.65303e+01 | 69 -0.10952 -1.51219e+01
 70 -0.16087 -2.91747e+01 | 71 -0.06168  9.25608e+00 | 72 -0.22674  2.02461e+01
 73 -0.07923 -3.61206e+00 | 74 -0.01782 -3.83892e-01 | 75 -0.01712 -1.42361e-01
Maximum number of function evaluations exceeded

 - final statistics:
75 variables; iteration 63; function evaluation 100
Function value 8.4031e+02; maximum gradient component mag 3.1888e+02
Exit code = 3;  converg criter 1.0000e+01
Var    Value     Gradient |Var    Value     Gradient |Var    Value     Gradient
  1  1.98880  3.18879e+02 |  2  0.01109  1.51551e+00 |  3 -0.00076  2.50755e+00
  4  0.01141  5.23737e+00 |  5  0.01015  4.77964e+00 |  6  0.02070  7.03717e+00
  7  0.02369  7.50250e+00 |  8  0.02351  7.21923e+00 |  9  0.01800  5.72824e+00
 10  0.03198  8.56087e+00 | 11  0.03130  8.23215e+00 | 12  0.02201  6.23941e+00
 13  0.05479  1.36834e+01 | 14  0.03286  9.26820e+00 | 15  0.02088  6.50157e+00
 16  0.02893  7.90664e+00 | 17  0.03433  8.23001e+00 | 18  0.49340  4.01277e+00
 19  0.01182  3.33667e+00 | 20  0.05359  1.27242e+01 | 21  0.02679  8.65042e+00
 22  0.03168  1.19366e+01 | 23  0.12326  4.29428e+01 | 24  0.12217  5.58873e+01
 25  0.02256  2.82348e+01 | 26 -0.03041  1.59627e+01 | 27 -0.02728  2.64786e+01
 28 -0.06668  1.61844e+01 | 29 -0.04783  3.20808e+01 | 30 -0.07276  1.56150e+01
 31 -0.00903  2.76355e+01 | 32  0.05013  1.61181e+01 | 33 -0.01790 -8.58614e+00
 34 -0.09868 -3.27362e+01 | 35  0.07854 -5.10768e+01 | 36 -0.16242 -4.73986e+01
 37  0.04456 -7.11088e+01 | 38  0.02853 -5.99415e+01 | 39  0.07183 -3.11361e+01
 40 -0.04002 -1.89761e+01 | 41 -0.06113 -2.71461e+01 | 42  0.21884  2.68655e+01
 43 -0.09527 -7.95669e+00 | 44 -0.04918  7.15436e+00 | 45 -0.08081 -4.89648e+00
 46 -0.04199  2.01909e+01 | 47 -0.04742  2.35281e+01 | 48  0.04147  3.70703e+01
 49  0.11135 -2.24319e+01 | 50 -0.00222  1.96106e+01 | 51  0.04009  2.53024e+01
 52  0.01033  1.64922e+01 | 53  0.03961  3.70851e+01 | 54  0.08214  5.03134e+01
 55 -0.00791  2.78344e+01 | 56  0.04969  3.07612e+01 | 57  0.09707 -2.42157e+00
 58  0.05357 -1.91725e+00 | 59  0.05995  5.88747e+00 | 60 -0.01618  2.33918e+01
 61  0.14393  6.00427e+01 | 62 -0.11037 -2.23156e+01 | 63 -0.07408 -1.50590e+01
 64  0.08977  1.22073e+00 | 65 -0.06909 -1.61405e+01 | 66 -0.04895 -2.01422e+01
 67 -0.01332 -7.98331e+00 | 68  0.18271 -6.33807e+01 | 69 -0.11497 -1.40233e+01
 70 -0.15128 -2.28317e+01 | 71 -0.06385  8.23425e+00 | 72 -0.22447  2.19313e+01
 73 -0.07979 -3.75609e+00 | 74 -0.01862 -5.76562e-01 | 75 -0.01431  5.55217e-01

Initial statistics: 75 variables; iteration 0; function evaluation 0; phase 2
Function value 8.4030763e+02; maximum gradient component mag -3.1888e+02
Var    Value     Gradient |Var    Value     Gradient |Var    Value     Gradient
  1  0.01120 -3.18879e+02 |  2  0.01109  1.51551e+00 |  3 -0.00076  2.50755e+00
  4  0.01141  5.23737e+00 |  5  0.01015  4.77964e+00 |  6  0.02070  7.03717e+00
  7  0.02369  7.50250e+00 |  8  0.02351  7.21923e+00 |  9  0.01800  5.72824e+00
 10  0.03198  8.56087e+00 | 11  0.03130  8.23215e+00 | 12  0.02201  6.23941e+00
 13  0.05479  1.36834e+01 | 14  0.03286  9.26820e+00 | 15  0.02088  6.50157e+00
 16  0.02893  7.90664e+00 | 17  0.03433  8.23001e+00 | 18  0.49340  4.01277e+00
 19  0.01182  3.33667e+00 | 20  0.05359  1.27242e+01 | 21  0.02679  8.65042e+00
 22  0.03168  1.19366e+01 | 23  0.12326  4.29428e+01 | 24  0.12217  5.58873e+01
 25  0.02256  2.82348e+01 | 26 -0.03041  1.59627e+01 | 27 -0.02728  2.64786e+01
 28 -0.06668  1.61844e+01 | 29 -0.04783  3.20808e+01 | 30 -0.07276  1.56150e+01
 31 -0.00903  2.76355e+01 | 32  0.05013  1.61181e+01 | 33 -0.01790 -8.58614e+00
 34 -0.09868 -3.27362e+01 | 35  0.07854 -5.10768e+01 | 36 -0.16242 -4.73986e+01
 37  0.04456 -7.11088e+01 | 38  0.02853 -5.99415e+01 | 39  0.07183 -3.11361e+01
 40 -0.04002 -1.89761e+01 | 41 -0.06113 -2.71461e+01 | 42  0.21884  2.68655e+01
 43 -0.09527 -7.95669e+00 | 44 -0.04918  7.15436e+00 | 45 -0.08081 -4.89648e+00
 46 -0.04199  2.01909e+01 | 47 -0.04742  2.35281e+01 | 48  0.04147  3.70703e+01
 49  0.11135 -2.24319e+01 | 50 -0.00222  1.96106e+01 | 51  0.04009  2.53024e+01
 52  0.01033  1.64922e+01 | 53  0.03961  3.70851e+01 | 54  0.08214  5.03134e+01
 55 -0.00791  2.78344e+01 | 56  0.04969  3.07612e+01 | 57  0.09707 -2.42157e+00
 58  0.05357 -1.91725e+00 | 59  0.05995  5.88747e+00 | 60 -0.01618  2.33918e+01
 61  0.14393  6.00427e+01 | 62 -0.11037 -2.23156e+01 | 63 -0.07408 -1.50590e+01
 64  0.08977  1.22073e+00 | 65 -0.06909 -1.61405e+01 | 66 -0.04895 -2.01422e+01
 67 -0.01332 -7.98331e+00 | 68  0.18271 -6.33807e+01 | 69 -0.11497 -1.40233e+01
 70 -0.15128 -2.28317e+01 | 71 -0.06385  8.23425e+00 | 72 -0.22447  2.19313e+01
 73 -0.07979 -3.75609e+00 | 74 -0.01862 -5.76562e-01 | 75 -0.01431  5.55217e-01

Intermediate statistics: 75 variables; iteration 20; function evaluation 27; phase 2
Function value 8.0775725e+02; maximum gradient component mag -1.5842e+02
Var    Value     Gradient |Var    Value     Gradient |Var    Value     Gradient
  1  0.06260 -1.58415e+02 |  2  0.00270  4.14729e-03 |  3 -0.01279  8.54345e-02
  4 -0.01151  2.78418e-01 |  5 -0.01112  2.36937e-01 |  6 -0.00984  3.90466e-01
  7 -0.00904  4.14005e-01 |  8 -0.00842  3.85149e-01 |  9 -0.00810  2.75682e-01
 10 -0.00649  4.64463e-01 | 11 -0.00614  4.46953e-01 | 12 -0.00707  3.22227e-01
 13 -0.00595  8.80152e-01 | 14 -0.00886  5.86149e-01 | 15 -0.01000  3.72663e-01
 16 -0.00873  4.74326e-01 | 17 -0.00690  4.54058e-01 | 18  0.63646 -3.48857e+00
 19 -0.00857  8.41159e-02 | 20 -0.00528  1.05752e+00 | 21 -0.00957  8.21938e-01
 22 -0.00970  1.43724e+00 | 23  0.00365  7.35841e+00 | 24  0.00016  1.07318e+01
 25 -0.03555  4.72345e+00 | 26 -0.05930  2.54784e+00 | 27 -0.07269  4.00472e+00
 28 -0.09138  2.53002e+00 | 29 -0.09336  5.23985e+00 | 30 -0.08693  4.23732e+00
 31 -0.03533  9.83344e+00 | 32  0.02927  1.93792e+01 | 33 -0.00219  2.07198e+01
 34  0.02634  2.40185e+01 | 35 -0.01420  2.25486e-01 | 36  0.03042  9.31012e+00
 37 -0.01097 -2.43037e+01 | 38  0.08580 -3.29244e+01 | 39 -0.09779 -3.01651e+01
 40 -0.02528 -7.80180e+00 | 41  0.10380  4.80349e+00 | 42  0.16948  1.74018e+01
 43 -0.03930  2.25735e+00 | 44 -0.06387 -1.69531e+00 | 45 -0.06597 -4.14516e+00
 46 -0.06565 -1.20894e+00 | 47 -0.05302  5.47260e+00 | 48 -0.01746  1.56541e+01
 49  0.06778  7.34052e+01 | 50 -0.07692  1.98018e+01 | 51  0.00924  3.82849e+01
 52  0.00004  5.17528e+00 | 53 -0.02537 -3.53098e+01 | 54  0.06275 -1.02204e+02
 55 -0.07206 -5.02910e+01 | 56  0.00905 -4.37407e+01 | 57  0.07152  2.15720e+01
 58  0.01966  6.27218e+01 | 59  0.03358  8.35606e+01 | 60 -0.02146  4.10600e+01
 61  0.09152  3.36289e+01 | 62 -0.08948 -1.78126e+01 | 63 -0.04897 -3.96540e+01
 64  0.00002 -9.43476e+01 | 65 -0.03012 -4.33375e+01 | 66 -0.12969 -3.40420e+01
 67 -0.02898 -6.06700e+00 | 68  0.15421  4.19286e+00 | 69 -0.15601 -6.11784e+00
 70 -0.17873 -1.37232e+01 | 71 -0.09465 -3.43251e+00 | 72 -0.25230  8.65157e+00
 73 -0.07401  6.24684e-02 | 74 -0.01668  5.47840e-04 | 75 -0.01656  9.54145e-02
75 variables; iteration 40; function evaluation 57; phase 2
Function value 8.0280217e+02; maximum gradient component mag -1.6895e+02
Var    Value     Gradient |Var    Value     Gradient |Var    Value     Gradient
  1  0.07784 -1.68948e+02 |  2  0.00233  3.28041e-02 |  3 -0.01398 -8.30551e-02
  4 -0.01490 -4.02904e-01 |  5 -0.01385 -2.57184e-01 |  6 -0.01427 -4.76809e-01
  7 -0.01351 -4.23006e-01 |  8 -0.01223 -2.44582e-01 |  9 -0.01020  1.12820e-01
 10 -0.01049 -6.95793e-02 | 11 -0.00939  1.72402e-01 | 12 -0.00838  5.97293e-01
 13 -0.01257  1.03626e-02 | 14 -0.01194  6.86250e-01 | 15 -0.01057  1.24698e+00
 16 -0.00920  1.60095e+00 | 17 -0.00548  2.33725e+00 | 18  0.65217  6.58716e+01
 19 -0.00234  3.77242e+00 | 20 -0.00228  4.37322e+00 | 21 -0.00661  4.44120e+00
 22 -0.00914  4.84780e+00 | 23 -0.00951  7.44666e+00 | 24 -0.02722  6.00521e+00
 25 -0.04945  3.45179e+00 | 26 -0.06705  2.80710e+00 | 27 -0.08507  1.84973e+00
 28 -0.09925  1.41980e+00 | 29 -0.10785  3.55586e-01 | 30 -0.09333  1.41349e+00
 31 -0.04451  1.93832e+00 | 32  0.02579 -1.59410e-01 | 33 -0.03624 -1.08559e+01
 34  0.03348 -1.41141e+01 | 35 -0.03980 -2.93028e+01 | 36  0.01631 -1.97172e+01
 37  0.00154 -3.13132e+01 | 38  0.08630 -3.30110e+01 | 39 -0.09958 -3.01923e+01
 40 -0.03035 -1.19190e+01 | 41  0.11660 -1.89700e+01 | 42  0.14433 -2.25466e+01
 43 -0.03480 -3.78374e+00 | 44 -0.05809 -1.21595e+00 | 45 -0.05829  1.33113e+00
 46 -0.06505  3.43200e+00 | 47 -0.06475  3.46076e+00 | 48 -0.00464  1.65705e+01
 49  0.04443  4.50840e+01 | 50 -0.05735  2.02883e+01 | 51 -0.00185  1.50586e+01
 52 -0.02079  1.29989e+00 | 53 -0.00077 -6.25230e+00 | 54  0.04634 -2.92513e+01
 55 -0.06245 -2.13753e+01 | 56  0.00955 -4.27297e+00 | 57  0.06760  8.51072e+00
 58  0.00179 -5.72182e+00 | 59  0.02682 -6.67397e+00 | 60 -0.03904 -1.44114e+01
 61  0.08492 -2.55397e+01 | 62 -0.08909 -1.15838e+01 | 63 -0.05133 -1.37437e+01
 64  0.00261 -4.91937e+01 | 65 -0.05986 -1.27611e+01 | 66 -0.08649 -5.32164e+00
 67 -0.04855  3.03328e+00 | 68  0.14922  3.51589e+01 | 69 -0.15878  2.06559e+00
 70 -0.17295  2.57441e+00 | 71 -0.10129 -3.31686e+00 | 72 -0.25927  2.04121e+00
 73 -0.07237  8.27928e-01 | 74 -0.01576  2.37716e-01 | 75 -0.01665  8.06186e-02
75 variables; iteration 60; function evaluation 91; phase 2
Function value 7.9895534e+02; maximum gradient component mag -8.3246e+01
Var    Value     Gradient |Var    Value     Gradient |Var    Value     Gradient
  1  0.11023 -8.32464e+01 |  2  0.00129 -1.86866e-01 |  3 -0.01459 -2.05355e-01
  4 -0.01561 -5.51395e-01 |  5 -0.01515 -5.53011e-01 |  6 -0.01645 -9.94912e-01
  7 -0.01658 -1.16627e+00 |  8 -0.01514 -9.68480e-01 |  9 -0.00804  5.54317e-01
 10 -0.01562 -1.38656e+00 | 11 -0.01302 -8.48139e-01 | 12 -0.00454  1.24189e+00
 13 -0.02250 -2.68226e+00 | 14 -0.01526 -5.74206e-01 | 15 -0.01485 -3.86504e-01
 16 -0.01444 -4.15860e-01 | 17 -0.01366 -5.45691e-01 | 18  0.69353  1.34743e+01
 19 -0.01164  6.55073e-02 | 20 -0.00987  7.05949e-01 | 21 -0.01315  5.71151e-01
 22 -0.01127  1.56569e+00 | 23 -0.01950  1.37990e+00 | 24 -0.00485  9.25128e+00
 25 -0.04123  2.47399e+00 | 26 -0.05856  1.97790e+00 | 27 -0.07948  4.16759e-02
 28 -0.09379 -5.37785e-01 | 29 -0.09254  2.06210e+00 | 30 -0.08538 -1.09412e+00
 31 -0.03566 -3.37737e+00 | 32  0.01763 -9.27684e+00 | 33 -0.01345 -5.78943e+00
 34  0.05554 -6.08885e-01 | 35 -0.04567 -2.08212e+01 | 36  0.03197 -7.66693e-01
 37  0.02493 -1.16504e+01 | 38  0.08509 -6.32379e+00 | 39 -0.05205 -1.06472e+01
 40 -0.04869 -4.16760e+00 | 41  0.16618  8.25654e+00 | 42  0.10359 -1.07171e+01
 43  0.00162  1.67851e+00 | 44 -0.05075 -1.77748e+00 | 45 -0.04365  3.92959e+00
 46 -0.06058  2.08454e+00 | 47 -0.05460  8.98362e-01 | 48  0.02138  7.28821e-01
 49  0.01022 -1.39443e+01 | 50 -0.06766 -1.48216e+01 | 51  0.00880 -1.02418e+01
 52 -0.02211 -4.08213e-01 | 53 -0.00464  1.21881e+01 | 54  0.04625  4.08937e+01
 55 -0.02361  2.62335e+01 | 56 -0.00541  4.23311e+00 | 57  0.06250 -2.32868e+01
 58  0.02101 -1.59491e+01 | 59 -0.00483 -2.05922e+01 | 60 -0.00354 -5.25874e+00
 61  0.08089 -1.17330e+00 | 62 -0.08745 -2.18796e+00 | 63 -0.07312  3.55523e+00
 64  0.02818  2.12191e+01 | 65 -0.08742  4.53622e+00 | 66 -0.08497  5.18052e+00
 67 -0.03856  5.45343e+00 | 68  0.15021  4.79206e+00 | 69 -0.16478 -3.07665e+00
 70 -0.17456  3.06774e-01 | 71 -0.09769  3.95870e-01 | 72 -0.26099 -2.63132e+00
 73 -0.07132  3.53557e-01 | 74 -0.01557  1.60684e-01 | 75 -0.01629  4.17700e-02
Maximum number of function evaluations exceeded

 - final statistics:
75 variables; iteration 66; function evaluation 100
Function value 7.9823e+02; maximum gradient component mag -7.8157e+01
Exit code = 3;  converg criter 1.0000e+01
Var    Value     Gradient |Var    Value     Gradient |Var    Value     Gradient
  1  0.11979 -7.81575e+01 |  2  0.00765  1.47780e+00 |  3 -0.01025  9.59002e-01
  4 -0.01337  9.57354e-02 |  5 -0.01596 -6.54817e-01 |  6 -0.02040 -1.85681e+00
  7 -0.02223 -2.42930e+00 |  8 -0.01800 -1.55770e+00 |  9 -0.00935  3.04701e-01
 10 -0.01343 -8.25018e-01 | 11 -0.01295 -7.82273e-01 | 12 -0.01648 -1.44507e+00
 13 -0.02989 -4.37375e+00 | 14 -0.01691 -8.89823e-01 | 15 -0.01580 -5.73464e-01
 16 -0.01653 -8.75853e-01 | 17 -0.02008 -1.99427e+00 | 18  0.70206  2.19787e+01
 19 -0.01855 -1.45580e+00 | 20 -0.00902  1.23135e+00 | 21 -0.01864 -6.12946e-01
 22 -0.01342  1.36736e+00 | 23 -0.02530  2.08664e-01 | 24 -0.00991  8.25453e+00
 25 -0.04267  2.42082e+00 | 26 -0.06314  7.53722e-01 | 27 -0.07275  2.86878e+00
 28 -0.09516 -9.72326e-01 | 29 -0.09491  1.24208e+00 | 30 -0.07837  1.93178e+00
 31 -0.03777 -3.51399e+00 | 32  0.01716 -8.26293e+00 | 33 -0.00890 -3.89170e+00
 34  0.05187  1.90643e+00 | 35 -0.02509 -1.64480e+01 | 36  0.02556 -1.00684e+00
 37  0.02943 -1.24790e+01 | 38  0.08460 -1.04411e+01 | 39 -0.05365 -1.24500e+01
 40 -0.04522 -4.74599e+00 | 41  0.17076 -2.26020e+00 | 42  0.09413 -1.77123e+01
 43  0.00098 -2.02944e+00 | 44 -0.04353 -1.40406e+00 | 45 -0.04288  3.52969e+00
 46 -0.06172  1.43626e+00 | 47 -0.05113  1.44012e+00 | 48  0.02521 -1.09615e+00
 49 -0.00360 -1.72345e+01 | 50 -0.05941 -1.28325e+01 | 51  0.00779 -5.03165e+00
 52 -0.02608  5.08389e+00 | 53 -0.00201  2.25021e+01 | 54  0.04556  5.21210e+01
 55 -0.02803  2.94712e+01 | 56 -0.00220  1.09064e+01 | 57  0.05981 -1.80003e+01
 58  0.02324 -1.34809e+01 | 59 -0.01094 -2.29255e+01 | 60 -0.00233 -9.00932e+00
 61  0.08003 -1.01225e+01 | 62 -0.09276 -7.94928e+00 | 63 -0.06816 -3.42039e+00
 64  0.02258 -2.58352e+00 | 65 -0.08865 -8.60883e-01 | 66 -0.08226  7.46771e+00
 67 -0.03739  9.05861e+00 | 68  0.14913  8.19487e+00 | 69 -0.16664 -3.80597e+00
 70 -0.17567 -1.36598e-01 | 71 -0.09825  1.10034e+00 | 72 -0.26044 -1.94519e+00
 73 -0.07597 -1.35574e+00 | 74 -0.01295  8.17145e-01 | 75 -0.01466  4.50219e-01

Initial statistics: 86 variables; iteration 0; function evaluation 0; phase 3
Function value 7.9822969e+02; maximum gradient component mag 5.2150e+02
Var    Value     Gradient |Var    Value     Gradient |Var    Value     Gradient
  1  0.11979 -7.74357e+01 |  2  0.00637  1.18640e+00 |  3  0.00765  1.40736e+00
  4 -0.01025  8.93294e-01 |  5 -0.01337  3.68481e-02 |  6 -0.01596 -6.97435e-01
  7 -0.02040 -1.89055e+00 |  8 -0.02223 -2.46564e+00 |  9 -0.01800 -1.60206e+00
 10 -0.00935  2.91769e-01 | 11 -0.01343 -8.21195e-01 | 12 -0.01295 -7.69402e-01
 13 -0.01648 -1.47960e+00 | 14 -0.02989 -4.35459e+00 | 15 -0.01691 -8.61391e-01
 16 -0.01580 -4.85760e-01 | 17 -0.01653 -7.63321e-01 | 18 -0.02008 -1.87586e+00
 19  0.70206  2.18823e+01 | 20 -0.01855 -1.30147e+00 | 21 -0.00902  1.24177e+00
 22 -0.01864 -4.39175e-01 | 23 -0.01342  1.38712e+00 | 24 -0.02530  1.68926e-01
 25 -0.00991  8.14734e+00 | 26 -0.04267  2.36023e+00 | 27 -0.06314  6.66930e-01
 28 -0.07275  2.84796e+00 | 29 -0.09516 -8.91602e-01 | 30 -0.09491  1.24248e+00
 31 -0.07837  1.79797e+00 | 32 -0.03777 -3.40060e+00 | 33  0.01716 -8.08113e+00
 34 -0.00890 -3.60974e+00 | 35  0.05187  2.23304e+00 | 36 -0.02509 -1.59374e+01
 37  0.02556 -8.21363e-01 | 38  0.02943 -1.21221e+01 | 39  0.08460 -1.03585e+01
 40 -0.05365 -1.22804e+01 | 41 -0.04522 -4.81134e+00 | 42  0.17076 -2.86658e+00
 43  0.09413 -1.82326e+01 | 44  0.00098 -2.43239e+00 | 45 -0.04353 -1.54121e+00
 46 -0.04288  3.20473e+00 | 47 -0.06172  1.24458e+00 | 48 -0.05113  1.24554e+00
 49  0.02521 -1.73460e+00 | 50 -0.00360 -1.78111e+01 | 51 -0.05941 -1.27255e+01
 52  0.00779 -5.11471e+00 | 53 -0.02608  4.99386e+00 | 54 -0.00201  2.22529e+01
 55  0.04556  5.23219e+01 | 56 -0.02803  2.95514e+01 | 57 -0.00220  1.16803e+01
 58  0.05981 -1.70390e+01 | 59  0.02324 -1.34252e+01 | 60 -0.01094 -2.31887e+01
 61 -0.00233 -9.31061e+00 | 62  0.08003 -1.03149e+01 | 63 -0.09276 -7.92511e+00
 64 -0.06816 -3.38757e+00 | 65  0.02258 -2.51394e+00 | 66 -0.08865 -8.29689e-01
 67 -0.08226  7.36343e+00 | 68 -0.03739  9.14979e+00 | 69  0.14913  8.66700e+00
 70 -0.16664 -3.70000e+00 | 71 -0.17567 -1.19444e-01 | 72 -0.09825  1.04658e+00
 73 -0.26044 -1.89882e+00 | 74 -0.07597 -1.32128e+00 | 75 -0.01295  8.01095e-01
 76 -0.01466  4.36871e-01 | 77 -0.36989 -3.71727e+01 | 78 -0.00486  1.89179e+01
 79 -0.14004  2.27672e+02 | 80  0.06467 -1.52057e+01 | 81  0.09968  4.32884e+00
 82  0.05755 -1.42296e+01 | 83 -0.39178 -1.66307e+01 | 84  0.11367  3.26872e+00
 85 -0.14303  2.89089e+02 | 86  0.06011  5.21501e+02 |

Intermediate statistics: 86 variables; iteration 20; function evaluation 29; phase 3
Function value 5.5221090e+02; maximum gradient component mag -2.6847e+02
Var    Value     Gradient |Var    Value     Gradient |Var    Value     Gradient
  1  0.52710 -3.05095e-01 |  2 -0.00079 -5.21015e-01 |  3 -0.00099 -6.20051e-01
  4 -0.01582 -3.61718e-01 |  5 -0.01377  8.01686e-02 |  6 -0.01190  4.67089e-01
  7 -0.00904  1.09009e+00 |  8 -0.00742  1.41313e+00 |  9 -0.00879  1.02332e+00
 10 -0.01235  1.20199e-01 | 11 -0.00959  7.53950e-01 | 12 -0.00938  8.20533e-01
 13 -0.00802  1.32051e+00 | 14 -0.00294  2.95236e+00 | 15 -0.01169  1.34310e+00
 16 -0.01280  1.35111e+00 | 17 -0.01167  1.72309e+00 | 18 -0.00792  2.60832e+00
 19  0.87370  5.98092e+01 | 20 -0.00866  3.20999e+00 | 21 -0.01323  2.47810e+00
 22 -0.00953  4.13923e+00 | 23 -0.01132  4.08342e+00 | 24 -0.01153  5.64366e+00
 25 -0.02921  2.73355e+00 | 26 -0.02651  6.64941e+00 | 27 -0.03318  8.53064e+00
 28 -0.04560  9.04664e+00 | 29 -0.05414  1.19309e+01 | 30 -0.06782  1.42976e+01
 31 -0.07952  1.94282e+01 | 32 -0.08398  2.74851e+01 | 33 -0.09241  2.25307e+01
 34 -0.12642 -1.01063e+01 | 35 -0.08937 -2.42081e+01 | 36 -0.15541 -6.09751e+01
 37 -0.03573 -7.96368e+01 | 38  0.15625 -8.51859e+01 | 39  0.18990 -8.80429e+01
 40  0.18248  2.49970e+01 | 41  0.15638  9.42248e+01 | 42  0.08478  7.71369e+01
 43  0.08396  6.23935e+01 | 44  0.06195  5.65586e+01 | 45  0.03890  7.83215e+01
 46 -0.06475  3.71417e+01 | 47 -0.09715  2.31687e+01 | 48 -0.08732  2.66117e+01
 49 -0.02344  7.80679e+01 | 50  0.00271  1.49352e+02 | 51 -0.06895  9.83974e+01
 52  0.00966  1.77103e+02 | 53  0.00259  1.14690e+02 | 54 -0.10491  9.26372e-01
 55  0.11012  1.36655e+02 | 56 -0.21739 -5.71946e+01 | 57  0.06705 -1.65190e+02
 58 -0.02946 -1.50627e+02 | 59  0.01267 -2.64892e+02 | 60  0.06590 -1.76030e+02
 61 -0.10830 -3.87349e+01 | 62  0.10776  5.36282e+01 | 63  0.02814 -2.36336e+00
 64 -0.26317 -7.24646e+01 | 65  0.02098 -2.68471e+02 | 66 -0.07188 -8.96729e+01
 67 -0.06540 -2.92066e+01 | 68 -0.10387  2.77300e+01 | 69  0.14980 -2.99255e+01
 70 -0.01954 -2.34755e+02 | 71 -0.06680  3.96391e+01 | 72 -0.19516  1.75585e+02
 73 -0.27175 -2.62026e+01 | 74 -0.02406 -1.17659e+00 | 75 -0.01693 -3.80648e-01
 76 -0.01629 -1.97283e-01 | 77 -0.38973  1.29827e+01 | 78 -0.14548 -2.58128e+00
 79 -1.36462 -1.35553e+02 | 80  0.18542  3.44999e-03 | 81  0.10726 -3.93069e+00
 82  0.24221 -2.53880e+00 | 83  0.13390 -7.71038e-01 | 84 -0.20271  6.44426e-01
 85 -0.34760  1.29077e+01 | 86 -0.29695  3.15151e+01 |
86 variables; iteration 40; function evaluation 51; phase 3
Function value 5.0895188e+02; maximum gradient component mag -2.4562e+02
Var    Value     Gradient |Var    Value     Gradient |Var    Value     Gradient
  1  1.41437  8.82615e-02 |  2  0.00245  2.55814e-01 |  3  0.00288  2.95564e-01
  4 -0.01334  2.02637e-01 |  5 -0.01361  5.99509e-02 |  6 -0.01373 -5.73103e-02
  7 -0.01413 -2.49518e-01 |  8 -0.01406 -3.34749e-01 |  9 -0.01299 -1.80794e-01
 10 -0.01123  1.39646e-01 | 11 -0.01151 -1.65496e-02 | 12 -0.01115  2.08694e-02
 13 -0.01184 -4.47335e-02 | 14 -0.01493 -4.88398e-01 | 15 -0.01395  1.62420e-01
 16 -0.01389  3.10225e-01 | 17 -0.01371  2.73528e-01 | 18 -0.01304  1.89736e-01
 19  0.92035  1.13678e+01 | 20 -0.01245  5.70167e-01 | 21 -0.01036  1.19573e+00
 22 -0.01284  8.08897e-01 | 23 -0.01118  1.13862e+00 | 24 -0.01770  5.28026e-01
 25 -0.01996  1.83570e+00 | 26 -0.03753 -5.84801e-01 | 27 -0.05341 -1.96851e+00
 28 -0.06722 -2.09586e+00 | 29 -0.08818 -3.88348e+00 | 30 -0.10604 -3.26665e+00
 31 -0.11925  8.32847e-01 | 32 -0.10303  2.00963e+01 | 33 -0.07781  4.17398e+01
 34 -0.11086  9.93789e+00 | 35 -0.03301  2.16811e+01 | 36 -0.21050 -4.92256e+01
 37  0.08837 -4.19028e+01 | 38  0.10669 -8.91430e+00 | 39  0.24953 -5.34983e+01
 40  0.19599  1.66590e+01 | 41  0.15020  3.19522e+01 | 42  0.02739  1.38304e+01
 43  0.10683  3.39147e+01 | 44  0.05273  1.45941e+01 | 45  0.05180  3.14392e+01
 46 -0.07430  5.73367e+00 | 47 -0.09688  4.61086e+00 | 48 -0.08995  6.92945e+00
 49  0.01119  6.37198e+01 | 50 -0.03103  5.62296e+01 | 51 -0.07042  5.01495e+01
 52  0.00197  3.27734e+01 | 53 -0.01441 -4.28449e+01 | 54 -0.12015 -5.99933e+01
 55  0.09626  3.99750e+01 | 56 -0.04512 -2.72124e+01 | 57  0.01997 -1.54008e+02
 58  0.02533 -2.04671e+02 | 59 -0.01920 -2.45621e+02 | 60  0.06898 -1.12632e+02
 61 -0.07049  1.50736e+01 | 62  0.11975  1.56346e+02 | 63 -0.02536 -2.82899e+01
 64 -0.24957 -6.38838e+01 | 65  0.05983 -5.90204e+01 | 66 -0.16073 -2.12509e+01
 67 -0.00918  1.60798e+02 | 68 -0.09563  7.59002e+01 | 69  0.13941  1.52959e+02
 70  0.03230 -1.28782e+02 | 71 -0.10800  4.52867e+01 | 72 -0.19627  1.38758e+02
 73 -0.21351  1.88770e+01 | 74 -0.06435 -7.50098e+00 | 75 -0.01646 -3.07481e-01
 76 -0.01689 -3.89864e-01 | 77 -0.42941  2.07859e+02 | 78 -0.44549 -1.29607e+01
 79 -1.21576 -3.26564e+01 | 80  1.47593 -3.38091e-02 | 81  1.31015  4.49207e+00
 82  1.75353  1.27560e+01 | 83  0.12048 -5.39623e-02 | 84 -0.42939 -1.59139e-03
 85 -0.32425  1.96751e+02 | 86 -0.22969  1.92649e+01 |
86 variables; iteration 60; function evaluation 77; phase 3
Function value 4.5743607e+02; maximum gradient component mag 7.7217e+02
Var    Value     Gradient |Var    Value     Gradient |Var    Value     Gradient
  1  1.20497  4.74361e-03 |  2  0.00877  1.86490e+00 |  3  0.01043  2.19248e+00
  4 -0.00848  1.42938e+00 |  5 -0.01319  1.98452e-01 |  6 -0.01713 -8.49155e-01
  7 -0.02370 -2.54109e+00 |  8 -0.02652 -3.33327e+00 |  9 -0.02086 -2.09038e+00
 10 -0.00915  5.84647e-01 | 11 -0.01528 -9.82179e-01 | 12 -0.01494 -9.59362e-01
 13 -0.01987 -2.04388e+00 | 14 -0.03759 -6.01381e+00 | 15 -0.02000 -1.42841e+00
 16 -0.01922 -1.14177e+00 | 17 -0.02002 -1.44953e+00 | 18 -0.02733 -3.46458e+00
 19  0.93863  3.66997e+00 | 20 -0.02657 -3.16400e+00 | 21 -0.01341  2.40627e-02
 22 -0.02457 -2.61405e+00 | 23 -0.01322 -1.15565e-01 | 24 -0.02656 -2.60304e+00
 25  0.01480  1.04209e+01 | 26 -0.06461 -9.22681e+00 | 27 -0.07450 -9.34627e+00
 28 -0.00337  1.94409e+01 | 29 -0.06306  4.10324e+00 | 30 -0.13301 -1.42986e+01
 31 -0.09395  1.11877e+01 | 32 -0.14394 -2.53914e+00 | 33 -0.15944 -6.17056e+00
 34 -0.19331 -2.51981e+01 | 35 -0.13096 -1.46730e+01 | 36 -0.06502 -1.15184e+01
 37  0.15554 -8.29586e+00 | 38  0.01324 -1.15462e+01 | 39  0.26436 -5.05241e+01
 40  0.15468  2.20507e+01 | 41  0.17843  6.38219e+01 | 42  0.07253  4.80783e+01
 43  0.12236  7.40028e+01 | 44  0.08220  4.23912e+01 | 45  0.00477  2.05648e+01
 46 -0.05275  1.59736e+01 | 47 -0.11439 -2.32846e+00 | 48 -0.09959  1.90733e+00
 49 -0.07289  1.08486e+01 | 50  0.03131  8.86348e+01 | 51 -0.07785  2.83453e+01
 52  0.00910  1.49581e+01 | 53 -0.02330  1.00876e+01 | 54  0.01321  4.72569e+01
 55  0.07489  2.16291e+00 | 56 -0.03388 -5.17690e+01 | 57  0.05869 -1.61956e+02
 58 -0.03387 -9.69780e+01 | 59  0.08478 -9.28863e+01 | 60  0.04172 -5.98114e+01
 61 -0.04239 -3.15518e+01 | 62  0.11067 -5.15777e+01 | 63 -0.01401 -2.48734e+01
 64 -0.05469 -1.18415e+01 | 65  0.02987 -7.42931e+01 | 66 -0.05401 -2.86511e+01
 67 -0.05566 -9.60594e+00 | 68 -0.08303  2.36375e+01 | 69  0.13247  2.18077e+02
 70  0.09556  1.25503e+02 | 71 -0.10527  7.47135e+01 | 72 -0.26936 -8.09130e+00
 73 -0.20270 -2.18482e+01 | 74 -0.05472 -5.14875e+00 | 75 -0.00329  2.84890e+00
 76 -0.00534  2.35427e+00 | 77 -0.43525 -2.26987e+02 | 78 -0.53947  9.80006e+00
 79 -1.10617 -3.41448e+00 | 80  1.78572 -1.36033e-03 | 81  0.81080 -3.34646e+00
 82  1.65662  3.51859e+00 | 83  0.11255 -7.65945e-01 | 84 -0.29250  3.03032e-01
 85 -0.34629  7.72167e+02 | 86 -0.31207 -8.49637e+01 |
86 variables; iteration 80; function evaluation 108; phase 3
Function value 4.3752123e+02; maximum gradient component mag -7.2171e+02
Var    Value     Gradient |Var    Value     Gradient |Var    Value     Gradient
  1  1.08070  1.55519e-03 |  2  0.01035  2.05013e+00 |  3  0.01330  2.67380e+00
  4 -0.00681  1.64212e+00 |  5 -0.01508 -4.38651e-01 |  6 -0.01734 -1.06621e+00
  7 -0.02068 -1.96168e+00 |  8 -0.02125 -2.20352e+00 |  9 -0.01144  3.36264e-02
 10  0.01925  7.16700e+00 | 11  0.00428  3.52385e+00 | 12  0.00388  3.35139e+00
 13  0.01558  6.15878e+00 | 14 -0.01608 -1.06909e+00 | 15  0.01137  5.79535e+00
 16  0.01027  5.55148e+00 | 17  0.00529  4.12520e+00 | 18 -0.00274  1.77993e+00
 19  0.84860 -6.77993e+00 | 20 -0.00102  2.10855e+00 | 21  0.01221  5.08967e+00
 22 -0.02284 -3.05749e+00 | 23 -0.01517 -1.43178e+00 | 24  0.01169  6.25547e+00
 25 -0.01417  1.61108e+00 | 26 -0.02830  4.77558e-01 | 27 -0.02621  5.21709e+00
 28 -0.09698 -1.23915e+01 | 29 -0.07150  1.97827e+00 | 30 -0.09668  1.09001e+00
 31 -0.13657 -5.26422e+00 | 32 -0.14919 -1.39128e+00 | 33 -0.14841  3.52560e+00
 34 -0.15298 -5.43319e+00 | 35 -0.11988 -5.87403e+00 | 36 -0.05501 -5.03079e+00
 37  0.12256 -3.37760e+00 | 38 -0.00690 -7.80231e+00 | 39  0.28771  2.77095e+00
 40  0.12747  6.27515e+00 | 41  0.13946  4.45059e+00 | 42  0.03236  5.25817e+00
 43  0.08705  1.59442e+01 | 44  0.05600  3.90470e+00 | 45  0.01791  9.54484e+00
 46 -0.07967 -3.77850e-01 | 47 -0.09987  5.62457e-01 | 48 -0.09618 -2.87271e+00
 49 -0.06228 -7.13214e+00 | 50 -0.00228 -1.46088e+01 | 51 -0.07985  7.22458e-02
 52 -0.00317 -5.73124e+00 | 53 -0.01484 -5.47623e+00 | 54 -0.03002 -1.19981e+01
 55  0.06962  2.17034e+01 | 56 -0.02283  1.72304e+01 | 57  0.05741  1.92965e+01
 58 -0.02064 -1.10389e+01 | 59  0.07291  2.46478e+01 | 60  0.03633 -1.79040e+01
 61 -0.04942 -1.33022e+01 | 62  0.09819 -1.45882e+01 | 63 -0.01112 -8.04039e+00
 64 -0.07600  4.09558e+00 | 65  0.02693  1.34260e+00 | 66 -0.04840  1.29975e+01
 67 -0.06978  8.83206e-01 | 68 -0.11030  5.79204e+00 | 69  0.11629  1.11671e+02
 70  0.09042 -3.55439e+01 | 71 -0.12724  2.85990e-01 | 72 -0.30633 -3.44396e+01
 73 -0.21978  1.02540e+01 | 74 -0.03849 -7.99231e-01 | 75 -0.01085  1.07462e+00
 76 -0.01557 -7.30259e-02 | 77 -0.43483  6.06706e+01 | 78 -0.55747 -9.92104e-01
 79 -1.08636 -1.91377e+00 | 80 -0.08678 -4.71621e-04 | 81  0.97609 -3.16815e-01
 82  1.56232  1.12148e+00 | 83  0.11131  5.19835e-04 | 84 -0.34927 -7.89740e-04
 85 -0.36699 -7.21714e+02 | 86 -0.39433  1.63052e+02 |
86 variables; iteration 100; function evaluation 141; phase 3
Function value 4.2869472e+02; maximum gradient component mag -1.9242e+02
Var    Value     Gradient |Var    Value     Gradient |Var    Value     Gradient
  1  1.24956  9.26373e-03 |  2 -0.00002 -3.47276e-01 |  3  0.00651  1.17468e+00
  4 -0.01682 -6.50483e-01 |  5 -0.01430 -1.17748e-01 |  6 -0.01039  7.35121e-01
  7 -0.01746 -1.07972e+00 |  8 -0.01491 -5.81968e-01 |  9 -0.00619  1.38654e+00
 10 -0.01037  2.69855e-01 | 11 -0.02150 -2.48541e+00 | 12 -0.01417 -8.15471e-01
 13 -0.01797 -1.63773e+00 | 14 -0.00456  1.82486e+00 | 15 -0.02309 -2.25129e+00
 16 -0.01926 -1.23547e+00 | 17 -0.00418  2.27208e+00 | 18 -0.01193  8.63043e-02
 19  0.85493  7.73977e+00 | 20 -0.01716 -1.02330e+00 | 21 -0.01814 -1.22126e+00
 22 -0.01580 -4.97130e-01 | 23 -0.00394  2.32265e+00 | 24 -0.02018 -7.11646e-01
 25 -0.02353  3.51072e-01 | 26 -0.03221  7.11474e-01 | 27 -0.04636  3.14073e-01
 28 -0.05764  1.70521e+00 | 29 -0.07872  6.68646e-01 | 30 -0.10120  4.92202e-01
 31 -0.12298  1.79761e+00 | 32 -0.14825 -7.20384e-04 | 33 -0.15588  7.89613e-01
 34 -0.14026  2.07989e+00 | 35 -0.10413  2.98118e+00 | 36 -0.03982  2.03459e+00
 37  0.10557  6.39283e-01 | 38  0.03983  2.93111e+00 | 39  0.28836 -1.53218e+01
 40  0.09461 -4.32625e+00 | 41  0.16978 -1.18894e+01 | 42  0.02095 -5.92376e+00
 43  0.01427 -9.25590e+00 | 44  0.08729 -6.25880e+00 | 45 -0.02274 -5.44085e+00
 46 -0.07736 -1.44679e+00 | 47 -0.10516 -2.08845e+00 | 48 -0.09118 -8.70651e-01
 49 -0.05782 -4.25789e+00 | 50 -0.00227 -1.12128e+01 | 51 -0.09357 -7.26622e+00
 52 -0.00080 -3.83697e+00 | 53 -0.02196 -7.70562e-01 | 54 -0.01738 -1.85114e+00
 55  0.06055 -1.29818e+01 | 56 -0.02350 -2.85660e+00 | 57  0.05337  8.90462e+00
 58 -0.01136  2.13575e-01 | 59  0.06133  9.46966e+00 | 60  0.04409  8.23491e+00
 61 -0.04249  2.57459e+00 | 62  0.08986 -5.94415e+00 | 63  0.00174  2.92004e+00
 64 -0.09772 -1.05292e+00 | 65  0.03298  1.31591e+01 | 66 -0.06608  5.21485e+00
 67 -0.06535  8.68506e+00 | 68 -0.07986  7.65766e+00 | 69  0.08399 -9.45872e-01
 70  0.11490  8.36983e+00 | 71 -0.16927 -7.59069e+00 | 72 -0.26766  7.55286e+00
 73 -0.23336  6.14008e+00 | 74 -0.03257  7.94417e-01 | 75 -0.01317  5.29175e-01
 76 -0.02689 -2.83806e+00 | 77 -0.43707 -2.47051e+01 | 78 -0.61897  1.54275e+00
 79 -1.02626 -2.78623e-01 | 80 -3.96997  2.10195e-06 | 81  1.03227  4.66522e-01
 82  1.38919  1.73850e-01 | 83  0.12046 -1.75547e-01 | 84 -0.39251  1.10653e-03
 85 -0.37644 -1.92416e+02 | 86 -0.48139  5.21322e+01 |
86 variables; iteration 120; function evaluation 171; phase 3
Function value 4.2398897e+02; maximum gradient component mag -7.6940e+01
Var    Value     Gradient |Var    Value     Gradient |Var    Value     Gradient
  1  1.03361  5.08334e-04 |  2 -0.00107 -6.20958e-01 |  3  0.00492  7.67254e-01
  4 -0.01529 -2.97893e-01 |  5 -0.01587 -5.22334e-01 |  6 -0.01227  2.53077e-01
  7 -0.01188  2.37142e-01 |  8 -0.01476 -5.71722e-01 |  9 -0.01142  1.06809e-01
 10 -0.01288 -3.64205e-01 | 11 -0.01354 -6.43882e-01 | 12 -0.01096 -1.19964e-01
 13 -0.01220 -3.48092e-01 | 14 -0.01103  1.87484e-01 | 15 -0.01538 -4.93069e-01
 16 -0.01748 -9.31358e-01 | 17 -0.01005  6.89368e-01 | 18 -0.01136  1.70714e-02
 19  0.83831  1.37021e+00 | 20 -0.01257 -2.04199e-01 | 21 -0.01339 -4.11822e-01
 22 -0.01240 -3.28591e-02 | 23 -0.01125  9.68849e-02 | 24 -0.01735 -3.81102e-01
 25 -0.02299  1.04678e-01 | 26 -0.03330  4.48701e-02 | 27 -0.04785 -4.08068e-01
 28 -0.06109  3.87279e-01 | 29 -0.08129 -2.30025e-01 | 30 -0.10353 -1.52956e-01
 31 -0.12687  6.22695e-01 | 32 -0.14993 -4.56338e-03 | 33 -0.15750  8.33407e-01
 34 -0.14299  1.27007e+00 | 35 -0.10734  1.70376e+00 | 36 -0.04314  6.63356e-01
 37  0.11025 -1.02494e+00 | 38  0.01573 -2.06918e+00 | 39  0.29036 -8.18717e+00
 40  0.04249 -6.12493e+00 | 41  0.17550 -4.57431e+00 | 42  0.01525 -1.17806e+00
 43  0.04770  1.48884e+00 | 44  0.07353 -2.02217e-01 | 45 -0.01472 -9.80880e-01
 46 -0.07877 -3.24575e-02 | 47 -0.10480 -3.29870e-01 | 48 -0.09346  1.44859e-01
 49 -0.05840 -1.52024e+00 | 50 -0.00394 -6.87085e+00 | 51 -0.09055 -3.65330e+00
 52 -0.00256 -2.24538e+00 | 53 -0.02196 -9.67275e-01 | 54 -0.01968  1.01049e+00
 55  0.06291  6.78192e-01 | 56 -0.02250  5.90546e-01 | 57  0.05275  7.73359e+00
 58 -0.01000  7.62619e-01 | 59  0.05806 -4.45099e+00 | 60  0.04562 -2.96076e+00
 61 -0.04709 -9.22198e-01 | 62  0.09145 -4.51488e+00 | 63 -0.00039 -2.49748e+00
 64 -0.09334 -1.54754e+00 | 65  0.02895 -1.24306e+00 | 66 -0.06295 -1.14787e+00
 67 -0.07125 -6.44953e-01 | 68 -0.08506  6.12977e+00 | 69  0.08498  1.85026e+01
 70  0.11459  6.96247e+00 | 71 -0.15287 -5.50747e-01 | 72 -0.27849  3.61267e+00
 73 -0.23760  1.63059e+00 | 74 -0.03691 -2.92300e-01 | 75 -0.01446  2.19178e-01
 76 -0.01745 -5.09255e-01 | 77 -0.43967 -7.69402e+01 | 78 -0.78545  1.02381e+00
 79 -0.91064  1.77068e+00 | 80 -11.52988  7.84259e-03 | 81  1.00387 -3.68329e-01
 82  1.06589 -2.24892e-02 | 83  0.10406 -4.64362e-01 | 84 -0.32963  1.50442e-01
 85 -0.38777 -4.75989e+01 | 86 -0.72136  8.36013e+00 |
86 variables; iteration 140; function evaluation 193; phase 3
Function value 4.2292684e+02; maximum gradient component mag 5.5567e+01
Var    Value     Gradient |Var    Value     Gradient |Var    Value     Gradient
  1  0.94492 -7.41472e-04 |  2  0.00142 -2.16932e-02 |  3  0.00185  1.31787e-02
  4 -0.01403  2.40977e-03 |  5 -0.01379 -2.35883e-02 |  6 -0.01333 -9.11985e-03
  7 -0.01272  3.15836e-02 |  8 -0.01231  1.27394e-02 |  9 -0.01191 -1.44759e-02
 10 -0.01137 -9.72152e-03 | 11 -0.01100 -4.63435e-02 | 12 -0.01048 -8.88718e-03
 13 -0.01081 -2.71613e-02 | 14 -0.01176  2.47839e-03 | 15 -0.01332 -1.55702e-02
 16 -0.01368 -3.78526e-02 | 17 -0.01270  2.41264e-02 | 18 -0.01130 -4.58288e-03
 19  0.83431  4.54900e-01 | 20 -0.01147  7.23780e-03 | 21 -0.01149 -1.75374e-02
 22 -0.01203 -2.45101e-03 | 23 -0.01113  6.13311e-02 | 24 -0.01555  1.92661e-03
 25 -0.02296  2.49354e-02 | 26 -0.03310  5.76918e-03 | 27 -0.04633 -3.08968e-02
 28 -0.06179  4.70131e-02 | 29 -0.08049 -2.13093e-02 | 30 -0.10295  1.17845e-02
 31 -0.12796  7.10751e-02 | 32 -0.14982  2.55027e-02 | 33 -0.15924  1.82007e-02
 34 -0.14614 -3.81349e-03 | 35 -0.11227 -8.93127e-02 | 36 -0.04694 -3.36573e-02
 37  0.10495 -1.42515e-01 | 38  0.02163 -3.49683e-01 | 39  0.28607 -4.53764e-01
 40  0.08255 -3.24782e-01 | 41  0.16701 -2.41418e-01 | 42  0.02014 -5.39169e-01
 43  0.03578 -4.55647e-01 | 44  0.07045 -1.98472e-01 | 45 -0.01419 -2.27580e-01
 46 -0.08041 -1.56424e-01 | 47 -0.10555 -1.55904e-01 | 48 -0.09593 -2.14667e-01
 49 -0.06127 -8.41103e-01 | 50 -0.00003 -1.01775e+00 | 51 -0.08824 -5.36057e-01
 52 -0.00227 -6.97122e-01 | 53 -0.02050 -4.67601e-01 | 54 -0.02013 -1.25953e-02
 55  0.06324  2.27891e-01 | 56 -0.02042  8.01321e-02 | 57  0.05129  1.04939e-01
 58 -0.00954 -5.04394e-01 | 59  0.05840 -6.94680e-01 | 60  0.04624 -2.53959e-01
 61 -0.04798 -6.43119e-02 | 62  0.09186  1.03616e+00 | 63  0.00037  7.73439e-01
 64 -0.09269  2.11023e-01 | 65  0.02881  1.34304e+00 | 66 -0.06288  2.28726e-01
 67 -0.06890  4.89484e-01 | 68 -0.08895  2.69054e-01 | 69  0.08305  2.13127e+00
 70  0.11553  6.37436e-01 | 71 -0.14994  3.36634e-01 | 72 -0.28290 -5.64985e-01
 73 -0.23847 -1.20633e-01 | 74 -0.03573  1.85153e-02 | 75 -0.01532  6.21782e-03
 76 -0.01549 -2.39929e-02 | 77 -0.44048  7.26785e-01 | 78 -0.95145  1.95671e-02
 79 -1.01331 -2.62397e-02 | 80 -18.94599 -3.68657e-02 | 81  0.99130  7.76452e-02
 82  0.75965 -3.89647e-02 | 83  0.11846 -7.34105e-02 | 84 -0.36286 -2.64867e-05
 85 -0.39007  5.55666e+01 | 86 -0.92632  1.05660e+00 |
86 variables; iteration 160; function evaluation 232; phase 3
Function value 4.0587565e+02; maximum gradient component mag 4.7505e+01
Var    Value     Gradient |Var    Value     Gradient |Var    Value     Gradient
  1  1.50919  1.87001e-01 |  2  0.00085 -1.30792e-01 |  3  0.00183  4.67235e-02
  4 -0.01403  4.19039e-02 |  5 -0.01376  3.48708e-02 |  6 -0.01338  4.43197e-02
  7 -0.01275  1.03745e-01 |  8 -0.01312 -8.44176e-02 |  9 -0.01212  6.00271e-02
 10 -0.01147  1.24653e-01 | 11 -0.01152  3.17163e-02 | 12 -0.01113  8.39370e-02
 13 -0.01153  1.01200e-01 | 14 -0.01287  9.20081e-02 | 15 -0.01289  5.10946e-01
 16 -0.01577 -4.89579e-02 | 17 -0.01381  3.59289e-01 | 18 -0.01235  4.86703e-01
 19  0.91531  1.61712e+01 | 20 -0.01344  5.80217e-01 | 21 -0.01342  7.84017e-01
 22 -0.01490  7.08169e-01 | 23 -0.01378  9.80963e-01 | 24 -0.01785  1.08738e+00
 25 -0.02530  1.05620e+00 | 26 -0.03532  9.60431e-01 | 27 -0.04827  8.96372e-01
 28 -0.06470  7.19317e-01 | 29 -0.08465  5.99139e-01 | 30 -0.10791  5.15043e-01
 31 -0.13010  4.01781e-01 | 32 -0.14463 -1.36267e-01 | 33 -0.14188 -2.27826e-01
 34 -0.11387 -7.20496e-01 | 35 -0.06432 -1.52022e+00 | 36  0.00507 -3.08674e+00
 37  0.16129 -8.59577e+00 | 38  0.05397 -6.59066e+00 | 39  0.34134 -1.76548e+01
 40  0.00401 -4.50953e+00 | 41  0.15193 -3.54850e+00 | 42  0.01522 -3.61802e+00
 43  0.01448 -3.90416e+00 | 44  0.03072 -3.18464e-01 | 45 -0.03611 -8.47898e-01
 46 -0.07997 -9.12919e-01 | 47 -0.09458 -2.23389e-01 | 48 -0.08275  1.52940e-02
 49 -0.04206  1.43146e+00 | 50 -0.00047  5.51259e-01 | 51 -0.08075  3.20566e+00
 52  0.00383  2.82272e+00 | 53 -0.01423 -7.35734e-01 | 54 -0.01309 -2.08598e+00
 55  0.06967 -6.29313e+00 | 56 -0.01204 -8.21869e-01 | 57  0.05773 -6.98586e-01
 58  0.00023  3.00617e+00 | 59  0.06510 -2.98466e+00 | 60  0.05350 -6.14145e+00
 61 -0.04217 -4.19875e+00 | 62  0.09814 -9.98237e+00 | 63  0.00927  9.28349e-01
 64 -0.08446  7.41041e-01 | 65  0.03413 -5.49430e+00 | 66 -0.05218 -8.26191e-01
 67 -0.06682 -4.40011e+00 | 68 -0.07925  2.70041e+00 | 69  0.09095  9.25223e+00
 70  0.12266  1.04040e+00 | 71 -0.14450  1.92329e+00 | 72 -0.26777  9.87903e+00
 73 -0.23396  2.03156e-01 | 74 -0.03568 -9.90047e-02 | 75 -0.01475  7.32831e-02
 76 -0.01474  8.56843e-02 | 77 -0.44046  1.86472e+01 | 78 -1.03859  2.65676e-02
 79 -1.07469  3.13802e-01 | 80 -15.76006  1.94479e-03 | 81  0.99111  8.66337e-02
 82  0.83532 -1.35145e-02 | 83  0.17703 -1.12664e+00 | 84 -0.39966  2.30571e-01
 85 -0.39021  4.75054e+01 | 86 -1.02627 -2.95332e-01 |
86 variables; iteration 180; function evaluation 252; phase 3
Function value 4.0474795e+02; maximum gradient component mag 8.6150e+00
Var    Value     Gradient |Var    Value     Gradient |Var    Value     Gradient
  1  1.15646  2.87060e-03 |  2  0.00152 -3.64085e-04 |  3  0.00185  1.05877e-02
  4 -0.01403 -2.60705e-03 |  5 -0.01367  1.38178e-03 |  6 -0.01318  2.23603e-02
  7 -0.01292 -2.46301e-02 |  8 -0.01243 -2.55476e-02 |  9 -0.01184 -9.48211e-03
 10 -0.01137 -2.49978e-02 | 11 -0.01065  1.61794e-02 | 12 -0.01038 -1.14602e-02
 13 -0.01061 -2.34052e-03 | 14 -0.01179 -2.24057e-02 | 15 -0.01339 -5.08139e-02
 16 -0.01326  2.50916e-02 | 17 -0.01262 -1.58673e-02 | 18 -0.01094 -1.32590e-02
 19  0.81104 -6.76077e-01 | 20 -0.01124 -1.71353e-02 | 21 -0.01134 -2.88405e-02
 22 -0.01215 -1.54589e-02 | 23 -0.01205 -8.49427e-02 | 24 -0.01637 -4.38433e-02
 25 -0.02443 -5.93323e-02 | 26 -0.03548 -9.89643e-02 | 27 -0.05006 -9.62886e-02
 28 -0.06818 -4.45364e-02 | 29 -0.09062 -5.12315e-02 | 30 -0.11640 -2.19413e-02
 31 -0.14035  2.96808e-02 | 32 -0.15506  3.92498e-02 | 33 -0.15267 -3.40900e-02
 34 -0.12237 -4.95237e-02 | 35 -0.07004 -1.65192e-01 | 36  0.00817 -9.30431e-02
 37  0.13809  2.99039e-01 | 38  0.07023 -1.46394e-01 | 39  0.31287  2.19082e+00
 40  0.02195  4.61017e-01 | 41  0.12172  1.38202e+00 | 42  0.01878  4.43103e-01
 43  0.01784  4.23514e-01 | 44  0.02072  7.84706e-01 | 45 -0.04084  2.99611e-01
 46 -0.08568  1.57939e-01 | 47 -0.10245  8.09718e-02 | 48 -0.09132  1.44234e-01
 49 -0.05424  4.21597e-01 | 50  0.00628  1.01296e+00 | 51 -0.08420  3.04977e-01
 52  0.00148  5.42086e-01 | 53 -0.01788  3.12042e-01 | 54 -0.01852  3.53933e-01
 55  0.06406  8.58884e-01 | 56 -0.01965  6.14591e-01 | 57  0.05135  5.92708e-01
 58 -0.00899  9.70806e-02 | 59  0.05828 -4.27229e-01 | 60  0.04597 -6.17936e-01
 61 -0.04814 -4.84509e-01 | 62  0.09143 -1.05727e+00 | 63  0.00032  2.51791e-03
 64 -0.09274 -2.39466e-01 | 65  0.02806 -9.26794e-01 | 66 -0.06203 -4.72592e-01
 67 -0.07057 -1.74836e+00 | 68 -0.08829 -6.21112e-01 | 69  0.08225 -1.04371e+00
 70  0.11568 -8.21402e-01 | 71 -0.15084 -1.87698e-01 | 72 -0.28239  9.21236e-02
 73 -0.23907 -7.22814e-02 | 74 -0.03586 -2.71844e-02 | 75 -0.01536 -7.92150e-04
 76 -0.01533  1.75296e-02 | 77 -0.44055 -1.44076e+00 | 78 -1.03667  5.92280e-03
 79 -1.12517 -1.91892e-01 | 80 -15.94920 -1.99595e-05 | 81  1.01690  1.17115e-01
 82  0.89714  6.01819e-03 | 83  0.18558  7.52725e-03 | 84 -0.40501  4.52217e-04
 85 -0.39020  8.61495e+00 | 86 -1.02933 -4.23005e-01 |
86 variables; iteration 200; function evaluation 272; phase 3
Function value 4.0474025e+02; maximum gradient component mag 5.7047e+00
Var    Value     Gradient |Var    Value     Gradient |Var    Value     Gradient
  1  1.11243  1.82738e-03 |  2  0.00152 -1.67848e-05 |  3  0.00181  9.46831e-04
  4 -0.01403 -2.32761e-03 |  5 -0.01367  1.57660e-03 |  6 -0.01327  2.62206e-03
  7 -0.01283 -1.92474e-03 |  8 -0.01234 -2.21561e-03 |  9 -0.01181  1.90797e-03
 10 -0.01128  8.93705e-04 | 11 -0.01073  2.84628e-03 | 12 -0.01035  1.01113e-03
 13 -0.01061  2.97320e-03 | 14 -0.01172  9.76351e-04 | 15 -0.01320  4.95030e-03
 16 -0.01343 -4.75245e-03 | 17 -0.01259  3.67824e-03 | 18 -0.01094  1.84275e-03
 19  0.81074  4.12310e-02 | 20 -0.01126 -4.17409e-04 | 21 -0.01132  2.54252e-03
 22 -0.01221  1.73397e-03 | 23 -0.01187 -2.62334e-03 | 24 -0.01635  3.05362e-03
 25 -0.02438 -9.42178e-04 | 26 -0.03530  1.87679e-03 | 27 -0.04990  3.09704e-03
 28 -0.06822 -1.13541e-02 | 29 -0.09061 -3.13913e-03 | 30 -0.11646 -1.17445e-02
 31 -0.14052 -2.22739e-02 | 32 -0.15519 -3.96770e-03 | 33 -0.15271 -1.99797e-02
 34 -0.12246 -7.12350e-04 | 35 -0.06992  5.08237e-04 | 36  0.00852  2.74605e-02
 37  0.13657  6.24157e-02 | 38  0.07304  3.80825e-02 | 39  0.31273  3.97246e-02
 40  0.02254  4.26050e-02 | 41  0.12021 -5.32084e-04 | 42  0.01967  6.54922e-02
 43  0.01786 -6.95451e-03 | 44  0.01899  5.95573e-03 | 45 -0.04100  1.85261e-02
 46 -0.08568  2.53325e-02 | 47 -0.10235  1.00979e-02 | 48 -0.09125  1.16449e-02
 49 -0.05418  8.50722e-02 | 50  0.00637  6.15868e-02 | 51 -0.08393  5.33879e-02
 52  0.00155  1.01791e-01 | 53 -0.01778  4.89312e-02 | 54 -0.01849  1.09271e-02
 55  0.06404 -1.30774e-01 | 56 -0.01980 -8.98011e-03 | 57  0.05134 -6.96338e-02
 58 -0.00909 -9.06898e-02 | 59  0.05832 -1.05249e-01 | 60  0.04592 -1.69893e-01
 61 -0.04809 -1.17826e-01 | 62  0.09148 -1.90335e-01 | 63  0.00008  9.89391e-02
 64 -0.09275  2.34363e-02 | 65  0.02826  3.21199e-01 | 66 -0.06267  3.36311e-02
 67 -0.06961 -1.14375e-01 | 68 -0.08857 -2.79831e-02 | 69  0.08226 -4.34689e-02
 70  0.11565  8.84762e-03 | 71 -0.15070 -7.67992e-05 | 72 -0.28256 -1.86082e-02
 73 -0.23901 -3.41093e-02 | 74 -0.03576  3.44463e-06 | 75 -0.01536 -2.33286e-05
 76 -0.01540 -3.30125e-04 | 77 -0.44056 -5.15299e-01 | 78 -1.02802  3.46811e-02
 79 -1.12047  9.69078e-03 | 80 -15.96194 -3.32690e-05 | 81  1.01206  4.52083e-03
 82  0.88934  3.40199e-03 | 83  0.18440  1.13571e-02 | 84 -0.41369 -7.14679e-04
 85 -0.39022  5.70465e+00 | 86 -1.01084 -1.20624e-02 |
86 variables; iteration 220; function evaluation 292; phase 3
Function value 4.0473995e+02; maximum gradient component mag -1.1648e-01
Var    Value     Gradient |Var    Value     Gradient |Var    Value     Gradient
  1  1.09809  1.54040e-03 |  2  0.00152 -4.73617e-05 |  3  0.00181 -6.84226e-06
  4 -0.01402  3.24687e-05 |  5 -0.01368 -9.70144e-05 |  6 -0.01328  5.64286e-05
  7 -0.01283  6.65561e-05 |  8 -0.01233 -1.10468e-05 |  9 -0.01181  2.65516e-05
 10 -0.01128  2.78604e-05 | 11 -0.01074  7.18041e-05 | 12 -0.01035  3.41788e-05
 13 -0.01062  4.67471e-05 | 14 -0.01173  5.25226e-06 | 15 -0.01321  4.02895e-05
 16 -0.01340  1.21196e-04 | 17 -0.01260 -5.80922e-05 | 18 -0.01094  3.31065e-05
 19  0.81061 -5.94044e-04 | 20 -0.01125  8.81058e-05 | 21 -0.01133  5.03964e-05
 22 -0.01221  3.03116e-05 | 23 -0.01185 -8.81772e-05 | 24 -0.01636 -1.33877e-05
 25 -0.02438 -2.09616e-04 | 26 -0.03531 -1.06140e-04 | 27 -0.04991  1.70618e-06
 28 -0.06819 -2.00716e-04 | 29 -0.09061  1.76539e-06 | 30 -0.11644 -1.01785e-04
 31 -0.14049 -9.03977e-05 | 32 -0.15520 -2.97568e-04 | 33 -0.15269 -7.57609e-04
 34 -0.12247 -4.68407e-04 | 35 -0.06992 -6.28275e-04 | 36  0.00848 -1.65906e-04
 37  0.13653 -1.82957e-03 | 38  0.07294 -2.36310e-04 | 39  0.31271 -4.47939e-03
 40  0.02231  1.08480e-03 | 41  0.12035  1.49468e-03 | 42  0.01937  4.68670e-03
 43  0.01796  4.11510e-03 | 44  0.01901  1.77597e-03 | 45 -0.04103  1.13949e-03
 46 -0.08573  1.06482e-03 | 47 -0.10236  3.72495e-04 | 48 -0.09126  6.94024e-05
 49 -0.05438 -4.74045e-04 | 50  0.00644  1.71591e-03 | 51 -0.08394  2.19979e-03
 52  0.00154  4.24486e-03 | 53 -0.01776  1.97001e-03 | 54 -0.01853 -1.10715e-03
 55  0.06407 -2.00295e-03 | 56 -0.01985 -9.49517e-04 | 57  0.05134  8.91435e-05
 58 -0.00906 -4.21581e-04 | 59  0.05830  1.98199e-03 | 60  0.04593  2.39218e-03
 61 -0.04808 -2.93830e-03 | 62  0.09151 -1.35450e-02 | 63 -0.00001 -4.02872e-03
 64 -0.09264 -1.85485e-03 | 65  0.02817 -1.67456e-03 | 66 -0.06266  1.13940e-04
 67 -0.06954  5.77104e-04 | 68 -0.08861  1.84970e-03 | 69  0.08226  5.29390e-03
 70  0.11564 -1.13036e-03 | 71 -0.15070  3.07152e-03 | 72 -0.28256 -3.49356e-05
 73 -0.23901  4.65862e-04 | 74 -0.03576 -2.02220e-04 | 75 -0.01536 -1.55384e-05
 76 -0.01540  1.04684e-04 | 77 -0.44055 -2.25853e-02 | 78 -1.04043 -2.01878e-03
 79 -1.12070 -1.57355e-03 | 80 -15.96236 -3.45734e-05 | 81  1.01190  1.09750e-04
 82  0.88027  5.22193e-04 | 83  0.18400  1.02739e-02 | 84 -0.41454 -5.21846e-04
 85 -0.39022 -1.16479e-01 | 86 -1.01018  5.31366e-03 |
86 variables; iteration 240; function evaluation 312; phase 3
Function value 4.0473986e+02; maximum gradient component mag -8.9217e-02
Var    Value     Gradient |Var    Value     Gradient |Var    Value     Gradient
  1  1.00144 -4.92443e-05 |  2  0.00152  1.00568e-05 |  3  0.00181 -9.82413e-06
  4 -0.01402 -3.25825e-05 |  5 -0.01368  4.44701e-07 |  6 -0.01328 -7.36179e-05
  7 -0.01283 -2.40640e-05 |  8 -0.01233  2.94759e-05 |  9 -0.01181 -4.02811e-06
 10 -0.01128 -6.27390e-05 | 11 -0.01074 -9.86905e-05 | 12 -0.01035 -4.96681e-05
 13 -0.01062 -6.93802e-05 | 14 -0.01172  5.55553e-05 | 15 -0.01321 -7.78860e-05
 16 -0.01341 -6.83022e-05 | 17 -0.01260  5.30913e-06 | 18 -0.01094 -7.54781e-06
 19  0.81062  2.65656e-04 | 20 -0.01125 -3.68894e-05 | 21 -0.01133 -6.15035e-05
 22 -0.01221  3.74827e-05 | 23 -0.01185  1.16462e-04 | 24 -0.01636 -3.18212e-05
 25 -0.02437  6.35769e-05 | 26 -0.03531  7.99992e-05 | 27 -0.04991  7.86440e-06
 28 -0.06819  2.58391e-04 | 29 -0.09061  1.31913e-05 | 30 -0.11644  2.54133e-04
 31 -0.14049 -3.80678e-05 | 32 -0.15520 -6.59693e-06 | 33 -0.15269 -1.26674e-04
 34 -0.12247 -2.17076e-04 | 35 -0.06992 -4.78153e-04 | 36  0.00848 -2.52237e-04
 37  0.13654 -2.62022e-04 | 38  0.07293 -3.29825e-04 | 39  0.31272  1.16328e-03
 40  0.02230  3.83248e-04 | 41  0.12036  1.41376e-04 | 42  0.01935 -6.44401e-04
 43  0.01796  6.52774e-04 | 44  0.01901 -2.29541e-04 | 45 -0.04103 -4.71960e-04
 46 -0.08573 -3.90519e-04 | 47 -0.10236  9.15057e-05 | 48 -0.09126  1.43493e-04
 49 -0.05437  1.04141e-03 | 50  0.00644  1.43801e-03 | 51 -0.08394  8.90585e-04
 52  0.00154  6.67259e-04 | 53 -0.01776 -1.76329e-05 | 54 -0.01852  1.53395e-04
 55  0.06407 -4.13817e-03 | 56 -0.01985 -1.50103e-03 | 57  0.05134 -3.27171e-03
 58 -0.00906 -1.99941e-03 | 59  0.05830 -3.96193e-03 | 60  0.04593 -3.54039e-03
 61 -0.04808 -2.65413e-04 | 62  0.09151  3.52469e-03 | 63 -0.00001  6.82819e-04
 64 -0.09264  1.45931e-04 | 65  0.02817  8.34651e-04 | 66 -0.06266  6.65532e-04
 67 -0.06954  2.09990e-03 | 68 -0.08861  1.16778e-03 | 69  0.08226 -7.60665e-04
 70  0.11564  1.72444e-03 | 71 -0.15070  1.82693e-03 | 72 -0.28255  2.05090e-04
 73 -0.23901  2.71130e-04 | 74 -0.03576  3.02488e-04 | 75 -0.01536  2.89751e-05
 76 -0.01540 -7.37969e-05 | 77 -0.44055  1.62589e-02 | 78 -1.03948  4.00905e-04
 79 -1.12067 -3.94220e-04 | 80 -15.85643  5.11559e-05 | 81  1.01190  4.90100e-05
 82  0.87595 -8.06042e-04 | 83  0.18121  4.48175e-03 | 84 -0.42394  2.43999e-04
 85 -0.39022 -8.92166e-02 | 86 -1.01035 -2.71368e-04 |
86 variables; iteration 260; function evaluation 333; phase 3
Function value 4.0473985e+02; maximum gradient component mag -1.5825e-01
Var    Value     Gradient |Var    Value     Gradient |Var    Value     Gradient
  1  1.00023 -4.26050e-04 |  2  0.00152  1.75390e-04 |  3  0.00181 -7.10404e-05
  4 -0.01402 -1.92204e-05 |  5 -0.01368  4.83919e-05 |  6 -0.01328 -1.35350e-04
  7 -0.01283 -2.05717e-06 |  8 -0.01233  1.36375e-04 |  9 -0.01181  3.38325e-05
 10 -0.01128  1.46086e-05 | 11 -0.01074 -4.63142e-05 | 12 -0.01035  5.00751e-06
 13 -0.01062 -8.40820e-06 | 14 -0.01172  1.53762e-04 | 15 -0.01321 -3.05064e-05
 16 -0.01341  1.04962e-04 | 17 -0.01260 -2.50446e-05 | 18 -0.01094  1.06600e-04
 19  0.81062  1.55392e-03 | 20 -0.01125  6.81835e-05 | 21 -0.01133  1.03228e-04
 22 -0.01221  1.59626e-04 | 23 -0.01185  2.54577e-04 | 24 -0.01636  6.98877e-05
 25 -0.02437  8.86620e-05 | 26 -0.03531  1.20207e-04 | 27 -0.04991  1.90813e-04
 28 -0.06819  3.07207e-04 | 29 -0.09061  2.87566e-04 | 30 -0.11644  2.49912e-04
 31 -0.14049  9.42573e-05 | 32 -0.15520 -3.04687e-04 | 33 -0.15269 -7.12696e-04
 34 -0.12247 -5.76282e-04 | 35 -0.06992 -8.85520e-04 | 36  0.00848 -6.56744e-04
 37  0.13653 -2.48648e-03 | 38  0.07294 -1.25726e-03 | 39  0.31272 -2.36711e-03
 40  0.02230 -7.89560e-04 | 41  0.12036 -1.71538e-03 | 42  0.01935 -1.66302e-03
 43  0.01795 -1.01693e-03 | 44  0.01901 -5.87151e-05 | 45 -0.04103 -6.63760e-04
 46 -0.08573 -7.31786e-04 | 47 -0.10236 -2.56343e-04 | 48 -0.09126 -3.38606e-04
 49 -0.05437 -3.12724e-05 | 50  0.00644  1.25072e-04 | 51 -0.08394 -2.88161e-03
 52  0.00154 -5.55212e-03 | 53 -0.01776 -3.35772e-03 | 54 -0.01852 -8.44456e-04
 55  0.06407 -1.53749e-04 | 56 -0.01985  2.44335e-04 | 57  0.05134  2.71817e-03
 58 -0.00906  1.68940e-03 | 59  0.05830  3.94453e-04 | 60  0.04593  3.46892e-04
 61 -0.04808  9.30889e-04 | 62  0.09151  6.35920e-03 | 63 -0.00001  1.17205e-03
 64 -0.09264 -6.85371e-05 | 65  0.02817 -1.28261e-03 | 66 -0.06266  7.99792e-04
 67 -0.06954  1.91954e-03 | 68 -0.08862  4.85464e-05 | 69  0.08226 -1.97360e-03
 70  0.11564  1.37122e-03 | 71 -0.15070  3.65242e-03 | 72 -0.28255  1.12804e-03
 73 -0.23901  6.62819e-04 | 74 -0.03576  1.48489e-05 | 75 -0.01536 -2.41936e-05
 76 -0.01540 -8.14703e-05 | 77 -0.44055 -4.18070e-02 | 78 -1.03961  4.79432e-06
 79 -1.12064  2.35511e-04 | 80 -15.95588 -2.10068e-05 | 81  1.01189 -8.05041e-05
 82  0.87940  2.51546e-04 | 83  0.18063  6.33720e-03 | 84 -0.42820 -3.03093e-04
 85 -0.39022 -1.58251e-01 | 86 -1.01036 -4.36742e-04 |
86 variables; iteration 280; function evaluation 355; phase 3
Function value 4.0473984e+02; maximum gradient component mag 1.0047e-02
Var    Value     Gradient |Var    Value     Gradient |Var    Value     Gradient
  1  0.99715 -4.92415e-06 |  2  0.00152 -8.83305e-06 |  3  0.00181  6.85338e-06
  4 -0.01402 -3.14310e-06 |  5 -0.01368 -3.99118e-06 |  6 -0.01328  5.44808e-06
  7 -0.01283 -3.73913e-06 |  8 -0.01233 -8.71350e-06 |  9 -0.01181 -3.50572e-07
 10 -0.01128 -5.07265e-06 | 11 -0.01074 -9.98893e-07 | 12 -0.01035 -1.32646e-06
 13 -0.01062  1.15232e-06 | 14 -0.01173  2.09080e-06 | 15 -0.01321 -1.10636e-06
 16 -0.01341 -1.72725e-06 | 17 -0.01260  1.65581e-05 | 18 -0.01094  1.38090e-05
 19  0.81062  7.61726e-04 | 20 -0.01125  1.86907e-05 | 21 -0.01133  2.13730e-05
 22 -0.01221  3.45116e-05 | 23 -0.01185  3.04520e-05 | 24 -0.01636  3.92114e-05
 25 -0.02437  4.92279e-05 | 26 -0.03531  4.77810e-05 | 27 -0.04991  2.97187e-05
 28 -0.06819  3.69442e-05 | 29 -0.09061  1.36278e-05 | 30 -0.11644  8.03236e-06
 31 -0.14049  1.12990e-05 | 32 -0.15520  9.35739e-06 | 33 -0.15269  5.11704e-06
 34 -0.12247 -7.60325e-05 | 35 -0.06992 -1.38901e-04 | 36  0.00848 -2.13378e-04
 37  0.13654 -5.12819e-04 | 38  0.07293 -7.38049e-04 | 39  0.31272 -1.33206e-03
 40  0.02230 -3.67059e-04 | 41  0.12036  1.46129e-04 | 42  0.01936  3.68992e-04
 43  0.01795  3.51328e-04 | 44  0.01901  4.71084e-04 | 45 -0.04103  3.24080e-04
 46 -0.08573  1.61140e-04 | 47 -0.10236  8.83205e-05 | 48 -0.09126  7.20302e-05
 49 -0.05437  3.08208e-05 | 50  0.00644  2.65029e-04 | 51 -0.08394  3.61727e-04
 52  0.00154  6.09406e-04 | 53 -0.01776  4.05845e-04 | 54 -0.01852  3.28329e-04
 55  0.06407  9.31730e-04 | 56 -0.01985  1.63713e-04 | 57  0.05134  4.26267e-05
 58 -0.00906 -6.28112e-05 | 59  0.05830 -4.67686e-04 | 60  0.04593 -6.16158e-04
 61 -0.04808 -2.42590e-04 | 62  0.09151 -7.13586e-04 | 63 -0.00001  3.80082e-05
 64 -0.09264 -3.21418e-05 | 65  0.02817 -2.20000e-04 | 66 -0.06266 -3.44027e-04
 67 -0.06954 -5.34979e-04 | 68 -0.08861 -1.24014e-04 | 69  0.08226 -7.03839e-04
 70  0.11564 -2.10929e-04 | 71 -0.15070 -3.69800e-04 | 72 -0.28255 -1.52289e-04
 73 -0.23901  1.22669e-05 | 74 -0.03576  1.59137e-05 | 75 -0.01536  7.11043e-06
 76 -0.01540 -1.35652e-07 | 77 -0.44055  2.61115e-03 | 78 -1.03963  5.25132e-06
 79 -1.12066 -6.06742e-05 | 80 -15.93950  6.62912e-06 | 81  1.01189 -1.66803e-05
 82  0.87838 -6.27878e-05 | 83  0.17665  3.00624e-03 | 84 -0.44818 -5.85825e-04
 85 -0.39022  1.00471e-02 | 86 -1.01035  8.02435e-06 |
  ic > imax  in fminim is answer attained ?
Var    Value     Gradient |Var    Value     Gradient |Var    Value     Gradient
  1  0.99733 -4.52437e-10 |  2  0.00152 -6.27281e-08 |  3  0.00181 -4.25414e-09
  4 -0.01402 -1.06147e-07 |  5 -0.01368  4.08253e-09 |  6 -0.01328 -2.45516e-08
  7 -0.01283 -4.98161e-08 |  8 -0.01233 -1.63090e-10 |  9 -0.01181 -6.00949e-08
 10 -0.01128 -3.03476e-07 | 11 -0.01074 -2.13829e-07 | 12 -0.01035 -1.87913e-07
 13 -0.01062 -1.43301e-07 | 14 -0.01173  1.26240e-07 | 15 -0.01321 -1.55285e-07
 16 -0.01341 -2.34145e-07 | 17 -0.01260  5.42797e-08 | 18 -0.01094  4.61089e-08
 19  0.81062  9.88428e-07 | 20 -0.01125 -7.25573e-09 | 21 -0.01133 -1.60986e-07
 22 -0.01221  1.63270e-07 | 23 -0.01185  8.71671e-08 | 24 -0.01636 -1.21653e-07
 25 -0.02437  1.86032e-08 | 26 -0.03531  8.60674e-08 | 27 -0.04991  1.59117e-08
 28 -0.06819  6.21880e-07 | 29 -0.09061  2.66161e-08 | 30 -0.11644  8.40051e-08
 31 -0.14049  1.17993e-07 | 32 -0.15520  9.10246e-09 | 33 -0.15269 -6.35053e-07
 34 -0.12247 -8.21939e-08 | 35 -0.06992 -1.15716e-07 | 36  0.00848  1.80650e-07
 37  0.13654  4.89364e-07 | 38  0.07294 -7.58061e-07 | 39  0.31272  9.15045e-08
 40  0.02230  7.09756e-07 | 41  0.12036 -3.80050e-07 | 42  0.01936 -8.25345e-07
 43  0.01795 -1.73423e-08 | 44  0.01901 -2.70498e-07 | 45 -0.04103 -3.28228e-07
 46 -0.08573 -1.91343e-08 | 47 -0.10236  1.46808e-07 | 48 -0.09126  4.18765e-07
 49 -0.05437  2.31859e-06 | 50  0.00644  2.34356e-06 | 51 -0.08394  1.51925e-07
 52  0.00154 -2.16553e-07 | 53 -0.01776  3.83747e-08 | 54 -0.01852  1.32466e-07
 55  0.06407  1.04719e-06 | 56 -0.01985  1.51787e-07 | 57  0.05134  2.58301e-06
 58 -0.00906  3.89395e-06 | 59  0.05830  2.29874e-06 | 60  0.04593  2.32246e-06
 61 -0.04808 -5.65048e-08 | 62  0.09151 -5.30823e-06 | 63 -0.00001 -2.78918e-06
 64 -0.09264 -1.55489e-06 | 65  0.02817 -6.18847e-06 | 66 -0.06266 -1.41297e-06
 67 -0.06954 -1.77008e-06 | 68 -0.08861 -9.47105e-07 | 69  0.08226 -3.34713e-06
 70  0.11564  1.81723e-06 | 71 -0.15070  3.54398e-07 | 72 -0.28255 -2.85826e-06
 73 -0.23901 -7.85941e-07 | 74 -0.03576  1.17245e-07 | 75 -0.01536 -1.69482e-08
 76 -0.01540 -1.45596e-07 | 77 -0.44055  4.34453e-05 | 78 -1.03963  3.48044e-08
 79 -1.12065 -3.84402e-08 | 80 -15.94399  2.39218e-09 | 81  1.01189 -4.44340e-08
 82  0.87858 -4.57740e-10 | 83  0.17663  3.89985e-07 | 84 -0.44637 -7.54971e-08
 85 -0.39022  2.08350e-04 | 86 -1.01035  3.88205e-07 |
Function minimizer not making progress ... is minimum attained?
Minimprove criterion = 0.0000e+00

 - final statistics:
86 variables; iteration 296; function evaluation 400
Function value 4.0474e+02; maximum gradient component mag 2.0835e-04
Exit code = 1;  converg criter 1.0000e-04
Var    Value     Gradient |Var    Value     Gradient |Var    Value     Gradient
  1  0.99733 -4.52437e-10 |  2  0.00152 -6.27281e-08 |  3  0.00181 -4.25414e-09
  4 -0.01402 -1.06147e-07 |  5 -0.01368  4.08253e-09 |  6 -0.01328 -2.45516e-08
  7 -0.01283 -4.98161e-08 |  8 -0.01233 -1.63090e-10 |  9 -0.01181 -6.00949e-08
 10 -0.01128 -3.03476e-07 | 11 -0.01074 -2.13829e-07 | 12 -0.01035 -1.87913e-07
 13 -0.01062 -1.43301e-07 | 14 -0.01173  1.26240e-07 | 15 -0.01321 -1.55285e-07
 16 -0.01341 -2.34145e-07 | 17 -0.01260  5.42797e-08 | 18 -0.01094  4.61089e-08
 19  0.81062  9.88428e-07 | 20 -0.01125 -7.25573e-09 | 21 -0.01133 -1.60986e-07
 22 -0.01221  1.63270e-07 | 23 -0.01185  8.71671e-08 | 24 -0.01636 -1.21653e-07
 25 -0.02437  1.86032e-08 | 26 -0.03531  8.60674e-08 | 27 -0.04991  1.59117e-08
 28 -0.06819  6.21880e-07 | 29 -0.09061  2.66161e-08 | 30 -0.11644  8.40051e-08
 31 -0.14049  1.17993e-07 | 32 -0.15520  9.10246e-09 | 33 -0.15269 -6.35053e-07
 34 -0.12247 -8.21939e-08 | 35 -0.06992 -1.15716e-07 | 36  0.00848  1.80650e-07
 37  0.13654  4.89364e-07 | 38  0.07294 -7.58061e-07 | 39  0.31272  9.15045e-08
 40  0.02230  7.09756e-07 | 41  0.12036 -3.80050e-07 | 42  0.01936 -8.25345e-07
 43  0.01795 -1.73423e-08 | 44  0.01901 -2.70498e-07 | 45 -0.04103 -3.28228e-07
 46 -0.08573 -1.91343e-08 | 47 -0.10236  1.46808e-07 | 48 -0.09126  4.18765e-07
 49 -0.05437  2.31859e-06 | 50  0.00644  2.34356e-06 | 51 -0.08394  1.51925e-07
 52  0.00154 -2.16553e-07 | 53 -0.01776  3.83747e-08 | 54 -0.01852  1.32466e-07
 55  0.06407  1.04719e-06 | 56 -0.01985  1.51787e-07 | 57  0.05134  2.58301e-06
 58 -0.00906  3.89395e-06 | 59  0.05830  2.29874e-06 | 60  0.04593  2.32246e-06
 61 -0.04808 -5.65048e-08 | 62  0.09151 -5.30823e-06 | 63 -0.00001 -2.78918e-06
 64 -0.09264 -1.55489e-06 | 65  0.02817 -6.18847e-06 | 66 -0.06266 -1.41297e-06
 67 -0.06954 -1.77008e-06 | 68 -0.08861 -9.47105e-07 | 69  0.08226 -3.34713e-06
 70  0.11564  1.81723e-06 | 71 -0.15070  3.54398e-07 | 72 -0.28255 -2.85826e-06
 73 -0.23901 -7.85941e-07 | 74 -0.03576  1.17245e-07 | 75 -0.01536 -1.69482e-08
 76 -0.01540 -1.45596e-07 | 77 -0.44055  4.34453e-05 | 78 -1.03963  3.48044e-08
 79 -1.12065 -3.84402e-08 | 80 -15.94399  2.39218e-09 | 81  1.01189 -4.44340e-08
 82  0.87858 -4.57740e-10 | 83  0.17663  3.89985e-07 | 84 -0.44637 -7.54971e-08
 85 -0.39022  2.08350e-04 | 86 -1.01035  3.88205e-07 |

Initial statistics: 87 variables; iteration 0; function evaluation 0; phase 4
Function value 4.0473984e+02; maximum gradient component mag 2.0627e-04
Var    Value     Gradient |Var    Value     Gradient |Var    Value     Gradient
  1  0.99733 -4.90429e-10 |  2  0.00152 -6.19255e-08 |  3  0.00181 -4.22229e-09
  4 -0.01402 -1.05309e-07 |  5 -0.01368  4.18641e-09 |  6 -0.01328 -2.43677e-08
  7 -0.01283 -4.94815e-08 |  8 -0.01233 -1.25142e-10 |  9 -0.01181 -5.94188e-08
 10 -0.01128 -3.00548e-07 | 11 -0.01074 -2.11781e-07 | 12 -0.01035 -1.86111e-07
 13 -0.01062 -1.41868e-07 | 14 -0.01173  1.25193e-07 | 15 -0.01321 -1.53762e-07
 16 -0.01341 -2.32163e-07 | 17 -0.01260  5.39109e-08 | 18 -0.01094  4.57587e-08
 19  0.81062  9.80782e-07 | 20 -0.01125 -7.30932e-09 | 21 -0.01133 -1.59388e-07
 22 -0.01221  1.61823e-07 | 23 -0.01185  8.64451e-08 | 24 -0.01636 -1.20342e-07
 25 -0.02437  1.85654e-08 | 26 -0.03531  8.55490e-08 | 27 -0.04991  1.61169e-08
 28 -0.06819  6.16334e-07 | 29 -0.09061  2.69586e-08 | 30 -0.11644  8.34347e-08
 31 -0.14049  1.16797e-07 | 32 -0.15520  8.49001e-09 | 33 -0.15269 -6.28854e-07
 34 -0.12247 -8.15236e-08 | 35 -0.06992 -1.14762e-07 | 36  0.00848  1.79421e-07
 37  0.13654  4.83423e-07 | 38  0.07294 -7.51607e-07 | 39  0.31272  8.99872e-08
 40  0.02230  7.03118e-07 | 41  0.12036 -3.75079e-07 | 42  0.01936 -8.16318e-07
 43  0.01795 -1.70899e-08 | 44  0.01901 -2.68101e-07 | 45 -0.04103 -3.25586e-07
 46 -0.08573 -1.89193e-08 | 47 -0.10236  1.45505e-07 | 48 -0.09126  4.15194e-07
 49 -0.05437  2.29798e-06 | 50  0.00644  2.32516e-06 | 51 -0.08394  1.51809e-07
 52  0.00154 -2.10494e-07 | 53 -0.01776  4.03273e-08 | 54 -0.01852  1.33209e-07
 55  0.06407  1.03607e-06 | 56 -0.01985  1.50699e-07 | 57  0.05134  2.55554e-06
 58 -0.00906  3.85596e-06 | 59  0.05830  2.27483e-06 | 60  0.04593  2.29807e-06
 61 -0.04808 -5.80043e-08 | 62  0.09151 -5.26478e-06 | 63 -0.00001 -2.76404e-06
 64 -0.09264 -1.54179e-06 | 65  0.02817 -6.13291e-06 | 66 -0.06266 -1.40008e-06
 67 -0.06954 -1.75301e-06 | 68 -0.08861 -9.38255e-07 | 69  0.08226 -3.31453e-06
 70  0.11564  1.80605e-06 | 71 -0.15070  3.50158e-07 | 72 -0.28255 -2.83392e-06
 73 -0.23901 -7.78525e-07 | 74 -0.03576  1.16527e-07 | 75 -0.01536 -1.67362e-08
 76 -0.01540 -1.44386e-07 | 77  0.00000  0.00000e+00 | 78 -0.44055  4.30317e-05
 79 -0.96037 -3.46320e-08 | 80 -0.87935  3.82142e-08 | 81  0.05601  2.36573e-09
 82  0.98811  4.40117e-08 | 83  0.87858 -7.38853e-10 | 84  0.17663  3.86217e-07
 85 -0.44637 -7.46673e-08 | 86 -0.39022  2.06267e-04 | 87 -0.98965 -3.84001e-07
  ic > imax  in fminim is answer attained ?
Var    Value     Gradient |Var    Value     Gradient |Var    Value     Gradient
  1  0.99733 -4.90429e-10 |  2  0.00152 -6.19255e-08 |  3  0.00181 -4.22229e-09
  4 -0.01402 -1.05309e-07 |  5 -0.01368  4.18641e-09 |  6 -0.01328 -2.43677e-08
  7 -0.01283 -4.94815e-08 |  8 -0.01233 -1.25142e-10 |  9 -0.01181 -5.94188e-08
 10 -0.01128 -3.00548e-07 | 11 -0.01074 -2.11781e-07 | 12 -0.01035 -1.86111e-07
 13 -0.01062 -1.41868e-07 | 14 -0.01173  1.25193e-07 | 15 -0.01321 -1.53762e-07
 16 -0.01341 -2.32163e-07 | 17 -0.01260  5.39109e-08 | 18 -0.01094  4.57587e-08
 19  0.81062  9.80782e-07 | 20 -0.01125 -7.30932e-09 | 21 -0.01133 -1.59388e-07
 22 -0.01221  1.61823e-07 | 23 -0.01185  8.64451e-08 | 24 -0.01636 -1.20342e-07
 25 -0.02437  1.85654e-08 | 26 -0.03531  8.55490e-08 | 27 -0.04991  1.61169e-08
 28 -0.06819  6.16334e-07 | 29 -0.09061  2.69586e-08 | 30 -0.11644  8.34347e-08
 31 -0.14049  1.16797e-07 | 32 -0.15520  8.49001e-09 | 33 -0.15269 -6.28854e-07
 34 -0.12247 -8.15236e-08 | 35 -0.06992 -1.14762e-07 | 36  0.00848  1.79421e-07
 37  0.13654  4.83423e-07 | 38  0.07294 -7.51607e-07 | 39  0.31272  8.99872e-08
 40  0.02230  7.03118e-07 | 41  0.12036 -3.75079e-07 | 42  0.01936 -8.16318e-07
 43  0.01795 -1.70899e-08 | 44  0.01901 -2.68101e-07 | 45 -0.04103 -3.25586e-07
 46 -0.08573 -1.89193e-08 | 47 -0.10236  1.45505e-07 | 48 -0.09126  4.15194e-07
 49 -0.05437  2.29798e-06 | 50  0.00644  2.32516e-06 | 51 -0.08394  1.51809e-07
 52  0.00154 -2.10494e-07 | 53 -0.01776  4.03273e-08 | 54 -0.01852  1.33209e-07
 55  0.06407  1.03607e-06 | 56 -0.01985  1.50699e-07 | 57  0.05134  2.55554e-06
 58 -0.00906  3.85596e-06 | 59  0.05830  2.27483e-06 | 60  0.04593  2.29807e-06
 61 -0.04808 -5.80043e-08 | 62  0.09151 -5.26478e-06 | 63 -0.00001 -2.76404e-06
 64 -0.09264 -1.54179e-06 | 65  0.02817 -6.13291e-06 | 66 -0.06266 -1.40008e-06
 67 -0.06954 -1.75301e-06 | 68 -0.08861 -9.38255e-07 | 69  0.08226 -3.31453e-06
 70  0.11564  1.80605e-06 | 71 -0.15070  3.50158e-07 | 72 -0.28255 -2.83392e-06
 73 -0.23901 -7.78525e-07 | 74 -0.03576  1.16527e-07 | 75 -0.01536 -1.67362e-08
 76 -0.01540 -1.44386e-07 | 77  0.00000  0.00000e+00 | 78 -0.44055  4.30317e-05
 79 -0.96037 -3.46320e-08 | 80 -0.87935  3.82142e-08 | 81  0.05601  2.36573e-09
 82  0.98811  4.40117e-08 | 83  0.87858 -7.38853e-10 | 84  0.17663  3.86217e-07
 85 -0.44637 -7.46673e-08 | 86 -0.39022  2.06267e-04 | 87 -0.98965 -3.84001e-07
Function minimizer not making progress ... is minimum attained?
Minimprove criterion = 0.0000e+00
Warning: the following parameters had issues
  SR_parm[1] is within 0.1% of upper bound: 1.0000e-04 < 2.0000e+01 < 2.0000e+01
  selparm[3] is within 0.1% of lower bound: -4.0000e+00 < -3.9845e+00 < 1.2000e+01
  selparm[7] is within 1% of lower bound: 2.0000e+01 < 2.0537e+01 < 8.0000e+01
  selparm[13] is within 0.1% of upper bound: 2.0000e+01 < 7.4995e+01 < 7.5000e+01
  selparm[15] is within 1% of upper bound: -4.0000e+00 < 1.1855e+01 < 1.2000e+01
  selparm[27] is within 0.1% of lower bound: -4.0000e+00 < -3.9989e+00 < 1.2000e+01


 - final statistics:
87 variables; iteration 1; function evaluation 30
Function value 4.0474e+02; maximum gradient component mag 2.0627e-04
Exit code = 1;  converg criter 1.0000e-04
Var    Value     Gradient |Var    Value     Gradient |Var    Value     Gradient
  1  0.99733 -4.90429e-10 |  2  0.00152 -6.19255e-08 |  3  0.00181 -4.22229e-09
  4 -0.01402 -1.05309e-07 |  5 -0.01368  4.18641e-09 |  6 -0.01328 -2.43677e-08
  7 -0.01283 -4.94815e-08 |  8 -0.01233 -1.25142e-10 |  9 -0.01181 -5.94188e-08
 10 -0.01128 -3.00548e-07 | 11 -0.01074 -2.11781e-07 | 12 -0.01035 -1.86111e-07
 13 -0.01062 -1.41868e-07 | 14 -0.01173  1.25193e-07 | 15 -0.01321 -1.53762e-07
 16 -0.01341 -2.32163e-07 | 17 -0.01260  5.39109e-08 | 18 -0.01094  4.57587e-08
 19  0.81062  9.80782e-07 | 20 -0.01125 -7.30932e-09 | 21 -0.01133 -1.59388e-07
 22 -0.01221  1.61823e-07 | 23 -0.01185  8.64451e-08 | 24 -0.01636 -1.20342e-07
 25 -0.02437  1.85654e-08 | 26 -0.03531  8.55490e-08 | 27 -0.04991  1.61169e-08
 28 -0.06819  6.16334e-07 | 29 -0.09061  2.69586e-08 | 30 -0.11644  8.34347e-08
 31 -0.14049  1.16797e-07 | 32 -0.15520  8.49001e-09 | 33 -0.15269 -6.28854e-07
 34 -0.12247 -8.15236e-08 | 35 -0.06992 -1.14762e-07 | 36  0.00848  1.79421e-07
 37  0.13654  4.83423e-07 | 38  0.07294 -7.51607e-07 | 39  0.31272  8.99872e-08
 40  0.02230  7.03118e-07 | 41  0.12036 -3.75079e-07 | 42  0.01936 -8.16318e-07
 43  0.01795 -1.70899e-08 | 44  0.01901 -2.68101e-07 | 45 -0.04103 -3.25586e-07
 46 -0.08573 -1.89193e-08 | 47 -0.10236  1.45505e-07 | 48 -0.09126  4.15194e-07
 49 -0.05437  2.29798e-06 | 50  0.00644  2.32516e-06 | 51 -0.08394  1.51809e-07
 52  0.00154 -2.10494e-07 | 53 -0.01776  4.03273e-08 | 54 -0.01852  1.33209e-07
 55  0.06407  1.03607e-06 | 56 -0.01985  1.50699e-07 | 57  0.05134  2.55554e-06
 58 -0.00906  3.85596e-06 | 59  0.05830  2.27483e-06 | 60  0.04593  2.29807e-06
 61 -0.04808 -5.80043e-08 | 62  0.09151 -5.26478e-06 | 63 -0.00001 -2.76404e-06
 64 -0.09264 -1.54179e-06 | 65  0.02817 -6.13291e-06 | 66 -0.06266 -1.40008e-06
 67 -0.06954 -1.75301e-06 | 68 -0.08861 -9.38255e-07 | 69  0.08226 -3.31453e-06
 70  0.11564  1.80605e-06 | 71 -0.15070  3.50158e-07 | 72 -0.28255 -2.83392e-06
 73 -0.23901 -7.78525e-07 | 74 -0.03576  1.16527e-07 | 75 -0.01536 -1.67362e-08
 76 -0.01540 -1.44386e-07 | 77  0.00000  0.00000e+00 | 78 -0.44055  4.30317e-05
 79 -0.96037 -3.46320e-08 | 80 -0.87935  3.82142e-08 | 81  0.05601  2.36573e-09
 82  0.98811  4.40117e-08 | 83  0.87858 -7.38853e-10 | 84  0.17663  3.86217e-07
 85 -0.44637 -7.46673e-08 | 86 -0.39022  2.06267e-04 | 87 -0.98965 -3.84001e-07
Estimating row 1 out of 87 for hessian
Estimating row 2 out of 87 for hessian
Estimating row 3 out of 87 for hessian
Estimating row 4 out of 87 for hessian
Estimating row 5 out of 87 for hessian
Estimating row 6 out of 87 for hessian
Estimating row 7 out of 87 for hessian
Estimating row 8 out of 87 for hessian
Estimating row 9 out of 87 for hessian
Estimating row 10 out of 87 for hessian
Estimating row 11 out of 87 for hessian
Estimating row 12 out of 87 for hessian
Estimating row 13 out of 87 for hessian
Estimating row 14 out of 87 for hessian
Estimating row 15 out of 87 for hessian
Estimating row 16 out of 87 for hessian
Estimating row 17 out of 87 for hessian
Estimating row 18 out of 87 for hessian
Estimating row 19 out of 87 for hessian
Estimating row 20 out of 87 for hessian
Estimating row 21 out of 87 for hessian
Estimating row 22 out of 87 for hessian
Estimating row 23 out of 87 for hessian
Estimating row 24 out of 87 for hessian
Estimating row 25 out of 87 for hessian
Estimating row 26 out of 87 for hessian
Estimating row 27 out of 87 for hessian
Estimating row 28 out of 87 for hessian
Estimating row 29 out of 87 for hessian
Estimating row 30 out of 87 for hessian
Estimating row 31 out of 87 for hessian
Estimating row 32 out of 87 for hessian
Estimating row 33 out of 87 for hessian
Estimating row 34 out of 87 for hessian
Estimating row 35 out of 87 for hessian
Estimating row 36 out of 87 for hessian
Estimating row 37 out of 87 for hessian
Estimating row 38 out of 87 for hessian
Estimating row 39 out of 87 for hessian
Estimating row 40 out of 87 for hessian
Estimating row 41 out of 87 for hessian
Estimating row 42 out of 87 for hessian
Estimating row 43 out of 87 for hessian
Estimating row 44 out of 87 for hessian
Estimating row 45 out of 87 for hessian
Estimating row 46 out of 87 for hessian
Estimating row 47 out of 87 for hessian
Estimating row 48 out of 87 for hessian
Estimating row 49 out of 87 for hessian
Estimating row 50 out of 87 for hessian
Estimating row 51 out of 87 for hessian
Estimating row 52 out of 87 for hessian
Estimating row 53 out of 87 for hessian
Estimating row 54 out of 87 for hessian
Estimating row 55 out of 87 for hessian
Estimating row 56 out of 87 for hessian
Estimating row 57 out of 87 for hessian
Estimating row 58 out of 87 for hessian
Estimating row 59 out of 87 for hessian
Estimating row 60 out of 87 for hessian
Estimating row 61 out of 87 for hessian
Estimating row 62 out of 87 for hessian
Estimating row 63 out of 87 for hessian
Estimating row 64 out of 87 for hessian
Estimating row 65 out of 87 for hessian
Estimating row 66 out of 87 for hessian
Estimating row 67 out of 87 for hessian
Estimating row 68 out of 87 for hessian
Estimating row 69 out of 87 for hessian
Estimating row 70 out of 87 for hessian
Estimating row 71 out of 87 for hessian
Estimating row 72 out of 87 for hessian
Estimating row 73 out of 87 for hessian
Estimating row 74 out of 87 for hessian
Estimating row 75 out of 87 for hessian
Estimating row 76 out of 87 for hessian
Estimating row 77 out of 87 for hessian
Estimating row 78 out of 87 for hessian
Estimating row 79 out of 87 for hessian
Estimating row 80 out of 87 for hessian
Estimating row 81 out of 87 for hessian
Estimating row 82 out of 87 for hessian
Estimating row 83 out of 87 for hessian
Estimating row 84 out of 87 for hessian
Estimating row 85 out of 87 for hessian
Estimating row 86 out of 87 for hessian
Estimating row 87 out of 87 for hessian
size of file gradfil1.tmp = 0
size of file gradfil2.tmp = 0
size of file varssave.tmp = 0
size of file cmpdiff.tmp = 0
