
Initial statistics: 38 variables; iteration 0; function evaluation 0; phase 1
Function value 1.5595303e+06; maximum gradient component mag -6.6274e+06
Var    Value     Gradient |Var    Value     Gradient |Var    Value     Gradient
  1 -0.17599 -6.62741e+06 |  2  0.04318 -1.00437e+05 |  3 -0.02097 -5.60590e+04
  4 -0.04003 -4.85045e+04 |  5 -0.03080 -5.63704e+04 |  6 -0.03474 -5.76153e+04
  7 -0.00254 -6.87408e+04 |  8  0.01682 -9.17226e+04 |  9 -0.05037 -6.53496e+04
 10 -0.02511 -7.28733e+04 | 11  0.03714 -1.05182e+05 | 12  0.05172 -1.05131e+05
 13  0.02444 -9.25650e+04 | 14 -0.03597 -8.41654e+04 | 15  0.04077 -1.79385e+05
 16 -0.00380 -8.97324e+04 | 17  0.04199 -1.27868e+05 | 18 -0.02511 -8.05290e+04
 19  0.01554 -1.03941e+05 | 20 -0.02012 -6.73624e+04 | 21  0.01258 -7.92405e+04
 22  0.04674 -1.02990e+05 | 23 -0.01834 -7.84731e+04 | 24 -0.03723 -7.12350e+04
 25  0.00834 -8.48777e+04 | 26  0.02083 -9.68706e+04 | 27  0.02438 -1.01421e+05
 28  0.02808 -9.61886e+04 | 29  0.04232 -1.14540e+05 | 30 -0.03735 -7.41538e+04
 31 -0.00315 -1.00613e+05 | 32 -0.00066 -9.61813e+04 | 33  0.04285 -1.31414e+05
 34 -0.02024 -9.09944e+04 | 35 -0.03461 -8.71075e+04 | 36  0.00693 -8.44015e+04
 37 -0.75049  1.07662e+05 | 38 -0.98727  7.14846e+03 |

Intermediate statistics: 38 variables; iteration 20; function evaluation 39; phase 1
Function value -3.4522928e+01; maximum gradient component mag 8.3362e+01
Var    Value     Gradient |Var    Value     Gradient |Var    Value     Gradient
  1  0.17816  5.24031e+01 |  2  0.01399  1.72741e+01 |  3 -0.03005  5.49204e+00
  4 -0.03480  8.86242e-01 |  5 -0.01201  4.58430e+00 |  6  0.00285  9.05073e+00
  7  0.03684  2.33730e+01 |  8  0.05707  3.96589e+01 |  9  0.02840  3.63353e+01
 10  0.04355  4.70399e+01 | 11 -0.01544  1.54679e+01 | 12 -0.05482 -1.11119e+01
 13 -0.05567 -2.68881e+01 | 14  0.01563 -2.88351e+01 | 15  0.03631 -9.73387e+00
 16  0.00242  4.21802e-01 | 17  0.01415  1.13287e+01 | 18  0.00613  7.90768e+00
 19  0.01342 -1.03887e+01 | 20  0.08598 -3.46186e+01 | 21 -0.00732 -1.77600e+01
 22 -0.02215 -3.68474e+00 | 23 -0.00195  2.05684e+01 | 24  0.06333  8.33621e+01
 25  0.01654  5.63170e+01 | 26 -0.18950 -3.88725e+01 | 27 -0.05854 -2.58157e+01
 28 -0.07242 -1.45423e+01 | 29 -0.03627  1.20813e+01 | 30  0.03234  2.15500e+01
 31  0.12655 -1.05319e+00 | 32  0.13946  1.33518e+01 | 33  0.09627  2.78759e+01
 34 -0.00956  1.60345e+00 | 35 -0.02399 -2.07669e+00 | 36  0.01077  6.41299e+00
 37  0.33020 -2.33004e+00 | 38 -0.38706 -1.11783e+01 |
38 variables; iteration 40; function evaluation 71; phase 1
Function value -5.2805279e+01; maximum gradient component mag 5.4507e+01
Var    Value     Gradient |Var    Value     Gradient |Var    Value     Gradient
  1  0.19742  4.05856e+01 |  2 -0.08852 -9.63524e-01 |  3 -0.04811  3.95434e+00
  4 -0.04981 -1.84026e+00 |  5 -0.03216 -1.91537e+00 |  6 -0.01429 -1.54519e+00
  7 -0.01571 -4.86663e+00 |  8 -0.00641 -8.36030e+00 |  9 -0.00792 -1.57033e+01
 10 -0.01488 -1.85559e+01 | 11 -0.04362 -1.60109e+01 | 12 -0.06162 -1.36896e+01
 13 -0.05483 -1.38028e+01 | 14 -0.03313 -1.81228e+01 | 15 -0.01836 -1.75961e+01
 16 -0.01398 -1.27240e+01 | 17 -0.01954 -3.14689e+00 | 18 -0.04900 -4.82346e+00
 19  0.01641 -3.77102e+00 | 20  0.01024 -1.92340e+01 | 21 -0.00210 -1.15366e+01
 22 -0.04592 -1.59938e+01 | 23 -0.03349 -1.76395e+01 | 24  0.01944  6.46675e+00
 25 -0.07688  2.19353e+00 | 26 -0.10725 -2.64850e+00 | 27 -0.07099  2.01647e+01
 28 -0.10074  2.67092e+01 | 29 -0.08237  4.35623e+01 | 30 -0.04405  3.66627e+01
 31  0.12706  5.45069e+01 | 32  0.08473  1.85031e+01 | 33 -0.00797  3.30283e+00
 34 -0.01764  7.91267e-02 | 35 -0.01114  1.53316e+00 | 36 -0.01350  8.55465e-01
 37  0.44552 -2.08726e-01 | 38  0.94631 -2.50304e-01 |
38 variables; iteration 60; function evaluation 97; phase 1
Function value -5.5736324e+01; maximum gradient component mag 9.2799e+01
Var    Value     Gradient |Var    Value     Gradient |Var    Value     Gradient
  1  0.14077  9.27992e+01 |  2 -0.06800  2.95879e+00 |  3 -0.05724  1.58868e+00
  4 -0.05095 -1.85562e+00 |  5 -0.02921 -1.20442e+00 |  6 -0.01392 -1.66506e+00
  7 -0.01193 -4.47320e+00 |  8 -0.01397 -9.80973e+00 |  9  0.03693 -1.51538e+01
 10 -0.00817 -2.01260e+01 | 11 -0.04534 -1.68297e+01 | 12 -0.04058 -4.77392e+00
 13 -0.03350  4.94863e+00 | 14 -0.03989  5.31848e+00 | 15  0.00590  3.09783e+01
 16 -0.02002  2.72186e+01 | 17  0.01495  5.44676e+01 | 18 -0.05096  1.96064e+01
 19  0.02070  3.31207e+01 | 20  0.03757  1.99332e+01 | 21 -0.00437  1.61665e+01
 22 -0.05169 -1.69438e+00 | 23  0.04342 -3.45036e+00 | 24 -0.03159 -1.92684e+01
 25 -0.09585 -2.07812e+01 | 26 -0.03536 -8.89497e+00 | 27 -0.03492 -1.86446e+01
 28 -0.11514 -2.22097e+01 | 29 -0.15922 -2.73926e+01 | 30 -0.06694 -5.85199e+00
 31  0.17619  2.02291e+01 | 32  0.00068 -2.07984e+00 | 33  0.01036  6.48852e+00
 34 -0.00687  2.62260e+00 | 35 -0.01341  9.51115e-01 | 36 -0.01001  1.70021e+00
 37 -2.84082  6.88322e-02 | 38  0.93064 -3.23975e-01 |
Maximum number of function evaluations exceeded

 - final statistics:
38 variables; iteration 64; function evaluation 100
Function value -5.8868e+01; maximum gradient component mag 9.1849e+01
Exit code = 3;  converg criter 1.0000e+01
Var    Value     Gradient |Var    Value     Gradient |Var    Value     Gradient
  1  0.09769  1.34737e+01 |  2 -0.06470 -2.80279e+00 |  3 -0.05834 -3.81399e+00
  4 -0.04330 -4.18007e+00 |  5 -0.02719 -5.05042e+00 |  6 -0.01799 -7.90730e+00
  7 -0.01045 -1.19316e+01 |  8 -0.00656 -2.07688e+01 |  9  0.04646 -4.62119e+01
 10  0.00440 -5.21019e+01 | 11 -0.04131 -4.31507e+01 | 12 -0.03673 -2.76866e+01
 13 -0.03848 -4.59894e+00 | 14 -0.03640  2.02787e+01 | 15  0.00039  7.02433e+01
 16  0.00221  8.87188e+01 | 17 -0.00411  9.18485e+01 | 18 -0.02557  6.98990e+01
 19  0.01619  7.25870e+01 | 20  0.04734  5.83472e+01 | 21 -0.00428  3.32730e+01
 22 -0.05496  3.68319e+00 | 23  0.05569 -1.26437e+01 | 24 -0.03240 -3.69513e+01
 25 -0.11856 -3.63813e+01 | 26 -0.03576 -2.83922e+01 | 27 -0.00932 -4.01230e+01
 28 -0.11443 -3.31267e+01 | 29 -0.18313 -3.92937e+01 | 30 -0.07548 -1.68886e+01
 31  0.17192  2.38191e+00 | 32  0.01894  1.86511e+00 | 33 -0.01850  1.02064e-01
 34  0.00023  4.64997e+00 | 35 -0.01047  1.90258e+00 | 36 -0.00402  3.38629e+00
 37 -5.44817  1.78213e-01 | 38  0.82340 -6.16049e-01 |

Initial statistics: 38 variables; iteration 0; function evaluation 0; phase 2
Function value -5.8867929e+01; maximum gradient component mag 9.1849e+01
Var    Value     Gradient |Var    Value     Gradient |Var    Value     Gradient
  1  0.09769  1.34737e+01 |  2 -0.06470 -2.80279e+00 |  3 -0.05834 -3.81399e+00
  4 -0.04330 -4.18007e+00 |  5 -0.02719 -5.05042e+00 |  6 -0.01799 -7.90730e+00
  7 -0.01045 -1.19316e+01 |  8 -0.00656 -2.07688e+01 |  9  0.04646 -4.62119e+01
 10  0.00440 -5.21019e+01 | 11 -0.04131 -4.31507e+01 | 12 -0.03673 -2.76866e+01
 13 -0.03848 -4.59894e+00 | 14 -0.03640  2.02787e+01 | 15  0.00039  7.02433e+01
 16  0.00221  8.87188e+01 | 17 -0.00411  9.18485e+01 | 18 -0.02557  6.98990e+01
 19  0.01619  7.25870e+01 | 20  0.04734  5.83472e+01 | 21 -0.00428  3.32730e+01
 22 -0.05496  3.68319e+00 | 23  0.05569 -1.26437e+01 | 24 -0.03240 -3.69513e+01
 25 -0.11856 -3.63813e+01 | 26 -0.03576 -2.83922e+01 | 27 -0.00932 -4.01230e+01
 28 -0.11443 -3.31267e+01 | 29 -0.18313 -3.92937e+01 | 30 -0.07548 -1.68886e+01
 31  0.17192  2.38191e+00 | 32  0.01894  1.86511e+00 | 33 -0.01850  1.02064e-01
 34  0.00023  4.64997e+00 | 35 -0.01047  1.90258e+00 | 36 -0.00402  3.38629e+00
 37 -0.55183 -1.78213e-01 | 38  0.82340 -6.16049e-01 |

Intermediate statistics: 38 variables; iteration 20; function evaluation 26; phase 2
Function value -6.4984695e+01; maximum gradient component mag 9.6760e+01
Var    Value     Gradient |Var    Value     Gradient |Var    Value     Gradient
  1  0.08791 -5.00511e+01 |  2 -0.04652 -8.80052e-01 |  3 -0.04071 -1.45137e+00
  4 -0.03629 -2.33231e+00 |  5 -0.02904 -3.67437e+00 |  6 -0.02155 -5.72170e+00
  7 -0.02532 -8.46591e+00 |  8 -0.02725 -1.28228e+01 |  9 -0.02441 -2.19048e+01
 10  0.00191 -3.29871e+01 | 11 -0.02275 -3.16810e+01 | 12 -0.07323 -2.95010e+01
 13 -0.08106 -3.18206e+01 | 14 -0.04285 -3.42438e+01 | 15 -0.06033 -2.97499e+01
 16 -0.01605 -1.89272e+01 | 17 -0.02475 -1.01045e-01 | 18 -0.06178  6.12987e+00
 19 -0.02850  1.25060e+01 | 20  0.04545  2.69821e+01 | 21 -0.04257  1.60419e+01
 22 -0.06180  1.18146e+01 | 23  0.00204  1.15309e+01 | 24 -0.02394 -4.40546e+00
 25 -0.09089 -6.09962e+00 | 26 -0.08259 -2.87660e+00 | 27 -0.06444 -2.22101e-01
 28 -0.10851  1.02142e+01 | 29 -0.12904  1.50764e+01 | 30 -0.07666  3.04226e+01
 31  0.12025  9.67604e+01 | 32  0.02145  1.60634e+01 | 33 -0.01945  3.27809e+00
 34 -0.02343 -1.83208e-01 | 35 -0.02186 -1.27736e-01 | 36 -0.02183 -3.00860e-01
 37 -0.53049 -2.51366e-02 | 38  0.89392 -6.08711e-02 |

 - final statistics:
38 variables; iteration 35; function evaluation 50
Function value -6.5470e+01; maximum gradient component mag 9.4752e+00
Exit code = 1;  converg criter 1.0000e+01
Var    Value     Gradient |Var    Value     Gradient |Var    Value     Gradient
  1  0.08650 -4.35507e-01 |  2 -0.04787 -5.20465e-02 |  3 -0.05015 -1.46853e+00
  4 -0.03858 -2.52126e-01 |  5 -0.02124  1.29535e+00 |  6 -0.03386 -2.26279e+00
  7 -0.01922  3.66783e-01 |  8 -0.03370 -2.57568e+00 |  9 -0.03683 -7.10395e+00
 10  0.01006 -3.91281e+00 | 11 -0.03338 -3.36713e+00 | 12 -0.08235 -6.69542e+00
 13 -0.07353 -2.81374e+00 | 14 -0.05831 -2.66095e+00 | 15 -0.05522 -2.75927e+00
 16 -0.02005  3.56049e-01 | 17 -0.03600  1.45608e+00 | 18 -0.06899  1.14804e+00
 19 -0.02917  3.50148e+00 | 20  0.04118  1.27296e+00 | 21 -0.04842 -1.51662e-01
 22 -0.07070 -1.83021e+00 | 23 -0.00552 -5.95200e-01 | 24 -0.02192 -2.45975e+00
 25 -0.09658 -7.37609e-01 | 26 -0.09471  2.25651e+00 | 27 -0.05974  6.76559e+00
 28 -0.11295  3.61983e+00 | 29 -0.13482  4.27514e-01 | 30 -0.08532  2.74074e+00
 31  0.10722  9.47521e+00 | 32  0.02708 -3.49244e-01 | 33 -0.01964  9.12737e-01
 34 -0.02355 -1.25239e-01 | 35 -0.02361 -3.51699e-01 | 36 -0.02253 -2.87481e-01
 37 -0.51457  2.90678e-03 | 38  0.97655 -1.26024e-03 |

Initial statistics: 43 variables; iteration 0; function evaluation 0; phase 3
Function value -6.5469870e+01; maximum gradient component mag -8.6308e+01
Var    Value     Gradient |Var    Value     Gradient |Var    Value     Gradient
  1  0.08650 -4.35507e-01 |  2 -0.02689 -4.08243e+01 |  3 -0.04787 -5.20465e-02
  4 -0.05015 -1.46853e+00 |  5 -0.03858 -2.52126e-01 |  6 -0.02124  1.29535e+00
  7 -0.03386 -2.26279e+00 |  8 -0.01922  3.66783e-01 |  9 -0.03370 -2.57568e+00
 10 -0.03683 -7.10395e+00 | 11  0.01006 -3.91281e+00 | 12 -0.03338 -3.36713e+00
 13 -0.08235 -6.69542e+00 | 14 -0.07353 -2.81374e+00 | 15 -0.05831 -2.66095e+00
 16 -0.05522 -2.75927e+00 | 17 -0.02005  3.56049e-01 | 18 -0.03600  1.45608e+00
 19 -0.06899  1.14804e+00 | 20 -0.02917  3.50148e+00 | 21  0.04118  1.27296e+00
 22 -0.04842 -1.51662e-01 | 23 -0.07070 -1.83021e+00 | 24 -0.00552 -5.95200e-01
 25 -0.02192 -2.45975e+00 | 26 -0.09658 -7.37609e-01 | 27 -0.09471  2.25651e+00
 28 -0.05974  6.76559e+00 | 29 -0.11295  3.61983e+00 | 30 -0.13482  4.27514e-01
 31 -0.08532  2.74074e+00 | 32  0.10722  9.47521e+00 | 33  0.02708 -3.49244e-01
 34 -0.01964  9.12737e-01 | 35 -0.02355 -1.25239e-01 | 36 -0.02361 -3.51699e-01
 37 -0.02253 -2.87481e-01 | 38 -0.51457  2.90678e-03 | 39  0.97655 -1.26024e-03
 40 -0.23940 -1.14873e+01 | 41 -0.01496 -8.63080e+01 | 42 -0.16496  5.99945e+01
 43  0.07872  6.87228e+01 |

Intermediate statistics: 43 variables; iteration 20; function evaluation 27; phase 3
Function value -8.6595552e+01; maximum gradient component mag -4.8561e+02
Var    Value     Gradient |Var    Value     Gradient |Var    Value     Gradient
  1  0.06458 -4.85608e+02 |  2  0.09103  3.26538e+01 |  3 -0.05936 -3.79546e+00
  4 -0.04040 -3.94504e+00 |  5 -0.02392 -3.55932e+00 |  6 -0.01635 -4.59396e+00
  7  0.00451 -3.31910e+00 |  8 -0.01584 -6.07484e+00 |  9 -0.00885 -5.64879e+00
 10  0.03990 -6.29618e+00 | 11 -0.05393 -1.87471e+01 | 12 -0.01846 -8.81352e+00
 13 -0.03966  4.49732e+00 | 14 -0.07102 -3.34187e+00 | 15 -0.02627 -1.72045e+01
 16 -0.08147 -3.38970e+01 | 17 -0.02764 -7.70570e+01 | 18  0.01393 -8.22456e+01
 19 -0.12768 -3.00920e+01 | 20 -0.00281  7.22404e+00 | 21  0.04770  4.89093e+00
 22 -0.03726 -2.37541e+01 | 23 -0.04013 -1.98334e+01 | 24 -0.02991 -1.43768e+01
 25  0.03482  1.77053e+01 | 26 -0.12293  8.28630e+00 | 27 -0.07578  4.06964e+00
 28 -0.02507 -3.72515e+01 | 29 -0.13602 -1.30639e+01 | 30 -0.09862  1.27300e+01
 31 -0.06397  4.78342e+01 | 32  0.09009  1.92614e+02 | 33 -0.00205  5.93664e+01
 34 -0.01220  1.14827e+01 | 35 -0.02097  9.12742e-01 | 36 -0.02144  5.43988e-01
 37 -0.02098  4.61121e-01 | 38 -0.52668  1.87807e+00 | 39  0.97681  1.40431e-01
 40 -0.16247 -1.18177e+02 | 41  0.04085  2.19032e+02 | 42 -0.30880 -2.18569e+02
 43 -0.15161  1.19683e+02 |
43 variables; iteration 40; function evaluation 55; phase 3
Function value -9.2626647e+01; maximum gradient component mag -6.2255e+01
Var    Value     Gradient |Var    Value     Gradient |Var    Value     Gradient
  1  0.06055 -1.27050e+00 |  2  0.08633 -3.21303e+00 |  3 -0.02747  1.39414e+00
  4 -0.03315 -1.04110e+00 |  5 -0.01595 -2.54446e-01 |  6  0.00298  4.43109e-01
  7 -0.02509 -5.63419e+00 |  8  0.00059 -1.30120e+00 |  9 -0.01939 -4.56117e+00
 10  0.01042 -4.67955e+00 | 11 -0.06512 -1.90059e+01 | 12 -0.01620 -1.10870e+01
 13 -0.06536 -1.35469e+01 | 14 -0.07784 -2.02006e+01 | 15 -0.04506 -8.13214e+00
 16 -0.10565 -4.72677e+00 | 17 -0.02695 -4.23024e+00 | 18 -0.01253 -2.73549e+00
 19 -0.10246 -2.20562e+00 | 20 -0.01997  1.51033e+01 | 21  0.02212  1.16446e+01
 22 -0.02460  3.74354e-01 | 23 -0.05703 -2.70551e-01 | 24 -0.03895 -7.80938e+00
 25  0.01888 -3.64528e+01 | 26 -0.13521 -1.38048e+01 | 27 -0.08876 -8.92560e+00
 28 -0.03371 -1.08359e+01 | 29 -0.13864  1.09531e+01 | 30 -0.10432  2.21684e+01
 31 -0.07245  2.57656e+01 | 32  0.06045  4.82436e+01 | 33 -0.02807  1.04566e+01
 34 -0.04772 -3.04216e+00 | 35 -0.03075 -3.81333e-01 | 36 -0.02925 -3.03954e-01
 37 -0.02757 -1.43479e-01 | 38 -0.83026 -4.37549e-02 | 39  0.99611 -1.52173e-03
 40 -0.18232 -6.62980e+00 | 41  0.01349 -1.72934e+01 | 42 -0.32736 -6.22554e+01
 43 -0.21075  3.97118e+01 |
43 variables; iteration 60; function evaluation 86; phase 3
Function value -9.6059103e+01; maximum gradient component mag -5.6640e+02
Var    Value     Gradient |Var    Value     Gradient |Var    Value     Gradient
  1  0.04832 -5.66396e+02 |  2  0.11547 -8.47671e+00 |  3 -0.02265 -3.31469e+00
  4 -0.01709 -3.81035e+00 |  5 -0.00379 -4.32087e+00 |  6  0.00216 -6.02383e+00
  7  0.00031 -7.71950e+00 |  8 -0.00714 -8.30432e+00 |  9 -0.02484 -1.09656e+01
 10 -0.03458 -1.67157e+01 | 11 -0.00906 -2.23472e+01 | 12 -0.03249 -2.71295e+01
 13 -0.06255 -2.15700e+01 | 14 -0.06416 -1.15532e+01 | 15 -0.06080 -7.43545e+00
 16 -0.10546 -5.27935e+00 | 17 -0.02861 -3.95612e+00 | 18 -0.01643 -4.46639e+00
 19 -0.08689  1.10793e+00 | 20 -0.02287  5.50209e+00 | 21  0.01332  7.96536e+00
 22 -0.01784  7.35559e+00 | 23 -0.05076  9.90216e+00 | 24 -0.04792  1.72968e+01
 25  0.01924  2.00424e+01 | 26 -0.12087  8.38335e+00 | 27 -0.09067  1.31010e+01
 28 -0.03477  1.36379e+01 | 29 -0.14765  9.80053e+00 | 30 -0.10069  1.27494e+01
 31 -0.07726  1.00551e+01 | 32  0.04223  7.75308e+00 | 33 -0.03335  5.54433e-01
 34 -0.03797 -2.99551e-01 | 35 -0.03777 -5.86108e-01 | 36 -0.03020  8.20524e-01
 37 -0.03016  4.20614e-01 | 38 -0.51804  1.24340e+00 | 39  1.26860 -2.11297e+00
 40 -0.09130  8.68849e+01 | 41  0.03962 -1.13351e+02 | 42 -0.36065 -5.33163e+02
 43 -0.35712  1.06081e+02 |
43 variables; iteration 80; function evaluation 109; phase 3
Function value -9.6441594e+01; maximum gradient component mag -2.3711e+02
Var    Value     Gradient |Var    Value     Gradient |Var    Value     Gradient
  1  0.04740 -2.37113e+02 |  2  0.12066 -8.46955e-01 |  3 -0.02082 -4.29907e-01
  4 -0.01625 -5.12159e-01 |  5 -0.00516 -3.39380e-01 |  6  0.00171 -6.25030e-01
  7  0.00232 -5.80795e-01 |  8 -0.00714  6.91156e-02 |  9 -0.02066 -2.10406e-01
 10 -0.01411  4.28979e-01 | 11 -0.01733 -1.02651e+00 | 12 -0.02459  4.82582e-01
 13 -0.05577  6.05739e-01 | 14 -0.06377 -1.75680e-01 | 15 -0.05538  1.09845e+00
 16 -0.09893  6.72884e-01 | 17 -0.02616  8.12515e-01 | 18 -0.01112 -6.66057e-01
 19 -0.08330  2.64491e-01 | 20 -0.01963  2.02697e-01 | 21  0.01665 -4.44336e-01
 22 -0.01460 -1.29992e+00 | 23 -0.04435 -1.38652e+00 | 24 -0.04894 -9.04750e-01
 25  0.02504 -5.84698e-01 | 26 -0.11755 -1.11277e-01 | 27 -0.08969  6.01283e-01
 28 -0.02879 -4.46413e-01 | 29 -0.14863 -3.83540e-01 | 30 -0.09634  6.69054e-01
 31 -0.07480  6.51629e-01 | 32  0.04581 -6.70114e-02 | 33 -0.02735  3.17189e-01
 34 -0.03525 -9.29551e-02 | 35 -0.03427 -5.30068e-02 | 36 -0.03187  1.18857e-01
 37 -0.03060  5.16234e-02 | 38  0.51853  4.34845e-01 | 39  1.83246 -1.82824e+00
 40 -0.08835  2.58194e+01 | 41  0.03986 -2.81801e+01 | 42 -0.36894 -1.97950e+02
 43 -0.41030  3.21330e+01 |
43 variables; iteration 100; function evaluation 129; phase 3
Function value -9.6636660e+01; maximum gradient component mag 1.9478e+02
Var    Value     Gradient |Var    Value     Gradient |Var    Value     Gradient
  1  0.04824  1.94776e+02 |  2  0.11989 -2.48822e-02 |  3 -0.02213 -2.80227e-01
  4 -0.01641 -2.04741e-01 |  5 -0.00546 -9.76231e-02 |  6  0.00322 -2.02905e-01
  7  0.00401 -3.22292e-01 |  8 -0.00774 -4.12333e-01 |  9 -0.01975 -8.52052e-01
 10 -0.01826 -1.78918e+00 | 11 -0.01410 -2.67558e+00 | 12 -0.02438 -2.76531e+00
 13 -0.05647 -1.56365e+00 | 14 -0.06268  1.11040e+00 | 15 -0.05467  2.71621e+00
 16 -0.09673  2.95915e+00 | 17 -0.02603  4.39061e+00 | 18 -0.01002  3.59712e+00
 19 -0.08271  1.77087e+00 | 20 -0.01951 -3.89234e-02 | 21  0.01680 -2.74669e+00
 22 -0.01466 -2.38267e+00 | 23 -0.04237 -3.10515e+00 | 24 -0.05088 -6.64176e+00
 25  0.02642 -6.49288e+00 | 26 -0.11839 -2.28923e+00 | 27 -0.08922 -7.30356e-01
 28 -0.02849  1.97336e-02 | 29 -0.14777  8.29772e-01 | 30 -0.09660  1.88932e+00
 31 -0.07496  2.60653e+00 | 32  0.04731  7.28290e+00 | 33 -0.02653  1.32359e+00
 34 -0.03339  2.18888e-01 | 35 -0.03312  3.70189e-02 | 36 -0.03091  1.83962e-01
 37 -0.03005  3.54184e-02 | 38  1.23035  3.55314e-01 | 39  1.82049  2.86566e+00
 40 -0.08666 -7.76270e+00 | 41  0.04061 -5.75114e+00 | 42 -0.37325  1.69407e+02
 43 -0.44478 -1.46160e+01 |
43 variables; iteration 120; function evaluation 158; phase 3
Function value -9.6974281e+01; maximum gradient component mag -1.0757e+03
Var    Value     Gradient |Var    Value     Gradient |Var    Value     Gradient
  1  0.04848 -4.37847e+02 |  2  0.11857 -7.40113e-01 |  3 -0.02153 -1.38389e-01
  4 -0.01624 -1.71365e-01 |  5 -0.00646 -2.40344e-01 |  6  0.00220 -2.68513e-01
  7  0.00237 -3.25330e-01 |  8 -0.00957 -2.17153e-01 |  9 -0.02050 -8.16718e-02
 10 -0.01654  4.14195e-03 | 11 -0.01058  2.22239e-01 | 12 -0.02547 -3.99114e-01
 13 -0.05620 -7.08836e-01 | 14 -0.06300 -6.89895e-01 | 15 -0.05431  2.46408e-01
 16 -0.09694  4.00028e-01 | 17 -0.02732  8.64860e-01 | 18 -0.00940  1.19111e+00
 19 -0.08288  4.11744e-01 | 20 -0.01988  8.99319e-01 | 21  0.01592 -4.57839e-01
 22 -0.01366 -5.35165e-01 | 23 -0.04289 -1.42969e-01 | 24 -0.04968  4.86789e-01
 25  0.02550  5.99873e-01 | 26 -0.11363  3.46741e-02 | 27 -0.09107 -6.37238e-01
 28 -0.02798 -9.90281e-01 | 29 -0.14742 -4.25159e-01 | 30 -0.09646 -1.40996e-01
 31 -0.07614  3.18017e-02 | 32  0.04506 -6.26970e-01 | 33 -0.02389  2.03761e-01
 34 -0.03401 -5.38725e-02 | 35 -0.03329  1.61151e-02 | 36 -0.03192 -4.18209e-02
 37 -0.03021  2.07006e-02 | 38  2.62575 -8.13732e-01 | 39  1.24280 -1.61322e+00
 40 -0.09034  8.42270e+01 | 41  0.03937 -1.19008e+02 | 42 -0.38170 -1.07574e+03
 43 -0.54581  6.66366e+01 |
43 variables; iteration 140; function evaluation 179; phase 3
Function value -9.7080872e+01; maximum gradient component mag -3.5344e+01
Var    Value     Gradient |Var    Value     Gradient |Var    Value     Gradient
  1  0.04788 -2.32766e+01 |  2  0.11968 -1.03737e-01 |  3 -0.02037 -4.24449e-02
  4 -0.01508 -4.69830e-02 |  5 -0.00514 -6.15870e-02 |  6  0.00363 -6.92250e-02
  7  0.00410 -8.57659e-02 |  8 -0.00846 -1.06648e-01 |  9 -0.01994 -1.10878e-01
 10 -0.01681 -1.62114e-01 | 11 -0.01248 -2.37228e-01 | 12 -0.02405 -3.08521e-01
 13 -0.05434 -2.38955e-01 | 14 -0.06280 -1.17466e-01 | 15 -0.05402  3.16367e-02
 16 -0.09622  6.16580e-02 | 17 -0.02692  9.82032e-02 | 18 -0.00912  9.39492e-02
 19 -0.08143  2.43029e-02 | 20 -0.01960  1.42408e-02 | 21  0.01615 -3.15870e-01
 22 -0.01303 -1.91213e-01 | 23 -0.04167 -5.14515e-02 | 24 -0.04961  1.06564e-01
 25  0.02590  5.37017e-02 | 26 -0.11228  4.25489e-02 | 27 -0.09020  6.24778e-02
 28 -0.02771  1.91594e-01 | 29 -0.14665  1.33530e-01 | 30 -0.09553  2.11847e-01
 31 -0.07589  2.27022e-01 | 32  0.04486  2.38628e-01 | 33 -0.02347  6.88946e-02
 34 -0.03375  3.13890e-03 | 35 -0.03346  2.70076e-03 | 36 -0.03189 -7.11515e-03
 37 -0.03035  9.19440e-03 | 38  3.42294 -1.14478e-01 | 39  0.66206 -2.62858e-01
 40 -0.08763  2.79821e+00 | 41  0.04035 -3.34067e+00 | 42 -0.38489 -3.53441e+01
 43 -0.61409  2.86107e+00 |
43 variables; iteration 160; function evaluation 199; phase 3
Function value -9.7149434e+01; maximum gradient component mag 1.1483e+03
Var    Value     Gradient |Var    Value     Gradient |Var    Value     Gradient
  1  0.04851  4.38353e+02 |  2  0.12234  1.29368e+00 |  3 -0.02304 -2.63360e-02
  4 -0.01789  4.71008e-02 |  5 -0.00767 -3.28631e-03 |  6  0.00215  1.52900e-01
  7  0.00269  1.89643e-01 |  8 -0.01129 -4.68135e-02 |  9 -0.02101  4.30503e-01
 10 -0.01408  1.32488e+00 | 11 -0.00763  2.11153e+00 | 12 -0.02672  1.34499e+00
 13 -0.05459  1.98160e+00 | 14 -0.06238  1.09771e+00 | 15 -0.05345  9.34671e-01
 16 -0.09601  3.97758e-01 | 17 -0.02620  1.01905e+00 | 18 -0.00945 -2.34484e-01
 19 -0.08108  9.76698e-02 | 20 -0.01881 -1.47334e+00 | 21  0.01591 -6.48001e+00
 22 -0.01260 -4.44264e+00 | 23 -0.04191 -2.80594e+00 | 24 -0.04879 -1.97714e+00
 25  0.02599 -4.33342e+00 | 26 -0.11228 -1.75596e+00 | 27 -0.09003 -2.53166e+00
 28 -0.02706 -2.86588e+00 | 29 -0.14690 -7.30115e-01 | 30 -0.09450  2.06783e+00
 31 -0.07472  4.31659e+00 | 32  0.04586  6.33205e+00 | 33 -0.02369  3.18140e-01
 34 -0.03277  1.40043e-01 | 35 -0.03264  9.59647e-02 | 36 -0.03155 -2.30550e-02
 37 -0.03056 -1.28770e-01 | 38  3.92395 -1.83593e+00 | 39  0.66414 -2.55196e+00
 40 -0.09967 -6.56019e+01 | 41  0.03468  7.34714e+01 | 42 -0.38467  1.14834e+03
 43 -0.61100 -4.62325e+01 |
43 variables; iteration 180; function evaluation 219; phase 3
Function value -9.7217518e+01; maximum gradient component mag 1.3820e+02
Var    Value     Gradient |Var    Value     Gradient |Var    Value     Gradient
  1  0.04892  3.59248e+01 |  2  0.11470 -1.56296e-01 |  3 -0.02192 -8.94313e-02
  4 -0.01627 -1.00200e-01 |  5 -0.00619 -1.40582e-01 |  6  0.00273 -1.74351e-01
  7  0.00339 -2.13383e-01 |  8 -0.00925 -2.64115e-01 |  9 -0.02050 -2.66202e-01
 10 -0.01649 -3.63854e-01 | 11 -0.01170 -5.32779e-01 | 12 -0.02522 -6.31250e-01
 13 -0.05644 -5.30168e-01 | 14 -0.06297 -3.67114e-01 | 15 -0.05462 -2.02018e-01
 16 -0.09601 -4.24472e-02 | 17 -0.02686  1.82967e-02 | 18 -0.01059  1.50653e-01
 19 -0.08191  1.92283e-01 | 20 -0.01936  2.95330e-01 | 21  0.01540  3.05851e-01
 22 -0.01413  1.80257e-01 | 23 -0.04261  2.00443e-01 | 24 -0.04893  2.48947e-01
 25  0.02464  3.67492e-01 | 26 -0.11396  7.13712e-02 | 27 -0.08953  1.11553e-01
 28 -0.02870  2.38308e-01 | 29 -0.14749  1.33745e-01 | 30 -0.09496  2.24894e-01
 31 -0.07427  2.28619e-01 | 32  0.04470  3.96623e-01 | 33 -0.02429  7.16474e-02
 34 -0.03349  1.01181e-02 | 35 -0.03307  8.91180e-04 | 36 -0.03151 -2.40405e-03
 37 -0.03012 -1.02221e-02 | 38  4.36143 -2.01850e-01 | 39  0.68886 -2.46382e-01
 40 -0.09663 -8.08555e+00 | 41  0.03754  1.19183e+01 | 42 -0.38411  1.38198e+02
 43 -0.61020 -4.45035e+00 |
43 variables; iteration 200; function evaluation 240; phase 3
Function value -9.7256477e+01; maximum gradient component mag 3.8364e+02
Var    Value     Gradient |Var    Value     Gradient |Var    Value     Gradient
  1  0.04898  1.68143e+02 |  2  0.11555  3.44700e-01 |  3 -0.02211  3.48407e-02
  4 -0.01657  4.53722e-02 |  5 -0.00630  7.11519e-02 |  6  0.00262  9.07908e-02
  7  0.00334  1.10532e-01 |  8 -0.00894  1.49164e-01 |  9 -0.02045  1.38670e-01
 10 -0.01667  1.45277e-01 | 11 -0.01171  2.38126e-01 | 12 -0.02497  2.73658e-01
 13 -0.05621  1.96651e-01 | 14 -0.06302  1.51519e-01 | 15 -0.05439  1.21766e-01
 16 -0.09596  6.50808e-02 | 17 -0.02704 -3.81930e-02 | 18 -0.01024 -1.66574e-01
 19 -0.08189 -1.44799e-01 | 20 -0.01960 -2.27612e-01 | 21  0.01546 -2.78733e-01
 22 -0.01392 -1.18906e-01 | 23 -0.04243 -9.34356e-02 | 24 -0.04924 -1.21518e-01
 25  0.02489 -2.55285e-01 | 26 -0.11347 -7.86471e-02 | 27 -0.08984 -6.36833e-02
 28 -0.02849 -8.79599e-02 | 29 -0.14729 -2.18708e-02 | 30 -0.09520  1.95642e-02
 31 -0.07481  2.68345e-03 | 32  0.04467 -8.08697e-02 | 33 -0.02378  3.97362e-03
 34 -0.03342 -2.04451e-03 | 35 -0.03303  1.95680e-03 | 36 -0.03148 -7.55004e-04
 37 -0.03000  1.26722e-02 | 38  4.75745 -2.77700e-01 | 39  0.45333 -1.35766e+00
 40 -0.09624 -1.69302e+01 | 41  0.03748  1.48670e+01 | 42 -0.38533  3.83644e+02
 43 -0.63613 -1.27434e+01 |
43 variables; iteration 220; function evaluation 264; phase 3
Function value -9.7267078e+01; maximum gradient component mag 4.3860e+01
Var    Value     Gradient |Var    Value     Gradient |Var    Value     Gradient
  1  0.04897  1.17022e+01 |  2  0.11570  1.36209e-02 |  3 -0.02209 -8.55891e-04
  4 -0.01658 -1.72788e-03 |  5 -0.00635 -2.85603e-03 |  6  0.00260 -2.80515e-03
  7  0.00332 -3.54346e-03 |  8 -0.00911 -8.68464e-03 |  9 -0.02045 -6.68564e-03
 10 -0.01648 -6.10044e-03 | 11 -0.01166 -8.24403e-03 | 12 -0.02495 -1.09941e-02
 13 -0.05611 -1.70594e-02 | 14 -0.06300 -5.16920e-03 | 15 -0.05432  2.82169e-02
 16 -0.09591  2.73228e-02 | 17 -0.02700  5.11992e-02 | 18 -0.01019  6.98760e-02
 19 -0.08180  2.51274e-02 | 20 -0.01956  4.11896e-02 | 21  0.01550  2.00956e-02
 22 -0.01389 -1.66768e-02 | 23 -0.04235 -2.01191e-02 | 24 -0.04921 -2.82365e-02
 25  0.02492 -7.50373e-02 | 26 -0.11336 -2.84541e-02 | 27 -0.08980 -4.41145e-02
 28 -0.02844 -5.91768e-02 | 29 -0.14723 -2.15813e-02 | 30 -0.09513 -1.24357e-02
 31 -0.07477 -3.31612e-04 | 32  0.04469  3.22157e-02 | 33 -0.02371  1.14861e-02
 34 -0.03338  1.29387e-03 | 35 -0.03302  1.58596e-04 | 36 -0.03146  1.02567e-03
 37 -0.03005 -2.85438e-03 | 38  5.13747  3.23612e-02 | 39  0.44045 -2.60189e-01
 40 -0.09635 -9.60397e-01 | 41  0.03740  4.55774e-01 | 42 -0.38557  4.38595e+01
 43 -0.64322 -2.80425e-01 |
43 variables; iteration 240; function evaluation 285; phase 3
Function value -9.7267538e+01; maximum gradient component mag -1.2162e+01
Var    Value     Gradient |Var    Value     Gradient |Var    Value     Gradient
  1  0.04896 -1.21618e+01 |  2  0.11568 -2.67435e-03 |  3 -0.02207  1.06058e-02
  4 -0.01657  1.16194e-02 |  5 -0.00632  1.67169e-02 |  6  0.00261  2.08358e-02
  7  0.00332  2.39625e-02 |  8 -0.00906  3.55259e-02 |  9 -0.02045  3.68813e-02
 10 -0.01652  4.30577e-02 | 11 -0.01161  8.32809e-02 | 12 -0.02493  9.51249e-02
 13 -0.05615  5.53688e-02 | 14 -0.06296  3.89662e-02 | 15 -0.05434  8.24765e-03
 16 -0.09590  4.30877e-03 | 17 -0.02701 -4.67268e-04 | 18 -0.01019 -9.46592e-03
 19 -0.08179 -1.45263e-02 | 20 -0.01956  1.26963e-03 | 21  0.01550 -3.28521e-03
 22 -0.01388 -2.28614e-02 | 23 -0.04233 -2.68307e-02 | 24 -0.04923 -4.35066e-02
 25  0.02494 -5.42826e-02 | 26 -0.11335 -2.50217e-02 | 27 -0.08980 -2.52762e-02
 28 -0.02843 -4.13724e-02 | 29 -0.14722 -2.74787e-02 | 30 -0.09512 -1.10433e-02
 31 -0.07478 -2.13392e-02 | 32  0.04468 -7.75032e-02 | 33 -0.02370 -1.20977e-02
 34 -0.03339 -1.92643e-03 | 35 -0.03303 -1.09897e-03 | 36 -0.03146  4.18406e-04
 37 -0.03003  2.96268e-03 | 38  5.27989  2.35419e-02 | 39  0.46569 -7.74579e-02
 40 -0.09651  1.42069e+00 | 41  0.03733 -1.53255e+00 | 42 -0.38560 -1.11709e+01
 43 -0.64396  1.64684e+00 |
43 variables; iteration 260; function evaluation 308; phase 3
Function value -9.7289451e+01; maximum gradient component mag 2.0316e+02
Var    Value     Gradient |Var    Value     Gradient |Var    Value     Gradient
  1  0.04882  6.23579e+01 |  2  0.11653  3.38298e-02 |  3 -0.02189 -3.28447e-02
  4 -0.01641 -3.36261e-02 |  5 -0.00617 -4.12668e-02 |  6  0.00278 -5.21256e-02
  7  0.00349 -6.33539e-02 |  8 -0.00894 -7.62259e-02 |  9 -0.02030 -8.73127e-02
 10 -0.01647 -1.30576e-01 | 11 -0.01172 -1.95874e-01 | 12 -0.02469 -2.49052e-01
 13 -0.05555 -1.66010e-01 | 14 -0.06295 -8.41212e-02 | 15 -0.05414 -5.05908e-02
 16 -0.09582 -1.57140e-02 | 17 -0.02708 -1.75520e-02 | 18 -0.00988 -9.88415e-03
 19 -0.08149  6.66299e-02 | 20 -0.01967  6.98294e-02 | 21  0.01561 -2.17723e-02
 22 -0.01358 -1.50036e-02 | 23 -0.04201  1.54638e-02 | 24 -0.04942  3.59859e-02
 25  0.02521 -8.23547e-02 | 26 -0.11271 -4.53184e-02 | 27 -0.08994  9.05723e-03
 28 -0.02819  5.57912e-02 | 29 -0.14691  5.84323e-02 | 30 -0.09515  1.88109e-01
 31 -0.07516  2.62256e-01 | 32  0.04461  3.16861e-01 | 33 -0.02329  3.00154e-02
 34 -0.03337  3.51121e-03 | 35 -0.03306  7.14850e-04 | 36 -0.03151 -1.72535e-03
 37 -0.03007  1.47563e-03 | 38  5.93935  3.71647e-01 | 39  0.73251 -3.72949e-01
 40 -0.09557 -9.33133e+00 | 41  0.03758  1.12022e+01 | 42 -0.38683  2.03165e+02
 43 -0.68014 -4.65573e+00 |
43 variables; iteration 280; function evaluation 331; phase 3
Function value -9.7315967e+01; maximum gradient component mag 3.0798e+02
Var    Value     Gradient |Var    Value     Gradient |Var    Value     Gradient
  1  0.04881  8.36834e+01 |  2  0.11643  1.42710e-01 |  3 -0.02179  9.83583e-03
  4 -0.01631  1.10938e-02 |  5 -0.00609  1.20780e-02 |  6  0.00286  1.58757e-02
  7  0.00356  1.95746e-02 |  8 -0.00891  1.59635e-02 |  9 -0.02029  2.62109e-02
 10 -0.01639  5.11557e-02 | 11 -0.01163  7.59672e-02 | 12 -0.02456  8.47197e-02
 13 -0.05547  7.24365e-02 | 14 -0.06289  4.95927e-02 | 15 -0.05407  3.54083e-02
 16 -0.09568  2.51060e-02 | 17 -0.02708  5.80549e-02 | 18 -0.00980  1.01517e-01
 19 -0.08138  3.48100e-02 | 20 -0.01961  6.78032e-02 | 21  0.01561  8.18955e-02
 22 -0.01352 -3.74140e-04 | 23 -0.04184 -2.85158e-02 | 24 -0.04944 -5.80584e-02
 25  0.02525 -1.00545e-01 | 26 -0.11243 -4.29941e-02 | 27 -0.08990 -8.96889e-02
 28 -0.02813 -1.60122e-01 | 29 -0.14682 -7.74532e-02 | 30 -0.09502 -1.24892e-01
 31 -0.07514 -9.34885e-02 | 32  0.04454 -6.25974e-02 | 33 -0.02310 -2.97384e-03
 34 -0.03335 -1.61181e-03 | 35 -0.03305 -1.95187e-04 | 36 -0.03148  2.29382e-03
 37 -0.03009 -4.95978e-03 | 38  6.05762  4.45728e-01 | 39  0.99556 -7.56661e-03
 40 -0.09564 -1.35892e+01 | 41  0.03758  1.73988e+01 | 42 -0.38753  3.07980e+02
 43 -0.70884 -6.33941e+00 |
43 variables; iteration 300; function evaluation 354; phase 3
Function value -9.7358205e+01; maximum gradient component mag 2.5170e+02
Var    Value     Gradient |Var    Value     Gradient |Var    Value     Gradient
  1  0.04891  6.89594e+01 |  2  0.11649 -1.44153e-01 |  3 -0.02193 -8.49091e-02
  4 -0.01645 -9.83495e-02 |  5 -0.00635 -1.80186e-01 |  6  0.00260 -2.44440e-01
  7  0.00327 -3.06410e-01 |  8 -0.00945 -3.94236e-01 |  9 -0.02038 -3.44249e-01
 10 -0.01580 -3.33402e-01 | 11 -0.01097 -4.98897e-01 | 12 -0.02493 -7.40482e-01
 13 -0.05533 -5.31125e-01 | 14 -0.06283 -6.37902e-01 | 15 -0.05397 -8.24996e-01
 16 -0.09556 -6.00303e-01 | 17 -0.02698 -6.98618e-01 | 18 -0.00992 -4.19058e-01
 19 -0.08096  2.69517e-01 | 20 -0.01967  6.08807e-01 | 21  0.01575  1.38626e+00
 22 -0.01355  6.87465e-01 | 23 -0.04168  5.62344e-01 | 24 -0.04931  7.03604e-01
 25  0.02528  1.20739e+00 | 26 -0.11230  2.86111e-01 | 27 -0.08966  3.20725e-01
 28 -0.02810  1.54346e-01 | 29 -0.14662  1.80607e-02 | 30 -0.09475  1.14233e-02
 31 -0.07497  1.44500e-01 | 32  0.04458  5.59847e-01 | 33 -0.02298 -8.47049e-03
 34 -0.03321  1.01664e-02 | 35 -0.03301 -9.83582e-03 | 36 -0.03148 -1.45042e-02
 37 -0.03013 -2.90332e-02 | 38  5.73161  3.38084e-01 | 39  1.33054  4.34521e-01
 40 -0.09794 -9.67988e+00 | 41  0.03657  1.03527e+01 | 42 -0.38830  2.51700e+02
 43 -0.74857 -3.92130e+00 |
43 variables; iteration 320; function evaluation 376; phase 3
Function value -9.7384393e+01; maximum gradient component mag 1.2804e+02
Var    Value     Gradient |Var    Value     Gradient |Var    Value     Gradient
  1  0.04900  3.25173e+01 |  2  0.11555  1.00299e-01 |  3 -0.02205  1.76781e-02
  4 -0.01651  2.01603e-02 |  5 -0.00623  2.71163e-02 |  6  0.00277  3.56465e-02
  7  0.00352  4.30253e-02 |  8 -0.00890  4.79487e-02 |  9 -0.02029  5.50284e-02
 10 -0.01635  7.91568e-02 | 11 -0.01153  1.17707e-01 | 12 -0.02461  1.36080e-01
 13 -0.05555  1.13880e-01 | 14 -0.06294  6.79852e-02 | 15 -0.05403  3.81290e-02
 16 -0.09542  3.84523e-03 | 17 -0.02707 -2.58194e-02 | 18 -0.00995 -1.85596e-02
 19 -0.08122 -4.06842e-02 | 20 -0.01954 -7.49942e-02 | 21  0.01542 -2.48886e-02
 22 -0.01356  1.16556e-03 | 23 -0.04179  7.41320e-04 | 24 -0.04930  1.43896e-02
 25  0.02508  2.84199e-02 | 26 -0.11227  6.60308e-04 | 27 -0.08975 -6.17553e-02
 28 -0.02824 -1.47585e-01 | 29 -0.14684 -9.63367e-02 | 30 -0.09478 -1.58807e-01
 31 -0.07487 -1.29391e-01 | 32  0.04439 -2.59438e-02 | 33 -0.02291  9.86052e-03
 34 -0.03323  2.07036e-03 | 35 -0.03294  1.54884e-03 | 36 -0.03139  2.18731e-03
 37 -0.03000 -2.52331e-03 | 38  5.23212  7.67838e-02 | 39  1.51720  3.50467e-01
 40 -0.09692 -3.65255e+00 | 41  0.03720  3.46187e+00 | 42 -0.38875  1.28037e+02
 43 -0.77934 -1.37676e+00 |
43 variables; iteration 340; function evaluation 400; phase 3
Function value -9.7392106e+01; maximum gradient component mag 2.1183e+02
Var    Value     Gradient |Var    Value     Gradient |Var    Value     Gradient
  1  0.04904  6.40176e+01 |  2  0.11550  1.35329e-01 |  3 -0.02209  1.75123e-02
  4 -0.01658  1.84656e-02 |  5 -0.00627  2.71733e-02 |  6  0.00275  3.49137e-02
  7  0.00350  4.29710e-02 |  8 -0.00891  4.98388e-02 |  9 -0.02030  5.43220e-02
 10 -0.01631  7.67411e-02 | 11 -0.01144  1.16186e-01 | 12 -0.02458  1.42704e-01
 13 -0.05561  1.05962e-01 | 14 -0.06290  7.79181e-02 | 15 -0.05402  6.97510e-02
 16 -0.09540  4.63876e-02 | 17 -0.02710  6.34757e-02 | 18 -0.00992  7.72982e-02
 19 -0.08123 -1.29348e-03 | 20 -0.01955  1.22351e-02 | 21  0.01542 -5.21563e-04
 22 -0.01354 -3.54544e-02 | 23 -0.04176 -5.15664e-02 | 24 -0.04934 -8.10893e-02
 25  0.02510 -1.75184e-01 | 26 -0.11220 -7.14731e-02 | 27 -0.08977 -1.28438e-01
 28 -0.02821 -2.05737e-01 | 29 -0.14678 -9.59311e-02 | 30 -0.09476 -1.11726e-01
 31 -0.07489 -7.96620e-02 | 32  0.04438 -3.54179e-02 | 33 -0.02283  5.93595e-03
 34 -0.03322  4.86671e-04 | 35 -0.03293  4.67794e-04 | 36 -0.03138  2.83557e-03
 37 -0.02998 -1.60863e-03 | 38  4.87185 -6.35870e-02 | 39  1.52476  5.33147e-01
 40 -0.09766 -6.41985e+00 | 41  0.03689  5.40365e+00 | 42 -0.38894  2.11828e+02
 43 -0.79198 -2.39299e+00 |
43 variables; iteration 360; function evaluation 425; phase 3
Function value -9.7393512e+01; maximum gradient component mag 1.8803e+01
Var    Value     Gradient |Var    Value     Gradient |Var    Value     Gradient
  1  0.04902  3.30098e+00 |  2  0.11556  1.15894e-02 |  3 -0.02208  3.17571e-03
  4 -0.01658  3.23851e-03 |  5 -0.00626  4.86579e-03 |  6  0.00277  6.39626e-03
  7  0.00352  7.67467e-03 |  8 -0.00891  9.27375e-03 |  9 -0.02029  1.05961e-02
 10 -0.01627  1.49391e-02 | 11 -0.01139  2.44248e-02 | 12 -0.02457  2.93208e-02
 13 -0.05559  1.84018e-02 | 14 -0.06286  1.30224e-02 | 15 -0.05401  1.17593e-02
 16 -0.09538  1.26268e-02 | 17 -0.02709  2.05798e-02 | 18 -0.00992  2.22800e-02
 19 -0.08118  3.76948e-03 | 20 -0.01953  1.03978e-02 | 21  0.01544  1.78494e-03
 22 -0.01351 -1.14365e-02 | 23 -0.04172 -1.61335e-02 | 24 -0.04933 -2.58333e-02
 25  0.02512 -5.41802e-02 | 26 -0.11216 -2.00912e-02 | 27 -0.08973 -3.22099e-02
 28 -0.02818 -5.08479e-02 | 29 -0.14673 -2.17480e-02 | 30 -0.09471 -1.23552e-02
 31 -0.07486 -4.27725e-03 | 32  0.04438 -2.08519e-04 | 33 -0.02280  2.75978e-03
 34 -0.03322  1.07137e-04 | 35 -0.03293  1.80273e-04 | 36 -0.03139  4.97136e-04
 37 -0.02998 -2.37610e-04 | 38  4.65056 -4.04809e-02 | 39  1.47392  1.01271e-01
 40 -0.09797 -3.06788e-01 | 41  0.03674  1.95760e-01 | 42 -0.38900  1.88034e+01
 43 -0.79691  2.06869e-01 |
43 variables; iteration 380; function evaluation 448; phase 3
Function value -9.7393635e+01; maximum gradient component mag 3.0959e+01
Var    Value     Gradient |Var    Value     Gradient |Var    Value     Gradient
  1  0.04901  6.31351e+00 |  2  0.11559  3.44846e-02 |  3 -0.02206  1.12193e-02
  4 -0.01658  1.08862e-02 |  5 -0.00624  1.74681e-02 |  6  0.00279  2.26774e-02
  7  0.00353  2.77999e-02 |  8 -0.00889  3.41623e-02 |  9 -0.02029  3.68938e-02
 10 -0.01627  5.17228e-02 | 11 -0.01135  8.27475e-02 | 12 -0.02455  9.86373e-02
 13 -0.05561  6.34572e-02 | 14 -0.06283  5.08986e-02 | 15 -0.05402  5.79943e-02
 16 -0.09536  5.03224e-02 | 17 -0.02708  7.71313e-02 | 18 -0.00991  8.25628e-02
 19 -0.08117  1.03976e-02 | 20 -0.01951  3.16222e-02 | 21  0.01544 -8.82748e-03
 22 -0.01350 -5.46896e-02 | 23 -0.04170 -5.76819e-02 | 24 -0.04932 -8.21111e-02
 25  0.02512 -1.90673e-01 | 26 -0.11213 -7.97623e-02 | 27 -0.08972 -1.20177e-01
 28 -0.02817 -1.79221e-01 | 29 -0.14672 -7.37912e-02 | 30 -0.09467 -4.54630e-02
 31 -0.07485 -1.33228e-02 | 32  0.04437  2.06264e-03 | 33 -0.02279  4.34576e-03
 34 -0.03322  1.18198e-04 | 35 -0.03293  2.70635e-04 | 36 -0.03138  2.55088e-03
 37 -0.02998 -1.00518e-03 | 38  4.54277 -5.75018e-02 | 39  1.43167  1.08158e-01
 40 -0.09811 -7.96475e-01 | 41  0.03667  7.69627e-01 | 42 -0.38903  3.09589e+01
 43 -0.79917  4.67899e-02 |
43 variables; iteration 400; function evaluation 472; phase 3
Function value -9.7397980e+01; maximum gradient component mag 3.9941e+02
Var    Value     Gradient |Var    Value     Gradient |Var    Value     Gradient
  1  0.04897  1.03287e+02 |  2  0.11572  1.68006e-01 |  3 -0.02201  8.39956e-03
  4 -0.01652  1.24427e-02 |  5 -0.00619  1.34659e-02 |  6  0.00285  1.70154e-02
  7  0.00360  2.07270e-02 |  8 -0.00885  2.20306e-02 |  9 -0.02024  2.80450e-02
 10 -0.01621  3.53562e-02 | 11 -0.01134  4.69213e-02 | 12 -0.02453  6.70527e-02
 13 -0.05548  7.94702e-02 | 14 -0.06280  4.35669e-02 | 15 -0.05399 -3.16820e-02
 16 -0.09533 -7.59666e-02 | 17 -0.02706 -1.33744e-01 | 18 -0.00990 -1.18212e-01
 19 -0.08104 -5.40930e-02 | 20 -0.01949 -1.08242e-01 | 21  0.01546 -7.10898e-03
 22 -0.01341  7.83462e-02 | 23 -0.04162  6.34546e-02 | 24 -0.04931  8.86443e-02
 25  0.02517  2.71863e-01 | 26 -0.11199  1.05286e-01 | 27 -0.08966  1.17345e-01
 28 -0.02812  1.55861e-01 | 29 -0.14659  2.81079e-02 | 30 -0.09459 -1.14001e-01
 31 -0.07482 -1.71760e-01 | 32  0.04435 -1.69329e-01 | 33 -0.02272 -1.96499e-02
 34 -0.03322 -9.02216e-04 | 35 -0.03294 -6.68950e-05 | 36 -0.03141 -2.03054e-03
 37 -0.02998  1.65676e-03 | 38  4.26441 -4.13393e-01 | 39  1.24458  3.88480e-01
 40 -0.09844 -1.37102e+01 | 41  0.03652  1.54227e+01 | 42 -0.38925  3.99405e+02
 43 -0.81843 -4.07164e+00 |
43 variables; iteration 420; function evaluation 493; phase 3
Function value -9.7411164e+01; maximum gradient component mag 4.0266e+02
Var    Value     Gradient |Var    Value     Gradient |Var    Value     Gradient
  1  0.04895  9.60555e+01 |  2  0.11582  1.84817e-01 |  3 -0.02196  2.85689e-02
  4 -0.01645  3.96812e-02 |  5 -0.00617  3.39673e-02 |  6  0.00288  4.00182e-02
  7  0.00361  4.42603e-02 |  8 -0.00883  5.13470e-02 |  9 -0.02020  7.00898e-02
 10 -0.01615  1.02792e-01 | 11 -0.01127  1.50365e-01 | 12 -0.02451  1.92120e-01
 13 -0.05533  2.23574e-01 | 14 -0.06277  9.49895e-02 | 15 -0.05393 -1.49093e-01
 16 -0.09527 -2.88196e-01 | 17 -0.02703 -5.18218e-01 | 18 -0.00988 -4.95698e-01
 19 -0.08087 -1.91235e-01 | 20 -0.01950 -3.41589e-01 | 21  0.01548  5.35269e-02
 22 -0.01334  3.13561e-01 | 23 -0.04152  2.70664e-01 | 24 -0.04931  3.44612e-01
 25  0.02522  1.02109e+00 | 26 -0.11184  3.86919e-01 | 27 -0.08958  4.57454e-01
 28 -0.02808  5.89720e-01 | 29 -0.14646  1.07068e-01 | 30 -0.09453 -3.50700e-01
 31 -0.07481 -5.50643e-01 | 32  0.04432 -5.81727e-01 | 33 -0.02259 -7.10339e-02
 34 -0.03321 -5.74674e-03 | 35 -0.03295 -3.17048e-03 | 36 -0.03143 -1.04763e-02
 37 -0.02996  5.61302e-03 | 38  4.17783 -3.98970e-01 | 39  0.90140 -1.45654e-01
 40 -0.09861 -1.30782e+01 | 41  0.03642  1.52138e+01 | 42 -0.38966  4.02664e+02
 43 -0.86310 -2.86315e+00 |
43 variables; iteration 440; function evaluation 517; phase 3
Function value -9.7424957e+01; maximum gradient component mag 4.1333e+02
Var    Value     Gradient |Var    Value     Gradient |Var    Value     Gradient
  1  0.04903  1.10427e+02 |  2  0.11577 -2.37343e-02 |  3 -0.02208 -5.38354e-02
  4 -0.01653 -4.62004e-02 |  5 -0.00633 -1.01332e-01 |  6  0.00274 -1.35822e-01
  7  0.00348 -1.73096e-01 |  8 -0.00904 -2.12758e-01 |  9 -0.02019 -1.94698e-01
 10 -0.01595 -2.40330e-01 | 11 -0.01112 -3.66899e-01 | 12 -0.02466 -4.58718e-01
 13 -0.05525 -2.46587e-01 | 14 -0.06279 -2.91843e-01 | 15 -0.05386 -5.78348e-01
 16 -0.09526 -5.87696e-01 | 17 -0.02700 -8.94558e-01 | 18 -0.00995 -8.59886e-01
 19 -0.08071 -1.27995e-01 | 20 -0.01956 -2.47864e-01 | 21  0.01551  3.25954e-01
 22 -0.01333  5.78551e-01 | 23 -0.04151  5.53679e-01 | 24 -0.04929  7.40659e-01
 25  0.02525  1.89647e+00 | 26 -0.11185  7.26809e-01 | 27 -0.08949  1.03990e+00
 28 -0.02809  1.47362e+00 | 29 -0.14631  5.09209e-01 | 30 -0.09452  8.93881e-02
 31 -0.07477 -2.38597e-01 | 32  0.04433 -4.43514e-01 | 33 -0.02251 -1.10448e-01
 34 -0.03315 -8.14737e-03 | 35 -0.03292 -7.63498e-03 | 36 -0.03146 -2.62945e-02
 37 -0.02992  7.27028e-03 | 38  4.51109 -3.15585e-01 | 39  0.61502 -5.87576e-01
 40 -0.09949 -1.20526e+01 | 41  0.03603  1.14631e+01 | 42 -0.38992  4.13333e+02
 43 -0.90397 -1.96308e+00 |
43 variables; iteration 460; function evaluation 538; phase 3
Function value -9.7431254e+01; maximum gradient component mag 2.0074e+02
Var    Value     Gradient |Var    Value     Gradient |Var    Value     Gradient
  1  0.04908  5.68599e+01 |  2  0.11529  1.34565e-01 |  3 -0.02209  2.76645e-02
  4 -0.01658  3.11809e-02 |  5 -0.00624  3.78916e-02 |  6  0.00280  4.58733e-02
  7  0.00357  5.53035e-02 |  8 -0.00884  6.90445e-02 |  9 -0.02026  7.35005e-02
 10 -0.01623  9.85014e-02 | 11 -0.01128  1.56371e-01 | 12 -0.02449  2.07124e-01
 13 -0.05551  1.79322e-01 | 14 -0.06283  1.13385e-01 | 15 -0.05393  2.18538e-03
 16 -0.09523 -7.64460e-02 | 17 -0.02712 -1.30652e-01 | 18 -0.00989 -9.83677e-02
 19 -0.08100 -7.09129e-02 | 20 -0.01953 -1.04936e-01 | 21  0.01539  3.27892e-02
 22 -0.01342  1.03847e-01 | 23 -0.04157  5.73775e-02 | 24 -0.04936  5.06589e-02
 25  0.02514  2.74191e-01 | 26 -0.11184  1.08336e-01 | 27 -0.08968  1.08773e-01
 28 -0.02814  1.20478e-01 | 29 -0.14656 -1.58013e-02 | 30 -0.09457 -2.25469e-01
 31 -0.07485 -3.17715e-01 | 32  0.04427 -3.80630e-01 | 33 -0.02253 -4.60028e-02
 34 -0.03317 -4.67039e-03 | 35 -0.03290 -2.84751e-03 | 36 -0.03136 -5.44654e-04
 37 -0.02993  3.50086e-03 | 38  4.87202 -4.99656e-02 | 39  0.50775 -3.84128e-01
 40 -0.09886 -5.57076e+00 | 41  0.03641  4.84851e+00 | 42 -0.39002  2.00740e+02
 43 -0.92687 -6.59456e-01 |
43 variables; iteration 480; function evaluation 560; phase 3
Function value -9.7432311e+01; maximum gradient component mag 3.0640e+01
Var    Value     Gradient |Var    Value     Gradient |Var    Value     Gradient
  1  0.04908  8.21767e+00 |  2  0.11536  2.26910e-02 |  3 -0.02213  3.07216e-03
  4 -0.01665  2.69310e-03 |  5 -0.00628  4.89741e-03 |  6  0.00279  6.42246e-03
  7  0.00357  8.08924e-03 |  8 -0.00887  8.66469e-03 |  9 -0.02027  7.47936e-03
 10 -0.01617  1.12326e-02 | 11 -0.01123  1.48168e-02 | 12 -0.02450  1.92912e-02
 13 -0.05552  1.27535e-02 | 14 -0.06280  1.30326e-02 | 15 -0.05394  3.08900e-02
 16 -0.09519  2.65721e-02 | 17 -0.02710  3.94165e-02 | 18 -0.00989  3.94375e-02
 19 -0.08099  4.73760e-03 | 20 -0.01949  6.93104e-03 | 21  0.01539 -1.49821e-02
 22 -0.01341 -1.83806e-02 | 23 -0.04155 -1.82579e-02 | 24 -0.04931 -2.69851e-02
 25  0.02513 -7.55288e-02 | 26 -0.11182 -2.87754e-02 | 27 -0.08966 -4.98764e-02
 28 -0.02812 -7.56154e-02 | 29 -0.14657 -2.91198e-02 | 30 -0.09451 -2.01258e-02
 31 -0.07479 -1.36598e-03 | 32  0.04428  2.63708e-02 | 33 -0.02254  6.96726e-03
 34 -0.03315  8.95739e-04 | 35 -0.03289  3.83908e-04 | 36 -0.03135  1.24514e-03
 37 -0.02995 -8.34896e-04 | 38  5.07084  6.98417e-03 | 39  0.50924 -7.52305e-02
 40 -0.09917 -8.44648e-01 | 41  0.03626  7.15625e-01 | 42 -0.39004  3.06401e+01
 43 -0.93327 -1.39975e-02 |
43 variables; iteration 500; function evaluation 581; phase 3
Function value -9.7432340e+01; maximum gradient component mag -1.6410e+01
Var    Value     Gradient |Var    Value     Gradient |Var    Value     Gradient
  1  0.04908 -4.59119e+00 |  2  0.11537 -7.02685e-03 |  3 -0.02213  2.52684e-03
  4 -0.01664  3.46682e-03 |  5 -0.00628  2.90056e-03 |  6  0.00279  3.19971e-03
  7  0.00356  3.45079e-03 |  8 -0.00887  5.97685e-03 |  9 -0.02025  8.83101e-03
 10 -0.01616  1.11205e-02 | 11 -0.01120  2.18793e-02 | 12 -0.02450  2.66258e-02
 13 -0.05552  2.42439e-02 | 14 -0.06278  1.12387e-02 | 15 -0.05393 -2.69562e-02
 16 -0.09519 -3.56557e-02 | 17 -0.02709 -5.57735e-02 | 18 -0.00990 -5.02381e-02
 19 -0.08096 -1.57280e-02 | 20 -0.01949 -2.00866e-02 | 21  0.01541  2.24146e-02
 22 -0.01341  2.85639e-02 | 23 -0.04154  2.13141e-02 | 24 -0.04932  2.72940e-02
 25  0.02514  1.02760e-01 | 26 -0.11182  3.80982e-02 | 27 -0.08964  5.55309e-02
 28 -0.02812  7.62403e-02 | 29 -0.14655  1.77246e-02 | 30 -0.09450 -2.07959e-02
 31 -0.07478 -5.04600e-02 | 32  0.04428 -8.76565e-02 | 33 -0.02253 -1.39398e-02
 34 -0.03316 -1.70807e-03 | 35 -0.03289 -8.62079e-04 | 36 -0.03136 -1.18932e-03
 37 -0.02994  1.25447e-03 | 38  5.12329  2.01538e-03 | 39  0.51491  1.05877e-02
 40 -0.09925  5.75141e-01 | 41  0.03622 -5.62005e-01 | 42 -0.39005 -1.64097e+01
 43 -0.93490  1.44179e-01 |
43 variables; iteration 520; function evaluation 603; phase 3
Function value -9.7432689e+01; maximum gradient component mag -4.3879e+01
Var    Value     Gradient |Var    Value     Gradient |Var    Value     Gradient
  1  0.04907 -1.20990e+01 |  2  0.11538 -2.09636e-02 |  3 -0.02213 -1.31210e-03
  4 -0.01666 -1.23797e-03 |  5 -0.00628 -1.71285e-03 |  6  0.00281 -2.09668e-03
  7  0.00358 -2.51879e-03 |  8 -0.00887 -2.59010e-03 |  9 -0.02026 -2.01002e-03
 10 -0.01613 -3.74390e-03 | 11 -0.01114 -4.59685e-03 | 12 -0.02450 -6.12137e-03
 13 -0.05553 -4.43823e-03 | 14 -0.06275 -3.42769e-03 | 15 -0.05394 -9.45458e-03
 16 -0.09515 -5.96804e-03 | 17 -0.02708 -8.03524e-03 | 18 -0.00991 -7.60407e-03
 19 -0.08094  1.69192e-04 | 20 -0.01945  5.94687e-04 | 21  0.01540  3.77937e-03
 22 -0.01339  1.10338e-03 | 23 -0.04152  1.72054e-03 | 24 -0.04928  4.74798e-03
 25  0.02514  1.45001e-02 | 26 -0.11179  5.22295e-03 | 27 -0.08960  1.17461e-02
 28 -0.02811  1.98545e-02 | 29 -0.14652  8.93156e-03 | 30 -0.09443  1.05900e-02
 31 -0.07472  5.51797e-03 | 32  0.04428 -5.75619e-03 | 33 -0.02252 -2.09418e-03
 34 -0.03315 -3.28073e-04 | 35 -0.03289 -1.35299e-05 | 36 -0.03135 -2.41868e-04
 37 -0.02994  2.99876e-04 | 38  5.28370 -1.22476e-02 | 39  0.55747  6.86531e-02
 40 -0.09968  1.29203e+00 | 41  0.03604 -1.16202e+00 | 42 -0.39008 -4.38790e+01
 43 -0.95118  1.57750e-01 |
43 variables; iteration 540; function evaluation 624; phase 3
Function value -9.7433929e+01; maximum gradient component mag -1.9025e+01
Var    Value     Gradient |Var    Value     Gradient |Var    Value     Gradient
  1  0.04908 -5.46937e+00 |  2  0.11533  5.58174e-03 |  3 -0.02213  1.17265e-02
  4 -0.01665  1.45968e-02 |  5 -0.00629  1.49806e-02 |  6  0.00279  1.82199e-02
  7  0.00356  2.03793e-02 |  8 -0.00887  2.88886e-02 |  9 -0.02026  3.60887e-02
 10 -0.01614  4.89110e-02 | 11 -0.01112  8.70562e-02 | 12 -0.02450  1.05009e-01
 13 -0.05554  9.09243e-02 | 14 -0.06275  4.79546e-02 | 15 -0.05394 -3.99331e-02
 16 -0.09516 -7.69864e-02 | 17 -0.02708 -1.36207e-01 | 18 -0.00992 -1.32220e-01
 19 -0.08093 -5.25813e-02 | 20 -0.01947 -7.48672e-02 | 21  0.01541  3.48970e-02
 22 -0.01339  7.20452e-02 | 23 -0.04152  5.65215e-02 | 24 -0.04930  6.69641e-02
 25  0.02514  2.43583e-01 | 26 -0.11180  8.64818e-02 | 27 -0.08959  1.10385e-01
 28 -0.02811  1.40739e-01 | 29 -0.14652  1.60954e-02 | 30 -0.09444 -9.75898e-02
 31 -0.07473 -1.59446e-01 | 32  0.04427 -2.16725e-01 | 33 -0.02250 -2.96832e-02
 34 -0.03315 -3.67482e-03 | 35 -0.03289 -1.91258e-03 | 36 -0.03136 -3.02219e-03
 37 -0.02993  2.43156e-03 | 38  5.11957 -1.10077e-03 | 39  0.52681  3.70401e-02
 40 -0.09964  7.27659e-01 | 41  0.03606 -6.81805e-01 | 42 -0.39012 -1.90251e+01
 43 -0.97147  9.71220e-03 |
43 variables; iteration 560; function evaluation 647; phase 3
Function value -9.7434168e+01; maximum gradient component mag 1.6986e+01
Var    Value     Gradient |Var    Value     Gradient |Var    Value     Gradient
  1  0.04908  4.50952e+00 |  2  0.11535  1.81215e-02 |  3 -0.02215  7.10187e-03
  4 -0.01668  7.23560e-03 |  5 -0.00629  1.00111e-02 |  6  0.00279  1.25532e-02
  7  0.00356  1.48676e-02 |  8 -0.00887  1.93646e-02 |  9 -0.02027  2.18356e-02
 10 -0.01613  3.19087e-02 | 11 -0.01112  5.23575e-02 | 12 -0.02449  6.05162e-02
 13 -0.05556  3.87826e-02 | 14 -0.06275  2.64012e-02 | 15 -0.05394  2.02540e-02
 16 -0.09515  1.42505e-02 | 17 -0.02708  2.02218e-02 | 18 -0.00991  2.07308e-02
 19 -0.08095  1.08598e-03 | 20 -0.01945  1.45160e-02 | 21  0.01540  6.94206e-03
 22 -0.01340 -1.85746e-02 | 23 -0.04152 -2.21077e-02 | 24 -0.04929 -3.66921e-02
 25  0.02513 -7.57083e-02 | 26 -0.11179 -3.34304e-02 | 27 -0.08961 -4.75102e-02
 28 -0.02811 -7.32883e-02 | 29 -0.14654 -3.33380e-02 | 30 -0.09443 -2.42847e-02
 31 -0.07473 -1.47054e-02 | 32  0.04427 -2.10899e-02 | 33 -0.02251 -2.11064e-03
 34 -0.03315 -6.45303e-04 | 35 -0.03288 -3.05960e-04 | 36 -0.03134  5.54072e-04
 37 -0.02994 -1.80288e-04 | 38  5.01742  9.75544e-04 | 39  0.51995 -2.96251e-02
 40 -0.09969 -4.84820e-01 | 41  0.03604  3.88345e-01 | 42 -0.39011  1.69865e+01
 43 -0.96637 -2.76692e-02 |
  ic > imax  in fminim is answer attained ?
Var    Value     Gradient |Var    Value     Gradient |Var    Value     Gradient
  1  0.04909 -7.38160e-05 |  2  0.11534 -1.52187e-06 |  3 -0.02215 -8.30535e-07
  4 -0.01667 -8.72261e-07 |  5 -0.00629 -1.26987e-06 |  6  0.00279 -1.57285e-06
  7  0.00357 -1.83065e-06 |  8 -0.00887 -2.74137e-06 |  9 -0.02026 -2.57932e-06
 10 -0.01613 -3.10356e-06 | 11 -0.01115 -5.17017e-06 | 12 -0.02450 -6.28411e-06
 13 -0.05554 -3.48874e-06 | 14 -0.06276 -2.51459e-06 | 15 -0.05394 -2.13619e-06
 16 -0.09515 -1.02161e-06 | 17 -0.02708 -1.51603e-07 | 18 -0.00991  2.09615e-06
 19 -0.08095  2.21871e-06 | 20 -0.01946  3.00355e-06 | 21  0.01539  4.76793e-06
 22 -0.01340  2.62656e-06 | 23 -0.04153  1.86489e-06 | 24 -0.04929  2.62722e-06
 25  0.02513  3.83692e-06 | 26 -0.11179  1.37224e-06 | 27 -0.08961  1.05200e-06
 28 -0.02812  1.28063e-06 | 29 -0.14654  9.88316e-07 | 30 -0.09444 -5.62621e-07
 31 -0.07473  3.03930e-07 | 32  0.04427  3.68033e-06 | 33 -0.02252  5.58414e-07
 34 -0.03315  9.69014e-08 | 35 -0.03288  4.56487e-08 | 36 -0.03134 -3.88894e-10
 37 -0.02994 -2.12480e-07 | 38  5.00269  3.23135e-09 | 39  0.51992  4.27082e-07
 40 -0.09967  1.22040e-05 | 41  0.03605 -1.70952e-05 | 42 -0.39011 -2.48617e-04
 43 -0.96679  2.63276e-07 |
Function minimizer not making progress ... is minimum attained?
Minimprove criterion = 0.0000e+00

 - final statistics:
43 variables; iteration 573; function evaluation 689
Function value -9.7434e+01; maximum gradient component mag -2.4862e-04
Exit code = 1;  converg criter 1.0000e-04
Var    Value     Gradient |Var    Value     Gradient |Var    Value     Gradient
  1  0.04909 -7.38160e-05 |  2  0.11534 -1.52187e-06 |  3 -0.02215 -8.30535e-07
  4 -0.01667 -8.72261e-07 |  5 -0.00629 -1.26987e-06 |  6  0.00279 -1.57285e-06
  7  0.00357 -1.83065e-06 |  8 -0.00887 -2.74137e-06 |  9 -0.02026 -2.57932e-06
 10 -0.01613 -3.10356e-06 | 11 -0.01115 -5.17017e-06 | 12 -0.02450 -6.28411e-06
 13 -0.05554 -3.48874e-06 | 14 -0.06276 -2.51459e-06 | 15 -0.05394 -2.13619e-06
 16 -0.09515 -1.02161e-06 | 17 -0.02708 -1.51603e-07 | 18 -0.00991  2.09615e-06
 19 -0.08095  2.21871e-06 | 20 -0.01946  3.00355e-06 | 21  0.01539  4.76793e-06
 22 -0.01340  2.62656e-06 | 23 -0.04153  1.86489e-06 | 24 -0.04929  2.62722e-06
 25  0.02513  3.83692e-06 | 26 -0.11179  1.37224e-06 | 27 -0.08961  1.05200e-06
 28 -0.02812  1.28063e-06 | 29 -0.14654  9.88316e-07 | 30 -0.09444 -5.62621e-07
 31 -0.07473  3.03930e-07 | 32  0.04427  3.68033e-06 | 33 -0.02252  5.58414e-07
 34 -0.03315  9.69014e-08 | 35 -0.03288  4.56487e-08 | 36 -0.03134 -3.88894e-10
 37 -0.02994 -2.12480e-07 | 38  5.00269  3.23135e-09 | 39  0.51992  4.27082e-07
 40 -0.09967  1.22040e-05 | 41  0.03605 -1.70952e-05 | 42 -0.39011 -2.48617e-04
 43 -0.96679  2.63276e-07 |

Initial statistics: 48 variables; iteration 0; function evaluation 0; phase 4
Function value -9.7434173e+01; maximum gradient component mag -2.4855e-04
Var    Value     Gradient |Var    Value     Gradient |Var    Value     Gradient
  1  0.04909 -7.37963e-05 |  2  0.11534 -1.52184e-06 |  3 -0.02215 -8.30533e-07
  4 -0.01667 -8.72259e-07 |  5 -0.00629 -1.26987e-06 |  6  0.00279 -1.57284e-06
  7  0.00357 -1.83064e-06 |  8 -0.00887 -2.74136e-06 |  9 -0.02026 -2.57931e-06
 10 -0.01613 -3.10356e-06 | 11 -0.01115 -5.17016e-06 | 12 -0.02450 -6.28410e-06
 13 -0.05554 -3.48873e-06 | 14 -0.06276 -2.51459e-06 | 15 -0.05394 -2.13620e-06
 16 -0.09515 -1.02162e-06 | 17 -0.02708 -1.51613e-07 | 18 -0.00991  2.09614e-06
 19 -0.08095  2.21870e-06 | 20 -0.01946  3.00354e-06 | 21  0.01539  4.76792e-06
 22 -0.01340  2.62656e-06 | 23 -0.04153  1.86489e-06 | 24 -0.04929  2.62722e-06
 25  0.02513  3.83693e-06 | 26 -0.11179  1.37225e-06 | 27 -0.08961  1.05201e-06
 28 -0.02812  1.28064e-06 | 29 -0.14654  9.88315e-07 | 30 -0.09444 -5.62629e-07
 31 -0.07473  3.03921e-07 | 32  0.04427  3.68032e-06 | 33 -0.02252  5.58413e-07
 34 -0.03315  9.69013e-08 | 35 -0.03288  4.56487e-08 | 36 -0.03134 -3.88929e-10
 37 -0.02994 -2.12480e-07 | 38  0.00000  1.25744e-16 | 39  0.00000 -1.56727e-19
 40  0.00000  0.00000e+00 | 41  0.00000  0.00000e+00 | 42  0.00000  0.00000e+00
 43  0.99731 -3.23167e-09 | 44  0.51992  4.26960e-07 | 45 -0.09967  1.22020e-05
 46  0.03605 -1.70935e-05 | 47 -0.39011 -2.48546e-04 | 48 -0.96679  2.63156e-07
  ic > imax  in fminim is answer attained ?
Var    Value     Gradient |Var    Value     Gradient |Var    Value     Gradient
  1  0.04909 -7.37963e-05 |  2  0.11534 -1.52184e-06 |  3 -0.02215 -8.30533e-07
  4 -0.01667 -8.72259e-07 |  5 -0.00629 -1.26987e-06 |  6  0.00279 -1.57284e-06
  7  0.00357 -1.83064e-06 |  8 -0.00887 -2.74136e-06 |  9 -0.02026 -2.57931e-06
 10 -0.01613 -3.10356e-06 | 11 -0.01115 -5.17016e-06 | 12 -0.02450 -6.28410e-06
 13 -0.05554 -3.48873e-06 | 14 -0.06276 -2.51459e-06 | 15 -0.05394 -2.13620e-06
 16 -0.09515 -1.02162e-06 | 17 -0.02708 -1.51613e-07 | 18 -0.00991  2.09614e-06
 19 -0.08095  2.21870e-06 | 20 -0.01946  3.00354e-06 | 21  0.01539  4.76792e-06
 22 -0.01340  2.62656e-06 | 23 -0.04153  1.86489e-06 | 24 -0.04929  2.62722e-06
 25  0.02513  3.83693e-06 | 26 -0.11179  1.37225e-06 | 27 -0.08961  1.05201e-06
 28 -0.02812  1.28064e-06 | 29 -0.14654  9.88315e-07 | 30 -0.09444 -5.62629e-07
 31 -0.07473  3.03921e-07 | 32  0.04427  3.68032e-06 | 33 -0.02252  5.58413e-07
 34 -0.03315  9.69013e-08 | 35 -0.03288  4.56487e-08 | 36 -0.03134 -3.88929e-10
 37 -0.02994 -2.12480e-07 | 38 -0.00000  1.25744e-16 | 39  0.00000 -1.56727e-19
 40  0.00000  0.00000e+00 | 41  0.00000  0.00000e+00 | 42  0.00000  0.00000e+00
 43  0.99731 -3.23167e-09 | 44  0.51992  4.26960e-07 | 45 -0.09967  1.22020e-05
 46  0.03605 -1.70935e-05 | 47 -0.39011 -2.48546e-04 | 48 -0.96679  2.63156e-07
Function minimizer not making progress ... is minimum attained?
Minimprove criterion = 0.0000e+00
Warning: the following parameters had issues
  init_F[1] is within 0.1% of upper bound: 0.0000e+00 < 1.0000e+01 < 1.0000e+01
  selparm[9] is within 0.1% of lower bound: -4.0000e+00 < -3.9891e+00 < 1.2000e+01


 - final statistics:
48 variables; iteration 1; function evaluation 30
Function value -9.7434e+01; maximum gradient component mag -2.4855e-04
Exit code = 1;  converg criter 1.0000e-04
Var    Value     Gradient |Var    Value     Gradient |Var    Value     Gradient
  1  0.04909 -7.37963e-05 |  2  0.11534 -1.52184e-06 |  3 -0.02215 -8.30533e-07
  4 -0.01667 -8.72259e-07 |  5 -0.00629 -1.26987e-06 |  6  0.00279 -1.57284e-06
  7  0.00357 -1.83064e-06 |  8 -0.00887 -2.74136e-06 |  9 -0.02026 -2.57931e-06
 10 -0.01613 -3.10356e-06 | 11 -0.01115 -5.17016e-06 | 12 -0.02450 -6.28410e-06
 13 -0.05554 -3.48873e-06 | 14 -0.06276 -2.51459e-06 | 15 -0.05394 -2.13620e-06
 16 -0.09515 -1.02162e-06 | 17 -0.02708 -1.51613e-07 | 18 -0.00991  2.09614e-06
 19 -0.08095  2.21870e-06 | 20 -0.01946  3.00354e-06 | 21  0.01539  4.76792e-06
 22 -0.01340  2.62656e-06 | 23 -0.04153  1.86489e-06 | 24 -0.04929  2.62722e-06
 25  0.02513  3.83693e-06 | 26 -0.11179  1.37225e-06 | 27 -0.08961  1.05201e-06
 28 -0.02812  1.28064e-06 | 29 -0.14654  9.88315e-07 | 30 -0.09444 -5.62629e-07
 31 -0.07473  3.03921e-07 | 32  0.04427  3.68032e-06 | 33 -0.02252  5.58413e-07
 34 -0.03315  9.69013e-08 | 35 -0.03288  4.56487e-08 | 36 -0.03134 -3.88929e-10
 37 -0.02994 -2.12480e-07 | 38 -0.00000  1.25744e-16 | 39  0.00000 -1.56727e-19
 40  0.00000  0.00000e+00 | 41  0.00000  0.00000e+00 | 42  0.00000  0.00000e+00
 43  0.99731 -3.23167e-09 | 44  0.51992  4.26960e-07 | 45 -0.09967  1.22020e-05
 46  0.03605 -1.70935e-05 | 47 -0.39011 -2.48546e-04 | 48 -0.96679  2.63156e-07
Estimating row 1 out of 48 for hessian
Estimating row 2 out of 48 for hessian
Estimating row 3 out of 48 for hessian
Estimating row 4 out of 48 for hessian
Estimating row 5 out of 48 for hessian
Estimating row 6 out of 48 for hessian
Estimating row 7 out of 48 for hessian
Estimating row 8 out of 48 for hessian
Estimating row 9 out of 48 for hessian
Estimating row 10 out of 48 for hessian
Estimating row 11 out of 48 for hessian
Estimating row 12 out of 48 for hessian
Estimating row 13 out of 48 for hessian
Estimating row 14 out of 48 for hessian
Estimating row 15 out of 48 for hessian
Estimating row 16 out of 48 for hessian
Estimating row 17 out of 48 for hessian
Estimating row 18 out of 48 for hessian
Estimating row 19 out of 48 for hessian
Estimating row 20 out of 48 for hessian
Estimating row 21 out of 48 for hessian
Estimating row 22 out of 48 for hessian
Estimating row 23 out of 48 for hessian
Estimating row 24 out of 48 for hessian
Estimating row 25 out of 48 for hessian
Estimating row 26 out of 48 for hessian
Estimating row 27 out of 48 for hessian
Estimating row 28 out of 48 for hessian
Estimating row 29 out of 48 for hessian
Estimating row 30 out of 48 for hessian
Estimating row 31 out of 48 for hessian
Estimating row 32 out of 48 for hessian
Estimating row 33 out of 48 for hessian
Estimating row 34 out of 48 for hessian
Estimating row 35 out of 48 for hessian
Estimating row 36 out of 48 for hessian
Estimating row 37 out of 48 for hessian
Estimating row 38 out of 48 for hessian
Estimating row 39 out of 48 for hessian
Estimating row 40 out of 48 for hessian
Estimating row 41 out of 48 for hessian
Estimating row 42 out of 48 for hessian
Estimating row 43 out of 48 for hessian
Estimating row 44 out of 48 for hessian
Estimating row 45 out of 48 for hessian
Estimating row 46 out of 48 for hessian
Estimating row 47 out of 48 for hessian
Estimating row 48 out of 48 for hessian
size of file gradfil1.tmp = 0
size of file gradfil2.tmp = 0
size of file varssave.tmp = 0
size of file cmpdiff.tmp = 0
