
Initial statistics: 75 variables; iteration 0; function evaluation 0; phase 1
Function value 5.4414999e+06; maximum gradient component mag -9.1311e+06
Var    Value     Gradient |Var    Value     Gradient |Var    Value     Gradient
  1 -0.25227 -9.13110e+06 |  2 -0.02201 -1.20065e+05 |  3  0.02034 -1.62672e+05
  4 -0.03474 -1.08601e+05 |  5 -0.02471 -1.05589e+05 |  6  0.02508 -1.25929e+05
  7  0.01716 -9.85681e+04 |  8 -0.03583 -5.75497e+04 |  9 -0.02932 -5.20394e+04
 10 -0.01851 -5.10026e+04 | 11  0.03158 -6.57576e+04 | 12 -0.03080 -3.51827e+04
 13 -0.01958 -3.77656e+04 | 14  0.03810 -5.61899e+04 | 15 -0.03181 -3.49194e+04
 16  0.05213 -7.43116e+04 | 17  0.04761 -6.07503e+04 | 18 -0.04008 -9.49761e+03
 19  0.00963  9.29605e+04 | 20 -0.03325  8.68555e+04 | 21  0.00325  1.14763e+05
 22  0.00765  1.06723e+05 | 23  0.00895  9.81638e+04 | 24  0.02822  1.03450e+05
 25  0.00894  8.15508e+04 | 26 -0.01313  6.16060e+04 | 27 -0.01014  5.41539e+04
 28 -0.04577  3.38635e+04 | 29  0.01199  4.62725e+04 | 30 -0.02503  2.31489e+04
 31 -0.05186  1.49088e+04 | 32  0.04956 -2.68099e+04 | 33 -0.01377 -5.58444e+04
 34  0.01069 -5.09285e+04 | 35  0.01320 -5.33372e+04 | 36  0.04334 -8.95044e+04
 37 -0.01064 -6.12719e+04 | 38  0.04101 -8.99107e+04 | 39 -0.01988 -5.58596e+04
 40  0.01142 -6.93825e+04 | 41 -0.00009 -5.57922e+04 | 42  0.01947 -6.30092e+04
 43  0.00646 -5.79927e+04 | 44  0.00979 -7.75925e+04 | 45 -0.03477 -6.38191e+04
 46  0.02712 -8.95570e+04 | 47 -0.02451 -6.63646e+04 | 48 -0.03834 -1.00304e+05
 49 -0.01261 -1.03556e+05 | 50  0.00728 -1.77024e+05 | 51  0.01886 -2.79490e+05
 52 -0.03470 -1.68112e+05 | 53 -0.00088 -1.05978e+05 | 54 -0.01279 -1.02241e+05
 55 -0.04614 -8.12459e+04 | 56 -0.00969 -1.02901e+05 | 57 -0.04416 -7.72476e+04
 58 -0.00894 -1.00698e+05 | 59 -0.02278 -9.21825e+04 | 60 -0.01885 -9.00193e+04
 61  0.02911 -1.06594e+05 | 62  0.05221 -1.22399e+05 | 63  0.01884 -1.13846e+05
 64 -0.02996 -9.21250e+04 | 65 -0.02285 -1.13244e+05 | 66 -0.04896 -8.99591e+04
 67 -0.00269 -1.17436e+05 | 68 -0.05071 -7.53289e+04 | 69 -0.01512 -8.89563e+04
 70 -0.04998 -4.95478e+04 | 71  0.02456 -4.54559e+04 | 72  0.05076 -3.61793e+04
 73  0.02715 -5.94941e+03 | 74 -0.03517  1.56612e+02 | 75 -0.04068  1.49514e+02

Intermediate statistics: 75 variables; iteration 20; function evaluation 41; phase 1
Function value 4.2432620e+02; maximum gradient component mag 2.6361e+02
Var    Value     Gradient |Var    Value     Gradient |Var    Value     Gradient
  1  0.27907 -5.76940e+00 |  2  0.16724  4.06624e+01 |  3 -0.31843 -6.26422e+01
  4 -0.19643 -4.16895e+01 |  5 -0.17980 -3.82664e+01 |  6  0.95201  1.19097e+01
  7 -0.06367 -1.17235e+01 |  8 -0.20006 -4.25021e+01 |  9 -0.21185 -4.49207e+01
 10 -0.23141 -4.87634e+01 | 11 -0.21333 -4.57076e+01 | 12 -0.14959 -3.29050e+01
 13 -0.17990 -3.96173e+01 | 14 -0.24565 -5.24590e+01 | 15 -0.12890 -2.85512e+01
 16  2.13512  2.99789e+01 | 17  1.92091 -2.12512e+01 | 18 -0.01212 -8.29966e-01
 19  0.16282  3.93178e+01 | 20  0.19028  4.43009e+01 | 21 -2.24572 -5.31452e+01
 22 -2.29190 -5.86991e+01 | 23 -1.82857  3.79188e+01 | 24 -2.32728 -6.33995e+01
 25 -0.23269 -4.99160e+01 | 26  0.06818  2.03837e+01 | 27 -0.11140 -2.33453e+01
 28  0.29277  1.01464e+02 | 29 -0.18332 -3.82193e+01 | 30  0.13826  7.52609e+01
 31  0.13590  9.33236e+01 | 32 -0.00729  2.60208e+01 | 33 -0.11913 -1.39451e+01
 34 -0.04483  1.23776e+01 | 35 -0.02377  1.27695e+00 | 36  0.21300 -8.79425e+01
 37  0.10988 -6.41813e+00 | 38 -0.16277 -3.51025e+01 | 39 -0.02217 -3.59926e+00
 40 -0.01770 -6.48335e+00 | 41  0.02610 -5.42878e+00 | 42  0.02400 -1.62859e+01
 43  0.05901 -3.55563e+01 | 44 -0.24982 -6.00721e+01 | 45 -0.57772 -7.53471e+01
 46 -0.65667 -6.84491e+01 | 47 -0.20503 -6.59110e+01 | 48 -0.38942 -7.33545e+01
 49  0.03511  6.49234e+01 | 50 -0.18622 -1.59885e+01 | 51 -1.74155  3.78487e+01
 52  0.10262  2.63608e+02 | 53 -0.27406 -4.83241e+01 | 54 -0.30033 -5.74661e+01
 55 -0.01764  2.40750e+00 | 56 -0.20214 -4.34398e+01 | 57  0.01200 -1.90577e+00
 58 -0.25602 -5.76179e+01 | 59  0.05510 -1.40583e+02 | 60 -0.24934 -7.58969e+01
 61 -0.52372 -7.93688e+01 | 62 -0.61599 -7.29040e+01 | 63 -0.18562 -7.30463e+01
 64 -0.00981 -3.08550e+01 | 65 -0.22206 -4.06106e+01 | 66  0.05259  7.15550e+01
 67 -0.42982 -7.17318e+01 | 68 -0.13397 -1.25995e+01 | 69 -0.15787 -2.02341e+01
 70 -0.00600  3.08586e+01 | 71 -0.01354  1.39372e+01 | 72 -0.09084 -1.59803e+01
 73 -0.10562 -2.02190e+01 | 74  0.01281  8.51126e+00 | 75  0.02200  1.08172e+01
75 variables; iteration 40; function evaluation 72; phase 1
Function value 2.0882410e+02; maximum gradient component mag 1.1877e+02
Var    Value     Gradient |Var    Value     Gradient |Var    Value     Gradient
  1  0.26747 -6.06580e-01 |  2  0.01856  4.85049e+00 |  3 -0.05375 -9.21772e+00
  4 -0.09424 -1.90443e+01 |  5 -0.13767 -2.91407e+01 |  6  1.76788 -5.43483e+01
  7 -0.27047 -5.54503e+01 |  8 -0.08435 -1.69037e+01 |  9 -0.07952 -1.57582e+01
 10 -0.07343 -1.42797e+01 | 11 -0.13849 -2.93425e+01 | 12 -0.06311 -1.18452e+01
 13 -0.06450 -1.23461e+01 | 14 -0.11415 -2.41722e+01 | 15 -0.07346 -1.47471e+01
 16  1.92172 -2.09093e+01 | 17  1.83904 -3.71953e+01 | 18 -0.06950 -1.40713e+01
 19  0.08261  2.08614e+01 | 20  0.12159  2.85131e+01 | 21 -1.96477  6.07508e+00
 22 -1.97275  4.35462e+00 | 23 -1.78528  4.55906e+01 | 24 -2.01194 -4.15287e+00
 25  0.14705  3.18597e+01 | 26  0.14798  3.41696e+01 | 27  0.21748  5.18087e+01
 28  0.15290  4.48568e+01 | 29  0.12731  4.48147e+01 | 30  0.09319  4.06985e+01
 31 -0.21479 -4.38043e+01 | 32  0.03260  2.87569e+01 | 33 -0.05300  1.96487e+00
 34 -0.08604 -7.15072e+00 | 35  0.00349  1.98925e+01 | 36  0.32291  1.36522e+01
 37 -0.18706 -4.22963e+01 | 38  0.01715  1.46019e+01 | 39 -0.01040  6.30491e+00
 40  0.01356  1.28541e+01 | 41  0.02363  1.53134e+01 | 42  0.06073  2.64008e+01
 43  0.01201  1.31579e+01 | 44 -0.03146  2.40083e+00 | 45 -0.03725  4.00500e+00
 46 -1.72273  5.47177e+01 | 47  0.03245  6.10080e+01 | 48  0.08672  1.18768e+02
 49 -0.05760  1.24122e+01 | 50  0.02646  2.25251e+01 | 51 -1.77400  5.25385e+01
 52  0.02019 -5.87761e+01 | 53 -0.45040 -7.69451e+01 | 54  0.02059 -6.23654e+01
 55  0.05243 -4.66153e+01 | 56 -0.10206 -2.90161e+01 | 57 -0.12889 -2.35253e+01
 58  0.06369  6.49428e+01 | 59  0.13995  1.16136e+02 | 60 -1.27630  5.82230e+01
 61 -0.04640 -4.52015e+00 | 62 -0.39122 -7.08581e+01 | 63 -0.00619 -1.19009e+00
 64  0.09648 -1.08376e+01 | 65 -0.39274 -7.33399e+01 | 66 -0.13043 -5.82868e+01
 67 -0.32973 -6.96693e+01 | 68  0.07723 -3.18202e+01 | 69 -0.05267 -8.30499e+00
 70 -0.32316 -6.27325e+01 | 71  0.01827  1.66635e+01 | 72  0.03703  1.43473e+01
 73  0.01506  7.84423e+00 | 74 -0.02091 -9.53220e-01 | 75 -0.02446 -1.78038e+00
Maximum number of function evaluations exceeded

 - final statistics:
75 variables; iteration 60; function evaluation 100
Function value 9.4424e+01; maximum gradient component mag -1.1789e+02
Exit code = 3;  converg criter 1.0000e+01
Var    Value     Gradient |Var    Value     Gradient |Var    Value     Gradient
  1  0.27713 -1.44449e+00 |  2  0.04595  1.17203e+01 |  3 -0.00223  3.56928e+00
  4 -0.16183 -3.43956e+01 |  5 -0.17932 -3.81579e+01 |  6  1.78124 -5.34509e+01
  7 -0.25918 -5.35104e+01 |  8 -0.11886 -2.48176e+01 |  9 -0.08457 -1.67668e+01
 10 -0.03861 -5.60799e+00 | 11 -0.12770 -2.67985e+01 | 12 -0.04599 -7.44750e+00
 13 -0.03151 -4.08698e+00 | 14 -0.12166 -2.57668e+01 | 15 -0.10002 -2.08796e+01
 16  1.88010 -3.02593e+01 | 17  1.85256 -3.49902e+01 | 18 -0.12274 -2.62707e+01
 19  0.06924  1.80678e+01 | 20  0.05807  1.53420e+01 | 21 -1.86495  2.89906e+01
 22 -1.77626  4.72504e+01 | 23 -1.96792  5.92090e+00 | 24 -1.84699  3.33433e+01
 25  0.27734  4.34402e+01 | 26  0.07165  1.73585e+01 | 27  0.11585  2.81761e+01
 28  0.08873  2.48295e+01 | 29  0.06539  2.22677e+01 | 30 -0.05721 -7.58578e+00
 31 -0.16422 -3.28284e+01 | 32  0.02288  2.78249e+01 | 33  0.02162  3.70639e+01
 34 -0.11679 -1.40498e+01 | 35  0.02377  3.12885e+01 | 36  0.30116  1.02348e+01
 37  0.02658  4.62788e-01 | 38 -0.06633 -9.19145e+00 | 39  0.00543  1.10151e+01
 40  0.01038  1.18204e+01 | 41  0.00099  8.44188e+00 | 42  0.01851  1.30245e+01
 43  0.01102  1.14294e+01 | 44  0.01946  1.45453e+01 | 45  0.01891  1.32707e+01
 46 -1.89987  1.98101e+01 | 47 -0.07317 -1.50235e+01 | 48 -0.01250 -1.17767e+01
 49 -0.14247 -4.20696e+01 | 50 -0.07930 -4.08724e+01 | 51 -1.93168  4.79506e+01
 52  0.01110 -7.35429e+01 | 53 -0.27925 -6.59717e+01 | 54  0.05679 -1.17893e+02
 55 -0.10215 -5.88789e+01 | 56 -0.22642 -5.81028e+01 | 57 -0.07876 -2.54633e+01
 58  0.04764  4.53186e+01 | 59  0.06450  9.13418e+01 | 60 -1.85175  1.37374e+01
 61 -0.00129  6.68626e+01 | 62 -0.05930  3.03700e+01 | 63 -0.07796  1.89680e+01
 64  0.03828  7.37067e+01 | 65 -0.05860 -6.61546e+00 | 66 -0.27975 -5.97564e+01
 67 -0.11020 -3.22188e+01 | 68  0.03759  2.90656e+01 | 69 -0.09769 -5.81311e+00
 70 -0.00663  2.35269e+01 | 71 -0.02914  5.21171e+00 | 72 -0.03967 -4.66938e+00
 73 -0.02164 -9.59764e-01 | 74 -0.03186 -3.41863e+00 | 75 -0.03684 -4.60588e+00

Initial statistics: 75 variables; iteration 0; function evaluation 0; phase 2
Function value 9.4423945e+01; maximum gradient component mag -1.1789e+02
Var    Value     Gradient |Var    Value     Gradient |Var    Value     Gradient
  1  0.27713 -1.44449e+00 |  2  0.04595  1.17203e+01 |  3 -0.00223  3.56928e+00
  4 -0.16183 -3.43956e+01 |  5 -0.17932 -3.81579e+01 |  6  0.21876  5.34509e+01
  7 -0.25918 -5.35104e+01 |  8 -0.11886 -2.48176e+01 |  9 -0.08457 -1.67668e+01
 10 -0.03861 -5.60799e+00 | 11 -0.12770 -2.67985e+01 | 12 -0.04599 -7.44750e+00
 13 -0.03151 -4.08698e+00 | 14 -0.12166 -2.57668e+01 | 15 -0.10002 -2.08796e+01
 16  0.11990  3.02593e+01 | 17  0.14744  3.49902e+01 | 18 -0.12274 -2.62707e+01
 19  0.06924  1.80678e+01 | 20  0.05807  1.53420e+01 | 21 -0.13505 -2.89906e+01
 22 -0.22374 -4.72504e+01 | 23 -0.03208 -5.92090e+00 | 24 -0.15301 -3.33433e+01
 25  0.27734  4.34402e+01 | 26  0.07165  1.73585e+01 | 27  0.11585  2.81761e+01
 28  0.08873  2.48295e+01 | 29  0.06539  2.22677e+01 | 30 -0.05721 -7.58578e+00
 31 -0.16422 -3.28284e+01 | 32  0.02288  2.78249e+01 | 33  0.02162  3.70639e+01
 34 -0.11679 -1.40498e+01 | 35  0.02377  3.12885e+01 | 36  0.30116  1.02348e+01
 37  0.02658  4.62788e-01 | 38 -0.06633 -9.19145e+00 | 39  0.00543  1.10151e+01
 40  0.01038  1.18204e+01 | 41  0.00099  8.44188e+00 | 42  0.01851  1.30245e+01
 43  0.01102  1.14294e+01 | 44  0.01946  1.45453e+01 | 45  0.01891  1.32707e+01
 46 -0.10013 -1.98101e+01 | 47 -0.07317 -1.50235e+01 | 48 -0.01250 -1.17767e+01
 49 -0.14247 -4.20696e+01 | 50 -0.07930 -4.08724e+01 | 51 -0.06832 -4.79506e+01
 52  0.01110 -7.35429e+01 | 53 -0.27925 -6.59717e+01 | 54  0.05679 -1.17893e+02
 55 -0.10215 -5.88789e+01 | 56 -0.22642 -5.81028e+01 | 57 -0.07876 -2.54633e+01
 58  0.04764  4.53186e+01 | 59  0.06450  9.13418e+01 | 60 -0.14825 -1.37374e+01
 61 -0.00129  6.68626e+01 | 62 -0.05930  3.03700e+01 | 63 -0.07796  1.89680e+01
 64  0.03828  7.37067e+01 | 65 -0.05860 -6.61546e+00 | 66 -0.27975 -5.97564e+01
 67 -0.11020 -3.22188e+01 | 68  0.03759  2.90656e+01 | 69 -0.09769 -5.81311e+00
 70 -0.00663  2.35269e+01 | 71 -0.02914  5.21171e+00 | 72 -0.03967 -4.66938e+00
 73 -0.02164 -9.59764e-01 | 74 -0.03186 -3.41863e+00 | 75 -0.03684 -4.60588e+00

Intermediate statistics: 75 variables; iteration 20; function evaluation 38; phase 2
Function value -1.2415024e+01; maximum gradient component mag 3.5488e+01
Var    Value     Gradient |Var    Value     Gradient |Var    Value     Gradient
  1  0.13165 -3.11916e+00 |  2  0.00295  5.13426e-01 |  3 -0.01438  1.54935e-01
  4 -0.02109 -1.52315e+00 |  5 -0.02159 -1.68822e+00 |  6 -0.00480  2.35675e+00
  7 -0.02384 -2.33011e+00 |  8 -0.01856 -1.09634e+00 |  9 -0.01678 -7.22280e-01
 10 -0.01435 -1.98382e-01 | 11 -0.01784 -1.11244e+00 | 12 -0.01383 -2.35119e-01
 13 -0.01273 -8.42701e-02 | 14 -0.01631 -1.06681e+00 | 15 -0.01496 -8.93019e-01
 16 -0.00490  1.22795e+00 | 17 -0.00386  1.10767e+00 | 18 -0.01230 -1.22218e+00
 19 -0.00286  4.19833e-01 | 20 -0.00061  2.33763e-01 | 21 -0.00316 -1.11832e+00
 22  0.00254 -9.01118e-01 | 23  0.00782 -9.25650e-01 | 24  0.01263 -1.06566e+00
 25  0.05786  5.24160e+00 | 26 -0.00551 -5.16232e+00 | 27  0.00983 -1.74414e+00
 28  0.01610  1.48904e+00 | 29 -0.00980 -3.91205e-02 | 30 -0.03420 -7.48927e-01
 31 -0.05554 -1.26301e+00 | 32 -0.06724 -3.35830e-01 | 33 -0.07529  2.47609e+00
 34 -0.09687 -1.18315e+00 | 35 -0.07297  2.85509e+00 | 36  0.23432  1.51057e+01
 37  0.04000  6.50077e-01 | 38 -0.04511  7.63424e-01 | 39 -0.04233  1.32918e+00
 40 -0.03935  1.65099e+00 | 41 -0.03533  2.04737e+00 | 42 -0.02869  3.14249e+00
 43 -0.02387  4.57648e+00 | 44 -0.01566  7.72497e+00 | 45  0.00136  1.34264e+01
 46 -0.00988  1.30106e+01 | 47 -0.00620  2.30971e+01 | 48  0.00257  3.54882e+01
 49 -0.04060  1.37368e+01 | 50 -0.02853  1.32785e+01 | 51 -0.04065 -2.21953e+00
 52 -0.02844 -1.18240e+01 | 53  0.01595 -1.36723e+01 | 54 -0.04142 -2.19032e+01
 55 -0.00200 -1.53031e+01 | 56  0.00862 -7.21649e+00 | 57 -0.03582 -7.71982e+00
 58 -0.00420  4.70709e-01 | 59  0.02686  3.82970e+00 | 60 -0.02265 -4.77684e+00
 61 -0.02769 -5.21786e+00 | 62 -0.04376 -9.53449e+00 | 63 -0.06432 -1.11669e+01
 64 -0.06421 -7.57733e+00 | 65 -0.07895 -1.38143e+01 | 66  0.04530  1.87332e+00
 67 -0.05366 -1.30215e+01 | 68 -0.06547 -5.57883e+00 | 69 -0.06207 -2.06872e-01
 70 -0.05481 -7.07275e-01 | 71 -0.04097  2.69182e-01 | 72 -0.02229 -6.85629e-02
 73 -0.01832  9.20332e-02 | 74 -0.01871 -6.13796e-03 | 75 -0.01897 -5.12484e-02

 - final statistics:
75 variables; iteration 32; function evaluation 56
Function value -1.4648e+01; maximum gradient component mag 7.7697e+00
Exit code = 1;  converg criter 1.0000e+01
Var    Value     Gradient |Var    Value     Gradient |Var    Value     Gradient
  1  0.13605 -9.44010e-01 |  2 -0.00009 -2.22003e-01 |  3 -0.01525 -3.98096e-02
  4 -0.01294  4.91133e-01 |  5 -0.01295  4.49815e-01 |  6 -0.01557 -2.31669e-01
  7 -0.01524 -1.93476e-01 |  8 -0.01261  3.97343e-01 |  9 -0.01298  2.53353e-01
 10 -0.01386 -2.22045e-02 | 11 -0.01262  2.02676e-01 | 12 -0.01371 -1.43619e-01
 13 -0.01382 -2.74173e-01 | 14 -0.01224 -2.05392e-02 | 15 -0.01224 -1.57881e-01
 16 -0.01327 -6.26138e-01 | 17 -0.00937 -7.71498e-02 | 18 -0.00797 -1.92910e-01
 19 -0.00565 -1.86893e-01 | 20 -0.00151  1.76957e-02 | 21  0.00563  6.55779e-01
 22  0.01479  1.41921e+00 | 23  0.00895 -8.51892e-01 | 24  0.01507 -8.20653e-01
 25  0.00551 -3.25415e+00 | 26  0.00804 -2.98637e+00 | 27  0.02022 -1.18012e-01
 28  0.00829 -4.87642e-02 | 29 -0.02141 -2.54675e+00 | 30 -0.03571 -7.25714e-01
 31 -0.04812  1.71765e+00 | 32 -0.07946 -3.71045e+00 | 33 -0.08859 -1.53392e+00
 34 -0.09392  1.07625e+00 | 35 -0.07582  2.30684e+00 | 36  0.22414  7.76971e+00
 37  0.05392  1.12129e+00 | 38 -0.04683 -1.89152e-01 | 39 -0.04784 -1.03561e+00
 40 -0.04530 -1.21146e+00 | 41 -0.04043 -1.14098e+00 | 42 -0.03455 -1.15009e+00
 43 -0.02847 -7.01057e-01 | 44 -0.02099  5.88881e-02 | 45 -0.00569  1.19299e+00
 46  0.00469  2.56723e+00 | 47 -0.01141  3.25312e+00 | 48 -0.03326  2.28041e+00
 49 -0.03891  1.55686e-02 | 50 -0.04403 -8.72614e-01 | 51 -0.03519 -2.65458e+00
 52 -0.01822 -5.20506e+00 | 53  0.00995 -2.32052e+00 | 54 -0.01060 -7.37726e+00
 55 -0.00456 -5.47583e+00 | 56 -0.00847 -2.90854e+00 | 57 -0.02097 -3.97743e-01
 58 -0.00795  3.04765e+00 | 59  0.01384  6.02784e+00 | 60 -0.00980  3.95929e+00
 61 -0.03650 -6.55852e-02 | 62 -0.03991  3.47634e-01 | 63 -0.05574 -3.58350e-01
 64 -0.06233  2.33928e-01 | 65 -0.04255  1.45114e+00 | 66  0.00565  1.87488e+00
 67 -0.01672 -8.09069e-01 | 68 -0.05823 -4.01099e-01 | 69 -0.07573 -2.83482e+00
 70 -0.05274  7.84507e-01 | 71 -0.04329 -2.18491e-01 | 72 -0.02209 -3.37625e-02
 73 -0.01909 -1.25125e-01 | 74 -0.01892 -8.49326e-02 | 75 -0.01889 -5.99330e-02

Initial statistics: 92 variables; iteration 0; function evaluation 0; phase 3
Function value -1.4648121e+01; maximum gradient component mag -9.5306e+02
Var    Value     Gradient |Var    Value     Gradient |Var    Value     Gradient
  1  0.13605 -9.44010e-01 |  2 -0.03919 -9.77074e+00 |  3 -0.00009 -2.22003e-01
  4 -0.01525 -3.98096e-02 |  5 -0.01294  4.91133e-01 |  6 -0.01295  4.49815e-01
  7 -0.01557 -2.31669e-01 |  8 -0.01524 -1.93476e-01 |  9 -0.01261  3.97343e-01
 10 -0.01298  2.53353e-01 | 11 -0.01386 -2.22045e-02 | 12 -0.01262  2.02676e-01
 13 -0.01371 -1.43619e-01 | 14 -0.01382 -2.74173e-01 | 15 -0.01224 -2.05392e-02
 16 -0.01224 -1.57881e-01 | 17 -0.01327 -6.26138e-01 | 18 -0.00937 -7.71498e-02
 19 -0.00797 -1.92910e-01 | 20 -0.00565 -1.86893e-01 | 21 -0.00151  1.76957e-02
 22  0.00563  6.55779e-01 | 23  0.01479  1.41921e+00 | 24  0.00895 -8.51892e-01
 25  0.01507 -8.20653e-01 | 26  0.00551 -3.25415e+00 | 27  0.00804 -2.98637e+00
 28  0.02022 -1.18012e-01 | 29  0.00829 -4.87642e-02 | 30 -0.02141 -2.54675e+00
 31 -0.03571 -7.25714e-01 | 32 -0.04812  1.71765e+00 | 33 -0.07946 -3.71045e+00
 34 -0.08859 -1.53392e+00 | 35 -0.09392  1.07625e+00 | 36 -0.07582  2.30684e+00
 37  0.22414  7.76971e+00 | 38  0.05392  1.12129e+00 | 39 -0.04683 -1.89152e-01
 40 -0.04784 -1.03561e+00 | 41 -0.04530 -1.21146e+00 | 42 -0.04043 -1.14098e+00
 43 -0.03455 -1.15009e+00 | 44 -0.02847 -7.01057e-01 | 45 -0.02099  5.88881e-02
 46 -0.00569  1.19299e+00 | 47  0.00469  2.56723e+00 | 48 -0.01141  3.25312e+00
 49 -0.03326  2.28041e+00 | 50 -0.03891  1.55686e-02 | 51 -0.04403 -8.72614e-01
 52 -0.03519 -2.65458e+00 | 53 -0.01822 -5.20506e+00 | 54  0.00995 -2.32052e+00
 55 -0.01060 -7.37726e+00 | 56 -0.00456 -5.47583e+00 | 57 -0.00847 -2.90854e+00
 58 -0.02097 -3.97743e-01 | 59 -0.00795  3.04765e+00 | 60  0.01384  6.02784e+00
 61 -0.00980  3.95929e+00 | 62 -0.03650 -6.55852e-02 | 63 -0.03991  3.47634e-01
 64 -0.05574 -3.58350e-01 | 65 -0.06233  2.33928e-01 | 66 -0.04255  1.45114e+00
 67  0.00565  1.87488e+00 | 68 -0.01672 -8.09069e-01 | 69 -0.05823 -4.01099e-01
 70 -0.07573 -2.83482e+00 | 71 -0.05274  7.84507e-01 | 72 -0.04329 -2.18491e-01
 73 -0.02209 -3.37625e-02 | 74 -0.01909 -1.25125e-01 | 75 -0.01892 -8.49326e-02
 76 -0.01889 -5.99330e-02 | 77 -0.24635  9.08809e+02 | 78 -0.63399 -3.74081e-03
 79 -0.08071 -9.53063e+02 | 80  0.89612  7.60350e+00 | 81 -0.13805 -1.52999e+01
 82 -0.28951 -1.25496e-01 | 83  0.12460  1.69642e+01 | 84  0.47611 -3.40869e+00
 85 -0.12459 -1.07307e+01 | 86 -0.13599 -2.60059e+01 | 87 -0.00650 -5.50835e+01
 88  0.89612 -1.99172e+01 | 89 -0.48015 -6.43911e-03 | 90  0.00660  6.71470e-04
 91  0.06044  9.79578e-04 | 92  0.31186  1.68984e-03 |

Intermediate statistics: 92 variables; iteration 20; function evaluation 31; phase 3
Function value -7.4757406e+01; maximum gradient component mag 2.6347e+01
Var    Value     Gradient |Var    Value     Gradient |Var    Value     Gradient
  1  1.38531  7.42953e-03 |  2  0.04598  1.11467e+01 |  3  0.00149  2.34233e-01
  4 -0.01522  3.08628e-02 |  5 -0.01760 -5.74784e-01 |  6 -0.01728 -5.25371e-01
  7 -0.01393  2.61907e-01 |  8 -0.01385  2.32062e-01 |  9 -0.01629 -4.26252e-01
 10 -0.01525 -2.38924e-01 | 11 -0.01362  9.44072e-02 | 12 -0.01442 -1.63091e-01
 13 -0.01246  2.39235e-01 | 14 -0.01148  3.87711e-01 | 15 -0.01235  6.73061e-02
 16 -0.01086  2.56318e-01 | 17 -0.00780  7.69473e-01 | 18 -0.00896  1.04373e-01
 19 -0.00627  2.46544e-01 | 20 -0.00405  2.25298e-01 | 21 -0.00225 -2.08752e-02
 22 -0.00244 -7.56993e-01 | 23 -0.00281 -1.54234e+00 | 24  0.01377  1.13264e+00
 25  0.01818  1.38449e+00 | 26  0.03445  4.05731e+00 | 27  0.03524  4.26200e+00
 28  0.02021  2.09531e+00 | 29  0.01358  2.07249e+00 | 30  0.00837  3.70323e+00
 31 -0.01732  2.21992e+00 | 32 -0.04093  2.25149e+00 | 33 -0.05554  5.35749e+00
 34 -0.07279  5.32210e+00 | 35 -0.06799  5.86035e+00 | 36 -0.00882  9.09824e+00
 37  0.18051 -1.45973e+01 | 38 -0.05278 -7.80021e+00 | 39 -0.05042 -1.04036e+00
 40 -0.03162  8.78907e-01 | 41 -0.03610 -1.24268e+00 | 42 -0.04398 -4.42240e+00
 43 -0.04525 -6.24190e+00 | 44 -0.02622 -3.35339e+00 | 45  0.01113  2.52466e+00
 46  0.02106  1.76363e+00 | 47 -0.00063 -2.48219e+00 | 48 -0.03972 -8.66223e+00
 49 -0.04476 -7.00971e+00 | 50 -0.01735  1.20675e+00 | 51 -0.01768  1.81690e+00
 52 -0.02448 -3.47839e+00 | 53 -0.01240 -6.88261e+00 | 54 -0.01782 -1.24581e+01
 55  0.01202 -4.98565e+00 | 56  0.01024 -1.43613e+00 | 57 -0.00372 -1.86325e+00
 58 -0.00588 -1.40046e+00 | 59 -0.00908 -2.74896e+00 | 60 -0.01745 -6.27053e+00
 61 -0.01308 -6.10734e+00 | 62 -0.02124 -3.13796e+00 | 63 -0.03631 -1.51298e+00
 64 -0.03587  1.69366e+00 | 65 -0.03383  5.43393e+00 | 66 -0.02416  1.09984e+01
 67  0.00041  2.09991e+01 | 68  0.00824  2.63468e+01 | 69 -0.03565  1.40896e+01
 70 -0.06094  6.92624e+00 | 71 -0.05708  3.75665e+00 | 72 -0.03209  2.84799e+00
 73 -0.01666  4.96038e-01 | 74 -0.01561  2.98715e-01 | 75 -0.01592  2.16050e-01
 76 -0.01627  1.34050e-01 | 77  0.00993  2.31161e+01 | 78 -0.63332 -4.69518e-03
 79  0.25264 -2.19153e+01 | 80  0.35056  1.08270e+00 | 81 -0.26820  1.52753e+01
 82 -0.29606  9.46892e-02 | 83 -0.03372 -8.78262e+00 | 84  0.81696  5.22685e-01
 85  0.24594 -6.84783e+00 | 86  0.04614 -1.54754e+00 | 87  0.28526  1.18678e+01
 88  0.87590  3.03110e-03 | 89 -0.48017 -2.96828e-03 | 90  0.00659  3.34557e-05
 91  0.06048  3.02592e-04 | 92  0.31160  1.67359e-03 |
92 variables; iteration 40; function evaluation 56; phase 3
Function value -7.8377474e+01; maximum gradient component mag 1.7403e+01
Var    Value     Gradient |Var    Value     Gradient |Var    Value     Gradient
  1  1.89196  1.13298e+01 |  2 -0.00229 -8.61641e-01 |  3  0.00131 -3.64822e-02
  4 -0.01448 -1.30016e-02 |  5 -0.01403  3.70127e-02 |  6 -0.01376  3.55645e-02
  7 -0.01366 -1.53477e-02 |  8 -0.01320  1.00641e-02 |  9 -0.01247  9.28853e-02
 10 -0.01194  1.16247e-01 | 11 -0.01145  1.24416e-01 | 12 -0.01079  1.60086e-01
 13 -0.01018  1.63547e-01 | 14 -0.00927  1.99119e-01 | 15 -0.00804  2.67327e-01
 16 -0.00648  3.40276e-01 | 17 -0.00485  3.66175e-01 | 18 -0.00244  3.98908e-01
 19  0.00029  3.89948e-01 | 20  0.00274  2.46311e-01 | 21  0.00514 -6.18028e-02
 22  0.00672 -6.39344e-01 | 23  0.00849 -1.21914e+00 | 24  0.01383 -1.06296e+00
 25  0.01630 -1.17642e+00 | 26  0.01414 -1.61224e+00 | 27  0.01162 -1.62230e+00
 28  0.00155 -2.43165e+00 | 29 -0.00738 -2.62634e+00 | 30 -0.01085 -8.05308e-01
 31 -0.01910  1.32410e+00 | 32 -0.03033  3.96204e+00 | 33 -0.06494 -6.10338e-01
 34 -0.07424  1.68356e+00 | 35 -0.06189  6.02812e+00 | 36 -0.05330 -4.15278e+00
 37  0.17263  6.90413e+00 | 38 -0.08296 -9.84931e+00 | 39 -0.05261  2.78688e+00
 40 -0.04741  4.98524e-01 | 41 -0.04088  1.34711e+00 | 42 -0.03604  1.31619e+00
 43 -0.03546 -5.94656e-01 | 44 -0.03120 -1.74205e+00 | 45 -0.01280  1.20243e-01
 46  0.00865  2.41950e+00 | 47  0.00921  3.07716e+00 | 48 -0.01084  2.47771e+00
 49 -0.02787  3.91079e+00 | 50 -0.03126  6.40132e+00 | 51 -0.04777  3.40289e+00
 52 -0.03327  5.96536e+00 | 53 -0.01821  3.92750e+00 | 54  0.01365  2.30179e+00
 55  0.00549 -1.40446e+00 | 56 -0.00912 -5.41295e+00 | 57 -0.00594 -5.06477e+00
 58 -0.01853 -5.92403e+00 | 59 -0.01821 -3.90214e+00 | 60 -0.00212  6.96391e-01
 61 -0.00602  2.82978e-01 | 62 -0.02558 -5.70058e-02 | 63 -0.03102  1.85464e+00
 64 -0.03870 -1.21188e+00 | 65 -0.04564 -4.21304e+00 | 66 -0.03942 -3.95546e+00
 67 -0.02397 -1.87792e+00 | 68 -0.00833  4.31463e+00 | 69 -0.04218  4.12695e+00
 70 -0.06752  3.62004e+00 | 71 -0.06249  4.03749e+00 | 72 -0.04689  4.31866e-01
 73 -0.01979  3.81984e-01 | 74 -0.01796  3.46879e-01 | 75 -0.01795  3.47092e-01
 76 -0.01803  3.41793e-01 | 77  0.00417  7.18296e+00 | 78 -0.62279 -4.87182e-03
 79  0.26440 -1.11813e+01 | 80  0.36867 -1.50067e+00 | 81 -0.29966  9.47268e-01
 82 -0.34206  5.07283e-03 | 83 -0.05969  4.24852e-01 | 84  0.83989 -1.38909e+00
 85  0.40851 -6.12211e+00 | 86  0.05064 -1.88623e+00 | 87  0.20722  1.74032e+01
 88  0.59228 -8.14564e-02 | 89 -0.47308 -7.77946e-03 | 90  0.00618  1.11603e-03
 91  0.05966  1.38783e-03 | 92  0.30798  1.67632e-03 |
92 variables; iteration 60; function evaluation 82; phase 3
Function value -7.9543285e+01; maximum gradient component mag -1.3940e+01
Var    Value     Gradient |Var    Value     Gradient |Var    Value     Gradient
  1  1.92032 -1.39404e+01 |  2  0.00999  1.91225e+00 |  3  0.00537  6.99614e-01
  4 -0.01059  6.72562e-01 |  5 -0.01024  6.52545e-01 |  6 -0.00970  6.62920e-01
  7 -0.00898  7.00081e-01 |  8 -0.00882  5.86452e-01 |  9 -0.00914  3.42838e-01
 10 -0.00908  1.73526e-01 | 11 -0.00890  2.31092e-02 | 12 -0.00878 -1.52089e-01
 13 -0.00782 -1.56316e-01 | 14 -0.00633 -9.28589e-02 | 15 -0.00476 -5.27326e-02
 16 -0.00277  6.00123e-03 | 17 -0.00100 -8.45013e-03 | 18  0.00015 -2.45794e-01
 19  0.00307 -1.87968e-01 | 20  0.00588 -1.88991e-01 | 21  0.00681 -6.79606e-01
 22  0.01199 -4.63353e-01 | 23  0.01676 -3.85318e-01 | 24  0.02498  3.99351e-01
 25  0.02077 -4.22553e-01 | 26  0.02353  5.41269e-01 | 27  0.00610 -1.41298e+00
 28 -0.00363 -1.71122e+00 | 29 -0.00976 -1.08866e+00 | 30 -0.01628  1.81561e-02
 31 -0.03141 -2.86633e-01 | 32 -0.05482 -2.43735e+00 | 33 -0.05900  1.52305e+00
 34 -0.08765 -2.62344e+00 | 35 -0.08532 -4.90076e-01 | 36 -0.04482  9.60554e-01
 37  0.13677  4.46809e+00 | 38 -0.05474  5.00139e+00 | 39 -0.07143  1.43200e+00
 40 -0.05772  1.07237e+00 | 41 -0.05375  1.10458e+00 | 42 -0.04773  1.17990e+00
 43 -0.03475  1.99410e+00 | 44 -0.04355 -3.60729e+00 | 45 -0.03458 -5.22681e+00
 46 -0.00334 -3.45544e+00 | 47  0.00724 -3.83710e+00 | 48  0.00176 -1.76914e+00
 49 -0.04884 -5.43933e+00 | 50 -0.05591 -2.04410e+00 | 51 -0.05349  3.90188e+00
 52 -0.06082  1.49203e+00 | 53 -0.03592  4.62452e+00 | 54  0.00106  6.78001e+00
 55  0.00113  5.58887e+00 | 56 -0.01554  1.03904e-01 | 57 -0.01362 -6.87011e-01
 58 -0.02216 -2.73959e+00 | 59 -0.02300 -3.22244e+00 | 60 -0.02814 -5.38208e+00
 61 -0.02014 -4.04355e+00 | 62 -0.04210 -3.47010e+00 | 63 -0.04395  1.80218e+00
 64 -0.04531  2.78160e+00 | 65 -0.04570  3.18794e+00 | 66 -0.04594  1.98745e+00
 67 -0.03533  1.93501e+00 | 68 -0.03514  2.05890e+00 | 69 -0.05728  3.04088e+00
 70 -0.08830 -2.89823e-01 | 71 -0.09019 -2.54499e+00 | 72 -0.05446  4.08699e-01
 73 -0.02789 -5.71748e-01 | 74 -0.02595 -6.91468e-01 | 75 -0.02589 -6.87383e-01
 76 -0.02618 -7.30805e-01 | 77 -0.01367  1.17034e+01 | 78 -0.60206 -4.34359e-03
 79  0.24941 -7.93392e+00 | 80  0.42541  2.58922e-02 | 81 -0.29257 -7.15050e+00
 82 -0.31007 -1.67768e-02 | 83 -0.05083  6.82108e+00 | 84  0.89283 -9.09929e-01
 85  0.48870 -4.28515e+00 | 86  0.04604 -5.50636e+00 | 87  0.19237  1.97878e+00
 88  0.44267 -6.13209e-01 | 89 -0.42249 -1.45229e-02 | 90  0.00303  1.67542e-03
 91  0.04644  7.42312e-03 | 92  0.30047  1.65034e-03 |
92 variables; iteration 80; function evaluation 107; phase 3
Function value -8.0676270e+01; maximum gradient component mag -6.4691e+01
Var    Value     Gradient |Var    Value     Gradient |Var    Value     Gradient
  1  1.93825 -6.46913e+01 |  2 -0.00538 -2.17164e+00 |  3  0.00045 -9.16095e-01
  4 -0.01515 -8.61953e-01 |  5 -0.01396 -7.33717e-01 |  6 -0.01258 -5.89470e-01
  7 -0.01126 -4.80135e-01 |  8 -0.00886 -1.43399e-01 |  9 -0.00553  3.77301e-01
 10 -0.00278  7.41889e-01 | 11 -0.00064  9.48271e-01 | 12  0.00103  1.04071e+00
 13  0.00069  6.78608e-01 | 14 -0.00056  8.13150e-02 | 15 -0.00140 -4.33384e-01
 16 -0.00120 -7.66344e-01 | 17  0.00164 -5.51583e-01 | 18  0.00797  3.34506e-01
 19  0.00976  3.02978e-01 | 20  0.01441  8.85378e-01 | 21  0.03632  4.47211e+00
 22  0.02783  2.65978e+00 | 23  0.02046  1.13985e+00 | 24  0.02054  1.19383e+00
 25  0.00537 -8.98021e-01 | 26  0.03788  6.32871e+00 | 27 -0.00048  8.10515e-01
 28  0.01140  5.37935e+00 | 29 -0.00696  3.28981e+00 | 30 -0.02754  3.03148e-01
 31 -0.04576 -2.28339e+00 | 32 -0.05178 -1.33382e+00 | 33 -0.06595 -1.81849e+00
 34 -0.07810 -3.11511e-01 | 35 -0.08432  1.02603e+00 | 36 -0.02385  1.11471e+01
 37  0.11922 -1.49371e+00 | 38 -0.05136  7.73515e+00 | 39 -0.09080 -3.61219e+00
 40 -0.05008  4.07121e+00 | 41 -0.05832  1.07611e+00 | 42 -0.05837  9.12785e-02
 43 -0.04259  2.02332e+00 | 44 -0.02947  2.63215e+00 | 45 -0.03663 -2.26567e+00
 46 -0.01209 -1.86626e+00 | 47 -0.02129 -6.05795e+00 | 48 -0.00905 -1.17184e+00
 49 -0.01988  7.94808e+00 | 50 -0.09662 -4.86031e+00 | 51 -0.07848  6.49308e+00
 52 -0.09391  1.10770e+00 | 53 -0.05259  9.19489e+00 | 54 -0.02857  6.78204e+00
 55 -0.02053  7.28428e+00 | 56 -0.01263  7.73667e+00 | 57 -0.03614  1.54836e+00
 58 -0.02923  4.40977e+00 | 59 -0.03394  2.94855e+00 | 60 -0.03879 -1.21589e+00
 61 -0.04521 -5.92790e+00 | 62 -0.04874 -3.34601e+00 | 63 -0.07123 -4.95709e+00
 64 -0.07044 -4.12682e+00 | 65 -0.05918  3.85154e-01 | 66 -0.05331  2.71889e+00
 67 -0.04867  2.80495e+00 | 68 -0.06476 -1.98589e-01 | 69 -0.08908  1.22073e-01
 70 -0.10710  7.19094e-01 | 71 -0.11324 -4.27742e+00 | 72 -0.06290  2.14287e+00
 73 -0.03023  1.50481e+00 | 74 -0.03105  3.97703e-01 | 75 -0.03110  3.33033e-01
 76 -0.03165  2.77449e-01 | 77 -0.02206  4.54072e+00 | 78 -0.56402 -4.39784e-03
 79  0.24502 -5.06205e+00 | 80  0.44359 -2.34499e+00 | 81 -0.25876 -6.51930e-01
 82 -0.12458  1.50991e+00 | 83 -0.02386  4.88870e+00 | 84  0.90457  3.15100e-01
 85  0.68435 -1.76019e+00 | 86  0.05300  1.49727e-01 | 87  0.19264 -1.14522e+01
 88  0.11631 -4.72833e-02 | 89 -0.27649  1.47749e-01 | 90 -0.00703  1.89732e-03
 91 -0.07434 -3.68480e-02 | 92  0.28649  1.58094e-03 |
92 variables; iteration 100; function evaluation 132; phase 3
Function value -8.2032707e+01; maximum gradient component mag -2.1259e+02
Var    Value     Gradient |Var    Value     Gradient |Var    Value     Gradient
  1  1.94300 -1.24749e+02 |  2 -0.00825 -2.96504e+00 |  3  0.00176 -7.42872e-01
  4 -0.01659 -1.34104e+00 |  5 -0.02399 -3.25070e+00 |  6 -0.02188 -2.91884e+00
  7 -0.01558 -1.62933e+00 |  8 -0.01464 -1.61637e+00 |  9 -0.01610 -2.17834e+00
 10 -0.01121 -1.31224e+00 | 11  0.00478  1.98597e+00 | 12  0.00450  1.62034e+00
 13  0.01267  3.05960e+00 | 14  0.02028  4.26976e+00 | 15  0.01190  2.14343e+00
 16 -0.00096 -9.20545e-01 | 17 -0.00079 -1.27339e+00 | 18  0.00456 -5.95473e-01
 19 -0.00492 -2.81351e+00 | 20  0.01357  4.66580e-01 | 21  0.04703  6.04497e+00
 22  0.02052  1.44129e+00 | 23  0.00947 -4.51096e-01 | 24  0.01468  9.71556e-01
 25 -0.01628 -3.84619e+00 | 26  0.01946  5.40378e+00 | 27  0.00030  3.97749e+00
 28  0.02048  1.19096e+01 | 29 -0.00481  8.40527e+00 | 30 -0.04799 -9.40705e-01
 31 -0.04742  1.23045e+00 | 32 -0.04898  3.04952e+00 | 33 -0.06507  8.78951e-01
 34 -0.06442  5.84780e+00 | 35 -0.08298  3.15537e+00 | 36 -0.03031  1.42055e+01
 37  0.12366  1.84236e+01 | 38 -0.06011  9.15848e+00 | 39 -0.08617  1.48540e+00
 40 -0.05241  7.66756e+00 | 41 -0.05739  6.68614e+00 | 42 -0.07592  1.29880e+00
 43 -0.02014  1.69992e+01 | 44 -0.03876  1.07576e+01 | 45 -0.02752  1.51222e+01
 46 -0.03821  1.16796e+01 | 47 -0.04359  9.62292e+00 | 48 -0.04624  1.14858e+01
 49 -0.04057  2.17983e+01 | 50 -0.11516  1.28986e+00 | 51 -0.11849  2.95018e+00
 52 -0.12819 -1.98908e+00 | 53 -0.08723  4.00960e+00 | 54 -0.06721 -5.14869e-02
 55 -0.05485  2.26144e+00 | 56 -0.01159  5.44685e+00 | 57 -0.05405 -7.68596e+00
 58 -0.05580 -8.55571e+00 | 59 -0.06609 -8.52322e+00 | 60 -0.04876 -7.30830e+00
 61 -0.04360 -1.04843e+01 | 62 -0.07389 -1.01540e+01 | 63 -0.12324 -1.49759e+01
 64 -0.07677 -2.15274e+00 | 65 -0.08117  6.96201e-01 | 66 -0.07752  2.01292e+00
 67 -0.06459 -1.62688e+00 | 68 -0.09775 -1.01597e+01 | 69 -0.13193 -6.83443e+00
 70 -0.13661  3.86889e+00 | 71 -0.13274  3.73544e+00 | 72 -0.09274  4.35610e+00
 73 -0.05888  2.32441e+00 | 74 -0.02920  8.18182e+00 | 75 -0.02427  9.23497e+00
 76 -0.02068  1.05032e+01 | 77 -0.04111  1.55631e+00 | 78 -0.52064 -4.66027e-03
 79  0.23107 -1.39682e+00 | 80  0.50719 -3.90609e+00 | 81 -0.22928  5.22449e-02
 82 -0.15435 -8.64179e-01 | 83 -0.00845 -3.48366e-01 | 84  0.88322 -8.44752e-01
 85  0.86400 -9.91438e+00 | 86  0.03949 -2.12593e+02 | 87  0.19153 -1.81644e+01
 88 -0.11328 -8.61722e-01 | 89 -0.34123  1.98552e-01 | 90 -0.01124 -3.27833e-05
 91 -0.02290 -1.47155e-01 | 92  0.27072  1.42296e-03 |
92 variables; iteration 120; function evaluation 158; phase 3
Function value -8.5455967e+01; maximum gradient component mag -4.7481e+02
Var    Value     Gradient |Var    Value     Gradient |Var    Value     Gradient
  1  1.93394 -4.74814e+02 |  2 -0.00052 -5.16421e-01 |  3 -0.04948 -1.24543e+01
  4  0.02514  9.52933e+00 |  5 -0.00241  2.79455e+00 |  6 -0.04849 -8.42165e+00
  7 -0.04001 -6.43047e+00 |  8 -0.00075  2.96114e+00 |  9 -0.00936  8.03756e-01
 10  0.02674  9.27701e+00 | 11 -0.00967  5.25670e-01 | 12 -0.03330 -5.18587e+00
 13  0.01950  7.11511e+00 | 14 -0.02664 -3.78628e+00 | 15  0.02029  6.93153e+00
 16 -0.02460 -3.58435e+00 | 17 -0.00065  1.69177e+00 | 18 -0.01330 -1.38476e+00
 19 -0.02099 -3.32540e+00 | 20 -0.00602 -1.41068e-01 | 21  0.01142  3.47285e+00
 22 -0.00208  5.72152e-01 | 23 -0.01043 -1.04318e+00 | 24 -0.00218  1.36898e+00
 25 -0.02302 -1.96763e+00 | 26 -0.01425  2.24563e+00 | 27 -0.01734  4.26010e+00
 28 -0.02354  5.90699e+00 | 29 -0.03252  6.54983e+00 | 30 -0.07064 -1.99489e+00
 31 -0.05809  4.99847e+00 | 32 -0.06446  6.07135e+00 | 33 -0.07787  4.36888e+00
 34 -0.07825  8.83311e+00 | 35 -0.09741  5.55749e+00 | 36 -0.06045  1.38895e+01
 37  0.10222  3.96336e+01 | 38 -0.07957  8.29869e+00 | 39 -0.08652  8.53761e+00
 40 -0.06628  1.01509e+01 | 41 -0.06708  9.55660e+00 | 42 -0.08101  4.11902e+00
 43 -0.04198  1.23607e+01 | 44 -0.05538  6.11343e+00 | 45 -0.06231  4.34948e+00
 46 -0.06832  2.94509e+00 | 47 -0.06472  2.92579e+00 | 48 -0.07517  1.64659e+00
 49 -0.10010  1.13896e+00 | 50 -0.12209 -2.79909e+00 | 51 -0.15741 -7.26633e+00
 52 -0.15497 -4.21877e+00 | 53 -0.12392  2.39537e+00 | 54 -0.08904  1.12662e+01
 55 -0.09550  1.90000e+01 | 56 -0.03927  4.42645e+01 | 57 -0.06043  2.87519e+01
 58 -0.06449  2.36532e+01 | 59 -0.09805  1.14202e+01 | 60 -0.07480  1.15313e+01
 61 -0.06425  2.38732e+00 | 62 -0.09553 -2.96901e+00 | 63 -0.13432 -9.86822e+00
 64 -0.10641 -9.60134e+00 | 65 -0.11915 -1.06572e+01 | 66 -0.12583 -1.03009e+01
 67 -0.11224 -1.42010e+01 | 68 -0.07174 -1.26550e+01 | 69 -0.16689 -1.11464e+01
 70 -0.19147 -4.23857e+00 | 71 -0.17917  5.64591e-01 | 72 -0.15747 -2.60022e+00
 73 -0.13955 -6.17958e+00 | 74 -0.09586  2.29256e+00 | 75 -0.06019  1.01678e+01
 76 -0.09036  3.88513e+00 | 77 -0.11323  1.26673e+01 | 78 -0.46564 -2.06946e-03
 79  0.16667 -9.02825e-01 | 80  0.75841 -5.00834e-01 | 81 -0.25603  1.77327e+01
 82 -0.12670  5.35280e+00 | 83 -0.03574 -1.15774e+01 | 84  0.77606  1.90246e+00
 85  1.09313  3.70052e-01 | 86  0.02394 -3.85404e-03 | 87  0.19086 -1.52843e+01
 88 -0.40626 -2.33008e-03 | 89 -0.15861  1.25630e-01 | 90  0.03487  5.87169e-04
 91  0.40414 -7.01808e-03 | 92  0.24420  1.28481e-03 |
92 variables; iteration 140; function evaluation 179; phase 3
Function value -9.3650490e+01; maximum gradient component mag 2.6212e+02
Var    Value     Gradient |Var    Value     Gradient |Var    Value     Gradient
  1  1.93089  2.62120e+02 |  2 -0.00136 -7.03969e-01 |  3  0.00293  2.70815e-01
  4 -0.01536 -3.21381e-01 |  5 -0.01386 -3.86311e-02 |  6 -0.01232  2.42135e-01
  7 -0.01382 -2.24237e-01 |  8 -0.01361 -2.89016e-01 |  9 -0.01181  1.05993e-02
 10 -0.01254 -3.02918e-01 | 11 -0.01162 -2.32131e-01 | 12 -0.00970  6.13914e-02
 13 -0.01190 -6.24409e-01 | 14 -0.01021 -4.53211e-01 | 15 -0.01164 -1.02169e+00
 16 -0.01004 -9.83014e-01 | 17 -0.00930 -1.12678e+00 | 18 -0.00871 -1.32539e+00
 19 -0.00738 -1.41341e+00 | 20 -0.00648 -1.54852e+00 | 21 -0.00483 -1.59004e+00
 22 -0.00550 -2.05400e+00 | 23 -0.00530 -2.21118e+00 | 24 -0.00642 -2.29937e+00
 25 -0.01188 -2.63855e+00 | 26 -0.01929 -2.80355e+00 | 27 -0.02784 -3.00408e+00
 28 -0.03524 -2.81056e+00 | 29 -0.04220 -2.90249e+00 | 30 -0.04789 -2.84910e+00
 31 -0.05418 -3.04550e+00 | 32 -0.05836 -2.79911e+00 | 33 -0.06787 -4.14649e+00
 34 -0.07964 -4.47125e+00 | 35 -0.08942 -4.83470e+00 | 36 -0.06827 -8.09224e+00
 37  0.03749 -2.06807e+01 | 38 -0.03204 -1.19025e+01 | 39 -0.06087 -9.21790e+00
 40 -0.05728 -9.91483e+00 | 41 -0.05812 -1.01851e+01 | 42 -0.06331 -1.06286e+01
 43 -0.06060 -1.02031e+01 | 44 -0.06407 -9.32302e+00 | 45 -0.07316 -7.50802e+00
 46 -0.07905 -6.09001e+00 | 47 -0.06644 -6.89937e+00 | 48 -0.06856 -7.66485e+00
 49 -0.09611 -5.28975e+00 | 50 -0.11808 -3.09447e+00 | 51 -0.14079 -1.64283e+00
 52 -0.16489 -2.84479e-01 | 53 -0.12995  4.05931e-01 | 54 -0.09327  2.00471e+00
 55 -0.10282  2.21020e+00 | 56 -0.06669  6.28911e+00 | 57 -0.06098  5.75428e+00
 58 -0.05698  6.02576e+00 | 59 -0.10299  4.61250e+00 | 60 -0.09399  7.29959e+00
 61 -0.06025  4.10876e+00 | 62 -0.10153  5.09871e+00 | 63 -0.12788  4.65526e+00
 64 -0.10086  4.72913e+00 | 65 -0.11168  3.27972e+00 | 66 -0.12953  2.58805e+00
 67 -0.12472  1.83916e+00 | 68 -0.06787  4.65841e+00 | 69 -0.15226  3.28679e-01
 70 -0.19782  5.40321e-01 | 71 -0.18641  1.14748e+00 | 72 -0.14772  1.76222e-01
 73 -0.11155  2.69788e-01 | 74 -0.10448  3.78082e-01 | 75 -0.10111  2.50437e-01
 76 -0.10308  4.99562e-01 | 77 -0.36012 -1.02234e+01 | 78 -0.47077 -9.54295e-04
 79 -0.07363  8.68191e+00 | 80  1.13481  2.44464e+00 | 81 -0.29906 -1.58689e+01
 82 -0.20205 -4.95288e-01 | 83 -0.09290  6.14433e+00 | 84  0.89502 -1.87552e+00
 85  1.03602  2.92000e-01 | 86  0.02583 -2.03022e-02 | 87  0.20002  8.47850e+00
 88 -0.58116 -4.06536e-03 | 89 -0.46660 -3.94596e-03 | 90  0.16616  8.39124e-04
 91 -0.28102 -9.11534e-04 | 92  0.18394  9.33861e-04 |
92 variables; iteration 160; function evaluation 199; phase 3
Function value -9.3847747e+01; maximum gradient component mag -2.6924e+01
Var    Value     Gradient |Var    Value     Gradient |Var    Value     Gradient
  1  1.93102 -2.69239e+01 |  2  0.00118 -1.08433e-02 |  3  0.00142 -7.38010e-03
  4 -0.01437  1.57449e-02 |  5 -0.01414  1.23499e-02 |  6 -0.01393 -1.09459e-03
  7 -0.01362  2.23945e-03 |  8 -0.01323  1.58466e-02 |  9 -0.01290  1.02627e-02
 10 -0.01247  2.49802e-02 | 11 -0.01214  1.58372e-02 | 12 -0.01182  8.07198e-03
 13 -0.01136  2.83789e-02 | 14 -0.01088  2.28569e-02 | 15 -0.01028  4.33252e-02
 16 -0.00952  3.76834e-02 | 17 -0.00882  4.52813e-02 | 18 -0.00804  5.03553e-02
 19 -0.00707  6.06076e-02 | 20 -0.00637  6.72430e-02 | 21 -0.00550  7.03885e-02
 22 -0.00498  8.47528e-02 | 23 -0.00520  9.25579e-02 | 24 -0.00694  1.24232e-01
 25 -0.01176  1.21568e-01 | 26 -0.01910  1.19002e-01 | 27 -0.02736  1.32465e-01
 28 -0.03634  1.30204e-01 | 29 -0.04372  1.65583e-01 | 30 -0.05063  1.55239e-01
 31 -0.05723  1.78685e-01 | 32 -0.06373  1.86940e-01 | 33 -0.06980  1.93703e-01
 34 -0.08117  1.75054e-01 | 35 -0.09059  1.69978e-01 | 36 -0.06551  2.58709e-01
 37  0.04303  1.21730e+00 | 38 -0.03139  3.66387e-01 | 39 -0.06350  3.43378e-01
 40 -0.06025  3.80630e-01 | 41 -0.06051  4.01496e-01 | 42 -0.06159  4.18248e-01
 43 -0.05918  4.85176e-01 | 44 -0.06230  4.73941e-01 | 45 -0.07372  4.56538e-01
 46 -0.08239  4.39182e-01 | 47 -0.06997  4.41018e-01 | 48 -0.06849  3.75946e-01
 49 -0.09832  2.09332e-01 | 50 -0.12059  2.09670e-01 | 51 -0.14171  6.64523e-02
 52 -0.16506  4.30077e-02 | 53 -0.13063 -7.71676e-04 | 54 -0.09455  5.01328e-02
 55 -0.09918  1.26835e-01 | 56 -0.07088  1.97978e-01 | 57 -0.05987  3.04425e-01
 58 -0.05690  3.12183e-01 | 59 -0.10208  2.49540e-01 | 60 -0.10308  3.50476e-01
 61 -0.05287  5.05965e-01 | 62 -0.10623  3.28148e-01 | 63 -0.13081  2.96516e-01
 64 -0.10286  2.57848e-01 | 65 -0.11251  2.27442e-01 | 66 -0.13061  1.76599e-01
 67 -0.12146  1.45448e-01 | 68 -0.07286  2.16607e-01 | 69 -0.14973  8.16085e-02
 70 -0.19890  2.99066e-02 | 71 -0.19023  1.65842e-02 | 72 -0.14966 -4.58013e-02
 73 -0.11473 -4.35931e-02 | 74 -0.10788 -3.40787e-02 | 75 -0.10389 -2.94640e-02
 76 -0.10725 -3.69417e-02 | 77 -0.36501  5.05426e-01 | 78 -0.47300  4.55556e-04
 79 -0.08094 -3.77334e-01 | 80  1.01623 -5.05801e-02 | 81 -0.28937  1.23038e+00
 82 -0.21611  4.13385e-01 | 83 -0.07988 -7.65828e-01 | 84  0.90244  2.72483e-01
 85  1.01434 -3.66457e-02 | 86  0.02678 -3.50602e-02 | 87  0.19896 -3.46811e-01
 88 -0.48955 -3.04011e-03 | 89 -0.44388 -2.01016e-03 | 90  0.07296  3.62430e-04
 91 -0.20955  6.27167e-05 | 92  0.09686  4.81728e-04 |
92 variables; iteration 180; function evaluation 219; phase 3
Function value -9.3861857e+01; maximum gradient component mag -1.5701e+00
Var    Value     Gradient |Var    Value     Gradient |Var    Value     Gradient
  1  1.93086 -1.57015e+00 |  2  0.00125  6.15305e-03 |  3  0.00144 -6.32961e-04
  4 -0.01441  5.63454e-03 |  5 -0.01419  3.11068e-03 |  6 -0.01392  2.04698e-03
  7 -0.01363  4.45981e-04 |  8 -0.01328  4.73824e-03 |  9 -0.01294  2.73896e-03
 10 -0.01255  6.89683e-03 | 11 -0.01221  6.94866e-04 | 12 -0.01184  3.16056e-03
 13 -0.01144  7.08344e-03 | 14 -0.01093  7.83962e-03 | 15 -0.01038  1.33584e-02
 16 -0.00960  9.46996e-03 | 17 -0.00888  1.41692e-02 | 18 -0.00816  2.10332e-03
 19 -0.00719  3.69964e-03 | 20 -0.00649  3.91716e-03 | 21 -0.00558  7.02329e-03
 22 -0.00505  1.38611e-02 | 23 -0.00535 -3.78521e-03 | 24 -0.00706  2.48967e-02
 25 -0.01187  1.31694e-02 | 26 -0.01913  2.06490e-02 | 27 -0.02738  2.22190e-02
 28 -0.03631  1.39942e-02 | 29 -0.04368  2.92071e-02 | 30 -0.05044  4.47949e-02
 31 -0.05707  5.52713e-02 | 32 -0.06359  7.50449e-02 | 33 -0.06970  9.19129e-02
 34 -0.08114  6.00219e-02 | 35 -0.09049  6.94447e-02 | 36 -0.06620 -1.33747e-01
 37  0.04156  2.72857e-02 | 38 -0.03052 -9.39378e-02 | 39 -0.06317  6.38946e-02
 40 -0.05996  5.19994e-02 | 41 -0.06027  6.52911e-02 | 42 -0.06135  9.21170e-02
 43 -0.05928  8.89108e-02 | 44 -0.06246  9.20667e-02 | 45 -0.07386  1.44427e-01
 46 -0.08254  2.08965e-01 | 47 -0.06998  2.96854e-01 | 48 -0.06906  2.79493e-01
 49 -0.09882  1.88606e-01 | 50 -0.12088  1.23593e-01 | 51 -0.14175  5.04359e-02
 52 -0.16543 -1.60664e-02 | 53 -0.13040 -9.06206e-02 | 54 -0.09463 -1.97415e-01
 55 -0.09983 -2.11295e-01 | 56 -0.07116 -1.65481e-01 | 57 -0.06043 -2.15099e-01
 58 -0.05674 -1.67541e-01 | 59 -0.10237 -8.99100e-02 | 60 -0.10370 -5.83164e-02
 61 -0.05246  4.65160e-02 | 62 -0.10684 -2.99847e-02 | 63 -0.13116  3.78865e-02
 64 -0.10270 -2.96622e-03 | 65 -0.11317 -4.88932e-02 | 66 -0.13148 -9.94579e-02
 67 -0.12251 -1.45067e-01 | 68 -0.07223  6.68151e-02 | 69 -0.15024 -1.09640e-02
 70 -0.19954 -3.82043e-02 | 71 -0.19060 -1.61922e-03 | 72 -0.15006 -9.75911e-03
 73 -0.11554 -6.92328e-04 | 74 -0.10855  1.56608e-02 | 75 -0.10451  1.47867e-02
 76 -0.10788  1.81753e-02 | 77 -0.36418  1.36039e-01 | 78 -0.47378  3.40400e-04
 79 -0.08046 -4.58284e-02 | 80  1.01884 -1.44942e-02 | 81 -0.28641  1.72511e-02
 82 -0.30886  4.08771e-02 | 83 -0.07704  1.55726e-01 | 84  0.88580  3.78003e-02
 85  1.01537 -1.97152e-02 | 86  0.02708 -4.17062e-02 | 87  0.19916  1.04793e-01
 88 -0.46803 -2.84096e-03 | 89 -0.44715 -1.10252e-02 | 90 -0.35378 -1.97466e-03
 91 -0.54951 -4.08138e-03 | 92 -0.18286 -9.28046e-04 |
92 variables; iteration 200; function evaluation 240; phase 3
Function value -9.3865006e+01; maximum gradient component mag -2.0132e+00
Var    Value     Gradient |Var    Value     Gradient |Var    Value     Gradient
  1  1.93084 -2.01315e+00 |  2  0.00120 -5.83449e-03 |  3  0.00144 -1.14874e-03
  4 -0.01443  1.24419e-03 |  5 -0.01420  7.91842e-04 |  6 -0.01393  1.29609e-03
  7 -0.01363  1.48040e-03 |  8 -0.01329  3.14872e-03 |  9 -0.01295  5.80066e-04
 10 -0.01256  4.65730e-03 | 11 -0.01220  2.70948e-03 | 12 -0.01185  1.80786e-03
 13 -0.01147  7.00691e-04 | 14 -0.01098 -1.24590e-03 | 15 -0.01044 -1.25761e-04
 16 -0.00964  1.76367e-03 | 17 -0.00895  7.32733e-04 | 18 -0.00815  4.05983e-03
 19 -0.00719  5.54870e-03 | 20 -0.00648  5.72075e-03 | 21 -0.00558  7.37518e-03
 22 -0.00508  7.53125e-03 | 23 -0.00530  4.94921e-03 | 24 -0.00714  5.06114e-03
 25 -0.01189  3.54472e-03 | 26 -0.01914  1.12140e-02 | 27 -0.02740  6.50172e-03
 28 -0.03628  5.93806e-03 | 29 -0.04366  1.24553e-02 | 30 -0.05048  5.47186e-03
 31 -0.05713  8.16151e-03 | 32 -0.06368  1.21624e-02 | 33 -0.06982  1.89253e-02
 34 -0.08117  2.20530e-02 | 35 -0.09062  2.36442e-02 | 36 -0.06579  4.17412e-02
 37  0.04144  1.31007e-01 | 38 -0.03023  3.60008e-02 | 39 -0.06340  3.67528e-02
 40 -0.06009  4.93796e-02 | 41 -0.06036  5.23103e-02 | 42 -0.06144  4.71581e-02
 43 -0.05914  6.04854e-02 | 44 -0.06221  4.74916e-02 | 45 -0.07376  2.57139e-02
 46 -0.08260  1.94291e-02 | 47 -0.07029  9.63392e-03 | 48 -0.06926  7.95430e-03
 49 -0.09886 -4.38566e-03 | 50 -0.12090 -1.57565e-02 | 51 -0.14178 -2.00613e-02
 52 -0.16549 -2.39657e-02 | 53 -0.13042 -1.45325e-02 | 54 -0.09461 -9.04306e-03
 55 -0.09981  3.60756e-03 | 56 -0.07134  4.10737e-02 | 57 -0.06039  3.15034e-02
 58 -0.05678  4.12151e-02 | 59 -0.10241  3.99549e-02 | 60 -0.10360  6.81409e-02
 61 -0.05263  8.57985e-02 | 62 -0.10668  4.11629e-02 | 63 -0.13134  1.19413e-02
 64 -0.10269  1.58405e-02 | 65 -0.11330 -1.20288e-02 | 66 -0.13154 -2.08562e-02
 67 -0.12217 -7.85447e-03 | 68 -0.07259 -8.93662e-02 | 69 -0.15008 -1.34172e-02
 70 -0.19950 -1.54235e-02 | 71 -0.19071 -2.28535e-02 | 72 -0.15014 -1.60573e-02
 73 -0.11567 -9.05167e-03 | 74 -0.10875 -8.68625e-03 | 75 -0.10473 -1.28908e-02
 76 -0.10811 -1.02707e-02 | 77 -0.36412 -3.18994e-02 | 78 -0.48353 -3.22462e-04
 79 -0.08039  5.06505e-02 | 80  1.02075  9.21729e-03 | 81 -0.28691  1.27844e-01
 82 -0.42280  1.42083e-03 | 83 -0.07795 -9.21726e-02 | 84  0.88643  2.24466e-02
 85  1.01636 -5.42966e-03 | 86  0.02757 -5.57349e-02 | 87  0.19912 -2.23316e-02
 88 -0.42231 -2.45522e-03 | 89 -0.44263  2.61889e-03 | 90 -0.06526 -3.23295e-04
 91 -0.21191 -6.99936e-06 | 92 -0.02359 -1.16460e-04 |
92 variables; iteration 220; function evaluation 268; phase 3
Function value -9.3865104e+01; maximum gradient component mag 2.0383e-01
Var    Value     Gradient |Var    Value     Gradient |Var    Value     Gradient
  1  1.93085  2.03829e-01 |  2  0.00122 -2.30463e-04 |  3  0.00144  3.42734e-05
  4 -0.01444  4.94483e-05 |  5 -0.01420  1.05787e-04 |  6 -0.01393  3.84182e-05
  7 -0.01363 -3.00539e-04 |  8 -0.01330 -1.99131e-04 |  9 -0.01294  5.29407e-05
 10 -0.01257 -2.15605e-04 | 11 -0.01221 -4.63122e-04 | 12 -0.01184 -2.11426e-04
 13 -0.01146 -3.46666e-04 | 14 -0.01096 -6.84316e-05 | 15 -0.01042 -1.55555e-04
 16 -0.00962 -4.58498e-04 | 17 -0.00892 -3.83091e-04 | 18 -0.00814 -3.79299e-04
 19 -0.00718 -7.20879e-04 | 20 -0.00647 -6.39394e-04 | 21 -0.00557 -5.98460e-04
 22 -0.00507 -6.71760e-04 | 23 -0.00527 -2.19898e-04 | 24 -0.00711 -5.40917e-04
 25 -0.01185 -8.74092e-04 | 26 -0.01913 -1.35160e-03 | 27 -0.02737 -1.74115e-03
 28 -0.03624 -1.77068e-03 | 29 -0.04364 -2.44258e-03 | 30 -0.05043 -2.02355e-03
 31 -0.05709 -3.17240e-03 | 32 -0.06365 -4.08476e-03 | 33 -0.06981 -3.91905e-03
 34 -0.08116 -3.71126e-03 | 35 -0.09062 -4.34241e-03 | 36 -0.06579 -6.30320e-04
 37  0.04136  7.87354e-04 | 38 -0.03006  2.65929e-03 | 39 -0.06334 -4.44250e-03
 40 -0.06007 -3.64138e-03 | 41 -0.06036 -4.32413e-03 | 42 -0.06142 -2.63169e-03
 43 -0.05918 -2.44594e-03 | 44 -0.06222 -8.35954e-04 | 45 -0.07371  5.18121e-04
 46 -0.08256  1.36354e-03 | 47 -0.07024 -2.87190e-04 | 48 -0.06927 -1.22906e-03
 49 -0.09887 -1.47270e-03 | 50 -0.12089 -4.30524e-03 | 51 -0.14176 -3.18178e-03
 52 -0.16546 -3.20293e-03 | 53 -0.13039 -4.74410e-03 | 54 -0.09458 -6.28429e-03
 55 -0.09977 -7.05533e-03 | 56 -0.07139 -1.07200e-02 | 57 -0.06035 -1.08127e-02
 58 -0.05675 -1.07983e-02 | 59 -0.10238 -5.70072e-03 | 60 -0.10362 -6.78740e-03
 61 -0.05262 -1.03300e-02 | 62 -0.10669 -3.10358e-03 | 63 -0.13129  4.67265e-04
 64 -0.10270 -9.74229e-04 | 65 -0.11329  1.63935e-03 | 66 -0.13153  3.09986e-03
 67 -0.12228  3.87476e-03 | 68 -0.07244  1.48678e-02 | 69 -0.15018  3.19111e-03
 70 -0.19950  3.60992e-03 | 71 -0.19066  2.49546e-03 | 72 -0.15008  1.60076e-03
 73 -0.11564  5.69079e-04 | 74 -0.10871  6.37812e-04 | 75 -0.10467  7.53092e-04
 76 -0.10807  5.92437e-04 | 77 -0.36410  4.66889e-03 | 78 -0.48031 -1.25161e-04
 79 -0.08045 -4.46502e-03 | 80  1.01980 -3.15639e-04 | 81 -0.28675 -1.52699e-02
 82 -0.46706 -1.21890e-03 | 83 -0.07779  7.17756e-03 | 84  0.88514 -1.47956e-03
 85  1.01625 -6.92646e-03 | 86  0.02778 -6.32455e-02 | 87  0.19913  3.89462e-03
 88 -0.40072 -2.28799e-03 | 89 -0.44427 -3.59231e-03 | 90 -0.02071 -9.39517e-05
 91 -0.21573 -4.70471e-05 | 92 -0.00650 -3.20629e-05 |
92 variables; iteration 240; function evaluation 290; phase 3
Function value -9.3865175e+01; maximum gradient component mag -1.1464e-01
Var    Value     Gradient |Var    Value     Gradient |Var    Value     Gradient
  1  1.93085 -1.14643e-01 |  2  0.00123  4.17896e-04 |  3  0.00144 -6.22050e-04
  4 -0.01444  7.73421e-05 |  5 -0.01420 -6.51867e-04 |  6 -0.01393 -1.24193e-03
  7 -0.01363 -5.48449e-05 |  8 -0.01330  1.25690e-04 |  9 -0.01294 -3.00471e-04
 10 -0.01257  1.55710e-03 | 11 -0.01220  9.01570e-04 | 12 -0.01184  4.87267e-04
 13 -0.01145  1.66367e-03 | 14 -0.01095  1.12745e-03 | 15 -0.01041  1.39568e-03
 16 -0.00962  3.12924e-05 | 17 -0.00892  1.08816e-03 | 18 -0.00814  6.32727e-04
 19 -0.00718  9.11732e-04 | 20 -0.00646  1.12853e-03 | 21 -0.00557  2.77492e-04
 22 -0.00507  5.58173e-04 | 23 -0.00527  1.27291e-03 | 24 -0.00711  1.86173e-03
 25 -0.01185  2.28071e-03 | 26 -0.01913  1.73210e-03 | 27 -0.02736  4.85213e-03
 28 -0.03623  6.91933e-03 | 29 -0.04363  7.29501e-03 | 30 -0.05044  2.35919e-03
 31 -0.05707  9.03158e-03 | 32 -0.06363  1.15406e-02 | 33 -0.06979  1.17915e-02
 34 -0.08115  1.08844e-02 | 35 -0.09060  9.41112e-03 | 36 -0.06582 -4.48156e-03
 37  0.04135 -2.37793e-03 | 38 -0.03012 -5.75606e-03 | 39 -0.06331  1.36113e-02
 40 -0.06004  1.00895e-02 | 41 -0.06032  1.18451e-02 | 42 -0.06140  7.07770e-03
 43 -0.05916  6.73124e-03 | 44 -0.06222 -1.01215e-03 | 45 -0.07373 -4.51687e-03
 46 -0.08261 -1.36416e-02 | 47 -0.07025 -9.72937e-03 | 48 -0.06925 -8.72879e-03
 49 -0.09887 -1.09140e-02 | 50 -0.12085  3.48421e-03 | 51 -0.14176 -5.57106e-04
 52 -0.16545  1.73838e-03 | 53 -0.13039  5.47482e-03 | 54 -0.09457  1.38323e-02
 55 -0.09977  1.78126e-02 | 56 -0.07138  3.25229e-02 | 57 -0.06034  3.44028e-02
 58 -0.05675  3.03266e-02 | 59 -0.10239  1.53031e-02 | 60 -0.10360  2.12616e-02
 61 -0.05260  1.96909e-02 | 62 -0.10669  9.55468e-04 | 63 -0.13132 -1.13262e-02
 64 -0.10268 -1.01026e-02 | 65 -0.11329 -1.73803e-02 | 66 -0.13152 -1.88198e-02
 67 -0.12219 -1.64813e-02 | 68 -0.07253 -7.82456e-02 | 69 -0.15011 -1.74089e-02
 70 -0.19950 -1.22357e-02 | 71 -0.19066 -7.88090e-03 | 72 -0.15008 -4.47910e-03
 73 -0.11564 -1.75522e-03 | 74 -0.10871  8.20028e-04 | 75 -0.10467  9.71586e-04
 76 -0.10805  2.51018e-03 | 77 -0.36412 -3.77237e-02 | 78 -0.49813 -1.08883e-03
 79 -0.08045  2.49935e-02 | 80  1.01968 -1.46222e-03 | 81 -0.28669  2.64821e-02
 82 -0.46306 -1.05124e-03 | 83 -0.07772 -1.03506e-02 | 84  0.88509  1.38325e-03
 85  1.01666 -1.09178e-03 | 86  0.02770 -6.01576e-02 | 87  0.19913 -1.20824e-02
 88 -0.34819 -1.91294e-03 | 89 -0.44237  2.67035e-03 | 90 -0.02710 -1.33807e-04
 91 -0.20774  3.48905e-04 | 92  0.09945  4.94794e-04 |
92 variables; iteration 260; function evaluation 321; phase 3
Function value -9.4065649e+01; maximum gradient component mag -5.7758e+01
Var    Value     Gradient |Var    Value     Gradient |Var    Value     Gradient
  1  1.93100 -5.77580e+01 |  2  0.00125  2.15211e-02 |  3  0.00142  1.33612e-02
  4 -0.01445  2.10781e-02 |  5 -0.01423  2.24452e-02 |  6 -0.01398  2.74774e-02
  7 -0.01365  4.61234e-02 |  8 -0.01330  6.34345e-02 |  9 -0.01296  7.46825e-02
 10 -0.01252  1.10060e-01 | 11 -0.01217  1.25219e-01 | 12 -0.01186  1.35875e-01
 13 -0.01143  1.72693e-01 | 14 -0.01099  1.89015e-01 | 15 -0.01044  2.28619e-01
 16 -0.00980  2.65960e-01 | 17 -0.00908  3.24871e-01 | 18 -0.00835  3.61544e-01
 19 -0.00746  4.18535e-01 | 20 -0.00678  4.76693e-01 | 21 -0.00591  5.52099e-01
 22 -0.00544  6.16618e-01 | 23 -0.00558  6.88799e-01 | 24 -0.00728  7.50264e-01
 25 -0.01190  7.94129e-01 | 26 -0.01903  8.26226e-01 | 27 -0.02711  8.72663e-01
 28 -0.03588  9.11909e-01 | 29 -0.04336  9.32274e-01 | 30 -0.05036  9.05750e-01
 31 -0.05685  9.94150e-01 | 32 -0.06342  1.05664e+00 | 33 -0.06963  1.10699e+00
 34 -0.08101  1.10879e+00 | 35 -0.09043  1.09840e+00 | 36 -0.06572  1.25238e+00
 37  0.04171  2.92520e+00 | 38 -0.03004  1.77636e+00 | 39 -0.06275  1.62486e+00
 40 -0.05950  1.68201e+00 | 41 -0.05970  1.74281e+00 | 42 -0.06091  1.73615e+00
 43 -0.05877  1.77995e+00 | 44 -0.06208  1.69588e+00 | 45 -0.07365  1.54889e+00
 46 -0.08274  1.39799e+00 | 47 -0.07002  1.69846e+00 | 48 -0.06861  1.81159e+00
 49 -0.09845  1.31696e+00 | 50 -0.12043  9.88849e-01 | 51 -0.14152  5.25134e-01
 52 -0.16520  1.57671e-01 | 53 -0.13015  7.58770e-02 | 54 -0.09438 -1.01267e-01
 55 -0.09950 -2.80785e-01 | 56 -0.07092 -3.92468e-01 | 57 -0.06005 -5.55635e-01
 58 -0.05652 -6.76232e-01 | 59 -0.10234 -6.67869e-01 | 60 -0.10312 -6.76132e-01
 61 -0.05239 -1.15960e+00 | 62 -0.10647 -9.38026e-01 | 63 -0.13130 -9.83176e-01
 64 -0.10232 -1.13647e+00 | 65 -0.11301 -1.11514e+00 | 66 -0.13111 -1.01804e+00
 67 -0.12125 -1.06554e+00 | 68 -0.07298 -1.86789e+00 | 69 -0.14954 -7.33536e-01
 70 -0.19917 -4.36265e-01 | 71 -0.19038 -3.08357e-01 | 72 -0.14972 -1.53634e-01
 73 -0.11527 -7.17456e-02 | 74 -0.10827 -3.13793e-02 | 75 -0.10428 -2.62282e-02
 76 -0.10761 -1.24673e-02 | 77 -0.36425  8.29396e-01 | 78 -0.46460  1.23687e-03
 79 -0.08051 -3.32095e-01 | 80  1.01885 -3.34146e-02 | 81 -0.28624  3.04965e+00
 82 -0.38581  9.76562e-03 | 83 -0.07720 -1.59558e+00 | 84  0.89064  4.54187e-01
 85  1.02175  4.46590e-02 | 86  0.02646 -5.92214e-01 | 87  0.19931 -2.70930e+00
 88  0.59094 -5.33119e-03 | 89 -0.50902 -9.21163e-03 | 90 -0.11750 -9.41200e-04
 91 -0.20087  1.15886e-03 | 92  0.43649  2.47576e-03 |
92 variables; iteration 280; function evaluation 344; phase 3
Function value -9.4071506e+01; maximum gradient component mag 1.5581e+00
Var    Value     Gradient |Var    Value     Gradient |Var    Value     Gradient
  1  1.93101  1.55805e+00 |  2  0.00124 -1.20125e-03 |  3  0.00147 -8.60431e-04
  4 -0.01442 -1.64350e-03 |  5 -0.01419 -2.01612e-03 |  6 -0.01393 -2.29071e-03
  7 -0.01364 -2.92346e-03 |  8 -0.01332 -3.02056e-03 |  9 -0.01297 -2.45011e-03
 10 -0.01261 -2.53710e-03 | 11 -0.01225 -3.42894e-03 | 12 -0.01190 -3.01427e-03
 13 -0.01153 -3.45574e-03 | 14 -0.01103 -3.17485e-03 | 15 -0.01050 -4.94741e-03
 16 -0.00986 -8.43936e-03 | 17 -0.00921 -1.00378e-02 | 18 -0.00844 -9.49529e-03
 19 -0.00759 -1.27735e-02 | 20 -0.00694 -1.33128e-02 | 21 -0.00614 -1.37079e-02
 22 -0.00565 -1.75897e-02 | 23 -0.00578 -1.97066e-02 | 24 -0.00740 -2.11307e-02
 25 -0.01193 -2.37638e-02 | 26 -0.01899 -2.23930e-02 | 27 -0.02711 -2.24972e-02
 28 -0.03590 -2.07138e-02 | 29 -0.04333 -2.14090e-02 | 30 -0.05016 -2.56553e-02
 31 -0.05685 -2.47210e-02 | 32 -0.06349 -2.46962e-02 | 33 -0.06972 -2.70521e-02
 34 -0.08110 -2.51938e-02 | 35 -0.09052 -2.58985e-02 | 36 -0.06566 -3.39020e-02
 37  0.04169 -9.09417e-02 | 38 -0.02977 -5.49858e-02 | 39 -0.06304 -4.36059e-02
 40 -0.05971 -4.57084e-02 | 41 -0.06004 -4.69557e-02 | 42 -0.06118 -4.98274e-02
 43 -0.05896 -4.70823e-02 | 44 -0.06202 -4.84660e-02 | 45 -0.07349 -4.14112e-02
 46 -0.08232 -4.04291e-02 | 47 -0.06997 -4.53417e-02 | 48 -0.06898 -4.77265e-02
 49 -0.09853 -3.11183e-02 | 50 -0.12060 -2.17641e-02 | 51 -0.14146 -1.01199e-02
 52 -0.16511 -9.04538e-04 | 53 -0.13007  6.13289e-03 | 54 -0.09430  1.23670e-02
 55 -0.09941  1.96453e-02 | 56 -0.07101  3.06607e-02 | 57 -0.06003  2.50691e-02
 58 -0.05651  2.65447e-02 | 59 -0.10209  2.13791e-02 | 60 -0.10327  2.39312e-02
 61 -0.05235  3.84070e-02 | 62 -0.10641  2.47994e-02 | 63 -0.13098  1.98966e-02
 64 -0.10239  3.26502e-02 | 65 -0.11295  2.98530e-02 | 66 -0.13115  2.46943e-02
 67 -0.12186  2.20909e-02 | 68 -0.07222  2.99587e-02 | 69 -0.14989  1.25621e-02
 70 -0.19915  1.06049e-02 | 71 -0.19028  9.76723e-03 | 72 -0.14969  5.01403e-03
 73 -0.11525  1.82407e-03 | 74 -0.10834  5.33995e-03 | 75 -0.10432  5.35407e-03
 76 -0.10769  6.17858e-03 | 77 -0.36408 -3.39463e-02 | 78 -0.47819 -3.73705e-06
 79 -0.08042  1.73108e-02 | 80  1.01958 -8.00379e-04 | 81 -0.28670 -7.75662e-02
 82 -0.50397 -2.38190e-03 | 83 -0.07772  4.17068e-02 | 84  0.88855 -1.31710e-02
 85  1.01514 -2.42736e-02 | 86  0.02741 -5.18599e-01 | 87  0.19946  7.39375e-02
 88  0.62514 -4.37882e-04 | 89 -0.44306 -9.01731e-04 | 90 -0.13969 -7.00634e-04
 91 -0.20830  5.36979e-04 | 92 -0.00005 -2.37839e-07 |
92 variables; iteration 300; function evaluation 367; phase 3
Function value -9.4073521e+01; maximum gradient component mag 6.6400e+00
Var    Value     Gradient |Var    Value     Gradient |Var    Value     Gradient
  1  1.93100  6.64000e+00 |  2  0.00120 -1.19464e-02 |  3  0.00150  5.56833e-03
  4 -0.01443 -4.67788e-03 |  5 -0.01419 -3.32432e-03 |  6 -0.01390  2.11263e-03
  7 -0.01362 -1.14160e-03 |  8 -0.01333 -8.40342e-03 |  9 -0.01298 -9.20276e-03
 10 -0.01264 -1.57161e-02 | 11 -0.01228 -1.42214e-02 | 12 -0.01191 -1.30378e-02
 13 -0.01158 -2.39671e-02 | 14 -0.01105 -1.90523e-02 | 15 -0.01055 -2.85839e-02
 16 -0.00988 -2.89392e-02 | 17 -0.00926 -3.72960e-02 | 18 -0.00847 -3.81379e-02
 19 -0.00761 -4.24222e-02 | 20 -0.00698 -4.93968e-02 | 21 -0.00619 -5.81944e-02
 22 -0.00572 -6.89721e-02 | 23 -0.00580 -6.87983e-02 | 24 -0.00743 -7.83894e-02
 25 -0.01193 -7.96417e-02 | 26 -0.01904 -9.59413e-02 | 27 -0.02715 -9.90617e-02
 28 -0.03594 -1.01693e-01 | 29 -0.04336 -1.03188e-01 | 30 -0.05016 -1.04379e-01
 31 -0.05687 -1.15293e-01 | 32 -0.06350 -1.20947e-01 | 33 -0.06976 -1.40246e-01
 34 -0.08116 -1.51883e-01 | 35 -0.09060 -1.56075e-01 | 36 -0.06566 -1.63755e-01
 37  0.04169 -3.77753e-01 | 38 -0.02976 -2.23286e-01 | 39 -0.06307 -2.06274e-01
 40 -0.05974 -2.16289e-01 | 41 -0.06012 -2.30252e-01 | 42 -0.06121 -2.22143e-01
 43 -0.05910 -2.51087e-01 | 44 -0.06204 -2.23128e-01 | 45 -0.07346 -1.90492e-01
 46 -0.08224 -1.72237e-01 | 47 -0.06994 -2.09411e-01 | 48 -0.06904 -2.37623e-01
 49 -0.09864 -1.97135e-01 | 50 -0.12064 -1.50415e-01 | 51 -0.14149 -1.03571e-01
 52 -0.16512 -4.91248e-02 | 53 -0.13013 -5.76891e-02 | 54 -0.09429 -3.33785e-02
 55 -0.09944 -1.90686e-02 | 56 -0.07107 -9.16092e-03 | 57 -0.06003  2.39146e-02
 58 -0.05654  5.33134e-02 | 59 -0.10212  8.25033e-02 | 60 -0.10332  1.33804e-01
 61 -0.05229  2.70094e-01 | 62 -0.10653  1.66784e-01 | 63 -0.13090  1.97451e-01
 64 -0.10245  2.15367e-01 | 65 -0.11297  2.08599e-01 | 66 -0.13113  1.92298e-01
 67 -0.12187  1.82597e-01 | 68 -0.07224  2.13143e-01 | 69 -0.14994  8.06845e-02
 70 -0.19917  5.01409e-02 | 71 -0.19031  3.63833e-02 | 72 -0.14973  1.32071e-02
 73 -0.11528  6.55574e-03 | 74 -0.10841 -1.09205e-03 | 75 -0.10441 -7.35533e-03
 76 -0.10777 -2.20829e-03 | 77 -0.36410 -1.79983e-01 | 78 -0.49021 -7.19445e-04
 79 -0.08044  7.76413e-02 | 80  1.01967  2.53179e-03 | 81 -0.28678 -3.43488e-01
 82 -0.46015 -1.04565e-03 | 83 -0.07783  1.71617e-01 | 84  0.88880 -5.25366e-02
 85  1.01685 -3.76679e-04 | 86  0.03488 -2.02809e-01 | 87  0.19946  2.75834e-01
 88  0.50543  1.96288e-03 | 89 -0.44296  5.53347e-02 | 90  0.40231  2.29998e-03
 91 -0.46727 -3.20230e-03 | 92  0.10800  5.38134e-04 |
92 variables; iteration 320; function evaluation 392; phase 3
Function value -9.4074650e+01; maximum gradient component mag 2.0552e+00
Var    Value     Gradient |Var    Value     Gradient |Var    Value     Gradient
  1  1.93102  6.79234e-01 |  2  0.00126  2.47104e-03 |  3  0.00146 -2.60629e-03
  4 -0.01442 -9.24112e-04 |  5 -0.01419 -1.07999e-03 |  6 -0.01393 -2.27663e-03
  7 -0.01364 -2.28658e-03 |  8 -0.01332 -5.99585e-04 |  9 -0.01296  1.37721e-03
 10 -0.01260  2.10236e-03 | 11 -0.01225  2.48250e-03 | 12 -0.01190  1.64104e-03
 13 -0.01152  4.51338e-03 | 14 -0.01103  2.42349e-03 | 15 -0.01050  3.28271e-03
 16 -0.00986  4.66229e-04 | 17 -0.00921  2.08445e-03 | 18 -0.00844  1.88768e-03
 19 -0.00759  2.19665e-04 | 20 -0.00694  1.78777e-03 | 21 -0.00612  6.21237e-03
 22 -0.00563  6.81414e-03 | 23 -0.00579 -3.13890e-04 | 24 -0.00740  1.51452e-03
 25 -0.01195 -2.95519e-03 | 26 -0.01897  6.62296e-03 | 27 -0.02710  4.98950e-03
 28 -0.03590  4.92720e-03 | 29 -0.04334  4.25871e-03 | 30 -0.05016  1.35710e-03
 31 -0.05686  2.59099e-03 | 32 -0.06349  6.42300e-03 | 33 -0.06971  1.20020e-02
 34 -0.08107  2.12890e-02 | 35 -0.09049  2.53694e-02 | 36 -0.06566  1.72884e-02
 37  0.04168  4.45129e-04 | 38 -0.02978 -2.18961e-03 | 39 -0.06304  9.73524e-03
 40 -0.05970  1.29454e-02 | 41 -0.06001  1.73937e-02 | 42 -0.06117  1.11304e-02
 43 -0.05891  2.61244e-02 | 44 -0.06202  1.75080e-02 | 45 -0.07353  1.24648e-02
 46 -0.08237  1.01233e-02 | 47 -0.07000  2.12648e-02 | 48 -0.06895  3.43504e-02
 49 -0.09847  4.37547e-02 | 50 -0.12060  2.89678e-02 | 51 -0.14144  2.93438e-02
 52 -0.16512  1.21831e-02 | 53 -0.13005  2.20545e-02 | 54 -0.09431  9.07548e-03
 55 -0.09939  7.70858e-03 | 56 -0.07100  4.41462e-03 | 57 -0.06002 -1.48954e-02
 58 -0.05649 -2.78328e-02 | 59 -0.10207 -3.45484e-02 | 60 -0.10328 -6.39670e-02
 61 -0.05236 -1.08674e-01 | 62 -0.10637 -6.63271e-02 | 63 -0.13101 -7.55729e-02
 64 -0.10237 -6.91303e-02 | 65 -0.11294 -6.47549e-02 | 66 -0.13116 -5.96607e-02
 67 -0.12189 -5.82293e-02 | 68 -0.07218 -3.95182e-02 | 69 -0.14990 -2.14234e-02
 70 -0.19915 -1.18054e-02 | 71 -0.19029 -6.06764e-03 | 72 -0.14968  7.35834e-04
 73 -0.11525  2.49319e-03 | 74 -0.10834  6.30378e-03 | 75 -0.10430  9.33345e-03
 76 -0.10769  7.44105e-03 | 77 -0.36406 -9.93785e-03 | 78 -0.47816 -4.86570e-07
 79 -0.08039  2.00516e-02 | 80  1.01980  1.41262e-03 | 81 -0.28666 -3.01995e-02
 82 -0.45531 -7.22923e-04 | 83 -0.07767  2.94903e-02 | 84  0.88853 -1.85901e-03
 85  1.01570 -3.05460e-02 | 86  0.03705  2.05517e+00 | 87  0.19945 -1.13163e-02
 88 -0.10205 -6.16006e-04 | 89 -0.43605  1.80090e-02 | 90  0.49230  3.06649e-03
 91 -0.19247  1.62155e-04 | 92 -0.03833 -1.89400e-04 |
92 variables; iteration 340; function evaluation 418; phase 3
Function value -9.4075505e+01; maximum gradient component mag -5.5155e-02
Var    Value     Gradient |Var    Value     Gradient |Var    Value     Gradient
  1  1.93101  4.04864e-02 |  2  0.00125 -4.79691e-05 |  3  0.00146  8.33495e-06
  4 -0.01442  2.68818e-06 |  5 -0.01419 -1.55040e-06 |  6 -0.01393 -1.31587e-05
  7 -0.01364 -1.44586e-05 |  8 -0.01332 -3.03070e-05 |  9 -0.01297 -5.06005e-05
 10 -0.01261 -6.80397e-05 | 11 -0.01226 -7.84299e-05 | 12 -0.01191 -9.01303e-05
 13 -0.01154 -1.19740e-04 | 14 -0.01104 -1.19623e-04 | 15 -0.01051 -1.47130e-04
 16 -0.00987 -1.64515e-04 | 17 -0.00922 -2.10856e-04 | 18 -0.00845 -2.30061e-04
 19 -0.00760 -2.59504e-04 | 20 -0.00695 -2.88674e-04 | 21 -0.00615 -3.53769e-04
 22 -0.00566 -4.09807e-04 | 23 -0.00579 -4.06792e-04 | 24 -0.00741 -4.88072e-04
 25 -0.01193 -5.33966e-04 | 26 -0.01900 -6.34910e-04 | 27 -0.02712 -6.79573e-04
 28 -0.03591 -6.77890e-04 | 29 -0.04335 -7.01031e-04 | 30 -0.05016 -7.26514e-04
 31 -0.05686 -7.04072e-04 | 32 -0.06350 -7.43967e-04 | 33 -0.06973 -8.68279e-04
 34 -0.08111 -1.12303e-03 | 35 -0.09054 -1.09927e-03 | 36 -0.06567 -1.56127e-03
 37  0.04169 -3.16791e-03 | 38 -0.02977 -2.00711e-03 | 39 -0.06304 -1.65178e-03
 40 -0.05971 -1.77545e-03 | 41 -0.06005 -1.91140e-03 | 42 -0.06118 -1.99145e-03
 43 -0.05897 -2.14799e-03 | 44 -0.06202 -2.13104e-03 | 45 -0.07351 -1.86623e-03
 46 -0.08233 -1.73318e-03 | 47 -0.06998 -2.08117e-03 | 48 -0.06898 -2.30376e-03
 49 -0.09855 -1.79870e-03 | 50 -0.12060 -1.18543e-03 | 51 -0.14147 -7.46821e-04
 52 -0.16512 -3.58661e-04 | 53 -0.13008 -2.41592e-04 | 54 -0.09430  4.84930e-05
 55 -0.09941  2.48417e-04 | 56 -0.07103  5.39326e-04 | 57 -0.06002  6.81240e-04
 58 -0.05652  9.77147e-04 | 59 -0.10210  1.02381e-03 | 60 -0.10327  1.32149e-03
 61 -0.05236  2.55305e-03 | 62 -0.10642  1.66468e-03 | 63 -0.13097  1.76465e-03
 64 -0.10240  2.10760e-03 | 65 -0.11296  2.02024e-03 | 66 -0.13115  1.79104e-03
 67 -0.12186  1.65865e-03 | 68 -0.07223  1.90532e-03 | 69 -0.14989  9.02242e-04
 70 -0.19916  4.41469e-04 | 71 -0.19030  3.12394e-04 | 72 -0.14970  1.02375e-04
 73 -0.11526  3.56740e-06 | 74 -0.10837 -4.43263e-05 | 75 -0.10435 -6.64292e-05
 76 -0.10773 -5.84565e-05 | 77 -0.36408 -6.89834e-04 | 78 -0.47819 -4.23261e-07
 79 -0.08042  2.04222e-04 | 80  1.01970 -4.22965e-05 | 81 -0.28671 -2.62319e-03
 82 -0.44164  2.74008e-06 | 83 -0.07773  1.49976e-03 | 84  0.88864 -4.07718e-04
 85  1.01707  3.14072e-04 | 86  0.03705 -5.51553e-02 | 87  0.19945  1.78729e-03
 88  0.00010  5.38793e-08 | 89 -0.44315 -1.57911e-04 | 90 -0.00637  1.54431e-04
 91 -0.21345  3.49649e-05 | 92 -0.00023 -1.14199e-06 |

 - final statistics:
92 variables; iteration 350; function evaluation 428
Function value -9.4076e+01; maximum gradient component mag 4.1024e-05
Exit code = 1;  converg criter 1.0000e-04
Var    Value     Gradient |Var    Value     Gradient |Var    Value     Gradient
  1  1.93101  4.10243e-05 |  2  0.00125 -5.00000e-08 |  3  0.00146  2.76284e-08
  4 -0.01442 -3.20120e-08 |  5 -0.01419  9.45568e-10 |  6 -0.01393  1.18067e-08
  7 -0.01364  2.50420e-08 |  8 -0.01332 -2.94202e-08 |  9 -0.01297 -5.35047e-08
 10 -0.01261 -1.14646e-07 | 11 -0.01226 -8.11863e-08 | 12 -0.01191 -7.06386e-08
 13 -0.01154 -1.05977e-07 | 14 -0.01104 -9.73338e-08 | 15 -0.01051 -1.61865e-07
 16 -0.00987 -1.34238e-07 | 17 -0.00922 -1.96615e-07 | 18 -0.00845 -2.37759e-07
 19 -0.00760 -2.11594e-07 | 20 -0.00695 -2.82943e-07 | 21 -0.00615 -3.26943e-07
 22 -0.00566 -2.09938e-07 | 23 -0.00579 -5.08427e-07 | 24 -0.00741 -4.05397e-07
 25 -0.01193 -4.03927e-07 | 26 -0.01900 -4.50669e-07 | 27 -0.02712 -4.84474e-07
 28 -0.03591 -5.31611e-07 | 29 -0.04335 -5.57556e-07 | 30 -0.05016 -5.49762e-07
 31 -0.05686 -6.44310e-07 | 32 -0.06350 -6.74886e-07 | 33 -0.06973 -8.21422e-07
 34 -0.08111 -8.27013e-07 | 35 -0.09053 -8.64932e-07 | 36 -0.06567 -1.13401e-06
 37  0.04169 -3.01328e-06 | 38 -0.02977 -1.75077e-06 | 39 -0.06304 -1.47091e-06
 40 -0.05971 -1.55010e-06 | 41 -0.06005 -1.66008e-06 | 42 -0.06118 -1.66003e-06
 43 -0.05897 -1.88137e-06 | 44 -0.06202 -1.73441e-06 | 45 -0.07351 -1.58988e-06
 46 -0.08233 -1.52662e-06 | 47 -0.06998 -1.61998e-06 | 48 -0.06898 -1.74175e-06
 49 -0.09855 -1.34868e-06 | 50 -0.12060 -1.09234e-06 | 51 -0.14147 -7.73378e-07
 52 -0.16512 -3.25516e-07 | 53 -0.13008 -2.51574e-07 | 54 -0.09430  2.58142e-08
 55 -0.09941  3.26734e-07 | 56 -0.07103  4.60448e-07 | 57 -0.06002  5.68420e-07
 58 -0.05651  9.25770e-07 | 59 -0.10210  1.00671e-06 | 60 -0.10327  1.12199e-06
 61 -0.05236  2.00493e-06 | 62 -0.10642  1.33252e-06 | 63 -0.13097  1.41344e-06
 64 -0.10240  1.54431e-06 | 65 -0.11296  1.20601e-06 | 66 -0.13115  9.46587e-07
 67 -0.12186  1.00809e-06 | 68 -0.07223  1.13724e-06 | 69 -0.14989  5.24381e-07
 70 -0.19916  2.75290e-07 | 71 -0.19030  1.82371e-07 | 72 -0.14970  9.22660e-08
 73 -0.11526  5.08761e-08 | 74 -0.10837 -3.02509e-08 | 75 -0.10435 -2.25282e-08
 76 -0.10773 -2.92990e-08 | 77 -0.36408 -8.59416e-07 | 78 -0.47819 -1.74191e-09
 79 -0.08042  4.29151e-07 | 80  1.01970 -1.67285e-08 | 81 -0.28671 -2.12923e-06
 82 -0.44170  1.91617e-09 | 83 -0.07773  1.15784e-06 | 84  0.88864 -3.41709e-07
 85  1.01707 -1.19265e-07 | 86  0.03705  1.04653e-05 | 87  0.19945  9.97814e-07
 88 -0.00000 -7.27729e-10 | 89 -0.44312 -4.51765e-08 | 90 -0.00680  1.77820e-09
 91 -0.21381  1.14982e-10 | 92 -0.00000 -2.77280e-10 |
Warning: the following parameters had issues
  selparm[4] is within 0.1% of upper bound: -1.50000e+01 < 5.99497e+00 < 6.00000e+00
  selparm[10] is within 1% of upper bound: -1.50000e+01 < 5.83977e+00 < 6.00000e+00
  selparm[13] is within 0.1% of upper bound: 2.00000e+01 < 8.29887e+01 < 8.30000e+01


 - final statistics:
93 variables; iteration 0; function evaluation 0
Function value -9.4076e+01; maximum gradient component mag -4.1024e-05
Exit code = 0;  converg criter 1.0000e-04
Var    Value     Gradient |Var    Value     Gradient |Var    Value     Gradient
  1  0.06899 -4.10243e-05 |  2  0.00125 -5.00000e-08 |  3  0.00146  2.76284e-08
  4 -0.01442 -3.20120e-08 |  5 -0.01419  9.45565e-10 |  6 -0.01393  1.18067e-08
  7 -0.01364  2.50420e-08 |  8 -0.01332 -2.94202e-08 |  9 -0.01297 -5.35047e-08
 10 -0.01261 -1.14646e-07 | 11 -0.01226 -8.11863e-08 | 12 -0.01191 -7.06387e-08
 13 -0.01154 -1.05977e-07 | 14 -0.01104 -9.73338e-08 | 15 -0.01051 -1.61865e-07
 16 -0.00987 -1.34238e-07 | 17 -0.00922 -1.96615e-07 | 18 -0.00845 -2.37759e-07
 19 -0.00760 -2.11594e-07 | 20 -0.00695 -2.82943e-07 | 21 -0.00615 -3.26943e-07
 22 -0.00566 -2.09938e-07 | 23 -0.00579 -5.08427e-07 | 24 -0.00741 -4.05397e-07
 25 -0.01193 -4.03927e-07 | 26 -0.01900 -4.50669e-07 | 27 -0.02712 -4.84474e-07
 28 -0.03591 -5.31611e-07 | 29 -0.04335 -5.57557e-07 | 30 -0.05016 -5.49762e-07
 31 -0.05686 -6.44310e-07 | 32 -0.06350 -6.74887e-07 | 33 -0.06973 -8.21423e-07
 34 -0.08111 -8.27013e-07 | 35 -0.09053 -8.64932e-07 | 36 -0.06567 -1.13401e-06
 37  0.04169 -3.01328e-06 | 38 -0.02977 -1.75077e-06 | 39 -0.06304 -1.47091e-06
 40 -0.05971 -1.55010e-06 | 41 -0.06005 -1.66008e-06 | 42 -0.06118 -1.66003e-06
 43 -0.05897 -1.88137e-06 | 44 -0.06202 -1.73441e-06 | 45 -0.07351 -1.58988e-06
 46 -0.08233 -1.52662e-06 | 47 -0.06998 -1.61998e-06 | 48 -0.06898 -1.74175e-06
 49 -0.09855 -1.34868e-06 | 50 -0.12060 -1.09234e-06 | 51 -0.14147 -7.73378e-07
 52 -0.16512 -3.25516e-07 | 53 -0.13008 -2.51574e-07 | 54 -0.09430  2.58139e-08
 55 -0.09941  3.26733e-07 | 56 -0.07103  4.60448e-07 | 57 -0.06002  5.68420e-07
 58 -0.05651  9.25769e-07 | 59 -0.10210  1.00671e-06 | 60 -0.10327  1.12199e-06
 61 -0.05236  2.00493e-06 | 62 -0.10642  1.33252e-06 | 63 -0.13097  1.41344e-06
 64 -0.10240  1.54431e-06 | 65 -0.11296  1.20601e-06 | 66 -0.13115  9.46587e-07
 67 -0.12186  1.00809e-06 | 68 -0.07223  1.13724e-06 | 69 -0.14989  5.24382e-07
 70 -0.19916  2.75290e-07 | 71 -0.19030  1.82371e-07 | 72 -0.14970  9.22661e-08
 73 -0.11526  5.08761e-08 | 74 -0.10837 -3.02509e-08 | 75 -0.10435 -2.25282e-08
 76 -0.10773 -2.92990e-08 | 77  0.00000  0.00000e+00 | 78 -0.36408 -8.59415e-07
 79 -0.47819 -1.74191e-09 | 80 -0.08042  4.29151e-07 | 81  0.98030  1.67285e-08
 82 -0.28671 -2.12923e-06 | 83 -0.44170  1.91617e-09 | 84 -0.07773  1.15784e-06
 85  0.88864 -3.41709e-07 | 86  0.98293  1.19265e-07 | 87  0.03705  1.04653e-05
 88  0.19945  9.97814e-07 | 89 -0.00000 -7.27729e-10 | 90 -0.44312 -4.51765e-08
 91 -0.00680  1.77820e-09 | 92 -0.21381  1.14982e-10 | 93 -0.00000 -2.77280e-10
Estimating row 1 out of 93 for hessian
Estimating row 2 out of 93 for hessian
Estimating row 3 out of 93 for hessian
Estimating row 4 out of 93 for hessian
Estimating row 5 out of 93 for hessian
Estimating row 6 out of 93 for hessian
Estimating row 7 out of 93 for hessian
Estimating row 8 out of 93 for hessian
Estimating row 9 out of 93 for hessian
Estimating row 10 out of 93 for hessian
Estimating row 11 out of 93 for hessian
Estimating row 12 out of 93 for hessian
Estimating row 13 out of 93 for hessian
Estimating row 14 out of 93 for hessian
Estimating row 15 out of 93 for hessian
Estimating row 16 out of 93 for hessian
Estimating row 17 out of 93 for hessian
Estimating row 18 out of 93 for hessian
Estimating row 19 out of 93 for hessian
Estimating row 20 out of 93 for hessian
Estimating row 21 out of 93 for hessian
Estimating row 22 out of 93 for hessian
Estimating row 23 out of 93 for hessian
Estimating row 24 out of 93 for hessian
Estimating row 25 out of 93 for hessian
Estimating row 26 out of 93 for hessian
Estimating row 27 out of 93 for hessian
Estimating row 28 out of 93 for hessian
Estimating row 29 out of 93 for hessian
Estimating row 30 out of 93 for hessian
Estimating row 31 out of 93 for hessian
Estimating row 32 out of 93 for hessian
Estimating row 33 out of 93 for hessian
Estimating row 34 out of 93 for hessian
Estimating row 35 out of 93 for hessian
Estimating row 36 out of 93 for hessian
Estimating row 37 out of 93 for hessian
Estimating row 38 out of 93 for hessian
Estimating row 39 out of 93 for hessian
Estimating row 40 out of 93 for hessian
Estimating row 41 out of 93 for hessian
Estimating row 42 out of 93 for hessian
Estimating row 43 out of 93 for hessian
Estimating row 44 out of 93 for hessian
Estimating row 45 out of 93 for hessian
Estimating row 46 out of 93 for hessian
Estimating row 47 out of 93 for hessian
Estimating row 48 out of 93 for hessian
Estimating row 49 out of 93 for hessian
Estimating row 50 out of 93 for hessian
Estimating row 51 out of 93 for hessian
Estimating row 52 out of 93 for hessian
Estimating row 53 out of 93 for hessian
Estimating row 54 out of 93 for hessian
Estimating row 55 out of 93 for hessian
Estimating row 56 out of 93 for hessian
Estimating row 57 out of 93 for hessian
Estimating row 58 out of 93 for hessian
Estimating row 59 out of 93 for hessian
Estimating row 60 out of 93 for hessian
Estimating row 61 out of 93 for hessian
Estimating row 62 out of 93 for hessian
Estimating row 63 out of 93 for hessian
Estimating row 64 out of 93 for hessian
Estimating row 65 out of 93 for hessian
Estimating row 66 out of 93 for hessian
Estimating row 67 out of 93 for hessian
Estimating row 68 out of 93 for hessian
Estimating row 69 out of 93 for hessian
Estimating row 70 out of 93 for hessian
Estimating row 71 out of 93 for hessian
Estimating row 72 out of 93 for hessian
Estimating row 73 out of 93 for hessian
Estimating row 74 out of 93 for hessian
Estimating row 75 out of 93 for hessian
Estimating row 76 out of 93 for hessian
Estimating row 77 out of 93 for hessian
Estimating row 78 out of 93 for hessian
Estimating row 79 out of 93 for hessian
Estimating row 80 out of 93 for hessian
Estimating row 81 out of 93 for hessian
Estimating row 82 out of 93 for hessian
Estimating row 83 out of 93 for hessian
Estimating row 84 out of 93 for hessian
Estimating row 85 out of 93 for hessian
Estimating row 86 out of 93 for hessian
Estimating row 87 out of 93 for hessian
Estimating row 88 out of 93 for hessian
Estimating row 89 out of 93 for hessian
Estimating row 90 out of 93 for hessian
Estimating row 91 out of 93 for hessian
Estimating row 92 out of 93 for hessian
Estimating row 93 out of 93 for hessian
size of file gradfil1.tmp = 0
size of file gradfil2.tmp = 0
size of file varssave.tmp = 0
size of file cmpdiff.tmp = 0
