
Initial statistics: 3 variables; iteration 0; function evaluation 0; phase 1
Function value 1.3373900e+06; maximum gradient component mag -9.9566e+05
Var    Value     Gradient |Var    Value     Gradient |Var    Value     Gradient
  1 -0.18544 -9.95663e+05 |  2 -0.41085  2.94292e+04 |  3 -0.43306  2.43555e+04

 - final statistics:
3 variables; iteration 11; function evaluation 25
Function value 2.1006e+01; maximum gradient component mag -9.2399e+00
Exit code = 1;  converg criter 1.0000e+01
Var    Value     Gradient |Var    Value     Gradient |Var    Value     Gradient
  1  0.03907 -9.23988e+00 |  2 -1.00077 -1.86955e-02 |  3 -0.99471  1.41645e-01

 - final statistics:
3 variables; iteration 0; function evaluation 0
Function value 2.1006e+01; maximum gradient component mag -9.2399e+00
Exit code = 0;  converg criter 1.0000e+01
Var    Value     Gradient |Var    Value     Gradient |Var    Value     Gradient
  1  0.03907 -9.23988e+00 |  2 -0.99923  1.86955e-02 |  3 -0.99471  1.41645e-01

Initial statistics: 9 variables; iteration 0; function evaluation 0; phase 3
Function value 2.1006496e+01; maximum gradient component mag 7.1054e+01
Var    Value     Gradient |Var    Value     Gradient |Var    Value     Gradient
  1  0.03907 -9.23988e+00 |  2 -0.99923  1.86955e-02 |  3 -0.99471  1.41645e-01
  4 -0.51566  7.10543e+01 |  5 -0.30436  5.10093e+01 |  6 -0.25901 -6.32265e+00
  7 -0.03010 -1.66806e+01 |  8 -0.10619 -1.51484e+01 |  9  0.02641  4.60557e+00

Intermediate statistics: 9 variables; iteration 20; function evaluation 32; phase 3
Function value -4.6718561e+01; maximum gradient component mag 7.5534e-02
Var    Value     Gradient |Var    Value     Gradient |Var    Value     Gradient
  1  0.52892 -8.06664e-03 |  2 -1.00004 -6.30644e-03 |  3 -0.99987  2.73079e-02
  4 -1.03907  5.03084e-02 |  5 -0.99868  6.37129e-02 |  6 -0.06013  1.20395e-02
  7  1.11449 -1.53806e-02 |  8 -0.03872 -6.61442e-02 |  9  0.09287  7.55343e-02
9 variables; iteration 40; function evaluation 52; phase 3
Function value -4.6720336e+01; maximum gradient component mag -2.3849e-02
Var    Value     Gradient |Var    Value     Gradient |Var    Value     Gradient
  1  0.94316 -7.90369e-05 |  2 -0.99998 -6.63180e-03 |  3 -1.00012 -2.38488e-02
  4 -1.03955 -3.05276e-03 |  5 -0.99991 -4.41771e-04 |  6 -0.06031  1.85852e-03
  7  1.26175  1.23576e-05 |  8 -0.03894  7.29054e-03 |  9  0.09237 -1.27928e-02
Warning: the following parameters had issues
  SR_parm[1] is within 0.1% of upper bound: 1.00000e-04 < 1.99991e+01 < 2.00000e+01
  init_F[1] is within 0.1% of lower bound: 0.00000e+00 < 4.71770e-09 < 1.00000e+01
  init_F[2] is within 0.1% of lower bound: 0.00000e+00 < 5.65846e-09 < 1.00000e+01
  Q_parm[2] is within 0.1% of lower bound: 0.00000e+00 < 4.81724e-03 < 5.00000e+00
  Q_parm[4] is within 0.1% of lower bound: 0.00000e+00 < 2.55545e-08 < 5.00000e+00


 - final statistics:
9 variables; iteration 46; function evaluation 58
Function value -4.6720e+01; maximum gradient component mag 2.3194e-05
Exit code = 1;  converg criter 1.0000e-04
Var    Value     Gradient |Var    Value     Gradient |Var    Value     Gradient
  1  0.99152  1.94034e-07 |  2 -0.99997 -2.29708e-05 |  3 -1.00003  2.31943e-05
  4 -1.03953  1.05502e-06 |  5 -0.99991  1.83941e-05 |  6 -0.06032 -7.59894e-08
  7  1.26164 -3.98939e-07 |  8 -0.03888 -4.35726e-06 |  9  0.09247  7.95837e-06
Estimating row 1 out of 9 for hessian
Estimating row 2 out of 9 for hessian
Estimating row 3 out of 9 for hessian
Estimating row 4 out of 9 for hessian
Estimating row 5 out of 9 for hessian
Estimating row 6 out of 9 for hessian
Estimating row 7 out of 9 for hessian
Estimating row 8 out of 9 for hessian
Estimating row 9 out of 9 for hessian
size of file gradfil1.tmp = 0
size of file gradfil2.tmp = 0
size of file varssave.tmp = 0
size of file cmpdiff.tmp = 0
