
Initial statistics: 75 variables; iteration 0; function evaluation 0; phase 1
Function value nan; maximum gradient component mag -2.1390e+07
Var    Value     Gradient |Var    Value     Gradient |Var    Value     Gradient
  1 -0.12462 -2.13900e+07 |  2 -0.02420 -3.79246e+04 |  3  0.02588 -5.39446e+04
  4 -0.02209 -3.37558e+04 |  5  0.02879 -4.28418e+04 |  6  0.04718 -7.60556e+04
  7  0.00564 -1.23461e+05 |  8  0.03657 -1.87900e+05 |  9  0.02935 -1.93441e+05
 10  0.03062 -2.12548e+05 | 11 -0.04291 -1.45057e+05 | 12  0.03898 -2.22179e+05
 13 -0.00576 -1.68776e+05 | 14 -0.00017 -1.82575e+05 | 15 -0.00584 -1.75043e+05
 16 -0.03349 -1.59506e+05 | 17 -0.01949 -1.66063e+05 | 18 -0.03610 -1.62435e+05
 19 -0.00824 -3.11712e+05 | 20 -0.04857 -3.19444e+05 | 21  0.03356 -4.82290e+05
 22  0.02628 -3.79516e+05 | 23 -0.03679 -1.25731e+04 | 24 -0.02954  1.11601e+05
 25 -0.03739  8.92235e+04 | 26  0.00248 -3.21608e+05 | 27 -0.01364 -5.18761e+05
 28  0.03836 -6.87107e+05 | 29 -0.03113 -4.21879e+05 | 30  0.03162 -5.29501e+05
 31  0.04318 -4.80127e+05 | 32 -0.00602 -2.18769e+05 | 33 -0.00091 -9.67802e+04
 34 -0.04351 -5.05824e+04 | 35 -0.04411 -9.75335e+04 | 36 -0.00220 -1.38343e+05
 37 -0.02913 -1.13512e+05 | 38 -0.01416 -1.19720e+05 | 39 -0.03353 -7.70198e+04
 40 -0.02788 -6.90493e+04 | 41  0.04515 -6.82017e+04 | 42  0.02457 -6.28054e+04
 43  0.02573 -5.00769e+04 | 44 -0.03236 -7.33662e+04 | 45  0.01817 -9.95721e+04
 46  0.03452 -4.54866e+04 | 47 -0.04435  8.91277e+03 | 48  0.01467  3.65477e+04
 49  0.01747  5.00104e+04 | 50 -0.02421 -4.07404e+04 | 51 -0.02959 -2.01674e+05
 52 -0.03073 -7.91537e+04 | 53 -0.05134 -3.77993e+04 | 54  0.02736 -1.02911e+04
 55 -0.00916  1.92651e+04 | 56 -0.03505  1.48179e+04 | 57 -0.03867  1.33442e+04
 58  0.02206  2.70399e+04 | 59 -0.01647  4.99666e+03 | 60 -0.04971 -8.98182e+02
 61  0.00781  1.79466e+04 | 62 -0.01204 -3.50997e+03 | 63  0.02375 -1.12160e+05
 64  0.00586 -4.91279e+04 | 65  0.03889 -2.97661e+05 | 66  0.03925 -3.70118e+05
 67  0.00056 -2.76584e+05 | 68 -0.01595 -2.20507e+05 | 69  0.04330 -3.19074e+05
 70 -0.00664 -1.97567e+05 | 71  0.02068 -2.35821e+05 | 72  0.00562 -1.37316e+05
 73 -0.00725 -1.59615e+04 | 74  0.01310  1.75446e+02 | 75 -0.03866  1.59005e+02
  ic > imax  in fminim is answer attained ?
Var    Value     Gradient |Var    Value     Gradient |Var    Value     Gradient
  1  0.90682 -4.03566e-03 |  2 -0.02237 -5.73007e+00 |  3  0.02848  1.06577e+01
  4 -0.02046 -1.29968e+00 |  5  0.03086  1.12656e+01 |  6  0.05084  1.61080e+01
  7  0.01159  6.55833e+00 |  8  0.04563  1.48016e+01 |  9  0.03868  1.30654e+01
 10  0.04087  1.35105e+01 | 11 -0.03591 -5.24544e+00 | 12  0.04970  1.53690e+01
 13  0.00238  3.84248e+00 | 14  0.00863  5.19314e+00 | 15  0.00260  3.56751e+00
 16 -0.02580 -3.49341e+00 | 17 -0.01148 -4.26005e-01 | 18 -0.02826 -4.73548e+00
 19  0.00679  2.95556e+00 | 20 -0.03317 -6.65879e+00 | 21  0.05682  1.22047e+01
 22  0.04458  8.66813e+00 | 23 -0.03619 -9.00449e+00 | 24 -0.03493 -9.38836e+00
 25 -0.04169 -1.14168e+01 | 26  0.01799 -5.62543e-01 | 27  0.01138 -2.27241e+00
 28  0.07149  7.33488e+00 | 29 -0.01078 -4.62280e+00 | 30  0.05716  1.55525e+01
 31  0.06634  3.14105e+01 | 32  0.00453  2.14735e+01 | 33  0.00376  3.15520e+01
 34 -0.04107  2.44875e+01 | 35 -0.03940  1.86493e+01 | 36  0.00447 -8.45867e+01
 37 -0.02366 -7.06101e+01 | 38 -0.00839 -5.24722e+00 | 39 -0.02982 -7.43626e+00
 40 -0.02455 -2.42336e+00 | 41  0.04844  2.11625e+01 | 42  0.02760  1.85353e+01
 43  0.02815  2.15780e+01 | 44 -0.02882  5.56167e+00 | 45  0.02297  1.91769e+01
 46  0.03671  5.83335e+00 | 47 -0.04478 -2.32375e+01 | 48  0.01290 -1.86231e+01
 49  0.01506 -1.54247e+01 | 50 -0.02225 -1.77976e+01 | 51 -0.01986 -2.71248e+01
 52 -0.02691 -5.15137e+01 | 53 -0.04951 -6.01197e+01 | 54  0.02786 -1.00992e+02
 55 -0.01009 -9.06278e+01 | 56 -0.03577 -8.02716e+01 | 57 -0.03931 -5.86779e+01
 58  0.02076 -4.03855e+01 | 59 -0.01671 -3.90030e+01 | 60 -0.04966 -3.02997e+01
 61  0.00694  1.09130e+01 | 62 -0.01187  2.55767e+01 | 63  0.02916  6.25260e+01
 64  0.00823  7.16442e+01 | 65  0.05325  1.34983e+02 | 66  0.05710  1.32959e+02
 67  0.01390  8.37936e+01 | 68 -0.00531  8.77276e+01 | 69  0.05869  1.60289e+02
 70  0.00289  5.04536e+01 | 71  0.03205  2.18358e+01 | 72  0.01225  7.23059e+00
 73 -0.00648  2.25671e+00 | 74  0.01309  7.03917e+00 | 75 -0.03867 -5.74740e+00
Function minimizer not making progress ... is minimum attained?
Minimprove criterion = 0.0000e+00

 - final statistics:
75 variables; iteration 2; function evaluation 40
Function value nan; maximum gradient component mag 1.6029e+02
Exit code = 1;  converg criter 1.0000e+01
Var    Value     Gradient |Var    Value     Gradient |Var    Value     Gradient
  1  0.90682 -4.03566e-03 |  2 -0.02237 -5.73007e+00 |  3  0.02848  1.06577e+01
  4 -0.02046 -1.29968e+00 |  5  0.03086  1.12656e+01 |  6  0.05084  1.61080e+01
  7  0.01159  6.55833e+00 |  8  0.04563  1.48016e+01 |  9  0.03868  1.30654e+01
 10  0.04087  1.35105e+01 | 11 -0.03591 -5.24544e+00 | 12  0.04970  1.53690e+01
 13  0.00238  3.84248e+00 | 14  0.00863  5.19314e+00 | 15  0.00260  3.56751e+00
 16 -0.02580 -3.49341e+00 | 17 -0.01148 -4.26005e-01 | 18 -0.02826 -4.73548e+00
 19  0.00679  2.95556e+00 | 20 -0.03317 -6.65879e+00 | 21  0.05682  1.22047e+01
 22  0.04458  8.66813e+00 | 23 -0.03619 -9.00449e+00 | 24 -0.03493 -9.38836e+00
 25 -0.04169 -1.14168e+01 | 26  0.01799 -5.62543e-01 | 27  0.01138 -2.27241e+00
 28  0.07149  7.33488e+00 | 29 -0.01078 -4.62280e+00 | 30  0.05716  1.55525e+01
 31  0.06634  3.14105e+01 | 32  0.00453  2.14735e+01 | 33  0.00376  3.15520e+01
 34 -0.04107  2.44875e+01 | 35 -0.03940  1.86493e+01 | 36  0.00447 -8.45867e+01
 37 -0.02366 -7.06101e+01 | 38 -0.00839 -5.24722e+00 | 39 -0.02982 -7.43626e+00
 40 -0.02455 -2.42336e+00 | 41  0.04844  2.11625e+01 | 42  0.02760  1.85353e+01
 43  0.02815  2.15780e+01 | 44 -0.02882  5.56167e+00 | 45  0.02297  1.91769e+01
 46  0.03671  5.83335e+00 | 47 -0.04478 -2.32375e+01 | 48  0.01290 -1.86231e+01
 49  0.01506 -1.54247e+01 | 50 -0.02225 -1.77976e+01 | 51 -0.01986 -2.71248e+01
 52 -0.02691 -5.15137e+01 | 53 -0.04951 -6.01197e+01 | 54  0.02786 -1.00992e+02
 55 -0.01009 -9.06278e+01 | 56 -0.03577 -8.02716e+01 | 57 -0.03931 -5.86779e+01
 58  0.02076 -4.03855e+01 | 59 -0.01671 -3.90030e+01 | 60 -0.04966 -3.02997e+01
 61  0.00694  1.09130e+01 | 62 -0.01187  2.55767e+01 | 63  0.02916  6.25260e+01
 64  0.00823  7.16442e+01 | 65  0.05325  1.34983e+02 | 66  0.05710  1.32959e+02
 67  0.01390  8.37936e+01 | 68 -0.00531  8.77276e+01 | 69  0.05869  1.60289e+02
 70  0.00289  5.04536e+01 | 71  0.03205  2.18358e+01 | 72  0.01225  7.23059e+00
 73 -0.00648  2.25671e+00 | 74  0.01309  7.03917e+00 | 75 -0.03867 -5.74740e+00

Initial statistics: 75 variables; iteration 0; function evaluation 0; phase 2
Function value nan; maximum gradient component mag 1.6029e+02
Var    Value     Gradient |Var    Value     Gradient |Var    Value     Gradient
  1  0.90682 -4.03566e-03 |  2 -0.02237 -5.73007e+00 |  3  0.02848  1.06577e+01
  4 -0.02046 -1.29968e+00 |  5  0.03086  1.12656e+01 |  6  0.05084  1.61080e+01
  7  0.01159  6.55833e+00 |  8  0.04563  1.48016e+01 |  9  0.03868  1.30654e+01
 10  0.04087  1.35105e+01 | 11 -0.03591 -5.24544e+00 | 12  0.04970  1.53690e+01
 13  0.00238  3.84248e+00 | 14  0.00863  5.19314e+00 | 15  0.00260  3.56751e+00
 16 -0.02580 -3.49341e+00 | 17 -0.01148 -4.26005e-01 | 18 -0.02826 -4.73548e+00
 19  0.00679  2.95556e+00 | 20 -0.03317 -6.65879e+00 | 21  0.05682  1.22047e+01
 22  0.04458  8.66813e+00 | 23 -0.03619 -9.00449e+00 | 24 -0.03493 -9.38836e+00
 25 -0.04169 -1.14168e+01 | 26  0.01799 -5.62543e-01 | 27  0.01138 -2.27241e+00
 28  0.07149  7.33488e+00 | 29 -0.01078 -4.62280e+00 | 30  0.05716  1.55525e+01
 31  0.06634  3.14105e+01 | 32  0.00453  2.14735e+01 | 33  0.00376  3.15520e+01
 34 -0.04107  2.44875e+01 | 35 -0.03940  1.86493e+01 | 36  0.00447 -8.45867e+01
 37 -0.02366 -7.06101e+01 | 38 -0.00839 -5.24722e+00 | 39 -0.02982 -7.43626e+00
 40 -0.02455 -2.42336e+00 | 41  0.04844  2.11625e+01 | 42  0.02760  1.85353e+01
 43  0.02815  2.15780e+01 | 44 -0.02882  5.56167e+00 | 45  0.02297  1.91769e+01
 46  0.03671  5.83335e+00 | 47 -0.04478 -2.32375e+01 | 48  0.01290 -1.86231e+01
 49  0.01506 -1.54247e+01 | 50 -0.02225 -1.77976e+01 | 51 -0.01986 -2.71248e+01
 52 -0.02691 -5.15137e+01 | 53 -0.04951 -6.01197e+01 | 54  0.02786 -1.00992e+02
 55 -0.01009 -9.06278e+01 | 56 -0.03577 -8.02716e+01 | 57 -0.03931 -5.86779e+01
 58  0.02076 -4.03855e+01 | 59 -0.01671 -3.90030e+01 | 60 -0.04966 -3.02997e+01
 61  0.00694  1.09130e+01 | 62 -0.01187  2.55767e+01 | 63  0.02916  6.25260e+01
 64  0.00823  7.16442e+01 | 65  0.05325  1.34983e+02 | 66  0.05710  1.32959e+02
 67  0.01390  8.37936e+01 | 68 -0.00531  8.77276e+01 | 69  0.05869  1.60289e+02
 70  0.00289  5.04536e+01 | 71  0.03205  2.18358e+01 | 72  0.01225  7.23059e+00
 73 -0.00648  2.25671e+00 | 74  0.01309  7.03917e+00 | 75 -0.03867 -5.74740e+00
  ic > imax  in fminim is answer attained ?
Var    Value     Gradient |Var    Value     Gradient |Var    Value     Gradient
  1  0.90682 -2.53228e-03 |  2 -0.02152 -5.51826e+00 |  3  0.02690  1.02767e+01
  4 -0.02027 -1.25114e+00 |  5  0.02918  1.08595e+01 |  6  0.04846  1.55313e+01
  7  0.01062  6.31859e+00 |  8  0.04343  1.42688e+01 |  9  0.03674  1.25938e+01
 10  0.03886  1.30248e+01 | 11 -0.03513 -5.05672e+00 | 12  0.04742  1.48254e+01
 13  0.00181  3.70622e+00 | 14  0.00786  5.01059e+00 | 15  0.00207  3.44619e+00
 16 -0.02528 -3.36115e+00 | 17 -0.01142 -4.01103e-01 | 18 -0.02756 -4.55832e+00
 19  0.00635  2.86980e+00 | 20 -0.03218 -6.41962e+00 | 21  0.05501  1.18535e+01
 22  0.04330  8.42468e+00 | 23 -0.03485 -8.70728e+00 | 24 -0.03353 -9.08886e+00
 25 -0.04000 -1.10635e+01 | 26  0.01807 -5.50443e-01 | 27  0.01171 -2.22550e+00
 28  0.07041  7.14322e+00 | 29 -0.01010 -4.51319e+00 | 30  0.05485  1.50037e+01
 31  0.06168  2.98421e+01 | 32  0.00134  2.00534e+01 | 33 -0.00092  2.86401e+01
 34 -0.04470  2.16905e+01 | 35 -0.04217  1.86242e+01 | 36  0.01701 -7.55011e+01
 37 -0.01319 -6.47956e+01 | 38 -0.00761 -3.37881e+00 | 39 -0.02871 -5.90643e+00
 40 -0.02419 -1.09284e+00 | 41  0.04530  2.25459e+01 | 42  0.02485  2.00159e+01
 43  0.02495  2.34209e+01 | 44 -0.02964  7.72357e+00 | 45  0.02013  2.29711e+01
 46  0.03585  1.31182e+01 | 47 -0.04134 -1.68566e+01 | 48  0.01567 -5.76597e+00
 49  0.01735  8.99742e-01 | 50 -0.01961 -2.54057e+00 | 51 -0.01584 -7.35934e+00
 52 -0.01927 -2.82772e+01 | 53 -0.04060 -3.68451e+01 | 54  0.04284 -5.74054e+01
 55  0.00335 -5.69163e+01 | 56 -0.02386 -5.39661e+01 | 57 -0.03061 -3.65131e+01
 58  0.02675 -1.38838e+01 | 59 -0.01093 -2.46710e+01 | 60 -0.04517 -2.43596e+01
 61  0.00532  7.81324e+00 | 62 -0.01566  1.27622e+01 | 63  0.01988  3.23919e+01
 64 -0.00240  3.78985e+01 | 65  0.03323  7.60239e+01 | 66  0.03738  7.26690e+01
 67  0.00147  4.55888e+01 | 68 -0.01832  5.75663e+01 | 69  0.03491  1.13173e+02
 70 -0.00460  4.07982e+01 | 71  0.02881  2.00210e+01 | 72  0.01117  6.97560e+00
 73 -0.00682  2.21481e+00 | 74  0.01205  6.84554e+00 | 75 -0.03782 -5.45573e+00
Function minimizer not making progress ... is minimum attained?
Minimprove criterion = 0.0000e+00

 - final statistics:
75 variables; iteration 2; function evaluation 34
Function value nan; maximum gradient component mag 1.1317e+02
Exit code = 1;  converg criter 1.0000e+01
Var    Value     Gradient |Var    Value     Gradient |Var    Value     Gradient
  1  0.90682 -2.53228e-03 |  2 -0.02152 -5.51826e+00 |  3  0.02690  1.02767e+01
  4 -0.02027 -1.25114e+00 |  5  0.02918  1.08595e+01 |  6  0.04846  1.55313e+01
  7  0.01062  6.31859e+00 |  8  0.04343  1.42688e+01 |  9  0.03674  1.25938e+01
 10  0.03886  1.30248e+01 | 11 -0.03513 -5.05672e+00 | 12  0.04742  1.48254e+01
 13  0.00181  3.70622e+00 | 14  0.00786  5.01059e+00 | 15  0.00207  3.44619e+00
 16 -0.02528 -3.36115e+00 | 17 -0.01142 -4.01103e-01 | 18 -0.02756 -4.55832e+00
 19  0.00635  2.86980e+00 | 20 -0.03218 -6.41962e+00 | 21  0.05501  1.18535e+01
 22  0.04330  8.42468e+00 | 23 -0.03485 -8.70728e+00 | 24 -0.03353 -9.08886e+00
 25 -0.04000 -1.10635e+01 | 26  0.01807 -5.50443e-01 | 27  0.01171 -2.22550e+00
 28  0.07041  7.14322e+00 | 29 -0.01010 -4.51319e+00 | 30  0.05485  1.50037e+01
 31  0.06168  2.98421e+01 | 32  0.00134  2.00534e+01 | 33 -0.00092  2.86401e+01
 34 -0.04470  2.16905e+01 | 35 -0.04217  1.86242e+01 | 36  0.01701 -7.55011e+01
 37 -0.01319 -6.47956e+01 | 38 -0.00761 -3.37881e+00 | 39 -0.02871 -5.90643e+00
 40 -0.02419 -1.09284e+00 | 41  0.04530  2.25459e+01 | 42  0.02485  2.00159e+01
 43  0.02495  2.34209e+01 | 44 -0.02964  7.72357e+00 | 45  0.02013  2.29711e+01
 46  0.03585  1.31182e+01 | 47 -0.04134 -1.68566e+01 | 48  0.01567 -5.76597e+00
 49  0.01735  8.99742e-01 | 50 -0.01961 -2.54057e+00 | 51 -0.01584 -7.35934e+00
 52 -0.01927 -2.82772e+01 | 53 -0.04060 -3.68451e+01 | 54  0.04284 -5.74054e+01
 55  0.00335 -5.69163e+01 | 56 -0.02386 -5.39661e+01 | 57 -0.03061 -3.65131e+01
 58  0.02675 -1.38838e+01 | 59 -0.01093 -2.46710e+01 | 60 -0.04517 -2.43596e+01
 61  0.00532  7.81324e+00 | 62 -0.01566  1.27622e+01 | 63  0.01988  3.23919e+01
 64 -0.00240  3.78985e+01 | 65  0.03323  7.60239e+01 | 66  0.03738  7.26690e+01
 67  0.00147  4.55888e+01 | 68 -0.01832  5.75663e+01 | 69  0.03491  1.13173e+02
 70 -0.00460  4.07982e+01 | 71  0.02881  2.00210e+01 | 72  0.01117  6.97560e+00
 73 -0.00682  2.21481e+00 | 74  0.01205  6.84554e+00 | 75 -0.03782 -5.45573e+00

Initial statistics: 92 variables; iteration 0; function evaluation 0; phase 3
Function value -5.6206957e+00; maximum gradient component mag -3.1797e+02
Var    Value     Gradient |Var    Value     Gradient |Var    Value     Gradient
  1  0.90682 -2.53228e-03 |  2  0.01183  2.60317e+00 |  3 -0.02152 -5.51826e+00
  4  0.02690  1.02767e+01 |  5 -0.02027 -1.25114e+00 |  6  0.02918  1.08595e+01
  7  0.04846  1.55313e+01 |  8  0.01062  6.31859e+00 |  9  0.04343  1.42688e+01
 10  0.03674  1.25938e+01 | 11  0.03886  1.30248e+01 | 12 -0.03513 -5.05672e+00
 13  0.04742  1.48254e+01 | 14  0.00181  3.70622e+00 | 15  0.00786  5.01059e+00
 16  0.00207  3.44619e+00 | 17 -0.02528 -3.36115e+00 | 18 -0.01142 -4.01103e-01
 19 -0.02756 -4.55832e+00 | 20  0.00635  2.86980e+00 | 21 -0.03218 -6.41962e+00
 22  0.05501  1.18535e+01 | 23  0.04330  8.42468e+00 | 24 -0.03485 -8.70728e+00
 25 -0.03353 -9.08886e+00 | 26 -0.04000 -1.10635e+01 | 27  0.01807 -5.50444e-01
 28  0.01171 -2.22550e+00 | 29  0.07041  7.14322e+00 | 30 -0.01010 -4.51319e+00
 31  0.05485  1.50037e+01 | 32  0.06168  2.98421e+01 | 33  0.00134  2.00534e+01
 34 -0.00092  2.86402e+01 | 35 -0.04470  2.16906e+01 | 36 -0.04217  1.86241e+01
 37  0.01701 -7.55012e+01 | 38 -0.01319 -6.47956e+01 | 39 -0.00761 -3.37880e+00
 40 -0.02871 -5.90643e+00 | 41 -0.02419 -1.09284e+00 | 42  0.04530  2.25459e+01
 43  0.02485  2.00159e+01 | 44  0.02495  2.34209e+01 | 45 -0.02964  7.72357e+00
 46  0.02013  2.29711e+01 | 47  0.03585  1.31182e+01 | 48 -0.04134 -1.68566e+01
 49  0.01567 -5.76594e+00 | 50  0.01735  8.99770e-01 | 51 -0.01961 -2.54056e+00
 52 -0.01584 -7.35935e+00 | 53 -0.01927 -2.82772e+01 | 54 -0.04060 -3.68451e+01
 55  0.04284 -5.74054e+01 | 56  0.00335 -5.69163e+01 | 57 -0.02386 -5.39661e+01
 58 -0.03061 -3.65131e+01 | 59  0.02675 -1.38838e+01 | 60 -0.01093 -2.46710e+01
 61 -0.04517 -2.43596e+01 | 62  0.00532  7.81323e+00 | 63 -0.01566  1.27622e+01
 64  0.01988  3.23919e+01 | 65 -0.00240  3.78985e+01 | 66  0.03323  7.60239e+01
 67  0.03738  7.26690e+01 | 68  0.00147  4.55889e+01 | 69 -0.01832  5.75663e+01
 70  0.03491  1.13173e+02 | 71 -0.00460  4.07982e+01 | 72  0.02881  2.00210e+01
 73  0.01117  6.97560e+00 | 74 -0.00682  2.21481e+00 | 75  0.01205  6.84554e+00
 76 -0.03782 -5.45573e+00 | 77 -0.26316  2.80487e+02 | 78 -0.99265 -2.47333e-01
 79 -0.02988 -3.17970e+02 | 80  0.27063 -2.66579e+00 | 81 -0.15044  4.95745e+01
 82 -0.31422  1.68460e-01 | 83  0.05004 -4.10291e+01 | 84  0.89612  2.07125e+00
 85 -0.23506  8.95312e+00 | 86 -0.16692  2.68045e+01 | 87  0.02832  3.17172e+01
 88  0.39890  6.56414e+00 | 89 -0.25994 -1.35929e-03 | 90 -0.03688 -1.82167e-04
 91  0.11864  5.94221e-04 | 92  0.89612  1.90685e-02 |

Intermediate statistics: 92 variables; iteration 20; function evaluation 29; phase 3
Function value -4.7594117e+01; maximum gradient component mag 2.0220e+02
Var    Value     Gradient |Var    Value     Gradient |Var    Value     Gradient
  1  0.90710 -1.61380e-04 |  2 -0.00494 -1.22062e+00 |  3  0.01036  2.50956e+00
  4 -0.03457 -4.65502e+00 |  5 -0.01303  5.97835e-01 |  6 -0.03514 -4.86045e+00
  7 -0.04377 -7.00316e+00 |  8 -0.02621 -2.75684e+00 |  9 -0.04087 -6.36858e+00
 10 -0.03749 -5.58261e+00 | 11 -0.03816 -5.77629e+00 | 12 -0.00453  2.36809e+00
 13 -0.04143 -6.61966e+00 | 14 -0.02019 -1.51690e+00 | 15 -0.02226 -2.07867e+00
 16 -0.01904 -1.36042e+00 | 17 -0.00564  1.72499e+00 | 18 -0.00985  5.09289e-01
 19 -0.00056  2.45141e+00 | 20 -0.01293 -7.44488e-01 | 21  0.00756  3.55329e+00
 22 -0.02742 -4.89027e+00 | 23 -0.01612 -2.85516e+00 | 24  0.02315  4.95596e+00
 25  0.02784  5.26918e+00 | 26  0.03402  6.22839e+00 | 27  0.01668  3.21026e+00
 28  0.01920  4.99734e+00 | 29  0.01073  4.78075e+00 | 30  0.03120  1.09075e+01
 31 -0.01223  3.81713e-01 | 32 -0.05412 -1.07008e+01 | 33 -0.03313 -6.41198e+00
 34 -0.00898  5.47402e+00 | 35 -0.03158  1.49382e+01 | 36 -0.05647 -2.07586e+00
 37 -0.13134 -5.79289e+01 | 38  0.07259 -1.22026e+01 | 39 -0.05518 -4.42952e+00
 40 -0.03891  4.87850e-02 | 41 -0.03586  2.52916e-01 | 42 -0.05679 -6.13764e+00
 43 -0.04775 -3.97646e+00 | 44 -0.04761 -2.96883e+00 | 45 -0.04887 -1.55502e+00
 46 -0.06885 -9.88212e+00 | 47 -0.08281 -2.18111e+01 | 48  0.06296 -2.64935e+01
 49 -0.12603 -3.83472e+01 | 50 -0.02142 -2.47405e+01 | 51 -0.02385 -9.15503e+00
 52 -0.06487 -6.77123e+00 | 53 -0.02312 -7.61932e+00 | 54  0.00237 -1.77841e+01
 55 -0.07455 -3.43994e+01 | 56 -0.01835 -2.38020e+01 | 57  0.02998  1.01160e+00
 58 -0.00358  2.65878e+00 | 59 -0.09959 -1.57007e+01 | 60 -0.00082  1.89966e+01
 61  0.04672  5.13610e+01 | 62 -0.06107  1.11983e+01 | 63 -0.02912  1.46097e+01
 64 -0.01856  7.28467e+00 | 65 -0.05264  4.72088e+00 | 66 -0.04120  1.95786e+01
 67 -0.03502  1.15879e+01 | 68  0.02673  5.89471e+00 | 69 -0.06100  1.96394e+00
 70 -0.05368  2.60962e+01 | 71 -0.07108  9.41148e+00 | 72 -0.07202 -6.57148e+00
 73 -0.03148 -3.31803e+00 | 74 -0.02167 -1.13982e+00 | 75 -0.03010 -3.21509e+00
 76 -0.00778  2.29083e+00 | 77 -0.31257  2.02203e+02 | 78 -0.95458 -4.38362e-02
 79 -0.06282 -1.35703e+02 | 80  0.40840  1.14458e+01 | 81 -0.31106 -5.94819e+01
 82 -0.34214 -5.60456e-02 | 83 -0.06470  4.23340e+01 | 84  0.49158 -1.00791e+01
 85  0.13297 -8.57729e+00 | 86 -0.84290 -1.24681e-02 | 87  0.14157  1.20283e+00
 88 -0.33900 -1.85132e-03 | 89 -0.25965 -1.35574e-03 | 90 -0.03684 -1.81980e-04
 91  0.11851  5.91890e-04 | 92  0.89213  1.83523e-02 |
92 variables; iteration 40; function evaluation 59; phase 3
Function value -6.1413907e+01; maximum gradient component mag 2.5611e+03
Var    Value     Gradient |Var    Value     Gradient |Var    Value     Gradient
  1  0.90883 -1.04792e-03 |  2 -0.00020 -1.23304e-01 |  3  0.00178  3.44493e-01
  4 -0.01798 -6.08162e-01 |  5 -0.01507  8.55738e-02 |  6 -0.01800 -6.56001e-01
  7 -0.01913 -9.61569e-01 |  8 -0.01660 -3.73989e-01 |  9 -0.01848 -8.72485e-01
 10 -0.01783 -7.54038e-01 | 11 -0.01771 -7.65769e-01 | 12 -0.01288  3.63234e-01
 13 -0.01760 -8.40954e-01 | 14 -0.01447 -1.51775e-01 | 15 -0.01444 -2.34169e-01
 16 -0.01377 -1.58996e-01 | 17 -0.01161  1.91343e-01 | 18 -0.01156 -6.60807e-02
 19 -0.00972  6.18974e-02 | 20 -0.01010 -4.03160e-01 | 21 -0.00637 -2.77660e-02
 22 -0.00661 -6.84859e-01 | 23 -0.00264 -5.10515e-01 | 24  0.00610  5.53521e-01
 25  0.01185  9.57948e-01 | 26  0.01351  7.68989e-01 | 27  0.01706  1.48970e+00
 28  0.00863  5.86043e-01 | 29  0.00479  1.09702e+00 | 30  0.00350  2.20267e+00
 31  0.01204  5.09966e+00 | 32 -0.00844  2.73395e-01 | 33 -0.00640  4.48657e-01
 34 -0.00810  3.31585e+00 | 35 -0.04127  1.44696e+00 | 36 -0.06437 -4.44577e+00
 37  0.06036 -8.05348e+00 | 38  0.03270  5.48124e+00 | 39 -0.04032  5.55567e-01
 40 -0.03335  1.18497e+00 | 41 -0.03422 -5.18064e-02 | 42 -0.04485 -3.77621e+00
 43 -0.04730 -4.84653e+00 | 44 -0.05409 -5.79262e+00 | 45 -0.05460 -4.36938e+00
 46 -0.05300 -6.15049e+00 | 47 -0.03076 -1.09009e+01 | 48  0.03468 -2.03527e+01
 49 -0.04325 -2.83162e+01 | 50 -0.02302 -2.62419e+01 | 51 -0.05082 -1.83375e+01
 52 -0.04224 -2.66593e+00 | 53 -0.00064  4.34795e+00 | 54 -0.04129 -7.22000e+00
 55 -0.01489  2.00263e+00 | 56  0.04377  2.45305e+01 | 57  0.00484  1.01543e+01
 58 -0.01157  5.42450e+00 | 59 -0.06133 -3.47183e+00 | 60  0.01263  1.88012e+01
 61  0.02026  2.34271e+01 | 62 -0.04382  9.82763e+00 | 63 -0.02340  1.48392e+01
 64 -0.02736  6.72451e+00 | 65 -0.01495  1.35429e+01 | 66 -0.05086  2.30095e+00
 67 -0.01429 -1.52329e+00 | 68  0.01461 -1.47475e+01 | 69 -0.06696 -1.05730e+01
 70 -0.05920  9.80644e+00 | 71 -0.06497  4.87780e+00 | 72 -0.07616 -8.04276e+00
 73 -0.02350 -1.01431e+00 | 74 -0.01811 -3.37994e-01 | 75 -0.01929 -6.21655e-01
 76 -0.01631  1.34830e-01 | 77 -0.30753  6.18949e+01 | 78 -0.82903 -1.13723e-02
 79 -0.02804 -3.55787e+01 | 80  0.41781  5.31540e+00 | 81 -0.30358 -3.01696e+01
 82 -0.44505 -2.88903e-03 | 83 -0.01288  2.90937e+01 | 84  0.65442 -5.66356e+00
 85  0.12195  2.56106e+03 | 86 -0.75264  9.57173e-03 | 87  0.14024  8.31477e+00
 88 -0.37393  9.98361e-01 | 89 -0.25752 -1.34298e-03 | 90 -0.03655 -1.80564e-04
 91  0.11758  5.86413e-04 | 92  0.86499  1.45853e-02 |
92 variables; iteration 60; function evaluation 92; phase 3
Function value -6.5855449e+01; maximum gradient component mag 4.1565e+02
Var    Value     Gradient |Var    Value     Gradient |Var    Value     Gradient
  1  0.91602 -7.70623e-04 |  2 -0.00000 -7.67249e-02 |  3 -0.00090 -3.18740e-01
  4 -0.01621 -1.79189e-01 |  5 -0.01736 -4.86794e-01 |  6 -0.01686 -3.92021e-01
  7 -0.01665 -3.71922e-01 |  8 -0.01810 -7.61965e-01 |  9 -0.01739 -6.29649e-01
 10 -0.01793 -8.03066e-01 | 11 -0.01779 -8.10279e-01 | 12 -0.02007 -1.41093e+00
 13 -0.01591 -4.52352e-01 | 14 -0.01668 -7.10871e-01 | 15 -0.01446 -2.71011e-01
 16 -0.01236  1.46389e-01 | 17 -0.01118  2.48175e-01 | 18 -0.00789  7.47592e-01
 19 -0.00732  5.67958e-01 | 20 -0.00345  1.06452e+00 | 21 -0.00300  6.53695e-01
 22 -0.00770 -1.03159e+00 | 23 -0.01230 -2.74231e+00 | 24  0.01428  2.00633e+00
 25  0.01367  1.03154e+00 | 26  0.02531  2.66417e+00 | 27  0.01522  7.95002e-01
 28  0.01927  2.52326e+00 | 29  0.00390  1.09458e+00 | 30 -0.01440 -1.26243e+00
 31 -0.01716 -8.12523e-01 | 32 -0.02082 -1.53457e+00 | 33 -0.00025  3.41809e+00
 34 -0.01735  1.87885e+00 | 35 -0.03803  9.67284e-01 | 36 -0.04144 -1.74438e+00
 37  0.08652 -2.61838e+00 | 38  0.00225  3.09849e+00 | 39 -0.04603 -7.67694e-01
 40 -0.03911  3.22964e-01 | 41 -0.03256  1.67178e+00 | 42 -0.03768 -2.91049e-01
 43 -0.04043 -1.18003e+00 | 44 -0.04469 -1.15238e+00 | 45 -0.05378 -2.01626e+00
 46 -0.04896 -1.69481e+00 | 47 -0.02416 -2.02270e+00 | 48  0.00958 -3.60033e+00
 49  0.00830 -1.24391e+00 | 50 -0.01449 -1.72029e-01 | 51 -0.03556  6.34348e-01
 52 -0.04567  2.54376e+00 | 53 -0.02703  2.20327e+00 | 54 -0.00746  1.83636e+00
 55 -0.00553 -8.48318e-01 | 56  0.01525  1.66874e+00 | 57  0.01302  2.44062e+00
 58 -0.00675  2.91350e+00 | 59 -0.03809 -1.41474e+00 | 60 -0.01588 -2.18553e+00
 61  0.00857 -4.59593e-01 | 62 -0.04389 -3.02268e+00 | 63 -0.03801 -3.11891e-01
 64 -0.01164  1.09343e+00 | 65 -0.02055  8.53230e-01 | 66 -0.04322 -1.52481e+00
 67 -0.01433  5.69156e-01 | 68  0.01686 -1.22014e+00 | 69 -0.04469  2.80922e-02
 70 -0.09082 -3.25710e+00 | 71 -0.07874 -2.01920e+00 | 72 -0.03648  2.30449e+00
 73 -0.01265  1.28696e+00 | 74 -0.01595  2.15561e-01 | 75 -0.01583  2.44207e-01
 76 -0.01579  2.68765e-01 | 77 -0.33120  1.59038e+01 | 78 -0.68248 -5.28927e-03
 79 -0.02294  1.66678e+01 | 80  0.47772  9.90078e+00 | 81 -0.32735 -5.95494e+00
 82 -0.67378 -5.45310e-03 | 83 -0.07997  6.81971e+00 | 84  0.80899 -2.00988e-01
 85  0.12193  4.15654e+02 | 86 -0.94281 -3.45822e-02 | 87  0.12318  3.18191e-01
 88 -0.48438  1.75531e-01 | 89 -0.24857 -1.28912e-03 | 90 -0.03534 -1.74577e-04
 91  0.11368  5.64855e-04 | 92  0.77989  8.72052e-03 |
92 variables; iteration 80; function evaluation 126; phase 3
Function value -6.7071091e+01; maximum gradient component mag 8.8285e+01
Var    Value     Gradient |Var    Value     Gradient |Var    Value     Gradient
  1  0.93203 -6.47341e-04 |  2 -0.00126 -3.93999e-01 |  3  0.00185  3.59659e-01
  4 -0.01562 -2.45392e-02 |  5 -0.01229  7.74919e-01 |  6 -0.01336  4.91341e-01
  7 -0.01359  4.09540e-01 |  8 -0.01183  8.08031e-01 |  9 -0.01304  4.72372e-01
 10 -0.01315  4.03833e-01 | 11 -0.01366  2.32392e-01 | 12 -0.01289  3.67292e-01
 13 -0.01469 -1.30700e-01 | 14 -0.01456 -1.76712e-01 | 15 -0.01452 -2.64266e-01
 16 -0.01433 -3.09507e-01 | 17 -0.01402 -4.20708e-01 | 18 -0.01277 -4.18287e-01
 19 -0.01145 -4.40085e-01 | 20 -0.00332  1.01610e+00 | 21 -0.00976 -9.87932e-01
 22 -0.00453 -4.87974e-01 | 23  0.00390  5.24897e-01 | 24  0.00134 -9.00659e-01
 25  0.00910 -1.99550e-01 | 26  0.00887 -8.52510e-01 | 27  0.00986 -6.76132e-01
 28  0.00447 -8.36773e-01 | 29 -0.00360 -7.98942e-01 | 30 -0.01234 -8.63543e-01
 31 -0.00881  1.24990e+00 | 32 -0.01505 -1.93602e-01 | 33 -0.01582 -5.98759e-01
 34 -0.03223 -1.90216e+00 | 35 -0.04445 -1.19423e+00 | 36 -0.01996  3.35887e-01
 37  0.08920 -3.42875e-01 | 38 -0.01569 -2.54717e-01 | 39 -0.03846  1.83754e-01
 40 -0.04397 -1.06397e+00 | 41 -0.04346 -1.38847e+00 | 42 -0.03518  6.84372e-01
 43 -0.03992 -5.88169e-01 | 44 -0.04369 -3.38733e-01 | 45 -0.04422  1.24886e+00
 46 -0.04710 -4.55312e-01 | 47 -0.02453 -4.26397e-01 | 48  0.02293  2.42574e+00
 49  0.00915  6.43491e-01 | 50 -0.01534  6.75882e-01 | 51 -0.03235 -4.97054e-02
 52 -0.04728 -4.86472e-01 | 53 -0.03371 -2.07089e+00 | 54 -0.00685 -8.14678e-01
 55  0.00460  8.76587e-01 | 56  0.01835  7.69281e-01 | 57  0.01002 -1.22515e-01
 58 -0.01411 -5.73232e-01 | 59 -0.02787  1.19785e+00 | 60 -0.01081  2.35923e+00
 61  0.00467  1.61923e+00 | 62 -0.03131  4.11385e-01 | 63 -0.03696  4.01027e-02
 64 -0.01605 -9.44014e-01 | 65 -0.01929 -4.66129e-01 | 66 -0.03479 -7.49659e-01
 67 -0.01721 -9.86834e-02 | 68  0.01801  1.02273e+00 | 69 -0.04421 -2.91216e-02
 70 -0.08095  9.21696e-01 | 71 -0.07545  7.36317e-01 | 72 -0.04466  4.08907e-01
 73 -0.02287 -1.41355e+00 | 74 -0.01709 -8.59160e-02 | 75 -0.01796 -3.01011e-01
 76 -0.01587  2.27824e-01 | 77 -0.38089  1.01843e+01 | 78 -0.54231  1.98068e-03
 79 -0.08163  5.61137e+00 | 80  0.58153  1.64890e+00 | 81 -0.34900  1.24626e+00
 82 -0.69663 -5.99787e-03 | 83 -0.12535 -3.33298e+00 | 84  0.86095  1.14849e-01
 85  0.12193  8.82853e+01 | 86 -1.02480  7.98904e-02 | 87  0.12224 -6.65482e-01
 88 -0.47022  4.32538e-02 | 89 -0.22439 -1.15073e-03 | 90 -0.03206 -1.58329e-04
 91  0.10307  5.09820e-04 | 92  0.61890  4.60548e-03 |
92 variables; iteration 100; function evaluation 162; phase 3
Function value -6.7287821e+01; maximum gradient component mag 1.9514e+01
Var    Value     Gradient |Var    Value     Gradient |Var    Value     Gradient
  1  0.94575 -5.12392e-04 |  2  0.00026 -2.40239e-02 |  3  0.00043  1.09072e-03
  4 -0.01564 -4.18745e-02 |  5 -0.01519  5.03878e-02 |  6 -0.01532 -4.75529e-03
  7 -0.01527 -1.76259e-02 |  8 -0.01511 -1.24797e-02 |  9 -0.01483  1.87562e-02
 10 -0.01466  1.83180e-02 | 11 -0.01453  2.88098e-03 | 12 -0.01398  8.81952e-02
 13 -0.01397  2.90125e-02 | 14 -0.01343  8.38329e-02 | 15 -0.01371 -7.88705e-02
 16 -0.01296  1.15780e-02 | 17 -0.01195  6.77780e-02 | 18 -0.01136 -8.36260e-02
 19 -0.00998 -8.82073e-02 | 20 -0.00778  8.11656e-03 | 21 -0.00549 -2.74909e-03
 22 -0.00254 -1.88340e-02 | 23  0.00136  3.05766e-02 | 24  0.00534 -2.42700e-02
 25  0.00984  2.02321e-02 | 26  0.01292  1.19901e-02 | 27  0.01291  1.34233e-02
 28  0.00827  3.19601e-02 | 29 -0.00000  6.83769e-02 | 30 -0.00912 -6.09578e-02
 31 -0.01446 -8.59185e-02 | 32 -0.01517 -9.17494e-02 | 33 -0.01519  1.36556e-02
 34 -0.02782 -6.00946e-02 | 35 -0.04067 -8.27867e-02 | 36 -0.01435 -7.25917e-02
 37  0.09186  1.37741e-01 | 38 -0.02036  1.60924e-01 | 39 -0.03821  7.95949e-03
 40 -0.04044 -6.11154e-02 | 41 -0.03879 -8.67510e-02 | 42 -0.03738 -2.50676e-02
 43 -0.03760 -5.10171e-02 | 44 -0.04198 -7.56731e-02 | 45 -0.04701 -5.38372e-02
 46 -0.04436 -1.10963e-01 | 47 -0.02135 -1.88516e-01 | 48  0.01450 -2.52334e-01
 49  0.01214 -2.54341e-01 | 50 -0.01837 -4.32469e-01 | 51 -0.03410 -2.37502e-01
 52 -0.04921 -4.95922e-02 | 53 -0.03224  1.74410e-01 | 54 -0.00488  5.51837e-01
 55  0.00038  2.11934e-01 | 56  0.01708  3.09010e-01 | 57  0.00933  1.14520e-01
 58 -0.01172  9.51759e-02 | 59 -0.02897  1.99544e-01 | 60 -0.01647  1.82903e-01
 61  0.00251 -1.50807e-01 | 62 -0.02954 -6.83254e-03 | 63 -0.03902 -1.40255e-01
 64 -0.01713 -2.54155e-02 | 65 -0.01953  3.48960e-01 | 66 -0.03223  1.98517e-01
 67 -0.01740  1.86125e-02 | 68  0.01254 -8.89420e-03 | 69 -0.04138 -2.05308e-02
 70 -0.08225  1.18065e-01 | 71 -0.07823 -7.20792e-03 | 72 -0.04721 -5.50948e-02
 73 -0.01746 -2.10542e-02 | 74 -0.01681 -6.49152e-03 | 75 -0.01669  2.49116e-02
 76 -0.01716 -7.78893e-02 | 77 -0.39572  8.82141e-01 | 78 -0.54997  3.89601e-04
 79 -0.10116  4.10197e-01 | 80  0.60790  5.99268e-01 | 81 -0.34214 -2.81895e-01
 82 -0.59092 -3.78352e-03 | 83 -0.10369  3.41750e-01 | 84  0.86473  3.23543e-02
 85  0.12193  1.95144e+01 | 86 -0.96395 -5.51784e-02 | 87  0.12194 -5.49490e-01
 88 -0.47638  1.15354e-02 | 89 -0.19942 -1.01176e-03 | 90 -0.02862 -1.41289e-04
 91  0.09198  4.52724e-04 | 92  0.51791  3.32351e-03 |
92 variables; iteration 120; function evaluation 201; phase 3
Function value -6.7553442e+01; maximum gradient component mag -8.2783e+01
Var    Value     Gradient |Var    Value     Gradient |Var    Value     Gradient
  1  1.01505  1.44606e-04 |  2 -0.00067 -2.50201e-01 |  3  0.00030 -2.66440e-02
  4 -0.01444  2.56241e-01 |  5 -0.01476  1.59898e-01 |  6 -0.01537 -1.45632e-02
  7 -0.01586 -1.59816e-01 |  8 -0.01579 -1.75921e-01 |  9 -0.01586 -2.30620e-01
 10 -0.01596 -2.96392e-01 | 11 -0.01386  1.72444e-01 | 12 -0.01390  1.12022e-01
 13 -0.01502 -2.19561e-01 | 14 -0.01416 -8.41321e-02 | 15 -0.01349 -1.28420e-02
 16 -0.01279  6.63116e-02 | 17 -0.01202  6.82534e-02 | 18 -0.01179 -1.63813e-01
 19 -0.00961  2.00666e-02 | 20 -0.00810 -3.99547e-02 | 21 -0.00557  1.06551e-02
 22 -0.00295 -7.00704e-02 | 23  0.00102  6.97242e-03 | 24  0.00532  3.22096e-02
 25  0.00905 -5.65422e-02 | 26  0.01199 -6.72775e-02 | 27  0.01188 -6.23267e-02
 28  0.00688 -1.13784e-01 | 29 -0.00134 -8.95261e-02 | 30 -0.00899  9.93224e-02
 31 -0.01425  9.08026e-02 | 32 -0.01501 -7.71392e-02 | 33 -0.01207 -8.62566e-02
 34 -0.01632  8.06573e-02 | 35 -0.02487  4.16830e-01 | 36 -0.01276  2.16018e-01
 37  0.06243 -3.32476e-01 | 38 -0.01798 -6.81041e-01 | 39 -0.03715 -5.29832e-02
 40 -0.03970  2.43915e-02 | 41 -0.03823 -1.82277e-02 | 42 -0.03750 -1.01581e-01
 43 -0.03734 -6.21348e-02 | 44 -0.04181 -7.25248e-02 | 45 -0.04835  1.10595e-01
 46 -0.04877  8.50253e-02 | 47 -0.02739  6.77314e-02 | 48  0.01296  4.23505e-01
 49  0.01176  1.83695e-01 | 50 -0.01339  6.39495e-01 | 51 -0.02705  5.86572e-01
 52 -0.05105  1.31377e-02 | 53 -0.03064  1.94736e-01 | 54 -0.01088 -2.39106e-01
 55 -0.00244 -8.80155e-02 | 56  0.01365 -3.66393e-01 | 57  0.01345 -1.07039e-01
 58 -0.00462 -1.74199e-01 | 59 -0.03284 -3.51163e-01 | 60 -0.02037 -4.07197e-01
 61  0.00774 -5.07510e-01 | 62 -0.03204  1.73416e-01 | 63 -0.04225  2.86748e-01
 64 -0.01605  1.93995e-01 | 65 -0.01836 -2.31605e-01 | 66 -0.03457  6.04836e-02
 67 -0.02648 -3.01614e-01 | 68  0.02127 -1.90749e-01 | 69 -0.03612 -4.65246e-02
 70 -0.08434 -1.65280e-01 | 71 -0.07968 -1.18538e-01 | 72 -0.04736 -2.59595e-02
 73 -0.01769 -1.01400e-01 | 74 -0.01713 -7.99848e-02 | 75 -0.01636  1.09828e-01
 76 -0.01711 -6.59227e-02 | 77 -0.38881  4.24269e+00 | 78 -0.56927 -4.70960e-04
 79 -0.10313 -2.67444e+00 | 80  0.51364  4.00772e-01 | 81 -0.34892  5.83999e-01
 82 -0.42489  9.31352e-03 | 83 -0.11354 -2.07381e-01 | 84  0.82156  3.17469e-01
 85  0.12195 -8.27832e+01 | 86 -0.85619 -1.37996e-02 | 87  0.12279  2.37505e-01
 88 -0.53788 -2.32372e-02 | 89 -0.06461 -3.11318e-04 | 90 -0.00982 -4.84689e-05
 91  0.03175  1.48021e-04 | 92  0.04858  2.40193e-04 |
92 variables; iteration 140; function evaluation 221; phase 3
Function value -6.7563802e+01; maximum gradient component mag 4.5486e+00
Var    Value     Gradient |Var    Value     Gradient |Var    Value     Gradient
  1  0.98453 -1.52455e-04 |  2  0.00036  1.15335e-03 |  3  0.00043  2.17596e-03
  4 -0.01549 -2.47903e-03 |  5 -0.01541 -1.63796e-03 |  6 -0.01532 -2.88598e-03
  7 -0.01521 -2.87698e-03 |  8 -0.01508 -3.10661e-03 |  9 -0.01492 -5.61857e-04
 10 -0.01475 -1.25785e-03 | 11 -0.01458 -6.53352e-03 | 12 -0.01436 -4.16361e-04
 13 -0.01412 -1.40654e-03 | 14 -0.01382 -3.09296e-03 | 15 -0.01343  3.39838e-04
 16 -0.01306 -4.52526e-04 | 17 -0.01229  9.31619e-04 | 18 -0.01107  2.98783e-03
 19 -0.00968  2.01730e-03 | 20 -0.00792 -1.53692e-03 | 21 -0.00562 -1.13428e-03
 22 -0.00263  3.06848e-05 | 23  0.00096 -2.83253e-03 | 24  0.00514  1.08323e-03
 25  0.00931  9.90996e-04 | 26  0.01232  1.97613e-03 | 27  0.01220  1.34887e-03
 28  0.00751  6.98459e-04 | 29 -0.00077 -2.07119e-03 | 30 -0.00911  1.30104e-03
 31 -0.01417  2.08211e-04 | 32 -0.01405 -6.09644e-04 | 33 -0.01082 -2.81805e-03
 34 -0.01563 -1.30994e-03 | 35 -0.02559  6.57318e-06 | 36 -0.01308  1.12135e-04
 37  0.06175 -1.57957e-03 | 38 -0.01761  5.74838e-03 | 39 -0.03709  2.41095e-04
 40 -0.03965  3.82921e-03 | 41 -0.03801  3.86724e-03 | 42 -0.03700 -2.18290e-03
 43 -0.03692 -2.36510e-03 | 44 -0.04127 -2.94754e-03 | 45 -0.04835 -5.55691e-03
 46 -0.04868 -4.36426e-03 | 47 -0.02729 -1.12810e-02 | 48  0.01165 -3.44414e-02
 49  0.01237 -2.72744e-02 | 50 -0.01446 -2.36849e-02 | 51 -0.02760 -1.80717e-02
 52 -0.05012 -7.59692e-03 | 53 -0.03096 -2.61394e-03 | 54 -0.01012 -1.89523e-03
 55 -0.00345 -6.91537e-03 | 56  0.01394 -1.74605e-03 | 57  0.01321  1.68282e-03
 58 -0.00424  7.12415e-03 | 59 -0.03206 -2.38332e-03 | 60 -0.01973 -1.10531e-02
 61  0.00928 -2.72910e-02 | 62 -0.03242  1.31666e-02 | 63 -0.04278  2.43087e-02
 64 -0.01684  2.69789e-02 | 65 -0.01866  8.90120e-03 | 66 -0.03589  2.23005e-02
 67 -0.02589  2.47715e-02 | 68  0.02271  2.39820e-02 | 69 -0.03598  9.74497e-03
 70 -0.08432  4.03086e-04 | 71 -0.07984  1.79842e-03 | 72 -0.04750 -3.37147e-03
 73 -0.01729 -1.73012e-04 | 74 -0.01681 -2.22283e-03 | 75 -0.01681 -3.54351e-03
 76 -0.01684 -8.53061e-04 | 77 -0.38880 -1.62094e-02 | 78 -0.57251 -8.07780e-04
 79 -0.10145  7.59563e-03 | 80  0.51307 -3.05085e-03 | 81 -0.34769 -7.26607e-02
 82 -0.58953 -3.57008e-03 | 83 -0.11293  3.16176e-02 | 84  0.79719  4.68985e-04
 85  0.12196  4.54856e+00 | 86 -0.78865 -9.03746e-03 | 87  0.12277  1.22536e-03
 88 -0.56575  1.51920e-04 | 89  0.04241  2.12994e-04 | 90  0.00664  3.27646e-05
 91 -0.01898 -9.69323e-05 | 92 -0.06419 -3.17865e-04 |
92 variables; iteration 160; function evaluation 243; phase 3
Function value -6.7565007e+01; maximum gradient component mag 1.4072e+01
Var    Value     Gradient |Var    Value     Gradient |Var    Value     Gradient
  1  1.02903  2.96825e-04 |  2  0.00034 -2.29301e-03 |  3  0.00042  4.50656e-04
  4 -0.01548  2.40867e-04 |  5 -0.01540  1.61748e-03 |  6 -0.01532 -1.61882e-03
  7 -0.01521 -3.07138e-03 |  8 -0.01508 -1.87544e-03 |  9 -0.01493 -4.10768e-03
 10 -0.01476 -4.26029e-03 | 11 -0.01456 -4.41075e-04 | 12 -0.01435  2.05750e-03
 13 -0.01413 -3.65003e-03 | 14 -0.01382 -1.33554e-03 | 15 -0.01343 -6.21430e-04
 16 -0.01306  9.93549e-05 | 17 -0.01229  8.86200e-04 | 18 -0.01109 -2.54181e-03
 19 -0.00969  6.71329e-04 | 20 -0.00792 -3.00085e-04 | 21 -0.00561  2.07557e-03
 22 -0.00265 -2.61742e-03 | 23  0.00097 -1.26016e-03 | 24  0.00514  2.36572e-03
 25  0.00931  2.37053e-03 | 26  0.01232  2.75374e-03 | 27  0.01220  7.80012e-04
 28  0.00751  1.11009e-03 | 29 -0.00077 -8.54083e-05 | 30 -0.00911  1.68886e-03
 31 -0.01417 -1.90496e-03 | 32 -0.01407 -6.69709e-03 | 33 -0.01082 -3.85467e-03
 34 -0.01564 -4.42924e-03 | 35 -0.02562 -8.27446e-04 | 36 -0.01314 -8.49494e-04
 37  0.06176  3.79110e-03 | 38 -0.01757  3.82720e-03 | 39 -0.03710 -4.03998e-04
 40 -0.03966  7.28395e-04 | 41 -0.03803 -1.08618e-04 | 42 -0.03701 -3.67148e-03
 43 -0.03693 -3.12875e-03 | 44 -0.04128 -3.36845e-03 | 45 -0.04835  3.06447e-05
 46 -0.04870 -3.03661e-03 | 47 -0.02729 -8.31772e-04 | 48  0.01173  9.48517e-03
 49  0.01232 -2.47169e-04 | 50 -0.01446  3.32960e-04 | 51 -0.02758 -1.03977e-04
 52 -0.05012 -8.66990e-04 | 53 -0.03094  4.03224e-03 | 54 -0.01013  1.31974e-03
 55 -0.00344  2.90992e-03 | 56  0.01393 -3.13118e-04 | 57  0.01321 -1.98556e-03
 58 -0.00426  8.25182e-04 | 59 -0.03208 -2.78413e-04 | 60 -0.01969  1.86013e-02
 61  0.00938  2.08772e-02 | 62 -0.03249 -4.08247e-03 | 63 -0.04281 -8.16900e-03
 64 -0.01687 -1.13877e-02 | 65 -0.01865 -8.38905e-03 | 66 -0.03592 -9.19595e-03
 67 -0.02589 -1.11201e-02 | 68  0.02273 -1.52883e-02 | 69 -0.03601 -8.75511e-03
 70 -0.08433 -4.43766e-03 | 71 -0.07984 -4.39111e-03 | 72 -0.04747 -1.45078e-03
 73 -0.01729 -1.06901e-03 | 74 -0.01680 -4.71348e-04 | 75 -0.01680  4.03957e-04
 76 -0.01683  2.85650e-04 | 77 -0.38878 -1.65165e-02 | 78 -0.56020  6.66348e-05
 79 -0.10144  5.85138e-03 | 80  0.51308 -1.93675e-03 | 81 -0.34752 -5.51855e-03
 82 -0.48980  3.97802e-04 | 83 -0.11284  7.71038e-03 | 84  0.79669 -4.14785e-04
 85  0.12197  1.40716e+01 | 86 -0.58532 -2.08488e-03 | 87  0.12276 -2.16007e-02
 88 -0.64138 -1.25709e-03 | 89  0.08527  4.23789e-04 | 90  0.01307  6.44902e-05
 91 -0.04152 -2.06277e-04 | 92 -0.08137 -4.03750e-04 |
92 variables; iteration 180; function evaluation 265; phase 3
Function value -6.7565138e+01; maximum gradient component mag -2.5450e+01
Var    Value     Gradient |Var    Value     Gradient |Var    Value     Gradient
  1  0.96596 -3.50308e-04 |  2  0.00035 -2.09736e-04 |  3  0.00042 -3.24176e-05
  4 -0.01548  4.61168e-04 |  5 -0.01540  2.37058e-04 |  6 -0.01531 -3.41767e-04
  7 -0.01520 -8.20143e-04 |  8 -0.01507 -4.08228e-04 |  9 -0.01492 -8.53504e-04
 10 -0.01474 -7.14515e-04 | 11 -0.01456 -3.66516e-04 | 12 -0.01435 -8.20259e-05
 13 -0.01412 -1.03468e-03 | 14 -0.01381  2.98885e-04 | 15 -0.01343 -2.40019e-04
 16 -0.01306  2.39459e-04 | 17 -0.01229  1.28912e-04 | 18 -0.01108 -3.48434e-04
 19 -0.00969  3.31426e-04 | 20 -0.00792 -1.74023e-04 | 21 -0.00562  1.97435e-04
 22 -0.00263 -3.64709e-04 | 23  0.00097 -4.53415e-04 | 24  0.00514  3.21507e-04
 25  0.00930  1.01395e-05 | 26  0.01231  2.33670e-04 | 27  0.01220 -7.06455e-04
 28  0.00751 -4.90966e-04 | 29 -0.00076 -9.32368e-04 | 30 -0.00911 -3.72739e-04
 31 -0.01417  5.56574e-04 | 32 -0.01404  1.43415e-03 | 33 -0.01081  1.38305e-03
 34 -0.01562  1.05737e-03 | 35 -0.02562  3.16655e-04 | 36 -0.01313 -8.27002e-04
 37  0.06176 -6.60417e-04 | 38 -0.01757  8.47164e-04 | 39 -0.03709 -8.12747e-04
 40 -0.03966 -2.19705e-04 | 41 -0.03803  5.18843e-05 | 42 -0.03699 -7.85032e-04
 43 -0.03692 -8.00471e-04 | 44 -0.04127 -8.48660e-04 | 45 -0.04835 -9.37608e-04
 46 -0.04869 -1.10748e-03 | 47 -0.02728 -1.43075e-03 | 48  0.01170 -3.23445e-03
 49  0.01234 -2.88095e-03 | 50 -0.01446 -4.46211e-03 | 51 -0.02758 -3.37637e-03
 52 -0.05011 -1.04142e-03 | 53 -0.03095 -6.03258e-04 | 54 -0.01012 -7.03982e-04
 55 -0.00344 -1.52239e-03 | 56  0.01394 -7.11081e-04 | 57  0.01321 -1.28261e-03
 58 -0.00426  7.30956e-04 | 59 -0.03206  2.86756e-04 | 60 -0.01971  4.40587e-03
 61  0.00936  4.10996e-03 | 62 -0.03247 -6.78233e-04 | 63 -0.04280 -4.62005e-04
 64 -0.01686 -2.77928e-04 | 65 -0.01865  4.31628e-05 | 66 -0.03592 -1.15009e-03
 67 -0.02589  1.32259e-03 | 68  0.02274  3.28925e-03 | 69 -0.03600  2.73263e-03
 70 -0.08432  4.82498e-03 | 71 -0.07984  2.04458e-04 | 72 -0.04747 -6.77084e-04
 73 -0.01729 -7.73384e-05 | 74 -0.01680 -2.96446e-05 | 75 -0.01680  1.28166e-04
 76 -0.01683  1.11360e-04 | 77 -0.38878  5.18209e-03 | 78 -0.56160 -3.96930e-05
 79 -0.10145 -6.30814e-03 | 80  0.51307  8.08770e-04 | 81 -0.34755 -8.54831e-03
 82 -0.49393  1.05875e-04 | 83 -0.11288  3.61536e-03 | 84  0.79674 -1.00846e-04
 85  0.12196 -2.54500e+01 | 86 -0.51593 -6.42758e-03 | 87  0.12277  7.47716e-03
 88 -0.65241 -6.78719e-03 | 89 -0.00387 -1.31572e-05 | 90 -0.00048 -2.38883e-06
 91  0.00168  2.51007e-06 | 92  0.01088  5.37207e-05 |
92 variables; iteration 200; function evaluation 286; phase 3
Function value -6.7565285e+01; maximum gradient component mag 3.0373e+01
Var    Value     Gradient |Var    Value     Gradient |Var    Value     Gradient
  1  0.98334 -1.64991e-04 |  2  0.00035 -8.89123e-05 |  3  0.00042  5.26811e-04
  4 -0.01549 -1.33051e-03 |  5 -0.01540  9.07287e-05 |  6 -0.01532 -1.77952e-03
  7 -0.01521 -2.76160e-03 |  8 -0.01507 -1.04200e-03 |  9 -0.01493 -3.10375e-03
 10 -0.01475 -2.80833e-03 | 11 -0.01457 -2.81849e-03 | 12 -0.01435  1.01717e-03
 13 -0.01413 -3.36181e-03 | 14 -0.01381 -3.71063e-04 | 15 -0.01343 -7.83498e-04
 16 -0.01306  1.82445e-05 | 17 -0.01229  3.45375e-04 | 18 -0.01109 -2.08989e-03
 19 -0.00968  9.08573e-04 | 20 -0.00792 -8.57085e-04 | 21 -0.00561  1.45074e-03
 22 -0.00265 -2.64907e-03 | 23  0.00096 -1.90911e-03 | 24  0.00514  2.02267e-03
 25  0.00931  2.06595e-03 | 26  0.01231  1.76401e-03 | 27  0.01220  9.46230e-04
 28  0.00750 -5.10975e-04 | 29 -0.00077 -6.96769e-04 | 30 -0.00909  3.57147e-03
 31 -0.01415  1.59834e-03 | 32 -0.01406 -6.94419e-03 | 33 -0.01082 -5.61340e-03
 34 -0.01564 -4.97761e-03 | 35 -0.02561 -6.61564e-05 | 36 -0.01313  5.40784e-04
 37  0.06175 -2.60523e-03 | 38 -0.01761 -2.84978e-03 | 39 -0.03710  8.52963e-04
 40 -0.03965  2.83205e-03 | 41 -0.03803  1.79026e-03 | 42 -0.03700 -1.89018e-03
 43 -0.03692 -1.02515e-03 | 44 -0.04128 -9.73400e-04 | 45 -0.04834  2.82496e-03
 46 -0.04869  1.38495e-03 | 47 -0.02728  2.89935e-03 | 48  0.01173  1.08524e-02
 49  0.01231  1.80961e-03 | 50 -0.01445  8.17373e-03 | 51 -0.02758  2.91845e-03
 52 -0.05012 -4.38920e-04 | 53 -0.03094  4.84224e-03 | 54 -0.01014 -4.18956e-03
 55 -0.00344 -4.44198e-04 | 56  0.01392 -6.60336e-03 | 57  0.01321 -3.87270e-03
 58 -0.00425 -1.61841e-03 | 59 -0.03208 -7.32031e-03 | 60 -0.01970  2.02148e-03
 61  0.00933 -5.12976e-03 | 62 -0.03245  2.51842e-03 | 63 -0.04280  4.87054e-03
 64 -0.01686 -1.77584e-04 | 65 -0.01868 -1.30059e-02 | 66 -0.03590  1.96960e-03
 67 -0.02589 -5.24453e-03 | 68  0.02272 -1.54616e-02 | 69 -0.03601 -1.04788e-02
 70 -0.08434 -7.62219e-03 | 71 -0.07984 -8.15096e-05 | 72 -0.04747  4.70561e-05
 73 -0.01729 -8.31657e-04 | 74 -0.01680 -3.80962e-04 | 75 -0.01680 -7.58741e-04
 76 -0.01683 -2.58188e-05 | 77 -0.38878 -5.40971e-02 | 78 -0.56148 -3.32432e-05
 79 -0.10142  3.49845e-02 | 80  0.51307 -5.84556e-03 | 81 -0.34754 -2.12135e-03
 82 -0.49306  1.65514e-04 | 83 -0.11287  1.82003e-03 | 84  0.79670 -1.69799e-03
 85  0.12195  3.03726e+01 | 86 -0.51711  7.18561e-03 | 87  0.12277 -1.30599e-02
 88 -0.59919  3.61725e-03 | 89 -0.00692 -2.80436e-05 | 90 -0.00062 -3.06939e-06
 91  0.00609  2.39721e-05 | 92 -0.01288 -6.35703e-05 |
92 variables; iteration 220; function evaluation 306; phase 3
Function value -6.7565344e+01; maximum gradient component mag 3.7961e-01
Var    Value     Gradient |Var    Value     Gradient |Var    Value     Gradient
  1  0.99384 -4.68393e-05 |  2  0.00035  3.49681e-05 |  3  0.00042  1.20537e-05
  4 -0.01548 -2.70158e-04 |  5 -0.01540 -1.51843e-04 |  6 -0.01531  3.34805e-04
  7 -0.01520  7.35671e-04 |  8 -0.01507  3.43457e-04 |  9 -0.01491  8.07442e-04
 10 -0.01474  7.16117e-04 | 11 -0.01455  5.48921e-04 | 12 -0.01435 -7.45110e-05
 13 -0.01411  1.08069e-03 | 14 -0.01381 -2.15956e-04 | 15 -0.01343  1.84553e-04
 16 -0.01306 -2.94779e-04 | 17 -0.01229 -1.23593e-04 | 18 -0.01108  5.34261e-04
 19 -0.00969 -3.60704e-04 | 20 -0.00792  2.94193e-04 | 21 -0.00562 -8.64986e-05
 22 -0.00263  3.73700e-04 | 23  0.00097  2.31723e-04 | 24  0.00513 -3.29310e-04
 25  0.00930 -5.83997e-05 | 26  0.01231  3.38553e-06 | 27  0.01220 -9.16171e-05
 28  0.00751  1.48884e-04 | 29 -0.00076 -8.05359e-05 | 30 -0.00911 -7.49714e-04
 31 -0.01417 -1.00229e-03 | 32 -0.01404  5.54369e-04 | 33 -0.01080  9.52017e-04
 34 -0.01563  3.66225e-04 | 35 -0.02562 -1.14420e-03 | 36 -0.01314 -3.42238e-04
 37  0.06177  2.71137e-03 | 38 -0.01756  2.36834e-03 | 39 -0.03709 -4.57125e-04
 40 -0.03966 -8.81291e-04 | 41 -0.03803 -6.49362e-04 | 42 -0.03699  4.61468e-05
 43 -0.03691  5.48456e-05 | 44 -0.04127  3.47902e-04 | 45 -0.04835  1.06433e-04
 46 -0.04869  2.93957e-04 | 47 -0.02728  8.89650e-04 | 48  0.01171  3.56829e-03
 49  0.01234  2.27744e-03 | 50 -0.01446  5.20785e-04 | 51 -0.02758  7.03090e-04
 52 -0.05011  7.85201e-04 | 53 -0.03095  5.77638e-04 | 54 -0.01011  4.78032e-03
 55 -0.00344  2.48754e-03 | 56  0.01394  6.05318e-03 | 57  0.01322  4.92602e-03
 58 -0.00426  1.30242e-03 | 59 -0.03205  1.86414e-03 | 60 -0.01971 -3.01708e-04
 61  0.00936 -1.71308e-03 | 62 -0.03246 -3.64678e-03 | 63 -0.04280 -2.82332e-03
 64 -0.01686 -1.58983e-03 | 65 -0.01864  8.94425e-04 | 66 -0.03592 -5.56568e-03
 67 -0.02588 -3.65369e-03 | 68  0.02274 -3.09416e-03 | 69 -0.03600 -1.16596e-03
 70 -0.08433 -2.14915e-03 | 71 -0.07984 -1.53858e-03 | 72 -0.04746 -2.90425e-04
 73 -0.01729  1.91096e-04 | 74 -0.01680  1.24373e-04 | 75 -0.01680 -7.04763e-06
 76 -0.01683  1.03607e-04 | 77 -0.38877  7.35767e-03 | 78 -0.56051  4.34096e-05
 79 -0.10144 -6.53411e-03 | 80  0.51307 -4.84550e-04 | 81 -0.34753  5.32432e-04
 82 -0.49678 -8.39883e-05 | 83 -0.11287 -4.67519e-05 | 84  0.79676  9.81746e-05
 85  0.12194  3.79609e-01 | 86 -0.52423 -5.57301e-04 | 87  0.12277  3.50435e-03
 88 -0.54185  2.23547e-05 | 89  0.00884  4.86871e-05 | 90  0.00116  5.73235e-06
 91 -0.00737 -4.11908e-05 | 92  0.02888  1.42606e-04 |
92 variables; iteration 240; function evaluation 326; phase 3
Function value -6.7565350e+01; maximum gradient component mag 2.6556e-01
Var    Value     Gradient |Var    Value     Gradient |Var    Value     Gradient
  1  0.99683 -8.04072e-07 |  2  0.00035 -9.28990e-07 |  3  0.00042  7.19621e-07
  4 -0.01548 -4.14477e-06 |  5 -0.01540 -1.61820e-06 |  6 -0.01531  7.82140e-06
  7 -0.01520  1.68319e-05 |  8 -0.01507  6.14524e-06 |  9 -0.01491  1.86977e-05
 10 -0.01474  1.54489e-05 | 11 -0.01456  1.36506e-05 | 12 -0.01435  2.79549e-07
 13 -0.01411  2.33023e-05 | 14 -0.01381 -7.29878e-06 | 15 -0.01343  4.76104e-06
 16 -0.01306 -6.19295e-06 | 17 -0.01229 -2.42933e-06 | 18 -0.01108  1.21762e-05
 19 -0.00969 -7.54541e-06 | 20 -0.00792  5.01967e-06 | 21 -0.00562 -4.25983e-06
 22 -0.00263  9.78820e-06 | 23  0.00097  1.00051e-05 | 24  0.00513 -8.35141e-06
 25  0.00930 -1.38785e-06 | 26  0.01231 -1.07306e-06 | 27  0.01220  1.10472e-05
 28  0.00750  1.14523e-05 | 29 -0.00076  1.29067e-05 | 30 -0.00911 -8.91531e-06
 31 -0.01416 -1.72645e-05 | 32 -0.01404 -7.06000e-06 | 33 -0.01081 -7.74509e-06
 34 -0.01563 -6.07130e-06 | 35 -0.02562 -5.08006e-06 | 36 -0.01314  1.52728e-05
 37  0.06176  2.76966e-05 | 38 -0.01757 -6.28374e-06 | 39 -0.03709  8.86482e-06
 40 -0.03966 -6.34576e-06 | 41 -0.03803 -7.80081e-06 | 42 -0.03699  7.81875e-06
 43 -0.03691  5.79131e-06 | 44 -0.04127  4.16303e-06 | 45 -0.04835 -3.01172e-06
 46 -0.04869 -1.77722e-06 | 47 -0.02728 -1.20505e-05 | 48  0.01171 -1.34447e-05
 49  0.01234 -1.39692e-05 | 50 -0.01446  7.18989e-06 | 51 -0.02758  2.64879e-05
 52 -0.05011  1.23647e-05 | 53 -0.03095 -5.77363e-06 | 54 -0.01012  1.78893e-05
 55 -0.00344  2.17026e-05 | 56  0.01394  4.03714e-05 | 57  0.01322  4.43267e-05
 58 -0.00426  7.01085e-06 | 59 -0.03206  2.17216e-05 | 60 -0.01971 -4.00276e-05
 61  0.00936 -3.02886e-05 | 62 -0.03246  1.49095e-07 | 63 -0.04280 -1.27007e-05
 64 -0.01686  5.31580e-07 | 65 -0.01865  4.45340e-05 | 66 -0.03591  1.06770e-05
 67 -0.02588 -6.17625e-06 | 68  0.02274 -1.33163e-05 | 69 -0.03600  2.44804e-06
 70 -0.08432  2.15360e-05 | 71 -0.07984  4.64567e-06 | 72 -0.04747  3.95534e-06
 73 -0.01729  3.08619e-06 | 74 -0.01680  2.74037e-07 | 75 -0.01680 -1.04191e-06
 76 -0.01683  1.20340e-07 | 77 -0.38878  4.32072e-05 | 78 -0.56107  6.23299e-07
 79 -0.10144 -9.82173e-06 | 80  0.51307 -6.47548e-06 | 81 -0.34754  9.11012e-05
 82 -0.49554 -2.69733e-06 | 83 -0.11288 -9.77685e-06 | 84  0.79674  6.53138e-06
 85  0.12194  2.65556e-01 | 86 -0.51427  6.79428e-05 | 87  0.12277 -8.50648e-05
 88 -0.53969  6.93117e-05 | 89 -0.00145 -1.41553e-06 | 90 -0.00011 -5.35130e-07
 91  0.00096 -8.93940e-07 | 92  0.00036  1.78240e-06 |

 - final statistics:
92 variables; iteration 253; function evaluation 339
Function value -6.7565e+01; maximum gradient component mag -6.4389e-05
Exit code = 1;  converg criter 1.0000e-04
Var    Value     Gradient |Var    Value     Gradient |Var    Value     Gradient
  1  0.99687 -6.57836e-10 |  2  0.00035 -1.39974e-07 |  3  0.00042  1.66113e-08
  4 -0.01548  2.13415e-08 |  5 -0.01540  6.71398e-08 |  6 -0.01531  3.98425e-08
  7 -0.01520  8.28609e-08 |  8 -0.01507 -1.29494e-08 |  9 -0.01491  8.73093e-08
 10 -0.01474  5.34916e-08 | 11 -0.01456  2.04996e-07 | 12 -0.01435  4.24366e-08
 13 -0.01411  1.44760e-07 | 14 -0.01381 -1.23330e-07 | 15 -0.01343  1.23260e-08
 16 -0.01306 -8.89059e-08 | 17 -0.01229  2.86141e-10 | 18 -0.01108  1.19499e-07
 19 -0.00969 -7.50685e-08 | 20 -0.00792  3.76923e-08 | 21 -0.00562 -1.52238e-08
 22 -0.00263  2.48724e-08 | 23  0.00097  5.85712e-08 | 24  0.00513 -7.89503e-08
 25  0.00930 -2.70734e-08 | 26  0.01231 -7.15198e-08 | 27  0.01220  1.06557e-08
 28  0.00750 -1.04329e-08 | 29 -0.00076  1.11201e-08 | 30 -0.00911 -9.65649e-08
 31 -0.01416 -1.24014e-07 | 32 -0.01404  3.68863e-08 | 33 -0.01081  5.03274e-08
 34 -0.01563  1.62996e-09 | 35 -0.02562  5.00361e-08 | 36 -0.01314  1.72601e-07
 37  0.06176  4.93141e-08 | 38 -0.01757 -9.27645e-08 | 39 -0.03709  4.48476e-10
 40 -0.03966 -1.18580e-07 | 41 -0.03803 -1.30742e-07 | 42 -0.03699 -1.98081e-08
 43 -0.03691 -1.84586e-09 | 44 -0.04127  1.85928e-09 | 45 -0.04835  1.46401e-09
 46 -0.04869 -4.13143e-08 | 47 -0.02728 -1.44768e-07 | 48  0.01171 -1.90354e-07
 49  0.01234 -6.18220e-08 | 50 -0.01446  1.89267e-07 | 51 -0.02758  4.77685e-07
 52 -0.05011  2.92093e-07 | 53 -0.03095  1.05160e-08 | 54 -0.01012  6.80782e-08
 55 -0.00344  1.85467e-07 | 56  0.01394  3.07320e-08 | 57  0.01322 -2.74530e-07
 58 -0.00426 -1.83119e-07 | 59 -0.03206  2.49950e-07 | 60 -0.01971 -4.75280e-07
 61  0.00936  8.56797e-08 | 62 -0.03246  3.30526e-08 | 63 -0.04280 -6.14739e-07
 64 -0.01686 -6.79936e-07 | 65 -0.01865  3.07118e-07 | 66 -0.03592  3.76821e-07
 67 -0.02588  2.89696e-07 | 68  0.02274  3.86194e-07 | 69 -0.03600  2.29631e-07
 70 -0.08432  4.99285e-07 | 71 -0.07984  4.04989e-08 | 72 -0.04747  6.14016e-09
 73 -0.01729 -2.62421e-10 | 74 -0.01680 -2.67676e-08 | 75 -0.01680  1.59118e-09
 76 -0.01683  3.19135e-08 | 77 -0.38878  1.13883e-06 | 78 -0.56108  3.90298e-10
 79 -0.10144 -4.07815e-07 | 80  0.51307  8.47237e-08 | 81 -0.34754 -7.27009e-09
 82 -0.49550 -3.48280e-09 | 83 -0.11288  2.36349e-07 | 84  0.79674  3.37784e-08
 85  0.12194 -6.43887e-05 | 86 -0.51427 -1.24663e-08 | 87  0.12277 -3.77971e-07
 88 -0.53958 -1.74392e-08 | 89 -0.00116  7.74692e-09 | 90  0.00000  7.09031e-09
 91  0.00114  1.66243e-08 | 92  0.00000  1.41404e-09 |
Warning: the following parameters had issues
  SR_parm[1] is within 0.1% of upper bound: 1.00000e-04 < 1.99999e+01 < 2.00000e+01


 - final statistics:
93 variables; iteration 0; function evaluation 0
Function value -6.7565e+01; maximum gradient component mag -6.4389e-05
Exit code = 0;  converg criter 1.0000e-04
Var    Value     Gradient |Var    Value     Gradient |Var    Value     Gradient
  1  0.99687 -6.57836e-10 |  2  0.00035 -1.39974e-07 |  3  0.00042  1.66113e-08
  4 -0.01548  2.13415e-08 |  5 -0.01540  6.71398e-08 |  6 -0.01531  3.98425e-08
  7 -0.01520  8.28609e-08 |  8 -0.01507 -1.29494e-08 |  9 -0.01491  8.73093e-08
 10 -0.01474  5.34916e-08 | 11 -0.01456  2.04996e-07 | 12 -0.01435  4.24366e-08
 13 -0.01411  1.44760e-07 | 14 -0.01381 -1.23330e-07 | 15 -0.01343  1.23260e-08
 16 -0.01306 -8.89059e-08 | 17 -0.01229  2.86128e-10 | 18 -0.01108  1.19499e-07
 19 -0.00969 -7.50685e-08 | 20 -0.00792  3.76923e-08 | 21 -0.00562 -1.52238e-08
 22 -0.00263  2.48724e-08 | 23  0.00097  5.85712e-08 | 24  0.00513 -7.89503e-08
 25  0.00930 -2.70734e-08 | 26  0.01231 -7.15198e-08 | 27  0.01220  1.06557e-08
 28  0.00750 -1.04329e-08 | 29 -0.00076  1.11201e-08 | 30 -0.00911 -9.65649e-08
 31 -0.01416 -1.24014e-07 | 32 -0.01404  3.68863e-08 | 33 -0.01081  5.03274e-08
 34 -0.01563  1.62996e-09 | 35 -0.02562  5.00361e-08 | 36 -0.01314  1.72601e-07
 37  0.06176  4.93141e-08 | 38 -0.01757 -9.27645e-08 | 39 -0.03709  4.48476e-10
 40 -0.03966 -1.18580e-07 | 41 -0.03803 -1.30742e-07 | 42 -0.03699 -1.98081e-08
 43 -0.03691 -1.84586e-09 | 44 -0.04127  1.85928e-09 | 45 -0.04835  1.46400e-09
 46 -0.04869 -4.13142e-08 | 47 -0.02728 -1.44768e-07 | 48  0.01171 -1.90354e-07
 49  0.01234 -6.18218e-08 | 50 -0.01446  1.89267e-07 | 51 -0.02758  4.77684e-07
 52 -0.05011  2.92093e-07 | 53 -0.03095  1.05157e-08 | 54 -0.01012  6.80780e-08
 55 -0.00344  1.85467e-07 | 56  0.01394  3.07321e-08 | 57  0.01322 -2.74530e-07
 58 -0.00426 -1.83119e-07 | 59 -0.03206  2.49950e-07 | 60 -0.01971 -4.75280e-07
 61  0.00936  8.56797e-08 | 62 -0.03246  3.30527e-08 | 63 -0.04280 -6.14739e-07
 64 -0.01686 -6.79936e-07 | 65 -0.01865  3.07118e-07 | 66 -0.03592  3.76821e-07
 67 -0.02588  2.89696e-07 | 68  0.02274  3.86195e-07 | 69 -0.03600  2.29631e-07
 70 -0.08432  4.99285e-07 | 71 -0.07984  4.04990e-08 | 72 -0.04747  6.14018e-09
 73 -0.01729 -2.62425e-10 | 74 -0.01680 -2.67676e-08 | 75 -0.01680  1.59118e-09
 76 -0.01683  3.19135e-08 | 77  0.00000  0.00000e+00 | 78 -0.38878  1.13883e-06
 79 -0.56108  3.90298e-10 | 80 -0.10144 -4.07815e-07 | 81  0.51307  8.47237e-08
 82 -0.34754 -7.26993e-09 | 83 -0.49550 -3.48280e-09 | 84 -0.11288  2.36349e-07
 85  0.79674  3.37784e-08 | 86  0.12194 -6.43886e-05 | 87 -0.51427 -1.24663e-08
 88  0.12277 -3.77971e-07 | 89 -0.53958 -1.74392e-08 | 90 -0.00116  7.74692e-09
 91  0.00000  7.09031e-09 | 92  0.00114  1.66243e-08 | 93  0.00000  1.41404e-09
Estimating row 1 out of 93 for hessian
Estimating row 2 out of 93 for hessian
Estimating row 3 out of 93 for hessian
Estimating row 4 out of 93 for hessian
Estimating row 5 out of 93 for hessian
Estimating row 6 out of 93 for hessian
Estimating row 7 out of 93 for hessian
Estimating row 8 out of 93 for hessian
Estimating row 9 out of 93 for hessian
Estimating row 10 out of 93 for hessian
Estimating row 11 out of 93 for hessian
Estimating row 12 out of 93 for hessian
Estimating row 13 out of 93 for hessian
Estimating row 14 out of 93 for hessian
Estimating row 15 out of 93 for hessian
Estimating row 16 out of 93 for hessian
Estimating row 17 out of 93 for hessian
Estimating row 18 out of 93 for hessian
Estimating row 19 out of 93 for hessian
Estimating row 20 out of 93 for hessian
Estimating row 21 out of 93 for hessian
Estimating row 22 out of 93 for hessian
Estimating row 23 out of 93 for hessian
Estimating row 24 out of 93 for hessian
Estimating row 25 out of 93 for hessian
Estimating row 26 out of 93 for hessian
Estimating row 27 out of 93 for hessian
Estimating row 28 out of 93 for hessian
Estimating row 29 out of 93 for hessian
Estimating row 30 out of 93 for hessian
Estimating row 31 out of 93 for hessian
Estimating row 32 out of 93 for hessian
Estimating row 33 out of 93 for hessian
Estimating row 34 out of 93 for hessian
Estimating row 35 out of 93 for hessian
Estimating row 36 out of 93 for hessian
Estimating row 37 out of 93 for hessian
Estimating row 38 out of 93 for hessian
Estimating row 39 out of 93 for hessian
Estimating row 40 out of 93 for hessian
Estimating row 41 out of 93 for hessian
Estimating row 42 out of 93 for hessian
Estimating row 43 out of 93 for hessian
