
Initial statistics: 75 variables; iteration 0; function evaluation 0; phase 1
Function value 4.9455858e+06; maximum gradient component mag -6.0010e+06
Var    Value     Gradient |Var    Value     Gradient |Var    Value     Gradient
  1 -0.20888 -6.00103e+06 |  2 -0.00884 -5.13985e+04 |  3 -0.01319 -9.56146e+04
  4 -0.04276 -9.71403e+04 |  5  0.04028 -1.70499e+05 |  6  0.01706 -1.42749e+05
  7 -0.05218 -7.98824e+04 |  8  0.00014 -9.49486e+04 |  9  0.03786 -1.12739e+05
 10 -0.03379 -6.04708e+04 | 11  0.01726 -8.66485e+04 | 12 -0.00702 -6.50227e+04
 13 -0.00908 -6.27794e+04 | 14 -0.04668 -4.79706e+04 | 15 -0.04370 -4.55393e+04
 16 -0.00837 -6.44937e+04 | 17 -0.05182 -3.95341e+04 | 18  0.01821 -4.83313e+04
 19 -0.04178  6.00960e+04 | 20 -0.03545  8.73181e+04 | 21 -0.01035  9.73698e+04
 22 -0.00233  9.02628e+04 | 23 -0.04926  5.64722e+04 | 24 -0.04146  4.96266e+04
 25 -0.02048  5.14246e+04 | 26  0.02238  5.97342e+04 | 27 -0.04387  2.64060e+04
 28 -0.00706  2.66687e+04 | 29  0.00854  2.02060e+04 | 30 -0.01618  7.45901e+03
 31  0.03914  4.95462e+03 | 32  0.02223 -8.28462e+04 | 33 -0.03137 -9.19871e+04
 34 -0.00114 -8.82764e+04 | 35 -0.03301 -9.32784e+04 | 36 -0.04535 -8.65031e+04
 37  0.04499 -1.41449e+05 | 38 -0.02226 -9.36374e+04 | 39 -0.00519 -9.68063e+04
 40  0.01730 -1.15503e+05 | 41 -0.01404 -1.09958e+05 | 42 -0.02577 -1.07312e+05
 43  0.03368 -1.28123e+05 | 44  0.04401 -1.47850e+05 | 45 -0.01640 -1.39298e+05
 46 -0.03876 -1.26369e+05 | 47 -0.00531 -9.25660e+04 | 48  0.02844 -1.10012e+04
 49  0.04299  3.82383e+04 | 50 -0.01526 -1.83247e+04 | 51 -0.01649 -4.73450e+04
 52  0.01681 -1.04037e+05 | 53 -0.01500 -3.92148e+04 | 54 -0.03590 -2.02416e+04
 55  0.02245  1.63350e+04 | 56  0.04911  1.68870e+04 | 57 -0.00142 -3.18245e+03
 58 -0.04087 -1.22466e+04 | 59 -0.01940 -1.70019e+04 | 60 -0.04486 -1.24350e+04
 61  0.04408  3.60048e+03 | 62  0.01091  2.23069e+03 | 63  0.04662 -6.00039e+03
 64 -0.02764 -1.46488e+04 | 65 -0.04653 -1.17842e+04 | 66 -0.02343  1.03589e+04
 67 -0.02616  3.17609e+04 | 68  0.04949  8.62181e+04 | 69 -0.03810  6.57333e+04
 70 -0.01377  9.95405e+04 | 71 -0.01177  9.40424e+04 | 72  0.01872 -1.09005e+05
 73  0.04395 -1.07018e+05 | 74 -0.00688  1.83648e+02 | 75 -0.01375  1.80784e+02

Intermediate statistics: 75 variables; iteration 20; function evaluation 40; phase 1
Function value 1.2179206e+01; maximum gradient component mag -2.1406e+01
Var    Value     Gradient |Var    Value     Gradient |Var    Value     Gradient
  1  0.17020 -5.95651e+00 |  2 -0.00008 -1.76428e-01 |  3 -0.01482  1.07950e-01
  4 -0.01740 -5.53847e-01 |  5 -0.00953  1.34237e+00 |  6 -0.01155  8.07148e-01
  7 -0.01784 -7.82740e-01 |  8 -0.01277  3.86886e-01 |  9 -0.00902  1.22631e+00
 10 -0.01544 -4.03721e-01 | 11 -0.01041  7.39188e-01 | 12 -0.01238  1.79473e-01
 13 -0.01219  1.19440e-01 | 14 -0.01521 -7.26994e-01 | 15 -0.01449 -6.79051e-01
 16 -0.01046  7.18260e-02 | 17 -0.01341 -9.08708e-01 | 18 -0.00592  5.12281e-01
 19 -0.01014 -8.27319e-01 | 20 -0.00775 -7.61807e-01 | 21 -0.00316 -3.68908e-01
 22  0.00052 -3.43744e-01 | 23  0.00159 -1.03217e+00 | 24  0.00771 -8.54359e-01
 25  0.01473 -6.89708e-01 | 26  0.01960 -1.05648e+00 | 27  0.03271 -2.41537e-01
 28  0.04074 -2.71381e-02 | 29  0.02934 -7.34719e-01 | 30  0.00302 -5.89332e-01
 31 -0.02188  2.44144e+00 | 32 -0.05392  5.05539e+00 | 33 -0.09681  6.52689e+00
 34 -0.13359  8.25279e+00 | 35 -0.12262  6.45410e+00 | 36  0.07646 -2.14061e+01
 37  0.18506 -6.31205e+00 | 38 -0.03470  2.99617e-01 | 39 -0.02586  5.32644e-01
 40 -0.02306  1.03578e+00 | 41 -0.02715  3.27465e-01 | 42 -0.03312 -1.47901e-02
 43 -0.03562  1.52131e+00 | 44 -0.03949  1.15271e+00 | 45 -0.03166 -1.30440e+00
 46 -0.00051 -2.19757e+00 | 47 -0.00450 -4.94317e+00 | 48 -0.02229 -4.06678e+00
 49 -0.02810 -3.23654e+00 | 50 -0.05219 -2.56615e+00 | 51 -0.03726 -1.75797e+00
 52 -0.01525 -1.01763e+00 | 53 -0.00593 -1.68518e+00 | 54 -0.00785 -2.91071e+00
 55  0.00905  7.89172e+00 | 56  0.01621  2.00050e+01 | 57 -0.02151  1.34911e+01
 58 -0.00864  6.16310e+00 | 59 -0.00092 -8.38617e+00 | 60 -0.03207 -9.46311e+00
 61 -0.04232 -6.72611e+00 | 62 -0.01600 -1.82752e+00 | 63 -0.02668 -9.59313e-01
 64 -0.04268 -9.31664e-01 | 65 -0.04574 -5.48661e+00 | 66  0.01155 -3.01408e+00
 67 -0.01574  7.48561e+00 | 68 -0.06755  9.27894e+00 | 69 -0.06874  7.04044e+00
 70 -0.04504  3.65220e+00 | 71 -0.03363  8.09033e-01 | 72 -0.01639  9.09187e-01
 73 -0.01197  1.41028e+00 | 74 -0.01684  2.14404e-01 | 75 -0.01758  5.46765e-02

 - final statistics:
75 variables; iteration 23; function evaluation 44
Function value 1.1319e+01; maximum gradient component mag -8.7690e+00
Exit code = 1;  converg criter 1.0000e+01
Var    Value     Gradient |Var    Value     Gradient |Var    Value     Gradient
  1  0.17163 -8.76895e+00 |  2  0.00037 -7.40598e-02 |  3 -0.01560 -9.64614e-02
  4 -0.01578 -1.71072e-01 |  5 -0.01518 -5.99400e-02 |  6 -0.01512 -8.84014e-02
  7 -0.01531 -1.88095e-01 |  8 -0.01462 -9.00370e-02 |  9 -0.01409 -3.34086e-02
 10 -0.01422 -1.36484e-01 | 11 -0.01359 -5.64712e-02 | 12 -0.01338 -8.79415e-02
 13 -0.01298 -9.01914e-02 | 14 -0.01271 -1.44944e-01 | 15 -0.01215 -1.28286e-01
 16 -0.01109 -7.56358e-02 | 17 -0.00999 -9.95895e-02 | 18 -0.00819  1.20097e-02
 19 -0.00627  8.40042e-02 | 20 -0.00388  1.47744e-01 | 21 -0.00059  2.59271e-01
 22  0.00332  3.42947e-01 | 23  0.00421 -3.72756e-01 | 24  0.00821 -5.87559e-01
 25  0.01562 -3.09418e-01 | 26  0.02426 -2.35321e-03 | 27  0.02794 -5.99868e-01
 28  0.06161  3.02702e+00 | 29  0.02776 -6.38602e-01 | 30  0.00947  7.69182e-01
 31 -0.02518  1.10080e+00 | 32 -0.05978  1.69807e+00 | 33 -0.10393  1.08917e+00
 34 -0.14937 -2.20026e+00 | 35 -0.12910  2.78170e+00 | 36  0.10143 -3.30617e+00
 37  0.17789 -1.67866e+00 | 38 -0.03677 -3.69542e-01 | 39 -0.02905 -4.37882e-01
 40 -0.02710 -1.96322e-01 | 41 -0.02767  2.69296e-03 | 42 -0.03222  1.60132e-02
 43 -0.04232 -6.51383e-01 | 44 -0.04926 -1.90090e+00 | 45 -0.03696 -2.71613e+00
 46 -0.00918 -3.25077e+00 | 47  0.00615 -9.63478e-01 | 48 -0.02171 -1.89869e+00
 49 -0.03210 -2.85299e+00 | 50 -0.05037 -1.16943e+00 | 51 -0.03824 -8.64505e-01
 52 -0.01405  1.46060e+00 | 53 -0.00966  4.99760e-01 | 54  0.00244  9.19647e-01
 55  0.01017  4.56718e+00 | 56  0.00472  7.42716e+00 | 57 -0.03117  3.25122e+00
 58 -0.01190  1.93218e+00 | 59  0.00161 -4.77687e+00 | 60 -0.02048 -1.22954e+00
 61 -0.03622 -1.21545e+00 | 62 -0.02991 -3.41752e+00 | 63 -0.02076  1.83881e+00
 64 -0.04530  6.14547e-01 | 65 -0.04349 -1.83388e+00 | 66  0.01869  7.09910e-01
 67 -0.02178  3.34774e+00 | 68 -0.07672  1.91258e+00 | 69 -0.07510  1.20351e+00
 70 -0.04854  9.35969e-01 | 71 -0.03450  4.03906e-01 | 72 -0.01957  1.06064e-01
 73 -0.01707  1.47326e-01 | 74 -0.01712  1.38950e-01 | 75 -0.01730  1.22766e-01

 - final statistics:
75 variables; iteration 0; function evaluation 0
Function value 1.1319e+01; maximum gradient component mag -8.7690e+00
Exit code = 0;  converg criter 1.0000e+01
Var    Value     Gradient |Var    Value     Gradient |Var    Value     Gradient
  1  0.17163 -8.76895e+00 |  2  0.00037 -7.40598e-02 |  3 -0.01560 -9.64614e-02
  4 -0.01578 -1.71072e-01 |  5 -0.01518 -5.99400e-02 |  6 -0.01512 -8.84014e-02
  7 -0.01531 -1.88095e-01 |  8 -0.01462 -9.00370e-02 |  9 -0.01409 -3.34086e-02
 10 -0.01422 -1.36484e-01 | 11 -0.01359 -5.64712e-02 | 12 -0.01338 -8.79415e-02
 13 -0.01298 -9.01914e-02 | 14 -0.01271 -1.44944e-01 | 15 -0.01215 -1.28286e-01
 16 -0.01109 -7.56358e-02 | 17 -0.00999 -9.95895e-02 | 18 -0.00819  1.20097e-02
 19 -0.00627  8.40042e-02 | 20 -0.00388  1.47744e-01 | 21 -0.00059  2.59271e-01
 22  0.00332  3.42947e-01 | 23  0.00421 -3.72756e-01 | 24  0.00821 -5.87559e-01
 25  0.01562 -3.09418e-01 | 26  0.02426 -2.35321e-03 | 27  0.02794 -5.99868e-01
 28  0.06161  3.02702e+00 | 29  0.02776 -6.38602e-01 | 30  0.00947  7.69182e-01
 31 -0.02518  1.10080e+00 | 32 -0.05978  1.69807e+00 | 33 -0.10393  1.08917e+00
 34 -0.14937 -2.20026e+00 | 35 -0.12910  2.78170e+00 | 36  0.10143 -3.30617e+00
 37  0.17789 -1.67866e+00 | 38 -0.03677 -3.69542e-01 | 39 -0.02905 -4.37882e-01
 40 -0.02710 -1.96322e-01 | 41 -0.02767  2.69296e-03 | 42 -0.03222  1.60132e-02
 43 -0.04232 -6.51383e-01 | 44 -0.04926 -1.90090e+00 | 45 -0.03696 -2.71613e+00
 46 -0.00918 -3.25077e+00 | 47  0.00615 -9.63478e-01 | 48 -0.02171 -1.89869e+00
 49 -0.03210 -2.85299e+00 | 50 -0.05037 -1.16943e+00 | 51 -0.03824 -8.64505e-01
 52 -0.01405  1.46060e+00 | 53 -0.00966  4.99760e-01 | 54  0.00244  9.19647e-01
 55  0.01017  4.56718e+00 | 56  0.00472  7.42716e+00 | 57 -0.03117  3.25122e+00
 58 -0.01190  1.93218e+00 | 59  0.00161 -4.77687e+00 | 60 -0.02048 -1.22954e+00
 61 -0.03622 -1.21545e+00 | 62 -0.02991 -3.41752e+00 | 63 -0.02076  1.83881e+00
 64 -0.04530  6.14547e-01 | 65 -0.04349 -1.83388e+00 | 66  0.01869  7.09910e-01
 67 -0.02178  3.34774e+00 | 68 -0.07672  1.91258e+00 | 69 -0.07510  1.20351e+00
 70 -0.04854  9.35969e-01 | 71 -0.03450  4.03906e-01 | 72 -0.01957  1.06064e-01
 73 -0.01707  1.47326e-01 | 74 -0.01712  1.38950e-01 | 75 -0.01730  1.22766e-01

Initial statistics: 92 variables; iteration 0; function evaluation 0; phase 3
Function value 1.1319461e+01; maximum gradient component mag 1.2700e+03
Var    Value     Gradient |Var    Value     Gradient |Var    Value     Gradient
  1  0.17163 -8.76895e+00 |  2  0.04250  1.02620e+01 |  3  0.00037 -7.40598e-02
  4 -0.01560 -9.64614e-02 |  5 -0.01578 -1.71072e-01 |  6 -0.01518 -5.99400e-02
  7 -0.01512 -8.84014e-02 |  8 -0.01531 -1.88095e-01 |  9 -0.01462 -9.00370e-02
 10 -0.01409 -3.34086e-02 | 11 -0.01422 -1.36484e-01 | 12 -0.01359 -5.64712e-02
 13 -0.01338 -8.79415e-02 | 14 -0.01298 -9.01914e-02 | 15 -0.01271 -1.44944e-01
 16 -0.01215 -1.28286e-01 | 17 -0.01109 -7.56358e-02 | 18 -0.00999 -9.95895e-02
 19 -0.00819  1.20097e-02 | 20 -0.00627  8.40042e-02 | 21 -0.00388  1.47744e-01
 22 -0.00059  2.59271e-01 | 23  0.00332  3.42947e-01 | 24  0.00421 -3.72756e-01
 25  0.00821 -5.87559e-01 | 26  0.01562 -3.09418e-01 | 27  0.02426 -2.35321e-03
 28  0.02794 -5.99868e-01 | 29  0.06161  3.02702e+00 | 30  0.02776 -6.38602e-01
 31  0.00947  7.69182e-01 | 32 -0.02518  1.10080e+00 | 33 -0.05978  1.69807e+00
 34 -0.10393  1.08917e+00 | 35 -0.14937 -2.20026e+00 | 36 -0.12910  2.78170e+00
 37  0.10143 -3.30617e+00 | 38  0.17789 -1.67866e+00 | 39 -0.03677 -3.69542e-01
 40 -0.02905 -4.37882e-01 | 41 -0.02710 -1.96322e-01 | 42 -0.02767  2.69296e-03
 43 -0.03222  1.60132e-02 | 44 -0.04232 -6.51383e-01 | 45 -0.04926 -1.90090e+00
 46 -0.03696 -2.71613e+00 | 47 -0.00918 -3.25077e+00 | 48  0.00615 -9.63478e-01
 49 -0.02171 -1.89869e+00 | 50 -0.03210 -2.85299e+00 | 51 -0.05037 -1.16943e+00
 52 -0.03824 -8.64505e-01 | 53 -0.01405  1.46060e+00 | 54 -0.00966  4.99760e-01
 55  0.00244  9.19647e-01 | 56  0.01017  4.56718e+00 | 57  0.00472  7.42716e+00
 58 -0.03117  3.25122e+00 | 59 -0.01190  1.93218e+00 | 60  0.00161 -4.77687e+00
 61 -0.02048 -1.22954e+00 | 62 -0.03622 -1.21545e+00 | 63 -0.02991 -3.41752e+00
 64 -0.02076  1.83881e+00 | 65 -0.04530  6.14547e-01 | 66 -0.04349 -1.83388e+00
 67  0.01869  7.09910e-01 | 68 -0.02178  3.34774e+00 | 69 -0.07672  1.91258e+00
 70 -0.07510  1.20351e+00 | 71 -0.04854  9.35969e-01 | 72 -0.03450  4.03906e-01
 73 -0.01957  1.06064e-01 | 74 -0.01707  1.47326e-01 | 75 -0.01712  1.38950e-01
 76 -0.01730  1.22766e-01 | 77 -0.24083  1.27001e+03 | 78 -0.28765  9.88548e+00
 79 -0.08314 -1.05527e+03 | 80  0.29565  1.52987e+01 | 81 -0.09170 -6.38238e+00
 82 -0.43086  1.60245e-02 | 83  0.11400  4.07682e+01 | 84  0.42777  1.12159e+00
 85 -0.26443 -5.72676e+01 | 86 -0.16569 -1.09451e+01 | 87  0.04195  3.51441e+01
 88  0.49884 -3.21059e+01 | 89 -0.23125  8.11058e-03 | 90 -0.01060 -3.28012e-05
 91  0.12578 -3.86951e-03 | 92  0.89612  1.90691e-02 |

Intermediate statistics: 92 variables; iteration 20; function evaluation 30; phase 3
Function value -8.7585061e+01; maximum gradient component mag -3.3294e+01
Var    Value     Gradient |Var    Value     Gradient |Var    Value     Gradient
  1  0.67887 -1.09250e-02 |  2  0.00026 -1.72281e-02 |  3  0.00042  4.50717e-03
  4 -0.01549  3.41712e-03 |  5 -0.01541  2.57715e-03 |  6 -0.01533  8.42229e-04
  7 -0.01523 -1.12857e-03 |  8 -0.01512 -3.85366e-03 |  9 -0.01498 -7.75549e-03
 10 -0.01484 -1.12204e-02 | 11 -0.01468 -1.35603e-02 | 12 -0.01451 -1.58193e-02
 13 -0.01429 -1.70963e-02 | 14 -0.01401 -1.80080e-02 | 15 -0.01365 -1.81072e-02
 16 -0.01306 -9.09826e-03 | 17 -0.01234 -8.17106e-03 | 18 -0.01082  8.56396e-03
 19 -0.00890  3.48268e-02 | 20 -0.00683  5.42533e-02 | 21 -0.00439  6.77345e-02
 22 -0.00176  6.55451e-02 | 23  0.00073  4.35662e-02 | 24  0.00255 -9.61050e-03
 25  0.00346 -9.30732e-02 | 26  0.00280 -2.15854e-01 | 27  0.00079 -3.71404e-01
 28 -0.00195 -4.85551e-01 | 29 -0.00419 -5.14088e-01 | 30 -0.00395  1.34866e-01
 31 -0.00343  9.10623e-01 | 32 -0.00367  1.14028e+00 | 33 -0.00581  3.07274e-01
 34 -0.01503 -1.29480e+00 | 35 -0.02302 -2.79916e+00 | 36  0.00189 -1.55482e+00
 37  0.00358  3.17684e+00 | 38 -0.07995 -2.86817e+00 | 39 -0.04715  7.87365e-01
 40 -0.03931  7.18563e-01 | 41 -0.03216  5.65371e-01 | 42 -0.02829  6.08230e-01
 43 -0.02510  6.42944e-01 | 44 -0.02590  7.24553e-01 | 45 -0.02835  1.34578e+00
 46 -0.02727  2.21799e+00 | 47 -0.00944  2.15813e+00 | 48  0.01896  1.77558e+00
 49  0.00550  2.29400e+00 | 50 -0.01523  6.36670e+00 | 51 -0.01893  6.09122e+00
 52 -0.05105  2.65653e+00 | 53 -0.02790  6.97583e+00 | 54 -0.00692  4.42667e+00
 55 -0.01652  5.73791e+00 | 56  0.01327  1.21211e+01 | 57  0.01659  1.06374e+01
 58  0.00124  5.81848e+00 | 59 -0.01189  7.79096e+00 | 60 -0.01243  1.17595e+00
 61 -0.00435 -1.73045e+01 | 62 -0.01604 -1.29539e+01 | 63 -0.04038 -1.12836e+01
 64 -0.01802 -2.05910e+01 | 65 -0.05227 -2.35643e+01 | 66 -0.06009 -1.26581e+01
 67 -0.02208  3.90726e+00 | 68  0.00306 -4.56922e+00 | 69  0.01789  7.09826e+00
 70 -0.07461  6.41024e+00 | 71 -0.08954  3.14809e+00 | 72 -0.05260  2.28790e+00
 73 -0.01582  5.56499e-01 | 74 -0.01675  4.24781e-02 | 75 -0.01677  4.08815e-02
 76 -0.01677  3.52513e-02 | 77 -0.51384 -3.32940e+01 | 78 -0.14220  2.89839e+00
 79 -0.28083  1.17230e+01 | 80  0.58224 -1.15584e+00 | 81 -0.33007 -1.48852e+01
 82 -0.43228  1.68115e-02 | 83 -0.08924  1.30016e+01 | 84  0.42195  2.57730e+00
 85  0.61393 -1.61887e+00 | 86  0.02547 -4.14898e-01 | 87  0.24617  1.73973e+00
 88  0.95827  4.70520e-02 | 89 -0.23124 -1.18606e-03 | 90 -0.01060 -5.22587e-05
 91  0.12583  6.23023e-04 | 92  0.89423  1.87218e-02 |
92 variables; iteration 40; function evaluation 57; phase 3
Function value -8.9148337e+01; maximum gradient component mag -7.0211e+00
Var    Value     Gradient |Var    Value     Gradient |Var    Value     Gradient
  1  0.62204 -1.64367e-02 |  2  0.00044  2.08529e-02 |  3  0.00066  6.12777e-02
  4 -0.01526  5.49124e-02 |  5 -0.01519  5.30526e-02 |  6 -0.01512  4.84898e-02
  7 -0.01503  4.54351e-02 |  8 -0.01490  4.64268e-02 |  9 -0.01473  5.24966e-02
 10 -0.01453  6.11368e-02 | 11 -0.01433  6.85168e-02 | 12 -0.01412  7.48956e-02
 13 -0.01387  8.18094e-02 | 14 -0.01357  8.65319e-02 | 15 -0.01320  8.91065e-02
 16 -0.01262  8.86619e-02 | 17 -0.01190  8.77148e-02 | 18 -0.01056  5.89310e-02
 19 -0.00894  6.00908e-03 | 20 -0.00714 -4.21840e-02 | 21 -0.00462 -1.90940e-02
 22 -0.00130  1.16445e-01 | 23  0.00208  2.60671e-01 | 24  0.00264 -8.38905e-02
 25  0.00203 -5.08970e-01 | 26  0.00496  8.36263e-02 | 27  0.00489  3.16822e-01
 28 -0.00065 -3.89621e-01 | 29 -0.00280 -4.22698e-01 | 30 -0.00441 -2.18465e-01
 31 -0.00842 -4.87877e-01 | 32 -0.00948 -3.62730e-01 | 33 -0.00908 -2.63946e-01
 34 -0.01370 -3.17248e-01 | 35 -0.01471 -6.49150e-02 | 36  0.00760  1.81266e-01
 37 -0.00881  5.62467e-01 | 38 -0.06362  6.50522e-02 | 39 -0.04651  2.68182e-01
 40 -0.03977  1.35069e-01 | 41 -0.03291  1.23965e-01 | 42 -0.02898  1.94857e-01
 43 -0.02547  2.84721e-01 | 44 -0.02602  3.90033e-01 | 45 -0.03053  4.41232e-01
 46 -0.03333  2.72131e-01 | 47 -0.01301  7.76595e-01 | 48  0.02331  1.59886e+00
 49  0.01054  1.74927e+00 | 50 -0.02196  1.49391e+00 | 51 -0.01988  1.04992e+00
 52 -0.04687  8.57815e-01 | 53 -0.03578  8.31246e-01 | 54 -0.00375  5.16320e-01
 55 -0.01515  5.78769e-01 | 56  0.00413  1.96483e-01 | 57  0.01076 -1.05390e-01
 58  0.00873 -1.47406e-01 | 59 -0.02502 -2.92631e-01 | 60 -0.02896 -2.40559e-01
 61  0.02419  2.70791e-01 | 62 -0.01948  3.21250e-01 | 63 -0.04327  3.18730e-01
 64 -0.01014  9.70720e-01 | 65 -0.02510  4.37829e-01 | 66 -0.04953 -1.76077e-01
 67 -0.04861 -1.69055e+00 | 68  0.02021 -5.83271e+00 | 69  0.00454 -3.40690e+00
 70 -0.08237 -5.15072e-01 | 71 -0.09209 -4.57531e-01 | 72 -0.05360 -2.45844e-01
 73 -0.01742 -4.77706e-02 | 74 -0.01697 -5.15884e-02 | 75 -0.01698 -4.89471e-02
 76 -0.01698 -4.57964e-02 | 77 -0.50846 -7.02112e+00 | 78 -0.15401  8.51761e-01
 79 -0.27619  2.81700e+00 | 80  0.58782  9.31922e-01 | 81 -0.30974 -5.27412e+00
 82 -0.45627 -3.39005e-03 | 83 -0.09644  2.25641e-01 | 84  0.32973 -1.24433e-01
 85  0.59629 -2.15503e+00 | 86  0.01232 -5.68695e-01 | 87  0.25089  5.62543e+00
 88  0.91067  1.80898e-02 | 89 -0.22783 -1.16177e-03 | 90 -0.01044 -5.14838e-05
 91  0.12391  6.09195e-04 | 92  0.84625  1.27502e-02 |
92 variables; iteration 60; function evaluation 91; phase 3
Function value -8.9407497e+01; maximum gradient component mag 4.0511e+00
Var    Value     Gradient |Var    Value     Gradient |Var    Value     Gradient
  1  0.37045 -3.80102e-01 |  2 -0.00577 -1.50952e+00 |  3 -0.00065 -2.63188e-01
  4 -0.01610 -1.52045e-01 |  5 -0.01563 -5.60935e-02 |  6 -0.01524  1.64817e-02
  7 -0.01482  9.33319e-02 |  8 -0.01447  1.49949e-01 |  9 -0.01434  1.48449e-01
 10 -0.01427  1.29914e-01 | 11 -0.01412  1.26985e-01 | 12 -0.01408  9.41021e-02
 13 -0.01395  7.46048e-02 | 14 -0.01376  5.11331e-02 | 15 -0.01351  2.55739e-02
 16 -0.01282  5.85313e-02 | 17 -0.01166  1.62607e-01 | 18 -0.00944  3.46694e-01
 19 -0.00901  3.03175e-02 | 20 -0.00714  1.62348e-02 | 21  0.00174  1.49097e+00
 22 -0.00159  1.75496e-01 | 23 -0.00647 -1.41051e+00 | 24  0.00049 -3.29337e-01
 25  0.00238 -1.85409e-01 | 26 -0.00031 -7.20669e-01 | 27  0.00491  6.42467e-01
 28  0.00192  4.67483e-01 | 29 -0.00199  2.90207e-02 | 30 -0.00646 -4.62426e-01
 31 -0.00633  1.23400e-01 | 32 -0.00783  7.11310e-02 | 33 -0.00847 -1.81279e-01
 34 -0.01277 -3.32317e-01 | 35 -0.01513 -6.31022e-01 | 36  0.00725 -2.03414e-01
 37 -0.01072  6.24741e-01 | 38 -0.06276  7.89882e-02 | 39 -0.04289  1.09118e+00
 40 -0.04177 -6.93283e-01 | 41 -0.03573 -9.61149e-01 | 42 -0.02643  4.62179e-01
 43 -0.02557 -2.45696e-01 | 44 -0.02599 -1.54491e-01 | 45 -0.03682 -1.80969e+00
 46 -0.03114  3.84106e-01 | 47 -0.01098  5.25186e-01 | 48  0.02203 -2.60514e-01
 49  0.00964 -8.35593e-01 | 50 -0.02527 -1.27408e+00 | 51 -0.01789 -1.03611e-01
 52 -0.04931 -7.01295e-01 | 53 -0.03589 -1.34039e-02 | 54 -0.00398 -3.19180e-01
 55 -0.01725 -3.04300e-01 | 56  0.00556  1.95140e-01 | 57  0.00991 -4.99561e-01
 58  0.00797 -4.39839e-01 | 59 -0.02392  2.51261e-01 | 60 -0.02867 -3.39880e-02
 61  0.02269 -5.20887e-01 | 62 -0.01983 -7.02923e-02 | 63 -0.04379 -7.20427e-02
 64 -0.01032  2.86821e-01 | 65 -0.02773 -7.24445e-01 | 66 -0.04951  2.94293e-01
 67 -0.04909  6.07064e-01 | 68  0.02589  1.52156e+00 | 69  0.00396  1.28910e+00
 70 -0.08454  1.89622e-01 | 71 -0.09156  3.07717e-01 | 72 -0.05256  1.15140e-01
 73 -0.01883 -3.56082e-01 | 74 -0.01768 -2.10768e-01 | 75 -0.01769 -2.12684e-01
 76 -0.01765 -2.04566e-01 | 77 -0.50951  4.05111e+00 | 78 -0.15491 -1.89268e+00
 79 -0.28410 -2.07242e+00 | 80  0.58631 -1.02196e+00 | 81 -0.29594 -5.16655e-01
 82 -0.44461 -3.68327e-05 | 83 -0.07971  8.01268e-01 | 84  0.26491  2.66053e-01
 85  0.83571 -5.57128e-01 | 86  0.14799  7.44647e-04 | 87  0.26280  2.18369e+00
 88  0.55067  3.68775e-03 | 89 -0.20182 -8.11044e-04 | 90 -0.00930 -4.47344e-05
 91  0.10990  3.56009e-04 | 92  0.59277  4.22240e-03 |
92 variables; iteration 80; function evaluation 122; phase 3
Function value -8.9486778e+01; maximum gradient component mag 3.2886e+00
Var    Value     Gradient |Var    Value     Gradient |Var    Value     Gradient
  1  0.40080 -2.32212e-01 |  2  0.00062  7.46531e-02 |  3  0.00026 -3.09880e-02
  4 -0.01569 -4.39356e-02 |  5 -0.01562 -4.42496e-02 |  6 -0.01546 -3.00592e-02
  7 -0.01526 -6.96481e-03 |  8 -0.01505  1.23630e-02 |  9 -0.01490  1.08092e-02
 10 -0.01490 -2.95207e-02 | 11 -0.01501 -9.83298e-02 | 12 -0.01508 -1.60716e-01
 13 -0.01506 -2.10476e-01 | 14 -0.01488 -2.33618e-01 | 15 -0.01454 -2.37013e-01
 16 -0.01395 -2.17618e-01 | 17 -0.01293 -1.34780e-01 | 18 -0.01051  1.12867e-01
 19 -0.00914  3.09697e-02 | 20 -0.00769 -6.42735e-02 | 21 -0.00484  7.79543e-02
 22 -0.00254  4.17569e-02 | 23  0.00273  6.59348e-01 | 24  0.00405  5.27266e-01
 25  0.00361  1.83270e-01 | 26  0.00217 -9.68669e-02 | 27  0.00211  1.37510e-01
 28 -0.00055 -1.80190e-02 | 29 -0.00215 -1.23269e-02 | 30 -0.00566 -3.45983e-01
 31 -0.00893 -5.79676e-01 | 32 -0.00785 -5.60260e-02 | 33 -0.00761 -4.44498e-02
 34 -0.01126  1.21649e-01 | 35 -0.01489 -2.30509e-01 | 36  0.00621  4.61349e-02
 37 -0.00780  6.26782e-01 | 38 -0.06154  1.16434e-01 | 39 -0.04665  1.00440e-01
 40 -0.03928  2.67245e-02 | 41 -0.03328 -2.71616e-01 | 42 -0.02744  2.02138e-01
 43 -0.02370  2.68677e-01 | 44 -0.02660 -2.79525e-01 | 45 -0.02909  3.16122e-01
 46 -0.03325 -2.34530e-01 | 47 -0.01287  7.16175e-02 | 48  0.02180 -4.59931e-02
 49  0.01034 -7.49039e-02 | 50 -0.02269 -2.02673e-01 | 51 -0.02006 -3.54141e-01
 52 -0.04725 -4.74944e-02 | 53 -0.03595  7.81259e-02 | 54 -0.00328  8.87103e-02
 55 -0.01582  1.12509e-01 | 56  0.00461 -2.18595e-02 | 57  0.01087 -9.02017e-02
 58  0.00923  3.42799e-01 | 59 -0.02494  1.47228e-01 | 60 -0.02829  8.81775e-02
 61  0.02419  3.07005e-01 | 62 -0.02014  1.54278e-01 | 63 -0.04274  4.86680e-02
 64 -0.01124 -1.14853e-01 | 65 -0.02519  5.59379e-02 | 66 -0.05036 -1.55212e-01
 67 -0.04878 -1.60462e-01 | 68  0.02625 -2.82036e-01 | 69  0.00263 -5.00351e-02
 70 -0.08363  1.23819e-01 | 71 -0.09136  6.47339e-02 | 72 -0.05229 -1.67018e-02
 73 -0.01685  1.36566e-01 | 74 -0.01652  6.51941e-02 | 75 -0.01652  6.81293e-02
 76 -0.01653  6.57530e-02 | 77 -0.51164 -2.43587e+00 | 78 -0.14977  6.97620e-01
 79 -0.28700  1.03109e+00 | 80  0.58676  6.07836e-01 | 81 -0.29092  3.28863e+00
 82 -0.43046  5.02427e-03 | 83 -0.07505 -4.92859e-02 | 84  0.23153  4.63808e-01
 85  0.91888 -2.13593e-01 | 86  0.20287  1.03836e-03 | 87  0.26293  6.20930e-01
 88  0.41890  2.42883e-03 | 89 -0.18262 -7.52352e-04 | 90 -0.00838 -4.06822e-05
 91  0.10010  3.34101e-04 | 92  0.45743  2.74733e-03 |
92 variables; iteration 100; function evaluation 158; phase 3
Function value -8.9515523e+01; maximum gradient component mag -1.9436e+00
Var    Value     Gradient |Var    Value     Gradient |Var    Value     Gradient
  1  0.55970 -2.96290e-02 |  2  0.00027 -1.48072e-02 |  3  0.00031 -1.81586e-02
  4 -0.01549  5.44312e-03 |  5 -0.01534  2.30875e-02 |  6 -0.01525  2.31780e-02
  7 -0.01528 -9.68825e-03 |  8 -0.01531 -4.55127e-02 |  9 -0.01515 -4.14271e-02
 10 -0.01489 -1.61870e-02 | 11 -0.01471 -1.36047e-02 | 12 -0.01465 -4.19998e-02
 13 -0.01446 -4.96169e-02 | 14 -0.01386  2.87929e-02 | 15 -0.01312  1.19609e-01
 16 -0.01290  4.66265e-02 | 17 -0.01250 -2.11289e-02 | 18 -0.01129 -6.40808e-02
 19 -0.00938 -2.00175e-02 | 20 -0.00735  1.60583e-02 | 21 -0.00542 -5.29426e-02
 22 -0.00251  4.33825e-02 | 23 -0.00070 -8.33939e-02 | 24  0.00114 -8.81811e-02
 25  0.00264 -1.40173e-02 | 26  0.00279  4.92790e-02 | 27  0.00111 -4.26388e-02
 28 -0.00059  3.06375e-02 | 29 -0.00260 -2.24893e-02 | 30 -0.00476 -2.67678e-02
 31 -0.00653  9.82956e-02 | 32 -0.00811 -1.62080e-02 | 33 -0.00734  9.69238e-03
 34 -0.01167 -1.76757e-01 | 35 -0.01254 -6.55798e-02 | 36  0.00649 -1.34146e-01
 37 -0.01139  1.12309e-01 | 38 -0.06147  1.41236e-01 | 39 -0.04712 -5.83856e-02
 40 -0.03919  2.38559e-02 | 41 -0.03189  7.94648e-02 | 42 -0.02837 -9.16868e-02
 43 -0.02471 -4.83361e-02 | 44 -0.02534  1.55054e-03 | 45 -0.03034 -4.43392e-02
 46 -0.03255  1.37596e-02 | 47 -0.01357 -1.29038e-02 | 48  0.02177 -3.98598e-02
 49  0.01061 -6.04172e-02 | 50 -0.02265 -6.68590e-02 | 51 -0.01883  2.95345e-02
 52 -0.04739  2.55029e-02 | 53 -0.03615 -3.24982e-02 | 54 -0.00326  8.99698e-03
 55 -0.01616 -2.98275e-02 | 56  0.00473 -3.62376e-02 | 57  0.01140 -1.99119e-02
 58  0.00887 -3.03667e-02 | 59 -0.02477  3.90040e-02 | 60 -0.02815  7.42358e-02
 61  0.02389 -5.86566e-02 | 62 -0.02004  3.64829e-02 | 63 -0.04297  3.16055e-02
 64 -0.01078  6.07601e-02 | 65 -0.02535  3.16659e-02 | 66 -0.04963  1.31604e-01
 67 -0.04857  2.20561e-01 | 68  0.02637  1.15454e-01 | 69  0.00305 -8.04810e-02
 70 -0.08387 -6.51293e-02 | 71 -0.09139 -3.97371e-02 | 72 -0.05202 -2.61339e-02
 73 -0.01765 -6.25964e-02 | 74 -0.01716 -9.99108e-02 | 75 -0.01715 -9.46029e-02
 76 -0.01714 -9.36754e-02 | 77 -0.51024 -1.22687e+00 | 78 -0.14853 -1.92265e-01
 79 -0.28382  3.70414e-01 | 80  0.57931 -3.72633e-01 | 81 -0.28716 -1.94358e+00
 82 -0.39241 -1.27385e-02 | 83 -0.07089  7.52110e-02 | 84  0.19696 -2.37097e-01
 85  0.97100 -1.07102e-02 | 86  0.23319  1.20636e-03 | 87  0.26282 -2.30681e-03
 88  0.33072  1.79692e-03 | 89 -0.14823 -7.12587e-04 | 90 -0.00668 -3.29801e-05
 91  0.08291  3.76895e-04 | 92  0.28275  1.49498e-03 |
92 variables; iteration 120; function evaluation 183; phase 3
Function value -8.9518372e+01; maximum gradient component mag 2.7172e+00
Var    Value     Gradient |Var    Value     Gradient |Var    Value     Gradient
  1  0.73678 -4.31465e-03 |  2  0.00033  5.20863e-04 |  3  0.00043  9.60153e-03
  4 -0.01565 -3.28610e-02 |  5 -0.01537  1.57952e-02 |  6 -0.01526  2.33152e-02
  7 -0.01536 -2.80823e-02 |  8 -0.01505  1.80624e-02 |  9 -0.01509 -2.73182e-02
 10 -0.01465  4.10899e-02 | 11 -0.01484 -4.41165e-02 | 12 -0.01433  3.37510e-02
 13 -0.01434 -2.16533e-02 | 14 -0.01400 -6.55468e-03 | 15 -0.01359  6.01488e-03
 16 -0.01310 -2.15863e-03 | 17 -0.01241  1.35334e-03 | 18 -0.01102  8.26974e-04
 19 -0.00930 -1.02801e-03 | 20 -0.00744 -3.23533e-03 | 21 -0.00519  8.86241e-04
 22 -0.00274 -3.62020e-03 | 23 -0.00031  5.08973e-03 | 24  0.00157  5.90880e-03
 25  0.00270  2.00596e-03 | 26  0.00254 -5.77313e-04 | 27  0.00132  3.15418e-03
 28 -0.00071  7.08713e-04 | 29 -0.00247 -1.01990e-03 | 30 -0.00461 -2.65844e-03
 31 -0.00695 -9.34854e-03 | 32 -0.00803 -4.61029e-03 | 33 -0.00750 -7.05201e-04
 34 -0.01130  4.43196e-03 | 35 -0.01298  1.59433e-03 | 36  0.00669  1.59704e-02
 37 -0.01098  3.41181e-03 | 38 -0.06146 -2.47365e-03 | 39 -0.04683  3.86700e-03
 40 -0.03925  3.27225e-04 | 41 -0.03219 -4.10138e-03 | 42 -0.02802  4.47178e-03
 43 -0.02454  1.63337e-03 | 44 -0.02538 -2.88926e-03 | 45 -0.03017  1.10994e-03
 46 -0.03255 -1.84102e-04 | 47 -0.01344  7.28141e-03 | 48  0.02178  1.05422e-02
 49  0.01051  8.95942e-03 | 50 -0.02257 -1.19955e-03 | 51 -0.01908 -1.06325e-02
 52 -0.04745 -1.11236e-02 | 53 -0.03602  8.02479e-04 | 54 -0.00331  8.23434e-04
 55 -0.01610  1.67449e-03 | 56  0.00477 -2.26715e-03 | 57  0.01138 -3.54816e-03
 58  0.00885  1.93937e-03 | 59 -0.02484  2.85053e-03 | 60 -0.02829 -1.40544e-04
 61  0.02407  1.23648e-02 | 62 -0.02020  9.76612e-03 | 63 -0.04292  9.20169e-03
 64 -0.01085  1.00034e-02 | 65 -0.02534  1.41224e-03 | 66 -0.04980 -1.85673e-02
 67 -0.04882 -3.65447e-02 | 68  0.02642 -2.93845e-02 | 69  0.00303  1.52636e-02
 70 -0.08384  1.39140e-02 | 71 -0.09136  6.28830e-04 | 72 -0.05196  2.39415e-03
 73 -0.01741 -1.44286e-03 | 74 -0.01692 -4.00160e-02 | 75 -0.01671  1.28298e-02
 76 -0.01662  3.37736e-02 | 77 -0.50894  1.85932e-02 | 78 -0.15109 -5.75250e-02
 79 -0.28044 -2.71526e-02 | 80  0.58197  5.97338e-03 | 81 -0.28640  2.71719e+00
 82 -0.34277  2.54417e-02 | 83 -0.07001 -2.84413e-02 | 84  0.18589  2.03613e-01
 85  0.97152 -8.03764e-03 | 86  0.22028  1.13414e-03 | 87  0.26288  8.16357e-03
 88  0.33077  1.79720e-03 | 89 -0.10655 -5.21485e-04 | 90 -0.00468 -2.31088e-05
 91  0.06134  2.93950e-04 | 92  0.16163  8.15242e-04 |
92 variables; iteration 140; function evaluation 205; phase 3
Function value -8.9520019e+01; maximum gradient component mag 1.3812e-01
Var    Value     Gradient |Var    Value     Gradient |Var    Value     Gradient
  1  0.97553 -1.76181e-04 |  2  0.00033  5.04809e-04 |  3  0.00038 -1.03366e-03
  4 -0.01551 -2.35263e-04 |  5 -0.01543  3.25055e-03 |  6 -0.01535  5.49214e-04
  7 -0.01526 -4.45454e-03 |  8 -0.01513 -2.19622e-03 |  9 -0.01497  2.44438e-03
 10 -0.01481  2.84201e-03 | 11 -0.01468 -4.76609e-03 | 12 -0.01446  2.19748e-03
 13 -0.01425  1.34201e-03 | 14 -0.01399 -2.28436e-03 | 15 -0.01361  1.43458e-03
 16 -0.01308  2.69898e-03 | 17 -0.01241 -3.15001e-04 | 18 -0.01103 -4.13732e-04
 19 -0.00931 -1.46821e-03 | 20 -0.00743 -1.28168e-03 | 21 -0.00520 -8.43374e-04
 22 -0.00272 -4.31438e-06 | 23 -0.00035 -1.83029e-03 | 24  0.00153 -1.98371e-03
 25  0.00268 -8.69413e-04 | 26  0.00254 -1.27478e-04 | 27  0.00130 -3.95073e-04
 28 -0.00072 -2.66771e-04 | 29 -0.00247  9.57127e-05 | 30 -0.00460  7.65788e-04
 31 -0.00691  1.78109e-03 | 32 -0.00801  7.68001e-04 | 33 -0.00746  2.22616e-03
 34 -0.01124  2.68292e-03 | 35 -0.01281  8.34000e-03 | 36  0.00687  8.36140e-03
 37 -0.01129 -1.10998e-02 | 38 -0.06167 -8.29120e-03 | 39 -0.04680 -2.35728e-05
 40 -0.03928 -8.87413e-04 | 41 -0.03216  8.86242e-04 | 42 -0.02803  1.32487e-05
 43 -0.02453 -2.35708e-04 | 44 -0.02535  4.49679e-04 | 45 -0.03017 -9.99421e-04
 46 -0.03255  2.11947e-03 | 47 -0.01349 -1.10652e-03 | 48  0.02177  1.35653e-04
 49  0.01055 -3.50458e-04 | 50 -0.02258  1.53994e-04 | 51 -0.01905  3.16927e-04
 52 -0.04743  1.51567e-03 | 53 -0.03607 -2.24714e-03 | 54 -0.00332 -3.10567e-03
 55 -0.01608 -1.92291e-03 | 56  0.00473 -2.60812e-03 | 57  0.01135 -4.73622e-04
 58  0.00890 -2.14130e-03 | 59 -0.02481 -2.06805e-03 | 60 -0.02834 -3.65555e-03
 61  0.02407 -3.44375e-03 | 62 -0.02012 -2.13599e-03 | 63 -0.04296 -4.72620e-03
 64 -0.01089 -1.36181e-03 | 65 -0.02527  7.52005e-04 | 66 -0.04979  2.34282e-03
 67 -0.04888  1.28393e-03 | 68  0.02628  9.56698e-03 | 69  0.00325  1.00381e-02
 70 -0.08378  2.51904e-03 | 71 -0.09138  1.12774e-03 | 72 -0.05207  2.85824e-04
 73 -0.01738 -2.00308e-03 | 74 -0.01676 -6.47256e-04 | 75 -0.01676  1.29757e-03
 76 -0.01676  2.91112e-04 | 77 -0.50728  7.43308e-02 | 78 -0.15226  4.19391e-02
 79 -0.27582 -1.57452e-02 | 80  0.58127  2.16599e-02 | 81 -0.28977  1.38124e-01
 82 -0.28547  3.88196e-03 | 83 -0.07369 -3.05503e-03 | 84  0.20430  1.43707e-02
 85  0.97323  1.18403e-03 | 86  0.21045  1.07979e-03 | 87  0.26287  1.76815e-03
 88  0.32254  1.74368e-03 | 89  0.00966  5.24037e-05 | 90  0.00062  3.07579e-06
 91 -0.00240 -1.54974e-05 | 92 -0.07002 -3.46943e-04 |
92 variables; iteration 160; function evaluation 225; phase 3
Function value -8.9520143e+01; maximum gradient component mag 9.1872e-01
Var    Value     Gradient |Var    Value     Gradient |Var    Value     Gradient
  1  0.99127 -5.23399e-05 |  2  0.00033  1.53017e-04 |  3  0.00036 -5.45746e-03
  4 -0.01549  4.44337e-03 |  5 -0.01544 -1.34680e-03 |  6 -0.01535  8.69781e-04
  7 -0.01525  1.51165e-04 |  8 -0.01514 -5.31408e-03 |  9 -0.01497  1.38244e-03
 10 -0.01481  2.43347e-03 | 11 -0.01467 -4.00853e-03 | 12 -0.01446  2.47483e-03
 13 -0.01426 -1.79090e-03 | 14 -0.01399 -3.74447e-03 | 15 -0.01362 -9.83669e-05
 16 -0.01308  4.03272e-03 | 17 -0.01242 -1.12036e-03 | 18 -0.01102  3.64622e-04
 19 -0.00931 -3.02543e-03 | 20 -0.00744 -3.47473e-03 | 21 -0.00520 -1.02803e-03
 22 -0.00273 -1.22113e-04 | 23 -0.00033  8.60046e-04 | 24  0.00153 -4.82318e-04
 25  0.00268 -6.21181e-04 | 26  0.00254 -4.47162e-04 | 27  0.00132  2.11760e-03
 28 -0.00072 -5.85386e-04 | 29 -0.00247 -5.08397e-04 | 30 -0.00460 -6.00534e-04
 31 -0.00692 -2.01944e-03 | 32 -0.00801  1.25577e-04 | 33 -0.00746  2.14436e-03
 34 -0.01123  5.78232e-03 | 35 -0.01281  1.23612e-02 | 36  0.00686  1.70765e-02
 37 -0.01128 -2.11585e-02 | 38 -0.06166 -8.59168e-03 | 39 -0.04680  1.60975e-03
 40 -0.03928 -2.11673e-03 | 41 -0.03216 -1.27546e-04 | 42 -0.02802  2.44313e-03
 43 -0.02453  1.01389e-03 | 44 -0.02535  6.10395e-04 | 45 -0.03017 -2.12679e-04
 46 -0.03255  3.82537e-03 | 47 -0.01349 -2.19766e-05 | 48  0.02177  5.13187e-03
 49  0.01054  5.68501e-03 | 50 -0.02258  2.45210e-03 | 51 -0.01905  5.03446e-04
 52 -0.04743  3.36174e-04 | 53 -0.03607 -5.90602e-03 | 54 -0.00332 -5.44232e-03
 55 -0.01608 -4.73261e-03 | 56  0.00473 -6.52568e-03 | 57  0.01135 -4.84448e-03
 58  0.00890 -8.13446e-04 | 59 -0.02481 -6.19490e-04 | 60 -0.02834 -5.88060e-03
 61  0.02407 -1.10083e-03 | 62 -0.02012  1.84969e-03 | 63 -0.04296 -3.38742e-03
 64 -0.01089  1.29087e-03 | 65 -0.02527  5.92094e-03 | 66 -0.04979  1.91470e-03
 67 -0.04887 -5.12591e-03 | 68  0.02628 -4.88368e-03 | 69  0.00324  1.37576e-02
 70 -0.08378  4.91398e-03 | 71 -0.09139 -2.07816e-03 | 72 -0.05207 -2.31329e-03
 73 -0.01739 -4.02938e-03 | 74 -0.01677 -3.81518e-03 | 75 -0.01676  2.35042e-03
 76 -0.01674  4.87521e-03 | 77 -0.50712 -2.18380e-02 | 78 -0.15235  5.35305e-02
 79 -0.27535  2.34690e-02 | 80  0.58122  2.17108e-02 | 81 -0.28960  9.18722e-01
 82 -0.27923  4.20323e-02 | 83 -0.07351 -2.04472e-02 | 84  0.20010  9.18278e-02
 85  0.97284 -1.01012e-03 | 86  0.22973  1.18693e-03 | 87  0.26288  9.46091e-03
 88  0.22178  1.14103e-03 | 89 -0.05685 -2.76901e-04 | 90 -0.00237 -1.16765e-05
 91  0.03545  1.70872e-04 | 92  0.04842  2.39412e-04 |
92 variables; iteration 180; function evaluation 246; phase 3
Function value -8.9520270e+01; maximum gradient component mag 3.0061e-02
Var    Value     Gradient |Var    Value     Gradient |Var    Value     Gradient
  1  1.02562  1.84924e-04 |  2  0.00033 -5.48373e-06 |  3  0.00039  7.65828e-05
  4 -0.01551 -1.59130e-05 |  5 -0.01544 -6.11330e-06 |  6 -0.01535  1.71785e-05
  7 -0.01525 -1.54037e-05 |  8 -0.01512 -7.35657e-06 |  9 -0.01498 -1.93032e-05
 10 -0.01482  4.97657e-05 | 11 -0.01466  4.64595e-05 | 12 -0.01447  6.06440e-05
 13 -0.01426 -8.69317e-06 | 14 -0.01398  2.30208e-05 | 15 -0.01362  8.96508e-06
 16 -0.01310 -2.75586e-05 | 17 -0.01241  7.18854e-05 | 18 -0.01103 -2.72504e-05
 19 -0.00930  1.73941e-05 | 20 -0.00742  5.15953e-05 | 21 -0.00519  5.95535e-05
 22 -0.00273  1.16809e-05 | 23 -0.00034 -5.48501e-05 | 24  0.00154 -6.68168e-05
 25  0.00268 -5.27401e-05 | 26  0.00254 -2.36773e-05 | 27  0.00130 -4.21415e-05
 28 -0.00072 -4.03139e-05 | 29 -0.00247 -1.78029e-05 | 30 -0.00460  5.32655e-05
 31 -0.00691  4.78191e-05 | 32 -0.00801  1.02098e-04 | 33 -0.00747  1.53071e-04
 34 -0.01125  4.03443e-04 | 35 -0.01282  8.67114e-04 | 36  0.00688  1.22346e-03
 37 -0.01128 -7.05002e-04 | 38 -0.06168 -1.88229e-03 | 39 -0.04680 -5.37994e-05
 40 -0.03928 -1.59868e-05 | 41 -0.03216  4.15116e-05 | 42 -0.02803 -1.11181e-05
 43 -0.02453  6.56424e-05 | 44 -0.02535  8.88586e-05 | 45 -0.03017  5.80473e-05
 46 -0.03256  6.81930e-05 | 47 -0.01349  1.05841e-04 | 48  0.02177  4.97268e-04
 49  0.01055  6.86054e-04 | 50 -0.02258  3.87012e-04 | 51 -0.01905  1.62871e-04
 52 -0.04743 -9.14863e-05 | 53 -0.03607 -2.07508e-04 | 54 -0.00332  1.96355e-05
 55 -0.01608 -9.28932e-05 | 56  0.00473 -1.99209e-04 | 57  0.01135 -1.95650e-04
 58  0.00890 -1.74110e-05 | 59 -0.02481  2.17767e-05 | 60 -0.02834 -2.44300e-04
 61  0.02407  8.79599e-05 | 62 -0.02011  1.75602e-04 | 63 -0.04296  7.81908e-06
 64 -0.01089 -1.22708e-04 | 65 -0.02527 -2.90022e-04 | 66 -0.04979 -3.67956e-04
 67 -0.04888 -5.28129e-04 | 68  0.02627 -4.40308e-04 | 69  0.00326  6.64807e-04
 70 -0.08377  3.08391e-04 | 71 -0.09139 -3.42490e-05 | 72 -0.05207 -1.24836e-04
 73 -0.01737  1.31682e-04 | 74 -0.01675  8.43254e-06 | 75 -0.01676  4.50095e-05
 76 -0.01676  5.42368e-05 | 77 -0.50672  1.44081e-02 | 78 -0.15284  5.46021e-04
 79 -0.27431 -7.57917e-03 | 80  0.58134  1.81421e-03 | 81 -0.28982  3.00613e-02
 82 -0.26815  1.95693e-04 | 83 -0.07375 -1.25937e-03 | 84  0.19601  3.54409e-03
 85  0.97293 -4.60451e-04 | 86  0.26371  1.38206e-03 | 87  0.26287  1.13375e-03
 88  0.03754  1.85454e-04 | 89  0.00169  1.30666e-05 | 90  0.00002  1.15578e-07
 91 -0.00042 -5.75909e-06 | 92 -0.00017 -8.26763e-07 |
92 variables; iteration 200; function evaluation 272; phase 3
Function value -8.9520405e+01; maximum gradient component mag 7.2880e-01
Var    Value     Gradient |Var    Value     Gradient |Var    Value     Gradient
  1  1.00740  4.06286e-05 |  2  0.00033  3.09891e-04 |  3  0.00038 -1.19047e-03
  4 -0.01551  1.34129e-03 |  5 -0.01544 -4.67105e-04 |  6 -0.01535 -4.26920e-04
  7 -0.01525 -3.51331e-05 |  8 -0.01513 -9.46329e-04 |  9 -0.01498  4.07492e-04
 10 -0.01482  3.83049e-04 | 11 -0.01466 -5.81079e-04 | 12 -0.01447 -6.81843e-05
 13 -0.01426 -3.32048e-04 | 14 -0.01398 -1.13800e-03 | 15 -0.01362 -6.62646e-04
 16 -0.01309  2.32149e-04 | 17 -0.01242 -6.99340e-04 | 18 -0.01103  1.89052e-04
 19 -0.00930 -5.48908e-04 | 20 -0.00743 -7.04849e-04 | 21 -0.00519  1.92387e-04
 22 -0.00273 -3.94051e-04 | 23 -0.00033  1.52327e-03 | 24  0.00154  1.38579e-03
 25  0.00269  1.25285e-05 | 26  0.00254 -2.32087e-04 | 27  0.00131  4.91515e-04
 28 -0.00072 -5.77460e-04 | 29 -0.00247 -5.13973e-04 | 30 -0.00460 -8.83026e-04
 31 -0.00692 -1.15062e-03 | 32 -0.00801  4.35956e-04 | 33 -0.00747  1.33949e-03
 34 -0.01124  1.66145e-03 | 35 -0.01282  2.05803e-03 | 36  0.00688  5.42675e-03
 37 -0.01128 -5.47126e-03 | 38 -0.06167 -1.43890e-03 | 39 -0.04680  1.33406e-04
 40 -0.03928 -3.88810e-04 | 41 -0.03216 -4.41962e-04 | 42 -0.02802  1.33016e-03
 43 -0.02453  6.70588e-04 | 44 -0.02535  1.63988e-04 | 45 -0.03016  1.45153e-03
 46 -0.03256  6.16854e-04 | 47 -0.01349  1.40637e-03 | 48  0.02177  4.81956e-03
 49  0.01055  5.38175e-03 | 50 -0.02258  2.97629e-03 | 51 -0.01905  1.25875e-03
 52 -0.04743  1.61815e-03 | 53 -0.03607 -1.28663e-03 | 54 -0.00332 -1.02059e-03
 55 -0.01608  2.81497e-04 | 56  0.00474 -1.35285e-03 | 57  0.01134 -2.70973e-03
 58  0.00891  3.79560e-05 | 59 -0.02481  1.99812e-04 | 60 -0.02834 -1.88911e-03
 61  0.02407 -1.31547e-04 | 62 -0.02012  1.20962e-03 | 63 -0.04296  9.90208e-04
 64 -0.01089  1.36345e-03 | 65 -0.02527  6.28137e-04 | 66 -0.04979 -2.89321e-03
 67 -0.04888 -7.12224e-03 | 68  0.02627 -9.32456e-03 | 69  0.00326  3.27476e-03
 70 -0.08377  1.67480e-03 | 71 -0.09139 -2.09780e-03 | 72 -0.05207 -1.67912e-03
 73 -0.01737 -3.79758e-05 | 74 -0.01675 -3.39337e-04 | 75 -0.01676  3.54358e-04
 76 -0.01676  9.61632e-04 | 77 -0.50396 -9.84311e-03 | 78 -0.15546 -7.60889e-03
 79 -0.26699 -1.50178e-03 | 80  0.58132 -6.39746e-03 | 81 -0.28981  7.28796e-01
 82 -0.24521  7.55813e-02 | 83 -0.07374 -1.41083e-02 | 84  0.17562  6.36620e-02
 85  0.97284 -1.01413e-03 | 86  0.20440  1.04657e-03 | 87  0.26288  4.99340e-03
 88  0.04409  2.17912e-04 | 89 -0.02081 -9.80712e-05 | 90  0.00496  2.45014e-05
 91 -0.02776 -1.40113e-04 | 92  0.00248  1.22281e-05 |
92 variables; iteration 220; function evaluation 297; phase 3
Function value -8.9520553e+01; maximum gradient component mag 2.0544e-01
Var    Value     Gradient |Var    Value     Gradient |Var    Value     Gradient
  1  1.00802  4.62241e-05 |  2  0.00033  2.39021e-04 |  3  0.00039 -1.05367e-04
  4 -0.01551  1.17021e-04 |  5 -0.01544  7.93888e-05 |  6 -0.01535 -2.85406e-05
  7 -0.01525 -1.01792e-04 |  8 -0.01512 -8.34936e-05 |  9 -0.01498  1.37148e-04
 10 -0.01482  1.08522e-04 | 11 -0.01466 -1.48571e-04 | 12 -0.01447  6.39739e-05
 13 -0.01426  2.17789e-05 | 14 -0.01398 -1.71061e-04 | 15 -0.01362 -9.07242e-06
 16 -0.01310  6.65043e-05 | 17 -0.01241 -2.20746e-04 | 18 -0.01103 -4.28950e-05
 19 -0.00930 -1.45060e-04 | 20 -0.00742 -5.54818e-05 | 21 -0.00519  7.98723e-05
 22 -0.00273 -1.91006e-04 | 23 -0.00034  1.37633e-04 | 24  0.00154  3.94232e-04
 25  0.00268 -3.58514e-07 | 26  0.00254  1.14865e-05 | 27  0.00130 -1.81349e-04
 28 -0.00072 -1.46088e-04 | 29 -0.00247 -1.97487e-04 | 30 -0.00460 -3.68073e-04
 31 -0.00691  1.41931e-04 | 32 -0.00801  1.35423e-04 | 33 -0.00747  6.13909e-04
 34 -0.01125  1.74604e-04 | 35 -0.01282  9.79765e-04 | 36  0.00687  1.60006e-03
 37 -0.01128 -1.61458e-03 | 38 -0.06167 -1.31058e-03 | 39 -0.04680 -3.38427e-04
 40 -0.03928  7.91203e-06 | 41 -0.03216 -1.18223e-04 | 42 -0.02802  1.46857e-04
 43 -0.02453 -2.30992e-05 | 44 -0.02535 -4.36837e-05 | 45 -0.03016  3.22773e-04
 46 -0.03256 -1.91004e-04 | 47 -0.01349  3.73567e-04 | 48  0.02177  8.43301e-04
 49  0.01055  7.73287e-04 | 50 -0.02258  3.22464e-04 | 51 -0.01905 -3.31270e-06
 52 -0.04743  1.09405e-04 | 53 -0.03607 -4.08454e-04 | 54 -0.00332 -3.83857e-04
 55 -0.01608  1.31358e-05 | 56  0.00473 -3.87935e-04 | 57  0.01134 -6.67733e-04
 58  0.00890 -8.33905e-05 | 59 -0.02481 -1.16397e-04 | 60 -0.02834 -3.37278e-04
 61  0.02407 -6.41885e-05 | 62 -0.02011  2.07273e-04 | 63 -0.04296  2.06592e-04
 64 -0.01089  3.71529e-04 | 65 -0.02527 -6.41566e-05 | 66 -0.04979 -7.02812e-04
 67 -0.04888 -1.35917e-03 | 68  0.02627 -8.19850e-04 | 69  0.00326  1.81072e-03
 70 -0.08377  6.62355e-04 | 71 -0.09139 -2.42715e-04 | 72 -0.05207 -1.63530e-04
 73 -0.01737  3.20944e-05 | 74 -0.01675 -4.19153e-05 | 75 -0.01676  1.77912e-05
 76 -0.01676  2.73001e-05 | 77 -0.49925  2.06538e-02 | 78 -0.16037 -6.81830e-04
 79 -0.25521 -1.12252e-02 | 80  0.58133  7.27729e-05 | 81 -0.28983  2.05439e-01
 82 -0.22825  3.04954e-02 | 83 -0.07376 -3.01764e-03 | 84  0.14769  1.49869e-02
 85  0.97295 -3.36150e-04 | 86  0.11575  5.78074e-04 | 87  0.26287  9.23331e-04
 88  0.03930  1.94197e-04 | 89  0.01227  6.51699e-05 | 90 -0.00365 -1.80296e-05
 91  0.02167  1.02773e-04 | 92  0.00150  7.41654e-06 |
92 variables; iteration 240; function evaluation 321; phase 3
Function value -8.9520611e+01; maximum gradient component mag 1.8419e-01
Var    Value     Gradient |Var    Value     Gradient |Var    Value     Gradient
  1  1.00114 -7.91698e-05 |  2  0.00033  1.92357e-04 |  3  0.00039 -1.31725e-04
  4 -0.01551  3.10080e-04 |  5 -0.01544 -1.65896e-04 |  6 -0.01535  6.41122e-05
  7 -0.01525  2.69744e-04 |  8 -0.01512 -1.25809e-04 |  9 -0.01498  1.85847e-05
 10 -0.01482  9.55092e-05 | 11 -0.01466  1.38634e-04 | 12 -0.01447  7.01486e-05
 13 -0.01426 -1.90212e-04 | 14 -0.01398 -1.64983e-04 | 15 -0.01362 -1.33459e-04
 16 -0.01310 -1.77331e-05 | 17 -0.01241 -1.84258e-04 | 18 -0.01103 -1.50038e-05
 19 -0.00930 -1.82402e-04 | 20 -0.00742  3.47767e-05 | 21 -0.00519  1.80565e-04
 22 -0.00273 -2.87289e-04 | 23 -0.00034  2.82617e-04 | 24  0.00154  5.88239e-04
 25  0.00268  1.18854e-05 | 26  0.00254  3.40383e-05 | 27  0.00130 -8.13047e-05
 28 -0.00072 -3.45579e-05 | 29 -0.00247 -1.28724e-04 | 30 -0.00460 -5.01196e-04
 31 -0.00691 -1.55825e-04 | 32 -0.00801 -5.44764e-05 | 33 -0.00747  4.01272e-04
 34 -0.01124  2.76948e-04 | 35 -0.01281  1.67831e-03 | 36  0.00687  1.84296e-03
 37 -0.01128 -3.63302e-03 | 38 -0.06167 -5.29413e-04 | 39 -0.04680 -1.49528e-04
 40 -0.03928  9.76295e-05 | 41 -0.03216 -1.54502e-04 | 42 -0.02802  2.73189e-04
 43 -0.02453  9.85893e-05 | 44 -0.02535 -8.04554e-05 | 45 -0.03016  3.40139e-04
 46 -0.03256 -5.23835e-04 | 47 -0.01349  1.49443e-04 | 48  0.02177  2.55358e-04
 49  0.01055  5.13496e-04 | 50 -0.02258  1.10340e-04 | 51 -0.01905  1.39166e-04
 52 -0.04743 -5.71118e-04 | 53 -0.03607 -9.05941e-04 | 54 -0.00332 -1.03271e-03
 55 -0.01608 -5.62149e-04 | 56  0.00473 -5.35066e-04 | 57  0.01134 -4.67749e-04
 58  0.00890  7.18781e-04 | 59 -0.02481  1.97365e-04 | 60 -0.02834 -1.74380e-04
 61  0.02407  3.74259e-04 | 62 -0.02011  4.17505e-04 | 63 -0.04296  2.35746e-04
 64 -0.01089  3.85036e-04 | 65 -0.02527  6.30389e-04 | 66 -0.04979 -8.42738e-05
 67 -0.04888 -1.03836e-03 | 68  0.02627 -9.97064e-04 | 69  0.00326  1.99873e-03
 70 -0.08377  7.62837e-04 | 71 -0.09139 -1.41797e-04 | 72 -0.05207 -5.02272e-05
 73 -0.01737  2.21580e-04 | 74 -0.01675 -1.44288e-04 | 75 -0.01676  8.92358e-05
 76 -0.01676  2.52583e-04 | 77 -0.49461 -3.71351e-03 | 78 -0.16581  1.08404e-02
 79 -0.24432  5.34825e-03 | 80  0.58128  4.53055e-03 | 81 -0.28982  1.84190e-01
 82 -0.21923  3.34310e-02 | 83 -0.07375 -2.58660e-03 | 84  0.12306  1.10143e-02
 85  0.97305  1.66366e-04 | 86  0.04983 -1.06519e-03 | 87  0.26287 -7.97178e-04
 88 -0.03889 -1.92143e-04 | 89  0.04794  2.41310e-04 | 90 -0.01276 -6.29704e-05
 91  0.07414  3.61982e-04 | 92  0.00399  1.97078e-05 |
92 variables; iteration 260; function evaluation 342; phase 3
Function value -8.9520632e+01; maximum gradient component mag 5.5858e-02
Var    Value     Gradient |Var    Value     Gradient |Var    Value     Gradient
  1  1.00624  2.96500e-05 |  2  0.00033 -3.24449e-05 |  3  0.00039  8.79707e-06
  4 -0.01551 -4.70079e-06 |  5 -0.01544 -2.05003e-05 |  6 -0.01535 -1.67246e-05
  7 -0.01525  2.30786e-06 |  8 -0.01512  4.80418e-07 |  9 -0.01498 -1.55959e-05
 10 -0.01482 -2.35001e-05 | 11 -0.01466  3.55349e-05 | 12 -0.01447 -2.51539e-05
 13 -0.01426  1.55516e-06 | 14 -0.01398  1.01840e-05 | 15 -0.01362 -1.16194e-05
 16 -0.01310 -2.08865e-05 | 17 -0.01241  3.44658e-05 | 18 -0.01103  9.10593e-06
 19 -0.00930  2.35276e-05 | 20 -0.00742 -3.44303e-07 | 21 -0.00519 -3.53062e-06
 22 -0.00273  3.60249e-05 | 23 -0.00034  5.93291e-06 | 24  0.00154 -4.95919e-05
 25  0.00268  6.45293e-06 | 26  0.00254 -1.35332e-05 | 27  0.00130  3.88694e-05
 28 -0.00072  9.93012e-06 | 29 -0.00247  3.48955e-05 | 30 -0.00460  6.37331e-05
 31 -0.00691 -6.56192e-05 | 32 -0.00801 -3.07410e-05 | 33 -0.00747 -9.37516e-05
 34 -0.01124  7.00794e-05 | 35 -0.01282  5.31659e-05 | 36  0.00688  4.05788e-05
 37 -0.01128 -4.90625e-04 | 38 -0.06167  5.72013e-04 | 39 -0.04680  3.16706e-05
 40 -0.03928 -3.40755e-05 | 41 -0.03216  7.68256e-07 | 42 -0.02803 -2.23354e-05
 43 -0.02453  4.71924e-06 | 44 -0.02535 -2.35664e-06 | 45 -0.03017 -5.00952e-05
 46 -0.03256  1.69357e-05 | 47 -0.01349 -1.16015e-05 | 48  0.02177  1.56147e-04
 49  0.01055  1.45105e-04 | 50 -0.02258 -5.48057e-05 | 51 -0.01905 -6.93272e-05
 52 -0.04743 -1.24328e-04 | 53 -0.03607 -1.31428e-04 | 54 -0.00332 -1.30988e-05
 55 -0.01608  2.06188e-05 | 56  0.00473 -9.36984e-05 | 57  0.01135 -6.48930e-05
 58  0.00890 -1.46958e-05 | 59 -0.02481  1.52852e-05 | 60 -0.02834 -7.63606e-05
 61  0.02407  1.39613e-04 | 62 -0.02011  2.19680e-04 | 63 -0.04296  1.37812e-04
 64 -0.01089  3.70688e-04 | 65 -0.02527  2.84518e-04 | 66 -0.04979 -8.68710e-05
 67 -0.04888 -4.08613e-04 | 68  0.02627 -5.33214e-04 | 69  0.00326  2.23001e-04
 70 -0.08377  1.32280e-04 | 71 -0.09139 -7.26725e-05 | 72 -0.05207 -7.69475e-05
 73 -0.01737  1.30415e-05 | 74 -0.01675  3.24971e-05 | 75 -0.01676 -4.76994e-07
 76 -0.01676  5.78406e-07 | 77 -0.49476 -3.89182e-03 | 78 -0.16568 -8.21175e-04
 79 -0.24466 -1.08134e-03 | 80  0.58132 -1.29650e-03 | 81 -0.28984  5.58581e-02
 82 -0.21950  9.23763e-03 | 83 -0.07377 -7.21398e-04 | 84  0.12423  3.79037e-03
 85  0.97303  9.34265e-05 | 86  0.05095 -5.68968e-04 | 87  0.26287 -2.28218e-04
 88 -0.02848 -1.40630e-04 | 89 -0.00115 -9.91000e-07 | 90  0.00012  5.74409e-07
 91  0.00011 -3.12887e-06 | 92 -0.00006 -3.07275e-07 |
92 variables; iteration 280; function evaluation 363; phase 3
Function value -8.9520662e+01; maximum gradient component mag 9.9458e-01
Var    Value     Gradient |Var    Value     Gradient |Var    Value     Gradient
  1  0.99185 -4.73640e-05 |  2  0.00033  1.60289e-03 |  3  0.00039  5.21591e-04
  4 -0.01551 -3.61103e-04 |  5 -0.01543  1.37298e-03 |  6 -0.01535  2.07012e-04
  7 -0.01525 -1.41220e-03 |  8 -0.01512  2.25709e-05 |  9 -0.01498  8.71063e-04
 10 -0.01482  1.11841e-03 | 11 -0.01466 -1.39904e-03 | 12 -0.01447  7.81151e-04
 13 -0.01425  2.18635e-04 | 14 -0.01398 -9.00880e-04 | 15 -0.01362  2.84959e-04
 16 -0.01309  2.13850e-04 | 17 -0.01242 -1.14465e-03 | 18 -0.01103 -3.39154e-04
 19 -0.00930 -6.51426e-04 | 20 -0.00742  8.55631e-05 | 21 -0.00519  3.60867e-04
 22 -0.00273 -1.49838e-03 | 23 -0.00034  4.62593e-04 | 24  0.00155  2.10551e-03
 25  0.00268 -4.93657e-04 | 26  0.00254  2.56741e-04 | 27  0.00130 -1.23022e-03
 28 -0.00072 -6.43507e-04 | 29 -0.00248 -9.86130e-04 | 30 -0.00461 -1.92075e-03
 31 -0.00691  1.46509e-03 | 32 -0.00801  1.07723e-03 | 33 -0.00746  3.82332e-03
 34 -0.01125  3.26832e-04 | 35 -0.01282  3.73588e-03 | 36  0.00688  3.40647e-03
 37 -0.01129 -1.11018e-02 | 38 -0.06167 -1.79734e-03 | 39 -0.04680 -5.56819e-04
 40 -0.03928  3.09077e-04 | 41 -0.03216 -6.94829e-05 | 42 -0.02802  1.46451e-03
 43 -0.02453  2.53688e-04 | 44 -0.02535 -2.98535e-04 | 45 -0.03016  1.58532e-03
 46 -0.03256 -7.98659e-04 | 47 -0.01349  1.19144e-03 | 48  0.02177  2.34009e-03
 49  0.01055  1.39459e-03 | 50 -0.02258  1.42637e-03 | 51 -0.01905 -1.45338e-04
 52 -0.04743  1.21476e-03 | 53 -0.03606  1.79500e-03 | 54 -0.00332  8.09822e-04
 55 -0.01608  1.85640e-03 | 56  0.00474 -1.08415e-03 | 57  0.01134 -3.70548e-03
 58  0.00890 -2.57806e-03 | 59 -0.02481 -2.98518e-03 | 60 -0.02834 -1.54676e-03
 61  0.02407 -1.13527e-03 | 62 -0.02012 -2.69319e-04 | 63 -0.04296  6.83578e-04
 64 -0.01089  1.28470e-03 | 65 -0.02527 -1.87195e-04 | 66 -0.04979 -2.62199e-03
 67 -0.04888 -4.29659e-03 | 68  0.02627 -1.80598e-03 | 69  0.00326  7.95169e-03
 70 -0.08378  2.05762e-03 | 71 -0.09139 -2.84595e-04 | 72 -0.05207  2.51938e-04
 73 -0.01736  6.62800e-04 | 74 -0.01675 -1.92896e-04 | 75 -0.01676  2.82925e-04
 76 -0.01676 -2.65249e-04 | 77 -0.49086  2.38791e-02 | 78 -0.17094 -4.05441e-03
 79 -0.23603 -1.60087e-02 | 80  0.58133 -1.60104e-03 | 81 -0.28984  9.94578e-01
 82 -0.21625  2.04219e-01 | 83 -0.07377 -1.09520e-02 | 84  0.11280  5.35958e-02
 85  0.97294 -4.52381e-04 | 86  0.06029  2.52863e-04 | 87  0.26287  2.42210e-03
 88  0.01094  5.39694e-05 | 89 -0.01083 -4.87456e-05 | 90 -0.00213 -1.05149e-05
 91 -0.00777 -4.18367e-05 | 92 -0.00182 -8.99714e-06 |
92 variables; iteration 300; function evaluation 386; phase 3
Function value -8.9520725e+01; maximum gradient component mag 6.2623e-01
Var    Value     Gradient |Var    Value     Gradient |Var    Value     Gradient
  1  1.02253  1.61355e-04 |  2  0.00033  4.73156e-05 |  3  0.00039 -2.39213e-04
  4 -0.01551  1.87661e-04 |  5 -0.01544 -1.93177e-04 |  6 -0.01535 -1.48257e-05
  7 -0.01525  1.93623e-04 |  8 -0.01512 -1.18677e-04 |  9 -0.01498 -1.89959e-04
 10 -0.01482  2.80406e-05 | 11 -0.01466  2.64123e-05 | 12 -0.01447  8.62700e-06
 13 -0.01426 -2.37336e-04 | 14 -0.01398 -9.56583e-05 | 15 -0.01362 -2.50075e-04
 16 -0.01310  1.30341e-04 | 17 -0.01241 -6.30425e-06 | 18 -0.01103  8.99377e-05
 19 -0.00930 -7.99138e-05 | 20 -0.00743 -2.22459e-04 | 21 -0.00519 -7.00744e-05
 22 -0.00273 -6.09325e-05 | 23 -0.00034  3.11501e-04 | 24  0.00154  3.50929e-05
 25  0.00268 -1.13130e-04 | 26  0.00254 -1.34654e-04 | 27  0.00131  2.29215e-04
 28 -0.00072 -1.24962e-04 | 29 -0.00247 -1.48534e-04 | 30 -0.00460 -5.23975e-05
 31 -0.00691 -5.50791e-04 | 32 -0.00801 -2.52683e-06 | 33 -0.00747  3.16706e-04
 34 -0.01124  1.84260e-03 | 35 -0.01282  3.78049e-03 | 36  0.00688  4.76422e-03
 37 -0.01128 -7.77871e-03 | 38 -0.06168 -1.81233e-03 | 39 -0.04680  1.03255e-03
 40 -0.03928 -1.88121e-04 | 41 -0.03216  8.04239e-05 | 42 -0.02802  4.60095e-04
 43 -0.02453  3.42971e-04 | 44 -0.02535  1.62165e-04 | 45 -0.03016  1.86449e-04
 46 -0.03256  3.58461e-04 | 47 -0.01349  9.83588e-05 | 48  0.02177  1.77912e-03
 49  0.01055  2.69448e-03 | 50 -0.02258  1.20855e-03 | 51 -0.01905  1.03014e-03
 52 -0.04743 -4.90271e-04 | 53 -0.03607 -1.22765e-03 | 54 -0.00332 -1.32424e-03
 55 -0.01608 -9.74129e-04 | 56  0.00473 -1.14980e-03 | 57  0.01134 -9.57543e-04
 58  0.00890  7.86913e-04 | 59 -0.02481  2.22995e-04 | 60 -0.02834 -1.53134e-03
 61  0.02407 -1.36031e-04 | 62 -0.02011  8.84678e-04 | 63 -0.04296 -2.28556e-04
 64 -0.01089  5.35504e-04 | 65 -0.02527  8.61933e-04 | 66 -0.04979 -7.38143e-04
 67 -0.04888 -3.40663e-03 | 68  0.02627 -3.59537e-03 | 69  0.00326  3.64561e-03
 70 -0.08377  1.62035e-03 | 71 -0.09139 -5.23013e-04 | 72 -0.05207 -4.99097e-04
 73 -0.01737 -6.13938e-05 | 74 -0.01675 -1.40563e-04 | 75 -0.01676  8.12805e-05
 76 -0.01676  2.44993e-04 | 77 -0.48162 -3.60425e-02 | 78 -0.18690  4.37733e-03
 79 -0.21705  2.11120e-02 | 80  0.58135  8.89988e-03 | 81 -0.28984  6.26226e-01
 82 -0.21061  1.45995e-01 | 83 -0.07377 -6.44493e-03 | 84  0.08689  2.72876e-02
 85  0.97299 -1.38863e-04 | 86  0.05267 -1.65245e-04 | 87  0.26287  1.78630e-03
 88  0.00250  1.23467e-05 | 89  0.00086  8.96436e-06 | 90  0.00233  1.15073e-05
 91  0.00300  1.10609e-05 | 92  0.00122  6.01676e-06 |
92 variables; iteration 320; function evaluation 411; phase 3
Function value -8.9520759e+01; maximum gradient component mag 3.5725e-02
Var    Value     Gradient |Var    Value     Gradient |Var    Value     Gradient
  1  0.97666 -1.67512e-04 |  2  0.00033 -3.26312e-04 |  3  0.00039  5.82584e-04
  4 -0.01551 -1.14241e-04 |  5 -0.01544 -4.74099e-04 |  6 -0.01535  1.37386e-05
  7 -0.01524  9.06150e-04 |  8 -0.01512  6.89096e-04 |  9 -0.01498 -2.87880e-04
 10 -0.01482 -5.30949e-04 | 11 -0.01465  8.71542e-04 | 12 -0.01447 -1.90739e-04
 13 -0.01425  2.21516e-04 | 14 -0.01397  1.01547e-03 | 15 -0.01362  4.73425e-04
 16 -0.01310 -4.83631e-04 | 17 -0.01241  1.06917e-04 | 18 -0.01103 -2.71157e-04
 19 -0.00930  3.85673e-04 | 20 -0.00742  4.92820e-04 | 21 -0.00519  1.39311e-04
 22 -0.00273  7.55144e-05 | 23 -0.00034 -1.08786e-03 | 24  0.00153 -3.85062e-04
 25  0.00268  1.03330e-04 | 26  0.00254  9.36492e-05 | 27  0.00130 -7.85545e-04
 28 -0.00072  3.07470e-04 | 29 -0.00247 -3.04500e-05 | 30 -0.00460 -2.33968e-04
 31 -0.00691  7.71914e-04 | 32 -0.00801 -7.38457e-04 | 33 -0.00747 -6.19238e-04
 34 -0.01124  1.22548e-05 | 35 -0.01281  4.26596e-03 | 36  0.00686  3.42110e-03
 37 -0.01128 -4.30119e-03 | 38 -0.06167 -3.83791e-03 | 39 -0.04681 -1.01417e-03
 40 -0.03928  3.06241e-04 | 41 -0.03216  3.74136e-05 | 42 -0.02803 -1.23990e-03
 43 -0.02453 -7.59102e-04 | 44 -0.02535 -8.91808e-06 | 45 -0.03017 -6.34034e-04
 46 -0.03256 -1.50782e-03 | 47 -0.01349  4.60607e-05 | 48  0.02177 -9.94260e-04
 49  0.01055 -5.99225e-04 | 50 -0.02258 -1.59200e-03 | 51 -0.01905 -4.74430e-04
 52 -0.04744 -3.29797e-03 | 53 -0.03607 -2.73527e-03 | 54 -0.00332 -1.66027e-03
 55 -0.01608 -2.28063e-03 | 56  0.00473 -1.37938e-03 | 57  0.01135  5.81342e-05
 58  0.00890  1.18569e-03 | 59 -0.02481  3.10254e-04 | 60 -0.02834  1.80384e-04
 61  0.02407  1.72252e-03 | 62 -0.02011  2.06749e-03 | 63 -0.04296  1.17809e-03
 64 -0.01088  1.66051e-03 | 65 -0.02527  1.56885e-03 | 66 -0.04979  8.46644e-04
 67 -0.04888  2.84492e-04 | 68  0.02627  1.12923e-03 | 69  0.00326  3.52028e-03
 70 -0.08377  1.65472e-03 | 71 -0.09138  9.97421e-04 | 72 -0.05207  6.09016e-04
 73 -0.01737 -2.16701e-05 | 74 -0.01675 -1.99831e-04 | 75 -0.01677 -5.23998e-04
 76 -0.01676 -4.68918e-04 | 77 -0.47470  3.57254e-02 | 78 -0.20441  1.29114e-02
 79 -0.20410  7.98976e-04 | 80  0.58122  1.59337e-02 | 81 -0.28984  2.74181e-02
 82 -0.20785  5.40485e-03 | 83 -0.07378 -1.53200e-03 | 84  0.07010  1.30778e-03
 85  0.97310  4.68496e-04 | 86  0.06272  2.84097e-04 | 87  0.26287 -3.08143e-03
 88 -0.01772 -8.74512e-05 | 89 -0.00117 -1.02839e-06 | 90  0.00536  2.64322e-05
 91  0.00186  5.46779e-06 | 92  0.00039  1.91245e-06 |
92 variables; iteration 340; function evaluation 433; phase 3
Function value -8.9520789e+01; maximum gradient component mag 4.5872e-01
Var    Value     Gradient |Var    Value     Gradient |Var    Value     Gradient
  1  1.00970  6.07315e-05 |  2  0.00033 -3.30627e-05 |  3  0.00039 -1.60679e-06
  4 -0.01551  4.76251e-05 |  5 -0.01544 -1.30548e-04 |  6 -0.01535  1.80101e-06
  7 -0.01525  1.98380e-04 |  8 -0.01512  4.90469e-05 |  9 -0.01498 -6.96135e-05
 10 -0.01482 -1.03090e-04 | 11 -0.01466  1.81657e-04 | 12 -0.01447 -6.23171e-05
 13 -0.01426 -1.14594e-05 | 14 -0.01398  1.35419e-04 | 15 -0.01362 -2.13452e-05
 16 -0.01310 -3.70602e-05 | 17 -0.01241  1.26418e-05 | 18 -0.01103 -1.77930e-05
 19 -0.00930  2.89355e-05 | 20 -0.00742  1.12229e-05 | 21 -0.00519 -6.98799e-06
 22 -0.00273  1.52159e-06 | 23 -0.00034 -6.59954e-05 | 24  0.00154 -5.42210e-05
 25  0.00268 -4.95632e-06 | 26  0.00254 -3.88883e-05 | 27  0.00130 -6.96492e-05
 28 -0.00072  1.40310e-05 | 29 -0.00247 -7.87726e-05 | 30 -0.00460 -1.08192e-04
 31 -0.00691 -1.30687e-04 | 32 -0.00801 -1.68743e-04 | 33 -0.00747  7.24090e-05
 34 -0.01124  1.20637e-03 | 35 -0.01281  3.79906e-03 | 36  0.00687  4.54208e-03
 37 -0.01128 -6.00440e-03 | 38 -0.06167 -2.94204e-03 | 39 -0.04680  1.27754e-04
 40 -0.03928 -1.23787e-05 | 41 -0.03216  3.97367e-05 | 42 -0.02803 -1.02481e-04
 43 -0.02453  1.14595e-06 | 44 -0.02535  1.02548e-04 | 45 -0.03017 -8.95899e-07
 46 -0.03256 -2.50864e-04 | 47 -0.01349 -1.03270e-06 | 48  0.02177  7.67203e-04
 49  0.01055  1.63041e-03 | 50 -0.02258  4.23255e-04 | 51 -0.01905  7.81805e-04
 52 -0.04743 -9.79252e-04 | 53 -0.03607 -1.82043e-03 | 54 -0.00332 -1.66607e-03
 55 -0.01608 -1.36957e-03 | 56  0.00473 -1.01691e-03 | 57  0.01135 -3.38409e-04
 58  0.00890  1.24070e-03 | 59 -0.02481  5.82459e-04 | 60 -0.02834 -8.78055e-04
 61  0.02407  2.84464e-04 | 62 -0.02011  8.93821e-04 | 63 -0.04296 -1.10497e-04
 64 -0.01089  3.07679e-04 | 65 -0.02527  6.66741e-04 | 66 -0.04979 -1.85030e-04
 67 -0.04888 -2.05589e-03 | 68  0.02627 -1.68329e-03 | 69  0.00326  3.30960e-03
 70 -0.08377  1.46533e-03 | 71 -0.09139 -1.09321e-04 | 72 -0.05207 -2.45536e-04
 73 -0.01737 -4.08378e-05 | 74 -0.01675 -2.06077e-05 | 75 -0.01677 -6.64545e-05
 76 -0.01676 -1.65926e-05 | 77 -0.46915  5.76433e-03 | 78 -0.22742  3.43358e-03
 79 -0.19437  5.54622e-03 | 80  0.58129  1.17403e-02 | 81 -0.28985  4.58718e-01
 82 -0.20630  1.18318e-01 | 83 -0.07378 -4.05207e-03 | 84  0.05910  1.58252e-02
 85  0.97301 -7.12143e-06 | 86  0.05629  1.47754e-04 | 87  0.26287 -1.16921e-04
 88  0.00124  6.12872e-06 | 89 -0.00191 -4.72415e-06 | 90 -0.01504 -7.42353e-05
 91 -0.00159 -1.14613e-05 | 92  0.00028  1.37038e-06 |
92 variables; iteration 360; function evaluation 454; phase 3
Function value -8.9520800e+01; maximum gradient component mag 1.2144e-01
Var    Value     Gradient |Var    Value     Gradient |Var    Value     Gradient
  1  0.99291 -3.77860e-05 |  2  0.00033  1.80615e-04 |  3  0.00039 -4.66383e-04
  4 -0.01551  3.93393e-04 |  5 -0.01544 -1.01081e-03 |  6 -0.01535  4.18186e-05
  7 -0.01524  1.69729e-03 |  8 -0.01512  2.74747e-04 |  9 -0.01498 -1.09432e-03
 10 -0.01483 -7.29076e-04 | 11 -0.01465  1.35176e-03 | 12 -0.01447 -1.74004e-04
 13 -0.01426 -6.86174e-04 | 14 -0.01398  3.66338e-04 | 15 -0.01362 -4.94603e-05
 16 -0.01310  1.23599e-04 | 17 -0.01241 -1.78547e-04 | 18 -0.01103 -6.77529e-05
 19 -0.00930 -2.12071e-04 | 20 -0.00743 -1.98864e-04 | 21 -0.00519  2.84873e-06
 22 -0.00273 -1.81718e-04 | 23 -0.00034 -1.24636e-05 | 24  0.00154  3.08899e-04
 25  0.00268  5.59767e-05 | 26  0.00254  1.87595e-05 | 27  0.00130 -9.06104e-05
 28 -0.00072  6.41525e-05 | 29 -0.00248 -2.31762e-04 | 30 -0.00460 -3.67442e-04
 31 -0.00691  7.40390e-05 | 32 -0.00801 -1.38962e-04 | 33 -0.00747  4.52969e-05
 34 -0.01124 -1.00644e-03 | 35 -0.01281 -1.82562e-03 | 36  0.00687 -2.13292e-03
 37 -0.01129  2.99448e-03 | 38 -0.06167  1.63352e-03 | 39 -0.04680 -3.66227e-04
 40 -0.03928 -3.19426e-05 | 41 -0.03216 -1.68091e-04 | 42 -0.02803 -3.96337e-05
 43 -0.02453 -1.97316e-04 | 44 -0.02535 -1.24934e-04 | 45 -0.03017 -5.62200e-05
 46 -0.03256 -1.62890e-04 | 47 -0.01349  6.23311e-04 | 48  0.02177  1.05057e-04
 49  0.01055 -8.35125e-04 | 50 -0.02258 -8.43582e-04 | 51 -0.01905 -1.44173e-03
 52 -0.04743 -5.70922e-04 | 53 -0.03607  3.19664e-04 | 54 -0.00332  8.17617e-04
 55 -0.01608  7.08646e-04 | 56  0.00473  1.31280e-04 | 57  0.01134 -3.74995e-04
 58  0.00891 -4.80992e-04 | 59 -0.02481 -3.33597e-04 | 60 -0.02834  7.89984e-04
 61  0.02407  8.00111e-04 | 62 -0.02011  5.78719e-04 | 63 -0.04296  1.05015e-03
 64 -0.01089  1.28249e-03 | 65 -0.02527  4.77847e-04 | 66 -0.04979 -6.87355e-04
 67 -0.04888 -7.88397e-05 | 68  0.02627 -1.50518e-04 | 69  0.00326 -6.30623e-04
 70 -0.08377 -1.28821e-04 | 71 -0.09139  3.20837e-05 | 72 -0.05207  1.16855e-04
 73 -0.01737 -2.85795e-04 | 74 -0.01675 -4.34880e-04 | 75 -0.01677 -3.09749e-04
 76 -0.01676  1.38494e-04 | 77 -0.46610  6.17004e-03 | 78 -0.24806 -1.21017e-03
 79 -0.18926 -1.10132e-02 | 80  0.58125 -9.48344e-03 | 81 -0.28984  1.21440e-01
 82 -0.20548  3.09944e-02 | 83 -0.07377 -1.02472e-03 | 84  0.05239  4.12027e-03
 85  0.97298 -1.74571e-04 | 86  0.05573  1.21163e-04 | 87  0.26287  5.76749e-04
 88  0.00674  3.32873e-05 | 89 -0.00249 -7.60863e-06 | 90 -0.00476 -2.34745e-05
 91 -0.00068 -6.99396e-06 | 92  0.00122  6.02578e-06 |
92 variables; iteration 380; function evaluation 474; phase 3
Function value -8.9520803e+01; maximum gradient component mag -3.6731e-02
Var    Value     Gradient |Var    Value     Gradient |Var    Value     Gradient
  1  0.99608 -3.13209e-06 |  2  0.00033  1.39314e-06 |  3  0.00039 -1.56443e-05
  4 -0.01551  2.69635e-05 |  5 -0.01544 -9.83120e-05 |  6 -0.01535  2.50707e-06
  7 -0.01525  1.65632e-04 |  8 -0.01512  4.14426e-05 |  9 -0.01498 -1.05883e-04
 10 -0.01482 -7.64656e-05 | 11 -0.01466  1.53245e-04 | 12 -0.01447 -2.14421e-05
 13 -0.01426 -5.46418e-05 | 14 -0.01398  5.66113e-05 | 15 -0.01362  2.05631e-06
 16 -0.01310 -9.02238e-06 | 17 -0.01241  2.39143e-08 | 18 -0.01103 -1.07183e-05
 19 -0.00930 -5.56976e-06 | 20 -0.00742  6.75592e-07 | 21 -0.00519  8.09890e-06
 22 -0.00273 -9.71958e-06 | 23 -0.00034 -2.21226e-05 | 24  0.00154  1.28971e-05
 25  0.00268  8.64335e-06 | 26  0.00254  3.40236e-06 | 27  0.00130 -1.67325e-05
 28 -0.00072  2.19290e-05 | 29 -0.00247 -6.41515e-06 | 30 -0.00460 -9.67818e-06
 31 -0.00691  1.78408e-05 | 32 -0.00801 -3.21278e-05 | 33 -0.00747 -6.02295e-05
 34 -0.01124 -1.93815e-04 | 35 -0.01281 -3.75058e-04 | 36  0.00687 -4.91282e-04
 37 -0.01128  6.45474e-04 | 38 -0.06167  3.50327e-04 | 39 -0.04680 -3.98297e-05
 40 -0.03928  8.48616e-06 | 41 -0.03216 -1.14495e-05 | 42 -0.02803 -3.61017e-05
 43 -0.02453 -3.10407e-05 | 44 -0.02535 -1.47130e-05 | 45 -0.03017 -2.36703e-05
 46 -0.03256 -2.93404e-05 | 47 -0.01349  6.30601e-05 | 48  0.02177 -6.89936e-05
 49  0.01055 -1.99688e-04 | 50 -0.02258 -1.51204e-04 | 51 -0.01905 -2.00188e-04
 52 -0.04743 -8.73523e-05 | 53 -0.03607  5.77214e-05 | 54 -0.00332  1.25810e-04
 55 -0.01608  9.40262e-05 | 56  0.00473  5.22755e-05 | 57  0.01134  1.43542e-05
 58  0.00890 -6.80924e-05 | 59 -0.02481 -2.77942e-05 | 60 -0.02834  1.50677e-04
 61  0.02407  1.33807e-04 | 62 -0.02011  4.16783e-05 | 63 -0.04296  1.55140e-04
 64 -0.01089  1.44582e-04 | 65 -0.02527  3.84330e-05 | 66 -0.04979 -4.09658e-05
 67 -0.04888  1.18912e-04 | 68  0.02627  1.04911e-04 | 69  0.00326 -2.43396e-04
 70 -0.08377 -6.73217e-05 | 71 -0.09139  4.20680e-05 | 72 -0.05207  4.10495e-05
 73 -0.01737 -9.71792e-06 | 74 -0.01675 -2.78247e-05 | 75 -0.01676 -3.50367e-05
 76 -0.01676  1.87491e-06 | 77 -0.46475 -1.67964e-03 | 78 -0.26141 -1.71128e-04
 79 -0.18703  4.57984e-04 | 80  0.58124 -1.29554e-03 | 81 -0.28985 -3.67308e-02
 82 -0.20506 -1.07044e-02 | 83 -0.07378  9.11972e-05 | 84  0.04904 -8.75941e-04
 85  0.97302  3.25321e-05 | 86  0.05368 -3.23553e-05 | 87  0.26287 -8.60340e-05
 88 -0.00268 -1.32054e-05 | 89 -0.00089  2.87282e-07 | 90  0.00089  4.36907e-06
 91  0.00087  5.96469e-07 | 92  0.00008  3.87154e-07 |
92 variables; iteration 400; function evaluation 494; phase 3
Function value -8.9520803e+01; maximum gradient component mag 1.6662e-01
Var    Value     Gradient |Var    Value     Gradient |Var    Value     Gradient
  1  0.99804  3.66707e-05 |  2  0.00033 -7.46367e-05 |  3  0.00039  1.30143e-04
  4 -0.01551 -2.49889e-04 |  5 -0.01544  4.77406e-04 |  6 -0.01535  2.42606e-05
  7 -0.01525 -7.02826e-04 |  8 -0.01512 -1.13319e-04 |  9 -0.01498  3.39374e-04
 10 -0.01482  2.96613e-04 | 11 -0.01466 -4.29175e-04 | 12 -0.01447  1.10902e-04
 13 -0.01425  2.19050e-04 | 14 -0.01398 -2.01046e-04 | 15 -0.01362 -2.47207e-05
 16 -0.01310  7.14462e-05 | 17 -0.01241  1.21154e-04 | 18 -0.01103  4.24431e-05
 19 -0.00930  1.04107e-05 | 20 -0.00742  2.19434e-05 | 21 -0.00519  1.84864e-05
 22 -0.00273  7.01543e-05 | 23 -0.00034 -1.97372e-05 | 24  0.00153 -1.72296e-04
 25  0.00268 -3.57944e-05 | 26  0.00254 -4.48564e-05 | 27  0.00130  8.79788e-05
 28 -0.00072 -3.62674e-05 | 29 -0.00247  1.13715e-04 | 30 -0.00460  2.28412e-04
 31 -0.00691 -7.72711e-05 | 32 -0.00801  6.19436e-05 | 33 -0.00747 -7.83788e-05
 34 -0.01124  3.99360e-04 | 35 -0.01281  8.41163e-04 | 36  0.00686  1.48674e-03
 37 -0.01129 -1.13457e-03 | 38 -0.06167 -1.06782e-03 | 39 -0.04680 -6.33179e-05
 40 -0.03928 -5.15984e-05 | 41 -0.03216  7.10663e-05 | 42 -0.02802  7.81875e-05
 43 -0.02453  1.32708e-04 | 44 -0.02535  9.24156e-05 | 45 -0.03017  3.07941e-05
 46 -0.03256  2.81445e-04 | 47 -0.01349 -7.08948e-05 | 48  0.02177  4.85529e-04
 49  0.01055  8.88928e-04 | 50 -0.02258  5.87685e-04 | 51 -0.01905  5.24641e-04
 52 -0.04743  2.29382e-04 | 53 -0.03607 -4.05418e-04 | 54 -0.00332 -3.67814e-04
 55 -0.01608 -1.74364e-04 | 56  0.00473 -1.31333e-04 | 57  0.01135  8.15406e-05
 58  0.00890  2.98389e-04 | 59 -0.02481  4.26483e-04 | 60 -0.02834 -3.64662e-04
 61  0.02407 -1.93541e-04 | 62 -0.02011  1.21034e-04 | 63 -0.04296 -2.95640e-04
 64 -0.01089 -2.19672e-04 | 65 -0.02527 -2.26084e-04 | 66 -0.04979 -3.28618e-04
 67 -0.04888 -1.13720e-03 | 68  0.02627 -1.16388e-03 | 69  0.00326  7.93937e-04
 70 -0.08377  4.13818e-04 | 71 -0.09139 -1.92967e-04 | 72 -0.05207 -2.31159e-04
 73 -0.01737  1.00672e-04 | 74 -0.01675  2.78777e-04 | 75 -0.01676  1.60789e-04
 76 -0.01676 -6.74390e-05 | 77 -0.46496  9.78378e-03 | 78 -0.25875  1.02389e-03
 79 -0.18736  1.11444e-03 | 80  0.58121  3.15282e-03 | 81 -0.28985  1.66617e-01
 82 -0.20469  4.43265e-02 | 83 -0.07379 -1.26590e-03 | 84  0.04588  5.29946e-03
 85  0.97305  1.75580e-04 | 86  0.05306 -1.07643e-04 | 87  0.26287 -4.10342e-04
 88 -0.01255 -6.19341e-05 | 89 -0.00094  6.92768e-08 | 90 -0.00458 -2.26013e-05
 91 -0.00006 -3.95034e-06 | 92 -0.00064 -3.14379e-06 |
92 variables; iteration 420; function evaluation 517; phase 3
Function value -8.9520808e+01; maximum gradient component mag 4.5599e-01
Var    Value     Gradient |Var    Value     Gradient |Var    Value     Gradient
  1  0.99517 -1.46826e-05 |  2  0.00033  3.80943e-05 |  3  0.00039 -1.48162e-04
  4 -0.01551  1.47446e-04 |  5 -0.01544 -3.05410e-04 |  6 -0.01535 -1.72434e-05
  7 -0.01524  4.56229e-04 |  8 -0.01512  4.72520e-05 |  9 -0.01498 -2.83159e-04
 10 -0.01482 -2.10919e-04 | 11 -0.01465  3.40080e-04 | 12 -0.01447 -8.57978e-05
 13 -0.01426 -1.96309e-04 | 14 -0.01398  7.01779e-05 | 15 -0.01362 -3.77281e-05
 16 -0.01310  5.92245e-06 | 17 -0.01241 -6.32941e-05 | 18 -0.01103 -7.36217e-06
 19 -0.00930 -4.95266e-05 | 20 -0.00742 -7.47263e-05 | 21 -0.00519 -2.40027e-05
 22 -0.00273 -4.34413e-05 | 23 -0.00034  6.25798e-05 | 24  0.00154  8.16363e-05
 25  0.00268 -4.53785e-06 | 26  0.00254 -3.22673e-05 | 27  0.00130 -1.68873e-05
 28 -0.00072 -5.07495e-05 | 29 -0.00247 -1.22823e-04 | 30 -0.00460 -1.69454e-04
 31 -0.00691 -1.27417e-04 | 32 -0.00801 -3.15717e-05 | 33 -0.00747  3.09027e-04
 34 -0.01124  1.17051e-03 | 35 -0.01281  3.32227e-03 | 36  0.00687  4.10528e-03
 37 -0.01128 -5.33127e-03 | 38 -0.06167 -2.82606e-03 | 39 -0.04680  5.76782e-05
 40 -0.03928 -2.15280e-05 | 41 -0.03216 -7.71866e-07 | 42 -0.02803  9.26431e-05
 43 -0.02453  7.07747e-05 | 44 -0.02535  9.50930e-05 | 45 -0.03017  1.19400e-04
 46 -0.03256 -1.61126e-04 | 47 -0.01349 -3.72612e-05 | 48  0.02177  6.62788e-04
 49  0.01055  1.47584e-03 | 50 -0.02258  6.82537e-04 | 51 -0.01905  9.28177e-04
 52 -0.04743 -4.19850e-04 | 53 -0.03607 -1.19778e-03 | 54 -0.00332 -1.31376e-03
 55 -0.01608 -1.10469e-03 | 56  0.00473 -8.11576e-04 | 57  0.01134 -4.35053e-04
 58  0.00890  9.05203e-04 | 59 -0.02481  3.00943e-04 | 60 -0.02834 -8.92665e-04
 61  0.02407 -1.67248e-04 | 62 -0.02011  5.10723e-04 | 63 -0.04296 -3.24660e-04
 64 -0.01089 -8.52228e-05 | 65 -0.02527  4.54080e-04 | 66 -0.04979 -6.03450e-05
 67 -0.04888 -1.56471e-03 | 68  0.02627 -1.43699e-03 | 69  0.00326  2.73833e-03
 70 -0.08377  1.09081e-03 | 71 -0.09139 -1.70013e-04 | 72 -0.05207 -2.25798e-04
 73 -0.01737 -7.22103e-05 | 74 -0.01675 -1.17865e-04 | 75 -0.01677 -7.88460e-05
 76 -0.01676  6.22945e-05 | 77 -0.46540  1.02538e-02 | 78 -0.25455  1.35773e-03
 79 -0.18808  1.71754e-03 | 80  0.58127  1.06273e-02 | 81 -0.28985  4.55994e-01
 82 -0.20313  1.27130e-01 | 83 -0.07379 -2.93495e-03 | 84  0.03076  1.22749e-02
 85  0.97300 -7.80478e-05 | 86  0.05555  1.11905e-04 | 87  0.26287  2.95946e-04
 88  0.00372  1.83415e-05 | 89 -0.00101 -3.07327e-07 | 90  0.00097  4.78863e-06
 91  0.00076  7.62434e-08 | 92  0.00036  1.78580e-06 |
92 variables; iteration 440; function evaluation 538; phase 3
Function value -8.9520811e+01; maximum gradient component mag 9.5687e-02
Var    Value     Gradient |Var    Value     Gradient |Var    Value     Gradient
  1  0.99645  2.17305e-06 |  2  0.00033 -1.15044e-05 |  3  0.00039  9.12018e-05
  4 -0.01551 -5.56959e-05 |  5 -0.01544  1.26949e-04 |  6 -0.01535  5.27215e-06
  7 -0.01525 -1.87579e-04 |  8 -0.01512 -8.09861e-06 |  9 -0.01498  1.40702e-04
 10 -0.01482  8.67068e-05 | 11 -0.01466 -1.41714e-04 | 12 -0.01447  3.02048e-05
 13 -0.01425  1.02319e-04 | 14 -0.01398 -1.01388e-05 | 15 -0.01362  2.51116e-05
 16 -0.01310 -3.39292e-05 | 17 -0.01241  2.06997e-05 | 18 -0.01103 -7.64218e-06
 19 -0.00930  2.51440e-05 | 20 -0.00742  4.92703e-05 | 21 -0.00519  6.20649e-06
 22 -0.00273 -2.76968e-06 | 23 -0.00034 -5.67473e-05 | 24  0.00154 -3.82506e-05
 25  0.00268 -1.76185e-05 | 26  0.00254 -6.71681e-06 | 27  0.00130 -5.84944e-05
 28 -0.00072 -9.45732e-06 | 29 -0.00247 -1.74146e-05 | 30 -0.00460 -2.05552e-05
 31 -0.00691  2.05596e-06 | 32 -0.00801 -1.44476e-05 | 33 -0.00747  1.55919e-04
 34 -0.01124  8.05098e-04 | 35 -0.01281  2.34519e-03 | 36  0.00687  2.80106e-03
 37 -0.01128 -3.25376e-03 | 38 -0.06167 -2.41303e-03 | 39 -0.04680 -1.18069e-04
 40 -0.03928  3.19249e-05 | 41 -0.03216  4.64222e-05 | 42 -0.02803 -1.66041e-05
 43 -0.02453  3.26476e-05 | 44 -0.02535  8.09669e-05 | 45 -0.03017  4.33185e-05
 46 -0.03256 -1.61433e-04 | 47 -0.01349 -2.39405e-04 | 48  0.02177  2.46774e-05
 49  0.01055  6.76604e-04 | 50 -0.02258  4.02760e-04 | 51 -0.01905  7.60554e-04
 52 -0.04743 -2.35331e-04 | 53 -0.03607 -8.55871e-04 | 54 -0.00332 -1.07119e-03
 55 -0.01608 -8.90302e-04 | 56  0.00473 -4.20568e-04 | 57  0.01134  4.61113e-05
 58  0.00890  7.64991e-04 | 59 -0.02481  3.37788e-04 | 60 -0.02834 -5.27263e-04
 61  0.02407 -2.08154e-04 | 62 -0.02011  5.13992e-05 | 63 -0.04296 -4.33594e-04
 64 -0.01089 -4.66385e-04 | 65 -0.02527  7.65972e-05 | 66 -0.04979  2.72711e-04
 67 -0.04888 -4.14147e-04 | 68  0.02627 -9.09017e-05 | 69  0.00326  1.64115e-03
 70 -0.08377  6.10425e-04 | 71 -0.09139  9.01238e-06 | 72 -0.05207 -6.60931e-05
 73 -0.01737  3.09096e-05 | 74 -0.01675  4.69859e-05 | 75 -0.01676  2.26603e-05
 76 -0.01676 -3.91087e-05 | 77 -0.46503  1.77012e-02 | 78 -0.25822  1.31472e-03
 79 -0.18748 -1.91540e-03 | 80  0.58125  9.23625e-03 | 81 -0.28986  9.56869e-02
 82 -0.20207  2.70498e-02 | 83 -0.07379 -7.74853e-04 | 84  0.01907  2.43871e-03
 85  0.97302  2.86342e-05 | 86  0.05375 -2.48094e-05 | 87  0.26287 -1.47945e-04
 88 -0.00046 -2.24620e-06 | 89 -0.00092  1.35971e-07 | 90 -0.00020 -9.86029e-07
 91  0.00080  2.54180e-07 | 92 -0.00014 -6.71164e-07 |
92 variables; iteration 460; function evaluation 561; phase 3
Function value -8.9520813e+01; maximum gradient component mag 2.9267e-01
Var    Value     Gradient |Var    Value     Gradient |Var    Value     Gradient
  1  0.99626 -5.82125e-07 |  2  0.00033 -2.38420e-05 |  3  0.00039 -2.29853e-05
  4 -0.01551 -1.14528e-05 |  5 -0.01544 -6.48270e-05 |  6 -0.01535 -5.77454e-06
  7 -0.01525  1.08179e-04 |  8 -0.01512  3.73035e-05 |  9 -0.01498 -8.91314e-05
 10 -0.01482 -9.13620e-05 | 11 -0.01466  1.19697e-04 | 12 -0.01447 -5.06310e-05
 13 -0.01426 -3.35097e-05 | 14 -0.01398  4.76557e-05 | 15 -0.01362  8.50824e-07
 16 -0.01310  1.76097e-06 | 17 -0.01241  1.26312e-05 | 18 -0.01103  3.50059e-06
 19 -0.00930  9.18693e-06 | 20 -0.00742 -1.94028e-05 | 21 -0.00519 -2.16970e-05
 22 -0.00273  3.03920e-05 | 23 -0.00034 -2.17038e-05 | 24  0.00154 -4.98167e-05
 25  0.00268  1.20572e-05 | 26  0.00254 -1.00370e-05 | 27  0.00130  1.79073e-05
 28 -0.00072  1.07057e-05 | 29 -0.00247  2.13778e-06 | 30 -0.00460  2.48134e-05
 31 -0.00691 -3.45911e-05 | 32 -0.00801 -4.79280e-05 | 33 -0.00747 -1.16775e-04
 34 -0.01124 -7.64687e-05 | 35 -0.01281 -4.28471e-05 | 36  0.00687  9.49828e-05
 37 -0.01128  3.23311e-05 | 38 -0.06167  2.53368e-04 | 39 -0.04680 -3.30592e-05
 40 -0.03928 -5.40952e-05 | 41 -0.03216 -1.26881e-05 | 42 -0.02803 -5.47910e-05
 43 -0.02453 -3.30784e-05 | 44 -0.02535 -1.68996e-05 | 45 -0.03017 -6.15666e-05
 46 -0.03256  6.54434e-05 | 47 -0.01349  1.80965e-04 | 48  0.02177  4.37237e-04
 49  0.01055  3.24761e-04 | 50 -0.02258 -7.38641e-05 | 51 -0.01905 -2.95643e-04
 52 -0.04743 -2.51992e-04 | 53 -0.03607 -2.36786e-04 | 54 -0.00332  7.83216e-05
 55 -0.01608  5.43115e-05 | 56  0.00473 -2.51830e-04 | 57  0.01134 -2.71661e-04
 58  0.00890 -1.42934e-04 | 59 -0.02481  3.38743e-06 | 60 -0.02834 -4.54230e-05
 61  0.02407  2.74337e-04 | 62 -0.02011  4.48781e-04 | 63 -0.04296  3.37202e-04
 64 -0.01089  6.32004e-04 | 65 -0.02527  2.68450e-04 | 66 -0.04979 -3.88620e-04
 67 -0.04888 -7.99430e-04 | 68  0.02627 -7.63102e-04 | 69  0.00326  4.63646e-04
 70 -0.08377  3.03069e-04 | 71 -0.09139 -9.00745e-05 | 72 -0.05207 -1.24673e-04
 73 -0.01737 -5.22961e-05 | 74 -0.01675  1.39523e-05 | 75 -0.01676 -3.94588e-05
 76 -0.01676 -2.99316e-05 | 77 -0.46492 -3.69418e-03 | 78 -0.25965 -3.61187e-04
 79 -0.18729  1.58256e-04 | 80  0.58125 -2.15951e-03 | 81 -0.28986  2.92671e-01
 82 -0.20116  8.55782e-02 | 83 -0.07379 -1.68395e-03 | 84  0.00752  6.45043e-03
 85  0.97302  2.06150e-07 | 86  0.05420  1.76485e-05 | 87  0.26287 -2.70004e-05
 88  0.00028  1.40595e-06 | 89 -0.00086  4.34437e-07 | 90  0.00003  1.36003e-07
 91  0.00083  3.98117e-07 | 92 -0.00000 -9.80429e-09 |
92 variables; iteration 480; function evaluation 586; phase 3
Function value -8.9520814e+01; maximum gradient component mag 1.6397e-01
Var    Value     Gradient |Var    Value     Gradient |Var    Value     Gradient
  1  0.99632  2.78304e-07 |  2  0.00033 -8.64732e-06 |  3  0.00039  8.30264e-06
  4 -0.01551 -1.26831e-05 |  5 -0.01544  1.10135e-05 |  6 -0.01535 -9.39016e-07
  7 -0.01525 -1.76575e-05 |  8 -0.01512  2.66096e-06 |  9 -0.01498  8.17365e-06
 10 -0.01482  8.20806e-09 | 11 -0.01466 -1.23592e-05 | 12 -0.01447 -2.21624e-06
 13 -0.01426  1.24406e-05 | 14 -0.01398  6.52872e-06 | 15 -0.01362  6.83435e-06
 16 -0.01310 -1.29646e-06 | 17 -0.01241  7.52733e-06 | 18 -0.01103 -2.71036e-07
 19 -0.00930  7.14048e-06 | 20 -0.00742  4.10204e-07 | 21 -0.00519 -8.22598e-06
 22 -0.00273  9.22983e-06 | 23 -0.00034 -1.88254e-05 | 24  0.00154 -2.89652e-05
 25  0.00268 -4.94800e-06 | 26  0.00254 -7.54412e-06 | 27  0.00130 -7.42608e-06
 28 -0.00072 -7.15885e-06 | 29 -0.00247 -6.43461e-06 | 30 -0.00460  2.93322e-06
 31 -0.00691 -1.05971e-05 | 32 -0.00801 -1.10117e-05 | 33 -0.00747  2.23698e-05
 34 -0.01124  2.31743e-04 | 35 -0.01281  7.03185e-04 | 36  0.00687  8.98519e-04
 37 -0.01128 -1.05563e-03 | 38 -0.06167 -6.19402e-04 | 39 -0.04680 -2.41315e-05
 40 -0.03928 -1.36563e-05 | 41 -0.03216  1.27425e-05 | 42 -0.02803 -7.49057e-06
 43 -0.02453  6.37088e-06 | 44 -0.02535  2.13753e-05 | 45 -0.03017 -1.53805e-06
 46 -0.03256 -4.13571e-06 | 47 -0.01349 -6.55578e-07 | 48  0.02177  2.02123e-04
 49  0.01055  3.61644e-04 | 50 -0.02258  1.32917e-04 | 51 -0.01905  1.50300e-04
 52 -0.04743 -1.20741e-04 | 53 -0.03607 -2.99143e-04 | 54 -0.00332 -2.54950e-04
 55 -0.01608 -2.22059e-04 | 56  0.00473 -2.17913e-04 | 57  0.01134 -1.12818e-04
 58  0.00890  1.42328e-04 | 59 -0.02481  7.51111e-05 | 60 -0.02834 -2.04255e-04
 61  0.02407  3.84932e-08 | 62 -0.02011  1.79033e-04 | 63 -0.04296 -2.67121e-05
 64 -0.01089  8.15396e-05 | 65 -0.02527  1.10859e-04 | 66 -0.04979 -7.61863e-05
 67 -0.04888 -4.60592e-04 | 68  0.02627 -3.85269e-04 | 69  0.00326  6.77198e-04
 70 -0.08377  2.91535e-04 | 71 -0.09139 -4.09804e-05 | 72 -0.05207 -7.07927e-05
 73 -0.01737 -1.02693e-05 | 74 -0.01675  6.52852e-06 | 75 -0.01676 -2.51829e-06
 76 -0.01676 -1.07407e-05 | 77 -0.46507  3.30352e-03 | 78 -0.25789  2.68339e-04
 79 -0.18755 -1.31779e-04 | 80  0.58125  1.95868e-03 | 81 -0.28986  1.63969e-01
 82 -0.20043  4.87978e-02 | 83 -0.07380 -8.84372e-04 | 84 -0.00280  3.31045e-03
 85  0.97302  3.00444e-06 | 86  0.05399 -1.92619e-06 | 87  0.26287 -1.67093e-05
 88 -0.00003 -1.51781e-07 | 89 -0.00093  8.08932e-08 | 90 -0.00002 -1.08596e-07
 91  0.00077  1.24096e-07 | 92 -0.00001 -7.18527e-08 |
92 variables; iteration 500; function evaluation 608; phase 3
Function value -8.9520814e+01; maximum gradient component mag 6.7916e-02
Var    Value     Gradient |Var    Value     Gradient |Var    Value     Gradient
  1  0.99630 -2.27368e-08 |  2  0.00033  2.35254e-06 |  3  0.00039  2.39120e-06
  4 -0.01551  1.13275e-06 |  5 -0.01544  5.59832e-06 |  6 -0.01535  7.19094e-07
  7 -0.01525 -8.86199e-06 |  8 -0.01512 -2.85060e-06 |  9 -0.01498  7.95095e-06
 10 -0.01482  7.92190e-06 | 11 -0.01466 -9.72648e-06 | 12 -0.01447  4.25145e-06
 13 -0.01426  2.86952e-06 | 14 -0.01398 -3.94699e-06 | 15 -0.01362 -3.73411e-07
 16 -0.01310 -6.61360e-07 | 17 -0.01241 -1.74110e-06 | 18 -0.01103 -7.46249e-07
 19 -0.00930 -1.13462e-06 | 20 -0.00742  1.89553e-06 | 21 -0.00519  2.08317e-06
 22 -0.00273 -3.94599e-06 | 23 -0.00034  1.28131e-06 | 24  0.00154  4.75532e-06
 25  0.00268 -2.19092e-06 | 26  0.00254 -6.84080e-07 | 27  0.00130 -4.59742e-06
 28 -0.00072 -3.56376e-06 | 29 -0.00247 -4.13312e-06 | 30 -0.00460 -8.35722e-06
 31 -0.00691 -2.32740e-06 | 32 -0.00801 -1.74625e-06 | 33 -0.00747  1.21820e-05
 34 -0.01124  4.29986e-05 | 35 -0.01281  1.54662e-04 | 36  0.00687  2.03363e-04
 37 -0.01128 -2.54993e-04 | 38 -0.06167 -1.18274e-04 | 39 -0.04680 -1.42534e-05
 40 -0.03928 -3.30364e-06 | 41 -0.03216  4.04056e-08 | 42 -0.02803  3.63593e-06
 43 -0.02453  1.68767e-06 | 44 -0.02535  5.74730e-07 | 45 -0.03017  6.29320e-06
 46 -0.03256 -3.11513e-06 | 47 -0.01349  1.71617e-05 | 48  0.02177  7.94729e-05
 49  0.01055  1.02367e-04 | 50 -0.02258  2.92875e-05 | 51 -0.01905  8.18262e-06
 52 -0.04743 -4.05226e-05 | 53 -0.03607 -7.31920e-05 | 54 -0.00332 -4.64056e-05
 55 -0.01608 -3.70535e-05 | 56  0.00473 -6.91103e-05 | 57  0.01134 -5.87822e-05
 58  0.00890  9.53651e-06 | 59 -0.02481  4.24913e-06 | 60 -0.02834 -4.90071e-05
 61  0.02407  1.82252e-05 | 62 -0.02011  7.04530e-05 | 63 -0.04296  2.60046e-05
 64 -0.01089  6.85126e-05 | 65 -0.02527  4.43427e-05 | 66 -0.04979 -4.82194e-05
 67 -0.04888 -1.62196e-04 | 68  0.02627 -1.46324e-04 | 69  0.00326  2.02093e-04
 70 -0.08377  8.93276e-05 | 71 -0.09139 -1.66254e-05 | 72 -0.05207 -2.16401e-05
 73 -0.01737  4.44807e-06 | 74 -0.01675 -1.13358e-06 | 75 -0.01676  3.23560e-06
 76 -0.01676  2.41196e-06 | 77 -0.46518  4.19967e-04 | 78 -0.25680  4.17649e-05
 79 -0.18772 -1.87765e-05 | 80  0.58125  2.50457e-04 | 81 -0.28986  6.79161e-02
 82 -0.19989  2.05038e-02 | 83 -0.07380 -3.41049e-04 | 84 -0.01114  1.26783e-03
 85  0.97302  8.56687e-08 | 86  0.05400 -5.47469e-07 | 87  0.26287 -6.04537e-07
 88 -0.00000 -8.57736e-09 | 89 -0.00096 -4.06518e-08 | 90  0.00000  1.36630e-08
 91  0.00074 -3.15385e-08 | 92 -0.00000 -3.98213e-09 |

 - final statistics:
92 variables; iteration 512; function evaluation 620
Function value -8.9521e+01; maximum gradient component mag 2.0005e-06
Exit code = 1;  converg criter 1.0000e-04
Var    Value     Gradient |Var    Value     Gradient |Var    Value     Gradient
  1  0.99630  3.49587e-12 |  2  0.00033 -1.06132e-08 |  3  0.00039  2.06262e-08
  4 -0.01551 -1.82338e-08 |  5 -0.01544  3.00292e-08 |  6 -0.01535  3.51495e-10
  7 -0.01525 -4.71458e-08 |  8 -0.01512 -2.36296e-10 |  9 -0.01498  3.26864e-08
 10 -0.01482  1.68558e-08 | 11 -0.01466 -3.96633e-08 | 12 -0.01447  4.59284e-09
 13 -0.01426  2.88081e-08 | 14 -0.01398  5.23368e-09 | 15 -0.01362  1.08750e-08
 16 -0.01310 -4.47411e-09 | 17 -0.01241  9.92952e-09 | 18 -0.01103 -4.17032e-10
 19 -0.00930  1.33136e-08 | 20 -0.00742  1.05174e-08 | 21 -0.00519 -2.96336e-09
 22 -0.00273  1.24455e-08 | 23 -0.00034 -2.13908e-08 | 24  0.00154 -2.58758e-08
 25  0.00268  1.74007e-09 | 26  0.00254  3.54423e-09 | 27  0.00130 -1.97865e-09
 28 -0.00072  9.52311e-09 | 29 -0.00247  1.47132e-08 | 30 -0.00460  2.38798e-08
 31 -0.00691  1.77047e-08 | 32 -0.00801 -9.05957e-09 | 33 -0.00747 -6.00498e-08
 34 -0.01124 -1.47426e-07 | 35 -0.01281 -3.60543e-07 | 36  0.00687 -4.37306e-07
 37 -0.01128  5.79694e-07 | 38 -0.06167  3.59303e-07 | 39 -0.04680 -1.61251e-08
 40 -0.03928 -7.19147e-09 | 41 -0.03216  4.83061e-10 | 42 -0.02803 -3.19217e-08
 43 -0.02453 -2.14994e-08 | 44 -0.02535 -1.56525e-08 | 45 -0.03017 -3.30334e-08
 46 -0.03256  2.34732e-08 | 47 -0.01349  3.78171e-08 | 48  0.02177  7.59039e-09
 49  0.01055 -1.11705e-07 | 50 -0.02258 -1.10066e-07 | 51 -0.01905 -1.76222e-07
 52 -0.04743 -2.37247e-08 | 53 -0.03607  7.93553e-08 | 54 -0.00332  1.64852e-07
 55 -0.01608  1.28336e-07 | 56  0.00473  2.70604e-08 | 57  0.01134 -1.25685e-08
 58  0.00890 -1.42088e-07 | 59 -0.02481 -4.48881e-08 | 60 -0.02834  8.83805e-08
 61  0.02407  8.29616e-08 | 62 -0.02011  4.38542e-08 | 63 -0.04296  1.13801e-07
 64 -0.01089  1.57349e-07 | 65 -0.02527  1.46881e-08 | 66 -0.04979 -6.43746e-08
 67 -0.04888  2.42960e-08 | 68  0.02627  3.81347e-08 | 69  0.00326 -1.87386e-07
 70 -0.08377 -5.24109e-08 | 71 -0.09139  9.63023e-09 | 72 -0.05207  5.14170e-09
 73 -0.01737 -2.98152e-09 | 74 -0.01675  8.97980e-09 | 75 -0.01676  1.65582e-09
 76 -0.01676 -1.37589e-08 | 77 -0.46516 -1.86305e-06 | 78 -0.25703 -2.05919e-07
 79 -0.18768 -2.77775e-07 | 80  0.58125 -1.61576e-06 | 81 -0.28987  2.00046e-06
 82 -0.19980  6.21826e-07 | 83 -0.07380 -2.86164e-08 | 84 -0.01259  3.28499e-08
 85  0.97302  6.03972e-09 | 86  0.05401  1.47104e-10 | 87  0.26287 -4.29858e-08
 88  0.00000  1.99450e-10 | 89 -0.00095  7.64816e-11 | 90 -0.00000 -5.34611e-11
 91  0.00075  1.85482e-10 | 92 -0.00000 -1.39085e-10 |
Warning: the following parameters had issues
  SR_parm[1] is within 0.1% of upper bound: 1.00000e-04 < 1.99998e+01 < 2.00000e+01
  selparm[13] is within 0.1% of upper bound: 2.00000e+01 < 8.29717e+01 < 8.30000e+01


 - final statistics:
93 variables; iteration 0; function evaluation 0
Function value -8.9521e+01; maximum gradient component mag 2.0005e-06
Exit code = 0;  converg criter 1.0000e-04
Var    Value     Gradient |Var    Value     Gradient |Var    Value     Gradient
  1  0.99630  3.49562e-12 |  2  0.00033 -1.06132e-08 |  3  0.00039  2.06262e-08
  4 -0.01551 -1.82338e-08 |  5 -0.01544  3.00292e-08 |  6 -0.01535  3.51495e-10
  7 -0.01525 -4.71458e-08 |  8 -0.01512 -2.36296e-10 |  9 -0.01498  3.26864e-08
 10 -0.01482  1.68558e-08 | 11 -0.01466 -3.96633e-08 | 12 -0.01447  4.59284e-09
 13 -0.01426  2.88081e-08 | 14 -0.01398  5.23368e-09 | 15 -0.01362  1.08750e-08
 16 -0.01310 -4.47411e-09 | 17 -0.01241  9.92952e-09 | 18 -0.01103 -4.17032e-10
 19 -0.00930  1.33136e-08 | 20 -0.00742  1.05174e-08 | 21 -0.00519 -2.96336e-09
 22 -0.00273  1.24455e-08 | 23 -0.00034 -2.13908e-08 | 24  0.00154 -2.58758e-08
 25  0.00268  1.74007e-09 | 26  0.00254  3.54423e-09 | 27  0.00130 -1.97865e-09
 28 -0.00072  9.52311e-09 | 29 -0.00247  1.47132e-08 | 30 -0.00460  2.38798e-08
 31 -0.00691  1.77047e-08 | 32 -0.00801 -9.05957e-09 | 33 -0.00747 -6.00498e-08
 34 -0.01124 -1.47426e-07 | 35 -0.01281 -3.60543e-07 | 36  0.00687 -4.37306e-07
 37 -0.01128  5.79694e-07 | 38 -0.06167  3.59303e-07 | 39 -0.04680 -1.61251e-08
 40 -0.03928 -7.19147e-09 | 41 -0.03216  4.83062e-10 | 42 -0.02803 -3.19217e-08
 43 -0.02453 -2.14994e-08 | 44 -0.02535 -1.56525e-08 | 45 -0.03017 -3.30334e-08
 46 -0.03256  2.34732e-08 | 47 -0.01349  3.78171e-08 | 48  0.02177  7.59041e-09
 49  0.01055 -1.11705e-07 | 50 -0.02258 -1.10066e-07 | 51 -0.01905 -1.76222e-07
 52 -0.04743 -2.37247e-08 | 53 -0.03607  7.93553e-08 | 54 -0.00332  1.64852e-07
 55 -0.01608  1.28336e-07 | 56  0.00473  2.70602e-08 | 57  0.01134 -1.25688e-08
 58  0.00890 -1.42088e-07 | 59 -0.02481 -4.48880e-08 | 60 -0.02834  8.83805e-08
 61  0.02407  8.29617e-08 | 62 -0.02011  4.38542e-08 | 63 -0.04296  1.13801e-07
 64 -0.01089  1.57349e-07 | 65 -0.02527  1.46882e-08 | 66 -0.04979 -6.43746e-08
 67 -0.04888  2.42960e-08 | 68  0.02627  3.81348e-08 | 69  0.00326 -1.87386e-07
 70 -0.08377 -5.24109e-08 | 71 -0.09139  9.63025e-09 | 72 -0.05207  5.14171e-09
 73 -0.01737 -2.98152e-09 | 74 -0.01675  8.97980e-09 | 75 -0.01676  1.65582e-09
 76 -0.01676 -1.37589e-08 | 77  0.00000  0.00000e+00 | 78 -0.46516 -1.86305e-06
 79 -0.25703 -2.05919e-07 | 80 -0.18768 -2.77776e-07 | 81  0.58125 -1.61576e-06
 82 -0.28987  2.00046e-06 | 83 -0.19980  6.21826e-07 | 84 -0.07380 -2.86164e-08
 85 -0.01259  3.28499e-08 | 86  0.97302  6.03972e-09 | 87  0.05401  1.47104e-10
 88  0.26287 -4.29858e-08 | 89  0.00000  1.99450e-10 | 90 -0.00095  7.64816e-11
 91 -0.00000 -5.34611e-11 | 92  0.00075  1.85482e-10 | 93 -0.00000 -1.39085e-10
Estimating row 1 out of 93 for hessian
Estimating row 2 out of 93 for hessian
Estimating row 3 out of 93 for hessian
Estimating row 4 out of 93 for hessian
Estimating row 5 out of 93 for hessian
Estimating row 6 out of 93 for hessian
Estimating row 7 out of 93 for hessian
Estimating row 8 out of 93 for hessian
Estimating row 9 out of 93 for hessian
Estimating row 10 out of 93 for hessian
Estimating row 11 out of 93 for hessian
Estimating row 12 out of 93 for hessian
Estimating row 13 out of 93 for hessian
Estimating row 14 out of 93 for hessian
Estimating row 15 out of 93 for hessian
Estimating row 16 out of 93 for hessian
Estimating row 17 out of 93 for hessian
Estimating row 18 out of 93 for hessian
Estimating row 19 out of 93 for hessian
Estimating row 20 out of 93 for hessian
Estimating row 21 out of 93 for hessian
Estimating row 22 out of 93 for hessian
Estimating row 23 out of 93 for hessian
Estimating row 24 out of 93 for hessian
Estimating row 25 out of 93 for hessian
Estimating row 26 out of 93 for hessian
Estimating row 27 out of 93 for hessian
Estimating row 28 out of 93 for hessian
Estimating row 29 out of 93 for hessian
Estimating row 30 out of 93 for hessian
Estimating row 31 out of 93 for hessian
Estimating row 32 out of 93 for hessian
Estimating row 33 out of 93 for hessian
Estimating row 34 out of 93 for hessian
Estimating row 35 out of 93 for hessian
Estimating row 36 out of 93 for hessian
Estimating row 37 out of 93 for hessian
Estimating row 38 out of 93 for hessian
Estimating row 39 out of 93 for hessian
Estimating row 40 out of 93 for hessian
Estimating row 41 out of 93 for hessian
Estimating row 42 out of 93 for hessian
Estimating row 43 out of 93 for hessian
Estimating row 44 out of 93 for hessian
Estimating row 45 out of 93 for hessian
Estimating row 46 out of 93 for hessian
Estimating row 47 out of 93 for hessian
Estimating row 48 out of 93 for hessian
Estimating row 49 out of 93 for hessian
Estimating row 50 out of 93 for hessian
Estimating row 51 out of 93 for hessian
Estimating row 52 out of 93 for hessian
Estimating row 53 out of 93 for hessian
Estimating row 54 out of 93 for hessian
Estimating row 55 out of 93 for hessian
Estimating row 56 out of 93 for hessian
Estimating row 57 out of 93 for hessian
Estimating row 58 out of 93 for hessian
Estimating row 59 out of 93 for hessian
Estimating row 60 out of 93 for hessian
Estimating row 61 out of 93 for hessian
Estimating row 62 out of 93 for hessian
Estimating row 63 out of 93 for hessian
Estimating row 64 out of 93 for hessian
Estimating row 65 out of 93 for hessian
Estimating row 66 out of 93 for hessian
Estimating row 67 out of 93 for hessian
Estimating row 68 out of 93 for hessian
Estimating row 69 out of 93 for hessian
Estimating row 70 out of 93 for hessian
Estimating row 71 out of 93 for hessian
Estimating row 72 out of 93 for hessian
Estimating row 73 out of 93 for hessian
Estimating row 74 out of 93 for hessian
Estimating row 75 out of 93 for hessian
Estimating row 76 out of 93 for hessian
Estimating row 77 out of 93 for hessian
Estimating row 78 out of 93 for hessian
Estimating row 79 out of 93 for hessian
Estimating row 80 out of 93 for hessian
Estimating row 81 out of 93 for hessian
Estimating row 82 out of 93 for hessian
Estimating row 83 out of 93 for hessian
Estimating row 84 out of 93 for hessian
Estimating row 85 out of 93 for hessian
Estimating row 86 out of 93 for hessian
Estimating row 87 out of 93 for hessian
Estimating row 88 out of 93 for hessian
Estimating row 89 out of 93 for hessian
Estimating row 90 out of 93 for hessian
Estimating row 91 out of 93 for hessian
Estimating row 92 out of 93 for hessian
Estimating row 93 out of 93 for hessian
size of file gradfil1.tmp = 0
size of file gradfil2.tmp = 0
size of file varssave.tmp = 0
size of file cmpdiff.tmp = 0
