
Initial statistics: 75 variables; iteration 0; function evaluation 0; phase 1
Function value 4.9340916e+06; maximum gradient component mag -1.2650e+07
Var    Value     Gradient |Var    Value     Gradient |Var    Value     Gradient
  1 -0.25748 -1.26500e+07 |  2  0.00642 -6.90981e+04 |  3 -0.00081 -5.08563e+04
  4 -0.05005 -2.77442e+04 |  5 -0.02786 -6.28937e+04 |  6 -0.02467 -8.23020e+04
  7 -0.03266 -8.91845e+04 |  8 -0.04427 -8.42038e+04 |  9  0.00754 -1.05476e+05
 10 -0.00463 -9.73029e+04 | 11 -0.02905 -8.05437e+04 | 12  0.02190 -1.02592e+05
 13 -0.00059 -8.34882e+04 | 14 -0.02960 -7.23027e+04 | 15 -0.02115 -7.87073e+04
 16 -0.01304 -7.36226e+04 | 17  0.02267 -9.59906e+04 | 18  0.02589 -9.28434e+04
 19  0.00517 -7.47410e+04 | 20  0.05060  5.55833e+04 | 21 -0.05121  4.96464e+04
 22 -0.04084  5.42513e+04 | 23  0.03516  7.60994e+04 | 24  0.02407  5.99403e+04
 25 -0.04832  2.27774e+04 | 26  0.04783  3.89643e+04 | 27  0.03183  2.50965e+04
 28 -0.00540  1.00962e+04 | 29 -0.04572 -1.14847e+04 | 30  0.04698 -9.41619e+03
 31  0.03604 -2.27262e+03 | 32 -0.00781 -1.43592e+04 | 33 -0.02065 -1.00294e+05
 34 -0.00529 -1.14474e+05 | 35 -0.02429 -7.87041e+04 | 36  0.02582 -1.23763e+05
 37 -0.04385 -8.09561e+04 | 38 -0.01545 -9.05916e+04 | 39  0.04904 -1.30455e+05
 40 -0.00406 -8.74283e+04 | 41  0.03960 -9.89272e+04 | 42  0.02778 -9.67796e+04
 43 -0.04161 -8.54426e+04 | 44  0.01385 -1.18011e+05 | 45 -0.04738 -1.01287e+05
 46 -0.04803 -1.22954e+05 | 47 -0.04368 -1.16939e+05 | 48  0.00109 -1.37911e+05
 49  0.02397 -1.34568e+05 | 50 -0.03434 -1.02263e+05 | 51  0.01145 -1.27847e+05
 52 -0.02791  8.00550e+04 | 53  0.02510 -1.23212e+05 | 54  0.04299 -1.54176e+05
 55  0.01350 -1.39365e+05 | 56 -0.02431 -1.27991e+05 | 57 -0.01688 -1.15407e+05
 58 -0.04161 -9.97383e+04 | 59  0.04585 -1.23905e+05 | 60 -0.01341 -1.15042e+05
 61 -0.05136 -1.09752e+05 | 62 -0.01916 -1.09776e+05 | 63  0.04201 -1.29550e+05
 64  0.04881 -1.45239e+05 | 65 -0.01923 -1.12970e+05 | 66 -0.03092 -1.15267e+05
 67  0.00138 -1.17614e+05 | 68  0.01772 -1.14696e+05 | 69  0.04888 -1.05460e+05
 70 -0.03652 -9.40573e+04 | 71 -0.03537 -8.05631e+04 | 72  0.03162 -5.72796e+04
 73 -0.00861 -4.62988e+04 | 74  0.02293 -1.04249e+04 | 75  0.02129  2.13891e+02

Intermediate statistics: 75 variables; iteration 20; function evaluation 36; phase 1
Function value 8.7035121e+02; maximum gradient component mag -1.0632e+02
Var    Value     Gradient |Var    Value     Gradient |Var    Value     Gradient
  1  1.52341  5.10588e-01 |  2 -0.00066 -8.78191e-01 |  3 -0.01882 -1.43760e+00
  4  0.00410  3.93086e+00 |  5 -0.00564  1.43867e+00 |  6 -0.00628  1.10295e+00
  7 -0.00124  2.08129e+00 |  8  0.00638  3.60663e+00 |  9 -0.01231 -9.96647e-01
 10 -0.00288  8.77291e-01 | 11  0.01118  3.83895e+00 | 12 -0.00510  1.24300e-01
 13  0.00684  2.93225e+00 | 14  0.02101  6.25739e+00 | 15  0.02521  7.10391e+00
 16  0.03414  8.89030e+00 | 17  0.05384  1.24559e+01 | 18  0.08656  1.91092e+01
 19  0.11876  2.46351e+01 | 20  0.42581  2.65823e+01 | 21  0.12377  2.84153e+01
 22  0.12065  3.26296e+01 | 23  0.23457  7.41841e+01 | 24  0.05753  3.04900e+01
 25 -0.00118  1.85353e+01 | 26  0.03275  4.57297e+01 | 27 -0.01303  3.66349e+01
 28 -0.06179  2.20879e+01 | 29 -0.09201  1.24468e+01 | 30 -0.09257  8.32930e+00
 31 -0.07158  5.37924e-02 | 32 -0.03105 -4.44014e+00 | 33 -0.05371 -9.23279e+00
 34 -0.02901 -9.77243e+00 | 35  0.00063 -1.17648e+01 | 36 -0.07193 -2.37316e+01
 37  0.02575 -3.78722e+01 | 38  0.03104 -3.31561e+01 | 39 -0.14819 -4.66565e+01
 40 -0.02697 -3.68692e+01 | 41 -0.10807 -3.58956e+01 | 42  0.19424  1.41582e+01
 43 -0.18466 -3.55268e+01 | 44 -0.19919 -3.84527e+01 | 45 -0.10053 -1.59281e+01
 46 -0.10585 -1.39329e+01 | 47 -0.10070 -4.36459e+00 | 48 -0.04164  2.94581e+01
 49 -0.01129  7.44958e+01 | 50 -0.08098  2.67449e+01 | 51 -0.04804 -1.27043e+00
 52 -0.07939 -3.67689e+01 | 53 -0.01929 -1.47156e+01 | 54 -0.00694 -9.07116e+00
 55 -0.06617 -1.81754e+00 | 56 -0.04912 -7.11353e+00 | 57  0.04137 -4.78038e+01
 58 -0.05172 -4.91754e+01 | 59 -0.07300 -6.79457e+01 | 60  0.00932 -5.19916e+01
 61 -0.00370 -3.89912e+01 | 62 -0.07830 -5.42832e+00 | 63 -0.09057  4.74615e+00
 64 -0.04422  1.86782e+01 | 65 -0.08820  2.43181e+01 | 66 -0.15687 -4.19090e+00
 67 -0.06399  1.28229e+01 | 68  0.10954  9.31024e+01 | 69 -0.18593  4.92714e+00
 70 -0.24907 -3.42524e+01 | 71 -0.13800 -1.06319e+02 | 72 -0.52952 -7.25580e+01
 73 -0.13946 -8.24347e+00 | 74 -0.03498 -4.21932e+00 | 75 -0.03408 -3.92742e+00
75 variables; iteration 40; function evaluation 63; phase 1
Function value 8.4742034e+02; maximum gradient component mag -1.5554e+02
Var    Value     Gradient |Var    Value     Gradient |Var    Value     Gradient
  1  1.51352  4.44056e-01 |  2  0.00476  5.82499e-01 |  3 -0.00930  1.00880e+00
  4 -0.02187 -2.12835e+00 |  5 -0.01448 -4.59808e-01 |  6 -0.01215 -3.55537e-02
  7 -0.01294 -3.75636e-01 |  8 -0.01483 -9.86980e-01 |  9  0.00157  2.68209e+00
 10  0.00010  2.10480e+00 | 11 -0.00486  8.24070e-01 | 12  0.01251  4.85484e+00
 13  0.00820  4.04918e+00 | 14  0.00327  3.09503e+00 | 15  0.01012  4.71806e+00
 16  0.01706  6.34968e+00 | 17  0.03520  1.01870e+01 | 18  0.03963  1.15430e+01
 19  0.02500  8.33243e+00 | 20  0.48054  5.75932e+01 | 21  0.02355  1.00379e+01
 22  0.06692  2.44419e+01 | 23  0.20971  8.03388e+01 | 24  0.05958  3.60303e+01
 25 -0.01424  1.65307e+01 | 26  0.01926  4.25325e+01 | 27  0.00513  4.99507e+01
 28 -0.04796  3.17991e+01 | 29 -0.06519  2.99716e+01 | 30 -0.08719  1.73639e+01
 31 -0.02911  3.70749e+01 | 32 -0.00897  3.32054e+01 | 33 -0.03962  1.20597e+01
 34  0.02807 -3.01485e+00 | 35 -0.09345 -4.28940e+01 | 36 -0.06042 -4.74800e+01
 37  0.05772 -9.07599e+01 | 38 -0.02588 -6.31067e+01 | 39 -0.05472 -4.99232e+01
 40  0.02563 -6.34578e+01 | 41 -0.11700 -5.19074e+01 | 42  0.16807 -1.55536e+02
 43 -0.12035 -3.41473e+01 | 44 -0.09312 -1.95079e+01 | 45 -0.07422 -8.80587e+00
 46 -0.09029 -7.19057e+00 | 47 -0.07184 -4.08174e+00 | 48 -0.00547 -1.73303e+01
 49  0.02537 -3.08761e+01 | 50 -0.06633 -1.69524e+01 | 51 -0.01209 -3.58211e+00
 52 -0.00560 -2.17341e+01 | 53 -0.02076 -2.98380e+01 | 54  0.03485 -4.98493e+01
 55 -0.04704 -1.59653e+01 | 56 -0.01383  2.58435e+00 | 57  0.07599  2.70199e+00
 58 -0.03973 -1.83426e+01 | 59 -0.00648 -2.09949e+01 | 60  0.02168  2.57341e+01
 61  0.03476  5.22969e+01 | 62 -0.02073  6.19080e+01 | 63 -0.11081  1.04174e+01
 64  0.00775  8.61762e+01 | 65 -0.10264  4.00735e+01 | 66 -0.06495  7.94309e+01
 67 -0.02407  3.21761e+01 | 68  0.12865 -7.54532e+01 | 69 -0.15516 -4.68060e+00
 70 -0.16476  1.92375e+01 | 71 -0.09183  4.00932e+01 | 72 -0.35367 -3.38061e+01
 73 -0.10023  7.39352e-01 | 74 -0.00805  1.99690e+00 | 75 -0.00893  1.83586e+00
75 variables; iteration 60; function evaluation 91; phase 1
Function value 8.3305306e+02; maximum gradient component mag -1.0469e+02
Var    Value     Gradient |Var    Value     Gradient |Var    Value     Gradient
  1  1.51085  3.25966e-01 |  2  0.00557  8.34020e-01 |  3 -0.01216  3.78277e-01
  4 -0.00435  2.16925e+00 |  5 -0.00645  1.53831e+00 |  6 -0.00569  1.57587e+00
  7 -0.00223  2.23742e+00 |  8  0.00312  3.31619e+00 |  9 -0.01809 -1.88739e+00
 10 -0.01100 -4.35032e-01 | 11 -0.00205  1.49228e+00 | 12 -0.00275  1.31227e+00
 13 -0.00027  1.99908e+00 | 14  0.00027  2.27781e+00 | 15  0.00592  3.63749e+00
 16  0.01461  5.70196e+00 | 17  0.02103  6.91141e+00 | 18  0.02736  8.56156e+00
 19  0.02501  8.03116e+00 | 20  0.56290  3.40930e+01 | 21  0.03131  1.10133e+01
 22  0.04070  1.56366e+01 | 23  0.16494  5.67278e+01 | 24  0.03023  2.13298e+01
 25 -0.01355  1.27818e+01 | 26 -0.01459  2.03655e+01 | 27 -0.08191  1.11395e+00
 28 -0.07301  1.15035e+01 | 29 -0.08157  1.21135e+01 | 30 -0.05700  2.04169e+01
 31 -0.03293  1.30158e+01 | 32  0.00394  6.34264e+00 | 33 -0.03514 -6.55932e+00
 34  0.03368 -9.76886e+00 | 35 -0.05208 -2.77484e+01 | 36  0.00645 -1.57889e+01
 37  0.06320 -2.43880e+01 | 38 -0.04816 -3.01432e+01 | 39  0.08214  2.26270e+01
 40  0.01153 -8.18091e+00 | 41 -0.18343 -4.80532e+01 | 42  0.18662 -7.98778e+01
 43 -0.05250 -1.22187e+01 | 44 -0.07081 -7.71906e+00 | 45 -0.08762 -1.00482e+01
 46 -0.06749  2.63511e+00 | 47 -0.04093  1.73322e+01 | 48 -0.00973  2.16942e+01
 49  0.01214  3.19995e+01 | 50 -0.03987  1.34016e+01 | 51 -0.04288 -2.11223e+00
 52  0.00817  8.75979e-01 | 53 -0.02979 -2.94748e-01 | 54  0.04369  3.10767e+00
 55 -0.04164 -5.14014e+00 | 56 -0.02497 -1.22553e+01 | 57  0.07542 -1.45203e+01
 58 -0.04364 -6.76319e+00 | 59  0.02142  1.41411e+01 | 60 -0.00025  2.69730e+01
 61  0.05439  3.26590e+01 | 62 -0.05547  8.74014e+00 | 63 -0.08039 -3.37610e+00
 64 -0.00051  1.01964e+01 | 65 -0.06884  1.14569e+01 | 66 -0.11665 -5.67109e+00
 67 -0.02537 -1.88840e+01 | 68  0.13558 -1.04692e+02 | 69 -0.15174 -5.78762e+00
 70 -0.17742 -8.61548e+00 | 71 -0.09856 -7.93668e+00 | 72 -0.29234  8.89698e+00
 73 -0.12259 -7.88888e+00 | 74 -0.01164  1.09774e+00 | 75 -0.01220  1.01451e+00
Maximum number of function evaluations exceeded

 - final statistics:
75 variables; iteration 66; function evaluation 100
Function value 8.3130e+02; maximum gradient component mag -1.0714e+02
Exit code = 3;  converg criter 1.0000e+01
Var    Value     Gradient |Var    Value     Gradient |Var    Value     Gradient
  1  1.51076  3.75564e-01 |  2  0.00049 -3.73901e-01 |  3 -0.01593 -5.12999e-01
  4 -0.01021  7.81461e-01 |  5 -0.01161  3.31553e-01 |  6 -0.01069  4.26073e-01
  7 -0.00802  9.21685e-01 |  8 -0.00406  1.70104e+00 |  9 -0.01200 -3.57622e-01
 10 -0.00788  4.13830e-01 | 11 -0.00178  1.70534e+00 | 12 -0.00605  7.20684e-01
 13 -0.00207  1.79276e+00 | 14  0.00133  2.78535e+00 | 15  0.00340  3.36793e+00
 16  0.00667  4.25489e+00 | 17  0.01437  5.88976e+00 | 18  0.02467  8.59436e+00
 19  0.02215  8.14136e+00 | 20  0.56264  5.71306e+01 | 21  0.04136  1.46940e+01
 22  0.01563  1.04071e+01 | 23  0.17943  6.60959e+01 | 24  0.03096  2.33736e+01
 25  0.00268  2.02117e+01 | 26 -0.01958  1.97914e+01 | 27 -0.07764  3.76608e+00
 28 -0.08810  5.78834e+00 | 29 -0.10175  3.78211e+00 | 30 -0.06717  1.66178e+01
 31 -0.03225  1.50328e+01 | 32  0.00504  9.48781e+00 | 33 -0.02406 -1.68995e+00
 34  0.02071 -8.28853e+00 | 35 -0.02757 -2.34198e+01 | 36 -0.00940 -1.55882e+01
 37  0.07657 -2.66109e+01 | 38 -0.04567 -3.67941e+01 | 39  0.05232 -9.49179e+00
 40  0.02563 -2.28758e+01 | 41 -0.16429 -4.77747e+01 | 42  0.18670 -1.07140e+02
 43 -0.05557 -1.68651e+01 | 44 -0.07822 -1.30606e+01 | 45 -0.06924 -8.45592e+00
 46 -0.07941 -7.28969e+00 | 47 -0.04702  3.16118e+00 | 48 -0.00572 -1.60890e+00
 49  0.01595 -5.80993e+00 | 50 -0.04478 -1.37792e+01 | 51 -0.04000 -2.15675e+01
 52  0.00971 -1.63684e+01 | 53 -0.02621 -4.58324e+00 | 54  0.04329  3.23206e+00
 55 -0.03285 -6.73833e-01 | 56 -0.02687 -1.13353e+01 | 57  0.07696 -1.20662e+01
 58 -0.03970 -2.75739e+00 | 59  0.02236  1.76857e+01 | 60  0.00336  2.83595e+01
 61  0.05463  3.15649e+01 | 62 -0.06006  1.07948e+01 | 63 -0.06743  1.12927e+01
 64 -0.00025  3.00894e+01 | 65 -0.06222  2.18445e+01 | 66 -0.13011 -7.30471e+00
 67 -0.02131 -1.59435e+00 | 68  0.13931 -2.15057e+01 | 69 -0.15282  1.88992e+00
 70 -0.17274 -2.52279e+00 | 71 -0.09737 -5.94079e+00 | 72 -0.27893  1.99716e+01
 73 -0.09524  2.63308e+00 | 74 -0.01903 -7.48251e-01 | 75 -0.01889 -6.60106e-01

Initial statistics: 75 variables; iteration 0; function evaluation 0; phase 2
Function value 8.3129776e+02; maximum gradient component mag -1.0714e+02
Var    Value     Gradient |Var    Value     Gradient |Var    Value     Gradient
  1  0.48924 -3.75564e-01 |  2  0.00049 -3.73901e-01 |  3 -0.01593 -5.12999e-01
  4 -0.01021  7.81461e-01 |  5 -0.01161  3.31553e-01 |  6 -0.01069  4.26073e-01
  7 -0.00802  9.21685e-01 |  8 -0.00406  1.70104e+00 |  9 -0.01200 -3.57622e-01
 10 -0.00788  4.13830e-01 | 11 -0.00178  1.70534e+00 | 12 -0.00605  7.20684e-01
 13 -0.00207  1.79276e+00 | 14  0.00133  2.78535e+00 | 15  0.00340  3.36793e+00
 16  0.00667  4.25489e+00 | 17  0.01437  5.88976e+00 | 18  0.02467  8.59436e+00
 19  0.02215  8.14136e+00 | 20  0.56264  5.71306e+01 | 21  0.04136  1.46940e+01
 22  0.01563  1.04071e+01 | 23  0.17943  6.60959e+01 | 24  0.03096  2.33736e+01
 25  0.00268  2.02117e+01 | 26 -0.01958  1.97914e+01 | 27 -0.07764  3.76608e+00
 28 -0.08810  5.78834e+00 | 29 -0.10175  3.78211e+00 | 30 -0.06717  1.66178e+01
 31 -0.03225  1.50328e+01 | 32  0.00504  9.48781e+00 | 33 -0.02406 -1.68995e+00
 34  0.02071 -8.28853e+00 | 35 -0.02757 -2.34198e+01 | 36 -0.00940 -1.55882e+01
 37  0.07657 -2.66109e+01 | 38 -0.04567 -3.67941e+01 | 39  0.05232 -9.49179e+00
 40  0.02563 -2.28758e+01 | 41 -0.16429 -4.77747e+01 | 42  0.18670 -1.07140e+02
 43 -0.05557 -1.68651e+01 | 44 -0.07822 -1.30606e+01 | 45 -0.06924 -8.45592e+00
 46 -0.07941 -7.28969e+00 | 47 -0.04702  3.16118e+00 | 48 -0.00572 -1.60890e+00
 49  0.01595 -5.80993e+00 | 50 -0.04478 -1.37792e+01 | 51 -0.04000 -2.15675e+01
 52  0.00971 -1.63684e+01 | 53 -0.02621 -4.58324e+00 | 54  0.04329  3.23206e+00
 55 -0.03285 -6.73833e-01 | 56 -0.02687 -1.13353e+01 | 57  0.07696 -1.20662e+01
 58 -0.03970 -2.75739e+00 | 59  0.02236  1.76857e+01 | 60  0.00336  2.83595e+01
 61  0.05463  3.15649e+01 | 62 -0.06006  1.07948e+01 | 63 -0.06743  1.12927e+01
 64 -0.00025  3.00894e+01 | 65 -0.06222  2.18445e+01 | 66 -0.13011 -7.30471e+00
 67 -0.02131 -1.59435e+00 | 68  0.13931 -2.15057e+01 | 69 -0.15282  1.88992e+00
 70 -0.17274 -2.52279e+00 | 71 -0.09737 -5.94079e+00 | 72 -0.27893  1.99716e+01
 73 -0.09524  2.63308e+00 | 74 -0.01903 -7.48251e-01 | 75 -0.01889 -6.60106e-01

Intermediate statistics: 75 variables; iteration 20; function evaluation 24; phase 2
Function value 8.1770628e+02; maximum gradient component mag -1.2388e+02
Var    Value     Gradient |Var    Value     Gradient |Var    Value     Gradient
  1  0.50167 -1.90796e-01 |  2  0.00109 -1.39149e-01 |  3 -0.01480 -1.57717e-01
  4 -0.01396 -4.28984e-02 |  5 -0.01382 -1.14282e-01 |  6 -0.01337 -1.34982e-01
  7 -0.01271 -1.23446e-01 |  8 -0.01188 -9.74147e-02 |  9 -0.01208 -3.40361e-01
 10 -0.01108 -3.37911e-01 | 11 -0.01013 -3.02563e-01 | 12 -0.01044 -4.51761e-01
 13 -0.01054 -4.50465e-01 | 14 -0.01086 -4.79212e-01 | 15 -0.01110 -5.87143e-01
 16 -0.01142 -7.20167e-01 | 17 -0.01058 -8.96620e-01 | 18 -0.01067 -1.02991e+00
 19 -0.01077 -1.33605e+00 | 20  0.62168 -3.35312e+01 | 21 -0.01470 -1.81093e+00
 22 -0.01911 -1.77584e+00 | 23 -0.02560 -1.71535e+00 | 24 -0.02749 -1.28108e-01
 25 -0.03915  2.48890e-01 | 26 -0.05365  9.13573e-01 | 27 -0.07609 -9.43622e-01
 28 -0.08857 -5.53558e-02 | 29 -0.09615  2.43430e-01 | 30 -0.07878  3.59966e+00
 31 -0.03519  3.06883e+00 | 32  0.02900  1.04220e-01 | 33  0.00129 -4.76270e+00
 34 -0.00816 -1.35360e+01 | 35  0.03417 -9.29229e+00 | 36 -0.01671 -5.20937e+00
 37  0.08240  6.47016e+00 | 38  0.01986  4.56617e+00 | 39  0.03396  2.26685e+01
 40  0.02223  1.77283e+01 | 41  0.03786  3.43071e+00 | 42  0.18623  2.46759e+01
 43 -0.04242  2.85781e+00 | 44 -0.06143  4.19441e+00 | 45 -0.05501  9.77782e+00
 46 -0.05527  1.73886e+01 | 47 -0.03708  3.56631e+01 | 48  0.01129  6.63006e+01
 49  0.00732  5.26990e+01 | 50 -0.06392 -5.73202e+00 | 51 -0.00798 -3.58577e+01
 52 -0.03156 -4.30184e+01 | 53 -0.00762  1.59286e+00 | 54  0.05004  5.89229e+01
 55 -0.03005  3.07835e+01 | 56 -0.01881 -4.17475e-01 | 57  0.07473 -6.18171e+01
 58 -0.04391 -3.51881e+01 | 59  0.02468 -2.16132e+01 | 60  0.00121  1.38742e+01
 61  0.06219  4.28102e+01 | 62 -0.06139  1.87959e+01 | 63 -0.06104  2.27678e+01
 64  0.00482  4.09455e+01 | 65 -0.07032  1.65121e+01 | 66 -0.09968 -1.89405e+00
 67 -0.03496 -2.73163e+01 | 68  0.14317 -1.23882e+02 | 69 -0.15910 -1.22300e+01
 70 -0.17426 -1.66430e+01 | 71 -0.09998 -3.77630e+01 | 72 -0.28479  1.20279e+01
 73 -0.09915  1.00342e+00 | 74 -0.01617 -7.03394e-02 | 75 -0.01634 -5.73869e-02
75 variables; iteration 40; function evaluation 53; phase 2
Function value 8.1449792e+02; maximum gradient component mag 1.7339e+01
Var    Value     Gradient |Var    Value     Gradient |Var    Value     Gradient
  1  0.65784 -3.81376e-02 |  2  0.00186  5.00291e-02 |  3 -0.01398  4.56405e-02
  4 -0.01363  4.51606e-02 |  5 -0.01321  4.65984e-02 |  6 -0.01270  4.67928e-02
  7 -0.01212  4.54692e-02 |  8 -0.01145  4.45009e-02 |  9 -0.01073  2.86829e-02
 10 -0.00985  1.81957e-02 | 11 -0.00912  2.02223e-02 | 12 -0.00899 -6.10153e-03
 13 -0.00916  3.70189e-03 | 14 -0.00951 -1.76858e-03 | 15 -0.00952 -2.28042e-02
 16 -0.00960 -5.79507e-02 | 17 -0.00844 -1.11912e-01 | 18 -0.00828 -1.31449e-01
 19 -0.00821 -3.34750e-01 | 20  0.62791 -1.58920e+01 | 21 -0.01061 -3.00832e-01
 22 -0.01671 -5.82531e-01 | 23 -0.03145 -2.57069e+00 | 24 -0.03173 -6.17496e-01
 25 -0.04474 -8.01305e-01 | 26 -0.06003 -6.67370e-01 | 27 -0.07668 -7.59974e-01
 28 -0.09078 -7.26924e-01 | 29 -0.09877 -9.76396e-01 | 30 -0.08854 -1.11439e+00
 31 -0.04363 -1.85116e+00 | 32  0.02548 -2.85466e+00 | 33 -0.00384 -2.38472e+00
 34  0.01473 -1.35463e+00 | 35  0.03059  5.34175e-01 | 36 -0.00823  1.64973e-01
 37  0.08090  3.73121e+00 | 38  0.03205  1.92595e+00 | 39  0.01426  6.00764e+00
 40  0.00738  5.62556e+00 | 41  0.06149  2.29986e+00 | 42  0.18602  1.73389e+01
 43 -0.03661  2.70019e+00 | 44 -0.05758  2.21781e+00 | 45 -0.05615  1.83437e+00
 46 -0.05770  1.13539e+00 | 47 -0.04760  7.20691e-01 | 48  0.00174  6.13060e-01
 49 -0.00508  8.79665e-01 | 50 -0.04333  6.35042e-01 | 51 -0.02629  1.71491e+00
 52  0.00139  2.10641e+00 | 53 -0.02050  8.89153e-02 | 54  0.04116 -9.64994e-01
 55 -0.03667 -2.13016e-01 | 56 -0.01676 -8.50195e-02 | 57  0.07573  3.52276e+00
 58 -0.03293  1.08113e+00 | 59  0.02658  1.34397e+00 | 60 -0.01130 -4.04833e-01
 61  0.06188 -2.85358e-01 | 62 -0.06351 -1.59371e+00 | 63 -0.06346 -1.68745e+00
 64  0.00164 -2.97168e+00 | 65 -0.07938 -2.59216e+00 | 66 -0.10218 -8.77595e-01
 67 -0.02578 -1.93772e-02 | 68  0.14257 -2.57693e+00 | 69 -0.15941 -4.77298e-01
 70 -0.17266 -6.15689e-01 | 71 -0.09331  1.02395e+00 | 72 -0.29944 -2.07157e-01
 73 -0.10082 -2.45460e-02 | 74 -0.01597 -9.62130e-03 | 75 -0.01618 -9.81068e-03

 - final statistics:
75 variables; iteration 46; function evaluation 63
Function value 8.1443e+02; maximum gradient component mag 9.5550e+00
Exit code = 1;  converg criter 1.0000e+01
Var    Value     Gradient |Var    Value     Gradient |Var    Value     Gradient
  1  0.77543 -1.20742e-02 |  2  0.00222  1.47720e-01 |  3 -0.01367  1.31152e-01
  4 -0.01352  8.50823e-02 |  5 -0.01309  8.99409e-02 |  6 -0.01266  7.58441e-02
  7 -0.01221  4.51046e-02 |  8 -0.01173  2.43202e-03 |  9 -0.01078  4.74627e-02
 10 -0.01009 -2.74210e-03 | 11 -0.00959 -4.92016e-02 | 12 -0.00943 -5.79617e-02
 13 -0.00980 -8.61927e-02 | 14 -0.01034 -1.25924e-01 | 15 -0.01039 -1.38469e-01
 16 -0.01050 -1.60120e-01 | 17 -0.00940 -2.02236e-01 | 18 -0.00947 -2.50036e-01
 19 -0.00906 -3.39393e-01 | 20  0.62957 -7.74651e+00 | 21 -0.01255 -4.95324e-01
 22 -0.01833 -6.90036e-01 | 23 -0.02974 -1.83485e+00 | 24 -0.03150 -2.32952e-01
 25 -0.04539 -6.82236e-01 | 26 -0.06104 -7.04993e-01 | 27 -0.07681 -5.33156e-01
 28 -0.09112 -5.99624e-01 | 29 -0.09814 -4.33706e-01 | 30 -0.08821 -5.14933e-01
 31 -0.04221 -2.80771e-01 | 32  0.02515 -1.56398e-01 | 33  0.00014  6.74238e-01
 34  0.01666  5.34343e-01 | 35  0.02693  4.02814e-01 | 36 -0.00387  1.29230e+00
 37  0.08122  3.22475e+00 | 38  0.03466  1.05890e+00 | 39  0.01049  2.65598e+00
 40  0.00290  2.28515e+00 | 41  0.06911  1.36887e-01 | 42  0.18426  9.55496e+00
 43 -0.03528  1.34734e+00 | 44 -0.05797  4.98432e-01 | 45 -0.05675  1.00855e-01
 46 -0.05765 -5.20813e-02 | 47 -0.04740  1.17044e-01 | 48  0.00191  9.16948e-01
 49 -0.00421  2.30754e+00 | 50 -0.04309  1.46126e+00 | 51 -0.02492  1.72122e+00
 52 -0.00003  3.18552e-01 | 53 -0.01930 -4.58350e-02 | 54  0.04215 -2.17898e-02
 55 -0.03872 -1.52359e-01 | 56 -0.01408  1.16084e+00 | 57  0.07532  8.45613e-01
 58 -0.03193 -4.02268e-01 | 59  0.02545 -1.81849e+00 | 60 -0.00781 -1.51638e+00
 61  0.05983 -2.76512e+00 | 62 -0.05946 -1.88566e-01 | 63 -0.06275 -6.14043e-01
 64  0.00033 -1.28872e+00 | 65 -0.07580 -1.86897e-01 | 66 -0.10229 -6.12103e-01
 67 -0.02689 -8.15668e-01 | 68  0.14306 -1.54487e+00 | 69 -0.15836  5.36988e-01
 70 -0.17173  4.94258e-01 | 71 -0.09317  8.10882e-01 | 72 -0.29846  2.28441e-01
 73 -0.10104 -1.85682e-01 | 74 -0.01645 -1.31461e-01 | 75 -0.01668 -1.36250e-01

Initial statistics: 86 variables; iteration 0; function evaluation 0; phase 3
Function value 8.1442688e+02; maximum gradient component mag 3.9690e+02
Var    Value     Gradient |Var    Value     Gradient |Var    Value     Gradient
  1  0.77543 -1.20742e-02 |  2  0.00516  9.29990e-01 |  3  0.00222  1.47720e-01
  4 -0.01367  1.31152e-01 |  5 -0.01352  8.50823e-02 |  6 -0.01309  8.99409e-02
  7 -0.01266  7.58441e-02 |  8 -0.01221  4.51046e-02 |  9 -0.01173  2.43202e-03
 10 -0.01078  4.74627e-02 | 11 -0.01009 -2.74210e-03 | 12 -0.00959 -4.92016e-02
 13 -0.00943 -5.79617e-02 | 14 -0.00980 -8.61927e-02 | 15 -0.01034 -1.25924e-01
 16 -0.01039 -1.38469e-01 | 17 -0.01050 -1.60120e-01 | 18 -0.00940 -2.02236e-01
 19 -0.00947 -2.50036e-01 | 20 -0.00906 -3.39393e-01 | 21  0.62957 -7.74651e+00
 22 -0.01255 -4.95324e-01 | 23 -0.01833 -6.90036e-01 | 24 -0.02974 -1.83485e+00
 25 -0.03150 -2.32952e-01 | 26 -0.04539 -6.82236e-01 | 27 -0.06104 -7.04993e-01
 28 -0.07681 -5.33156e-01 | 29 -0.09112 -5.99624e-01 | 30 -0.09814 -4.33706e-01
 31 -0.08821 -5.14933e-01 | 32 -0.04221 -2.80771e-01 | 33  0.02515 -1.56398e-01
 34  0.00014  6.74238e-01 | 35  0.01666  5.34343e-01 | 36  0.02693  4.02814e-01
 37 -0.00387  1.29230e+00 | 38  0.08122  3.22475e+00 | 39  0.03466  1.05890e+00
 40  0.01049  2.65598e+00 | 41  0.00290  2.28515e+00 | 42  0.06911  1.36887e-01
 43  0.18426  9.55496e+00 | 44 -0.03528  1.34734e+00 | 45 -0.05797  4.98432e-01
 46 -0.05675  1.00855e-01 | 47 -0.05765 -5.20813e-02 | 48 -0.04740  1.17044e-01
 49  0.00191  9.16948e-01 | 50 -0.00421  2.30754e+00 | 51 -0.04309  1.46126e+00
 52 -0.02492  1.72122e+00 | 53 -0.00003  3.18552e-01 | 54 -0.01930 -4.58350e-02
 55  0.04215 -2.17898e-02 | 56 -0.03872 -1.52359e-01 | 57 -0.01408  1.16084e+00
 58  0.07532  8.45613e-01 | 59 -0.03193 -4.02268e-01 | 60  0.02545 -1.81849e+00
 61 -0.00781 -1.51638e+00 | 62  0.05983 -2.76512e+00 | 63 -0.05946 -1.88566e-01
 64 -0.06275 -6.14043e-01 | 65  0.00033 -1.28872e+00 | 66 -0.07580 -1.86897e-01
 67 -0.10229 -6.12103e-01 | 68 -0.02689 -8.15668e-01 | 69  0.14306 -1.54487e+00
 70 -0.15836  5.36988e-01 | 71 -0.17173  4.94258e-01 | 72 -0.09317  8.10882e-01
 73 -0.29846  2.28441e-01 | 74 -0.10104 -1.85682e-01 | 75 -0.01645 -1.31461e-01
 76 -0.01668 -1.36250e-01 | 77 -0.50675 -2.38502e+01 | 78  0.00115  2.92955e+00
 79 -0.15320  2.59811e+02 | 80  0.06645 -2.07501e+01 | 81  0.07355  3.08901e+00
 82  0.07030 -1.07558e+01 | 83 -0.37626 -1.00984e+01 | 84  0.11210  2.54204e+00
 85 -0.13299  3.96899e+02 | 86  0.10632  3.36154e+02 |

Intermediate statistics: 86 variables; iteration 20; function evaluation 28; phase 3
Function value 6.0300347e+02; maximum gradient component mag -1.0886e+03
Var    Value     Gradient |Var    Value     Gradient |Var    Value     Gradient
  1  0.77563 -1.10252e-02 |  2 -0.00120 -6.80655e-01 |  3  0.00064 -3.20882e-01
  4 -0.01521 -3.43050e-01 |  5 -0.01495 -3.94975e-01 |  6 -0.01479 -4.95868e-01
  7 -0.01457 -6.13790e-01 |  8 -0.01432 -7.55611e-01 |  9 -0.01406 -9.32192e-01
 10 -0.01405 -1.21379e+00 | 11 -0.01385 -1.50793e+00 | 12 -0.01360 -1.81604e+00
 13 -0.01363 -2.15046e+00 | 14 -0.01403 -2.52855e+00 | 15 -0.01499 -3.03076e+00
 16 -0.01628 -3.74307e+00 | 17 -0.01788 -4.62986e+00 | 18 -0.01857 -5.72548e+00
 19 -0.02037 -6.80845e+00 | 20 -0.02096 -7.99542e+00 | 21  0.69729 -3.08777e+02
 22 -0.02107 -1.02933e+01 | 23 -0.01968 -1.10057e+01 | 24 -0.00989 -1.03983e+01
 25 -0.01267 -1.19884e+01 | 26 -0.00549 -1.07037e+01 | 27 -0.00307 -8.42185e+00
 28 -0.00450 -4.64326e+00 | 29 -0.01061  1.44336e+00 | 30 -0.02616  9.54094e+00
 31 -0.05200  1.62596e+01 | 32 -0.09525  1.00938e+01 | 33 -0.19096 -2.57269e+01
 34 -0.26056 -4.98368e+01 | 35 -0.23522 -5.23797e+01 | 36 -0.29571 -6.60702e+01
 37 -0.11386 -4.14011e+01 | 38  0.18173  7.19765e+01 | 39  0.26578  6.34263e+01
 40  0.06697  3.48161e+01 | 41  0.11461  9.08537e+01 | 42  0.10119  1.50618e+02
 43  0.22321  4.14849e+02 | 44  0.02973  8.25666e+01 | 45  0.08785  1.29545e+02
 46  0.02002  8.44973e+01 | 47 -0.04832  3.75023e+01 | 48 -0.04253  3.11041e+01
 49  0.02280  5.36236e+01 | 50 -0.21102 -3.58789e+01 | 51 -0.21186 -2.58672e+01
 52  0.03201  1.43269e+02 | 53 -0.14285 -3.32081e+01 | 54 -0.04712 -5.37340e+01
 55  0.05772 -1.08402e+02 | 56 -0.11112 -5.83428e+01 | 57  0.04894 -7.85082e+01
 58 -0.02190 -6.58018e+01 | 59  0.03196 -9.18778e+01 | 60  0.05077 -9.20977e+01
 61 -0.27976 -5.99560e+01 | 62  0.13903 -2.08037e+01 | 63 -0.23560 -7.23324e+01
 64 -0.11549 -9.68762e+01 | 65  0.04517 -2.39961e+02 | 66 -0.17134 -7.25248e+01
 67 -0.05374 -1.52973e+01 | 68 -0.13925  4.32912e+01 | 69  0.15112  6.87263e+02
 70  0.04452  1.97023e+01 | 71 -0.25669 -9.05517e+01 | 72 -0.29859 -1.17094e+02
 73 -0.23191  4.71942e+01 | 74 -0.03259  8.37258e-01 | 75 -0.01534  4.86972e-02
 76 -0.01542  5.53705e-02 | 77 -0.20598  1.89856e+02 | 78 -0.00384 -2.00992e+02
 79 -1.00513 -7.26477e-01 | 80  0.31634  1.19029e-02 | 81  0.15043 -1.06046e+01
 82  0.27118 -3.07877e+00 | 83  0.13208 -1.35211e+01 | 84 -0.18708  7.07454e+00
 85 -0.31941 -1.08863e+03 | 86 -0.18470  5.56239e+02 |
86 variables; iteration 40; function evaluation 52; phase 3
Function value 5.4835681e+02; maximum gradient component mag -7.9123e+02
Var    Value     Gradient |Var    Value     Gradient |Var    Value     Gradient
  1  0.77991 -3.20172e-03 |  2 -0.00038 -4.74422e-01 |  3  0.00107 -2.08009e-01
  4 -0.01480 -2.32234e-01 |  5 -0.01453 -2.77544e-01 |  6 -0.01433 -3.61729e-01
  7 -0.01407 -4.62004e-01 |  8 -0.01378 -5.85442e-01 |  9 -0.01348 -7.41173e-01
 10 -0.01334 -9.76182e-01 | 11 -0.01307 -1.23039e+00 | 12 -0.01279 -1.51018e+00
 13 -0.01289 -1.81764e+00 | 14 -0.01344 -2.16806e+00 | 15 -0.01432 -2.60075e+00
 16 -0.01522 -3.18388e+00 | 17 -0.01619 -3.87402e+00 | 18 -0.01560 -4.64824e+00
 19 -0.01525 -5.20368e+00 | 20 -0.01392 -5.94417e+00 | 21  0.70044 -2.70300e+02
 22 -0.01422 -7.99313e+00 | 23 -0.01799 -9.40408e+00 | 24 -0.02958 -1.20631e+01
 25 -0.03634 -1.39957e+01 | 26 -0.05213 -1.63280e+01 | 27 -0.06158 -1.61086e+01
 28 -0.06187 -1.19104e+01 | 29 -0.05647 -2.14877e+00 | 30 -0.07848  2.84798e+00
 31 -0.12241 -2.85965e+00 | 32 -0.16831 -1.53371e+01 | 33 -0.29039 -5.23174e+01
 34 -0.24646 -4.87711e+01 | 35 -0.21707 -5.03330e+01 | 36 -0.15692 -4.25009e+01
 37  0.15165  2.13855e+01 | 38  0.14689  5.72266e+01 | 39  0.29718  1.95888e+02
 40  0.04966  5.73732e+01 | 41  0.12574  1.24791e+02 | 42  0.09993  1.41344e+02
 43  0.15930  2.31377e+02 | 44  0.01089  5.81718e+01 | 45  0.08454  1.20314e+02
 46  0.00170  6.33046e+01 | 47 -0.04542  3.31915e+01 | 48 -0.05462  2.17726e+01
 49  0.02738  6.02193e+01 | 50 -0.10830  1.52298e+00 | 51 -0.17764 -8.80449e+00
 52  0.04883  2.27428e+02 | 53 -0.08998  6.94887e+00 | 54  0.00215 -5.73185e+01
 55  0.02317 -1.59086e+02 | 56 -0.05816 -2.96619e+01 | 57  0.08780  1.21162e+02
 58 -0.08780 -5.04951e+01 | 59  0.07034 -1.06498e+02 | 60  0.03257 -1.58547e+02
 61 -0.24137 -6.56103e+01 | 62  0.13163  8.42854e+01 | 63 -0.04121  2.05820e+01
 64 -0.11565 -2.29609e+01 | 65  0.05655 -1.32952e+02 | 66 -0.27889 -7.29114e+01
 67 -0.03005 -6.28304e+01 | 68 -0.19285 -3.06019e+01 | 69  0.15088  1.22448e+02
 70  0.01716 -7.31769e+01 | 71 -0.08296 -2.16114e+01 | 72 -0.42235 -8.15996e+01
 73 -0.15164  1.35694e+02 | 74 -0.01812  4.19833e+00 | 75 -0.01460  1.85522e-01
 76 -0.01470  1.84865e-01 | 77  0.08152 -1.26979e+01 | 78  0.24449 -2.57758e+01
 79 -0.92561  5.65946e+00 | 80  2.51020  3.24395e-03 | 81  1.12073  1.86603e+00
 82  1.73827  1.28824e+01 | 83  0.16706  2.80923e-02 | 84 -0.52019 -3.17907e-03
 85 -0.31276 -7.91233e+02 | 86 -0.18508  5.28359e+02 |
86 variables; iteration 60; function evaluation 79; phase 3
Function value 4.6516820e+02; maximum gradient component mag 6.1683e+02
Var    Value     Gradient |Var    Value     Gradient |Var    Value     Gradient
  1  0.81494 -4.97443e-03 |  2 -0.00021 -3.14614e-01 |  3 -0.00051 -4.38028e-01
  4 -0.01600 -3.47783e-01 |  5 -0.01557 -3.02820e-01 |  6 -0.01501 -2.33691e-01
  7 -0.01435 -1.52160e-01 |  8 -0.01354 -4.25297e-02 |  9 -0.01256  1.00577e-01
 10 -0.01150  2.54019e-01 | 11 -0.01033  4.20280e-01 | 12 -0.00938  5.47870e-01
 13 -0.00912  6.17120e-01 | 14 -0.00930  6.93896e-01 | 15 -0.00984  7.50336e-01
 16 -0.01096  6.30398e-01 | 17 -0.01210  5.18280e-01 | 18 -0.01123  6.01384e-01
 19 -0.01115  8.59193e-01 | 20 -0.01084  1.00652e+00 | 21  0.72640  5.33728e+01
 22 -0.02136 -8.07833e-01 | 23 -0.02670 -1.26367e+00 | 24 -0.02303  8.62536e-01
 25 -0.02340  2.05257e+00 | 26  0.00883  1.52774e+01 | 27 -0.01778  1.18698e+01
 28 -0.07646 -2.58173e+00 | 29 -0.16806 -2.68394e+01 | 30 -0.09172  9.60385e+00
 31 -0.13863 -1.69642e+00 | 32 -0.16937 -9.79454e+00 | 33 -0.13774  3.06815e+00
 34 -0.12968 -7.70623e+00 | 35 -0.12337 -2.13303e+01 | 36  0.02779 -3.30939e+00
 37  0.11271 -2.91594e+00 | 38  0.16360 -1.21915e+01 | 39  0.29058 -3.70835e+01
 40  0.12148  2.44839e+01 | 41  0.09577  1.88353e+01 | 42  0.02704  2.25251e+01
 43  0.15149  9.52342e+01 | 44 -0.00826  1.28854e+01 | 45 -0.02095  1.45610e+01
 46 -0.03725  2.21424e+01 | 47 -0.06441  1.48442e+01 | 48 -0.05628  1.58251e+01
 49  0.00215  4.44160e+01 | 50 -0.04923  3.56051e+01 | 51 -0.08910  3.78540e+01
 52  0.00653  9.58328e+01 | 53 -0.02740  5.22990e+01 | 54 -0.01591  4.20077e+01
 55  0.07585  1.20196e+01 | 56 -0.12404 -4.41468e+01 | 57  0.06932 -3.66493e+01
 58 -0.04084 -8.06526e+01 | 59  0.04382 -2.19578e+02 | 60  0.02860 -1.19953e+02
 61 -0.04501 -2.31576e+01 | 62  0.10327  4.91440e+01 | 63 -0.05200  2.00002e+01
 64 -0.01354  8.14071e+01 | 65 -0.01065 -8.92085e+00 | 66 -0.04114  4.63477e+01
 67 -0.06969  5.03533e+01 | 68 -0.08221  4.42312e+01 | 69  0.13015 -1.34388e+01
 70  0.03674 -1.88869e+02 | 71 -0.13496 -3.76841e+01 | 72 -0.30276 -4.81453e+01
 73 -0.21222 -2.45449e+01 | 74 -0.08237 -1.18756e+01 | 75 -0.02959 -3.50010e+00
 76 -0.02968 -3.48958e+00 | 77  0.19857 -1.36279e+01 | 78  0.39758 -4.77541e+00
 79 -0.85358  3.53504e+00 | 80  0.52995  7.78456e-03 | 81  0.88865 -1.47485e+00
 82  1.67995  4.79283e+00 | 83  0.16712 -2.13135e+00 | 84 -0.44757  3.10337e-01
 85 -0.32608  6.16833e+02 | 86 -0.25255 -1.10644e+02 |
86 variables; iteration 80; function evaluation 114; phase 3
Function value 4.2164327e+02; maximum gradient component mag -9.0465e+02
Var    Value     Gradient |Var    Value     Gradient |Var    Value     Gradient
  1  0.87409 -2.41808e-03 |  2  0.00247  3.11675e-01 |  3  0.00257  2.77615e-01
  4 -0.01348  2.26339e-01 |  5 -0.01357  1.32082e-01 |  6 -0.01383 -1.56550e-02
  7 -0.01392 -1.40868e-01 |  8 -0.01345 -1.43798e-01 |  9 -0.01221  2.47148e-02
 10 -0.01044  3.02936e-01 | 11 -0.00956  3.47371e-01 | 12 -0.01269 -5.45400e-01
 13 -0.01334 -7.52396e-01 | 14 -0.00900  3.13285e-01 | 15 -0.00858  5.17786e-01
 16 -0.01127 -7.59081e-02 | 17 -0.01388 -6.67119e-01 | 18 -0.01417 -1.01514e+00
 19 -0.01193 -4.10554e-01 | 20 -0.00808  3.65649e-01 | 21  0.70387 -7.26245e+00
 22 -0.01825 -1.67317e+00 | 23 -0.01778 -8.42928e-01 | 24 -0.02036 -4.33922e-01
 25 -0.03073 -1.99062e+00 | 26 -0.04746 -4.05276e+00 | 27 -0.05004 -6.20352e-01
 28 -0.07150 -1.61414e+00 | 29 -0.07794  4.81823e+00 | 30 -0.11264  1.53760e+00
 31 -0.14133 -6.28232e-01 | 32 -0.15003  2.15854e+00 | 33 -0.15302 -5.80430e-01
 34 -0.11919  1.32814e+00 | 35 -0.05531  5.67018e+00 | 36 -0.01287 -5.10821e+00
 37  0.11557  2.31758e+00 | 38  0.12461  1.43447e+00 | 39  0.31969  2.19403e+00
 40  0.01034 -1.95867e+00 | 41  0.10948 -3.24550e+00 | 42  0.02111  1.15117e+00
 43  0.08379  1.56172e+01 | 44 -0.01756 -7.80429e+00 | 45 -0.01375  4.15168e+00
 46 -0.07270  2.98837e-01 | 47 -0.09046 -1.81365e+00 | 48 -0.08042 -3.73044e+00
 49 -0.04217 -7.55611e+00 | 50 -0.01451 -1.81021e+01 | 51 -0.09597 -9.17188e+00
 52  0.00436  5.85835e+00 | 53 -0.02518 -9.79128e+00 | 54 -0.01166 -4.80701e+00
 55  0.05993 -7.76679e+00 | 56 -0.01475  1.39334e+01 | 57  0.04726  2.97577e+01
 58 -0.00635  1.43203e+01 | 59  0.05916  2.26283e+01 | 60  0.04242 -4.04124e+00
 61 -0.03826 -7.22055e+00 | 62  0.08103 -7.40990e+00 | 63  0.02435  3.67371e+01
 64 -0.14616 -2.00699e+01 | 65  0.03595 -5.93497e+00 | 66 -0.07978 -1.78330e+01
 67 -0.08689 -2.59894e+01 | 68 -0.09724 -8.79902e+00 | 69  0.09961  2.57628e+01
 70  0.10575 -1.85674e+01 | 71 -0.15881 -6.84273e+00 | 72 -0.26989  5.75893e+00
 73 -0.22171  3.47911e+01 | 74 -0.02507  2.69695e+00 | 75 -0.02665 -2.77810e+00
 76 -0.02694 -2.83607e+00 | 77  0.41941 -5.20034e-02 | 78  0.65546 -5.70395e-01
 79 -0.86603  3.96710e+00 | 80  0.72292  7.43521e-03 | 81  1.08193  1.06527e+00
 82  1.54173  8.43391e-01 | 83  0.15302 -1.20022e+01 | 84 -0.58789  6.61718e-01
 85 -0.36876 -9.04651e+02 | 86 -0.40248  1.80136e+02 |
86 variables; iteration 100; function evaluation 145; phase 3
Function value 4.1486232e+02; maximum gradient component mag -2.5918e+02
Var    Value     Gradient |Var    Value     Gradient |Var    Value     Gradient
  1  0.91785 -7.70259e-04 |  2  0.01599  3.60601e+00 |  3 -0.00335 -1.17676e+00
  4 -0.01690 -6.20405e-01 |  5 -0.00963  1.06872e+00 |  6 -0.01100  6.38371e-01
  7 -0.01327 -2.45319e-02 |  8 -0.01283 -4.49632e-02 |  9 -0.01841 -1.51681e+00
 10 -0.01125  3.97767e-02 | 11 -0.01214 -3.51062e-01 | 12 -0.01176 -4.30472e-01
 13 -0.01038 -1.75009e-01 | 14 -0.00466  1.20606e+00 | 15 -0.01267 -5.74200e-01
 16 -0.01212 -4.25757e-01 | 17 -0.01488 -1.08233e+00 | 18 -0.01155 -6.21303e-01
 19 -0.01288 -8.58746e-01 | 20 -0.00725  2.94443e-01 | 21  0.68158 -1.50704e+01
 22 -0.00627  8.60314e-01 | 23 -0.00353  2.31864e+00 | 24 -0.01802 -4.29220e-02
 25 -0.03227 -2.47125e+00 | 26 -0.03504 -4.18506e-01 | 27 -0.05407 -1.57860e+00
 28 -0.07226 -1.24905e+00 | 29 -0.08945  1.26836e+00 | 30 -0.12336 -1.65124e+00
 31 -0.14690 -1.38073e+00 | 32 -0.15437  2.18771e+00 | 33 -0.15389  1.29766e+00
 34 -0.13015 -1.21115e+00 | 35 -0.07888 -8.92997e-01 | 36  0.00103 -1.01030e+00
 37  0.07347  7.12917e-01 | 38  0.15602  3.63490e+00 | 39  0.29750 -1.03007e+01
 40  0.02285  8.01275e-01 | 41  0.12381  2.38202e+00 | 42  0.03116  4.03130e+00
 43  0.01096  9.02578e-01 | 44  0.03201  3.91444e+00 | 45 -0.04962 -3.56731e+00
 46 -0.08249 -1.32758e+00 | 47 -0.09456 -8.11472e-01 | 48 -0.08070 -2.87565e-01
 49 -0.04986 -3.03324e+00 | 50  0.00041 -4.26333e+00 | 51 -0.07919 -7.83470e-01
 52 -0.00409 -2.86659e+00 | 53 -0.00928  5.19596e+00 | 54 -0.01558  6.85378e+00
 55  0.06555  9.46552e+00 | 56 -0.01614  4.49552e+00 | 57  0.04134 -1.84241e+00
 58 -0.00299  1.38094e+01 | 59  0.05924  2.26271e+01 | 60  0.04156 -3.07117e+00
 61 -0.03680 -9.44981e+00 | 62  0.08065 -4.13661e+01 | 63  0.00433  7.24286e+00
 64 -0.08648  1.01996e+01 | 65  0.02190  1.51868e+01 | 66 -0.06221  1.59834e+01
 67 -0.07887  9.13646e+00 | 68 -0.08396  4.88673e+00 | 69  0.08601 -8.27488e+00
 70  0.11320 -5.69948e+00 | 71 -0.16359 -5.85364e+00 | 72 -0.27939 -5.87145e+00
 73 -0.23608  6.38271e-01 | 74 -0.03882 -7.35520e-01 | 75 -0.00791  1.84847e+00
 76 -0.01621 -1.88545e-01 | 77  0.46952  1.95999e+00 | 78  0.70962 -4.08177e-01
 79 -0.95568  5.12678e-01 | 80  0.61188  5.48445e-03 | 81  1.01666  1.03218e-01
 82  1.25707  4.57383e-02 | 83  0.16223 -8.82224e-03 | 84 -0.57878 -3.97177e-03
 85 -0.37640 -2.59181e+02 | 86 -0.48001  6.03378e+01 |
86 variables; iteration 120; function evaluation 171; phase 3
Function value 4.1059262e+02; maximum gradient component mag -2.4664e+02
Var    Value     Gradient |Var    Value     Gradient |Var    Value     Gradient
  1  1.03009  3.58097e-04 |  2  0.00467  8.53246e-01 |  3  0.00147  1.45273e-02
  4 -0.01448 -1.33266e-02 |  5 -0.01699 -6.96168e-01 |  6 -0.01146  5.62897e-01
  7 -0.01101  5.69068e-01 |  8 -0.01485 -4.68667e-01 |  9 -0.01402 -3.90762e-01
 10 -0.01061  2.88403e-01 | 11 -0.01054  1.47473e-01 | 12 -0.01381 -7.67833e-01
 13 -0.00862  4.12981e-01 | 14 -0.00958  2.54630e-01 | 15 -0.01114  1.21579e-02
 16 -0.01226 -1.83517e-01 | 17 -0.01096  1.84708e-01 | 18 -0.01099 -6.99047e-02
 19 -0.01091  8.24971e-02 | 20 -0.00848  5.84506e-01 | 21  0.70037  9.41384e+00
 22 -0.01011  7.18251e-01 | 23 -0.01297  8.66887e-01 | 24 -0.01906  5.07446e-01
 25 -0.02652 -1.83681e-01 | 26 -0.03443  4.20093e-01 | 27 -0.04925  3.88697e-01
 28 -0.06796  3.53479e-01 | 29 -0.08996  6.57321e-01 | 30 -0.11671  2.96538e-01
 31 -0.14059  1.61845e-01 | 32 -0.15336  8.77125e-01 | 33 -0.15259  9.69661e-02
 34 -0.12416  6.65200e-02 | 35 -0.07369  4.18626e-01 | 36  0.00223  5.57646e-01
 37  0.10408  1.69143e+00 | 38  0.12548 -3.32314e+00 | 39  0.31784 -9.18515e+00
 40 -0.00306 -3.95572e+00 | 41  0.14693 -1.46037e+00 | 42  0.00994 -5.16133e+00
 43 -0.03070 -1.31550e+01 | 44  0.03818 -1.60383e+00 | 45 -0.04188 -3.92714e+00
 46 -0.07960 -2.39808e+00 | 47 -0.09016 -1.37545e+00 | 48 -0.07687 -1.17950e+00
 49 -0.04246 -2.55047e+00 | 50 -0.00550 -5.33471e+00 | 51 -0.08237 -2.42289e+00
 52 -0.00283 -3.17729e+00 | 53 -0.01074 -1.14813e+00 | 54 -0.01516  2.95129e+00
 55  0.06898  4.84396e+00 | 56 -0.01901  1.64653e+00 | 57  0.04977  4.35674e+00
 58 -0.00818  3.64661e+00 | 59  0.05893  7.65915e+00 | 60  0.04768 -1.33166e+00
 61 -0.04131 -2.67379e+00 | 62  0.08968 -9.80822e+00 | 63  0.00255  3.66772e+00
 64 -0.09029  1.67926e+00 | 65  0.02464  4.93836e-01 | 66 -0.06483  3.49391e+00
 67 -0.07873  5.99873e-01 | 68 -0.08938  1.52966e+00 | 69  0.08961  1.25625e+01
 70  0.11637  6.66537e-02 | 71 -0.15100 -9.27108e-01 | 72 -0.28128 -1.92632e+00
 73 -0.23580  1.19025e+00 | 74 -0.03581 -3.31523e-03 | 75 -0.01402  3.20919e-01
 76 -0.01581 -1.12850e-01 | 77  0.44843 -4.74838e-01 | 78  0.70817 -3.73451e-01
 79 -1.05828 -1.05312e+00 | 80  0.44806  6.29708e-03 | 81  1.00221 -5.34626e-01
 82  0.72758 -5.40241e-02 | 83  0.18204  3.09197e-02 | 84 -0.41925  5.20128e-04
 85 -0.38626 -2.46640e+02 | 86 -0.66122  1.90415e+01 |
86 variables; iteration 140; function evaluation 191; phase 3
Function value 4.0887249e+02; maximum gradient component mag -1.5329e+02
Var    Value     Gradient |Var    Value     Gradient |Var    Value     Gradient
  1  1.03466  3.20843e-04 |  2  0.00058 -1.55697e-01 |  3  0.00145 -2.62413e-03
  4 -0.01474 -8.78284e-02 |  5 -0.01324  2.03254e-01 |  6 -0.01477 -2.54508e-01
  7 -0.01323  1.69124e-02 |  8 -0.01256  6.45085e-02 |  9 -0.01197  7.60929e-02
 10 -0.01159  2.09295e-02 | 11 -0.01198 -2.36559e-01 | 12 -0.00909  2.90150e-01
 13 -0.01111 -2.37850e-01 | 14 -0.01059 -6.76395e-02 | 15 -0.01084 -1.78449e-02
 16 -0.01031  1.47301e-01 | 17 -0.01150 -1.13123e-01 | 18 -0.01030 -1.25801e-01
 19 -0.01033 -3.84939e-02 | 20 -0.00995 -6.88797e-02 | 21  0.69326 -4.76577e+00
 22 -0.01247 -2.68674e-01 | 23 -0.01661 -4.96089e-01 | 24 -0.01990 -2.10748e-01
 25 -0.02436 -1.10330e-01 | 26 -0.03577 -4.69115e-01 | 27 -0.04998 -2.78184e-01
 28 -0.06880 -2.48966e-01 | 29 -0.09216 -3.29361e-01 | 30 -0.11807 -1.84349e-01
 31 -0.14220 -2.80958e-01 | 32 -0.15687 -4.02785e-01 | 33 -0.15391 -4.28264e-02
 34 -0.12510  1.00486e-01 | 35 -0.07547 -1.01704e-01 | 36  0.00313 -3.66343e-01
 37  0.07912  5.34997e-01 | 38  0.15031  3.81435e+00 | 39  0.30887  3.17365e+00
 40  0.01908  1.10178e+00 | 41  0.12665  2.20104e+00 | 42  0.02255  1.53741e+00
 43  0.02472  2.82624e+00 | 44  0.01510 -3.27172e-01 | 45 -0.03632 -1.24194e-01
 46 -0.07680  3.83828e-01 | 47 -0.09003  3.19434e-01 | 48 -0.07867  1.57582e-02
 49 -0.04420 -1.01523e-01 | 50 -0.00567  1.26181e-01 | 51 -0.08299  1.05041e-01
 52 -0.00417 -4.89402e-01 | 53 -0.01050 -9.09194e-01 | 54 -0.01848 -1.54171e+00
 55  0.06807 -2.11951e+00 | 56 -0.01951 -8.45949e-01 | 57  0.04887 -7.19679e-01
 58 -0.00974 -1.00752e+00 | 59  0.05605 -7.00300e-01 | 60  0.04857  1.30687e-01
 61 -0.04287  7.14848e-01 | 62  0.09055 -1.65003e+00 | 63 -0.00034 -1.03948e-01
 64 -0.09286 -1.16646e+00 | 65  0.02438 -3.21531e+00 | 66 -0.06847 -9.47916e-01
 67 -0.07930 -1.92471e+00 | 68 -0.09175 -1.34334e+00 | 69  0.08688  8.90965e+00
 70  0.11720  4.41860e+00 | 71 -0.15028  1.76618e-01 | 72 -0.28290 -1.60989e-01
 73 -0.23681  2.46493e+00 | 74 -0.03562  6.98403e-02 | 75 -0.01669 -3.27379e-01
 76 -0.01487  1.30376e-01 | 77  0.45207  4.59259e-01 | 78  0.75330 -2.53757e-01
 79 -1.00154  5.85617e-01 | 80  1.46995 -5.30949e-03 | 81  1.01040 -4.73396e-02
 82  0.62788 -1.45356e-01 | 83  0.19894 -2.96479e-01 | 84 -0.32663  1.15997e-01
 85 -0.38962 -1.53292e+02 | 86 -0.84927  4.37427e+00 |
86 variables; iteration 160; function evaluation 211; phase 3
Function value 4.0859168e+02; maximum gradient component mag 5.4085e+00
Var    Value     Gradient |Var    Value     Gradient |Var    Value     Gradient
  1  1.01771  1.60130e-04 |  2  0.00121  1.52298e-04 |  3  0.00145 -3.44955e-06
  4 -0.01438  2.46219e-03 |  5 -0.01411 -2.85379e-03 |  6 -0.01373  3.01084e-03
  7 -0.01333 -1.11005e-03 |  8 -0.01285 -7.06925e-04 |  9 -0.01232 -1.37909e-04
 10 -0.01172 -6.41825e-04 | 11 -0.01102  3.96257e-03 | 12 -0.01041 -3.95380e-03
 13 -0.01017  3.95539e-03 | 14 -0.01042  3.37866e-04 | 15 -0.01090  6.61785e-04
 16 -0.01112 -1.63326e-03 | 17 -0.01123  1.99709e-03 | 18 -0.01004  2.65108e-03
 19 -0.01050  2.26993e-03 | 20 -0.01006  2.06904e-03 | 21  0.69371  9.95111e-02
 22 -0.01191  3.36487e-03 | 23 -0.01519  6.04892e-03 | 24 -0.01977  3.38575e-03
 25 -0.02468  1.28812e-03 | 26 -0.03484  6.42880e-03 | 27 -0.04974  2.86377e-03
 28 -0.06862  1.24486e-03 | 29 -0.09170  3.59886e-03 | 30 -0.11787  1.33099e-02
 31 -0.14171  1.68328e-02 | 32 -0.15612  7.12227e-03 | 33 -0.15387  2.95531e-03
 34 -0.12541 -7.33124e-03 | 35 -0.07549 -1.39983e-02 | 36  0.00324 -1.00787e-03
 37  0.08596 -4.87226e-02 | 38  0.13960 -4.92176e-02 | 39  0.31219 -1.58344e-01
 40  0.01588 -2.72153e-02 | 41  0.12555  1.05786e-02 | 42  0.02171  5.69082e-02
 43  0.01667  6.42286e-02 | 44  0.02022  6.13261e-02 | 45 -0.03538  2.69220e-02
 46 -0.07750  1.80153e-02 | 47 -0.09056  1.07287e-02 | 48 -0.07848  2.30711e-02
 49 -0.04343  1.18296e-01 | 50 -0.00549  4.41216e-02 | 51 -0.08294  1.03868e-02
 52 -0.00385 -5.63873e-02 | 53 -0.01038  1.22193e-02 | 54 -0.01781  3.84862e-02
 55  0.06824  7.75961e-02 | 56 -0.01898  1.72376e-02 | 57  0.04886  5.56228e-02
 58 -0.00930  4.84462e-02 | 59  0.05611  6.35524e-02 | 60  0.04899  4.79542e-02
 61 -0.04425  3.12344e-04 | 62  0.09134 -1.54688e-01 | 63 -0.00110 -6.58980e-02
 64 -0.09193 -1.30886e-01 | 65  0.02493 -4.86752e-01 | 66 -0.06901 -9.48978e-02
 67 -0.07874 -8.04139e-02 | 68 -0.08848 -1.36511e-02 | 69  0.08487  1.32976e-01
 70  0.11816  1.75533e-01 | 71 -0.15078  1.67787e-02 | 72 -0.28240  1.92116e-02
 73 -0.23838 -4.15515e-02 | 74 -0.03591 -6.91504e-04 | 75 -0.01535  3.74478e-03
 76 -0.01541 -2.91750e-03 | 77  0.45094  2.11663e-01 | 78  0.77443 -2.06406e-01
 79 -0.98716  1.64774e-03 | 80  1.92416 -1.86033e-04 | 81  1.01242  9.19599e-03
 82  0.85514 -6.10750e-03 | 83  0.20192  3.61241e-02 | 84 -0.34690  2.27674e-03
 85 -0.39022  5.40849e+00 | 86 -0.99157 -6.01167e-02 |
86 variables; iteration 180; function evaluation 231; phase 3
Function value 4.0858571e+02; maximum gradient component mag -1.1980e+01
Var    Value     Gradient |Var    Value     Gradient |Var    Value     Gradient
  1  0.84791 -1.83998e-03 |  2  0.00120 -1.48740e-03 |  3  0.00144 -1.87129e-03
  4 -0.01437  4.36748e-03 |  5 -0.01414 -1.03088e-02 |  6 -0.01371  7.16482e-03
  7 -0.01335 -5.74144e-03 |  8 -0.01286 -2.02208e-03 |  9 -0.01231  2.55973e-03
 10 -0.01173 -2.04816e-03 | 11 -0.01098  1.34839e-02 | 12 -0.01044 -1.10766e-02
 13 -0.01014  9.56199e-03 | 14 -0.01042  8.36100e-04 | 15 -0.01091 -2.03847e-03
 16 -0.01114 -7.58230e-03 | 17 -0.01123  3.06025e-03 | 18 -0.01003  3.23575e-03
 19 -0.01049  2.99659e-03 | 20 -0.01005  3.75874e-03 | 21  0.69373  1.00443e-01
 22 -0.01190  5.87499e-03 | 23 -0.01518  9.40927e-03 | 24 -0.01976  4.69880e-03
 25 -0.02469 -1.56788e-03 | 26 -0.03485  3.14538e-03 | 27 -0.04976 -2.90752e-03
 28 -0.06864 -8.73205e-03 | 29 -0.09166  2.04984e-02 | 30 -0.11784  2.18859e-02
 31 -0.14169  2.44088e-02 | 32 -0.15606  3.00842e-02 | 33 -0.15391 -2.33525e-02
 34 -0.12542 -1.47410e-02 | 35 -0.07545 -4.72543e-03 | 36  0.00330 -8.28394e-03
 37  0.08572 -8.98818e-02 | 38  0.13979  6.42773e-04 | 39  0.31216  7.87420e-02
 40  0.01611  5.02911e-02 | 41  0.12568  6.74579e-02 | 42  0.02126 -2.18122e-02
 43  0.01661  6.36766e-02 | 44  0.02034  1.25148e-01 | 45 -0.03522  1.08764e-01
 46 -0.07744  6.78962e-02 | 47 -0.09056  2.97073e-02 | 48 -0.07846  5.47265e-02
 49 -0.04331  1.83800e-01 | 50 -0.00554  8.30705e-02 | 51 -0.08314  4.76117e-02
 52 -0.00360  4.73057e-01 | 53 -0.01054  3.80380e-02 | 54 -0.01779 -5.12493e-02
 55  0.06821 -1.48463e-01 | 56 -0.01899 -6.27462e-02 | 57  0.04886 -2.10829e-02
 58 -0.00930 -7.26663e-03 | 59  0.05610 -3.45919e-02 | 60  0.04897 -7.86433e-02
 61 -0.04425  5.93222e-03 | 62  0.09137 -4.88525e-02 | 63 -0.00116 -6.18273e-02
 64 -0.09183 -4.09890e-02 | 65  0.02494 -3.52443e-01 | 66 -0.06903 -6.58823e-02
 67 -0.07871 -4.90318e-02 | 68 -0.08847 -5.45662e-02 | 69  0.08482 -1.93994e-01
 70  0.11817 -1.92887e-01 | 71 -0.15087 -1.14951e-01 | 72 -0.28240 -2.69342e-02
 73 -0.23842 -1.13804e-02 | 74 -0.03592 -2.64844e-03 | 75 -0.01531  1.29623e-02
 76 -0.01545 -1.43595e-02 | 77  0.45076  1.84158e-01 | 78  0.82161 -1.31048e-01
 79 -0.98742 -3.29300e-03 | 80  1.92083 -1.95239e-04 | 81  1.01103 -2.87563e-02
 82  0.96040  4.56408e-02 | 83  0.20302 -2.15899e-02 | 84 -0.32944  2.34453e-02
 85 -0.39022 -1.19797e+01 | 86 -0.98655  1.06287e-01 |
86 variables; iteration 200; function evaluation 251; phase 3
Function value 4.0857602e+02; maximum gradient component mag -3.7704e+00
Var    Value     Gradient |Var    Value     Gradient |Var    Value     Gradient
  1  0.93625 -6.22054e-04 |  2  0.00121  1.20394e-03 |  3  0.00145  3.74270e-04
  4 -0.01438  2.43129e-03 |  5 -0.01412 -6.45875e-03 |  6 -0.01372  4.63363e-03
  7 -0.01333 -1.70385e-03 |  8 -0.01286 -1.39090e-03 |  9 -0.01231  1.98257e-03
 10 -0.01172  1.76140e-04 | 11 -0.01101  6.33002e-03 | 12 -0.01043 -7.07832e-03
 13 -0.01016  5.33013e-03 | 14 -0.01041  1.34289e-03 | 15 -0.01091 -2.02121e-03
 16 -0.01113 -5.94868e-03 | 17 -0.01123  1.59654e-03 | 18 -0.01005 -7.69765e-04
 19 -0.01051 -1.12630e-03 | 20 -0.01007 -1.40087e-03 | 21  0.69373  2.62888e-02
 22 -0.01190  2.92140e-03 | 23 -0.01519  5.66894e-03 | 24 -0.01974  6.35854e-03
 25 -0.02465  5.51920e-03 | 26 -0.03481  1.28534e-02 | 27 -0.04970  1.19965e-02
 28 -0.06859  5.59142e-03 | 29 -0.09171 -3.54189e-03 | 30 -0.11790 -4.98956e-03
 31 -0.14172  1.21608e-02 | 32 -0.15609  1.76636e-02 | 33 -0.15386  2.69671e-03
 34 -0.12537  9.52592e-03 | 35 -0.07545  4.84948e-03 | 36  0.00321  1.38342e-02
 37  0.08612  1.74938e-02 | 38  0.13953  8.44988e-03 | 39  0.31218  5.89291e-02
 40  0.01612  4.00772e-02 | 41  0.12559  3.92497e-02 | 42  0.02163  3.52872e-02
 43  0.01678  5.15358e-02 | 44  0.01996 -4.47194e-02 | 45 -0.03527  1.39236e-02
 46 -0.07740  2.28977e-02 | 47 -0.09045  2.04716e-02 | 48 -0.07837  3.32170e-02
 49 -0.04350  7.40492e-02 | 50 -0.00557  9.37875e-02 | 51 -0.08299  8.05945e-02
 52 -0.00387  1.09936e-01 | 53 -0.01045  1.12644e-01 | 54 -0.01779  1.47604e-01
 55  0.06818  1.56348e-01 | 56 -0.01897  7.24113e-02 | 57  0.04883  6.49353e-02
 58 -0.00934 -2.13689e-02 | 59  0.05606 -1.33144e-01 | 60  0.04893 -1.77135e-01
 61 -0.04422 -7.69196e-02 | 62  0.09127 -4.56511e-01 | 63 -0.00107 -1.09155e-01
 64 -0.09204 -1.49668e-01 | 65  0.02499 -3.01945e-01 | 66 -0.06922 -8.43892e-02
 67 -0.07852  1.89596e-01 | 68 -0.08858  2.02259e-02 | 69  0.08483  2.28283e-02
 70  0.11812 -8.30878e-02 | 71 -0.15077 -1.60134e-03 | 72 -0.28245 -5.65853e-03
 73 -0.23841 -9.84621e-03 | 74 -0.03590  8.22796e-04 | 75 -0.01533  9.12820e-03
 76 -0.01542 -5.49654e-03 | 77  0.44939 -6.05851e-03 | 78  0.94168 -1.18778e-03
 79 -0.98704  4.18598e-03 | 80  1.97102 -3.55627e-05 | 81  1.01127 -2.18230e-02
 82  0.87201 -1.23210e-03 | 83  0.20125 -1.10432e-02 | 84 -0.33595  1.91042e-02
 85 -0.39022 -3.77038e+00 | 86 -0.98984  2.92206e-03 |
86 variables; iteration 220; function evaluation 271; phase 3
Function value 4.0857526e+02; maximum gradient component mag -1.4602e-01
Var    Value     Gradient |Var    Value     Gradient |Var    Value     Gradient
  1  0.99756  1.81345e-05 |  2  0.00121  1.56677e-04 |  3  0.00145 -2.40179e-05
  4 -0.01439 -2.95344e-04 |  5 -0.01410 -2.75769e-04 |  6 -0.01374 -1.29364e-04
  7 -0.01332  9.99054e-05 |  8 -0.01285  1.99012e-08 |  9 -0.01232  2.27841e-04
 10 -0.01172  4.43233e-04 | 11 -0.01103 -1.67718e-04 | 12 -0.01040  1.30608e-04
 13 -0.01018  1.22278e-04 | 14 -0.01042  2.60665e-04 | 15 -0.01090 -2.11121e-04
 16 -0.01111 -1.59029e-04 | 17 -0.01124 -5.96151e-05 | 18 -0.01005 -2.31679e-04
 19 -0.01050 -6.73943e-05 | 20 -0.01006 -1.49933e-04 | 21  0.69376  1.03675e-02
 22 -0.01191  2.26590e-04 | 23 -0.01521  2.87152e-04 | 24 -0.01976  3.95251e-04
 25 -0.02466  4.93532e-04 | 26 -0.03484  3.24823e-04 | 27 -0.04972  7.09934e-04
 28 -0.06860  8.96260e-04 | 29 -0.09169  1.45212e-03 | 30 -0.11788  1.28087e-03
 31 -0.14173  6.49741e-04 | 32 -0.15612 -1.52444e-04 | 33 -0.15386 -3.80231e-04
 34 -0.12538 -1.31523e-04 | 35 -0.07544 -5.67159e-05 | 36  0.00320 -2.64518e-04
 37  0.08611 -2.23977e-04 | 38  0.13956 -4.41738e-03 | 39  0.31221 -5.23412e-03
 40  0.01599  1.19997e-04 | 41  0.12565 -3.64833e-03 | 42  0.02157 -3.65666e-03
 43  0.01663  7.58730e-04 | 44  0.02026 -1.66757e-03 | 45 -0.03527  5.89706e-05
 46 -0.07741  2.09839e-03 | 47 -0.09044  2.33073e-03 | 48 -0.07837  2.94578e-03
 49 -0.04357  6.29756e-03 | 50 -0.00554  1.70330e-03 | 51 -0.08301  1.26071e-03
 52 -0.00387 -1.18466e-02 | 53 -0.01042 -2.03263e-03 | 54 -0.01784 -5.21524e-03
 55  0.06820 -2.38478e-03 | 56 -0.01898  2.11274e-03 | 57  0.04883  2.16734e-03
 58 -0.00933  3.14010e-03 | 59  0.05608  5.03544e-03 | 60  0.04897  5.96686e-04
 61 -0.04430 -1.66568e-03 | 62  0.09136 -3.58527e-03 | 63 -0.00116 -9.58495e-04
 64 -0.09191 -2.43772e-03 | 65  0.02501 -1.35485e-02 | 66 -0.06910 -9.47178e-04
 67 -0.07872 -3.38086e-03 | 68 -0.08849 -1.17496e-04 | 69  0.08483 -2.51176e-03
 70  0.11814  1.01918e-03 | 71 -0.15078  4.29918e-03 | 72 -0.28244  1.00709e-03
 73 -0.23838  4.22537e-03 | 74 -0.03591  7.69955e-05 | 75 -0.01536 -7.35333e-05
 76 -0.01539  5.77904e-05 | 77  0.44943  3.84190e-04 | 78  0.94300  4.36985e-04
 79 -0.98719  3.61374e-04 | 80  1.98444  1.42291e-05 | 81  1.01207 -6.31745e-05
 82  0.87719  3.01301e-04 | 83  0.17534  4.05239e-02 | 84 -0.58714 -4.14531e-03
 85 -0.39022 -1.46023e-01 | 86 -0.98980  2.38470e-03 |
86 variables; iteration 240; function evaluation 295; phase 3
Function value 4.0857470e+02; maximum gradient component mag -3.4187e-01
Var    Value     Gradient |Var    Value     Gradient |Var    Value     Gradient
  1  0.99237 -5.82895e-05 |  2  0.00121 -1.23316e-04 |  3  0.00145  3.42061e-05
  4 -0.01439  6.66248e-05 |  5 -0.01409  9.13128e-05 |  6 -0.01374 -1.85888e-05
  7 -0.01333 -3.90491e-05 |  8 -0.01285 -2.08296e-05 |  9 -0.01232 -1.30432e-05
 10 -0.01172 -1.29411e-04 | 11 -0.01103  4.67207e-05 | 12 -0.01040 -6.24290e-05
 13 -0.01018 -1.50545e-04 | 14 -0.01042 -4.15609e-05 | 15 -0.01090  7.98675e-05
 16 -0.01111  4.34774e-05 | 17 -0.01124  2.22640e-05 | 18 -0.01004 -2.08428e-05
 19 -0.01050  6.70724e-05 | 20 -0.01006  1.29932e-04 | 21  0.69376  3.41682e-03
 22 -0.01191 -3.89071e-05 | 23 -0.01521 -2.45118e-04 | 24 -0.01976  9.81940e-05
 25 -0.02466 -1.87626e-04 | 26 -0.03484 -2.90750e-04 | 27 -0.04972  4.79845e-04
 28 -0.06860  3.40669e-04 | 29 -0.09169 -4.60990e-04 | 30 -0.11788  4.55108e-04
 31 -0.14173  9.46611e-04 | 32 -0.15612 -1.04296e-03 | 33 -0.15386 -1.10435e-04
 34 -0.12538  4.28777e-04 | 35 -0.07544 -2.51337e-04 | 36  0.00320 -8.75273e-04
 37  0.08609 -2.89180e-03 | 38  0.13958 -2.76610e-03 | 39  0.31220 -9.34598e-03
 40  0.01597 -2.78765e-03 | 41  0.12566 -1.87762e-03 | 42  0.02158 -6.72865e-04
 43  0.01662 -1.72329e-03 | 44  0.02026 -2.62649e-03 | 45 -0.03526  2.31503e-03
 46 -0.07742 -9.32463e-04 | 47 -0.09045 -2.44088e-04 | 48 -0.07838 -1.55935e-03
 49 -0.04359 -5.17029e-03 | 50 -0.00553 -3.61430e-03 | 51 -0.08301 -1.15455e-03
 52 -0.00386 -9.17346e-03 | 53 -0.01042 -8.80441e-04 | 54 -0.01784  6.34887e-03
 55  0.06821  1.56866e-02 | 56 -0.01899  8.85551e-03 | 57  0.04884  2.69816e-02
 58 -0.00933  4.59507e-03 | 59  0.05608  7.79653e-03 | 60  0.04897  5.27030e-03
 61 -0.04430  1.37033e-03 | 62  0.09136 -4.80205e-04 | 63 -0.00116 -1.83603e-03
 64 -0.09191 -4.48767e-03 | 65  0.02501 -5.96872e-03 | 66 -0.06910 -9.64465e-04
 67 -0.07873 -9.31661e-03 | 68 -0.08848 -1.47737e-04 | 69  0.08483 -1.51547e-02
 70  0.11814 -5.69681e-03 | 71 -0.15078  4.70057e-03 | 72 -0.28244  3.33222e-04
 73 -0.23839 -2.61484e-03 | 74 -0.03591  5.83636e-06 | 75 -0.01536  9.94996e-05
 76 -0.01539  4.19180e-05 | 77  0.44945 -2.50241e-04 | 78  0.94271  7.16267e-05
 79 -0.98720  2.10011e-04 | 80  1.96645 -5.19022e-05 | 81  1.01209  4.64473e-04
 82  0.87561 -1.68591e-04 | 83  0.16676 -2.31617e-03 | 84 -0.50571  2.65727e-04
 85 -0.39022 -3.41867e-01 | 86 -0.98987  2.15908e-04 |
86 variables; iteration 260; function evaluation 315; phase 3
Function value 4.0857470e+02; maximum gradient component mag -7.5869e-03
Var    Value     Gradient |Var    Value     Gradient |Var    Value     Gradient
  1  0.99684  2.10300e-06 |  2  0.00121 -6.22752e-05 |  3  0.00145 -1.82560e-06
  4 -0.01439  3.09307e-06 |  5 -0.01409  6.62704e-05 |  6 -0.01374 -4.23190e-05
  7 -0.01333 -2.73768e-05 |  8 -0.01285  3.09138e-05 |  9 -0.01232  1.67013e-05
 10 -0.01172 -4.13090e-05 | 11 -0.01103 -2.30728e-05 | 12 -0.01040  4.71539e-05
 13 -0.01018 -6.27728e-05 | 14 -0.01042 -2.87309e-05 | 15 -0.01090  1.08404e-05
 16 -0.01111  2.12015e-05 | 17 -0.01124 -2.87053e-05 | 18 -0.01004 -1.30975e-05
 19 -0.01050 -1.62633e-05 | 20 -0.01006 -1.50568e-05 | 21  0.69376 -1.37701e-03
 22 -0.01191 -9.33307e-05 | 23 -0.01521 -1.27614e-04 | 24 -0.01976 -5.18175e-05
 25 -0.02466 -3.51350e-05 | 26 -0.03484 -1.29934e-04 | 27 -0.04973 -2.72440e-05
 28 -0.06860  6.30191e-06 | 29 -0.09169  5.37289e-05 | 30 -0.11788  1.61725e-06
 31 -0.14173  1.05091e-04 | 32 -0.15612  7.01836e-05 | 33 -0.15386 -5.40952e-05
 34 -0.12538  7.16150e-05 | 35 -0.07544  6.61547e-06 | 36  0.00320  1.45463e-05
 37  0.08610  1.09253e-03 | 38  0.13957  1.09586e-03 | 39  0.31220  1.17719e-03
 40  0.01598  2.89347e-04 | 41  0.12565  8.49107e-04 | 42  0.02158  2.66830e-04
 43  0.01662  3.38209e-04 | 44  0.02026  1.88569e-04 | 45 -0.03528 -6.63371e-04
 46 -0.07741 -5.75507e-05 | 47 -0.09045  2.73944e-05 | 48 -0.07838  5.65530e-05
 49 -0.04358  5.49350e-04 | 50 -0.00553  3.47176e-04 | 51 -0.08302 -8.20541e-06
 52 -0.00386  9.08775e-04 | 53 -0.01043  3.67076e-05 | 54 -0.01784 -2.81746e-04
 55  0.06821 -1.06841e-03 | 56 -0.01899 -1.99972e-04 | 57  0.04884  2.75911e-04
 58 -0.00933 -7.47338e-05 | 59  0.05608 -7.54031e-04 | 60  0.04897 -4.37082e-04
 61 -0.04430  1.40838e-04 | 62  0.09136  1.13056e-03 | 63 -0.00116 -2.19959e-04
 64 -0.09191 -1.11419e-03 | 65  0.02501 -1.97062e-03 | 66 -0.06911 -9.18357e-04
 67 -0.07872  1.30606e-04 | 68 -0.08849 -2.02989e-04 | 69  0.08483 -1.47442e-03
 70  0.11814  6.48530e-04 | 71 -0.15078  2.07856e-03 | 72 -0.28244  5.59538e-04
 73 -0.23838 -1.35993e-04 | 74 -0.03591  2.20390e-05 | 75 -0.01536 -4.30770e-05
 76 -0.01539  1.95778e-05 | 77  0.44944  2.28476e-04 | 78  0.94264 -1.17955e-05
 79 -0.98721 -1.32538e-06 | 80  1.98178  4.17922e-06 | 81  1.01207  5.07630e-05
 82  0.87615 -6.80323e-06 | 83  0.16682 -2.43399e-05 | 84 -0.50598 -1.14714e-06
 85 -0.39022 -7.58688e-03 | 86 -0.98988  1.22333e-05 |

 - final statistics:
86 variables; iteration 264; function evaluation 319
Function value 4.0857e+02; maximum gradient component mag -8.3052e-05
Exit code = 1;  converg criter 1.0000e-04
Var    Value     Gradient |Var    Value     Gradient |Var    Value     Gradient
  1  0.99673 -2.36481e-10 |  2  0.00121 -1.17876e-07 |  3  0.00145 -2.25717e-11
  4 -0.01439  1.40641e-07 |  5 -0.01409 -8.85137e-08 |  6 -0.01374  7.33520e-08
  7 -0.01333 -1.78186e-07 |  8 -0.01285  3.49531e-08 |  9 -0.01232  1.36297e-07
 10 -0.01172 -9.67511e-08 | 11 -0.01103  2.40224e-07 | 12 -0.01040 -1.53981e-07
 13 -0.01018  1.38369e-07 | 14 -0.01042  6.49356e-09 | 15 -0.01090 -6.14690e-08
 16 -0.01111 -9.27707e-08 | 17 -0.01124  6.52987e-08 | 18 -0.01004  3.97932e-08
 19 -0.01050  7.01324e-09 | 20 -0.01006 -4.89696e-08 | 21  0.69376 -1.35616e-06
 22 -0.01191  8.52380e-08 | 23 -0.01520  1.04995e-07 | 24 -0.01976 -1.58711e-07
 25 -0.02466 -1.87102e-07 | 26 -0.03484 -6.15556e-09 | 27 -0.04973 -1.52489e-07
 28 -0.06860 -8.53624e-08 | 29 -0.09169 -2.09871e-07 | 30 -0.11788 -4.22539e-07
 31 -0.14173 -1.22885e-07 | 32 -0.15612  2.90670e-07 | 33 -0.15386 -2.39365e-08
 34 -0.12538  2.84995e-08 | 35 -0.07544  1.82619e-07 | 36  0.00320  6.15655e-07
 37  0.08610 -5.99630e-07 | 38  0.13957 -1.17568e-06 | 39  0.31220 -1.98739e-06
 40  0.01598  4.73664e-08 | 41  0.12565  2.15039e-06 | 42  0.02158  1.11181e-06
 43  0.01662  1.48229e-06 | 44  0.02026  6.97096e-07 | 45 -0.03527  6.00094e-07
 46 -0.07741 -4.34145e-07 | 47 -0.09045 -3.34673e-07 | 48 -0.07838 -3.20616e-07
 49 -0.04358  4.85078e-07 | 50 -0.00553  5.88636e-07 | 51 -0.08302 -1.64299e-07
 52 -0.00386  9.13706e-07 | 53 -0.01043 -9.57430e-07 | 54 -0.01784 -1.05482e-06
 55  0.06821 -1.27557e-06 | 56 -0.01899 -4.78061e-07 | 57  0.04884 -1.08883e-06
 58 -0.00933 -9.33145e-07 | 59  0.05608 -1.11271e-06 | 60  0.04897 -6.04462e-07
 61 -0.04430  3.69146e-07 | 62  0.09136 -1.08377e-06 | 63 -0.00116 -4.41693e-08
 64 -0.09191 -2.03786e-07 | 65  0.02501  6.48698e-06 | 66 -0.06911 -3.68949e-07
 67 -0.07872 -2.12409e-06 | 68 -0.08849  1.85628e-06 | 69  0.08483  2.68594e-06
 70  0.11814 -7.42300e-07 | 71 -0.15078  1.22205e-06 | 72 -0.28244 -4.10178e-07
 73 -0.23838 -1.45602e-07 | 74 -0.03591 -1.77026e-07 | 75 -0.01536  3.19146e-07
 76 -0.01539 -2.07056e-07 | 77  0.44944  7.45192e-08 | 78  0.94265  2.53608e-08
 79 -0.98721 -1.36213e-07 | 80  1.98067 -2.76899e-09 | 81  1.01207  1.00412e-07
 82  0.87618  4.08249e-08 | 83  0.16682 -4.72553e-08 | 84 -0.50593  1.16215e-08
 85 -0.39022 -8.30525e-05 | 86 -0.98988  2.99645e-07 |
Warning: the following parameters had issues
  SR_parm[1] is within 0.1% of upper bound: 1.00000e-04 < 1.99999e+01 < 2.00000e+01
  selparm[3] is within 1% of upper bound: -4.00000e+00 < 1.19676e+01 < 1.20000e+01
  selparm[7] is within 0.1% of lower bound: 2.00000e+01 < 2.00061e+01 < 8.00000e+01
  selparm[13] is within 0.1% of upper bound: 2.00000e+01 < 7.49951e+01 < 7.50000e+01
  selparm[15] is within 1% of upper bound: -4.00000e+00 < 1.18492e+01 < 1.20000e+01
  selparm[27] is within 0.1% of lower bound: -4.00000e+00 < -3.99899e+00 < 1.20000e+01


 - final statistics:
87 variables; iteration 0; function evaluation 0
Function value 4.0857e+02; maximum gradient component mag -8.3053e-05
Exit code = 0;  converg criter 1.0000e-04
Var    Value     Gradient |Var    Value     Gradient |Var    Value     Gradient
  1  0.99673 -2.36472e-10 |  2  0.00121 -1.17876e-07 |  3  0.00145 -2.25716e-11
  4 -0.01439  1.40641e-07 |  5 -0.01409 -8.85137e-08 |  6 -0.01374  7.33520e-08
  7 -0.01333 -1.78186e-07 |  8 -0.01285  3.49531e-08 |  9 -0.01232  1.36297e-07
 10 -0.01172 -9.67511e-08 | 11 -0.01103  2.40224e-07 | 12 -0.01040 -1.53981e-07
 13 -0.01018  1.38369e-07 | 14 -0.01042  6.49356e-09 | 15 -0.01090 -6.14690e-08
 16 -0.01111 -9.27707e-08 | 17 -0.01124  6.52987e-08 | 18 -0.01004  3.97932e-08
 19 -0.01050  7.01324e-09 | 20 -0.01006 -4.89696e-08 | 21  0.69376 -1.35616e-06
 22 -0.01191  8.52380e-08 | 23 -0.01520  1.04995e-07 | 24 -0.01976 -1.58711e-07
 25 -0.02466 -1.87102e-07 | 26 -0.03484 -6.15556e-09 | 27 -0.04973 -1.52489e-07
 28 -0.06860 -8.53624e-08 | 29 -0.09169 -2.09871e-07 | 30 -0.11788 -4.22539e-07
 31 -0.14173 -1.22885e-07 | 32 -0.15612  2.90670e-07 | 33 -0.15386 -2.39365e-08
 34 -0.12538  2.84995e-08 | 35 -0.07544  1.82619e-07 | 36  0.00320  6.15655e-07
 37  0.08610 -5.99630e-07 | 38  0.13957 -1.17568e-06 | 39  0.31220 -1.98739e-06
 40  0.01598  4.73664e-08 | 41  0.12565  2.15039e-06 | 42  0.02158  1.11181e-06
 43  0.01662  1.48229e-06 | 44  0.02026  6.97096e-07 | 45 -0.03527  6.00094e-07
 46 -0.07741 -4.34145e-07 | 47 -0.09045 -3.34673e-07 | 48 -0.07838 -3.20616e-07
 49 -0.04358  4.85078e-07 | 50 -0.00553  5.88636e-07 | 51 -0.08302 -1.64299e-07
 52 -0.00386  9.13706e-07 | 53 -0.01043 -9.57430e-07 | 54 -0.01784 -1.05482e-06
 55  0.06821 -1.27557e-06 | 56 -0.01899 -4.78061e-07 | 57  0.04884 -1.08883e-06
 58 -0.00933 -9.33145e-07 | 59  0.05608 -1.11271e-06 | 60  0.04897 -6.04462e-07
 61 -0.04430  3.69146e-07 | 62  0.09136 -1.08377e-06 | 63 -0.00116 -4.41694e-08
 64 -0.09191 -2.03786e-07 | 65  0.02501  6.48698e-06 | 66 -0.06911 -3.68949e-07
 67 -0.07872 -2.12409e-06 | 68 -0.08849  1.85628e-06 | 69  0.08483  2.68594e-06
 70  0.11814 -7.42300e-07 | 71 -0.15078  1.22205e-06 | 72 -0.28244 -4.10178e-07
 73 -0.23838 -1.45602e-07 | 74 -0.03591 -1.77026e-07 | 75 -0.01536  3.19146e-07
 76 -0.01539 -2.07056e-07 | 77  0.00000  0.00000e+00 | 78  0.44944  7.45193e-08
 79  0.94265  2.53608e-08 | 80 -0.98721 -1.36213e-07 | 81  0.01933  2.76899e-09
 82  0.98793 -1.00412e-07 | 83  0.87618  4.08249e-08 | 84  0.16682 -4.72553e-08
 85 -0.50593  1.16215e-08 | 86 -0.39022 -8.30525e-05 | 87 -0.98988  2.99645e-07
Estimating row 1 out of 87 for hessian
Estimating row 2 out of 87 for hessian
Estimating row 3 out of 87 for hessian
Estimating row 4 out of 87 for hessian
Estimating row 5 out of 87 for hessian
Estimating row 6 out of 87 for hessian
Estimating row 7 out of 87 for hessian
Estimating row 8 out of 87 for hessian
Estimating row 9 out of 87 for hessian
Estimating row 10 out of 87 for hessian
Estimating row 11 out of 87 for hessian
Estimating row 12 out of 87 for hessian
Estimating row 13 out of 87 for hessian
Estimating row 14 out of 87 for hessian
Estimating row 15 out of 87 for hessian
Estimating row 16 out of 87 for hessian
Estimating row 17 out of 87 for hessian
Estimating row 18 out of 87 for hessian
Estimating row 19 out of 87 for hessian
Estimating row 20 out of 87 for hessian
Estimating row 21 out of 87 for hessian
Estimating row 22 out of 87 for hessian
Estimating row 23 out of 87 for hessian
Estimating row 24 out of 87 for hessian
Estimating row 25 out of 87 for hessian
Estimating row 26 out of 87 for hessian
Estimating row 27 out of 87 for hessian
Estimating row 28 out of 87 for hessian
Estimating row 29 out of 87 for hessian
Estimating row 30 out of 87 for hessian
Estimating row 31 out of 87 for hessian
Estimating row 32 out of 87 for hessian
Estimating row 33 out of 87 for hessian
Estimating row 34 out of 87 for hessian
Estimating row 35 out of 87 for hessian
Estimating row 36 out of 87 for hessian
Estimating row 37 out of 87 for hessian
Estimating row 38 out of 87 for hessian
Estimating row 39 out of 87 for hessian
Estimating row 40 out of 87 for hessian
Estimating row 41 out of 87 for hessian
Estimating row 42 out of 87 for hessian
Estimating row 43 out of 87 for hessian
Estimating row 44 out of 87 for hessian
Estimating row 45 out of 87 for hessian
Estimating row 46 out of 87 for hessian
Estimating row 47 out of 87 for hessian
Estimating row 48 out of 87 for hessian
Estimating row 49 out of 87 for hessian
Estimating row 50 out of 87 for hessian
Estimating row 51 out of 87 for hessian
Estimating row 52 out of 87 for hessian
Estimating row 53 out of 87 for hessian
Estimating row 54 out of 87 for hessian
Estimating row 55 out of 87 for hessian
Estimating row 56 out of 87 for hessian
Estimating row 57 out of 87 for hessian
Estimating row 58 out of 87 for hessian
Estimating row 59 out of 87 for hessian
Estimating row 60 out of 87 for hessian
Estimating row 61 out of 87 for hessian
Estimating row 62 out of 87 for hessian
Estimating row 63 out of 87 for hessian
Estimating row 64 out of 87 for hessian
Estimating row 65 out of 87 for hessian
Estimating row 66 out of 87 for hessian
Estimating row 67 out of 87 for hessian
Estimating row 68 out of 87 for hessian
Estimating row 69 out of 87 for hessian
Estimating row 70 out of 87 for hessian
Estimating row 71 out of 87 for hessian
Estimating row 72 out of 87 for hessian
Estimating row 73 out of 87 for hessian
Estimating row 74 out of 87 for hessian
Estimating row 75 out of 87 for hessian
Estimating row 76 out of 87 for hessian
Estimating row 77 out of 87 for hessian
Estimating row 78 out of 87 for hessian
Estimating row 79 out of 87 for hessian
Estimating row 80 out of 87 for hessian
Estimating row 81 out of 87 for hessian
Estimating row 82 out of 87 for hessian
Estimating row 83 out of 87 for hessian
Estimating row 84 out of 87 for hessian
Estimating row 85 out of 87 for hessian
Estimating row 86 out of 87 for hessian
Estimating row 87 out of 87 for hessian
size of file gradfil1.tmp = 0
size of file gradfil2.tmp = 0
size of file varssave.tmp = 0
size of file cmpdiff.tmp = 0
