
Initial statistics: 39 variables; iteration 0; function evaluation 0; phase 1
Function value 1.7887510e+06; maximum gradient component mag -4.5311e+06
Var    Value     Gradient |Var    Value     Gradient |Var    Value     Gradient
  1 -0.21396 -4.53109e+06 |  2 -0.02751 -3.51141e+04 |  3  0.02759 -4.64047e+04
  4 -0.04502 -2.56285e+04 |  5  0.03104 -4.95835e+04 |  6 -0.05005 -2.89106e+04
  7  0.05039 -5.91634e+04 |  8 -0.01862 -4.11120e+04 |  9 -0.03497 -4.36062e+04
 10  0.02764 -6.53470e+04 | 11 -0.02872 -4.44981e+04 | 12 -0.05056 -3.60776e+04
 13 -0.02132 -4.48759e+04 | 14 -0.02800 -6.14796e+04 | 15 -0.01476 -8.04554e+04
 16  0.04799 -1.62482e+05 | 17 -0.03467 -5.09872e+04 | 18 -0.01561 -5.66779e+04
 19  0.02805 -6.95794e+04 | 20  0.02245 -5.38665e+04 | 21  0.02925 -5.39861e+04
 22  0.03961 -6.17185e+04 | 23 -0.03842 -4.16121e+04 | 24  0.00874 -6.04500e+04
 25  0.01021 -5.17044e+04 | 26  0.04673 -7.31203e+04 | 27  0.02347 -7.07372e+04
 28 -0.02988 -4.79663e+04 | 29  0.01457 -7.55021e+04 | 30 -0.03645 -5.52543e+04
 31 -0.01052 -7.00576e+04 | 32 -0.01666 -6.63057e+04 | 33  0.01791 -8.27834e+04
 34  0.03075 -8.46913e+04 | 35  0.04041 -9.71056e+04 | 36 -0.04895 -4.80463e+04
 37  0.01554 -1.12359e+04 | 38 -0.98727  1.25043e+04 | 39 -0.98727  1.61124e+04

Intermediate statistics: 39 variables; iteration 20; function evaluation 42; phase 1
Function value 3.6382916e+01; maximum gradient component mag 7.5396e+01
Var    Value     Gradient |Var    Value     Gradient |Var    Value     Gradient
  1  0.30589  7.64212e+00 |  2  0.00776  7.34007e+00 |  3 -0.07369 -9.96708e+00
  4  0.01749  9.17762e+00 |  5 -0.05183 -8.17705e+00 |  6  0.04469  1.23486e+01
  7 -0.06546 -1.20500e+01 |  8  0.01614  6.77892e+00 |  9  0.04486  1.17768e+01
 10 -0.08095 -1.65911e+01 | 11 -0.06608 -1.39271e+01 | 12 -0.06673 -1.96670e+01
 13 -0.03839 -2.94891e+01 | 14 -0.02060 -4.43306e+01 | 15 -0.02031 -4.43088e+01
 16 -0.09048 -3.19833e+01 | 17  0.04151  1.35321e+01 | 18 -0.04210  1.06588e+01
 19 -0.06690  8.58841e+00 | 20  0.05331  7.53956e+01 | 21  0.00257  5.71311e+01
 22 -0.07918  1.53782e+01 | 23  0.00331  5.10861e+01 | 24 -0.03700  1.73195e+01
 25  0.01269  3.38513e+01 | 26 -0.25451 -5.02995e+01 | 27 -0.12658 -2.78297e+01
 28 -0.06576 -2.16425e+01 | 29 -0.06227 -3.36683e+01 | 30 -0.00085 -6.10171e+01
 31  0.09981 -5.28704e+01 | 32 -0.10552 -1.40765e+00 | 33 -0.12659  1.09917e+01
 34 -0.15367 -1.42014e+01 | 35 -0.10701 -1.93217e+01 | 36  0.01070  6.97168e+00
 37 -0.05008 -7.97083e+00 | 38 -0.86017 -7.50399e+00 | 39 -0.67597 -4.88506e+01
39 variables; iteration 40; function evaluation 74; phase 1
Function value 2.0614901e+01; maximum gradient component mag 1.0099e+02
Var    Value     Gradient |Var    Value     Gradient |Var    Value     Gradient
  1  0.29245  1.22599e+01 |  2 -0.03012  3.95832e+00 |  3 -0.05709 -2.89597e+00
  4 -0.00309  6.57946e+00 |  5 -0.00501  4.45137e+00 |  6 -0.00724  3.97681e+00
  7  0.02541  1.48362e+01 |  8 -0.01927  6.77546e+00 |  9  0.00737  2.09411e+01
 10  0.01993  3.52282e+01 | 11 -0.04941  9.91097e+00 | 12 -0.01026  1.05601e+01
 13 -0.05838 -3.06683e+01 | 14 -0.00161 -7.58480e+01 | 15 -0.04385 -7.99350e+01
 16  0.01511 -9.19956e+01 | 17 -0.00247 -4.99027e+01 | 18  0.00059 -1.52500e+01
 19  0.00237  6.28540e+00 | 20  0.03280  2.63419e+01 | 21  0.03269  5.21767e+01
 22 -0.03514  3.34881e+01 | 23 -0.01175  5.59543e+01 | 24  0.02698  1.00991e+02
 25 -0.02563  7.38029e+01 | 26 -0.11731  1.49295e+01 | 27 -0.04068  4.75931e+01
 28 -0.12399 -1.27117e+01 | 29 -0.08325 -2.41727e+01 | 30  0.06410 -8.48407e+01
 31  0.09909 -7.89803e+01 | 32 -0.12865 -1.78494e+01 | 33 -0.07997  2.77882e+01
 34 -0.06358  1.99043e+01 | 35 -0.04160 -2.81738e+00 | 36 -0.03469 -4.46326e+00
 37 -0.00007  4.08061e+00 | 38 -0.60588 -5.34136e+00 | 39 -0.52358 -3.01104e+01
39 variables; iteration 60; function evaluation 96; phase 1
Function value 2.9797934e+00; maximum gradient component mag -4.4730e+01
Var    Value     Gradient |Var    Value     Gradient |Var    Value     Gradient
  1  0.30046  9.20463e+00 |  2 -0.08690  2.86521e-01 |  3 -0.06626 -2.22241e-01
  4 -0.04088 -1.75421e-01 |  5 -0.02531 -6.29204e-01 |  6 -0.01618 -1.58285e+00
  7 -0.01263 -3.25684e+00 |  8  0.00798 -3.46137e+00 |  9  0.02285 -6.69599e+00
 10  0.00759 -6.94517e+00 | 11 -0.02095 -2.15257e+00 | 12 -0.05730 -2.53980e+00
 13 -0.03329  9.32705e+00 | 14 -0.00539  1.82390e+01 | 15 -0.00459  1.53551e+01
 16  0.02532  2.57130e+01 | 17 -0.02110  7.85345e+00 | 18 -0.00433  1.22697e+01
 19  0.00375  1.16722e+01 | 20  0.05615  1.99994e+01 | 21  0.00864  1.58490e+01
 22 -0.04125  4.15783e+00 | 23  0.02208  1.68528e+01 | 24  0.00269  3.11992e+00
 25 -0.01945  2.48441e+00 | 26 -0.07981 -7.17120e+00 | 27 -0.10039 -1.06634e+01
 28 -0.09811 -5.95002e+00 | 29 -0.10422 -1.46862e+01 | 30  0.11318 -4.47304e+01
 31  0.04627 -4.46879e+01 | 32 -0.06575 -3.93775e+00 | 33 -0.12555 -1.53641e+00
 34 -0.09938  4.19682e-01 | 35 -0.02945  2.85700e-02 | 36 -0.01765 -2.80563e-01
 37 -0.01947 -7.13034e-01 | 38  0.38614 -1.24012e-01 | 39  0.63398 -2.10270e+00
Maximum number of function evaluations exceeded

 - final statistics:
39 variables; iteration 65; function evaluation 100
Function value 2.2360e+00; maximum gradient component mag -2.1930e+01
Exit code = 3;  converg criter 1.0000e+01
Var    Value     Gradient |Var    Value     Gradient |Var    Value     Gradient
  1  0.30238  9.15898e+00 |  2 -0.08574  8.60863e-01 |  3 -0.06658  1.13586e-02
  4 -0.03833  9.23990e-01 |  5 -0.02544  3.93725e-01 |  6 -0.01031  1.77062e+00
  7 -0.00319  2.77122e+00 |  8  0.00965  5.13378e+00 |  9  0.02783  8.97837e+00
 10  0.00207  8.58218e+00 | 11 -0.02910  9.12537e+00 | 12 -0.03956  1.19264e+01
 13 -0.04066  1.03223e+01 | 14 -0.01210  1.38774e+01 | 15  0.00689  1.34996e+01
 16  0.01155  1.35941e+01 | 17 -0.00638  6.26175e+00 | 18 -0.01356  2.35737e+00
 19  0.00628  6.61299e-01 | 20  0.05858 -5.13519e+00 | 21 -0.00260 -8.26120e+00
 22 -0.02598 -8.80408e+00 | 23  0.00514 -7.25059e+00 | 24  0.01409 -6.01922e+00
 25 -0.02492 -1.44210e+00 | 26 -0.07623 -5.46555e+00 | 27 -0.09071 -6.55891e+00
 28 -0.10855 -7.86474e+00 | 29 -0.12030 -1.57001e+01 | 30  0.11208 -8.14855e+00
 31  0.06281 -2.19301e+01 | 32 -0.09567 -7.43189e+00 | 33 -0.13404 -3.30211e+00
 34 -0.10527 -1.35814e+00 | 35 -0.03022 -1.07663e-01 | 36 -0.01663 -2.71909e-02
 37 -0.01667 -1.95633e-02 | 38  0.58922 -7.70785e-02 | 39  0.81759 -1.03438e+00

Initial statistics: 39 variables; iteration 0; function evaluation 0; phase 2
Function value 2.2359776e+00; maximum gradient component mag -2.1930e+01
Var    Value     Gradient |Var    Value     Gradient |Var    Value     Gradient
  1  0.30238  9.15898e+00 |  2 -0.08574  8.60863e-01 |  3 -0.06658  1.13586e-02
  4 -0.03833  9.23990e-01 |  5 -0.02544  3.93725e-01 |  6 -0.01031  1.77062e+00
  7 -0.00319  2.77122e+00 |  8  0.00965  5.13378e+00 |  9  0.02783  8.97837e+00
 10  0.00207  8.58218e+00 | 11 -0.02910  9.12537e+00 | 12 -0.03956  1.19264e+01
 13 -0.04066  1.03223e+01 | 14 -0.01210  1.38774e+01 | 15  0.00689  1.34996e+01
 16  0.01155  1.35941e+01 | 17 -0.00638  6.26175e+00 | 18 -0.01356  2.35737e+00
 19  0.00628  6.61299e-01 | 20  0.05858 -5.13519e+00 | 21 -0.00260 -8.26120e+00
 22 -0.02598 -8.80408e+00 | 23  0.00514 -7.25059e+00 | 24  0.01409 -6.01922e+00
 25 -0.02492 -1.44210e+00 | 26 -0.07623 -5.46555e+00 | 27 -0.09071 -6.55891e+00
 28 -0.10855 -7.86474e+00 | 29 -0.12030 -1.57001e+01 | 30  0.11208 -8.14855e+00
 31  0.06281 -2.19301e+01 | 32 -0.09567 -7.43189e+00 | 33 -0.13404 -3.30211e+00
 34 -0.10527 -1.35814e+00 | 35 -0.03022 -1.07663e-01 | 36 -0.01663 -2.71909e-02
 37 -0.01667 -1.95633e-02 | 38  0.58922 -7.70785e-02 | 39  0.81759 -1.03438e+00

Intermediate statistics: 39 variables; iteration 20; function evaluation 35; phase 2
Function value -2.0611869e+00; maximum gradient component mag 1.6165e+02
Var    Value     Gradient |Var    Value     Gradient |Var    Value     Gradient
  1  0.10298 -1.56636e+01 |  2 -0.08928 -5.15077e+00 |  3 -0.05090 -8.50603e-01
  4 -0.04888 -3.91320e+00 |  5 -0.01605 -2.91541e+00 |  6 -0.02835 -8.74975e+00
  7 -0.02951 -1.30861e+01 |  8 -0.04433 -2.08632e+01 |  9 -0.01939 -3.14678e+01
 10  0.08982 -7.42441e+01 | 11  0.00371 -3.97285e+01 | 12 -0.07497 -2.79323e+01
 13 -0.03344 -1.13195e+01 | 14 -0.01731  3.21311e+00 | 15  0.03668  2.73064e+01
 16 -0.02905  8.61187e+00 | 17  0.02561  1.89769e+01 | 18  0.01451 -2.34404e+00
 19  0.02746 -2.60265e+01 | 20 -0.00406 -2.94942e+01 | 21  0.04185  1.54288e+01
 22  0.02553  4.58140e+01 | 23  0.00574  1.59685e+01 | 24  0.04549 -3.58980e+01
 25 -0.09796 -4.97117e+01 | 26 -0.05640 -4.57482e+01 | 27 -0.07983 -1.85541e+01
 28 -0.07899  2.70467e+01 | 29 -0.03244  8.83464e+01 | 30  0.08825  1.61653e+02
 31  0.08920  7.08773e+01 | 32 -0.10675 -2.12302e+00 | 33 -0.16157 -1.19636e+01
 34 -0.12473 -7.69052e+00 | 35 -0.03601 -1.30782e+00 | 36 -0.01728  5.21436e-02
 37 -0.01741  3.97350e-02 | 38  0.61205 -5.54865e-02 | 39  1.08800  3.17153e-01
39 variables; iteration 40; function evaluation 60; phase 2
Function value -8.2395586e+00; maximum gradient component mag 1.4568e+02
Var    Value     Gradient |Var    Value     Gradient |Var    Value     Gradient
  1  0.08788 -9.90901e+01 |  2 -0.04832 -4.74035e+00 |  3 -0.06749 -8.09697e+00
  4 -0.03217 -4.37692e+00 |  5  0.01255 -2.32610e+00 |  6 -0.03157 -9.52177e+00
  7 -0.03354 -1.26007e+01 |  8 -0.02292 -1.69252e+01 |  9 -0.04760 -2.72837e+01
 10  0.09369 -6.50223e+01 | 11 -0.04303 -3.01790e+01 | 12 -0.07888 -2.27255e+01
 13 -0.02281 -2.83343e+00 | 14 -0.02911 -7.20813e-01 | 15  0.00026  2.46842e+00
 16 -0.01629 -2.80545e+00 | 17  0.00945  2.71321e+00 | 18 -0.02217 -3.92202e+00
 19  0.01527 -1.24348e+01 | 20  0.03650 -3.83423e+01 | 21  0.02214 -2.82237e+01
 22 -0.02662 -1.87760e+01 | 23 -0.02578 -2.41289e+01 | 24  0.05158 -2.89860e+01
 25 -0.09180 -2.41671e+01 | 26 -0.07135 -4.63020e+00 | 27 -0.05199  2.27725e+01
 28 -0.11790  1.65538e+01 | 29 -0.06976  6.01697e+01 | 30  0.06785  1.45679e+02
 31  0.08245  9.73382e+01 | 32 -0.09816  1.56027e+01 | 33 -0.13314  1.15131e+01
 34 -0.11382  3.15465e+00 | 35 -0.04595 -2.68115e+00 | 36 -0.01247  1.62015e+00
 37 -0.01224  1.68767e+00 | 38  0.90418 -1.39883e-02 | 39  1.80470  1.36604e+00
39 variables; iteration 60; function evaluation 84; phase 2
Function value -1.2055270e+01; maximum gradient component mag 6.7678e+01
Var    Value     Gradient |Var    Value     Gradient |Var    Value     Gradient
  1  0.09137  6.76783e+01 |  2 -0.05058  8.66069e-01 |  3 -0.04649  1.84503e-01
  4 -0.03977  1.43396e-01 |  5 -0.02571  1.13128e+00 |  6 -0.02407  2.23821e-01
  7 -0.02555  6.15486e-01 |  8 -0.01650  2.96654e+00 |  9 -0.00657  2.63829e+00
 10  0.03615  1.07033e+01 | 11 -0.02394  6.21555e+00 | 12 -0.06095  2.52125e+00
 13 -0.05643  3.65919e+00 | 14 -0.04515  1.14094e+00 | 15 -0.01917  1.07409e+00
 16 -0.00507  6.64649e-01 | 17 -0.01591 -1.51155e+00 | 18 -0.03671 -1.79808e+00
 19 -0.02218 -1.65478e+00 | 20  0.05930 -3.63878e+00 | 21 -0.01797 -4.80858e+00
 22 -0.04471 -4.92861e+00 | 23 -0.00562 -5.20212e+00 | 24  0.00357 -5.78177e+00
 25 -0.05213 -1.78160e+00 | 26 -0.08216 -1.98537e+00 | 27 -0.07655 -6.92685e-01
 28 -0.10032 -8.67259e-01 | 29 -0.09552 -1.71228e-01 | 30  0.02339 -6.40481e-01
 31  0.09113  3.24706e+00 | 32 -0.11773  1.21891e+00 | 33 -0.15915  1.06570e+00
 34 -0.12718  4.12602e-01 | 35 -0.03963 -1.46297e-01 | 36 -0.02238 -5.43306e-01
 37 -0.01969  1.26494e-01 | 38  1.19457  1.19291e-02 | 39  1.48648  5.98863e-01
Maximum number of function evaluations exceeded

 - final statistics:
39 variables; iteration 71; function evaluation 100
Function value -1.3245e+01; maximum gradient component mag 1.3215e+02
Exit code = 3;  converg criter 1.0000e+01
Var    Value     Gradient |Var    Value     Gradient |Var    Value     Gradient
  1  0.05403  2.37937e+01 |  2  0.07303  6.65238e+00 |  3  0.02779  5.08788e+00
  4  0.01215  5.19451e+00 |  5  0.00252  4.25303e+00 |  6  0.01293  5.73787e+00
  7 -0.00331  6.40632e+00 |  8 -0.02514  6.32794e+00 |  9  0.00901  1.58373e+01
 10 -0.03161  5.56967e+00 | 11 -0.00012  1.85032e+01 | 12 -0.05117  1.63825e+01
 13 -0.08779  1.79946e+01 | 14 -0.06896  4.16558e+01 | 15 -0.05058  6.58441e+01
 16 -0.02873  6.42246e+01 | 17 -0.01623  4.30893e+01 | 18 -0.06635  2.33127e+00
 19 -0.05263 -2.19056e+01 | 20  0.05174 -1.03704e+02 | 21 -0.01011 -8.19469e+01
 22 -0.07537 -6.49181e+01 | 23 -0.03501 -9.25733e+01 | 24  0.01489 -1.24059e+02
 25 -0.08330 -6.26631e+01 | 26 -0.09696 -5.06257e+01 | 27 -0.04914 -5.25221e+01
 28 -0.12074 -1.95423e+01 | 29 -0.13953  6.54504e+00 | 30 -0.00479  8.14948e+01
 31  0.06874  1.32148e+02 | 32 -0.13875  2.04033e+01 | 33 -0.18902  8.56077e+00
 34 -0.15374  4.59309e+00 | 35 -0.04844  1.70519e+00 | 36 -0.03134 -3.61710e-01
 37 -0.02428  7.69695e-01 | 38  0.78753 -3.54279e-01 | 39  2.85913  5.14768e+00

Initial statistics: 44 variables; iteration 0; function evaluation 0; phase 3
Function value -1.3245453e+01; maximum gradient component mag -1.9999e+02
Var    Value     Gradient |Var    Value     Gradient |Var    Value     Gradient
  1  0.05403 -1.91214e+02 |  2 -0.01927 -4.76553e+01 |  3  0.07303  7.71370e+00
  4  0.02779  5.34303e+00 |  5  0.01215  5.70305e+00 |  6  0.00252  4.42673e+00
  7  0.01293  6.17347e+00 |  8 -0.00331  6.30236e+00 |  9 -0.02514  5.52042e+00
 10  0.00901  1.45642e+01 | 11 -0.03161  2.46201e+00 | 12 -0.00012  1.61471e+01
 13 -0.05117  1.35539e+01 | 14 -0.08779  1.38472e+01 | 15 -0.06896  4.77841e+01
 16 -0.05058  8.30665e+01 | 17 -0.02873  8.74639e+01 | 18 -0.01623  5.83710e+01
 19 -0.06635  6.44577e+00 | 20 -0.05263 -2.41321e+01 | 21  0.05174 -1.29978e+02
 22 -0.01011 -1.10663e+02 | 23 -0.07537 -8.12629e+01 | 24 -0.03501 -1.17225e+02
 25  0.01489 -1.70929e+02 | 26 -0.08330 -7.87175e+01 | 27 -0.09696 -6.50584e+01
 28 -0.04914 -7.61052e+01 | 29 -0.12074 -2.69240e+01 | 30 -0.13953  9.45539e+00
 31 -0.00479  1.12338e+02 | 32  0.06874  1.74721e+02 | 33 -0.13875  2.62789e+01
 34 -0.18902  1.05986e+01 | 35 -0.15374  5.59957e+00 | 36 -0.04844  2.47550e+00
 37 -0.03134 -4.22730e-01 | 38 -0.02428  1.30125e+00 | 39  0.78753 -3.92046e-01
 40 -0.85913 -1.96137e+00 | 41 -0.23646  1.21285e+02 | 42 -0.01921 -1.99991e+02
 43 -0.14953  3.48412e+01 | 44  0.12892  1.29300e+02 |

Intermediate statistics: 44 variables; iteration 20; function evaluation 29; phase 3
Function value -5.4182748e+01; maximum gradient component mag -4.3482e+02
Var    Value     Gradient |Var    Value     Gradient |Var    Value     Gradient
  1  0.04912 -4.34815e+02 |  2  0.10896 -2.55304e+01 |  3 -0.01247 -1.34296e+01
  4 -0.01679 -1.42905e+01 |  5 -0.01181 -1.51005e+01 |  6 -0.00312 -1.58986e+01
  7  0.00437 -1.53716e+01 |  8 -0.00463 -1.23369e+01 |  9 -0.01715 -9.24790e+00
 10 -0.00044 -9.08091e+00 | 11  0.01724 -1.63138e+01 | 12 -0.01902 -2.28011e+01
 13 -0.08469 -3.32293e+01 | 14 -0.08270 -4.50453e+01 | 15 -0.03584 -4.07400e+01
 16 -0.08415 -3.88974e+01 | 17 -0.13355 -5.88893e+01 | 18  0.02234 -9.73323e+01
 19 -0.07559 -1.98414e+01 | 20 -0.07327 -1.45975e+01 | 21  0.02506 -2.86696e+01
 22  0.00043 -1.96989e+01 | 23 -0.02341 -1.03743e+01 | 24 -0.11459 -1.84853e+01
 25  0.02345  3.56996e+01 | 26 -0.02671  6.43481e+01 | 27 -0.16214 -2.12284e+01
 28 -0.05317 -6.73499e+01 | 29 -0.06890  3.63650e+01 | 30 -0.14066  7.62746e+01
 31 -0.08443  1.48565e+02 | 32  0.03084  1.28598e+02 | 33 -0.03389  6.39112e+01
 34 -0.19698  2.16034e+01 | 35 -0.17227  8.51334e+00 | 36 -0.04362  1.19719e+00
 37 -0.03195  1.60203e+00 | 38 -0.03355  1.08954e+00 | 39  0.78388  8.06902e-01
 40 -0.87902  2.83393e+00 | 41 -0.18310 -3.95486e+01 | 42  0.01252  8.84955e+01
 43 -0.33679 -3.61105e+01 | 44 -0.08228  1.02836e+02 |
44 variables; iteration 40; function evaluation 56; phase 3
Function value -6.0923079e+01; maximum gradient component mag 6.8395e+02
Var    Value     Gradient |Var    Value     Gradient |Var    Value     Gradient
  1  0.05020  6.83948e+02 |  2  0.08982  9.14459e+01 |  3 -0.04710  2.77678e+01
  4 -0.01997  4.43791e+01 |  5  0.00107  6.04520e+01 |  6  0.00163  6.71684e+01
  7 -0.00955  6.80768e+01 |  8 -0.00277  8.79684e+01 |  9 -0.02216  9.35492e+01
 10 -0.01401  1.27080e+02 | 11 -0.03085  1.35307e+02 | 12 -0.01349  2.02750e+02
 13 -0.07336  1.26407e+02 | 14 -0.07543  7.12808e+01 | 15 -0.06402  7.29340e+00
 16 -0.09951 -4.25403e+01 | 17 -0.13153 -8.03709e+01 | 18  0.00896 -1.83799e+02
 19 -0.11060 -5.81265e+01 | 20 -0.06642 -2.72212e+01 | 21  0.01916 -2.18233e+01
 22 -0.01490 -6.77263e+01 | 23 -0.03292 -9.61653e+01 | 24 -0.10326 -8.20277e+01
 25  0.01095 -2.40844e+02 | 26 -0.05688 -1.17489e+02 | 27 -0.17437 -4.17759e+01
 28 -0.02738 -1.33757e+01 | 29 -0.09826  1.66072e+01 | 30 -0.13181  1.65744e+01
 31 -0.11247  4.83961e+01 | 32  0.02519 -2.45893e+01 | 33 -0.06300 -3.46991e+01
 34 -0.22298 -4.38259e+00 | 35 -0.18001 -1.07785e+00 | 36 -0.05846 -1.84005e+00
 37 -0.05742 -2.40054e+00 | 38 -0.05701 -2.38689e+00 | 39  0.13187 -4.61636e+00
 40 -1.10518  3.07619e+00 | 41 -0.21459  1.43687e+02 | 42 -0.00141 -1.75330e+02
 43 -0.33925 -1.64086e+02 | 44 -0.11476  9.78824e+01 |
44 variables; iteration 60; function evaluation 84; phase 3
Function value -8.3496673e+01; maximum gradient component mag 7.1847e+01
Var    Value     Gradient |Var    Value     Gradient |Var    Value     Gradient
  1  0.04437  3.81946e+01 |  2  0.06933 -4.39223e-01 |  3  0.00481  1.12648e+00
  4  0.02884  7.73961e+00 |  5 -0.00150  1.40610e+00 |  6  0.00312  5.71019e-01
  7 -0.00452 -1.67314e+00 |  8 -0.00482  3.36498e-02 |  9 -0.03199 -3.85646e-01
 10 -0.03431  2.44082e+00 | 11 -0.02555  1.70463e+00 | 12 -0.05239 -1.72790e+00
 13 -0.06015  8.67074e+00 | 14 -0.04983  3.46175e+01 | 15 -0.08233  2.67922e+01
 16 -0.11498  1.56615e+01 | 17 -0.06242  5.76565e+00 | 18 -0.02624  7.18469e+01
 19 -0.09369  3.23513e+01 | 20 -0.03624  2.84804e+01 | 21  0.01035  5.19704e+01
 22 -0.01542  1.70072e+00 | 23 -0.03071  1.54737e+01 | 24 -0.08309 -1.22038e+00
 25  0.01639 -2.87890e+01 | 26 -0.09035 -3.59520e+01 | 27 -0.10109 -1.69476e+01
 28 -0.02561 -5.68380e+01 | 29 -0.12937 -5.22481e+01 | 30 -0.06523 -2.86786e+01
 31 -0.09157 -1.10403e+01 | 32  0.02734 -3.96331e+01 | 33 -0.12087 -2.48707e+01
 34 -0.21903  2.98194e+00 | 35 -0.12038 -9.78896e-01 | 36 -0.05863 -1.28057e+00
 37 -0.05500 -4.08196e-01 | 38 -0.05400 -2.63999e-02 | 39 -0.54645  5.51789e+00
 40 -1.17157 -1.98550e+00 | 41 -0.33062 -9.51542e+00 | 42 -0.08254 -2.71613e+01
 43 -0.32294 -4.07544e+01 | 44 -0.23070  2.27724e+01 |
44 variables; iteration 80; function evaluation 107; phase 3
Function value -8.9913458e+01; maximum gradient component mag -2.4304e+03
Var    Value     Gradient |Var    Value     Gradient |Var    Value     Gradient
  1  0.04629 -2.43038e+03 |  2  0.07556  1.24962e+01 |  3 -0.04214 -3.49488e+00
  4  0.00981  1.13202e+01 |  5 -0.01117  6.45692e+00 |  6  0.00228  9.83099e+00
  7 -0.00103  1.06437e+01 |  8 -0.01441  1.24910e+01 |  9 -0.04291  1.38782e+01
 10 -0.04988  2.15323e+01 | 11 -0.04439  2.92157e+01 | 12 -0.07663  2.47094e+01
 13 -0.11160  1.32400e+01 | 14 -0.05107  5.68589e+00 | 15 -0.11253  1.03646e+01
 16 -0.12681  1.57837e+01 | 17 -0.08375  2.24283e+01 | 18 -0.05703 -1.74516e+01
 19 -0.08802 -1.53820e+01 | 20 -0.05317 -6.64882e+01 | 21 -0.01814 -1.27029e+02
 22 -0.01554 -1.32722e+02 | 23 -0.03676 -1.26392e+02 | 24 -0.08347 -8.52420e+01
 25 -0.02094 -1.35952e+02 | 26 -0.05120 -1.26432e+02 | 27 -0.10944 -9.98456e+01
 28 -0.05387 -1.83658e+02 | 29 -0.09220 -1.22557e+02 | 30 -0.08079 -1.19594e+02
 31 -0.09195 -5.22683e+01 | 32 -0.03543 -8.17712e+00 | 33 -0.06947 -1.14618e+01
 34 -0.22928 -4.18170e+00 | 35 -0.14604  2.58607e-02 | 36 -0.08371  6.26745e-01
 37 -0.09129 -7.51940e-01 | 38 -0.09862 -1.70859e+00 | 39 -0.58342  1.25915e+00
 40 -1.24570 -8.87393e-01 | 41 -0.32341 -1.39820e+02 | 42 -0.06877  8.39577e+01
 43 -0.36798 -2.80347e+02 | 44 -0.42862  3.73991e+01 |
44 variables; iteration 100; function evaluation 127; phase 3
Function value -9.0749650e+01; maximum gradient component mag -2.2727e+01
Var    Value     Gradient |Var    Value     Gradient |Var    Value     Gradient
  1  0.04628 -2.27268e+01 |  2  0.05700  1.77947e+00 |  3  0.00467  2.31557e+00
  4 -0.01089  1.09025e+00 |  5 -0.00311  1.45775e+00 |  6  0.00378  1.17346e+00
  7  0.00894  1.51969e+00 |  8 -0.01026  9.84617e-01 |  9 -0.03863  1.76603e+00
 10 -0.05674  3.46318e+00 | 11 -0.06424  2.92429e+00 | 12 -0.07736  5.97613e+00
 13 -0.10234  3.05088e+00 | 14 -0.05024 -3.80603e+00 | 15 -0.11243 -6.61145e-01
 16 -0.12531  1.23374e-01 | 17 -0.08679  4.89573e+00 | 18 -0.05550  7.90908e+00
 19 -0.08886  2.51737e+00 | 20 -0.05371  3.11019e+00 | 21 -0.01778  7.75881e-01
 22 -0.01534 -2.93206e+00 | 23 -0.03383 -2.39069e+00 | 24 -0.08305 -6.55717e+00
 25 -0.02240 -1.04824e+01 | 26 -0.04781 -5.26318e+00 | 27 -0.10809 -4.53025e+00
 28 -0.05328 -1.25084e+01 | 29 -0.09060 -8.63532e+00 | 30 -0.07845 -4.96325e+00
 31 -0.09100 -3.11798e+00 | 32 -0.03847 -1.12474e+00 | 33 -0.06597  1.85929e+00
 34 -0.22039  7.05354e-01 | 35 -0.15093  2.07581e-01 | 36 -0.08796  4.33469e-03
 37 -0.09044  1.26623e-03 | 38 -0.09465 -2.35191e-02 | 39 -0.57428  2.03980e-01
 40 -0.96532  7.33517e-02 | 41 -0.32340 -1.17341e+00 | 42 -0.06054 -5.13701e+00
 43 -0.37292  1.79230e+01 | 44 -0.46386 -1.51262e+00 |
44 variables; iteration 120; function evaluation 147; phase 3
Function value -9.0814085e+01; maximum gradient component mag -4.6099e+00
Var    Value     Gradient |Var    Value     Gradient |Var    Value     Gradient
  1  0.04600 -4.60994e+00 |  2  0.05568  2.90405e-01 |  3 -0.00242 -1.69519e-01
  4 -0.00926  1.26951e-01 |  5 -0.00285  1.89712e-01 |  6  0.00779  3.47178e-01
  7  0.01170  2.63372e-01 |  8 -0.00355  5.25213e-01 |  9 -0.03531  7.00674e-01
 10 -0.05838  7.83879e-01 | 11 -0.06257  1.02307e+00 | 12 -0.08438  8.34110e-01
 13 -0.10367  9.17317e-01 | 14 -0.04971  1.46126e+00 | 15 -0.11227  7.26690e-01
 16 -0.12440  1.41760e-01 | 17 -0.08688 -1.34957e-01 | 18 -0.05507 -4.13012e-01
 19 -0.08780 -3.47642e-01 | 20 -0.05355 -9.21911e-01 | 21 -0.01738 -9.12539e-01
 22 -0.01446 -1.12573e+00 | 23 -0.03276 -1.09124e+00 | 24 -0.08209 -3.63154e-01
 25 -0.02220 -1.06956e+00 | 26 -0.04635 -5.88910e-01 | 27 -0.10717 -5.19151e-01
 28 -0.05277 -9.77519e-01 | 29 -0.08931 -3.27278e-01 | 30 -0.07762 -8.07889e-01
 31 -0.09030 -4.33863e-01 | 32 -0.03870 -3.14634e-01 | 33 -0.06464 -4.63382e-02
 34 -0.21723  4.81247e-02 | 35 -0.15137 -1.18006e-02 | 36 -0.08865 -6.27572e-03
 37 -0.09103  9.29069e-03 | 38 -0.09534  1.03403e-02 | 39 -0.58485 -4.76635e-02
 40 -0.92655  1.14146e-01 | 41 -0.31884 -5.50331e-01 | 42 -0.05352  6.33914e-01
 43 -0.37569  2.88825e+00 | 44 -0.48900 -8.75163e-02 |
44 variables; iteration 140; function evaluation 167; phase 3
Function value -9.0819688e+01; maximum gradient component mag -1.1756e+01
Var    Value     Gradient |Var    Value     Gradient |Var    Value     Gradient
  1  0.04598 -1.17562e+01 |  2  0.05539 -2.03043e-01 |  3 -0.00096 -1.54293e-01
  4 -0.00929 -1.70579e-01 |  5 -0.00268 -1.51359e-01 |  6  0.00779 -1.71252e-01
  7  0.01331 -1.97873e-01 |  8 -0.00320 -2.11698e-01 |  9 -0.03542 -1.80545e-01
 10 -0.05890 -2.71609e-01 | 11 -0.06355 -2.76924e-01 | 12 -0.08488 -3.22456e-01
 13 -0.10434 -2.49161e-01 | 14 -0.04973 -3.01047e-01 | 15 -0.11243 -1.81560e-01
 16 -0.12435 -3.15823e-02 | 17 -0.08703  5.94260e-02 | 18 -0.05510  1.24060e-01
 19 -0.08774  1.25736e-03 | 20 -0.05358 -2.63508e-02 | 21 -0.01744 -9.61604e-02
 22 -0.01443 -2.79153e-01 | 23 -0.03263 -3.01552e-01 | 24 -0.08208 -2.03223e-01
 25 -0.02229 -3.12405e-01 | 26 -0.04616 -4.17486e-01 | 27 -0.10704 -2.74909e-01
 28 -0.05280 -4.23870e-01 | 29 -0.08918 -2.83695e-01 | 30 -0.07751 -1.78037e-01
 31 -0.09029  1.64446e-02 | 32 -0.03895  2.64167e-01 | 33 -0.06456  9.02540e-02
 34 -0.21654  3.84810e-03 | 35 -0.15130  2.75872e-03 | 36 -0.08885 -2.51855e-03
 37 -0.09129  1.26478e-03 | 38 -0.09565  1.80193e-03 | 39 -0.58000  3.06133e-02
 40 -0.99675  5.37950e-03 | 41 -0.31855 -8.45179e-01 | 42 -0.05320  7.45005e-01
 43 -0.37579 -1.60073e+00 | 44 -0.48973  2.78303e-01 |
44 variables; iteration 160; function evaluation 187; phase 3
Function value -9.0822102e+01; maximum gradient component mag -2.1757e+02
Var    Value     Gradient |Var    Value     Gradient |Var    Value     Gradient
  1  0.04603 -2.17569e+02 |  2  0.05588  8.34285e-01 |  3 -0.00143  3.59113e-01
  4 -0.00922  4.95624e-01 |  5 -0.00241  7.03883e-01 |  6  0.00764  8.82531e-01
  7  0.01280  1.11553e+00 |  8 -0.00347  1.27043e+00 |  9 -0.03561  1.32154e+00
 10 -0.05831  1.53041e+00 | 11 -0.06303  1.80998e+00 | 12 -0.08443  1.81930e+00
 13 -0.10476  1.51114e+00 | 14 -0.04991  1.20690e+00 | 15 -0.11247  1.16456e-01
 16 -0.12435 -6.07921e-01 | 17 -0.08711 -2.06000e+00 | 18 -0.05516 -3.76982e+00
 19 -0.08777 -3.91332e+00 | 20 -0.05364 -6.19649e+00 | 21 -0.01753 -9.85751e+00
 22 -0.01451 -1.15837e+01 | 23 -0.03273 -1.09825e+01 | 24 -0.08209 -7.94375e+00
 25 -0.02236 -1.33273e+01 | 26 -0.04627 -1.16226e+01 | 27 -0.10706 -6.80948e+00
 28 -0.05291 -1.00646e+01 | 29 -0.08926 -7.04592e+00 | 30 -0.07763 -6.18208e+00
 31 -0.09034 -3.93346e+00 | 32 -0.03905 -4.51343e+00 | 33 -0.06451 -3.02274e+00
 34 -0.21651 -6.47284e-01 | 35 -0.15125 -1.52811e-01 | 36 -0.08883 -7.84072e-03
 37 -0.09126 -1.99147e-03 | 38 -0.09557  1.76425e-03 | 39 -0.57988 -1.00404e-01
 40 -0.99743  3.58333e-03 | 41 -0.31879 -1.22417e+01 | 42 -0.05353  1.01965e+01
 43 -0.37749 -4.92373e+01 | 44 -0.50963  4.03731e+00 |
44 variables; iteration 180; function evaluation 208; phase 3
Function value -9.0825571e+01; maximum gradient component mag -1.5307e+02
Var    Value     Gradient |Var    Value     Gradient |Var    Value     Gradient
  1  0.04607 -1.53072e+02 |  2  0.05469  1.68411e-01 |  3 -0.00101  1.26893e-01
  4 -0.00879  2.45187e-01 |  5 -0.00254  2.83399e-01 |  6  0.00774  3.74803e-01
  7  0.01331  5.13913e-01 |  8 -0.00287  6.16016e-01 |  9 -0.03526  6.05807e-01
 10 -0.05844  6.51649e-01 | 11 -0.06313  8.37842e-01 | 12 -0.08491  7.29723e-01
 13 -0.10474  8.15697e-01 | 14 -0.05004  6.29395e-01 | 15 -0.11249 -2.73732e-04
 16 -0.12428 -3.83727e-01 | 17 -0.08729 -1.14890e+00 | 18 -0.05522 -2.43537e+00
 19 -0.08770 -2.53990e+00 | 20 -0.05378 -4.16886e+00 | 21 -0.01763 -6.56473e+00
 22 -0.01453 -7.84858e+00 | 23 -0.03263 -7.53895e+00 | 24 -0.08206 -5.58835e+00
 25 -0.02253 -9.46840e+00 | 26 -0.04608 -7.94877e+00 | 27 -0.10700 -4.81861e+00
 28 -0.05301 -6.96250e+00 | 29 -0.08915 -4.65848e+00 | 30 -0.07764 -4.17900e+00
 31 -0.09037 -2.35745e+00 | 32 -0.03930 -2.47719e+00 | 33 -0.06425 -1.79693e+00
 34 -0.21577 -4.18034e-01 | 35 -0.15131 -8.97801e-02 | 36 -0.08893 -5.20974e-04
 37 -0.09136  1.21201e-03 | 38 -0.09569  2.85412e-03 | 39 -0.58139 -8.31746e-02
 40 -0.98837  1.66367e-02 | 41 -0.31927 -8.22592e+00 | 42 -0.05372  6.78560e+00
 43 -0.37973 -4.06614e+01 | 44 -0.53918  2.80897e+00 |
44 variables; iteration 200; function evaluation 230; phase 3
Function value -9.0828944e+01; maximum gradient component mag -7.6164e+01
Var    Value     Gradient |Var    Value     Gradient |Var    Value     Gradient
  1  0.04613 -7.61638e+01 |  2  0.05419 -9.88720e-02 |  3 -0.00089 -6.82830e-02
  4 -0.00885 -6.24729e-03 |  5 -0.00265 -4.23355e-02 |  6  0.00778 -4.01692e-02
  7  0.01340 -2.34377e-02 |  8 -0.00274  1.65248e-02 |  9 -0.03504  1.44736e-02
 10 -0.05821  5.31972e-02 | 11 -0.06312  1.11001e-01 | 12 -0.08484  5.47323e-02
 13 -0.10517  1.27489e-01 | 14 -0.05020 -8.94782e-02 | 15 -0.11258 -1.22629e-01
 16 -0.12425 -1.95792e-01 | 17 -0.08750 -3.92091e-01 | 18 -0.05533 -9.23048e-01
 19 -0.08768 -9.81605e-01 | 20 -0.05392 -1.65526e+00 | 21 -0.01777 -2.66843e+00
 22 -0.01460 -3.44452e+00 | 23 -0.03263 -3.47070e+00 | 24 -0.08206 -2.60594e+00
 25 -0.02272 -4.53209e+00 | 26 -0.04601 -3.91908e+00 | 27 -0.10698 -2.46095e+00
 28 -0.05316 -3.51047e+00 | 29 -0.08912 -2.35281e+00 | 30 -0.07771 -2.05276e+00
 31 -0.09045 -9.51851e-01 | 32 -0.03958 -6.94756e-01 | 33 -0.06410 -6.07406e-01
 34 -0.21516 -1.76034e-01 | 35 -0.15139 -3.88659e-02 | 36 -0.08903  4.58649e-03
 37 -0.09147  2.61436e-03 | 38 -0.09579  2.55353e-03 | 39 -0.58166  2.49382e-02
 40 -0.99553  7.06433e-03 | 41 -0.31965 -4.31910e+00 | 42 -0.05394  3.41349e+00
 43 -0.38198 -2.26869e+01 | 44 -0.57569  1.29250e+00 |
44 variables; iteration 220; function evaluation 255; phase 3
Function value -9.0831954e+01; maximum gradient component mag -8.5336e+01
Var    Value     Gradient |Var    Value     Gradient |Var    Value     Gradient
  1  0.04621 -8.53355e+01 |  2  0.05404  3.39446e-01 |  3 -0.00088  2.46775e-01
  4 -0.00919  2.56429e-01 |  5 -0.00271  3.38370e-01 |  6  0.00793  4.80686e-01
  7  0.01344  5.95713e-01 |  8 -0.00281  6.52283e-01 |  9 -0.03485  6.79469e-01
 10 -0.05819  6.94411e-01 | 11 -0.06333  8.05239e-01 | 12 -0.08481  8.41041e-01
 13 -0.10576  7.64051e-01 | 14 -0.05042  7.64999e-01 | 15 -0.11279  9.77086e-02
 16 -0.12426 -2.18936e-01 | 17 -0.08779 -8.36436e-01 | 18 -0.05550 -1.75258e+00
 19 -0.08770 -1.85120e+00 | 20 -0.05412 -2.90574e+00 | 21 -0.01799 -4.36795e+00
 22 -0.01471 -4.84703e+00 | 23 -0.03268 -4.46311e+00 | 24 -0.08210 -3.17432e+00
 25 -0.02298 -5.24456e+00 | 26 -0.04597 -4.51443e+00 | 27 -0.10696 -2.67843e+00
 28 -0.05338 -3.95209e+00 | 29 -0.08912 -2.71063e+00 | 30 -0.07782 -2.48394e+00
 31 -0.09057 -1.64301e+00 | 32 -0.03998 -1.67735e+00 | 33 -0.06402 -1.11211e+00
 34 -0.21444 -2.33616e-01 | 35 -0.15148 -5.85976e-02 | 36 -0.08926 -2.94725e-03
 37 -0.09168 -1.29538e-05 | 38 -0.09600  8.58711e-04 | 39 -0.58160 -8.19330e-02
 40 -0.99786  2.84408e-03 | 41 -0.31978 -4.50995e+00 | 42 -0.05400  3.85733e+00
 43 -0.38406 -3.08668e+01 | 44 -0.61841  1.35994e+00 |
44 variables; iteration 240; function evaluation 281; phase 3
Function value -9.0834869e+01; maximum gradient component mag -1.9373e+02
Var    Value     Gradient |Var    Value     Gradient |Var    Value     Gradient
  1  0.04639 -1.93726e+02 |  2  0.05367  1.32998e-01 |  3 -0.00135  1.27984e-01
  4 -0.00950  1.44622e-01 |  5 -0.00282  2.40806e-01 |  6  0.00714  2.56502e-01
  7  0.01334  4.74820e-01 |  8 -0.00282  6.05197e-01 |  9 -0.03538  6.24336e-01
 10 -0.05873  7.52610e-01 | 11 -0.06420  8.95185e-01 | 12 -0.08586  9.17765e-01
 13 -0.10720  8.32299e-01 | 14 -0.05071  5.72844e-01 | 15 -0.11362 -1.11834e-01
 16 -0.12438 -4.93839e-01 | 17 -0.08868 -1.37090e+00 | 18 -0.05615 -2.99903e+00
 19 -0.08782 -3.14576e+00 | 20 -0.05467 -5.03564e+00 | 21 -0.01866 -7.86238e+00
 22 -0.01509 -9.43213e+00 | 23 -0.03280 -9.29732e+00 | 24 -0.08232 -6.73694e+00
 25 -0.02386 -1.14761e+01 | 26 -0.04579 -1.00853e+01 | 27 -0.10693 -6.25756e+00
 28 -0.05405 -8.77056e+00 | 29 -0.08904 -6.08663e+00 | 30 -0.07802 -5.44772e+00
 31 -0.09091 -3.17747e+00 | 32 -0.04139 -2.85503e+00 | 33 -0.06423 -2.04273e+00
 34 -0.21216 -5.45184e-01 | 35 -0.15170 -1.29808e-01 | 36 -0.09012  9.39232e-03
 37 -0.09265  7.14439e-03 | 38 -0.09710  5.77287e-03 | 39 -0.57934 -1.35252e-02
 40 -0.99890  1.43765e-03 | 41 -0.31962 -1.07894e+01 | 42 -0.05382  8.70170e+00
 43 -0.38581 -8.19923e+01 | 44 -0.66530  2.65115e+00 |
44 variables; iteration 260; function evaluation 305; phase 3
Function value -9.0866494e+01; maximum gradient component mag -1.7376e+02
Var    Value     Gradient |Var    Value     Gradient |Var    Value     Gradient
  1  0.04742 -1.73758e+02 |  2  0.05555 -1.67977e-01 |  3 -0.00602 -1.18926e-01
  4 -0.01245 -8.58220e-02 |  5 -0.00567 -1.30839e-01 |  6  0.00582 -7.82820e-02
  7  0.01135 -8.42616e-02 |  8 -0.00632 -4.68479e-02 |  9 -0.04025  3.06748e-02
 10 -0.06524  5.88442e-02 | 11 -0.07173  1.58609e-01 | 12 -0.09350  2.02133e-01
 13 -0.11406  2.23362e-01 | 14 -0.05228 -8.05587e-01 | 15 -0.11977 -9.66663e-01
 16 -0.12522 -1.12006e+00 | 17 -0.09409 -1.73768e+00 | 18 -0.06017 -2.56556e+00
 19 -0.08955 -2.43616e+00 | 20 -0.05806 -3.78388e+00 | 21 -0.02274 -5.70390e+00
 22 -0.01767 -7.23537e+00 | 23 -0.03393 -7.37513e+00 | 24 -0.08409 -5.30229e+00
 25 -0.02911 -8.77429e+00 | 26 -0.04545 -7.76871e+00 | 27 -0.10708 -4.94171e+00
 28 -0.05808 -6.85770e+00 | 29 -0.08926 -5.06866e+00 | 30 -0.07929 -4.59103e+00
 31 -0.09331 -2.99499e+00 | 32 -0.04972 -2.81662e+00 | 33 -0.06749 -2.37184e+00
 34 -0.19918 -7.70760e-01 | 35 -0.15112 -1.93095e-01 | 36 -0.09548 -6.00083e-03
 37 -0.09901 -4.41429e-04 | 38 -0.10414  4.02832e-03 | 39 -0.55173  4.89155e-02
 40 -0.99353  9.42137e-03 | 41 -0.31307 -9.89504e+00 | 42 -0.04868  8.49639e+00
 43 -0.38659 -7.65352e+01 | 44 -0.69390  2.17270e+00 |
44 variables; iteration 280; function evaluation 328; phase 3
Function value -9.0871353e+01; maximum gradient component mag -2.7062e+02
Var    Value     Gradient |Var    Value     Gradient |Var    Value     Gradient
  1  0.04747 -2.70619e+02 |  2  0.05520 -2.75221e-02 |  3 -0.00613 -5.91606e-03
  4 -0.01259  3.55272e-02 |  5 -0.00565  7.46343e-02 |  6  0.00575  2.06676e-01
  7  0.01125  3.07954e-01 |  8 -0.00631  4.22668e-01 |  9 -0.04018  5.32073e-01
 10 -0.06510  6.08471e-01 | 11 -0.07168  7.68746e-01 | 12 -0.09339  8.48284e-01
 13 -0.11417  8.02361e-01 | 14 -0.05237 -7.65068e-02 | 15 -0.11980 -8.89234e-01
 16 -0.12528 -1.37589e+00 | 17 -0.09418 -2.65449e+00 | 18 -0.06022 -4.69768e+00
 19 -0.08962 -4.90951e+00 | 20 -0.05815 -7.63272e+00 | 21 -0.02281 -1.17930e+01
 22 -0.01773 -1.36830e+01 | 23 -0.03396 -1.30047e+01 | 24 -0.08416 -8.93861e+00
 25 -0.02917 -1.40409e+01 | 26 -0.04549 -1.24639e+01 | 27 -0.10714 -7.52352e+00
 28 -0.05815 -1.03434e+01 | 29 -0.08932 -7.29940e+00 | 30 -0.07936 -6.50294e+00
 31 -0.09339 -3.96177e+00 | 32 -0.04978 -3.62392e+00 | 33 -0.06747 -2.87940e+00
 34 -0.19918 -8.86583e-01 | 35 -0.15132 -2.26447e-01 | 36 -0.09555 -7.68880e-03
 37 -0.09902  1.50338e-03 | 38 -0.10415  4.39522e-03 | 39 -0.55169  1.71480e-02
 40 -1.00077 -8.21484e-04 | 41 -0.31311 -1.47162e+01 | 42 -0.04858  1.32070e+01
 43 -0.38754 -1.43112e+02 | 44 -0.73327  3.06582e+00 |
44 variables; iteration 300; function evaluation 351; phase 3
Function value -9.0875159e+01; maximum gradient component mag -1.9345e+02
Var    Value     Gradient |Var    Value     Gradient |Var    Value     Gradient
  1  0.04749 -1.93452e+02 |  2  0.05497 -3.85109e-04 |  3 -0.00606  1.91369e-02
  4 -0.01264  3.57629e-02 |  5 -0.00563  8.01814e-02 |  6  0.00552  1.53435e-01
  7  0.01131  2.62055e-01 |  8 -0.00617  3.50240e-01 |  9 -0.04006  4.19207e-01
 10 -0.06495  4.72898e-01 | 11 -0.07155  5.80214e-01 | 12 -0.09329  6.17231e-01
 13 -0.11417  5.83936e-01 | 14 -0.05241  4.78607e-01 | 15 -0.11977 -2.57363e-01
 16 -0.12528 -8.58282e-01 | 17 -0.09420 -1.73621e+00 | 18 -0.06022 -3.46995e+00
 19 -0.08962 -3.68323e+00 | 20 -0.05818 -5.71145e+00 | 21 -0.02282 -8.73691e+00
 22 -0.01774 -9.97117e+00 | 23 -0.03396 -9.27258e+00 | 24 -0.08416 -6.39562e+00
 25 -0.02918 -1.00679e+01 | 26 -0.04549 -9.08460e+00 | 27 -0.10715 -5.54602e+00
 28 -0.05816 -7.76788e+00 | 29 -0.08933 -5.57662e+00 | 30 -0.07938 -4.69669e+00
 31 -0.09340 -2.75437e+00 | 32 -0.04978 -2.44207e+00 | 33 -0.06742 -1.81807e+00
 34 -0.19913 -5.18828e-01 | 35 -0.15141 -1.26991e-01 | 36 -0.09556 -3.00313e-03
 37 -0.09899  2.88453e-03 | 38 -0.10412  4.07050e-03 | 39 -0.55220  1.00747e-02
 40 -0.99563  6.00609e-03 | 41 -0.31339 -1.04053e+01 | 42 -0.04878  9.30464e+00
 43 -0.38831 -1.08984e+02 | 44 -0.77572  1.76974e+00 |
44 variables; iteration 320; function evaluation 374; phase 3
Function value -9.0877917e+01; maximum gradient component mag -2.1346e+02
Var    Value     Gradient |Var    Value     Gradient |Var    Value     Gradient
  1  0.04750 -2.13458e+02 |  2  0.05481  2.46203e-04 |  3 -0.00608  1.49830e-02
  4 -0.01264  3.73679e-02 |  5 -0.00566  7.82340e-02 |  6  0.00556  1.69015e-01
  7  0.01132  2.79562e-01 |  8 -0.00609  3.83079e-01 |  9 -0.03998  4.55249e-01
 10 -0.06490  5.14085e-01 | 11 -0.07150  6.43432e-01 | 12 -0.09332  6.83498e-01
 13 -0.11412  6.87635e-01 | 14 -0.05246  1.11251e-01 | 15 -0.11978 -4.80879e-01
 16 -0.12527 -9.52230e-01 | 17 -0.09423 -2.05361e+00 | 18 -0.06023 -3.61895e+00
 19 -0.08963 -3.57761e+00 | 20 -0.05821 -5.51845e+00 | 21 -0.02284 -8.53611e+00
 22 -0.01775 -9.95909e+00 | 23 -0.03396 -9.56488e+00 | 24 -0.08417 -6.97690e+00
 25 -0.02920 -1.12957e+01 | 26 -0.04550 -1.02360e+01 | 27 -0.10716 -6.17612e+00
 28 -0.05818 -8.48986e+00 | 29 -0.08934 -6.07306e+00 | 30 -0.07940 -5.74644e+00
 31 -0.09342 -3.81293e+00 | 32 -0.04980 -3.66402e+00 | 33 -0.06739 -2.73684e+00
 34 -0.19909 -7.72130e-01 | 35 -0.15151 -1.92978e-01 | 36 -0.09558 -1.76273e-03
 37 -0.09899  1.00647e-03 | 38 -0.10413  8.74234e-04 | 39 -0.55243  1.70148e-02
 40 -1.00385 -5.29331e-03 | 41 -0.31350 -1.18878e+01 | 42 -0.04882  1.06351e+01
 43 -0.38894 -1.29055e+02 | 44 -0.82204  1.48026e+00 |
44 variables; iteration 340; function evaluation 398; phase 3
Function value -9.0879602e+01; maximum gradient component mag 8.7218e+00
Var    Value     Gradient |Var    Value     Gradient |Var    Value     Gradient
  1  0.04750  8.72176e+00 |  2  0.05475  2.20811e-02 |  3 -0.00604  1.55918e-02
  4 -0.01261  1.57837e-02 |  5 -0.00562  1.62902e-02 |  6  0.00558  2.44028e-02
  7  0.01135  2.06749e-02 |  8 -0.00606  1.72772e-02 |  9 -0.03992  1.63935e-02
 10 -0.06481  1.05588e-02 | 11 -0.07144  1.06195e-02 | 12 -0.09325  9.25586e-03
 13 -0.11416  1.13268e-02 | 14 -0.05248  5.43940e-02 | 15 -0.11977  9.17741e-03
 16 -0.12526  2.93294e-02 | 17 -0.09423  6.19366e-02 | 18 -0.06022  1.01398e-01
 19 -0.08962  1.31519e-01 | 20 -0.05821  1.79599e-01 | 21 -0.02284  2.93510e-01
 22 -0.01775  3.61037e-01 | 23 -0.03394  4.19235e-01 | 24 -0.08415  3.22088e-01
 25 -0.02920  4.45440e-01 | 26 -0.04548  3.77599e-01 | 27 -0.10715  2.44072e-01
 28 -0.05818  3.62597e-01 | 29 -0.08933  2.63814e-01 | 30 -0.07940  2.42231e-01
 31 -0.09341  1.31594e-01 | 32 -0.04979  4.71913e-02 | 33 -0.06735  2.37701e-02
 34 -0.19904  1.36169e-02 | 35 -0.15154  3.39987e-03 | 36 -0.09559 -5.92137e-04
 37 -0.09897 -7.41754e-04 | 38 -0.10410 -8.30909e-04 | 39 -0.55272 -5.96548e-03
 40 -1.00032  1.93035e-04 | 41 -0.31360  4.90882e-01 | 42 -0.04890 -4.15242e-01
 43 -0.38937  5.32171e+00 | 44 -0.86769 -1.62398e-02 |
44 variables; iteration 360; function evaluation 425; phase 3
Function value -9.0880138e+01; maximum gradient component mag -5.8211e+01
Var    Value     Gradient |Var    Value     Gradient |Var    Value     Gradient
  1  0.04750 -5.82113e+01 |  2  0.05470 -5.98562e-03 |  3 -0.00602 -4.84453e-04
  4 -0.01260  6.02676e-03 |  5 -0.00561  1.64015e-02 |  6  0.00556  3.58194e-02
  7  0.01138  6.62094e-02 |  8 -0.00600  9.36870e-02 |  9 -0.03988  1.11639e-01
 10 -0.06476  1.30770e-01 | 11 -0.07140  1.61720e-01 | 12 -0.09323  1.71856e-01
 13 -0.11417  1.68256e-01 | 14 -0.05249  5.91002e-02 | 15 -0.11975 -1.15547e-01
 16 -0.12525 -2.42065e-01 | 17 -0.09423 -5.17351e-01 | 18 -0.06021 -9.78848e-01
 19 -0.08961 -1.01499e+00 | 20 -0.05821 -1.57871e+00 | 21 -0.02283 -2.44495e+00
 22 -0.01774 -2.83663e+00 | 23 -0.03394 -2.69856e+00 | 24 -0.08415 -1.91703e+00
 25 -0.02919 -3.06659e+00 | 26 -0.04548 -2.77876e+00 | 27 -0.10714 -1.69270e+00
 28 -0.05817 -2.34505e+00 | 29 -0.08933 -1.67554e+00 | 30 -0.07939 -1.50917e+00
 31 -0.09340 -9.24194e-01 | 32 -0.04978 -8.34869e-01 | 33 -0.06733 -6.19853e-01
 34 -0.19902 -1.76670e-01 | 35 -0.15156 -4.38162e-02 | 36 -0.09558 -3.94985e-04
 37 -0.09896  7.68048e-04 | 38 -0.10409  9.28816e-04 | 39 -0.55291  6.91607e-03
 40 -1.00040 -5.89467e-05 | 41 -0.31368 -3.20318e+00 | 42 -0.04896  2.84963e+00
 43 -0.38959 -3.72357e+01 | 44 -0.90252  2.04586e-01 |

 - final statistics:
44 variables; iteration 380; function evaluation 449
Function value -9.0880e+01; maximum gradient component mag -8.9832e-05
Exit code = 1;  converg criter 1.0000e-04
Var    Value     Gradient |Var    Value     Gradient |Var    Value     Gradient
  1  0.04751 -8.98316e-05 |  2  0.05469 -8.12135e-07 |  3 -0.00602 -6.39757e-07
  4 -0.01260 -6.69515e-07 |  5 -0.00561 -7.95616e-07 |  6  0.00557 -1.07207e-06
  7  0.01138 -1.30061e-06 |  8 -0.00600 -1.35315e-06 |  9 -0.03987 -1.19857e-06
 10 -0.06476 -1.15767e-06 | 11 -0.07140 -1.16505e-06 | 12 -0.09322 -1.11164e-06
 13 -0.11417 -1.12251e-06 | 14 -0.05249 -1.31454e-06 | 15 -0.11975 -1.07588e-06
 16 -0.12525 -2.23979e-06 | 17 -0.09423 -1.27703e-06 | 18 -0.06021  4.69105e-08
 19 -0.08961 -1.93993e-07 | 20 -0.05821 -9.77236e-07 | 21 -0.02283 -1.66123e-06
 22 -0.01774 -2.14612e-06 | 23 -0.03394 -3.35927e-06 | 24 -0.08415 -2.37039e-06
 25 -0.02919 -3.54818e-06 | 26 -0.04548 -4.19381e-06 | 27 -0.10714 -2.32278e-06
 28 -0.05817 -1.68522e-06 | 29 -0.08933 -2.00628e-06 | 30 -0.07939 -3.18098e-06
 31 -0.09341  3.94176e-07 | 32 -0.04978  2.21689e-06 | 33 -0.06733  8.16374e-07
 34 -0.19902 -7.46043e-08 | 35 -0.15157 -9.50707e-09 | 36 -0.09558 -2.63117e-08
 37 -0.09896  3.26593e-09 | 38 -0.10409  1.29370e-08 | 39 -0.55294  3.33015e-07
 40 -1.00038 -1.16311e-08 | 41 -0.31369 -5.89729e-06 | 42 -0.04896  4.08890e-06
 43 -0.38965 -4.07881e-05 | 44 -0.91480  1.85663e-07 |
Warning: the following parameters had issues
  init_F[2] is within 0.1% of lower bound: 0.00000e+00 < 9.10319e-07 < 1.00000e+01
  selparm[9] is within 1% of lower bound: -4.00000e+00 < -3.92846e+00 < 1.20000e+01


 - final statistics:
48 variables; iteration 0; function evaluation 0
Function value -9.0880e+01; maximum gradient component mag -8.9794e-05
Exit code = 0;  converg criter 1.0000e-04
Var    Value     Gradient |Var    Value     Gradient |Var    Value     Gradient
  1  0.04751 -8.97938e-05 |  2  0.05469 -8.12140e-07 |  3 -0.00602 -6.39764e-07
  4 -0.01260 -6.69526e-07 |  5 -0.00561 -7.95636e-07 |  6  0.00557 -1.07210e-06
  7  0.01138 -1.30067e-06 |  8 -0.00600 -1.35323e-06 |  9 -0.03987 -1.19866e-06
 10 -0.06476 -1.15777e-06 | 11 -0.07140 -1.16517e-06 | 12 -0.09322 -1.11177e-06
 13 -0.11417 -1.12263e-06 | 14 -0.05249 -1.31459e-06 | 15 -0.11975 -1.07580e-06
 16 -0.12525 -2.23964e-06 | 17 -0.09423 -1.27668e-06 | 18 -0.06021  4.75744e-08
 19 -0.08961 -1.93312e-07 | 20 -0.05821 -9.76186e-07 | 21 -0.02283 -1.65962e-06
 22 -0.01774 -2.14427e-06 | 23 -0.03394 -3.35750e-06 | 24 -0.08415 -2.36914e-06
 25 -0.02919 -3.54617e-06 | 26 -0.04548 -4.19201e-06 | 27 -0.10714 -2.32168e-06
 28 -0.05817 -1.68370e-06 | 29 -0.08933 -2.00519e-06 | 30 -0.07939 -3.18001e-06
 31 -0.09341  3.94780e-07 | 32 -0.04978  2.21745e-06 | 33 -0.06733  8.16777e-07
 34 -0.19902 -7.44913e-08 | 35 -0.15157 -9.47931e-09 | 36 -0.09558 -2.63114e-08
 37 -0.09896  3.26557e-09 | 38 -0.10409  1.29366e-08 | 39  0.00000 -3.47493e-09
 40  0.00000  0.00000e+00 | 41  0.00000  0.00000e+00 | 42  0.00000  0.00000e+00
 43 -0.55294  3.33014e-07 | 44 -0.99962  1.16317e-08 | 45 -0.31369 -5.89522e-06
 46 -0.04896  4.08705e-06 | 47 -0.38965 -4.07637e-05 | 48 -0.91480  1.85551e-07
Estimating row 1 out of 48 for hessian
Estimating row 2 out of 48 for hessian
Estimating row 3 out of 48 for hessian
Estimating row 4 out of 48 for hessian
Estimating row 5 out of 48 for hessian
Estimating row 6 out of 48 for hessian
Estimating row 7 out of 48 for hessian
Estimating row 8 out of 48 for hessian
Estimating row 9 out of 48 for hessian
Estimating row 10 out of 48 for hessian
Estimating row 11 out of 48 for hessian
Estimating row 12 out of 48 for hessian
Estimating row 13 out of 48 for hessian
Estimating row 14 out of 48 for hessian
Estimating row 15 out of 48 for hessian
Estimating row 16 out of 48 for hessian
Estimating row 17 out of 48 for hessian
Estimating row 18 out of 48 for hessian
Estimating row 19 out of 48 for hessian
Estimating row 20 out of 48 for hessian
Estimating row 21 out of 48 for hessian
Estimating row 22 out of 48 for hessian
Estimating row 23 out of 48 for hessian
Estimating row 24 out of 48 for hessian
Estimating row 25 out of 48 for hessian
Estimating row 26 out of 48 for hessian
Estimating row 27 out of 48 for hessian
Estimating row 28 out of 48 for hessian
Estimating row 29 out of 48 for hessian
Estimating row 30 out of 48 for hessian
Estimating row 31 out of 48 for hessian
Estimating row 32 out of 48 for hessian
Estimating row 33 out of 48 for hessian
Estimating row 34 out of 48 for hessian
Estimating row 35 out of 48 for hessian
Estimating row 36 out of 48 for hessian
Estimating row 37 out of 48 for hessian
Estimating row 38 out of 48 for hessian
Estimating row 39 out of 48 for hessian
Estimating row 40 out of 48 for hessian
Estimating row 41 out of 48 for hessian
Estimating row 42 out of 48 for hessian
Estimating row 43 out of 48 for hessian
Estimating row 44 out of 48 for hessian
Estimating row 45 out of 48 for hessian
Estimating row 46 out of 48 for hessian
Estimating row 47 out of 48 for hessian
Estimating row 48 out of 48 for hessian
size of file gradfil1.tmp = 0
size of file gradfil2.tmp = 0
size of file varssave.tmp = 0
size of file cmpdiff.tmp = 0
