
Initial statistics: 75 variables; iteration 0; function evaluation 0; phase 1
Function value 5.7536711e+06; maximum gradient component mag -7.6252e+06
Var    Value     Gradient |Var    Value     Gradient |Var    Value     Gradient
  1 -0.19897 -7.62524e+06 |  2  0.03915 -5.18804e+04 |  3 -0.04026 -1.86811e+04
  4  0.04249  1.33135e+04 |  5 -0.03819 -3.96525e+02 |  6  0.01403 -3.91809e+04
  7  0.00920 -5.51614e+04 |  8 -0.01855 -6.03436e+04 |  9 -0.01285 -6.44052e+04
 10  0.03226 -7.64651e+04 | 11  0.00831 -6.47201e+04 | 12 -0.01172 -6.01325e+04
 13 -0.02206 -5.70262e+04 | 14 -0.04585 -4.25251e+04 | 15 -0.04984 -4.06033e+04
 16  0.03393 -6.58852e+04 | 17  0.01345 -5.25864e+04 | 18  0.05194 -7.55125e+04
 19  0.00893 -5.65316e+04 | 20 -0.03973 -1.93724e+04 | 21 -0.02401  2.89799e+04
 22 -0.00867  3.65146e+04 | 23  0.01066  3.89990e+04 | 24 -0.00675  2.15976e+04
 25 -0.00347  1.42672e+04 | 26  0.00009  3.39522e+03 | 27 -0.02388 -1.20205e+04
 28  0.01240 -9.41915e+03 | 29 -0.05185 -3.14996e+04 | 30 -0.01296 -3.91350e+04
 31 -0.02248 -3.87460e+04 | 32  0.04611 -1.63509e+04 | 33  0.01470 -3.26334e+04
 34 -0.02828 -8.82115e+04 | 35  0.00466 -8.11291e+04 | 36  0.01411 -7.90795e+04
 37 -0.01551 -6.73546e+04 | 38  0.03586 -7.49271e+04 | 39 -0.01947 -6.23902e+04
 40 -0.03176 -7.52514e+04 | 41 -0.02288 -7.76723e+04 | 42 -0.02730 -7.39398e+04
 43  0.01230 -8.10960e+04 | 44 -0.02300 -7.78044e+04 | 45 -0.05172 -7.28646e+04
 46  0.03167 -8.20792e+04 | 47  0.05030 -1.02738e+05 | 48 -0.01277 -8.08033e+04
 49 -0.03166 -7.75737e+04 | 50 -0.00913 -3.87249e+04 | 51 -0.04205 -3.68217e+04
 52 -0.02018 -9.24643e+04 | 53 -0.00059 -4.10936e+04 | 54 -0.00160 -5.22684e+04
 55  0.03981 -6.37608e+04 | 56  0.01405 -5.80999e+04 | 57 -0.01518 -4.12702e+04
 58 -0.00807 -3.03993e+04 | 59  0.03852 -4.09405e+04 | 60 -0.02677 -2.52415e+04
 61 -0.04461 -2.80486e+04 | 62 -0.02040 -3.36764e+04 | 63  0.02187 -3.71739e+04
 64  0.01042 -3.85689e+04 | 65 -0.04273 -2.75944e+04 | 66  0.02860 -4.42645e+04
 67 -0.00529 -3.80584e+04 | 68 -0.02029 -3.96901e+04 | 69 -0.00550 -5.23529e+04
 70  0.03167 -7.48567e+04 | 71 -0.01456 -6.48295e+04 | 72 -0.04843 -5.58350e+04
 73  0.04908 -8.86717e+04 | 74 -0.04026 -1.35284e+04 | 75  0.03573  2.13123e+02

Intermediate statistics: 75 variables; iteration 20; function evaluation 43; phase 1
Function value -1.6765730e+01; maximum gradient component mag -1.3826e+02
Var    Value     Gradient |Var    Value     Gradient |Var    Value     Gradient
  1  0.10321 -1.38264e+02 |  2 -0.00215 -9.47270e-01 |  3 -0.01590 -4.46031e-01
  4 -0.01228  3.45931e-01 |  5 -0.01378 -1.13303e-01 |  6 -0.01594 -7.42127e-01
  7 -0.01678 -1.06351e+00 |  8 -0.01695 -1.24033e+00 |  9 -0.01660 -1.30448e+00
 10 -0.01631 -1.39597e+00 | 11 -0.01491 -1.24472e+00 | 12 -0.01396 -1.21620e+00
 13 -0.01289 -1.18096e+00 | 14 -0.01103 -9.74684e-01 | 15 -0.00982 -9.27076e-01
 16 -0.00899 -1.04078e+00 | 17 -0.00632 -8.23450e-01 | 18 -0.00566 -1.05530e+00
 19 -0.00295 -8.23268e-01 | 20  0.00188 -2.29680e-01 | 21  0.00896  6.99819e-01
 22  0.01293  8.22684e-01 | 23  0.01685  6.35459e-01 | 24  0.02243  5.14169e-01
 25  0.02889  3.70484e-01 | 26  0.03596  2.26770e-01 | 27  0.04121  8.36887e-02
 28  0.04003 -8.47001e-03 | 29  0.02779  2.45003e-01 | 30  0.00057 -5.36988e-01
 31 -0.01729 -2.92004e-01 | 32 -0.02614 -1.76705e-01 | 33 -0.03018 -7.06369e-01
 34 -0.02419 -1.69768e+00 | 35  0.04342 -1.46280e+00 | 36  0.19978 -1.78082e+00
 37 -0.11594 -2.28099e+00 | 38 -0.16529 -1.37489e-02 | 39 -0.13655  2.28886e-01
 40 -0.01652 -1.32774e+00 | 41 -0.02266 -1.47519e+00 | 42 -0.02786 -1.68041e+00
 43 -0.03284 -1.93441e+00 | 44 -0.03737 -1.79360e+00 | 45 -0.03766 -1.25250e+00
 46 -0.03272 -9.80020e-01 | 47 -0.02159 -1.00910e+00 | 48 -0.00182 -1.55747e+00
 49  0.01100 -2.28927e+00 | 50 -0.02499 -1.38011e+00 | 51 -0.06088 -1.22774e+00
 52 -0.06499 -1.19088e+00 | 53 -0.05141 -4.90885e-01 | 54 -0.03206 -1.00754e+00
 55  0.00499 -9.05197e-01 | 56  0.01064 -7.50955e-01 | 57 -0.00471 -4.64537e-01
 58 -0.02377 -2.22489e-01 | 59 -0.03762 -1.08982e+00 | 60 -0.03881 -3.41049e-01
 61 -0.03412 -3.76403e-01 | 62 -0.03335 -8.64989e-01 | 63 -0.03964 -1.39226e+00
 64 -0.02847 -9.23316e-01 | 65 -0.00602 -2.33474e-01 | 66 -0.01020 -1.05215e+00
 67 -0.02664 -9.82115e-01 | 68 -0.04940 -1.51892e+00 | 69 -0.06649 -1.42540e+00
 70 -0.07951 -1.04382e+00 | 71 -0.07930 -6.86006e-01 | 72 -0.05229 -2.97674e-01
 73 -0.03346 -1.59871e+00 | 74 -0.02181 -2.47608e-01 | 75 -0.02029  1.44711e-01
75 variables; iteration 40; function evaluation 76; phase 1
Function value -1.6789582e+01; maximum gradient component mag -1.3802e+02
Var    Value     Gradient |Var    Value     Gradient |Var    Value     Gradient
  1  0.10342 -1.38024e+02 |  2 -0.00187 -8.71735e-01 |  3 -0.01596 -4.52399e-01
  4 -0.01228  3.56448e-01 |  5 -0.01392 -1.36308e-01 |  6 -0.01586 -7.10540e-01
  7 -0.01671 -1.03179e+00 |  8 -0.01688 -1.20399e+00 |  9 -0.01650 -1.26185e+00
 10 -0.01643 -1.40444e+00 | 11 -0.01489 -1.21952e+00 | 12 -0.01367 -1.12892e+00
 13 -0.01240 -1.04928e+00 | 14 -0.01002 -7.27924e-01 | 15 -0.00876 -6.72658e-01
 16 -0.01025 -1.30856e+00 | 17 -0.00719 -1.00526e+00 | 18 -0.00714 -1.36738e+00
 19 -0.00386 -1.01751e+00 | 20  0.00194 -2.28682e-01 | 21  0.00742  3.67444e-01
 22  0.00985  1.91659e-01 | 23  0.01819  8.16174e-01 | 24  0.02448  7.76556e-01
 25  0.02764  7.47594e-02 | 26  0.03493 -4.99835e-02 | 27  0.03766 -5.29237e-01
 28  0.04041 -1.44888e-01 | 29  0.02485 -3.71247e-01 | 30  0.00041 -6.96709e-01
 31 -0.01920 -8.43947e-01 | 32 -0.02675 -4.24119e-01 | 33 -0.03093 -9.66048e-01
 34 -0.02388 -1.61457e+00 | 35  0.04366 -1.31032e+00 | 36  0.19955 -1.02194e+00
 37 -0.11377 -1.24837e+00 | 38 -0.17007 -2.22977e+00 | 39 -0.14016 -1.33333e+00
 40 -0.01711 -1.64005e+00 | 41 -0.02267 -1.62236e+00 | 42 -0.02693 -1.58018e+00
 43 -0.03146 -1.75397e+00 | 44 -0.03617 -1.75576e+00 | 45 -0.03730 -1.59064e+00
 46 -0.03464 -2.06716e+00 | 47 -0.02597 -2.70343e+00 | 48 -0.00220 -2.19497e+00
 49  0.01393 -2.10024e+00 | 50 -0.02396 -1.24328e+00 | 51 -0.05947 -9.48378e-01
 52 -0.06647 -1.94648e+00 | 53 -0.05265 -1.29225e+00 | 54 -0.03174 -1.45187e+00
 55  0.00434 -1.56407e+00 | 56  0.01160 -8.78806e-01 | 57 -0.00477 -5.19895e-01
 58 -0.02430 -2.30777e-01 | 59 -0.03601 -3.85562e-01 | 60 -0.03967 -1.28139e-01
 61 -0.03526  3.39245e-02 | 62 -0.03260  2.76954e-01 | 63 -0.03615  5.38306e-01
 64 -0.02737  2.95407e-01 | 65 -0.00865  7.64740e-02 | 66 -0.00999 -2.51205e-01
 67 -0.02621 -2.18854e-01 | 68 -0.04769 -5.10760e-01 | 69 -0.06469 -5.55410e-01
 70 -0.08106 -1.53745e+00 | 71 -0.08023 -1.09438e+00 | 72 -0.05449 -1.05610e+00
 73 -0.03347 -1.63547e+00 | 74 -0.02222 -3.59018e-01 | 75 -0.02050  8.19315e-02
Maximum number of function evaluations exceeded

 - final statistics:
75 variables; iteration 56; function evaluation 100
Function value -1.7514e+01; maximum gradient component mag -1.0457e+02
Exit code = 3;  converg criter 1.0000e+01
Var    Value     Gradient |Var    Value     Gradient |Var    Value     Gradient
  1  0.11403 -1.04571e+02 |  2 -0.01355 -3.63063e+00 |  3 -0.00516  2.27781e+00
  4 -0.01998 -1.39614e+00 |  5 -0.00499  2.17201e+00 |  6 -0.01713 -8.51306e-01
  7 -0.01886 -1.35756e+00 |  8 -0.02816 -3.69163e+00 |  9 -0.03121 -4.52070e+00
 10 -0.00436  1.77229e+00 | 11 -0.01367 -5.84585e-01 | 12 -0.01869 -1.92436e+00
 13 -0.01358 -9.01843e-01 | 14 -0.00414  1.08540e+00 | 15 -0.00483  7.09765e-01
 16 -0.01619 -2.16207e+00 | 17 -0.01100 -1.33710e+00 | 18  0.00209  1.16082e+00
 19 -0.00120  5.19775e-02 | 20 -0.00320 -8.35168e-01 | 21 -0.02084 -5.05210e+00
 22  0.00925  4.52082e-01 | 23  0.01060 -2.13217e-01 | 24  0.01933  2.84761e-01
 25  0.02105 -5.90538e-01 | 26  0.03054 -2.53669e-01 | 27  0.03440 -5.05423e-01
 28  0.03702 -3.95943e-02 | 29  0.02324 -5.47573e-02 | 30  0.01184  2.10448e+00
 31 -0.01005  1.65208e+00 | 32 -0.02680 -4.34197e-01 | 33 -0.03433 -2.04349e+00
 34 -0.01910 -4.59298e-01 | 35  0.04990  1.97069e-01 | 36  0.20509  2.91928e-01
 37 -0.10920 -7.36729e-01 | 38 -0.16324 -1.05593e+00 | 39 -0.13442 -6.93328e-01
 40 -0.02081 -2.57162e+00 | 41 -0.01604 -1.95530e-01 | 42 -0.01959 -1.71041e-02
 43 -0.03012 -1.84407e+00 | 44 -0.03322 -1.70256e+00 | 45 -0.02857 -3.97904e-01
 46 -0.04466 -6.10230e+00 | 47 -0.01726 -2.53999e+00 | 48 -0.00895 -5.56812e+00
 49  0.02516 -2.60242e+00 | 50 -0.01328 -7.23374e-01 | 51 -0.06881 -5.85899e+00
 52 -0.05444 -5.69369e-01 | 53 -0.04846 -2.61779e+00 | 54 -0.03141 -3.92571e+00
 55  0.01598 -2.20377e+00 | 56  0.01700 -2.19927e+00 | 57 -0.00897 -2.84913e+00
 58 -0.02409 -9.22809e-01 | 59 -0.01683  4.81094e+00 | 60 -0.05805 -4.89462e+00
 61 -0.01333  7.48994e+00 | 62 -0.03572  1.08980e+00 | 63 -0.04105  1.01426e+00
 64 -0.01136  7.32196e+00 | 65  0.00873  7.49400e+00 | 66 -0.03133 -2.82077e+00
 67 -0.01283  5.49717e+00 | 68 -0.03942  3.34420e+00 | 69 -0.06224  8.39044e-01
 70 -0.07322  9.59953e-01 | 71 -0.07230  8.71246e-01 | 72 -0.06227 -4.03471e+00
 73 -0.02516  1.01776e-01 | 74 -0.01388  1.38609e+00 | 75 -0.02509 -1.36350e+00

Initial statistics: 75 variables; iteration 0; function evaluation 0; phase 2
Function value -1.7513673e+01; maximum gradient component mag -1.0457e+02
Var    Value     Gradient |Var    Value     Gradient |Var    Value     Gradient
  1  0.11403 -1.04571e+02 |  2 -0.01355 -3.63063e+00 |  3 -0.00516  2.27781e+00
  4 -0.01998 -1.39614e+00 |  5 -0.00499  2.17201e+00 |  6 -0.01713 -8.51306e-01
  7 -0.01886 -1.35756e+00 |  8 -0.02816 -3.69163e+00 |  9 -0.03121 -4.52070e+00
 10 -0.00436  1.77229e+00 | 11 -0.01367 -5.84585e-01 | 12 -0.01869 -1.92436e+00
 13 -0.01358 -9.01843e-01 | 14 -0.00414  1.08540e+00 | 15 -0.00483  7.09765e-01
 16 -0.01619 -2.16207e+00 | 17 -0.01100 -1.33710e+00 | 18  0.00209  1.16082e+00
 19 -0.00120  5.19775e-02 | 20 -0.00320 -8.35168e-01 | 21 -0.02084 -5.05210e+00
 22  0.00925  4.52082e-01 | 23  0.01060 -2.13217e-01 | 24  0.01933  2.84761e-01
 25  0.02105 -5.90538e-01 | 26  0.03054 -2.53669e-01 | 27  0.03440 -5.05423e-01
 28  0.03702 -3.95943e-02 | 29  0.02324 -5.47573e-02 | 30  0.01184  2.10448e+00
 31 -0.01005  1.65208e+00 | 32 -0.02680 -4.34197e-01 | 33 -0.03433 -2.04349e+00
 34 -0.01910 -4.59298e-01 | 35  0.04990  1.97069e-01 | 36  0.20509  2.91928e-01
 37 -0.10920 -7.36729e-01 | 38 -0.16324 -1.05593e+00 | 39 -0.13442 -6.93328e-01
 40 -0.02081 -2.57162e+00 | 41 -0.01604 -1.95530e-01 | 42 -0.01959 -1.71041e-02
 43 -0.03012 -1.84407e+00 | 44 -0.03322 -1.70256e+00 | 45 -0.02857 -3.97904e-01
 46 -0.04466 -6.10230e+00 | 47 -0.01726 -2.53999e+00 | 48 -0.00895 -5.56812e+00
 49  0.02516 -2.60242e+00 | 50 -0.01328 -7.23374e-01 | 51 -0.06881 -5.85899e+00
 52 -0.05444 -5.69369e-01 | 53 -0.04846 -2.61779e+00 | 54 -0.03141 -3.92571e+00
 55  0.01598 -2.20377e+00 | 56  0.01700 -2.19927e+00 | 57 -0.00897 -2.84913e+00
 58 -0.02409 -9.22809e-01 | 59 -0.01683  4.81094e+00 | 60 -0.05805 -4.89462e+00
 61 -0.01333  7.48994e+00 | 62 -0.03572  1.08980e+00 | 63 -0.04105  1.01426e+00
 64 -0.01136  7.32196e+00 | 65  0.00873  7.49400e+00 | 66 -0.03133 -2.82077e+00
 67 -0.01283  5.49717e+00 | 68 -0.03942  3.34420e+00 | 69 -0.06224  8.39044e-01
 70 -0.07322  9.59953e-01 | 71 -0.07230  8.71246e-01 | 72 -0.06227 -4.03471e+00
 73 -0.02516  1.01776e-01 | 74 -0.01388  1.38609e+00 | 75 -0.02509 -1.36350e+00

Intermediate statistics: 75 variables; iteration 20; function evaluation 33; phase 2
Function value -2.2580507e+01; maximum gradient component mag -1.0815e+01
Var    Value     Gradient |Var    Value     Gradient |Var    Value     Gradient
  1  0.23073 -1.08148e+01 |  2 -0.00108 -3.87427e-01 |  3 -0.01478  1.52982e-01
  4 -0.01598 -1.65629e-01 |  5 -0.01453  1.64134e-01 |  6 -0.01548 -1.00178e-01
  7 -0.01548 -1.36479e-01 |  8 -0.01613 -3.41198e-01 |  9 -0.01621 -4.11346e-01
 10 -0.01355  1.84470e-01 | 11 -0.01415 -2.12685e-02 | 12 -0.01431 -1.26717e-01
 13 -0.01356 -2.77751e-02 | 14 -0.01252  1.26092e-01 | 15 -0.01236  7.05818e-02
 16 -0.01242 -1.31970e-01 | 17 -0.01110 -9.42079e-02 | 18 -0.01007 -1.57392e-01
 19 -0.00891 -2.49724e-01 | 20 -0.00697 -2.71952e-01 | 21 -0.00061  5.39823e-01
 22 -0.00351 -8.20968e-01 | 23  0.00121 -7.01051e-01 | 24  0.00733 -4.78004e-01
 25  0.01089 -8.90501e-01 | 26  0.02518  5.36724e-01 | 27  0.02501 -3.77866e-01
 28  0.02992  4.16246e-01 | 29  0.00680 -1.67210e+00 | 30 -0.00457 -5.77861e-02
 31 -0.02474 -8.19762e-01 | 32 -0.02852  2.44299e-01 | 33 -0.02932  2.30148e-01
 34 -0.02244 -1.15491e+00 | 35  0.04728 -6.85430e-01 | 36  0.21092  9.99107e-01
 37 -0.09958  1.17042e+00 | 38 -0.14925  2.24317e+00 | 39 -0.12599 -4.68693e-03
 40 -0.01006  1.18120e+00 | 41 -0.01497  1.21723e+00 | 42 -0.02139  5.80712e-01
 43 -0.02729 -2.99821e-02 | 44 -0.03336 -5.98484e-01 | 45 -0.03541 -1.01243e+00
 46 -0.02624 -4.11879e-02 | 47 -0.01371 -1.25222e-02 | 48  0.00334 -1.37871e+00
 49  0.02911  7.11530e-03 | 50 -0.01819 -1.33757e+00 | 51 -0.05229 -1.26957e+00
 52 -0.04806  1.11510e+00 | 53 -0.03570  1.20454e+00 | 54 -0.01230  1.85876e+00
 55  0.02641  2.46553e+00 | 56  0.02368  1.77432e+00 | 57  0.00054  8.68480e-01
 58 -0.01994  4.95911e-01 | 59 -0.03147 -1.58901e-01 | 60 -0.02864  1.25428e+00
 61 -0.02728  2.52514e-01 | 62 -0.02234  6.86591e-01 | 63 -0.02479  3.24257e-01
 64 -0.01740 -6.73704e-01 | 65  0.00182 -1.42973e-01 | 66 -0.00401 -3.08584e-01
 67 -0.01646  1.27401e+00 | 68 -0.03632  1.40636e+00 | 69 -0.05520  3.34936e-01
 70 -0.07180 -1.55004e+00 | 71 -0.07246 -2.04361e+00 | 72 -0.04935 -2.05691e+00
 73 -0.02264 -1.62577e-01 | 74 -0.01612  2.09820e-01 | 75 -0.01713 -2.27852e-02

 - final statistics:
75 variables; iteration 23; function evaluation 37
Function value -2.2677e+01; maximum gradient component mag -9.3330e+00
Exit code = 1;  converg criter 1.0000e+01
Var    Value     Gradient |Var    Value     Gradient |Var    Value     Gradient
  1  0.23933 -9.33297e+00 |  2  0.00090  1.01355e-01 |  3 -0.01512  7.06481e-02
  4 -0.01490  1.00049e-01 |  5 -0.01481  9.64855e-02 |  6 -0.01469  9.70961e-02
  7 -0.01458  8.50144e-02 |  8 -0.01457  4.25748e-02 |  9 -0.01458 -9.00660e-03
 10 -0.01398  8.40320e-02 | 11 -0.01400  2.20266e-02 | 12 -0.01396 -3.52766e-02
 13 -0.01353 -1.23212e-02 | 14 -0.01275  8.05315e-02 | 15 -0.01245  5.96196e-02
 16 -0.01248 -1.38508e-01 | 17 -0.01100 -6.35551e-02 | 18 -0.00876  1.53755e-01
 19 -0.00775  2.82285e-02 | 20 -0.00619 -7.90725e-02 | 21 -0.00145  3.78520e-01
 22 -0.00324 -7.36361e-01 | 23  0.00045 -8.22405e-01 | 24  0.00374 -1.13683e+00
 25  0.00669 -1.61163e+00 | 26  0.03068  1.55516e+00 | 27  0.03372  1.12167e+00
 28  0.02630 -5.68164e-02 | 29  0.00485 -1.95445e+00 | 30 -0.00467  3.06106e-03
 31 -0.02489 -7.74815e-01 | 32 -0.02958  3.64827e-02 | 33 -0.03120 -1.94284e-01
 34 -0.02152 -7.96276e-01 | 35  0.04716 -6.27852e-01 | 36  0.21001  7.27282e-01
 37 -0.10041  8.88147e-01 | 38 -0.15076  1.63047e+00 | 39 -0.12629 -4.88211e-02
 40 -0.01106  8.92315e-01 | 41 -0.01664  7.81229e-01 | 42 -0.02221  4.02878e-01
 43 -0.02686  1.69265e-01 | 44 -0.03275 -3.28847e-01 | 45 -0.03519 -8.65665e-01
 46 -0.02721 -2.48774e-01 | 47 -0.01467 -2.39526e-01 | 48  0.00518 -1.06046e+00
 49  0.02438 -7.98882e-01 | 50 -0.01563 -5.72358e-01 | 51 -0.05033 -4.81424e-01
 52 -0.04852  1.09914e+00 | 53 -0.03604  1.07731e+00 | 54 -0.01291  1.42671e+00
 55  0.02583  1.78231e+00 | 56  0.02167  8.82180e-01 | 57  0.00013  5.29343e-01
 58 -0.01940  6.12470e-01 | 59 -0.03039  2.12257e-01 | 60 -0.02996  9.51682e-01
 61 -0.02709  2.91012e-01 | 62 -0.02327  3.54545e-01 | 63 -0.02634 -1.78005e-01
 64 -0.01873 -1.03186e+00 | 65  0.00320  1.95875e-01 | 66 -0.00350 -1.27277e-01
 67 -0.01845  7.95745e-01 | 68 -0.03725  1.14935e+00 | 69 -0.05597  1.54536e-01
 70 -0.07158 -1.35705e+00 | 71 -0.07181 -1.70608e+00 | 72 -0.04760 -1.46743e+00
 73 -0.02261 -1.36295e-01 | 74 -0.01692  1.03568e-02 | 75 -0.01680  5.44276e-02

Initial statistics: 92 variables; iteration 0; function evaluation 0; phase 3
Function value -2.2676551e+01; maximum gradient component mag -6.7906e+01
Var    Value     Gradient |Var    Value     Gradient |Var    Value     Gradient
  1  0.23933 -9.33297e+00 |  2  0.01136  2.69083e+00 |  3  0.00090  1.01355e-01
  4 -0.01512  7.06481e-02 |  5 -0.01490  1.00049e-01 |  6 -0.01481  9.64855e-02
  7 -0.01469  9.70961e-02 |  8 -0.01458  8.50144e-02 |  9 -0.01457  4.25748e-02
 10 -0.01458 -9.00660e-03 | 11 -0.01398  8.40320e-02 | 12 -0.01400  2.20266e-02
 13 -0.01396 -3.52766e-02 | 14 -0.01353 -1.23212e-02 | 15 -0.01275  8.05315e-02
 16 -0.01245  5.96196e-02 | 17 -0.01248 -1.38508e-01 | 18 -0.01100 -6.35551e-02
 19 -0.00876  1.53755e-01 | 20 -0.00775  2.82285e-02 | 21 -0.00619 -7.90725e-02
 22 -0.00145  3.78520e-01 | 23 -0.00324 -7.36361e-01 | 24  0.00045 -8.22405e-01
 25  0.00374 -1.13683e+00 | 26  0.00669 -1.61163e+00 | 27  0.03068  1.55516e+00
 28  0.03372  1.12167e+00 | 29  0.02630 -5.68164e-02 | 30  0.00485 -1.95445e+00
 31 -0.00467  3.06106e-03 | 32 -0.02489 -7.74815e-01 | 33 -0.02958  3.64827e-02
 34 -0.03120 -1.94284e-01 | 35 -0.02152 -7.96276e-01 | 36  0.04716 -6.27852e-01
 37  0.21001  7.27282e-01 | 38 -0.10041  8.88147e-01 | 39 -0.15076  1.63047e+00
 40 -0.12629 -4.88211e-02 | 41 -0.01106  8.92315e-01 | 42 -0.01664  7.81229e-01
 43 -0.02221  4.02878e-01 | 44 -0.02686  1.69265e-01 | 45 -0.03275 -3.28847e-01
 46 -0.03519 -8.65665e-01 | 47 -0.02721 -2.48774e-01 | 48 -0.01467 -2.39526e-01
 49  0.00518 -1.06046e+00 | 50  0.02438 -7.98882e-01 | 51 -0.01563 -5.72358e-01
 52 -0.05033 -4.81424e-01 | 53 -0.04852  1.09914e+00 | 54 -0.03604  1.07731e+00
 55 -0.01291  1.42671e+00 | 56  0.02583  1.78231e+00 | 57  0.02167  8.82180e-01
 58  0.00013  5.29343e-01 | 59 -0.01940  6.12470e-01 | 60 -0.03039  2.12257e-01
 61 -0.02996  9.51682e-01 | 62 -0.02709  2.91012e-01 | 63 -0.02327  3.54545e-01
 64 -0.02634 -1.78005e-01 | 65 -0.01873 -1.03186e+00 | 66  0.00320  1.95875e-01
 67 -0.00350 -1.27277e-01 | 68 -0.01845  7.95745e-01 | 69 -0.03725  1.14935e+00
 70 -0.05597  1.54536e-01 | 71 -0.07158 -1.35705e+00 | 72 -0.07181 -1.70608e+00
 73 -0.04760 -1.46743e+00 | 74 -0.02261 -1.36295e-01 | 75 -0.01692  1.03568e-02
 76 -0.01680  5.44276e-02 | 77 -0.81294 -2.00261e+01 | 78 -0.41866 -1.85264e-01
 79 -0.03510 -8.44155e-05 | 80  0.89612 -3.00815e+01 | 81 -0.09543  2.93559e+01
 82 -0.40977  8.94157e-03 | 83  0.08441 -3.41324e+01 | 84  0.89612  1.41125e+00
 85 -0.16000 -6.79063e+01 | 86 -0.15547 -1.86966e+01 | 87  0.06345  4.31112e+01
 88  0.45773 -1.96852e+01 | 89 -0.81294 -1.03811e-02 | 90  0.02997  1.40197e-04
 91  0.04466  2.20753e-04 | 92  0.55955  3.79153e-03 |

Intermediate statistics: 92 variables; iteration 20; function evaluation 32; phase 3
Function value -8.6414931e+01; maximum gradient component mag 2.0505e+01
Var    Value     Gradient |Var    Value     Gradient |Var    Value     Gradient
  1  0.45417 -1.02962e-01 |  2  0.00200  4.12788e-01 |  3  0.00047  2.01531e-02
  4 -0.01545  1.66778e-02 |  5 -0.01535  2.29430e-02 |  6 -0.01525  2.48187e-02
  7 -0.01514  2.67651e-02 |  8 -0.01502  2.48458e-02 |  9 -0.01491  1.61054e-02
 10 -0.01479  6.41898e-03 | 11 -0.01457  1.84097e-02 | 12 -0.01441  8.76039e-03
 13 -0.01421 -5.37977e-04 | 14 -0.01390 -1.11178e-03 | 15 -0.01347  2.93602e-03
 16 -0.01291 -1.57113e-03 | 17 -0.01229 -4.10976e-02 | 18 -0.01079 -5.59064e-02
 19 -0.00887 -7.07920e-02 | 20 -0.00699 -1.47477e-01 | 21 -0.00475 -2.52837e-01
 22 -0.00228 -3.72634e-01 | 23 -0.00049 -6.40763e-01 | 24  0.00071 -9.34506e-01
 25  0.00073 -1.31677e+00 | 26 -0.00099 -1.76936e+00 | 27 -0.00243 -1.89890e+00
 28 -0.00514 -2.05276e+00 | 29 -0.00738 -2.04021e+00 | 30 -0.01190 -2.28042e+00
 31 -0.01604 -2.20450e+00 | 32 -0.02287 -2.81869e+00 | 33 -0.02777 -3.10786e+00
 34 -0.04051 -4.38501e+00 | 35 -0.05450 -6.85093e+00 | 36 -0.03538 -5.31148e+00
 37  0.08386  1.25539e+01 | 38 -0.02361  8.20970e+00 | 39 -0.02960  6.04401e+00
 40 -0.02691  4.57745e+00 | 41 -0.03212  1.62493e+00 | 42 -0.02769  1.95988e+00
 43 -0.02510  2.23567e+00 | 44 -0.02746  2.55555e+00 | 45 -0.03429  2.74462e+00
 46 -0.03627  2.59832e+00 | 47 -0.01490  3.60612e+00 | 48  0.01908  5.13721e+00
 49  0.01948  6.34657e+00 | 50 -0.01761  1.96370e+00 | 51 -0.02935  4.40303e+00
 52 -0.04630  8.48336e+00 | 53 -0.02315  1.50666e+01 | 54  0.00292  2.05048e+01
 55  0.01312  1.91476e+01 | 56  0.02939  1.49525e+01 | 57  0.00872  3.91768e+00
 58 -0.01198 -5.44111e-01 | 59 -0.03071 -7.64796e-01 | 60 -0.02026 -2.73133e+00
 61  0.00841 -6.20264e+00 | 62 -0.03176 -1.03668e+01 | 63 -0.05605 -1.69621e+01
 64 -0.01716 -1.90322e+01 | 65 -0.00751 -1.78211e+01 | 66 -0.03764 -1.49030e+01
 67 -0.04204 -1.32641e+01 | 68  0.02302 -4.32137e+00 | 69 -0.03464 -1.46556e+00
 70 -0.07637 -1.07037e+00 | 71 -0.07892 -3.25592e+00 | 72 -0.05201 -7.55057e-01
 73 -0.01923  4.87429e-01 | 74 -0.01601  1.88909e-01 | 75 -0.01671  2.29261e-02
 76 -0.01675  2.30450e-02 | 77 -0.38745 -1.28017e+01 | 78 -0.41902  2.13375e-02
 79 -0.10148 -7.67211e-01 | 80  1.46888  4.28280e+00 | 81 -0.20907  1.13133e+00
 82 -0.41030  6.94901e-03 | 83  0.22073  2.21527e+00 | 84  0.89856  4.42620e-01
 85  0.58726 -1.79559e+00 | 86  0.19942  1.00285e-03 | 87  0.24666  3.49776e+00
 88  1.14642 -1.34156e-02 | 89 -0.81118 -1.02787e-02 | 90  0.02994  1.49054e-04
 91  0.04462  2.20567e-04 | 92  0.55890  3.78431e-03 |
92 variables; iteration 40; function evaluation 66; phase 3
Function value -8.9726433e+01; maximum gradient component mag -1.2173e+01
Var    Value     Gradient |Var    Value     Gradient |Var    Value     Gradient
  1  0.42774 -4.14489e-02 |  2  0.00315  6.95078e-01 |  3  0.00048  2.17605e-02
  4 -0.01545  1.49182e-02 |  5 -0.01534  2.33297e-02 |  6 -0.01525  2.22486e-02
  7 -0.01515  2.15165e-02 |  8 -0.01504  1.81332e-02 |  9 -0.01493  8.45284e-03
 10 -0.01482 -5.06850e-03 | 11 -0.01456  1.82592e-02 | 12 -0.01444 -6.76346e-04
 13 -0.01429 -1.94302e-02 | 14 -0.01399 -1.76472e-02 | 15 -0.01352  2.32956e-03
 16 -0.01299 -8.28252e-04 | 17 -0.01254 -6.34111e-02 | 18 -0.01105 -4.53367e-02
 19 -0.00900  2.19342e-02 | 20 -0.00732 -3.22056e-02 | 21 -0.00533 -9.39756e-02
 22 -0.00233  2.62591e-02 | 23 -0.00181 -3.73811e-01 | 24 -0.00013 -3.95208e-01
 25  0.00046 -4.77524e-01 | 26 -0.00051 -5.97871e-01 | 27  0.00466  8.36834e-01
 28  0.00444  1.34469e+00 | 29  0.00230  1.39618e+00 | 30 -0.00373  6.47744e-01
 31 -0.00540  9.60537e-01 | 32 -0.01392 -4.19660e-01 | 33 -0.02010 -1.11557e+00
 34 -0.03012 -1.03526e+00 | 35 -0.03865 -5.03277e-01 | 36 -0.01993  1.10295e+00
 37  0.04756  2.06148e+00 | 38 -0.04127 -4.13582e+00 | 39 -0.03572  1.45960e+00
 40 -0.02838  2.81980e+00 | 41 -0.02949  8.91547e-01 | 42 -0.02707  4.43818e-01
 43 -0.02578  1.27121e-02 | 44 -0.02925 -2.12181e-01 | 45 -0.03815 -5.68764e-01
 46 -0.04458 -1.65197e+00 | 47 -0.02249 -7.16870e-01 | 48  0.01374 -5.03307e-01
 49  0.01577 -4.46037e-01 | 50 -0.01518 -2.66340e+00 | 51 -0.03048 -4.69734e+00
 52 -0.05191 -3.56236e+00 | 53 -0.03082 -3.11366e+00 | 54 -0.01123 -5.06637e+00
 55  0.00184 -6.39479e+00 | 56 -0.00146 -1.21728e+01 | 57  0.01894 -8.44072e+00
 58 -0.01118 -6.80996e+00 | 59 -0.03056 -1.13165e+00 | 60 -0.01481  2.81707e+00
 61  0.00659  2.34409e+00 | 62 -0.02814  3.79528e+00 | 63 -0.04085  4.08202e+00
 64 -0.01730  5.06668e+00 | 65 -0.00797  7.99955e+00 | 66 -0.03064  4.74858e+00
 67 -0.03064  1.86052e+00 | 68  0.02257  5.81896e+00 | 69 -0.03121  5.34735e+00
 70 -0.07822  4.98076e+00 | 71 -0.07581  3.19426e+00 | 72 -0.04807  2.26606e-01
 73 -0.01567  4.35846e-01 | 74 -0.01633  1.02425e-01 | 75 -0.01671  8.54935e-03
 76 -0.01670  1.68657e-02 | 77 -0.39507 -9.47830e+00 | 78 -0.52835  9.85717e-04
 79 -0.10916 -2.05475e+00 | 80  1.48640  2.89144e+00 | 81 -0.33471  7.08149e+00
 82 -0.43145  1.05305e-02 | 83 -0.09189  1.36897e-01 | 84  0.82314  1.22552e+00
 85  0.68657 -1.82901e-01 | 86  0.26028  1.36198e-03 | 87  0.24155 -9.70099e+00
 88  1.02629 -7.51846e-02 | 89 -0.77931 -8.68784e-03 | 90  0.02946  1.46781e-04
 91  0.04391  2.17045e-04 | 92  0.54678  3.64099e-03 |
92 variables; iteration 60; function evaluation 98; phase 3
Function value -9.0233571e+01; maximum gradient component mag 2.5953e+00
Var    Value     Gradient |Var    Value     Gradient |Var    Value     Gradient
  1  0.54855 -1.57944e-02 |  2  0.00071  8.74103e-02 |  3  0.00028 -3.59122e-02
  4 -0.01577 -7.34482e-02 |  5 -0.01586 -1.15608e-01 |  6 -0.01592 -1.52914e-01
  7 -0.01592 -1.80278e-01 |  8 -0.01581 -1.84059e-01 |  9 -0.01558 -1.63073e-01
 10 -0.01531 -1.33946e-01 | 11 -0.01497 -9.08432e-02 | 12 -0.01468 -6.34654e-02
 13 -0.01430 -2.41144e-02 | 14 -0.01372  4.85144e-02 | 15 -0.01297  1.39524e-01
 16 -0.01209  2.20769e-01 | 17 -0.01099  3.14427e-01 | 18 -0.00855  5.53004e-01
 19 -0.00608  7.07996e-01 | 20 -0.00523  4.45512e-01 | 21 -0.00753 -6.05942e-01
 22 -0.00196  5.80184e-02 | 23  0.00419  8.14330e-01 | 24  0.00016 -4.92205e-01
 25  0.00167 -4.73826e-01 | 26  0.00942  1.08996e+00 | 27  0.00231 -1.89654e-01
 28  0.00099 -9.76720e-02 | 29 -0.00404 -8.27646e-01 | 30 -0.00824 -1.22250e+00
 31 -0.00976 -7.78641e-01 | 32 -0.00973  1.47154e-01 | 33 -0.01055  1.14541e+00
 34 -0.02908 -4.61793e-01 | 35 -0.04142 -1.75695e-01 | 36 -0.03045  2.70747e-01
 37  0.03864  7.50280e-01 | 38 -0.03087 -5.59235e-01 | 39 -0.04394 -6.48420e-01
 40 -0.03891 -1.56773e-01 | 41 -0.03021  6.94392e-01 | 42 -0.02966 -1.91097e-01
 43 -0.02541  2.23567e-01 | 44 -0.02829  1.94344e-01 | 45 -0.03653  2.82874e-02
 46 -0.04395 -1.47898e+00 | 47 -0.01665  7.95645e-01 | 48  0.01634  5.40174e-01
 49  0.00914  2.00651e-01 | 50 -0.01501  2.38651e-01 | 51 -0.02442  6.16561e-01
 52 -0.04865  2.92111e-02 | 53 -0.02939 -2.67794e-01 | 54 -0.00889 -6.21794e-03
 55 -0.00325  4.54109e-01 | 56  0.01474  7.68002e-01 | 57  0.01438  3.57579e-01
 58 -0.00055  2.72840e-01 | 59 -0.03039 -4.45309e-01 | 60 -0.01962 -1.16928e+00
 61  0.01612 -1.21912e-01 | 62 -0.03363 -1.19676e+00 | 63 -0.03965  1.27218e-01
 64 -0.01805 -6.81831e-01 | 65 -0.01933  5.46132e-01 | 66 -0.03548  9.67328e-01
 67 -0.02633 -1.32409e-01 | 68  0.02843 -8.13486e-01 | 69 -0.03379 -5.53875e-01
 70 -0.08496 -6.18358e-01 | 71 -0.07844  3.96989e-01 | 72 -0.04565  4.97928e-01
 73 -0.01688  7.08774e-02 | 74 -0.01595  1.91417e-01 | 75 -0.01588  2.07178e-01
 76 -0.01589  2.11522e-01 | 77 -0.38837  5.32078e-02 | 78 -0.61434 -2.83519e-03
 79 -0.10166  7.66976e-01 | 80  1.49137 -7.62553e-02 | 81 -0.34681 -1.89502e+00
 82 -0.46501  3.43596e-03 | 83 -0.11546  4.40290e-01 | 84  0.73913 -3.18043e-01
 85  0.77274 -8.18411e-01 | 86  0.29289  1.55655e-03 | 87  0.26433  2.59533e+00
 88  0.88367  1.69931e-02 | 89 -0.72541 -6.82593e-03 | 90  0.02839  1.40503e-04
 91  0.04233  2.09229e-04 | 92  0.52060  3.35183e-03 |
92 variables; iteration 80; function evaluation 131; phase 3
Function value -9.0298127e+01; maximum gradient component mag 1.1438e+00
Var    Value     Gradient |Var    Value     Gradient |Var    Value     Gradient
  1  0.48115 -3.53026e-02 |  2  0.00186  3.79353e-01 |  3  0.00039  3.90627e-04
  4 -0.01577 -6.40774e-02 |  5 -0.01581 -9.43288e-02 |  6 -0.01573 -9.58331e-02
  7 -0.01555 -7.98962e-02 |  8 -0.01550 -9.78516e-02 |  9 -0.01562 -1.64664e-01
 10 -0.01565 -2.11638e-01 | 11 -0.01551 -2.21234e-01 | 12 -0.01508 -1.63359e-01
 13 -0.01456 -9.21823e-02 | 14 -0.01415 -6.31205e-02 | 15 -0.01383 -7.85881e-02
 16 -0.01331 -8.11443e-02 | 17 -0.01272 -1.06534e-01 | 18 -0.01155 -1.61126e-01
 19 -0.01048 -3.18116e-01 | 20 -0.00720 -2.14124e-03 | 21 -0.00338  3.39831e-01
 22 -0.00248 -2.71675e-02 | 23 -0.00047 -1.29296e-01 | 24  0.00397  3.87408e-01
 25  0.00420  1.64937e-01 | 26  0.00219 -2.51255e-01 | 27  0.00328  2.12576e-01
 28  0.00098  1.46509e-01 | 29 -0.00046  2.29782e-01 | 30 -0.00169  4.79503e-01
 31 -0.00467  4.41550e-01 | 32 -0.00980 -1.81917e-01 | 33 -0.01351 -2.66602e-01
 34 -0.02270  6.19122e-01 | 35 -0.04053  1.01148e-01 | 36 -0.03427 -1.17369e-01
 37  0.03269 -5.62408e-01 | 38 -0.02604  3.49543e-01 | 39 -0.04059  2.68217e-01
 40 -0.03819 -8.71501e-02 | 41 -0.03375 -4.45318e-01 | 42 -0.02833 -3.76083e-02
 43 -0.02560 -1.03116e-01 | 44 -0.02500  7.10240e-01 | 45 -0.03752 -7.32918e-01
 46 -0.03516  4.28692e-01 | 47 -0.01810 -2.75021e-01 | 48  0.01479 -3.90701e-01
 49  0.00729 -4.22737e-01 | 50 -0.01633 -4.07614e-01 | 51 -0.02566 -3.12334e-01
 52 -0.04810 -3.21604e-03 | 53 -0.02680  2.30245e-01 | 54 -0.00904  2.46116e-02
 55 -0.00595 -4.86332e-02 | 56  0.01250  1.21612e-01 | 57  0.01472  1.35114e-01
 58 -0.00157  1.90290e-01 | 59 -0.02913  5.26331e-01 | 60 -0.01499  5.40137e-01
 61  0.01535  4.30324e-01 | 62 -0.03016  5.41067e-01 | 63 -0.04143  1.72327e-02
 64 -0.01522  1.68107e-01 | 65 -0.02482 -5.85631e-01 | 66 -0.04199 -6.78353e-01
 67 -0.02713 -1.23866e-01 | 68  0.03383  2.11217e-01 | 69 -0.03459  3.31417e-02
 70 -0.08483  7.38736e-02 | 71 -0.08047 -3.08877e-01 | 72 -0.04760 -4.04907e-01
 73 -0.01904 -4.79870e-01 | 74 -0.01752 -1.90760e-01 | 75 -0.01716 -1.04633e-01
 76 -0.01717 -1.00299e-01 | 77 -0.38785  1.05292e+00 | 78 -0.57898 -8.79741e-04
 79 -0.10343 -3.69633e-01 | 80  1.49347 -4.33616e-01 | 81 -0.33876  1.14376e+00
 82 -0.51409  1.17330e-05 | 83 -0.11432 -6.42221e-01 | 84  0.68511  2.43338e-01
 85  0.83425 -4.90421e-01 | 86  0.32900  1.78578e-03 | 87  0.26406  5.04522e-01
 88  0.88783  1.76367e-02 | 89 -0.62924 -4.77016e-03 | 90  0.02610  1.29495e-04
 91  0.03893  1.92352e-04 | 92  0.46686  2.83049e-03 |
92 variables; iteration 100; function evaluation 166; phase 3
Function value -9.0349000e+01; maximum gradient component mag 1.8810e-01
Var    Value     Gradient |Var    Value     Gradient |Var    Value     Gradient
  1  0.56604 -1.55681e-02 |  2  0.00010 -5.96351e-02 |  3  0.00059  4.70574e-02
  4 -0.01529  5.23908e-02 |  5 -0.01524  4.75901e-02 |  6 -0.01518  3.85966e-02
  7 -0.01518  1.47938e-02 |  8 -0.01517 -1.52675e-02 |  9 -0.01495  4.53330e-03
 10 -0.01451  7.16253e-02 | 11 -0.01417  1.14161e-01 | 12 -0.01402  1.05431e-01
 13 -0.01386  9.01640e-02 | 14 -0.01404 -2.38016e-02 | 15 -0.01409 -1.27061e-01
 16 -0.01247  1.33223e-01 | 17 -0.01270 -8.76820e-02 | 18 -0.01093  3.01572e-03
 19 -0.00917  5.01575e-03 | 20 -0.00724  1.03638e-02 | 21 -0.00517 -3.55917e-02
 22 -0.00256 -1.29379e-02 | 23 -0.00001  5.89369e-03 | 24  0.00176 -3.44347e-02
 25  0.00339  4.42339e-02 | 26  0.00357  8.76731e-02 | 27  0.00225  4.43920e-02
 28  0.00003 -2.12652e-02 | 29 -0.00176 -4.95157e-02 | 30 -0.00391 -5.78842e-02
 31 -0.00626 -5.20399e-02 | 32 -0.00751 -1.53167e-02 | 33 -0.00779  1.20696e-01
 34 -0.01798  3.82210e-02 | 35 -0.03523  1.30093e-01 | 36 -0.03583  9.05325e-02
 37  0.02289 -6.14146e-02 | 38 -0.02903 -8.30566e-02 | 39 -0.04243 -5.98821e-02
 40 -0.03802  1.37075e-02 | 41 -0.03166  9.06937e-02 | 42 -0.02831 -1.02355e-01
 43 -0.02458  2.73046e-02 | 44 -0.02669 -1.77314e-02 | 45 -0.03283  1.32613e-01
 46 -0.03449  4.43035e-02 | 47 -0.01425  1.04356e-01 | 48  0.01709  1.88104e-01
 49  0.00407  1.76679e-01 | 50 -0.01798  1.06362e-01 | 51 -0.02376  7.45507e-02
 52 -0.04812  6.31907e-03 | 53 -0.02605  6.74360e-03 | 54 -0.00868  1.67191e-02
 55 -0.00931  5.27799e-03 | 56  0.00899 -3.27741e-03 | 57  0.01484 -9.15176e-03
 58  0.00076 -6.60867e-02 | 59 -0.02988 -6.88256e-02 | 60 -0.01544 -1.56597e-01
 61  0.01988 -8.52609e-02 | 62 -0.03088 -9.90100e-02 | 63 -0.03950  1.78749e-02
 64 -0.01403  1.56872e-02 | 65 -0.02807  2.67301e-02 | 66 -0.04782 -5.56497e-02
 67 -0.03451 -1.83971e-01 | 68  0.03925 -1.66713e-01 | 69 -0.03012  5.21649e-02
 70 -0.08569  5.00382e-02 | 71 -0.08103  4.28781e-02 | 72 -0.04645  1.65919e-02
 73 -0.01708 -6.88590e-03 | 74 -0.01626  1.23647e-01 | 75 -0.01672  7.75451e-03
 76 -0.01673  7.00237e-03 | 77 -0.38882  6.17959e-03 | 78 -0.54136  2.77767e-03
 79 -0.10512  2.04925e-02 | 80  1.50263  2.98548e-02 | 81 -0.33200  1.83120e-01
 82 -0.57373 -2.58754e-03 | 83 -0.11362 -9.89346e-02 | 84  0.59745 -8.06952e-03
 85  0.96556 -3.95308e-02 | 86  0.41444  2.39327e-03 | 87  0.26608  1.49232e-01
 88  0.84222  1.24130e-02 | 89 -0.36759 -2.02127e-03 | 90  0.01962  9.68329e-05
 91  0.02941  1.31389e-04 | 92  0.32160  1.73744e-03 |
92 variables; iteration 120; function evaluation 204; phase 3
Function value -9.0352357e+01; maximum gradient component mag -1.3100e-01
Var    Value     Gradient |Var    Value     Gradient |Var    Value     Gradient
  1  1.02095  8.12412e-05 |  2  0.00036  6.95551e-03 |  3  0.00040  8.99893e-04
  4 -0.01563 -2.99954e-02 |  5 -0.01555 -2.84397e-02 |  6 -0.01530  9.87474e-03
  7 -0.01525 -4.15299e-03 |  8 -0.01517 -1.41382e-02 |  9 -0.01504 -1.67115e-02
 10 -0.01482 -1.76926e-03 | 11 -0.01460  1.04597e-02 | 12 -0.01442  9.24929e-03
 13 -0.01422  2.61744e-03 | 14 -0.01400 -1.17097e-02 | 15 -0.01364 -1.57561e-02
 16 -0.01292  2.96687e-02 | 17 -0.01235  2.83844e-04 | 18 -0.01095  1.43889e-03
 19 -0.00915  1.48276e-02 | 20 -0.00730  3.16318e-04 | 21 -0.00505 -5.33591e-03
 22 -0.00248  6.62354e-03 | 23 -0.00002  5.39529e-03 | 24  0.00188 -7.29946e-03
 25  0.00308 -2.03193e-02 | 26  0.00312 -5.58897e-03 | 27  0.00190 -2.89015e-02
 28  0.00016  7.23394e-03 | 29 -0.00149  1.14287e-02 | 30 -0.00366  3.92266e-05
 31 -0.00603  1.84014e-03 | 32 -0.00743  6.41095e-03 | 33 -0.00858 -2.85079e-02
 34 -0.01885 -4.78971e-02 | 35 -0.03652 -6.69413e-02 | 36 -0.03622 -4.00925e-02
 37  0.02446  6.08839e-02 | 38 -0.02850  5.13160e-02 | 39 -0.04211  7.99581e-03
 40 -0.03801 -3.36805e-04 | 41 -0.03200 -1.05184e-02 | 42 -0.02776  3.58024e-02
 43 -0.02472 -1.39411e-02 | 44 -0.02676 -3.30504e-02 | 45 -0.03340 -1.26927e-02
 46 -0.03482 -4.31699e-02 | 47 -0.01467 -3.33126e-02 | 48  0.01662 -7.70611e-02
 49  0.00422 -6.32869e-02 | 50 -0.01780 -2.65688e-02 | 51 -0.02404 -8.61286e-04
 52 -0.04797 -2.04462e-03 | 53 -0.02608 -5.63547e-03 | 54 -0.00872  6.49289e-03
 55 -0.00895  1.02001e-02 | 56  0.00928  1.58455e-02 | 57  0.01485  3.25674e-02
 58  0.00046  3.17164e-02 | 59 -0.02990  1.87340e-02 | 60 -0.01494  3.83015e-02
 61  0.01930  9.26237e-03 | 62 -0.03070  7.43754e-03 | 63 -0.03967 -1.64917e-02
 64 -0.01427 -4.70101e-03 | 65 -0.02801  4.88846e-04 | 66 -0.04729  3.81315e-02
 67 -0.03328  8.50740e-02 | 68  0.03899  3.37359e-02 | 69 -0.03106 -3.74421e-02
 70 -0.08578 -3.88801e-02 | 71 -0.08092 -1.47772e-02 | 72 -0.04636  2.20589e-02
 73 -0.01701  1.32398e-02 | 74 -0.01692 -4.06227e-02 | 75 -0.01659  3.62024e-02
 76 -0.01677 -4.40243e-03 | 77 -0.38860 -6.37998e-02 | 78 -0.59720 -1.82331e-03
 79 -0.10477  3.25702e-02 | 80  1.50078 -6.45234e-03 | 81 -0.33241 -1.31004e-01
 82 -0.49251  2.52237e-03 | 83 -0.11309  7.02879e-02 | 84  0.60534  9.85939e-03
 85  0.97826  3.12164e-02 | 86  0.44150  2.61153e-03 | 87  0.26605 -4.45587e-02
 88  0.74490  7.41704e-03 | 89 -0.19152 -9.67376e-04 | 90  0.01299  6.41175e-05
 91  0.01999  9.27940e-05 | 92  0.19666  1.00261e-03 |
92 variables; iteration 140; function evaluation 224; phase 3
Function value -9.0353671e+01; maximum gradient component mag -2.2705e-02
Var    Value     Gradient |Var    Value     Gradient |Var    Value     Gradient
  1  1.04292  1.80877e-04 |  2  0.00037  9.97926e-03 |  3  0.00039 -7.42841e-04
  4 -0.01552 -4.19904e-03 |  5 -0.01546 -7.27587e-03 |  6 -0.01535 -1.52161e-03
  7 -0.01525 -3.89713e-03 |  8 -0.01513 -5.23298e-03 |  9 -0.01500 -8.58518e-03
 10 -0.01484 -8.64027e-03 | 11 -0.01467 -7.49638e-03 | 12 -0.01448 -5.72307e-03
 13 -0.01425 -4.42063e-03 | 14 -0.01396 -4.11382e-03 | 15 -0.01358 -3.53305e-03
 16 -0.01301  5.34114e-03 | 17 -0.01233  4.42524e-03 | 18 -0.01097 -4.53847e-03
 19 -0.00923 -5.29728e-03 | 20 -0.00731 -2.45062e-03 | 21 -0.00499  7.86708e-03
 22 -0.00251  1.25167e-03 | 23 -0.00006 -1.36214e-03 | 24  0.00196  1.04040e-02
 25  0.00316 -9.12530e-04 | 26  0.00308 -1.03519e-02 | 27  0.00202 -1.17529e-03
 28  0.00013  5.41954e-03 | 29 -0.00152  9.65885e-03 | 30 -0.00363  1.23313e-02
 31 -0.00602  7.28271e-03 | 32 -0.00745 -1.72966e-03 | 33 -0.00842 -1.26210e-02
 34 -0.01835  1.37083e-02 | 35 -0.03603  2.07749e-03 | 36 -0.03613 -1.34022e-04
 37  0.02378 -8.13049e-03 | 38 -0.02864  6.61635e-03 | 39 -0.04216  8.92426e-04
 40 -0.03805 -8.93661e-03 | 41 -0.03202 -1.82868e-02 | 42 -0.02785  1.07896e-02
 43 -0.02467 -3.07283e-03 | 44 -0.02658  9.04676e-03 | 45 -0.03339 -2.27055e-02
 46 -0.03460  6.08486e-03 | 47 -0.01452 -3.85752e-03 | 48  0.01678 -1.08910e-02
 49  0.00411 -9.03726e-03 | 50 -0.01789 -6.74256e-03 | 51 -0.02398 -8.46834e-03
 52 -0.04801 -4.61357e-03 | 53 -0.02605 -4.25620e-03 | 54 -0.00873 -3.08687e-03
 55 -0.00911  3.02024e-04 | 56  0.00915  5.30966e-03 | 57  0.01482  1.25950e-02
 58  0.00058  9.40590e-03 | 59 -0.02990  8.41509e-03 | 60 -0.01505  1.12339e-02
 61  0.01948 -1.03507e-03 | 62 -0.03070  9.91555e-03 | 63 -0.03963  1.46268e-04
 64 -0.01413  1.52337e-02 | 65 -0.02810 -4.14620e-04 | 66 -0.04759 -1.08928e-02
 67 -0.03379 -1.51101e-03 | 68  0.03917 -6.71730e-03 | 69 -0.03073 -6.93530e-03
 70 -0.08573  4.51697e-04 | 71 -0.08099 -6.29044e-03 | 72 -0.04647 -7.61122e-03
 73 -0.01709 -7.95509e-03 | 74 -0.01682 -1.52596e-02 | 75 -0.01674 -2.79963e-04
 76 -0.01677 -4.88295e-03 | 77 -0.38868  2.04613e-02 | 78 -0.55755  1.00620e-03
 79 -0.10493 -5.77776e-03 | 80  1.50149 -4.09152e-03 | 81 -0.33218 -7.56613e-04
 82 -0.51260  6.51416e-04 | 83 -0.11330 -2.79776e-03 | 84  0.60165  2.17649e-03
 85  0.97280 -2.54735e-03 | 86  0.42664  2.48980e-03 | 87  0.26604 -2.03671e-03
 88  0.57185  3.94713e-03 | 89  0.14705  7.42986e-04 | 90 -0.01252 -6.17810e-05
 91 -0.01425 -7.38336e-05 | 92 -0.18123 -9.19321e-04 |
92 variables; iteration 160; function evaluation 244; phase 3
Function value -9.0354881e+01; maximum gradient component mag 2.9939e-03
Var    Value     Gradient |Var    Value     Gradient |Var    Value     Gradient
  1  0.97465 -1.02401e-04 |  2  0.00033  6.90891e-04 |  3  0.00039 -3.42599e-05
  4 -0.01551 -2.65023e-04 |  5 -0.01543 -5.32274e-04 |  6 -0.01534  9.03039e-06
  7 -0.01524 -2.54865e-04 |  8 -0.01511 -3.48029e-04 |  9 -0.01497 -5.75173e-04
 10 -0.01481 -5.13877e-04 | 11 -0.01464 -4.10112e-04 | 12 -0.01446 -3.17818e-04
 13 -0.01423 -2.70796e-04 | 14 -0.01395 -3.09322e-04 | 15 -0.01357 -2.71094e-04
 16 -0.01303  4.00002e-04 | 17 -0.01235  2.69993e-04 | 18 -0.01095 -3.03953e-04
 19 -0.00921 -2.95137e-04 | 20 -0.00730 -1.98613e-04 | 21 -0.00503  4.07218e-04
 22 -0.00251  7.74588e-05 | 23 -0.00005 -1.12531e-04 | 24  0.00191  5.09030e-04
 25  0.00316 -2.44996e-04 | 26  0.00313 -8.75264e-04 | 27  0.00202 -1.49384e-04
 28  0.00012  2.15889e-04 | 29 -0.00156  5.16937e-04 | 30 -0.00367  6.84871e-04
 31 -0.00605  4.55072e-04 | 32 -0.00745 -1.46580e-04 | 33 -0.00837 -9.73695e-04
 34 -0.01840  4.45986e-04 | 35 -0.03603 -1.86675e-04 | 36 -0.03613 -4.48161e-04
 37  0.02378 -1.03244e-03 | 38 -0.02867  5.18117e-04 | 39 -0.04216  1.17705e-03
 40 -0.03802  4.74880e-04 | 41 -0.03197 -8.78144e-04 | 42 -0.02789  8.84690e-04
 43 -0.02466 -6.55725e-06 | 44 -0.02661  7.22309e-04 | 45 -0.03332 -1.19026e-03
 46 -0.03462  4.59827e-04 | 47 -0.01452 -4.97358e-05 | 48  0.01680 -1.92943e-04
 49  0.00412 -2.26295e-04 | 50 -0.01789 -2.78860e-04 | 51 -0.02396 -6.20058e-04
 52 -0.04801  9.43974e-06 | 53 -0.02604 -9.29132e-05 | 54 -0.00872 -7.13499e-05
 55 -0.00911 -2.29478e-04 | 56  0.00916 -5.86382e-04 | 57  0.01481 -5.74317e-04
 58  0.00059 -5.57718e-04 | 59 -0.02990 -2.53650e-04 | 60 -0.01507  2.31183e-04
 61  0.01951  7.30566e-05 | 62 -0.03072  8.17094e-04 | 63 -0.03961  2.23611e-04
 64 -0.01415  1.03312e-03 | 65 -0.02809  2.15323e-04 | 66 -0.04757 -3.75943e-04
 67 -0.03380 -9.07135e-05 | 68  0.03917 -4.30838e-05 | 69 -0.03071  1.14458e-04
 70 -0.08573  1.73706e-04 | 71 -0.08098 -3.44949e-04 | 72 -0.04645 -4.07883e-04
 73 -0.01706 -3.58341e-04 | 74 -0.01676 -9.36207e-04 | 75 -0.01674  9.88172e-05
 76 -0.01676 -3.33755e-04 | 77 -0.38869 -6.44128e-04 | 78 -0.56946 -9.63323e-06
 79 -0.10494 -3.13220e-04 | 80  1.50149 -7.47591e-04 | 81 -0.33217  6.87623e-04
 82 -0.52122  1.50898e-06 | 83 -0.11328 -2.63024e-04 | 84  0.60159  2.76461e-04
 85  0.97300 -1.45349e-03 | 86  0.37810  2.12136e-03 | 87  0.26604  2.99393e-03
 88 -0.02585 -1.27620e-04 | 89  0.02416  1.25289e-04 | 90  0.00006  2.80419e-07
 91 -0.00547 -3.20355e-05 | 92  0.02553  1.26081e-04 |
92 variables; iteration 180; function evaluation 264; phase 3
Function value -9.0354908e+01; maximum gradient component mag -1.3530e-02
Var    Value     Gradient |Var    Value     Gradient |Var    Value     Gradient
  1  0.94455 -2.38173e-04 |  2  0.00031 -4.75387e-03 |  3  0.00039  1.15094e-04
  4 -0.01550  1.98209e-03 |  5 -0.01542  3.71021e-03 |  6 -0.01534  4.79983e-04
  7 -0.01523  1.68663e-03 |  8 -0.01510  2.00899e-03 |  9 -0.01495  3.77944e-03
 10 -0.01479  4.01662e-03 | 11 -0.01463  3.54201e-03 | 12 -0.01445  2.61961e-03
 13 -0.01423  1.91170e-03 | 14 -0.01394  1.54769e-03 | 15 -0.01356  1.37894e-03
 16 -0.01304 -1.94245e-03 | 17 -0.01235 -1.77799e-03 | 18 -0.01094  2.14890e-03
 19 -0.00920  2.43678e-03 | 20 -0.00730  1.34597e-03 | 21 -0.00504 -3.41948e-03
 22 -0.00251 -7.68481e-04 | 23 -0.00005  4.67596e-04 | 24  0.00189 -4.67162e-03
 25  0.00317  6.14785e-04 | 26  0.00316  5.28219e-03 | 27  0.00203 -1.09032e-04
 28  0.00011 -2.42828e-03 | 29 -0.00157 -4.63976e-03 | 30 -0.00370 -5.98659e-03
 31 -0.00606 -3.71920e-03 | 32 -0.00744  1.13950e-03 | 33 -0.00834  6.35836e-03
 34 -0.01842 -5.77811e-03 | 35 -0.03602 -1.48317e-03 | 36 -0.03612  6.19555e-05
 37  0.02378  2.23745e-03 | 38 -0.02869 -1.74494e-03 | 39 -0.04217 -1.46232e-03
 40 -0.03801  3.10592e-03 | 41 -0.03194  7.48946e-03 | 42 -0.02792 -5.39013e-03
 43 -0.02466  8.75769e-04 | 44 -0.02664 -4.47885e-03 | 45 -0.03328  9.91218e-03
 46 -0.03464 -3.62629e-03 | 47 -0.01452 -1.00635e-04 | 48  0.01681  2.36757e-03
 49  0.00412  2.74460e-03 | 50 -0.01789  2.37700e-03 | 51 -0.02396  3.42087e-03
 52 -0.04801  1.20158e-03 | 53 -0.02604  9.03599e-04 | 54 -0.00872  1.10790e-03
 55 -0.00911  1.43348e-03 | 56  0.00916  4.30812e-04 | 57  0.01481  1.19698e-03
 58  0.00059 -4.99342e-04 | 59 -0.02990 -3.93354e-04 | 60 -0.01508 -2.09431e-03
 61  0.01953  3.22625e-03 | 62 -0.03073 -3.90605e-03 | 63 -0.03960 -1.68554e-03
 64 -0.01417 -9.35356e-03 | 65 -0.02808 -1.19324e-03 | 66 -0.04756  4.44802e-03
 67 -0.03380  9.55722e-04 | 68  0.03917  4.78407e-04 | 69 -0.03070  9.94161e-04
 70 -0.08574 -1.35797e-03 | 71 -0.08097  2.54804e-03 | 72 -0.04643  4.66849e-03
 73 -0.01704  3.93850e-03 | 74 -0.01673  6.52103e-03 | 75 -0.01674 -2.77088e-04
 76 -0.01674  2.29046e-03 | 77 -0.38869 -1.35304e-02 | 78 -0.56721  1.68064e-04
 79 -0.10494  5.81358e-03 | 80  1.50150  1.66623e-03 | 81 -0.33217 -3.61650e-03
 82 -0.52150 -1.86331e-05 | 83 -0.11328  1.38918e-03 | 84  0.60158 -1.39252e-03
 85  0.97282 -2.49584e-03 | 86  0.35611  1.96690e-03 | 87  0.26605  1.11431e-02
 88 -0.01378 -6.80340e-05 | 89  0.06646  3.34476e-04 | 90 -0.00250 -1.23148e-05
 91 -0.01468 -7.67156e-05 | 92  0.03853  1.90351e-04 |

 - final statistics:
92 variables; iteration 192; function evaluation 280
Function value -9.0355e+01; maximum gradient component mag 8.2438e-05
Exit code = 1;  converg criter 1.0000e-04
Var    Value     Gradient |Var    Value     Gradient |Var    Value     Gradient
  1  0.99349 -1.17038e-05 |  2  0.00033  3.09856e-08 |  3  0.00039 -3.86500e-06
  4 -0.01551 -2.17533e-06 |  5 -0.01543  8.47203e-06 |  6 -0.01534 -1.22109e-05
  7 -0.01524  1.85219e-06 |  8 -0.01511  2.59127e-06 |  9 -0.01497  6.00043e-06
 10 -0.01481  6.06105e-07 | 11 -0.01464 -2.30651e-06 | 12 -0.01446 -4.77565e-07
 13 -0.01423  3.58672e-06 | 14 -0.01395  8.32823e-06 | 15 -0.01357  6.23080e-06
 16 -0.01304 -9.48460e-06 | 17 -0.01235 -9.93411e-06 | 18 -0.01095 -3.07803e-06
 19 -0.00921 -9.17442e-07 | 20 -0.00730  1.19667e-06 | 21 -0.00503  3.52137e-06
 22 -0.00251  3.94376e-06 | 23 -0.00005  3.75478e-06 | 24  0.00191  7.78719e-06
 25  0.00317  4.31808e-06 | 26  0.00314  2.31943e-06 | 27  0.00202  4.26136e-06
 28  0.00011  6.25579e-06 | 29 -0.00156  8.90796e-06 | 30 -0.00368  6.92474e-06
 31 -0.00605  5.34856e-06 | 32 -0.00745 -1.01553e-05 | 33 -0.00836  1.48097e-07
 34 -0.01840  6.56749e-06 | 35 -0.03602  1.82929e-05 | 36 -0.03613  1.20994e-05
 37  0.02378 -1.04799e-05 | 38 -0.02868 -1.38811e-05 | 39 -0.04217  4.24220e-06
 40 -0.03802  2.47501e-06 | 41 -0.03196 -6.51629e-06 | 42 -0.02789  7.69761e-06
 43 -0.02466  2.83344e-06 | 44 -0.02662 -2.85947e-08 | 45 -0.03331 -8.51458e-07
 46 -0.03463  1.45945e-05 | 47 -0.01452  2.93417e-05 | 48  0.01680  3.16456e-05
 49  0.00412  3.15402e-05 | 50 -0.01789  1.74940e-05 | 51 -0.02396  1.11665e-05
 52 -0.04801  3.12419e-06 | 53 -0.02604  2.95324e-06 | 54 -0.00872  6.05903e-06
 55 -0.00911  2.48078e-06 | 56  0.00916  2.19143e-06 | 57  0.01481 -5.37322e-06
 58  0.00059 -8.50673e-06 | 59 -0.02990 -1.56766e-05 | 60 -0.01507 -3.49788e-05
 61  0.01951 -5.15535e-05 | 62 -0.03072 -2.15766e-05 | 63 -0.03961 -1.75084e-06
 64 -0.01416  3.49769e-05 | 65 -0.02809  1.81742e-05 | 66 -0.04757  2.45533e-06
 67 -0.03380 -6.74316e-06 | 68  0.03917 -3.01355e-05 | 69 -0.03071 -8.73458e-06
 70 -0.08573 -2.02874e-06 | 71 -0.08098 -7.40671e-06 | 72 -0.04645 -9.53869e-06
 73 -0.01706 -1.31863e-05 | 74 -0.01676  1.21700e-05 | 75 -0.01674 -7.57656e-06
 76 -0.01675  1.05122e-05 | 77 -0.38869  8.24379e-05 | 78 -0.56932  1.32266e-06
 79 -0.10494 -2.39834e-05 | 80  1.50150 -2.70561e-06 | 81 -0.33217 -4.18235e-06
 82 -0.52126 -8.07397e-07 | 83 -0.11328 -5.73635e-06 | 84  0.60158 -6.80069e-06
 85  0.97326 -1.13812e-05 | 86  0.05480 -7.08689e-06 | 87  0.26604 -2.10810e-05
 88 -0.00000 -8.54406e-09 | 89 -0.00049  4.19940e-06 | 90 -0.01662 -8.20421e-05
 91  0.01017  4.41894e-05 | 92  0.00114  5.61120e-06 |
Warning: the following parameters had issues
  SR_parm[1] is within 0.1% of upper bound: 1.00000e-04 < 1.99995e+01 < 2.00000e+01
  selparm[13] is within 0.1% of upper bound: 2.00000e+01 < 8.29722e+01 < 8.30000e+01


 - final statistics:
93 variables; iteration 0; function evaluation 0
Function value -9.0355e+01; maximum gradient component mag 8.2438e-05
Exit code = 0;  converg criter 1.0000e-04
Var    Value     Gradient |Var    Value     Gradient |Var    Value     Gradient
  1  0.99349 -1.17038e-05 |  2  0.00033  3.09856e-08 |  3  0.00039 -3.86500e-06
  4 -0.01551 -2.17533e-06 |  5 -0.01543  8.47203e-06 |  6 -0.01534 -1.22109e-05
  7 -0.01524  1.85219e-06 |  8 -0.01511  2.59127e-06 |  9 -0.01497  6.00043e-06
 10 -0.01481  6.06105e-07 | 11 -0.01464 -2.30651e-06 | 12 -0.01446 -4.77565e-07
 13 -0.01423  3.58672e-06 | 14 -0.01395  8.32823e-06 | 15 -0.01357  6.23080e-06
 16 -0.01304 -9.48460e-06 | 17 -0.01235 -9.93411e-06 | 18 -0.01095 -3.07803e-06
 19 -0.00921 -9.17442e-07 | 20 -0.00730  1.19667e-06 | 21 -0.00503  3.52137e-06
 22 -0.00251  3.94376e-06 | 23 -0.00005  3.75478e-06 | 24  0.00191  7.78719e-06
 25  0.00317  4.31808e-06 | 26  0.00314  2.31943e-06 | 27  0.00202  4.26136e-06
 28  0.00011  6.25579e-06 | 29 -0.00156  8.90796e-06 | 30 -0.00368  6.92474e-06
 31 -0.00605  5.34856e-06 | 32 -0.00745 -1.01553e-05 | 33 -0.00836  1.48097e-07
 34 -0.01840  6.56749e-06 | 35 -0.03602  1.82929e-05 | 36 -0.03613  1.20994e-05
 37  0.02378 -1.04799e-05 | 38 -0.02868 -1.38811e-05 | 39 -0.04217  4.24220e-06
 40 -0.03802  2.47501e-06 | 41 -0.03196 -6.51629e-06 | 42 -0.02789  7.69761e-06
 43 -0.02466  2.83344e-06 | 44 -0.02662 -2.85947e-08 | 45 -0.03331 -8.51458e-07
 46 -0.03463  1.45945e-05 | 47 -0.01452  2.93417e-05 | 48  0.01680  3.16456e-05
 49  0.00412  3.15402e-05 | 50 -0.01789  1.74940e-05 | 51 -0.02396  1.11665e-05
 52 -0.04801  3.12419e-06 | 53 -0.02604  2.95324e-06 | 54 -0.00872  6.05903e-06
 55 -0.00911  2.48078e-06 | 56  0.00916  2.19143e-06 | 57  0.01481 -5.37322e-06
 58  0.00059 -8.50673e-06 | 59 -0.02990 -1.56766e-05 | 60 -0.01507 -3.49788e-05
 61  0.01951 -5.15535e-05 | 62 -0.03072 -2.15766e-05 | 63 -0.03961 -1.75084e-06
 64 -0.01416  3.49769e-05 | 65 -0.02809  1.81742e-05 | 66 -0.04757  2.45533e-06
 67 -0.03380 -6.74316e-06 | 68  0.03917 -3.01355e-05 | 69 -0.03071 -8.73458e-06
 70 -0.08573 -2.02874e-06 | 71 -0.08098 -7.40671e-06 | 72 -0.04645 -9.53869e-06
 73 -0.01706 -1.31863e-05 | 74 -0.01676  1.21700e-05 | 75 -0.01674 -7.57656e-06
 76 -0.01675  1.05122e-05 | 77  0.00000  0.00000e+00 | 78 -0.38869  8.24379e-05
 79 -0.56932  1.32266e-06 | 80 -0.10494 -2.39834e-05 | 81  0.49850  2.70561e-06
 82 -0.33217 -4.18235e-06 | 83 -0.52126 -8.07397e-07 | 84 -0.11328 -5.73635e-06
 85  0.60158 -6.80069e-06 | 86  0.97326 -1.13812e-05 | 87  0.05480 -7.08689e-06
 88  0.26604 -2.10810e-05 | 89 -0.00000 -8.54406e-09 | 90 -0.00049  4.19940e-06
 91 -0.01662 -8.20421e-05 | 92  0.01017  4.41894e-05 | 93  0.00114  5.61120e-06
Estimating row 1 out of 93 for hessian
Estimating row 2 out of 93 for hessian
Estimating row 3 out of 93 for hessian
Estimating row 4 out of 93 for hessian
Estimating row 5 out of 93 for hessian
Estimating row 6 out of 93 for hessian
Estimating row 7 out of 93 for hessian
Estimating row 8 out of 93 for hessian
Estimating row 9 out of 93 for hessian
Estimating row 10 out of 93 for hessian
Estimating row 11 out of 93 for hessian
Estimating row 12 out of 93 for hessian
Estimating row 13 out of 93 for hessian
Estimating row 14 out of 93 for hessian
Estimating row 15 out of 93 for hessian
Estimating row 16 out of 93 for hessian
Estimating row 17 out of 93 for hessian
Estimating row 18 out of 93 for hessian
Estimating row 19 out of 93 for hessian
Estimating row 20 out of 93 for hessian
Estimating row 21 out of 93 for hessian
Estimating row 22 out of 93 for hessian
Estimating row 23 out of 93 for hessian
Estimating row 24 out of 93 for hessian
Estimating row 25 out of 93 for hessian
Estimating row 26 out of 93 for hessian
Estimating row 27 out of 93 for hessian
Estimating row 28 out of 93 for hessian
Estimating row 29 out of 93 for hessian
Estimating row 30 out of 93 for hessian
Estimating row 31 out of 93 for hessian
Estimating row 32 out of 93 for hessian
Estimating row 33 out of 93 for hessian
Estimating row 34 out of 93 for hessian
Estimating row 35 out of 93 for hessian
Estimating row 36 out of 93 for hessian
Estimating row 37 out of 93 for hessian
Estimating row 38 out of 93 for hessian
Estimating row 39 out of 93 for hessian
Estimating row 40 out of 93 for hessian
Estimating row 41 out of 93 for hessian
Estimating row 42 out of 93 for hessian
Estimating row 43 out of 93 for hessian
Estimating row 44 out of 93 for hessian
Estimating row 45 out of 93 for hessian
Estimating row 46 out of 93 for hessian
Estimating row 47 out of 93 for hessian
Estimating row 48 out of 93 for hessian
Estimating row 49 out of 93 for hessian
Estimating row 50 out of 93 for hessian
Estimating row 51 out of 93 for hessian
Estimating row 52 out of 93 for hessian
Estimating row 53 out of 93 for hessian
Estimating row 54 out of 93 for hessian
Estimating row 55 out of 93 for hessian
Estimating row 56 out of 93 for hessian
Estimating row 57 out of 93 for hessian
Estimating row 58 out of 93 for hessian
Estimating row 59 out of 93 for hessian
Estimating row 60 out of 93 for hessian
Estimating row 61 out of 93 for hessian
Estimating row 62 out of 93 for hessian
Estimating row 63 out of 93 for hessian
Estimating row 64 out of 93 for hessian
Estimating row 65 out of 93 for hessian
Estimating row 66 out of 93 for hessian
Estimating row 67 out of 93 for hessian
Estimating row 68 out of 93 for hessian
Estimating row 69 out of 93 for hessian
Estimating row 70 out of 93 for hessian
Estimating row 71 out of 93 for hessian
Estimating row 72 out of 93 for hessian
Estimating row 73 out of 93 for hessian
Estimating row 74 out of 93 for hessian
Estimating row 75 out of 93 for hessian
Estimating row 76 out of 93 for hessian
Estimating row 77 out of 93 for hessian
Estimating row 78 out of 93 for hessian
Estimating row 79 out of 93 for hessian
Estimating row 80 out of 93 for hessian
Estimating row 81 out of 93 for hessian
Estimating row 82 out of 93 for hessian
Estimating row 83 out of 93 for hessian
Estimating row 84 out of 93 for hessian
Estimating row 85 out of 93 for hessian
Estimating row 86 out of 93 for hessian
Estimating row 87 out of 93 for hessian
Estimating row 88 out of 93 for hessian
Estimating row 89 out of 93 for hessian
Estimating row 90 out of 93 for hessian
Estimating row 91 out of 93 for hessian
Estimating row 92 out of 93 for hessian
Estimating row 93 out of 93 for hessian
size of file gradfil1.tmp = 0
size of file gradfil2.tmp = 0
size of file varssave.tmp = 0
size of file cmpdiff.tmp = 0
