
Initial statistics: 37 variables; iteration 0; function evaluation 0; phase 1
Function value 1.3899082e+06; maximum gradient component mag -7.9160e+06
Var    Value     Gradient |Var    Value     Gradient |Var    Value     Gradient
  1 -0.15112 -7.91600e+06 |  2  0.04865 -1.28319e+05 |  3  0.00208 -8.49072e+04
  4 -0.02044 -7.35700e+04 |  5 -0.04088 -6.71621e+04 |  6  0.00623 -9.43212e+04
  7  0.05122 -1.22172e+05 |  8 -0.03182 -7.75883e+04 |  9 -0.00556 -1.09748e+05
 10  0.02084 -1.20414e+05 | 11  0.00153 -1.07053e+05 | 12 -0.00541 -1.00150e+05
 13 -0.01467 -9.67064e+04 | 14 -0.03885 -9.74372e+04 | 15  0.02646 -1.67493e+05
 16 -0.00203 -9.62937e+04 | 17  0.03288 -1.32984e+05 | 18  0.02932 -1.27865e+05
 19  0.02539 -1.22136e+05 | 20  0.00956 -1.01273e+05 | 21 -0.00166 -9.25043e+04
 22  0.01557 -1.10489e+05 | 23 -0.04589 -8.18152e+04 | 24  0.00759 -1.17709e+05
 25  0.00935 -1.02941e+05 | 26  0.01541 -1.11307e+05 | 27  0.03686 -1.33269e+05
 28 -0.01623 -9.47034e+04 | 29 -0.01551 -9.83424e+04 | 30  0.03152 -1.33827e+05
 31 -0.02899 -9.55594e+04 | 32  0.00305 -1.31681e+05 | 33 -0.04562 -9.96574e+04
 34  0.04343 -1.63239e+05 | 35 -0.01544 -1.16358e+05 | 36 -0.61642  6.21781e+04
 37 -0.98727  3.11292e+03 |

Intermediate statistics: 37 variables; iteration 20; function evaluation 37; phase 1
Function value -3.5415428e+01; maximum gradient component mag 1.2321e+02
Var    Value     Gradient |Var    Value     Gradient |Var    Value     Gradient
  1  0.15208  4.94664e+01 |  2 -0.06783 -4.69090e+00 |  3 -0.05217 -2.24393e+00
  4 -0.02327 -3.62403e-01 |  5 -0.00625 -1.78199e+00 |  6 -0.01476 -8.52517e+00
  7 -0.04025 -1.81434e+01 |  8  0.02101 -2.70575e+01 |  9  0.01846 -4.85773e+01
 10 -0.05973 -5.21221e+01 | 11 -0.05449 -5.57239e+01 | 12 -0.09948 -4.55425e+01
 13 -0.07312 -3.29051e+01 | 14  0.00394 -2.32754e+01 | 15 -0.01047 -3.23780e+01
 16 -0.04133 -4.91343e+01 | 17 -0.06354 -4.26557e+01 | 18 -0.10046 -2.51859e+01
 19  0.06829  5.81837e+01 | 20  0.00841  3.98927e+01 | 21 -0.07566  4.41061e+00
 22 -0.03543  1.26524e+01 | 23  0.00916 -3.62271e+00 | 24 -0.00764 -2.39157e+01
 25 -0.12462 -2.89941e+01 | 26 -0.12497 -1.70795e+01 | 27 -0.04673  4.26455e+01
 28 -0.11360  3.74257e+01 | 29 -0.09253  6.77737e+01 | 30  0.00161  1.23214e+02
 31  0.08328  8.41110e+01 | 32  0.17310  3.12677e+01 | 33  0.01889  8.58168e+00
 34 -0.05347 -8.62654e+00 | 35 -0.01263  1.22881e+00 | 36  0.11419 -5.35949e+00
 37 -0.85625 -4.60618e+00 |
37 variables; iteration 40; function evaluation 69; phase 1
Function value -5.0220740e+01; maximum gradient component mag 7.1659e+01
Var    Value     Gradient |Var    Value     Gradient |Var    Value     Gradient
  1  0.15328  7.16589e+01 |  2 -0.06838  3.41577e+00 |  3 -0.05588  2.87757e+00
  4 -0.05555 -1.41722e+00 |  5 -0.00530  7.26195e+00 |  6  0.00323  8.18632e+00
  7 -0.00746  6.96818e+00 |  8 -0.00310  1.04910e+01 |  9  0.01496  1.76395e+01
 10 -0.02458  7.82799e+00 | 11 -0.05439  2.42275e+00 | 12 -0.06723  1.73017e+00
 13 -0.04324  1.00576e+01 | 14 -0.02723  9.94092e+00 | 15 -0.01977  1.24238e+01
 16 -0.01114  7.36127e+00 | 17 -0.01319  3.81427e+00 | 18 -0.08242 -1.45585e+01
 19  0.03857  3.89677e+00 | 20  0.00301 -1.39196e+01 | 21  0.00614 -1.46706e+01
 22 -0.04798 -2.56761e+01 | 23 -0.01326 -3.81392e+01 | 24 -0.01813 -2.99222e+01
 25 -0.06392 -6.36467e+00 | 26 -0.06733  8.58520e+00 | 27 -0.09112  2.88683e+00
 28 -0.08874  1.61101e+01 | 29 -0.09822  1.41021e+01 | 30 -0.00482  3.47196e+01
 31  0.06843  5.83720e+00 | 32  0.20214 -8.23056e+00 | 33 -0.03874 -5.87945e+00
 34 -0.00383  3.48623e+00 | 35 -0.02874 -2.82710e+00 | 36  0.64879 -9.49850e-02
 37  0.53081 -1.51071e+00 |
37 variables; iteration 60; function evaluation 91; phase 1
Function value -5.3958198e+01; maximum gradient component mag 8.7011e+01
Var    Value     Gradient |Var    Value     Gradient |Var    Value     Gradient
  1  0.12907  8.70115e+01 |  2 -0.06938  2.26284e+00 |  3 -0.05830  1.01557e+00
  4 -0.04686 -1.68543e+00 |  5 -0.03104 -3.33648e+00 |  6 -0.01775 -6.05195e+00
  7 -0.00482 -1.00909e+01 |  8 -0.01294 -1.92670e+01 |  9 -0.01988 -3.09738e+01
 10 -0.01716 -4.03384e+01 | 11 -0.03594 -3.76627e+01 | 12 -0.04088 -2.78090e+01
 13 -0.07157 -2.21901e+01 | 14 -0.03459 -1.03202e+01 | 15 -0.03342  3.05148e+00
 16  0.00274  2.19668e+01 | 17 -0.03284  1.56032e+01 | 18 -0.02261  2.07902e+01
 19 -0.03267  6.84210e+00 | 20  0.05766  2.15726e+01 | 21 -0.04228 -5.12934e-01
 22 -0.05339 -2.87968e+00 | 23  0.01597  2.72679e+00 | 24 -0.03959 -3.55991e+00
 25 -0.06749  1.28444e+01 | 26 -0.08201  1.86099e+01 | 27 -0.05598  3.28830e+01
 28 -0.11521  9.93251e+00 | 29 -0.08192  2.77939e+01 | 30 -0.02335  3.18650e+01
 31  0.02653  1.00311e+01 | 32  0.24026  1.14783e+01 | 33 -0.00238  3.37770e+00
 34 -0.01695  3.69317e-01 | 35 -0.01112  1.56932e+00 | 36 -2.49156  9.75989e-02
 37  0.98272 -4.97990e-02 |
Maximum number of function evaluations exceeded

 - final statistics:
37 variables; iteration 69; function evaluation 100
Function value -5.7808e+01; maximum gradient component mag 7.3414e+01
Exit code = 3;  converg criter 1.0000e+01
Var    Value     Gradient |Var    Value     Gradient |Var    Value     Gradient
  1  0.09403  7.34140e+01 |  2 -0.05999  9.62607e-01 |  3 -0.05608  2.58078e-01
  4 -0.04746 -5.63575e-01 |  5 -0.03791 -1.57021e+00 |  6 -0.02325 -2.07425e+00
  7  0.00568  1.81558e-01 |  8 -0.03696 -8.73755e+00 |  9 -0.08960 -2.11192e+01
 10 -0.00493 -1.39274e+01 | 11 -0.02744 -8.24512e+00 | 12 -0.06042 -2.52050e+00
 13 -0.08474 -4.80796e+00 | 14 -0.06572 -3.86700e+00 | 15 -0.05571 -1.34597e+00
 16 -0.02055  7.69064e-01 | 17 -0.04200 -3.63530e+00 | 18 -0.04047 -1.72077e+00
 19 -0.08232 -1.89282e+01 | 20  0.05511 -4.17287e+00 | 21 -0.05957 -4.79159e+00
 22 -0.06323  3.48132e+00 | 23 -0.01982  7.20908e+00 | 24 -0.02499  8.79242e+00
 25 -0.08875  9.48241e+00 | 26 -0.10073  8.47290e+00 | 27 -0.08006  8.13712e+00
 28 -0.09581  1.11834e+01 | 29 -0.11637  7.07182e+00 | 30 -0.06818  1.16175e+01
 31  0.03519  1.35905e+01 | 32  0.19812  1.24951e+01 | 33 -0.01941  1.47191e-01
 34 -0.02018  4.47437e-01 | 35 -0.02081 -7.72270e-02 | 36 -7.75238 -2.25273e-02
 37  1.51457  2.40362e-01 |

Initial statistics: 37 variables; iteration 0; function evaluation 0; phase 2
Function value -5.7808365e+01; maximum gradient component mag 7.3414e+01
Var    Value     Gradient |Var    Value     Gradient |Var    Value     Gradient
  1  0.09403  7.34140e+01 |  2 -0.05999  9.62607e-01 |  3 -0.05608  2.58078e-01
  4 -0.04746 -5.63575e-01 |  5 -0.03791 -1.57021e+00 |  6 -0.02325 -2.07425e+00
  7  0.00568  1.81558e-01 |  8 -0.03696 -8.73755e+00 |  9 -0.08960 -2.11192e+01
 10 -0.00493 -1.39274e+01 | 11 -0.02744 -8.24512e+00 | 12 -0.06042 -2.52050e+00
 13 -0.08474 -4.80796e+00 | 14 -0.06572 -3.86700e+00 | 15 -0.05571 -1.34597e+00
 16 -0.02055  7.69064e-01 | 17 -0.04200 -3.63530e+00 | 18 -0.04047 -1.72077e+00
 19 -0.08232 -1.89282e+01 | 20  0.05511 -4.17287e+00 | 21 -0.05957 -4.79159e+00
 22 -0.06323  3.48132e+00 | 23 -0.01982  7.20908e+00 | 24 -0.02499  8.79242e+00
 25 -0.08875  9.48241e+00 | 26 -0.10073  8.47290e+00 | 27 -0.08006  8.13712e+00
 28 -0.09581  1.11834e+01 | 29 -0.11637  7.07182e+00 | 30 -0.06818  1.16175e+01
 31  0.03519  1.35905e+01 | 32  0.19812  1.24951e+01 | 33 -0.01941  1.47191e-01
 34 -0.02018  4.47437e-01 | 35 -0.02081 -7.72270e-02 | 36  0.24762 -2.25273e-02
 37  0.48543 -2.40362e-01 |

Intermediate statistics: 37 variables; iteration 20; function evaluation 29; phase 2
Function value -6.0001446e+01; maximum gradient component mag 6.4625e+01
Var    Value     Gradient |Var    Value     Gradient |Var    Value     Gradient
  1  0.07861  6.46254e+01 |  2 -0.02726  6.37781e+00 |  3 -0.04198  3.50144e+00
  4 -0.05153  9.21232e-01 |  5 -0.05323 -7.31954e-02 |  6 -0.03817  2.93607e+00
  7 -0.02286  9.66819e+00 |  8 -0.04863  7.72784e+00 |  9 -0.02858  1.57873e+01
 10 -0.02032  1.91721e+01 | 11 -0.07142  1.03577e+01 | 12 -0.07455  2.48899e+01
 13 -0.09237  2.83655e+01 | 14 -0.08972  3.37532e+01 | 15 -0.08313  3.97413e+01
 16 -0.04214  4.41035e+01 | 17 -0.06745  1.73555e+01 | 18 -0.07353  1.02303e+01
 19 -0.06785 -8.41304e+00 | 20  0.02492 -3.66131e+01 | 21 -0.05245 -3.23984e+01
 22 -0.09782 -3.25634e+01 | 23 -0.04783 -5.05928e+01 | 24 -0.02571 -6.06572e+01
 25 -0.10788 -3.08767e+01 | 26 -0.14008 -3.34081e+01 | 27 -0.07909 -3.83559e+01
 28 -0.11185 -2.17050e+01 | 29 -0.13731 -1.01771e+01 | 30 -0.09648  5.95107e-03
 31  0.00663  1.22466e+01 | 32  0.16237  1.99407e+01 | 33 -0.02775 -7.11390e-02
 34 -0.02864 -9.70194e-02 | 35 -0.02706 -3.61190e-01 | 36  0.14355  1.60364e-02
 37 -0.12807 -1.43332e-01 |
37 variables; iteration 40; function evaluation 53; phase 2
Function value -6.0816987e+01; maximum gradient component mag 5.9220e+01
Var    Value     Gradient |Var    Value     Gradient |Var    Value     Gradient
  1  0.06676 -2.87734e+00 |  2  0.00595  6.14421e+00 |  3 -0.02289  3.08900e+00
  4 -0.05174 -1.62470e+00 |  5 -0.03339  2.44606e+00 |  6 -0.01809  6.02757e+00
  7 -0.02624  7.94870e+00 |  8 -0.04159  1.00485e+01 |  9 -0.00298  2.36198e+01
 10 -0.03312  8.86615e+00 | 11 -0.09472 -7.67522e+00 | 12 -0.08414  4.42292e+00
 13 -0.09442  1.90388e+01 | 14 -0.09795  4.17228e+01 | 15 -0.09606  5.92201e+01
 16 -0.05475  5.04050e+01 | 17 -0.07872  2.20235e+00 | 18 -0.09530 -7.64048e+00
 19 -0.06065 -1.62887e+01 | 20  0.00826 -5.67680e+01 | 21 -0.03417 -3.62747e+01
 22 -0.11910 -2.38516e+01 | 23 -0.05466 -2.94671e+01 | 24 -0.01445 -5.60773e+01
 25 -0.13481 -3.19691e+01 | 26 -0.17901 -3.57476e+01 | 27 -0.04399 -3.42332e+01
 28 -0.14303 -2.66593e+01 | 29 -0.13567 -7.09726e+00 | 30 -0.10589  2.56092e+00
 31 -0.01455  1.97623e+01 | 32  0.13389  3.39204e+01 | 33 -0.03386  9.51912e-01
 34 -0.02987  1.58262e+00 | 35 -0.02977  5.31427e-01 | 36  0.06925 -1.15329e-01
 37 -0.47216 -5.88344e-01 |
37 variables; iteration 60; function evaluation 80; phase 2
Function value -6.7951216e+01; maximum gradient component mag 2.5228e+03
Var    Value     Gradient |Var    Value     Gradient |Var    Value     Gradient
  1  0.05906  2.52276e+03 |  2  0.01958  2.08307e+01 |  3 -0.00216  1.71290e+01
  4  0.01107  2.13389e+01 |  5 -0.03916  7.75181e+00 |  6 -0.01373  1.36302e+01
  7 -0.04366  7.78367e+00 |  8 -0.05496  1.06452e+01 |  9 -0.08018  5.44159e+00
 10 -0.07824  1.40798e+00 | 11 -0.06615  4.69534e-01 | 12 -0.06372 -2.25550e+00
 13 -0.07614 -1.41156e+01 | 14 -0.12031 -1.85028e+01 | 15 -0.16460 -6.65281e+00
 16 -0.09578 -3.54830e+00 | 17 -0.06015  4.27357e-01 | 18 -0.09836  3.87927e+01
 19 -0.11974  5.18807e+01 | 20  0.00119  1.83766e+02 | 21 -0.01960  1.49823e+02
 22 -0.08416  9.89393e+01 | 23 -0.16072  3.48668e+01 | 24  0.01530  1.73764e+02
 25 -0.14128  2.57664e+01 | 26 -0.23480 -5.81076e+00 | 27 -0.02576  1.75642e+02
 28 -0.16849  3.03988e+01 | 29 -0.10976  7.29834e+01 | 30 -0.11819  3.82098e+01
 31 -0.05259  2.34243e+01 | 32  0.04413  5.66843e+00 | 33 -0.06466  5.30283e-01
 34 -0.05819  1.98412e+00 | 35 -0.05750 -2.26566e-01 | 36  0.28175 -1.64116e+00
 37 -0.95552 -5.03754e-01 |
Maximum number of function evaluations exceeded

 - final statistics:
37 variables; iteration 77; function evaluation 100
Function value -7.2968e+01; maximum gradient component mag 3.6894e+02
Exit code = 3;  converg criter 1.0000e+01
Var    Value     Gradient |Var    Value     Gradient |Var    Value     Gradient
  1  0.06397  3.68944e+02 |  2 -0.01169  8.52547e+00 |  3 -0.00465  1.18942e+01
  4 -0.04217  4.15862e+00 |  5 -0.02664  7.48429e+00 |  6 -0.03431  4.92418e+00
  7 -0.04458  5.21403e+00 |  8 -0.08733  1.44853e+00 |  9 -0.10774  8.99648e-01
 10 -0.09122  3.24558e+00 | 11 -0.06389  9.06026e+00 | 12 -0.07198  8.39879e+00
 13 -0.07541  8.64632e+00 | 14 -0.11824  1.00121e+01 | 15 -0.18721  1.54879e+01
 16 -0.13546  1.31366e+01 | 17 -0.05792  6.22576e+00 | 18 -0.12298 -1.04663e-01
 19 -0.10537 -1.35069e+01 | 20 -0.03949 -3.73242e+01 | 21 -0.01730 -4.08697e+01
 22 -0.06809 -2.25794e+01 | 23 -0.20228 -2.35892e+01 | 24 -0.00944  4.09168e+01
 25 -0.09856  1.49820e+01 | 26 -0.18011  7.84972e+00 | 27 -0.07092  2.76653e+01
 28 -0.11959  1.30751e+01 | 29 -0.12681  2.01655e+01 | 30 -0.12339  1.65132e+01
 31 -0.08999  1.33887e+01 | 32  0.01152  1.17629e+01 | 33 -0.09358 -4.20323e-01
 34 -0.09223 -7.44600e-01 | 35 -0.07773 -4.14804e-01 | 36  0.75058 -2.92670e-01
 37 -1.14956  8.02787e-01 |

Initial statistics: 42 variables; iteration 0; function evaluation 0; phase 3
Function value -7.2968111e+01; maximum gradient component mag 3.6894e+02
Var    Value     Gradient |Var    Value     Gradient |Var    Value     Gradient
  1  0.06397  3.68944e+02 |  2 -0.01504 -3.16112e+01 |  3 -0.01169  8.52547e+00
  4 -0.00465  1.18942e+01 |  5 -0.04217  4.15862e+00 |  6 -0.02664  7.48429e+00
  7 -0.03431  4.92418e+00 |  8 -0.04458  5.21403e+00 |  9 -0.08733  1.44853e+00
 10 -0.10774  8.99648e-01 | 11 -0.09122  3.24558e+00 | 12 -0.06389  9.06026e+00
 13 -0.07198  8.39879e+00 | 14 -0.07541  8.64632e+00 | 15 -0.11824  1.00121e+01
 16 -0.18721  1.54879e+01 | 17 -0.13546  1.31366e+01 | 18 -0.05792  6.22576e+00
 19 -0.12298 -1.04663e-01 | 20 -0.10537 -1.35069e+01 | 21 -0.03949 -3.73242e+01
 22 -0.01730 -4.08697e+01 | 23 -0.06809 -2.25794e+01 | 24 -0.20228 -2.35892e+01
 25 -0.00944  4.09168e+01 | 26 -0.09856  1.49820e+01 | 27 -0.18011  7.84972e+00
 28 -0.07092  2.76653e+01 | 29 -0.11959  1.30751e+01 | 30 -0.12681  2.01655e+01
 31 -0.12339  1.65132e+01 | 32 -0.08999  1.33887e+01 | 33  0.01152  1.17629e+01
 34 -0.09358 -4.20323e-01 | 35 -0.09223 -7.44600e-01 | 36 -0.07773 -4.14804e-01
 37  0.75058 -2.92670e-01 | 38 -0.85044 -8.02787e-01 | 39 -0.28936  1.35934e+02
 40 -0.05151 -1.68500e+02 | 41 -0.12939 -1.60285e+01 | 42  0.10991  7.16542e+01

Intermediate statistics: 42 variables; iteration 20; function evaluation 26; phase 3
Function value -7.6072302e+01; maximum gradient component mag 1.6207e+04
Var    Value     Gradient |Var    Value     Gradient |Var    Value     Gradient
  1  0.06756  1.62066e+04 |  2  0.00400  4.51112e+02 |  3 -0.03800  3.19653e+02
  4 -0.03194  3.23772e+02 |  5 -0.05033  2.68658e+02 |  6 -0.04233  2.82566e+02
  7 -0.04306  2.75183e+02 |  8 -0.05549  2.43173e+02 |  9 -0.09037  1.80484e+02
 10 -0.11055  1.52021e+02 | 11 -0.10203  1.59745e+02 | 12 -0.09099  1.69922e+02
 13 -0.08947  1.71769e+02 | 14 -0.07700  2.20196e+02 | 15 -0.12504  2.23557e+02
 16 -0.20143  1.84224e+02 | 17 -0.14009  3.37460e+02 | 18 -0.06345  6.15496e+02
 19 -0.13562  3.02563e+02 | 20 -0.10949  2.78691e+02 | 21 -0.04349  3.05071e+02
 22 -0.03657  2.02410e+02 | 23 -0.06944  1.49635e+02 | 24 -0.17687  8.95968e+01
 25 -0.03035  4.34873e+02 | 26 -0.08690  2.88044e+02 | 27 -0.18058  1.21860e+02
 28 -0.07860  1.55233e+02 | 29 -0.13168  2.00255e+01 | 30 -0.12809 -1.87637e+01
 31 -0.13437 -2.59413e+01 | 32 -0.09422 -1.39315e+01 | 33 -0.01101 -4.25131e+00
 34 -0.09849  2.45518e-01 | 35 -0.09767  2.77804e-01 | 36 -0.08393  2.15394e-01
 37  0.75051 -9.58318e+00 | 38 -0.89254 -1.24389e+01 | 39 -0.26612  1.07361e+03
 40 -0.01834 -1.08670e+03 | 41 -0.14484  5.29013e+02 | 42  0.08492 -6.42801e+02
42 variables; iteration 40; function evaluation 49; phase 3
Function value -7.7551585e+01; maximum gradient component mag 1.6555e+04
Var    Value     Gradient |Var    Value     Gradient |Var    Value     Gradient
  1  0.06556  1.65551e+04 |  2  0.02044  5.02946e+02 |  3 -0.04563  2.88583e+02
  4 -0.04628  2.75013e+02 |  5 -0.05095  2.54793e+02 |  6 -0.03791  2.77359e+02
  7 -0.03286  2.81679e+02 |  8 -0.04199  2.55708e+02 |  9 -0.07476  1.95457e+02
 10 -0.09530  1.65838e+02 | 11 -0.09819  1.57556e+02 | 12 -0.08930  1.67116e+02
 13 -0.09299  1.60375e+02 | 14 -0.07624  1.96455e+02 | 15 -0.12412  1.81670e+02
 16 -0.19822  1.42464e+02 | 17 -0.13769  2.68554e+02 | 18 -0.05675  5.44872e+02
 19 -0.13541  2.70679e+02 | 20 -0.11090  2.73496e+02 | 21 -0.03670  4.18702e+02
 22 -0.03139  3.93141e+02 | 23 -0.07309  2.83916e+02 | 24 -0.16649  1.41432e+02
 25 -0.02417  4.80111e+02 | 26 -0.09432  2.51104e+02 | 27 -0.17785  1.04360e+02
 28 -0.07751  1.37041e+02 | 29 -0.12420  4.34147e+01 | 30 -0.13501  1.01135e+01
 31 -0.12442 -7.61720e-01 | 32 -0.08817 -1.73408e+01 | 33 -0.00661 -1.77675e+01
 34 -0.09070  4.19737e-01 | 35 -0.09818 -1.16627e+00 | 36 -0.08521 -1.24142e+00
 37  0.69544 -1.16769e+01 | 38 -0.97224 -3.28944e+00 | 39 -0.24841  1.06685e+03
 40 -0.00559 -1.14969e+03 | 41 -0.15524  5.95273e+02 | 42  0.07578 -7.05149e+02
42 variables; iteration 60; function evaluation 77; phase 3
Function value -8.2240306e+01; maximum gradient component mag 1.7104e+03
Var    Value     Gradient |Var    Value     Gradient |Var    Value     Gradient
  1  0.06001  1.71043e+03 |  2  0.06378  5.49603e+01 |  3 -0.10080 -1.19783e+00
  4 -0.08555  2.35730e+00 |  5 -0.03151  1.94885e+01 |  6 -0.03325  1.86343e+01
  7 -0.02346  2.25897e+01 |  8 -0.04744  1.88501e+01 |  9 -0.08134  1.55121e+01
 10 -0.09337  1.60595e+01 | 11 -0.09307  1.53403e+01 | 12 -0.11403  8.41112e+00
 13 -0.11454  8.33063e+00 | 14 -0.06540  1.80057e+01 | 15 -0.12547  5.47539e+01
 16 -0.19125  4.31003e+01 | 17 -0.11694  7.43288e+01 | 18 -0.06469  1.41494e+02
 19 -0.13017  7.42954e+01 | 20 -0.08590  5.78697e+01 | 21 -0.03486  6.19237e+01
 22 -0.03705  2.99346e+01 | 23 -0.05527  4.61107e+00 | 24 -0.14569  5.60279e+00
 25 -0.03191  4.41471e+01 | 26 -0.07353  3.89701e+01 | 27 -0.17694  1.94101e+00
 28 -0.06138 -1.28665e+01 | 29 -0.13787 -1.62274e+01 | 30 -0.10046 -3.68602e+00
 31 -0.13972  5.42970e+00 | 32 -0.05536 -1.52254e+01 | 33 -0.06764 -8.20717e+00
 34 -0.10529 -8.03578e-01 | 35 -0.10050  2.09737e-02 | 36 -0.09091 -1.48199e-01
 37  0.47015 -9.06365e-01 | 38 -1.25251  1.00532e+00 | 39 -0.16751  6.10269e+01
 40  0.03794 -5.51495e+01 | 41 -0.18089  4.84148e+01 | 42  0.01589 -1.29902e+01
42 variables; iteration 80; function evaluation 101; phase 3
Function value -8.5172150e+01; maximum gradient component mag -6.8632e+02
Var    Value     Gradient |Var    Value     Gradient |Var    Value     Gradient
  1  0.05322 -6.86318e+02 |  2  0.05040 -4.80187e+01 |  3 -0.06372 -2.46705e+01
  4 -0.06305 -2.47977e+01 |  5 -0.04152 -2.24546e+01 |  6 -0.03215 -2.06939e+01
  7  0.00018 -1.87781e+01 |  8 -0.01723 -1.21516e+01 |  9 -0.05007 -4.37284e+00
 10 -0.10533 -1.20049e+01 | 11 -0.11016 -1.40907e+01 | 12 -0.10700 -1.07892e+01
 13 -0.09410 -3.92501e+00 | 14 -0.06165  1.47432e+01 | 15 -0.15010  2.30584e+01
 16 -0.16122  1.75340e+01 | 17 -0.09415 -1.99133e-01 | 18 -0.07015  2.25468e+01
 19 -0.12578  6.33542e+00 | 20 -0.06348 -1.75580e+01 | 21 -0.03101 -4.29774e+00
 22 -0.03211  2.29499e+00 | 23 -0.06432 -2.26483e+01 | 24 -0.12366 -1.28508e+01
 25 -0.02043  1.32701e+01 | 26 -0.09734  1.07359e+01 | 27 -0.13751 -6.26506e+00
 28 -0.06083 -3.26544e+01 | 29 -0.13316 -1.74835e+01 | 30 -0.09475 -3.36574e+01
 31 -0.12266 -1.59961e+01 | 32 -0.04419 -6.07588e-01 | 33 -0.05890  8.26867e+00
 34 -0.09419  1.43292e-01 | 35 -0.09153 -2.40780e-01 | 36 -0.08186 -1.97536e-01
 37  0.61060  6.94557e-01 | 38 -0.94567  1.34645e-01 | 39 -0.12564 -3.36658e+01
 40  0.05171  9.30640e+01 | 41 -0.16750 -3.56966e+01 | 42 -0.01693  6.66193e+01
42 variables; iteration 100; function evaluation 122; phase 3
Function value -8.6330593e+01; maximum gradient component mag 2.5955e+03
Var    Value     Gradient |Var    Value     Gradient |Var    Value     Gradient
  1  0.05108  2.59552e+03 |  2  0.04535  7.30976e+01 |  3 -0.07064  2.24657e+01
  4 -0.04087  3.49579e+01 |  5 -0.02105  4.47860e+01 |  6 -0.01249  4.88255e+01
  7 -0.00078  5.55195e+01 |  8 -0.02792  4.70635e+01 |  9 -0.06990  3.58164e+01
 10 -0.09568  2.68734e+01 | 11 -0.09522  2.70982e+01 | 12 -0.09839  2.87200e+01
 13 -0.09065  2.83310e+01 | 14 -0.06249  3.86559e+01 | 15 -0.15736  2.33295e+01
 16 -0.15356  2.74063e+01 | 17 -0.08474  4.70371e+01 | 18 -0.07373  5.82877e+01
 19 -0.12450  3.48505e+01 | 20 -0.05467  5.61549e+01 | 21 -0.03020  6.43471e+01
 22 -0.03285  6.46206e+01 | 23 -0.06655  4.42514e+01 | 24 -0.11491  2.66374e+01
 25 -0.01773  5.89376e+01 | 26 -0.10958  3.06634e+01 | 27 -0.12430  2.62711e+01
 28 -0.06096  3.51507e+01 | 29 -0.13510  2.08986e+01 | 30 -0.09058  1.54149e+01
 31 -0.11923  1.52307e+00 | 32 -0.03275 -6.94646e+00 | 33 -0.12101 -7.61418e+00
 34 -0.09214 -1.87428e-01 | 35 -0.08956 -1.40201e-01 | 36 -0.08214 -1.37042e-02
 37  0.68399 -1.83790e+00 | 38 -0.96828 -1.93102e-01 | 39 -0.12136  1.39642e+02
 40  0.05219 -2.21396e+02 | 41 -0.17188  1.58988e+02 | 42 -0.03681 -1.32000e+02
42 variables; iteration 120; function evaluation 145; phase 3
Function value -8.7221284e+01; maximum gradient component mag -7.8572e+02
Var    Value     Gradient |Var    Value     Gradient |Var    Value     Gradient
  1  0.05201 -7.85718e+02 |  2  0.03307 -4.27700e+01 |  3 -0.07632 -2.27474e+01
  4 -0.01685 -1.89485e+01 |  5  0.03706 -2.00064e+01 |  6 -0.01099 -1.82448e+01
  7 -0.03919 -1.93522e+01 |  8 -0.05713 -1.72569e+01 |  9 -0.06936 -1.11276e+01
 10 -0.08072 -9.19258e+00 | 11 -0.08453 -1.03449e+01 | 12 -0.08796 -6.88630e+00
 13 -0.09819 -8.15796e+00 | 14 -0.06485 -8.78677e+00 | 15 -0.14314  1.02884e-01
 16 -0.16145 -4.30124e-01 | 17 -0.08472 -9.91351e-01 | 18 -0.07043  7.83476e-01
 19 -0.12258 -1.76612e+00 | 20 -0.05819 -6.21487e+00 | 21 -0.02764 -1.52790e+01
 22 -0.03360 -2.05395e+01 | 23 -0.06614 -1.83884e+01 | 24 -0.11113 -8.44436e+00
 25 -0.02041 -1.80518e+01 | 26 -0.10109 -2.54473e+00 | 27 -0.13431 -3.36377e+00
 28 -0.05898 -7.04042e+00 | 29 -0.13615  4.03598e-01 | 30 -0.09494  2.98499e-01
 31 -0.11632  3.21142e+00 | 32 -0.03311  4.97675e+00 | 33 -0.08264  1.86551e+00
 34 -0.08841  8.12657e-02 | 35 -0.08525  2.99262e-03 | 36 -0.07726 -3.35365e-02
 37  0.51766  1.30031e+00 | 38 -1.13252 -3.96831e-01 | 39 -0.15868 -5.61048e+01
 40  0.03597  1.12367e+02 | 41 -0.21167 -4.37830e+01 | 42 -0.06509  5.04653e+01
42 variables; iteration 140; function evaluation 165; phase 3
Function value -8.7516336e+01; maximum gradient component mag 3.3995e+02
Var    Value     Gradient |Var    Value     Gradient |Var    Value     Gradient
  1  0.04803  3.39948e+02 |  2  0.03266 -2.21898e+01 |  3 -0.02650 -5.07407e+00
  4  0.02449  9.73177e-01 |  5  0.04014  2.26843e+00 |  6 -0.00605 -3.18502e+00
  7 -0.05651 -1.10543e+01 |  8 -0.06134 -9.12243e+00 |  9 -0.05753 -5.90814e-01
 10 -0.05964  3.76918e+00 | 11 -0.06716  1.67512e+00 | 12 -0.08509  9.99821e-01
 13 -0.08761  2.79004e+00 | 14 -0.05996  2.37780e+00 | 15 -0.12775  3.34352e+00
 16 -0.15645 -1.31704e+00 | 17 -0.07369  3.25007e+00 | 18 -0.06078  3.67666e+00
 19 -0.11360  4.35632e+00 | 20 -0.05000  1.05393e+01 | 21 -0.01739  1.70273e+01
 22 -0.02602  1.79134e+01 | 23 -0.05749  1.60666e+01 | 24 -0.10436  1.39713e+01
 25 -0.00868  3.99683e+01 | 26 -0.09888  1.97129e+01 | 27 -0.12532  1.95656e+01
 28 -0.04950  3.70351e+01 | 29 -0.13123  1.76084e+01 | 30 -0.08757  1.76622e+01
 31 -0.10809  6.31365e+00 | 32 -0.01955  2.19277e+00 | 33 -0.08292 -5.90975e-01
 34 -0.08216 -3.61373e-02 | 35 -0.07918 -3.70408e-02 | 36 -0.07188 -2.27422e-02
 37  0.22215  9.65399e-01 | 38 -1.04189 -7.87303e-02 | 39 -0.17844  7.46097e+00
 40  0.02390  7.19826e+00 | 41 -0.22509  2.39853e+01 | 42 -0.07627  7.93771e-01
42 variables; iteration 160; function evaluation 185; phase 3
Function value -8.7726894e+01; maximum gradient component mag 2.4248e+02
Var    Value     Gradient |Var    Value     Gradient |Var    Value     Gradient
  1  0.04875  2.42482e+02 |  2  0.02736 -2.00000e+01 |  3 -0.00137  1.34889e+00
  4  0.01393  2.80328e+00 |  5  0.02342  3.76571e+00 |  6  0.00661  7.07036e-01
  7 -0.05305 -9.09103e+00 |  8 -0.05099 -5.88675e+00 |  9 -0.06975 -3.14934e+00
 10 -0.06415  3.07451e+00 | 11 -0.06181  3.88869e+00 | 12 -0.07907  3.31640e+00
 13 -0.09366  4.39855e-01 | 14 -0.05771 -6.52757e+00 | 15 -0.12617 -7.56562e+00
 16 -0.15560 -6.05181e+00 | 17 -0.07668 -1.07084e+01 | 18 -0.05823 -8.09155e+00
 19 -0.11427  2.52022e-01 | 20 -0.05241  7.40632e+00 | 21 -0.01676  2.14842e+01
 22 -0.02507  2.81790e+01 | 23 -0.05583  2.54318e+01 | 24 -0.10585  1.63087e+01
 25 -0.00865  2.74915e+01 | 26 -0.09548  1.12139e+01 | 27 -0.12892  1.18498e+01
 28 -0.04879  2.18438e+01 | 29 -0.13041  1.09329e+01 | 30 -0.08833  1.23190e+01
 31 -0.10955  3.87411e+00 | 32 -0.01918  2.28317e-01 | 33 -0.07568  5.05082e-01
 34 -0.08196 -1.51456e-02 | 35 -0.07922 -9.77085e-02 | 36 -0.07136  4.79402e-03
 37  0.05914  7.44189e-01 | 38 -1.02824 -4.15138e-02 | 39 -0.19296  8.53130e+00
 40  0.01963  4.39987e-01 | 41 -0.22952  1.71509e+01 | 42 -0.07096  1.17606e+01
42 variables; iteration 180; function evaluation 205; phase 3
Function value -8.8156589e+01; maximum gradient component mag -1.1494e+02
Var    Value     Gradient |Var    Value     Gradient |Var    Value     Gradient
  1  0.04523 -1.14942e+02 |  2  0.04564 -1.56886e+01 |  3 -0.00233 -1.37688e+00
  4  0.02320  5.80987e-01 |  5 -0.00055 -2.32869e+00 |  6  0.02012 -6.59720e-01
  7 -0.03588 -8.16370e+00 |  8 -0.03331 -4.38378e+00 |  9 -0.05816 -2.45709e+00
 10 -0.06029  1.62038e+00 | 11 -0.05305  4.11761e+00 | 12 -0.07269  3.18370e+00
 13 -0.08630  2.09410e+00 | 14 -0.05191  2.98486e-01 | 15 -0.11631 -4.59198e+00
 16 -0.14794 -7.34472e+00 | 17 -0.06778 -1.29208e+01 | 18 -0.05155 -1.97574e+01
 19 -0.10602 -7.56452e+00 | 20 -0.04483 -6.23915e+00 | 21 -0.00915 -4.74369e+00
 22 -0.01831  4.62428e-01 | 23 -0.04857  5.03088e+00 | 24 -0.09603  4.35347e+00
 25 -0.00242  5.21573e+00 | 26 -0.08634  5.97767e+00 | 27 -0.12335  4.21348e+00
 28 -0.04094  1.25520e+01 | 29 -0.12411  7.08845e+00 | 30 -0.08142  9.00841e+00
 31 -0.09989  3.06741e+00 | 32 -0.01050 -6.91135e-01 | 33 -0.07041  1.13836e+00
 34 -0.07747  2.47016e-02 | 35 -0.07479 -2.50016e-02 | 36 -0.06781  6.87788e-03
 37 -0.24779 -5.59911e-01 | 38 -1.19759  1.23019e-01 | 39 -0.19144 -4.20488e+00
 40  0.02611  2.86699e+01 | 41 -0.23727 -2.22124e+00 | 42 -0.08407  2.15210e+01
42 variables; iteration 200; function evaluation 225; phase 3
Function value -8.8227864e+01; maximum gradient component mag -4.7106e+02
Var    Value     Gradient |Var    Value     Gradient |Var    Value     Gradient
  1  0.04580 -4.71060e+02 |  2  0.04105 -2.38413e+01 |  3 -0.00145 -7.40540e+00
  4  0.02753 -7.49273e+00 |  5 -0.00262 -9.69712e+00 |  6 -0.00062 -1.07603e+01
  7 -0.02347 -1.31931e+01 |  8 -0.02588 -1.05393e+01 |  9 -0.04893 -7.32615e+00
 10 -0.05957 -5.50577e+00 | 11 -0.05844 -5.46951e+00 | 12 -0.07350 -4.84167e+00
 13 -0.08780 -5.16558e+00 | 14 -0.05271 -6.12232e+00 | 15 -0.11439 -4.23019e+00
 16 -0.14686 -4.42274e+00 | 17 -0.07092 -8.20341e+00 | 18 -0.04984 -9.83459e+00
 19 -0.10664 -6.18929e+00 | 20 -0.04667 -9.28420e+00 | 21 -0.00956 -1.02321e+01
 22 -0.01818 -7.49147e+00 | 23 -0.04742 -5.23456e+00 | 24 -0.09759 -2.46635e+00
 25 -0.00282 -1.33399e+00 | 26 -0.08435 -3.21053e-01 | 27 -0.12398  2.72662e-01
 28 -0.04194  4.19003e-01 | 29 -0.12213 -7.74539e-02 | 30 -0.08272 -1.40798e+00
 31 -0.10047 -1.33115e+00 | 32 -0.01063 -1.70224e+00 | 33 -0.07703 -3.41065e-01
 34 -0.07812 -1.37140e-02 | 35 -0.07536  1.22285e-03 | 36 -0.06863  1.48737e-02
 37 -0.29199  3.75105e-01 | 38 -1.17462 -2.14573e-01 | 39 -0.19654 -2.75190e+01
 40  0.02707  5.70747e+01 | 41 -0.24395 -2.65655e+01 | 42 -0.08858  3.39877e+01
42 variables; iteration 220; function evaluation 245; phase 3
Function value -8.8249859e+01; maximum gradient component mag -6.6272e+02
Var    Value     Gradient |Var    Value     Gradient |Var    Value     Gradient
  1  0.04564 -6.62721e+02 |  2  0.03971 -2.55022e+01 |  3  0.00290 -8.08468e+00
  4  0.03399 -8.74387e+00 |  5 -0.02046 -1.21493e+01 |  6  0.00154 -1.18021e+01
  7 -0.01634 -1.36044e+01 |  8 -0.02235 -1.11886e+01 |  9 -0.04995 -8.53168e+00
 10 -0.05897 -6.36791e+00 | 11 -0.05690 -6.16168e+00 | 12 -0.07171 -5.30247e+00
 13 -0.08672 -5.98464e+00 | 14 -0.05282 -9.35156e+00 | 15 -0.11262 -6.37013e+00
 16 -0.14642 -5.96259e+00 | 17 -0.07031 -1.05504e+01 | 18 -0.04898 -1.31610e+01
 19 -0.10584 -8.19886e+00 | 20 -0.04639 -1.31265e+01 | 21 -0.00878 -1.69428e+01
 22 -0.01775 -1.61416e+01 | 23 -0.04684 -1.25479e+01 | 24 -0.09684 -7.70842e+00
 25 -0.00221 -1.46723e+01 | 26 -0.08387 -7.43542e+00 | 27 -0.12369 -4.08155e+00
 28 -0.04140 -6.52668e+00 | 29 -0.12177 -2.63553e+00 | 30 -0.08256 -2.72449e+00
 31 -0.09996 -8.80737e-01 | 32 -0.00969 -2.48189e-01 | 33 -0.07478  1.14276e-01
 34 -0.07739  1.10865e-03 | 35 -0.07464  1.01758e-02 | 36 -0.06800  8.21087e-03
 37 -0.28880  6.25582e-01 | 38 -1.13643 -2.33633e-01 | 39 -0.19924 -3.67324e+01
 40  0.02559  6.69685e+01 | 41 -0.24681 -3.99592e+01 | 42 -0.09095  4.15617e+01
42 variables; iteration 240; function evaluation 266; phase 3
Function value -8.8325945e+01; maximum gradient component mag -6.0811e+02
Var    Value     Gradient |Var    Value     Gradient |Var    Value     Gradient
  1  0.04517 -6.08111e+02 |  2  0.04560 -2.59202e+01 |  3 -0.01203 -9.74875e+00
  4  0.05991 -8.62714e+00 |  5 -0.03502 -1.33807e+01 |  6 -0.02132 -1.33994e+01
  7 -0.00038 -1.27757e+01 |  8 -0.02323 -1.17452e+01 |  9 -0.04552 -8.36558e+00
 10 -0.05911 -7.36074e+00 | 11 -0.05913 -7.86430e+00 | 12 -0.07094 -6.37854e+00
 13 -0.08529 -6.83723e+00 | 14 -0.05274 -1.03446e+01 | 15 -0.11290 -5.17778e+00
 16 -0.14526 -2.67431e+00 | 17 -0.06862 -5.76003e+00 | 18 -0.04915 -9.79247e+00
 19 -0.10451 -5.13718e+00 | 20 -0.04534 -1.01785e+01 | 21 -0.00803 -1.03796e+01
 22 -0.01740 -9.86207e+00 | 23 -0.04749 -9.68096e+00 | 24 -0.09581 -6.52833e+00
 25 -0.00111 -1.34802e+01 | 26 -0.08550 -9.40526e+00 | 27 -0.12269 -6.78793e+00
 28 -0.04065 -7.77400e+00 | 29 -0.12230 -1.91006e+00 | 30 -0.08185 -4.80726e-01
 31 -0.09932  1.84088e-01 | 32 -0.00873  4.37733e-01 | 33 -0.07507 -1.80106e-01
 34 -0.07661 -1.36881e-02 | 35 -0.07418 -6.49666e-02 | 36 -0.06757 -5.53470e-02
 37 -0.26139  8.89874e-01 | 38 -1.19808 -4.02973e-01 | 39 -0.20443 -3.34754e+01
 40  0.01796  5.50221e+01 | 41 -0.24542 -3.59170e+01 | 42 -0.09122  3.86298e+01
42 variables; iteration 260; function evaluation 288; phase 3
Function value -8.8451333e+01; maximum gradient component mag -5.1271e+02
Var    Value     Gradient |Var    Value     Gradient |Var    Value     Gradient
  1  0.04485 -5.12711e+02 |  2  0.04465 -2.97584e+01 |  3  0.01062 -9.69706e+00
  4  0.02559 -1.01462e+01 |  5 -0.02198 -1.32275e+01 |  6 -0.00435 -1.33398e+01
  7 -0.00438 -1.40837e+01 |  8 -0.01812 -1.20641e+01 |  9 -0.04543 -8.88164e+00
 10 -0.06102 -8.11759e+00 | 11 -0.05882 -8.45425e+00 | 12 -0.07065 -7.15357e+00
 13 -0.08261 -6.36374e+00 | 14 -0.05103 -8.05258e+00 | 15 -0.11295 -4.42680e+00
 16 -0.14469 -1.83165e+00 | 17 -0.06764 -2.43388e+00 | 18 -0.04881 -4.43619e+00
 19 -0.10546 -2.19905e+00 | 20 -0.04342 -2.27063e+00 | 21 -0.00775 -4.35246e+00
 22 -0.01652 -4.60242e+00 | 23 -0.04702 -4.51376e+00 | 24 -0.09522 -1.67471e+00
 25 -0.00025 -4.48435e+00 | 26 -0.08571 -4.29037e+00 | 27 -0.12015 -1.39309e+00
 28 -0.04005 -4.36638e+00 | 29 -0.12099 -2.17470e+00 | 30 -0.08015 -2.34253e+00
 31 -0.09785 -7.31818e-01 | 32 -0.00845 -1.78146e-01 | 33 -0.07503 -4.05650e-02
 34 -0.07650 -6.41398e-04 | 35 -0.07386  7.10594e-03 | 36 -0.06734  6.01123e-03
 37 -0.41092  1.02046e+00 | 38 -1.39442 -9.01018e-01 | 39 -0.21797 -3.62664e+01
 40  0.01056  5.35546e+01 | 41 -0.23940 -2.56175e+01 | 42 -0.08618  3.39771e+01
42 variables; iteration 280; function evaluation 308; phase 3
Function value -8.8459415e+01; maximum gradient component mag -7.0836e+02
Var    Value     Gradient |Var    Value     Gradient |Var    Value     Gradient
  1  0.04466 -7.08364e+02 |  2  0.04993 -2.61946e+01 |  3  0.00874 -7.50572e+00
  4  0.02250 -7.43297e+00 |  5 -0.02051 -1.10850e+01 |  6 -0.00614 -1.09593e+01
  7 -0.00780 -1.15431e+01 |  8 -0.01477 -8.72728e+00 |  9 -0.04640 -6.20268e+00
 10 -0.06162 -5.33256e+00 | 11 -0.05937 -5.21190e+00 | 12 -0.07190 -4.13005e+00
 13 -0.08300 -4.15173e+00 | 14 -0.05035 -7.93257e+00 | 15 -0.11435 -6.55410e+00
 16 -0.14490 -5.19907e+00 | 17 -0.06724 -1.09616e+01 | 18 -0.04957 -1.62106e+01
 19 -0.10529 -9.58665e+00 | 20 -0.04304 -1.47350e+01 | 21 -0.00798 -2.02775e+01
 22 -0.01646 -1.80830e+01 | 23 -0.04720 -1.46723e+01 | 24 -0.09525 -8.38563e+00
 25 -0.00029 -1.85978e+01 | 26 -0.08597 -1.12958e+01 | 27 -0.11957 -6.28903e+00
 28 -0.04008 -1.15373e+01 | 29 -0.12082 -4.92339e+00 | 30 -0.07958 -5.32982e+00
 31 -0.09788 -2.95621e+00 | 32 -0.00904 -2.43300e+00 | 33 -0.07594 -2.87822e-01
 34 -0.07702 -7.38330e-03 | 35 -0.07440 -5.02706e-03 | 36 -0.06787 -6.70736e-03
 37 -0.43822  6.04990e-01 | 38 -1.44498 -6.59814e-01 | 39 -0.21666 -4.26374e+01
 40  0.01012  6.08075e+01 | 41 -0.23573 -3.39929e+01 | 42 -0.08326  4.00366e+01
42 variables; iteration 300; function evaluation 328; phase 3
Function value -8.8478220e+01; maximum gradient component mag -8.6292e+02
Var    Value     Gradient |Var    Value     Gradient |Var    Value     Gradient
  1  0.04473 -8.62925e+02 |  2  0.05380 -3.12591e+01 |  3  0.02292 -1.07704e+01
  4  0.00538 -1.24054e+01 |  5 -0.02755 -1.52721e+01 |  6 -0.00891 -1.56193e+01
  7 -0.00232 -1.61253e+01 |  8 -0.01602 -1.36394e+01 |  9 -0.04641 -1.01772e+01
 10 -0.06277 -9.40540e+00 | 11 -0.06132 -9.86942e+00 | 12 -0.07412 -8.77370e+00
 13 -0.08336 -8.12452e+00 | 14 -0.05049 -1.17507e+01 | 15 -0.11582 -7.05594e+00
 16 -0.14567 -4.82994e+00 | 17 -0.06772 -8.28195e+00 | 18 -0.05041 -1.26750e+01
 19 -0.10577 -8.39592e+00 | 20 -0.04325 -1.27712e+01 | 21 -0.00870 -1.90335e+01
 22 -0.01700 -1.98498e+01 | 23 -0.04766 -1.66733e+01 | 24 -0.09556 -9.78160e+00
 25 -0.00125 -2.31536e+01 | 26 -0.08561 -1.35090e+01 | 27 -0.11998 -8.34285e+00
 28 -0.04060 -1.52402e+01 | 29 -0.12102 -7.31455e+00 | 30 -0.07968 -6.94165e+00
 31 -0.09854 -2.47580e+00 | 32 -0.01038 -5.99237e-01 | 33 -0.07699 -2.16175e-01
 34 -0.07776  8.77736e-03 | 35 -0.07513  1.47083e-02 | 36 -0.06853  1.38611e-02
 37 -0.39701  1.29653e+00 | 38 -1.43305 -1.15247e+00 | 39 -0.21507 -5.11376e+01
 40  0.00928  7.00345e+01 | 41 -0.23332 -4.72986e+01 | 42 -0.08121  4.77632e+01
42 variables; iteration 320; function evaluation 351; phase 3
Function value -8.9073472e+01; maximum gradient component mag -1.5189e+03
Var    Value     Gradient |Var    Value     Gradient |Var    Value     Gradient
  1  0.04418 -1.51893e+03 |  2  0.09812 -1.27246e+01 |  3 -0.04339 -1.03000e+01
  4 -0.04396 -9.48844e+00 |  5 -0.02614 -7.77134e+00 |  6  0.06251 -1.40308e+00
  7 -0.02585 -9.13649e+00 |  8 -0.03329 -7.11263e+00 |  9 -0.05115 -4.08074e+00
 10 -0.05954 -2.59350e+00 | 11 -0.05412 -1.69151e+00 | 12 -0.06986 -1.00564e+00
 13 -0.08417 -2.53690e+00 | 14 -0.05255 -1.04119e+01 | 15 -0.11099 -1.04474e+01
 16 -0.14287 -1.05587e+01 | 17 -0.06695 -2.28491e+01 | 18 -0.04768 -3.28450e+01
 19 -0.10212 -2.50864e+01 | 20 -0.04258 -4.24028e+01 | 21 -0.00745 -6.12951e+01
 22 -0.01645 -6.42452e+01 | 23 -0.04678 -5.47651e+01 | 24 -0.09214 -3.93884e+01
 25 -0.00096 -8.42864e+01 | 26 -0.08348 -4.61787e+01 | 27 -0.11927 -3.15805e+01
 28 -0.04048 -5.47095e+01 | 29 -0.11972 -2.56327e+01 | 30 -0.08143 -2.51246e+01
 31 -0.09694 -1.03338e+01 | 32 -0.00906 -4.10231e+00 | 33 -0.07239 -1.06109e-01
 34 -0.07533  1.69584e-02 | 35 -0.07282  4.12101e-02 | 36 -0.06639  3.19688e-02
 37 -0.26828  4.58629e-01 | 38 -1.31728 -3.46267e-01 | 39 -0.21862 -7.37767e+01
 40 -0.00126  8.47343e+01 | 41 -0.25257 -8.20537e+01 | 42 -0.10411  5.92480e+01
42 variables; iteration 340; function evaluation 375; phase 3
Function value -8.9487048e+01; maximum gradient component mag -7.4404e+02
Var    Value     Gradient |Var    Value     Gradient |Var    Value     Gradient
  1  0.04179 -7.44036e+02 |  2  0.11648 -1.49335e+01 |  3 -0.04198 -1.26082e+01
  4 -0.04310 -1.18821e+01 |  5 -0.00762 -8.82335e+00 |  6 -0.02461 -1.22198e+01
  7  0.03351 -7.95827e+00 |  8 -0.00966 -7.58364e+00 |  9 -0.03820 -5.13853e+00
 10 -0.04951 -3.99508e+00 | 11 -0.04166 -3.12564e+00 | 12 -0.06124 -3.14824e+00
 13 -0.07874 -4.04411e+00 | 14 -0.04821 -7.18746e+00 | 15 -0.10116 -4.94110e+00
 16 -0.13512 -2.41173e+00 | 17 -0.05908 -1.44854e+00 | 18 -0.04031 -5.73191e+00
 19 -0.09683 -5.22788e+00 | 20 -0.03575 -6.95021e+00 | 21 -0.00062 -1.54045e+01
 22 -0.01097 -1.93054e+01 | 23 -0.04193 -1.78146e+01 | 24 -0.08459 -1.45183e+01
 25  0.00612 -3.55080e+01 | 26 -0.08040 -1.91458e+01 | 27 -0.11429 -1.56942e+01
 28 -0.03366 -2.77206e+01 | 29 -0.11692 -1.22658e+01 | 30 -0.07659 -1.14922e+01
 31 -0.08979 -3.32659e+00 | 32  0.00101  1.15982e+00 | 33 -0.06607  3.49235e-01
 34 -0.06935  1.98989e-02 | 35 -0.06712  2.87394e-02 | 36 -0.06121  5.44588e-02
 37 -0.32737  1.05628e+00 | 38 -1.11508 -2.78378e-01 | 39 -0.23372 -5.29483e+01
 40 -0.01026  5.91968e+01 | 41 -0.26289 -3.58026e+01 | 42 -0.11898  3.11559e+01
42 variables; iteration 360; function evaluation 396; phase 3
Function value -8.9631250e+01; maximum gradient component mag -6.7999e+02
Var    Value     Gradient |Var    Value     Gradient |Var    Value     Gradient
  1  0.04254 -6.79989e+02 |  2  0.10819 -6.24502e+00 |  3 -0.03067 -7.26460e+00
  4 -0.03404 -6.82381e+00 |  5 -0.00925 -4.01131e+00 |  6 -0.00895 -5.15678e+00
  7  0.02153 -1.23253e+00 |  8 -0.01153 -1.75580e+00 |  9 -0.04072 -3.31265e-01
 10 -0.05240  7.14729e-01 | 11 -0.04881  1.40939e+00 | 12 -0.06727  1.00417e+00
 13 -0.08168  2.21198e-01 | 14 -0.04891 -9.99541e-01 | 15 -0.10472 -2.97754e+00
 16 -0.13757 -4.69368e+00 | 17 -0.06220 -1.19571e+01 | 18 -0.04326 -1.81158e+01
 19 -0.09819 -1.27051e+01 | 20 -0.03820 -1.98698e+01 | 21 -0.00305 -2.85745e+01
 22 -0.01259 -2.74827e+01 | 23 -0.04305 -2.14838e+01 | 24 -0.08703 -1.52542e+01
 25  0.00333 -3.49009e+01 | 26 -0.08032 -1.78904e+01 | 27 -0.11525 -1.15203e+01
 28 -0.03609 -2.04347e+01 | 29 -0.11657 -8.96830e+00 | 30 -0.07744 -8.07354e+00
 31 -0.09159 -4.03869e+00 | 32 -0.00325 -3.02750e+00 | 33 -0.07014 -2.46707e-01
 34 -0.07185  4.61826e-03 | 35 -0.06957  2.17988e-02 | 36 -0.06366  4.18844e-03
 37 -0.29864  3.59603e-01 | 38 -0.98458  1.51868e-02 | 39 -0.23485 -4.57157e+01
 40 -0.01025  5.09801e+01 | 41 -0.25718 -2.66828e+01 | 42 -0.11248  2.82283e+01
42 variables; iteration 380; function evaluation 417; phase 3
Function value -8.9726597e+01; maximum gradient component mag -3.1519e+02
Var    Value     Gradient |Var    Value     Gradient |Var    Value     Gradient
  1  0.04220 -3.15192e+02 |  2  0.10955 -1.80205e+01 |  3 -0.03088 -1.15704e+01
  4 -0.03637 -1.15404e+01 |  5 -0.01145 -1.02348e+01 |  6  0.00562 -1.09406e+01
  7  0.01348 -1.13996e+01 |  8 -0.01138 -1.04664e+01 |  9 -0.03807 -8.10275e+00
 10 -0.04900 -7.29525e+00 | 11 -0.04470 -8.12268e+00 | 12 -0.06490 -8.39969e+00
 13 -0.07989 -7.80060e+00 | 14 -0.04857 -7.41577e+00 | 15 -0.10244 -3.00101e+00
 16 -0.13532 -1.58128e-01 | 17 -0.06052  1.79259e+00 | 18 -0.04183  1.41038e+00
 19 -0.09671  2.22941e+00 | 20 -0.03704  4.57397e+00 | 21 -0.00159  4.03004e+00
 22 -0.01164  1.95835e+00 | 23 -0.04254  1.44981e+00 | 24 -0.08494  2.38135e+00
 25  0.00470  7.26321e-01 | 26 -0.08015  2.01480e-01 | 27 -0.11425  8.02973e-01
 28 -0.03479  5.14788e-01 | 29 -0.11637  7.88368e-02 | 30 -0.07684  4.59757e-01
 31 -0.08990  4.37119e-01 | 32 -0.00092  1.49640e-01 | 33 -0.06874 -7.77040e-02
 34 -0.07019 -6.45346e-03 | 35 -0.06804 -4.87609e-03 | 36 -0.06227 -1.03048e-02
 37 -0.39777  8.79325e-01 | 38 -0.73877  5.49506e-01 | 39 -0.23960 -3.17013e+01
 40 -0.01318  3.40730e+01 | 41 -0.26152 -1.03266e+01 | 42 -0.11928  1.72421e+01
42 variables; iteration 400; function evaluation 438; phase 3
Function value -8.9748938e+01; maximum gradient component mag -4.0719e+02
Var    Value     Gradient |Var    Value     Gradient |Var    Value     Gradient
  1  0.04240 -4.07192e+02 |  2  0.10999 -1.27466e+01 |  3 -0.03091 -9.41427e+00
  4 -0.03523 -9.19917e+00 |  5 -0.01018 -7.21698e+00 |  6  0.00281 -7.55348e+00
  7  0.01175 -7.22901e+00 |  8 -0.01079 -6.36006e+00 |  9 -0.03854 -4.38903e+00
 10 -0.04974 -3.46747e+00 | 11 -0.04592 -3.64518e+00 | 12 -0.06592 -4.08843e+00
 13 -0.08046 -3.84627e+00 | 14 -0.04903 -4.17324e+00 | 15 -0.10320 -3.50743e+00
 16 -0.13607 -2.30696e+00 | 17 -0.06124 -4.19861e+00 | 18 -0.04235 -7.28891e+00
 19 -0.09715 -4.31049e+00 | 20 -0.03766 -5.83798e+00 | 21 -0.00225 -8.94442e+00
 22 -0.01208 -9.12684e+00 | 23 -0.04293 -6.84118e+00 | 24 -0.08563 -3.23342e+00
 25  0.00408 -9.41911e+00 | 26 -0.08026 -4.98389e+00 | 27 -0.11483 -2.67244e+00
 28 -0.03539 -5.13329e+00 | 29 -0.11669 -2.60636e+00 | 30 -0.07735 -2.18049e+00
 31 -0.09077 -1.23748e+00 | 32 -0.00181 -7.97950e-01 | 33 -0.06888 -9.97747e-02
 34 -0.07067 -2.60503e-03 | 35 -0.06850 -1.72847e-03 | 36 -0.06265 -3.05008e-03
 37 -0.54176  2.40624e-01 | 38 -0.53779  3.74253e-01 | 39 -0.23810 -3.06366e+01
 40 -0.01299  3.25621e+01 | 41 -0.26172 -1.40100e+01 | 42 -0.11883  1.92737e+01
42 variables; iteration 420; function evaluation 460; phase 3
Function value -9.0046945e+01; maximum gradient component mag -2.0755e+02
Var    Value     Gradient |Var    Value     Gradient |Var    Value     Gradient
  1  0.04417 -2.07546e+02 |  2  0.10457 -3.18815e+01 |  3 -0.02753 -1.61801e+01
  4 -0.03426 -1.69076e+01 |  5 -0.00636 -1.82088e+01 |  6 -0.00286 -2.18454e+01
  7  0.00983 -2.49097e+01 |  8 -0.01984 -2.37996e+01 |  9 -0.03790 -2.12080e+01
 10 -0.05031 -2.21450e+01 | 11 -0.04783 -2.65433e+01 | 12 -0.07007 -2.66379e+01
 13 -0.08290 -2.15914e+01 | 14 -0.05328 -1.10460e+01 | 15 -0.10665  8.48542e-01
 16 -0.13722  1.03970e+01 | 17 -0.06380  2.54947e+01 | 18 -0.04545  2.81407e+01
 19 -0.09931  2.05205e+01 | 20 -0.04102  3.06201e+01 | 21 -0.00553  3.78003e+01
 22 -0.01518  3.29566e+01 | 23 -0.04763  1.87455e+01 | 24 -0.08740  1.16235e+01
 25  0.00082  1.13672e+01 | 26 -0.08469  2.35702e+00 | 27 -0.11930 -4.56095e-01
 28 -0.03843  4.64717e+00 | 29 -0.12214  3.47274e+00 | 30 -0.08140  7.76182e+00
 31 -0.09445  4.19544e+00 | 32 -0.00376  3.64018e+00 | 33 -0.07087 -4.06510e-01
 34 -0.07032  6.71322e-02 | 35 -0.06842 -7.57540e-03 | 36 -0.06273 -6.58961e-02
 37 -1.38792 -1.73934e+00 | 38 -0.36315  2.96934e+00 | 39 -0.23411 -3.01179e+01
 40 -0.01220  3.25915e+01 | 41 -0.26943 -2.43432e+01 | 42 -0.12957  2.12083e+01
42 variables; iteration 440; function evaluation 482; phase 3
Function value -9.0766991e+01; maximum gradient component mag -4.6855e+02
Var    Value     Gradient |Var    Value     Gradient |Var    Value     Gradient
  1  0.04550 -4.68551e+02 |  2  0.09989 -3.31507e+00 |  3 -0.02129 -2.90446e+00
  4 -0.02431 -2.91323e+00 |  5 -0.01265 -2.43173e+00 |  6  0.00171 -1.99144e+00
  7  0.00085 -2.56603e+00 |  8 -0.01101 -1.26867e+00 |  9 -0.04206 -1.57687e+00
 10 -0.05129 -1.24788e+00 | 11 -0.04632 -1.09418e+00 | 12 -0.06505 -1.26764e+00
 13 -0.08133 -2.49037e+00 | 14 -0.05976 -7.18071e+00 | 15 -0.10342 -4.70131e+00
 16 -0.13619 -1.66525e+00 | 17 -0.06368 -2.04446e-01 | 18 -0.04503 -3.61513e+00
 19 -0.10018 -4.78441e+00 | 20 -0.04180 -9.39890e+00 | 21 -0.00692 -1.80742e+01
 22 -0.01806 -2.07263e+01 | 23 -0.04938 -1.78904e+01 | 24 -0.08686 -1.13760e+01
 25  0.00048 -2.39614e+01 | 26 -0.09019 -1.47563e+01 | 27 -0.11792 -1.20605e+01
 28 -0.04077 -2.06504e+01 | 29 -0.12698 -1.14366e+01 | 30 -0.08571 -1.14700e+01
 31 -0.09547 -3.09992e+00 | 32 -0.00286  1.84291e+00 | 33 -0.06400  3.89907e-01
 34 -0.06720  4.08709e-02 | 35 -0.06512  3.35330e-02 | 36 -0.05935  4.81081e-02
 37 -1.78254 -6.25558e-01 | 38 -1.30323 -4.10561e-01 | 39 -0.23053 -3.30533e+01
 40 -0.01056  3.15596e+01 | 41 -0.30326 -2.04084e+01 | 42 -0.18732  1.36419e+01
42 variables; iteration 460; function evaluation 504; phase 3
Function value -9.0975947e+01; maximum gradient component mag -1.2430e+02
Var    Value     Gradient |Var    Value     Gradient |Var    Value     Gradient
  1  0.04585 -1.24296e+02 |  2  0.10193 -5.13580e+00 |  3 -0.02666 -4.45149e+00
  4 -0.02955 -4.54406e+00 |  5 -0.01119 -3.19191e+00 |  6  0.00016 -3.42731e+00
  7  0.00483 -3.39596e+00 |  8 -0.01177 -2.86453e+00 |  9 -0.03939 -2.71416e+00
 10 -0.04792 -3.02514e+00 | 11 -0.04183 -3.95838e+00 | 12 -0.06080 -4.71792e+00
 13 -0.08150 -3.98294e+00 | 14 -0.06021  3.86172e-01 | 15 -0.10084 -1.83511e+00
 16 -0.13341 -2.56864e+00 | 17 -0.06169 -4.86745e+00 | 18 -0.04312 -5.86051e+00
 19 -0.09911 -3.50361e+00 | 20 -0.04128 -3.89504e+00 | 21 -0.00589  2.37557e+00
 22 -0.01822  8.05679e+00 | 23 -0.04995  6.35894e+00 | 24 -0.08506  4.13627e+00
 25  0.00203  6.05928e+00 | 26 -0.09370  1.56531e+00 | 27 -0.11679  2.35553e-01
 28 -0.04049  1.65152e+00 | 29 -0.12993  1.14384e-02 | 30 -0.08739 -2.59109e+00
 31 -0.09541 -2.61503e+00 | 32  0.00064 -1.80479e+00 | 33 -0.06068 -1.24281e-01
 34 -0.06382 -3.56966e-03 | 35 -0.06192 -1.51954e-02 | 36 -0.05653  2.84799e-03
 37 -1.06755 -7.25263e-02 | 38 -1.87600 -8.18488e-01 | 39 -0.22622 -7.75767e+00
 40 -0.00951  1.03271e+01 | 41 -0.31760 -1.42711e+00 | 42 -0.21763  5.53872e+00
42 variables; iteration 480; function evaluation 525; phase 3
Function value -9.1169661e+01; maximum gradient component mag -1.9618e+02
Var    Value     Gradient |Var    Value     Gradient |Var    Value     Gradient
  1  0.04666 -1.96182e+02 |  2  0.09866 -3.83805e+00 |  3 -0.02281 -2.56841e+00
  4 -0.02485 -2.57640e+00 |  5 -0.01253 -2.07834e+00 |  6 -0.00153 -2.18120e+00
  7  0.00234 -2.13602e+00 |  8 -0.01573 -2.05858e+00 |  9 -0.04085 -1.71471e+00
 10 -0.04836 -1.74111e+00 | 11 -0.04278 -2.32740e+00 | 12 -0.06037 -2.53683e+00
 13 -0.07945 -2.43435e+00 | 14 -0.06345 -3.09338e+00 | 15 -0.10041 -2.37655e+00
 16 -0.13365 -1.06750e+00 | 17 -0.06218 -1.88767e+00 | 18 -0.04372 -3.86769e+00
 19 -0.10003 -2.41805e+00 | 20 -0.04205 -3.50240e+00 | 21 -0.00690 -6.13739e+00
 22 -0.01997 -7.01707e+00 | 23 -0.05137 -6.74218e+00 | 24 -0.08565 -5.47924e+00
 25  0.00135 -1.26364e+01 | 26 -0.09691 -7.08668e+00 | 27 -0.11666 -3.79034e+00
 28 -0.04215 -3.97774e+00 | 29 -0.13204 -2.48353e-01 | 30 -0.08949  7.66568e-01
 31 -0.09641  1.96670e+00 | 32  0.00048  2.52438e+00 | 33 -0.05951  1.65272e-01
 34 -0.06302 -5.96237e-04 | 35 -0.06113 -1.29553e-02 | 36 -0.05579  9.88622e-03
 37 -0.05133  6.31873e-01 | 38 -1.18643 -2.43941e-01 | 39 -0.22318 -1.15930e+01
 40 -0.00787  1.08871e+01 | 41 -0.32404 -7.69509e+00 | 42 -0.23291  6.72959e+00
42 variables; iteration 500; function evaluation 549; phase 3
Function value -9.1473478e+01; maximum gradient component mag -3.0660e+02
Var    Value     Gradient |Var    Value     Gradient |Var    Value     Gradient
  1  0.04775 -3.06600e+02 |  2  0.09876  1.47352e+00 |  3 -0.02473 -5.46142e-01
  4 -0.02592 -4.93763e-01 |  5 -0.01302  5.53364e-01 |  6 -0.00208  1.09328e+00
  7  0.00107  1.66124e+00 |  8 -0.01630  1.84605e+00 |  9 -0.04044  1.99923e+00
 10 -0.04646  2.28635e+00 | 11 -0.03889  2.59605e+00 | 12 -0.05614  2.07194e+00
 13 -0.07877  2.35288e+00 | 14 -0.06566  5.68351e+00 | 15 -0.09709  3.58381e+00
 16 -0.13074  2.68085e+00 | 17 -0.06097  3.02945e+00 | 18 -0.04172 -1.02024e+00
 19 -0.09893 -3.03611e+00 | 20 -0.04258 -8.85410e+00 | 21 -0.00681 -1.70022e+01
 22 -0.02102 -2.03932e+01 | 23 -0.05256 -1.82310e+01 | 24 -0.08332 -1.26737e+01
 25  0.00160 -2.82524e+01 | 26 -0.09884 -1.40418e+01 | 27 -0.11681 -1.15983e+01
 28 -0.04247 -2.12082e+01 | 29 -0.13683 -1.06966e+01 | 30 -0.09257 -9.73954e+00
 31 -0.09760 -2.79556e+00 | 32  0.00304  6.46024e-01 | 33 -0.05520 -3.74302e-03
 34 -0.05914  3.89658e-02 | 35 -0.05743  3.94920e-02 | 36 -0.05268  2.97135e-02
 37 -0.82541  1.80988e-01 | 38  0.00154  7.74768e-01 | 39 -0.21670 -1.60962e+01
 40 -0.00488  1.51877e+01 | 41 -0.34606 -3.22952e+01 | 42 -0.29722  1.11047e+01
42 variables; iteration 520; function evaluation 573; phase 3
Function value -9.1932234e+01; maximum gradient component mag -1.6548e+02
Var    Value     Gradient |Var    Value     Gradient |Var    Value     Gradient
  1  0.04747 -1.65485e+02 |  2  0.10184  3.87602e+00 |  3 -0.02165  1.25350e+00
  4 -0.02236  1.53629e+00 |  5 -0.01048  2.78553e+00 |  6 -0.00007  3.78852e+00
  7  0.00286  4.87642e+00 |  8 -0.01515  4.95820e+00 |  9 -0.03703  5.40026e+00
 10 -0.04150  6.39566e+00 | 11 -0.03358  8.17001e+00 | 12 -0.05005  8.40064e+00
 13 -0.07331  7.50937e+00 | 14 -0.06601  5.37077e+00 | 15 -0.08982  1.21738e+00
 16 -0.12498 -5.99537e-01 | 17 -0.05607 -4.23843e+00 | 18 -0.03651 -8.78445e+00
 19 -0.09546 -6.19834e+00 | 20 -0.03925 -9.76941e+00 | 21 -0.00335 -1.34966e+01
 22 -0.01934 -1.17353e+01 | 23 -0.04979 -8.44018e+00 | 24 -0.07926 -6.81637e+00
 25  0.00617 -1.46978e+01 | 26 -0.10025 -8.52672e+00 | 27 -0.11285 -8.74984e+00
 28 -0.03966 -1.93375e+01 | 29 -0.13864 -1.16351e+01 | 30 -0.09282 -1.35484e+01
 31 -0.09497 -7.12780e+00 | 32  0.00944 -5.35906e+00 | 33 -0.04928 -4.08924e-01
 34 -0.05416 -1.67401e-02 | 35 -0.05263  1.77687e-02 | 36 -0.04851  2.35175e-02
 37 -2.09938 -2.54766e-01 | 38 -0.97468  1.71346e-02 | 39 -0.20791 -4.57476e+00
 40 -0.00028  2.32423e+00 | 41 -0.36095 -2.60418e+00 | 42 -0.36314  3.11276e+00
42 variables; iteration 540; function evaluation 598; phase 3
Function value -9.2110709e+01; maximum gradient component mag -5.5169e+01
Var    Value     Gradient |Var    Value     Gradient |Var    Value     Gradient
  1  0.05072 -5.51688e+01 |  2  0.09814  7.44944e+00 |  3 -0.03053  2.68450e+00
  4 -0.02896  3.18415e+00 |  5 -0.01529  5.19566e+00 |  6 -0.00490  6.97237e+00
  7 -0.00235  8.86670e+00 |  8 -0.01989  9.27292e+00 |  9 -0.04049  9.67592e+00
 10 -0.04261  1.13861e+01 | 11 -0.03418  1.47474e+01 | 12 -0.04947  1.53023e+01
 13 -0.07479  1.36937e+01 | 14 -0.07338  9.56439e+00 | 15 -0.08915  1.20991e-01
 16 -0.12406 -4.50139e+00 | 17 -0.05627 -1.25901e+01 | 18 -0.03710 -1.69409e+01
 19 -0.09814 -1.13242e+01 | 20 -0.04183 -1.71449e+01 | 21 -0.00667 -2.05040e+01
 22 -0.02540 -1.62087e+01 | 23 -0.05601 -1.25905e+01 | 24 -0.07838 -8.99971e+00
 25  0.00320 -1.51442e+01 | 26 -0.11143 -6.41785e+00 | 27 -0.11352 -4.18419e+00
 28 -0.04514 -5.20258e+00 | 29 -0.14899 -2.29397e+00 | 30 -0.10165 -3.94756e+00
 31 -0.09850 -6.12189e+00 | 32  0.01009 -7.41992e+00 | 33 -0.04447 -4.94077e-01
 34 -0.04993 -3.02592e-02 | 35 -0.04879 -4.76874e-02 | 36 -0.04517 -3.77190e-02
 37 -2.65494 -5.85568e-02 | 38 -1.87677 -1.49756e-01 | 39 -0.18019  7.86826e+00
 40  0.00769 -1.13395e+01 | 41 -0.37644  3.64350e+01 | 42 -0.48832 -1.30934e+00
42 variables; iteration 560; function evaluation 623; phase 3
Function value -9.2923020e+01; maximum gradient component mag 1.5465e+01
Var    Value     Gradient |Var    Value     Gradient |Var    Value     Gradient
  1  0.05277 -2.70836e+00 |  2  0.09984 -3.58265e+00 |  3 -0.02849 -1.39517e+00
  4 -0.02380 -1.36282e+00 |  5 -0.01339 -1.62183e+00 |  6 -0.00418 -2.08452e+00
  7 -0.00115 -2.27205e+00 |  8 -0.01499 -2.59525e+00 |  9 -0.02837 -2.58682e+00
 10 -0.02129 -2.68232e+00 | 11 -0.00784 -3.25286e+00 | 12 -0.02980 -3.78270e+00
 13 -0.06431 -4.08718e+00 | 14 -0.06509 -5.71795e+00 | 15 -0.05940 -2.45897e+00
 16 -0.10242 -1.54732e+00 | 17 -0.03433  4.25782e-01 | 18 -0.01713  6.01908e+00
 19 -0.08546  7.81626e+00 | 20 -0.02473  1.41193e+01 | 21  0.01099  1.28065e+01
 22 -0.01620  6.04345e+00 | 23 -0.04566  4.31360e+00 | 24 -0.05627  3.41356e+00
 25  0.02054  4.84065e+00 | 26 -0.11173  2.00580e+00 | 27 -0.09613 -6.47965e-01
 28 -0.02998 -7.99498e+00 | 29 -0.14756 -6.79722e+00 | 30 -0.09388 -6.94207e+00
 31 -0.07951 -4.36275e+00 | 32  0.03920 -3.09533e+00 | 33 -0.02791 -8.16272e-02
 34 -0.03426  4.89589e-02 | 35 -0.03376  4.43566e-02 | 36 -0.03228  1.42625e-02
 37 -2.48322  7.05958e-02 | 38 -1.96013  1.02719e-01 | 39 -0.17279  3.63890e+00
 40  0.01366 -7.66272e+00 | 41 -0.38784  1.54646e+01 | 42 -0.72418  3.64196e-01
42 variables; iteration 580; function evaluation 643; phase 3
Function value -9.2984381e+01; maximum gradient component mag 3.1719e+01
Var    Value     Gradient |Var    Value     Gradient |Var    Value     Gradient
  1  0.05452  8.70474e+00 |  2  0.09801 -1.74259e+00 |  3 -0.02938 -5.56180e-01
  4 -0.02466 -6.16486e-01 |  5 -0.01406 -7.84151e-01 |  6 -0.00432 -1.05049e+00
  7 -0.00180 -1.27580e+00 |  8 -0.01290 -1.31565e+00 |  9 -0.02490 -1.29636e+00
 10 -0.01830 -1.49815e+00 | 11 -0.00603 -1.85947e+00 | 12 -0.02661 -1.78709e+00
 13 -0.06374 -1.83296e+00 | 14 -0.06320 -1.92499e+00 | 15 -0.05498  2.29170e-01
 16 -0.09772  1.04616e+00 | 17 -0.03103  2.90016e+00 | 18 -0.01365  4.88225e+00
 19 -0.08409  2.74509e+00 | 20 -0.02298  2.08044e+00 | 21  0.01401  1.53572e+00
 22 -0.01512 -4.47715e-01 | 23 -0.04442  3.20344e-01 | 24 -0.05238  9.56241e-01
 25  0.02335  1.38502e+00 | 26 -0.11360  2.39687e-01 | 27 -0.09294  1.37813e+00
 28 -0.02795  5.71914e+00 | 29 -0.14353  2.35400e+00 | 30 -0.09382 -8.02535e-01
 31 -0.07591 -2.98845e+00 | 32  0.04434 -2.97864e+00 | 33 -0.02635 -2.61034e-01
 34 -0.03215 -7.60568e-04 | 35 -0.03185 -2.97881e-02 | 36 -0.03052 -3.13747e-02
 37 -2.34948  4.06802e-02 | 38 -2.24391  3.88423e-02 | 39 -0.17360  1.90583e+00
 40  0.01396 -2.85375e+00 | 41 -0.38978  3.17190e+01 | 42 -0.86934  1.61229e-02
42 variables; iteration 600; function evaluation 664; phase 3
Function value -9.3017659e+01; maximum gradient component mag 4.1474e-01
Var    Value     Gradient |Var    Value     Gradient |Var    Value     Gradient
  1  0.05272  1.29709e-01 |  2  0.10215 -1.15867e-02 |  3 -0.02656  3.07281e-03
  4 -0.02282  4.45380e-03 |  5 -0.01229 -1.51828e-03 |  6 -0.00208 -2.43068e-03
  7  0.00035 -4.85192e-03 |  8 -0.01206 -5.06664e-03 |  9 -0.02603 -3.55022e-03
 10 -0.02137  3.11911e-03 | 11 -0.01022  1.01388e-02 | 12 -0.02925  1.27284e-02
 13 -0.06425  2.25276e-02 | 14 -0.06381  4.41392e-02 | 15 -0.05997  3.18961e-02
 16 -0.10095  3.08901e-02 | 17 -0.03438  4.87066e-02 | 18 -0.01645  3.19862e-02
 19 -0.08553  2.78390e-02 | 20 -0.02497  5.24474e-02 | 21  0.01106  9.56194e-02
 22 -0.01529  8.96567e-02 | 23 -0.04525 -4.79161e-03 | 24 -0.05632 -5.20130e-02
 25  0.02113 -1.57094e-01 | 26 -0.11167 -7.17081e-02 | 27 -0.09542 -5.29218e-02
 28 -0.02999 -1.25324e-01 | 29 -0.14447 -7.89039e-02 | 30 -0.09399 -6.92565e-02
 31 -0.07891  7.79827e-03 | 32  0.03922  3.15448e-02 | 33 -0.02806  3.87423e-03
 34 -0.03433  3.42711e-04 | 35 -0.03383  1.66702e-04 | 36 -0.03225  4.75979e-04
 37 -2.14301  8.63547e-03 | 38 -2.22351 -3.12174e-03 | 39 -0.17533  8.04113e-02
 40  0.01225 -1.54168e-01 | 41 -0.39019  4.14736e-01 | 42 -0.96196  9.75618e-03
42 variables; iteration 620; function evaluation 685; phase 3
Function value -9.3023495e+01; maximum gradient component mag -3.2106e+00
Var    Value     Gradient |Var    Value     Gradient |Var    Value     Gradient
  1  0.05262 -8.01608e-03 |  2  0.10218 -5.79567e-02 |  3 -0.02627 -1.15881e-02
  4 -0.02255 -8.17751e-03 |  5 -0.01216 -4.25585e-02 |  6 -0.00200 -6.20398e-02
  7  0.00039 -8.07408e-02 |  8 -0.01204 -8.77596e-02 |  9 -0.02609 -1.05654e-01
 10 -0.02143 -1.21280e-01 | 11 -0.01018 -1.45294e-01 | 12 -0.02920 -1.74703e-01
 13 -0.06417 -1.65064e-01 | 14 -0.06380 -1.04647e-01 | 15 -0.05997  1.04605e-01
 16 -0.10106  1.23380e-01 | 17 -0.03435  5.83558e-01 | 18 -0.01642  6.88531e-01
 19 -0.08556  3.34026e-01 | 20 -0.02486  5.48340e-01 | 21  0.01097  2.26677e-01
 22 -0.01515  3.41041e-01 | 23 -0.04519  7.81987e-02 | 24 -0.05641 -2.25090e-01
 25  0.02119 -8.33576e-01 | 26 -0.11174 -5.55582e-01 | 27 -0.09529 -4.48729e-01
 28 -0.03006 -6.91373e-01 | 29 -0.14432  1.05249e-01 | 30 -0.09383  4.65930e-01
 31 -0.07903  7.07530e-02 | 32  0.03915 -9.01397e-02 | 33 -0.02816 -1.55514e-02
 34 -0.03439  1.35601e-04 | 35 -0.03388  3.55961e-03 | 36 -0.03230  6.60517e-04
 37 -2.83375  4.71398e-03 | 38 -1.79977  5.57463e-03 | 39 -0.17509  2.17952e-01
 40  0.01247 -2.90905e-01 | 41 -0.39019 -3.21058e+00 | 42 -0.96466  7.57076e-03

 - final statistics:
42 variables; iteration 638; function evaluation 704
Function value -9.3024e+01; maximum gradient component mag 4.0380e-05
Exit code = 1;  converg criter 1.0000e-04
Var    Value     Gradient |Var    Value     Gradient |Var    Value     Gradient
  1  0.05259 -1.47817e-05 |  2  0.10222  1.81688e-06 |  3 -0.02626  3.02605e-07
  4 -0.02262  5.69088e-07 |  5 -0.01211  1.08265e-06 |  6 -0.00191  1.76232e-06
  7  0.00051  3.13828e-06 |  8 -0.01196  2.60049e-06 |  9 -0.02602  4.07624e-06
 10 -0.02146  6.44489e-06 | 11 -0.01033  6.76913e-06 | 12 -0.02927  8.43174e-06
 13 -0.06418  8.45697e-06 | 14 -0.06378 -1.66998e-06 | 15 -0.06011 -7.89636e-06
 16 -0.10105 -1.24458e-05 | 17 -0.03447 -5.26789e-06 | 18 -0.01649  1.08778e-05
 19 -0.08551 -5.11155e-06 | 20 -0.02501 -2.14608e-05 | 21  0.01102 -1.42306e-05
 22 -0.01525 -2.37138e-05 | 23 -0.04518 -1.75173e-05 | 24 -0.05645  5.65756e-07
 25  0.02111  7.12381e-06 | 26 -0.11146  4.79316e-06 | 27 -0.09550  7.24647e-08
 28 -0.02999 -5.96231e-06 | 29 -0.14437 -6.92051e-06 | 30 -0.09393  1.69517e-05
 31 -0.07901  2.62055e-05 | 32  0.03905  1.00411e-05 | 33 -0.02817 -9.14729e-07
 34 -0.03444 -1.38833e-08 | 35 -0.03394  3.82030e-08 | 36 -0.03234  1.29232e-07
 37 -2.99693 -6.22772e-09 | 38 -1.77743 -8.67024e-08 | 39 -0.17536 -7.84097e-06
 40  0.01233  9.37781e-06 | 41 -0.39019  4.03802e-05 | 42 -0.96526 -9.81030e-08
Warning: the following parameters had issues
  init_F[1] is within 0.1% of upper bound: 0.00000e+00 < 9.99994e+00 < 1.00000e+01
  selparm[9] is within 0.1% of lower bound: -4.00000e+00 < -3.98809e+00 < 1.20000e+01


 - final statistics:
48 variables; iteration 0; function evaluation 0
Function value -9.3024e+01; maximum gradient component mag 4.0380e-05
Exit code = 0;  converg criter 1.0000e-04
Var    Value     Gradient |Var    Value     Gradient |Var    Value     Gradient
  1  0.05259 -1.47817e-05 |  2  0.10222  1.81688e-06 |  3 -0.02626  3.02606e-07
  4 -0.02262  5.69089e-07 |  5 -0.01211  1.08265e-06 |  6 -0.00191  1.76233e-06
  7  0.00051  3.13829e-06 |  8 -0.01196  2.60049e-06 |  9 -0.02602  4.07624e-06
 10 -0.02146  6.44489e-06 | 11 -0.01033  6.76913e-06 | 12 -0.02927  8.43175e-06
 13 -0.06418  8.45698e-06 | 14 -0.06378 -1.66997e-06 | 15 -0.06011 -7.89636e-06
 16 -0.10105 -1.24458e-05 | 17 -0.03447 -5.26790e-06 | 18 -0.01649  1.08778e-05
 19 -0.08551 -5.11155e-06 | 20 -0.02501 -2.14608e-05 | 21  0.01102 -1.42306e-05
 22 -0.01525 -2.37138e-05 | 23 -0.04518 -1.75173e-05 | 24 -0.05645  5.65757e-07
 25  0.02111  7.12381e-06 | 26 -0.11146  4.79316e-06 | 27 -0.09550  7.24646e-08
 28 -0.02999 -5.96231e-06 | 29 -0.14437 -6.92051e-06 | 30 -0.09393  1.69517e-05
 31 -0.07901  2.62055e-05 | 32  0.03905  1.00411e-05 | 33 -0.02817 -9.14729e-07
 34 -0.03444 -1.38833e-08 | 35 -0.03394  3.82030e-08 | 36 -0.03234  1.29232e-07
 37  0.00000 -3.13775e-13 | 38  0.00000 -8.60958e-17 | 39  0.00000 -1.63752e-19
 40  0.00000  0.00000e+00 | 41  0.00000  0.00000e+00 | 42  0.00000  0.00000e+00
 43  0.99693  6.22772e-09 | 44 -0.22257  8.67023e-08 | 45 -0.17536 -7.84096e-06
 46  0.01233  9.37780e-06 | 47 -0.39019  4.03805e-05 | 48 -0.96526 -9.81034e-08
Estimating row 1 out of 48 for hessian
Estimating row 2 out of 48 for hessian
Estimating row 3 out of 48 for hessian
Estimating row 4 out of 48 for hessian
Estimating row 5 out of 48 for hessian
Estimating row 6 out of 48 for hessian
Estimating row 7 out of 48 for hessian
Estimating row 8 out of 48 for hessian
Estimating row 9 out of 48 for hessian
Estimating row 10 out of 48 for hessian
Estimating row 11 out of 48 for hessian
Estimating row 12 out of 48 for hessian
Estimating row 13 out of 48 for hessian
Estimating row 14 out of 48 for hessian
Estimating row 15 out of 48 for hessian
Estimating row 16 out of 48 for hessian
Estimating row 17 out of 48 for hessian
Estimating row 18 out of 48 for hessian
Estimating row 19 out of 48 for hessian
Estimating row 20 out of 48 for hessian
Estimating row 21 out of 48 for hessian
Estimating row 22 out of 48 for hessian
Estimating row 23 out of 48 for hessian
Estimating row 24 out of 48 for hessian
Estimating row 25 out of 48 for hessian
Estimating row 26 out of 48 for hessian
Estimating row 27 out of 48 for hessian
Estimating row 28 out of 48 for hessian
Estimating row 29 out of 48 for hessian
Estimating row 30 out of 48 for hessian
Estimating row 31 out of 48 for hessian
Estimating row 32 out of 48 for hessian
Estimating row 33 out of 48 for hessian
Estimating row 34 out of 48 for hessian
Estimating row 35 out of 48 for hessian
Estimating row 36 out of 48 for hessian
Estimating row 37 out of 48 for hessian
Estimating row 38 out of 48 for hessian
Estimating row 39 out of 48 for hessian
Estimating row 40 out of 48 for hessian
Estimating row 41 out of 48 for hessian
Estimating row 42 out of 48 for hessian
Estimating row 43 out of 48 for hessian
Estimating row 44 out of 48 for hessian
Estimating row 45 out of 48 for hessian
Estimating row 46 out of 48 for hessian
Estimating row 47 out of 48 for hessian
Estimating row 48 out of 48 for hessian
size of file gradfil1.tmp = 0
size of file gradfil2.tmp = 0
size of file varssave.tmp = 0
size of file cmpdiff.tmp = 0
