
Initial statistics: 3 variables; iteration 0; function evaluation 0; phase 1
Function value 1.3183205e+06; maximum gradient component mag -2.2867e+05
Var    Value     Gradient |Var    Value     Gradient |Var    Value     Gradient
  1 -0.15378 -2.28666e+05 |  2 -0.98727 -3.56187e+01 |  3 -0.34094  1.26893e+03

 - final statistics:
3 variables; iteration 6; function evaluation 17
Function value -4.3330e+01; maximum gradient component mag 2.5432e+00
Exit code = 1;  converg criter 1.0000e+01
Var    Value     Gradient |Var    Value     Gradient |Var    Value     Gradient
  1  0.81514 -5.13371e-04 |  2 -0.99936  1.04963e-01 |  3 -0.98282  2.54322e+00

 - final statistics:
3 variables; iteration 0; function evaluation 0
Function value -4.3330e+01; maximum gradient component mag 2.5432e+00
Exit code = 0;  converg criter 1.0000e+01
Var    Value     Gradient |Var    Value     Gradient |Var    Value     Gradient
  1  0.81514 -5.13371e-04 |  2 -0.99936  1.04963e-01 |  3 -0.98282  2.54322e+00

Initial statistics: 9 variables; iteration 0; function evaluation 0; phase 3
Function value -4.3329843e+01; maximum gradient component mag -4.7827e+01
Var    Value     Gradient |Var    Value     Gradient |Var    Value     Gradient
  1  0.81514 -5.13371e-04 |  2 -0.99936  1.04963e-01 |  3 -0.98282  2.54322e+00
  4 -1.00000 -8.66316e-08 |  5 -1.00000 -8.66316e-08 |  6 -0.31807 -4.78265e+01
  7  0.01191  6.61963e+00 |  8 -0.16698 -6.28336e+00 |  9  0.02516  1.48345e+00

Intermediate statistics: 9 variables; iteration 20; function evaluation 29; phase 3
Function value -4.8018117e+01; maximum gradient component mag -1.3847e-02
Var    Value     Gradient |Var    Value     Gradient |Var    Value     Gradient
  1  0.81763 -6.52506e-05 |  2 -1.00002  4.92209e-03 |  3 -0.99997 -1.32756e-03
  4 -1.00005 -2.70339e-03 |  5 -1.00005 -1.20073e-03 |  6 -0.06039 -1.38470e-02
  7  0.76953  2.79694e-03 |  8 -0.03374  1.06111e-02 |  9  0.17755 -5.10792e-03
9 variables; iteration 40; function evaluation 49; phase 3
Function value -4.8018167e+01; maximum gradient component mag -2.0404e-02
Var    Value     Gradient |Var    Value     Gradient |Var    Value     Gradient
  1  0.96586 -5.50722e-06 |  2 -1.00003  1.76033e-03 |  3 -0.99999 -2.04043e-02
  4 -1.00004  2.97847e-03 |  5 -1.00010 -1.38975e-02 |  6 -0.06032  2.78021e-04
  7  0.73863  2.47565e-05 |  8 -0.03374  1.50645e-03 |  9  0.17812 -5.13407e-04
Warning: the following parameters had issues
  SR_parm[1] is within 0.1% of upper bound: 1.00000e-04 < 1.99950e+01 < 2.00000e+01
  init_F[1] is within 0.1% of lower bound: 0.00000e+00 < 6.02066e-09 < 1.00000e+01
  init_F[2] is within 0.1% of lower bound: 0.00000e+00 < 6.55347e-09 < 1.00000e+01
  Q_parm[2] is within 0.1% of lower bound: 0.00000e+00 < 5.19025e-09 < 5.00000e+00
  Q_parm[4] is within 0.1% of lower bound: 0.00000e+00 < 7.16913e-09 < 5.00000e+00


 - final statistics:
9 variables; iteration 47; function evaluation 57
Function value -4.8018e+01; maximum gradient component mag -4.3890e-05
Exit code = 1;  converg criter 1.0000e-04
Var    Value     Gradient |Var    Value     Gradient |Var    Value     Gradient
  1  1.02013 -3.37234e-08 |  2 -1.00003  8.24321e-06 |  3 -0.99997  3.75144e-05
  4 -1.00004 -4.38903e-05 |  5 -1.00005 -3.68705e-05 |  6 -0.06032  4.19625e-07
  7  0.73836  1.34716e-07 |  8 -0.03376  2.13500e-06 |  9  0.17814 -9.36311e-07
Estimating row 1 out of 9 for hessian
Estimating row 2 out of 9 for hessian
Estimating row 3 out of 9 for hessian
Estimating row 4 out of 9 for hessian
Estimating row 5 out of 9 for hessian
Estimating row 6 out of 9 for hessian
Estimating row 7 out of 9 for hessian
Estimating row 8 out of 9 for hessian
Estimating row 9 out of 9 for hessian
size of file gradfil1.tmp = 0
size of file gradfil2.tmp = 0
size of file varssave.tmp = 0
size of file cmpdiff.tmp = 0
