
Initial statistics: 41 variables; iteration 0; function evaluation 0; phase 1
Function value 1.9174329e+06; maximum gradient component mag -3.6928e+06
Var    Value     Gradient |Var    Value     Gradient |Var    Value     Gradient
  1 -0.24460 -3.69275e+06 |  2 -0.03037 -4.15410e+04 |  3 -0.04011 -2.74131e+04
  4 -0.00331 -2.95497e+04 |  5  0.04593 -4.56799e+04 |  6 -0.03770 -2.70128e+04
  7  0.01155 -3.67973e+04 |  8  0.03773 -5.06606e+04 |  9 -0.01047 -4.81457e+04
 10  0.00869 -4.71283e+04 | 11 -0.01019 -4.19683e+04 | 12 -0.04896 -2.97073e+04
 13  0.03503 -5.75173e+04 | 14 -0.02204 -5.52424e+04 | 15  0.01398 -1.34362e+05
 16  0.00073 -1.40939e+05 | 17 -0.01347 -6.10701e+04 | 18 -0.02027 -5.80773e+04
 19 -0.01091 -5.49628e+04 | 20  0.05055 -6.15476e+04 | 21 -0.04686 -2.95417e+04
 22 -0.00908 -4.12316e+04 | 23 -0.03815 -4.00360e+04 | 24  0.01418 -5.97056e+04
 25 -0.04077 -3.30914e+04 | 26  0.00884 -5.56845e+04 | 27 -0.02874 -4.58941e+04
 28 -0.02938 -4.14343e+04 | 29  0.00114 -5.54742e+04 | 30 -0.03503 -4.40560e+04
 31 -0.04021 -4.59796e+04 | 32  0.02263 -6.96522e+04 | 33  0.03730 -8.19184e+04
 34 -0.03362 -5.13792e+04 | 35 -0.02232 -5.88618e+04 | 36 -0.03933 -3.99679e+04
 37 -0.02207 -2.59672e+03 | 38 -0.01491  2.06600e+01 | 39 -0.04169  1.48778e+01
 40 -0.52870  8.32844e+03 | 41 -0.41026  5.77857e+03 |

Intermediate statistics: 41 variables; iteration 20; function evaluation 38; phase 1
Function value 5.5899110e+02; maximum gradient component mag -1.8940e+03
Var    Value     Gradient |Var    Value     Gradient |Var    Value     Gradient
  1  0.38057  3.08689e+01 |  2 -0.14210  6.49711e+01 |  3 -0.04913  1.13032e+02
  4 -0.07819  9.66383e+01 |  5 -0.81037 -4.16690e+01 |  6  0.00777  8.12017e+02
  7 -0.20524  1.43346e+02 |  8 -0.24951  7.85392e+01 |  9 -0.09162  3.41370e+02
 10 -0.02522  3.43095e+02 | 11  0.14028  3.94797e+02 | 12  0.09985  6.90564e+01
 13  0.06386  7.80503e+01 | 14 -0.05037  2.05959e+00 | 15 -0.03453 -1.49291e+01
 16  0.10520  1.09537e+00 | 17  0.04039  4.28877e+01 | 18  0.07625  1.17708e+02
 19  0.08955  1.57230e+02 | 20  0.12588  2.22777e+02 | 21  0.00400  7.49473e+01
 22 -0.04503  2.45870e+01 | 23  0.15345  6.71483e+01 | 24 -0.02990 -1.88310e+01
 25 -0.02166 -1.71838e+01 | 26 -0.17673 -3.41623e+01 | 27 -0.04335  5.70712e+01
 28  0.01365  1.78886e+02 | 29  0.16871  5.46886e+02 | 30  0.12707  2.54140e+02
 31  0.03998  9.10131e+01 | 32 -0.21132 -3.39409e+01 | 33 -0.49257 -7.52152e+01
 34 -0.10367 -1.96573e+01 | 35 -0.02645 -4.00761e+00 | 36 -0.01064  8.90377e-01
 37 -0.01266  3.84852e-01 | 38 -0.01498 -1.41748e-01 | 39 -0.00650  2.00809e+00
 40 -1.13746 -1.89399e+03 | 41 -0.95610  5.54418e+02 |
41 variables; iteration 40; function evaluation 64; phase 1
Function value 4.0070478e+02; maximum gradient component mag -5.6432e+02
Var    Value     Gradient |Var    Value     Gradient |Var    Value     Gradient
  1  0.37096  2.29038e+01 |  2 -0.23150 -2.42394e+00 |  3 -0.06468  2.19202e+01
  4 -0.04500 -6.16937e+01 |  5 -0.56224 -7.49401e+01 |  6 -0.01506  7.67545e+01
  7 -0.30516 -4.35086e+01 |  8 -0.31573 -4.14184e+01 |  9 -0.13424  6.11750e+01
 10 -0.06170  1.00733e+02 | 11  0.13750  1.76095e+02 | 12  0.12373  8.63152e+01
 13  0.01068  7.52150e+01 | 14 -0.03008  2.88405e+01 | 15 -0.00086 -1.23122e+00
 16  0.07787 -2.87775e+01 | 17  0.04834 -1.54522e+01 | 18  0.08027 -3.88140e+00
 19  0.06829 -9.42560e+00 | 20  0.09042 -7.34760e-01 | 21  0.03249  4.79581e+00
 22 -0.01173 -6.11181e+00 | 23  0.12942 -1.92548e+01 | 24 -0.02529 -2.01844e+01
 25 -0.04934 -1.14927e+01 | 26 -0.06298  1.39171e-01 | 27  0.00532  6.09476e+01
 28 -0.05640  3.36749e+01 | 29  0.12967  1.27784e+02 | 30  0.14289  2.95041e+01
 31  0.01096  2.45323e+01 | 32 -0.23375 -3.87282e+01 | 33 -0.11086  6.53847e+00
 34 -0.04433  1.48654e+01 | 35  0.04430  2.24681e+01 | 36  0.01856  8.37260e+00
 37 -0.00476  2.39215e+00 | 38 -0.01950 -1.21627e+00 | 39 -0.02003 -1.31468e+00
 40 -1.08411 -5.64324e+02 | 41 -0.98531  9.39937e+01 |
41 variables; iteration 60; function evaluation 90; phase 1
Function value 3.2613658e+02; maximum gradient component mag -5.4209e+01
Var    Value     Gradient |Var    Value     Gradient |Var    Value     Gradient
  1  0.36589  2.43776e+01 |  2 -0.22463 -9.76216e+00 |  3 -0.15901 -1.66244e+01
  4 -0.00441  8.77437e+00 |  5 -0.11380  8.95017e+00 |  6 -0.10667  5.37050e+01
  7 -0.18422  9.03492e+00 |  8 -0.18163  6.35942e+00 |  9 -0.16535  6.23842e+00
 10 -0.14769 -3.16512e+00 | 11  0.13691  4.43588e+01 | 12  0.16491  5.07216e+01
 13 -0.09207  7.41491e+00 | 14 -0.06505  1.17751e+01 | 15 -0.02814  3.04348e+00
 16  0.13235  5.12883e+00 | 17  0.05555 -2.00959e+00 | 18  0.00893 -1.34921e+01
 19  0.06582 -2.59069e+01 | 20  0.14392 -3.35599e+01 | 21 -0.04023 -1.67015e+01
 22  0.00455 -4.34854e+00 | 23  0.10644  1.68984e+01 | 24  0.03681  2.24309e+01
 25 -0.04148  7.67809e+00 | 26 -0.00269  1.57982e+01 | 27 -0.03928 -2.07045e+00
 28 -0.03640 -4.57688e+00 | 29  0.03835 -3.50243e+00 | 30  0.20707 -2.32394e+00
 31 -0.08010  5.36510e-01 | 32 -0.13403  4.07929e-01 | 33 -0.12643  1.95989e+00
 34 -0.07874  1.13400e+00 | 35 -0.02938  4.60714e-01 | 36 -0.02004 -1.22521e+00
 37 -0.01426  3.21140e-02 | 38 -0.01801 -8.54921e-01 | 39 -0.01507 -8.04964e-02
 40 -1.01100 -5.42092e+01 | 41 -1.00064 -3.07369e+00 |
Maximum number of function evaluations exceeded

 - final statistics:
41 variables; iteration 71; function evaluation 100
Function value 3.2358e+02; maximum gradient component mag 2.4711e+01
Exit code = 3;  converg criter 1.0000e+01
Var    Value     Gradient |Var    Value     Gradient |Var    Value     Gradient
  1  0.36482  2.47115e+01 |  2 -0.21784  2.16240e+00 |  3 -0.13008  6.77106e+00
  4 -0.01416  1.33160e+01 |  5 -0.09393  8.49600e+00 |  6 -0.14078  1.39941e+01
  7 -0.17217  5.58960e+00 |  8 -0.17031  5.17443e+00 |  9 -0.16713  1.62371e-01
 10 -0.12522  1.31266e+00 | 11  0.12977 -2.76695e+00 | 12  0.16862 -3.22349e+00
 13 -0.10168 -2.63904e+00 | 14 -0.07905 -3.97705e-02 | 15 -0.01357  2.97526e-01
 16  0.13593 -2.53694e+00 | 17  0.01903 -8.65026e-01 | 18  0.01954  3.77707e-01
 19  0.11742 -3.14177e+00 | 20  0.08796 -1.19007e+00 | 21  0.01905 -1.19793e+00
 22  0.02620 -6.55681e-01 | 23  0.10042 -1.14734e+00 | 24  0.02160  3.35625e-01
 25 -0.02950 -5.46514e-01 | 26 -0.01493  1.67505e+00 | 27 -0.02313 -8.72666e-01
 28 -0.02739 -1.99956e+00 | 29  0.02848 -4.27196e+00 | 30  0.20811 -8.58105e+00
 31 -0.08332 -1.89994e+00 | 32 -0.13241  2.68983e-01 | 33 -0.12837  3.87049e-01
 34 -0.08054 -4.02264e-02 | 35 -0.02966  2.16643e-01 | 36 -0.01345  4.05403e-01
 37 -0.01420  4.57952e-02 | 38 -0.01434  5.04112e-02 | 39 -0.01415  1.48244e-01
 40 -1.00045 -2.17894e+00 | 41 -0.99965  1.62308e+00 |

Initial statistics: 41 variables; iteration 0; function evaluation 0; phase 2
Function value 3.2358441e+02; maximum gradient component mag 2.4711e+01
Var    Value     Gradient |Var    Value     Gradient |Var    Value     Gradient
  1  0.36482  2.47115e+01 |  2 -0.21784  2.16240e+00 |  3 -0.13008  6.77106e+00
  4 -0.01416  1.33160e+01 |  5 -0.09393  8.49600e+00 |  6 -0.14078  1.39941e+01
  7 -0.17217  5.58960e+00 |  8 -0.17031  5.17443e+00 |  9 -0.16713  1.62371e-01
 10 -0.12522  1.31266e+00 | 11  0.12977 -2.76695e+00 | 12  0.16862 -3.22349e+00
 13 -0.10168 -2.63904e+00 | 14 -0.07905 -3.97705e-02 | 15 -0.01357  2.97526e-01
 16  0.13593 -2.53694e+00 | 17  0.01903 -8.65026e-01 | 18  0.01954  3.77707e-01
 19  0.11742 -3.14177e+00 | 20  0.08796 -1.19007e+00 | 21  0.01905 -1.19793e+00
 22  0.02620 -6.55681e-01 | 23  0.10042 -1.14734e+00 | 24  0.02160  3.35625e-01
 25 -0.02950 -5.46514e-01 | 26 -0.01493  1.67505e+00 | 27 -0.02313 -8.72666e-01
 28 -0.02739 -1.99956e+00 | 29  0.02848 -4.27196e+00 | 30  0.20811 -8.58105e+00
 31 -0.08332 -1.89994e+00 | 32 -0.13241  2.68983e-01 | 33 -0.12837  3.87049e-01
 34 -0.08054 -4.02264e-02 | 35 -0.02966  2.16643e-01 | 36 -0.01345  4.05403e-01
 37 -0.01420  4.57952e-02 | 38 -0.01434  5.04112e-02 | 39 -0.01415  1.48244e-01
 40 -0.99955  2.17894e+00 | 41 -0.99965  1.62308e+00 |

Intermediate statistics: 41 variables; iteration 20; function evaluation 40; phase 2
Function value 3.1180953e+02; maximum gradient component mag 3.1374e+02
Var    Value     Gradient |Var    Value     Gradient |Var    Value     Gradient
  1  0.15705  3.13738e+02 |  2 -0.24855 -3.27005e+01 |  3 -0.31006 -6.40888e+01
  4  0.03941 -1.49644e+02 |  5 -0.06604 -8.71614e+01 |  6 -0.25585 -7.12079e+01
  7 -0.10408 -1.05220e+02 |  8 -0.25302 -7.80447e+01 |  9 -0.18704 -6.19767e+01
 10 -0.15650 -3.46347e+01 | 11  0.14439 -1.38181e+01 | 12  0.15186  1.16480e+01
 13 -0.06591  1.03355e+01 | 14 -0.09573 -1.07535e+01 | 15 -0.05763 -1.74225e+01
 16  0.13761 -5.37006e+00 | 17  0.01212  1.45776e+01 | 18 -0.06443 -4.61530e-01
 19  0.16856  8.12915e+01 | 20 -0.01450  2.65863e+00 | 21  0.03949  1.17395e+01
 22  0.01360 -3.07446e+00 | 23  0.10756 -2.30169e+01 | 24 -0.01056 -2.53236e+01
 25  0.02520 -2.42081e+01 | 26 -0.14222 -4.03949e+01 | 27 -0.03138 -1.47380e+01
 28 -0.01952  1.10884e+01 | 29  0.07570  4.94413e+01 | 30  0.17880  8.83092e+01
 31 -0.03082  3.37177e+01 | 32 -0.13145  7.30469e+00 | 33 -0.12880  5.69230e+00
 34 -0.07167  7.49536e+00 | 35 -0.03558 -1.76201e-01 | 36 -0.03041 -3.64283e+00
 37 -0.01584 -2.40084e-01 | 38 -0.01616 -2.79352e-01 | 39 -0.02018 -1.21229e+00
 40 -0.99284  1.61991e+01 | 41 -0.99195  1.84348e+01 |
41 variables; iteration 40; function evaluation 64; phase 2
Function value 3.0407294e+02; maximum gradient component mag -5.5289e+02
Var    Value     Gradient |Var    Value     Gradient |Var    Value     Gradient
  1  0.10668 -1.89550e+00 |  2 -0.28331 -8.55202e+01 |  3 -0.35192 -8.82210e+01
  4  0.06860 -5.52893e+02 |  5 -0.04534 -1.76979e+02 |  6 -0.40621 -7.88464e+01
  7 -0.06660 -1.12290e+02 |  8 -0.12612 -8.28950e+01 |  9 -0.22370 -5.76431e+01
 10 -0.17454 -3.12169e+01 | 11  0.13945  5.07142e+01 | 12  0.16202  8.09258e+01
 13 -0.04810  3.75102e+01 | 14 -0.11354 -1.69772e+00 | 15 -0.12091 -1.20792e+01
 16  0.14352  1.71162e+02 | 17  0.02611  1.05950e+02 | 18 -0.07166  3.76290e+01
 19  0.17954  3.21810e+02 | 20 -0.07096  1.69567e+01 | 21  0.04169  8.08354e+01
 22  0.03227  7.53251e+01 | 23  0.09492  1.30250e+02 | 24  0.02607  8.26926e+01
 25  0.03150  1.02293e+02 | 26 -0.23959 -3.95945e+01 | 27 -0.01473  7.93269e+01
 28  0.00184  1.17634e+02 | 29  0.07077  1.91276e+02 | 30  0.17641  3.26195e+02
 31 -0.01356  8.45726e+01 | 32 -0.11871  2.65991e+01 | 33 -0.15436 -4.02264e-01
 34 -0.04852  2.28307e+01 | 35 -0.07447 -1.00767e+01 | 36 -0.06082 -1.10127e+01
 37 -0.01957 -1.08138e+00 | 38 -0.02014 -1.17449e+00 | 39 -0.03188 -3.99288e+00
 40 -0.97101  8.35451e+01 | 41 -0.99353  1.77292e+01 |
41 variables; iteration 60; function evaluation 94; phase 2
Function value 2.0333911e+02; maximum gradient component mag 2.6319e+03
Var    Value     Gradient |Var    Value     Gradient |Var    Value     Gradient
  1  0.04438  2.63189e+03 |  2 -0.05840  7.84353e+01 |  3 -0.01829  1.43185e+02
  4  0.11977  3.68693e+02 |  5 -0.33696 -5.53129e+01 |  6 -0.12973  4.72276e+01
  7  0.06620  4.57982e+02 |  8 -0.13022  4.76989e+01 |  9 -0.10131  4.64121e+01
 10 -0.10918  3.66501e+01 | 11  0.08567  1.59806e+02 | 12  0.19563  2.86782e+02
 13 -0.11270  3.16347e+01 | 14 -0.11805  1.43328e+01 | 15 -0.06023  2.75078e+00
 16  0.13236 -4.42085e+01 | 17 -0.04916 -3.02280e+01 | 18 -0.06765 -2.89575e+01
 19  0.15072 -7.09097e+01 | 20  0.04604 -3.04166e+01 | 21  0.03625 -1.18361e+01
 22 -0.00765 -9.50033e+00 | 23  0.10579 -1.74531e+01 | 24  0.01030 -1.44731e+01
 25 -0.00715 -7.77231e+00 | 26 -0.03421 -1.93088e+01 | 27 -0.01093 -8.54844e+00
 28 -0.02159  1.31921e+01 | 29 -0.00128  1.12540e+01 | 30  0.18108 -4.31082e+01
 31 -0.02702 -2.50042e+00 | 32 -0.12036  1.01321e+00 | 33 -0.15931 -1.25492e+01
 34 -0.08737 -4.10434e+00 | 35 -0.02928 -6.44004e-01 | 36 -0.02375 -1.44387e+00
 37 -0.04769 -7.40233e+00 | 38 -0.00309  3.64967e+00 | 39 -0.01964 -3.18639e-01
 40 -1.01839  2.04161e+01 | 41 -0.93483 -7.58514e+01 |
Maximum number of function evaluations exceeded

 - final statistics:
41 variables; iteration 66; function evaluation 100
Function value 1.8732e+02; maximum gradient component mag -2.5419e+03
Exit code = 3;  converg criter 1.0000e+01
Var    Value     Gradient |Var    Value     Gradient |Var    Value     Gradient
  1  0.03704 -2.54188e+03 |  2 -0.06350 -1.11091e+02 |  3  0.01153 -1.43492e+02
  4  0.11548 -4.90521e+02 |  5 -0.40968 -8.16884e+01 |  6 -0.03290 -1.37511e+02
  7  0.04420 -6.21070e+01 |  8 -0.07198 -4.01550e+01 |  9 -0.06143 -4.27614e+01
 10 -0.12323 -2.01459e+01 | 11  0.06856 -3.78258e+01 | 12  0.17953 -1.71003e+02
 13 -0.15499 -6.61909e+00 | 14 -0.12219  2.08124e+01 | 15 -0.05653  6.64249e+01
 16  0.09247  3.14681e+02 | 17  0.02338  2.29669e+02 | 18 -0.02674  1.44651e+02
 19  0.10882  3.20624e+02 | 20  0.05229  1.34561e+02 | 21  0.02144  7.67441e+01
 22  0.00318  4.40876e+01 | 23  0.07150  3.18211e+01 | 24  0.01604 -3.60393e+00
 25 -0.01298 -1.39456e+01 | 26 -0.04970 -4.13524e+01 | 27  0.00503 -5.24433e+01
 28 -0.12670 -3.09683e+01 | 29 -0.01078  3.03347e+00 | 30  0.17382 -5.46915e+01
 31 -0.08496 -2.08506e+01 | 32 -0.15949 -1.33022e+01 | 33 -0.12034  9.37046e+00
 34 -0.08052  2.31705e+00 | 35 -0.03557 -1.00375e+00 | 36 -0.02032 -1.12257e-02
 37  0.01701  9.10670e+00 | 38 -0.03184 -2.84244e+00 | 39 -0.01103  2.40088e+00
 40 -1.00224  8.92543e-01 | 41 -0.85609 -6.90140e+01 |

Initial statistics: 46 variables; iteration 0; function evaluation 0; phase 3
Function value 1.8732370e+02; maximum gradient component mag -2.5419e+03
Var    Value     Gradient |Var    Value     Gradient |Var    Value     Gradient
  1  0.03704 -2.54188e+03 |  2 -0.04208 -2.23907e+02 |  3 -0.06350 -1.11091e+02
  4  0.01153 -1.43492e+02 |  5  0.11548 -4.90521e+02 |  6 -0.40968 -8.16884e+01
  7 -0.03290 -1.37511e+02 |  8  0.04420 -6.21070e+01 |  9 -0.07198 -4.01550e+01
 10 -0.06143 -4.27614e+01 | 11 -0.12323 -2.01459e+01 | 12  0.06856 -3.78258e+01
 13  0.17953 -1.71003e+02 | 14 -0.15499 -6.61909e+00 | 15 -0.12219  2.08124e+01
 16 -0.05653  6.64249e+01 | 17  0.09247  3.14681e+02 | 18  0.02338  2.29669e+02
 19 -0.02674  1.44651e+02 | 20  0.10882  3.20624e+02 | 21  0.05229  1.34561e+02
 22  0.02144  7.67441e+01 | 23  0.00318  4.40876e+01 | 24  0.07150  3.18211e+01
 25  0.01604 -3.60393e+00 | 26 -0.01298 -1.39456e+01 | 27 -0.04970 -4.13524e+01
 28  0.00503 -5.24433e+01 | 29 -0.12670 -3.09683e+01 | 30 -0.01078  3.03347e+00
 31  0.17382 -5.46915e+01 | 32 -0.08496 -2.08506e+01 | 33 -0.15949 -1.33022e+01
 34 -0.12034  9.37046e+00 | 35 -0.08052  2.31705e+00 | 36 -0.03557 -1.00375e+00
 37 -0.02032 -1.12257e-02 | 38  0.01701  9.10670e+00 | 39 -0.03184 -2.84244e+00
 40 -0.01103  2.40088e+00 | 41 -0.99776 -8.92543e-01 | 42 -0.85609 -6.90140e+01
 43 -0.34425  2.01811e+02 | 44 -0.05755 -1.10492e+02 | 45 -0.07131 -3.10146e+02
 46  0.07064  9.48304e+02 |

Intermediate statistics: 46 variables; iteration 20; function evaluation 25; phase 3
Function value 5.7548586e+01; maximum gradient component mag 2.2630e+04
Var    Value     Gradient |Var    Value     Gradient |Var    Value     Gradient
  1  0.04065  2.26302e+04 |  2 -0.02555  7.45965e+02 |  3 -0.04565  5.11877e+02
  4 -0.02319  7.47425e+02 |  5  0.07339  1.80113e+03 |  6 -0.16472  2.54404e+02
  7  0.03182  1.99054e+03 |  8 -0.01773  1.55152e+03 |  9 -0.05956  9.47517e+02
 10 -0.01967  9.58736e+02 | 11 -0.16045  1.74515e+02 | 12  0.05061 -4.44085e+02
 13  0.06345 -1.44491e+03 | 14 -0.18796 -1.69878e+02 | 15 -0.04680 -4.14489e+02
 16 -0.08714 -2.53333e+02 | 17 -0.00109 -2.81908e+02 | 18 -0.03607 -7.78139e+01
 19 -0.07759 -4.14759e+01 | 20  0.01429 -1.22919e+02 | 21  0.05339 -1.78481e+02
 22 -0.11380 -4.72846e+01 | 23  0.00261  5.86100e+01 | 24  0.03916  1.77136e+01
 25 -0.07620 -3.88256e+01 | 26 -0.17638  7.05781e+00 | 27  0.02164  4.97550e+02
 28 -0.03863  3.18903e+02 | 29 -0.10283  1.12462e+02 | 30 -0.14248  4.82800e+01
 31  0.08001  4.27500e+02 | 32 -0.01455  2.07514e+02 | 33 -0.16775  5.47415e+01
 34 -0.17568  2.06038e+01 | 35 -0.07627  1.61941e+01 | 36 -0.03195  5.96761e+00
 37 -0.02383  2.42523e+00 | 38 -0.01650  4.38106e+00 | 39 -0.02671  1.89335e+00
 40 -0.02266  2.86574e+00 | 41 -0.95940 -9.87603e+01 | 42 -0.53105 -2.97114e+02
 43 -0.44280  3.75467e+02 | 44 -0.21470 -4.73781e+01 | 45 -0.15899  7.86805e+02
 46 -0.07113 -5.24847e+02 |
46 variables; iteration 40; function evaluation 50; phase 3
Function value 4.1563555e+01; maximum gradient component mag 6.2025e+03
Var    Value     Gradient |Var    Value     Gradient |Var    Value     Gradient
  1  0.03916  6.20252e+03 |  2 -0.03141 -3.44450e+02 |  3 -0.03631 -3.29471e+02
  4 -0.01068 -5.50731e+01 |  5  0.06668  3.31975e+02 |  6 -0.12931  7.25680e+01
  7  0.03435  9.29569e+02 |  8 -0.02580  6.70390e+02 |  9 -0.05720  4.92094e+02
 10 -0.01505  6.74938e+02 | 11 -0.17671  1.42619e+02 | 12  0.05496 -1.37154e+02
 13  0.05801 -5.63349e+02 | 14 -0.24880 -4.69176e+01 | 15 -0.00657 -4.90464e+01
 16 -0.16406 -4.77674e+01 | 17 -0.00126  1.17621e+02 | 18 -0.03563  3.10206e+02
 19 -0.07601  2.75131e+02 | 20  0.01625  5.19545e+02 | 21  0.06552  5.42635e+02
 22 -0.16767  1.33635e+01 | 23 -0.01031  1.55856e+02 | 24  0.02615  1.57916e+02
 25 -0.02284  5.73981e+01 | 26 -0.21570 -1.78774e+01 | 27  0.00368  2.34510e+02
 28 -0.04110  1.89316e+02 | 29 -0.07238  8.35170e+01 | 30 -0.15391  6.79292e+00
 31  0.07085  2.83990e+02 | 32 -0.00308  2.14893e+02 | 33 -0.20543  1.47620e+01
 34 -0.19442 -1.42171e+01 | 35 -0.06790 -2.03972e+01 | 36 -0.06365 -1.30244e+01
 37 -0.04858 -2.89459e+00 | 38 -0.08536 -1.16990e+01 | 39 -0.03492  7.27288e-01
 40 -0.05890 -4.94568e+00 | 41 -0.94196  8.57222e+01 | 42 -0.49194  1.81669e+02
 43 -0.44472  1.03454e+02 | 44 -0.26626 -6.87677e-01 | 45 -0.15370 -1.77143e+02
 46 -0.08488  2.74508e+02 |
46 variables; iteration 60; function evaluation 80; phase 3
Function value -1.9270768e+01; maximum gradient component mag 1.8379e+03
Var    Value     Gradient |Var    Value     Gradient |Var    Value     Gradient
  1  0.03935  1.83790e+03 |  2 -0.07704  7.06715e+00 |  3  0.00659  3.06773e+02
  4 -0.02169  5.20313e+01 |  5  0.03447 -2.92382e+01 |  6 -0.03829 -1.03884e+02
  7 -0.00563 -9.17032e+00 |  8 -0.01721 -1.20196e+01 |  9 -0.06447  1.44370e+02
 10 -0.02032  1.34413e+02 | 11 -0.26132  2.10908e+01 | 12  0.07240  1.33392e+00
 13  0.01718 -1.07277e+01 | 14 -0.18669 -4.66846e+01 | 15 -0.03656 -1.06430e+02
 16 -0.08395 -1.06998e+02 | 17 -0.01851 -1.14835e+02 | 18 -0.06201  1.78408e+00
 19 -0.06801  2.02441e+01 | 20  0.00322  1.31203e+02 | 21  0.04994  2.19762e+02
 22 -0.10186 -1.65734e+01 | 23 -0.02155  2.36535e+01 | 24  0.01173 -5.01206e+01
 25 -0.02382 -1.26633e+02 | 26 -0.18798 -8.79192e+01 | 27  0.00994 -3.27382e+02
 28 -0.11524 -1.47364e+02 | 29 -0.05579 -1.87847e+02 | 30 -0.08421 -8.41225e+01
 31  0.04844 -1.11781e+02 | 32 -0.03233  2.01059e+01 | 33 -0.21133  7.25038e+00
 34 -0.09971  4.34676e+01 | 35 -0.07284  1.36033e+01 | 36 -0.06879 -1.46221e+00
 37 -0.05048 -2.50818e+00 | 38 -0.02896  2.88145e+00 | 39 -0.05884 -4.44414e+00
 40 -0.04473 -9.32375e-01 | 41 -0.87729 -1.28484e+02 | 42 -0.40268 -6.20468e+01
 43 -0.43866 -1.81999e+02 | 44 -0.41175  4.08873e+00 | 45 -0.19555 -4.70859e+01
 46 -0.24792 -1.01666e+01 |
46 variables; iteration 80; function evaluation 103; phase 3
Function value -4.3896833e+01; maximum gradient component mag 6.1778e+03
Var    Value     Gradient |Var    Value     Gradient |Var    Value     Gradient
  1  0.03571  6.17780e+03 |  2 -0.02584  2.03172e+02 |  3 -0.02603  2.54786e+02
  4  0.01348  4.27666e+02 |  5  0.01599  5.05490e+02 |  6 -0.00639  3.71326e+02
  7 -0.02401  4.09694e+02 |  8  0.01073  4.92682e+02 |  9 -0.09938  2.45922e+02
 10 -0.00131  4.49639e+02 | 11 -0.28331  2.09786e+01 | 12  0.06220 -4.12949e+01
 13  0.00644 -6.86527e+01 | 14 -0.11976 -2.16613e+01 | 15 -0.08080 -4.82463e+01
 16 -0.07182 -3.53974e+01 | 17 -0.02537 -4.61014e+01 | 18 -0.08200 -2.46429e+01
 19 -0.06743 -3.24253e+01 | 20  0.01051 -4.95176e+01 | 21 -0.00156 -4.78650e+01
 22 -0.00469 -6.02975e+01 | 23 -0.07921 -2.11811e+01 | 24  0.00941 -5.07578e+01
 25 -0.03137 -5.62147e+01 | 26 -0.12404 -3.39869e+01 | 27 -0.00840 -1.05075e+02
 28 -0.11782 -7.43170e+01 | 29 -0.03559 -7.61386e+01 | 30 -0.10978 -5.03025e+01
 31  0.03024 -1.05792e+02 | 32 -0.03290 -2.66165e+01 | 33 -0.21102 -6.64933e+00
 34 -0.12735 -1.43278e+01 | 35 -0.05686 -6.63619e+00 | 36 -0.06620  3.45556e-01
 37 -0.05211 -2.05661e-01 | 38 -0.05092  2.89392e-01 | 39 -0.05330 -3.55305e-01
 40 -0.05230 -1.42003e-01 | 41 -0.83336 -6.51987e+01 | 42 -0.29282 -1.73210e+01
 43 -0.43744  2.05559e+03 | 44 -0.50301 -6.14695e+01 | 45 -0.16511 -2.90997e+01
 46 -0.27768 -1.34104e+00 |
46 variables; iteration 100; function evaluation 134; phase 3
Function value -5.3961917e+01; maximum gradient component mag 3.1870e+03
Var    Value     Gradient |Var    Value     Gradient |Var    Value     Gradient
  1  0.03472  3.18700e+03 |  2 -0.02784  2.89738e+02 |  3 -0.02221  3.31884e+02
  4  0.01868  2.55041e+02 |  5  0.00885  9.15055e+01 |  6 -0.00308  6.16476e+01
  7 -0.02059  2.33443e+01 |  8  0.00486  1.04104e+02 |  9 -0.08850  1.19385e+02
 10 -0.00832  2.76940e+02 | 11 -0.26652  2.46151e+01 | 12  0.07336  1.73338e+01
 13 -0.01176  1.28558e+02 | 14 -0.15090  1.89901e+01 | 15 -0.06063  3.54024e+01
 16 -0.08015 -2.56535e+01 | 17 -0.02208 -9.16682e+01 | 18 -0.10222 -6.90021e+01
 19 -0.05239 -1.28412e+02 | 20  0.00595 -2.20985e+02 | 21 -0.00448 -1.53468e+02
 22  0.00186 -1.54445e+02 | 23 -0.11035 -8.73806e+01 | 24  0.01930 -1.58968e+02
 25 -0.05117 -3.91997e+01 | 26 -0.09612 -1.28246e+01 | 27 -0.02510 -5.37918e+01
 28 -0.08116 -2.84570e+01 | 29 -0.06272 -3.48121e+01 | 30 -0.08168 -1.55482e+01
 31  0.03580 -8.65499e+00 | 32 -0.06519  3.69037e+01 | 33 -0.21010  5.22417e+00
 34 -0.11341  7.97758e+00 | 35 -0.05952  4.89472e+00 | 36 -0.06817 -1.15037e-01
 37 -0.05571 -5.60069e-01 | 38 -0.05247  4.79782e-01 | 39 -0.05729 -7.66029e-01
 40 -0.05627 -5.15713e-01 | 41 -0.80088 -9.70055e+01 | 42 -0.29809 -2.06701e+01
 43 -0.43852  1.02344e+03 | 44 -0.55197 -2.41858e+01 | 45 -0.13969  3.74773e+02
 46 -0.26107 -4.41558e+01 |
46 variables; iteration 120; function evaluation 154; phase 3
Function value -6.1199273e+01; maximum gradient component mag 8.7453e+02
Var    Value     Gradient |Var    Value     Gradient |Var    Value     Gradient
  1  0.03230  6.62977e+02 |  2 -0.02611  7.10939e+01 |  3 -0.01842  6.39398e+01
  4  0.02518  2.79884e+01 |  5  0.00783 -2.84318e+01 |  6 -0.00588 -1.91198e+00
  7 -0.00994  2.81532e+01 |  8 -0.00591  1.04915e+02 |  9 -0.06931  4.37910e+01
 10 -0.01983  4.90416e+00 | 11 -0.23973  6.40082e+00 | 12  0.09787  6.59359e+01
 13 -0.08065  7.30217e+01 | 14 -0.11179  5.14874e+00 | 15 -0.05889  4.94035e+00
 16 -0.06364 -1.69952e+01 | 17 -0.02494 -2.31018e+01 | 18 -0.09417 -9.29225e+00
 19 -0.05493 -2.21435e+01 | 20  0.03445 -3.88271e+01 | 21 -0.03566 -4.59957e+01
 22  0.01154 -4.36865e+01 | 23 -0.11379 -3.31395e+01 | 24  0.03789 -7.04135e+01
 25 -0.09543 -3.49106e+01 | 26 -0.08258 -2.52673e+01 | 27 -0.00798 -3.71767e+01
 28 -0.11486 -2.85921e+01 | 29 -0.04713 -2.61556e+01 | 30 -0.07710 -1.56642e+01
 31  0.05625 -3.40152e+01 | 32 -0.14409 -1.16311e+01 | 33 -0.18257 -3.10081e+00
 34 -0.08500 -3.80969e+00 | 35 -0.06806 -2.77657e+00 | 36 -0.06052 -1.19756e+00
 37 -0.04903  1.41497e-01 | 38 -0.04919  3.66208e-01 | 39 -0.04966  2.16899e-01
 40 -0.04944  2.77520e-01 | 41 -0.83293 -4.07725e+01 | 42 -0.26598 -6.08216e+00
 43 -0.43882  8.74531e+02 | 44 -0.62693 -1.71123e+01 | 45 -0.13274  2.85771e+02
 46 -0.27670 -4.27682e+01 |
46 variables; iteration 140; function evaluation 174; phase 3
Function value -6.3719229e+01; maximum gradient component mag 6.2475e+01
Var    Value     Gradient |Var    Value     Gradient |Var    Value     Gradient
  1  0.03251 -1.20755e+01 |  2 -0.02801  1.20829e+01 |  3 -0.01742 -1.73418e-01
  4  0.02385 -1.76911e+01 |  5  0.00862 -2.75343e+01 |  6 -0.00807 -1.10725e+01
  7 -0.00889  7.09738e+00 |  8 -0.00798  2.08753e+01 |  9 -0.06747  1.96895e+01
 10 -0.02241  2.09798e+01 | 11 -0.24142  6.50544e+00 | 12  0.10356  6.24745e+01
 13 -0.12960  2.13660e+01 | 14 -0.08414  9.53092e+00 | 15 -0.06884  1.85412e+01
 16 -0.05480  8.25400e+00 | 17 -0.03086  9.83790e+00 | 18 -0.09386  1.27181e+01
 19 -0.04354 -3.01430e-02 | 20  0.01904 -3.28752e+00 | 21 -0.00204 -4.69653e+00
 22 -0.02198 -1.61480e+01 | 23 -0.06458 -1.37498e+01 | 24  0.02903 -5.59917e+01
 25 -0.10451 -3.20066e+01 | 26 -0.05970 -2.19649e+01 | 27 -0.02833 -3.96671e+01
 28 -0.07706 -1.44476e+01 | 29 -0.07219 -2.37771e+01 | 30 -0.05502 -5.64147e+00
 31  0.05074  5.24844e+00 | 32 -0.13288  1.01893e+01 | 33 -0.18870  7.66200e-01
 34 -0.08694  1.27919e+00 | 35 -0.06348  2.45202e+00 | 36 -0.05944  2.47104e-02
 37 -0.04853  2.10664e-01 | 38 -0.05025  2.21223e-02 | 39 -0.04983  7.14194e-02
 40 -0.04928  1.97326e-01 | 41 -0.81448 -6.27465e+00 | 42 -0.30314  8.44101e+00
 43 -0.43814  3.09668e+00 | 44 -0.57997 -1.00348e+00 | 45 -0.13157  2.30496e+01
 46 -0.27932  9.35884e-01 |
46 variables; iteration 160; function evaluation 195; phase 3
Function value -6.4701013e+01; maximum gradient component mag -9.6002e+02
Var    Value     Gradient |Var    Value     Gradient |Var    Value     Gradient
  1  0.03277 -9.60023e+02 |  2 -0.02971 -1.14794e+02 |  3 -0.01698 -1.12238e+02
  4  0.02239 -8.60573e+01 |  5  0.00944 -4.01515e+01 |  6 -0.00936 -3.35406e+01
  7 -0.00962 -2.24880e+01 |  8 -0.00791  2.74348e+00 |  9 -0.06987  2.79535e+00
 10 -0.02144  3.65842e+01 | 11 -0.25346  2.87764e+00 | 12  0.10485  4.81607e+01
 13 -0.15273  2.08840e+00 | 14 -0.07008  9.78570e+00 | 15 -0.07963  1.23576e+01
 16 -0.05247  1.00733e+01 | 17 -0.02846  6.18067e+00 | 18 -0.10773  2.75367e+00
 19 -0.03568  1.32804e+01 | 20  0.01460  2.88697e+01 | 21 -0.00004  3.57379e+01
 22 -0.02470  2.75596e+01 | 23 -0.06019  2.95394e+01 | 24  0.02229  5.86621e+01
 25 -0.07952  3.07935e+01 | 26 -0.08210  3.06063e+01 | 27 -0.01664  5.21805e+01
 28 -0.09362  2.67091e+01 | 29 -0.06080  1.94976e+01 | 30 -0.06600  1.03817e+01
 31  0.05425  1.99047e+01 | 32 -0.14742  1.56111e+00 | 33 -0.18573  2.51329e-01
 34 -0.08431  3.83742e-01 | 35 -0.06848 -2.07414e-01 | 36 -0.05830 -7.40668e-02
 37 -0.04985 -6.10487e-02 | 38 -0.05070 -3.09261e-02 | 39 -0.05056 -4.94881e-02
 40 -0.05059 -5.87665e-02 | 41 -0.79791  5.40371e+01 | 42 -0.33889  2.66455e+01
 43 -0.43706 -4.66315e+02 | 44 -0.53940  1.31461e+01 | 45 -0.13095 -2.17059e+02
 46 -0.27534  4.33848e+01 |
46 variables; iteration 180; function evaluation 215; phase 3
Function value -6.5061006e+01; maximum gradient component mag -1.6844e+03
Var    Value     Gradient |Var    Value     Gradient |Var    Value     Gradient
  1  0.03304 -1.68436e+03 |  2 -0.03126 -1.10979e+02 |  3 -0.01862 -1.21372e+02
  4  0.02422 -1.17655e+02 |  5  0.00460 -1.09406e+02 |  6 -0.00670 -6.91259e+01
  7 -0.01182 -7.93474e+01 |  8 -0.00936 -8.37879e+01 |  9 -0.06842 -3.29007e+01
 10 -0.02409 -4.31663e+01 | 11 -0.24558 -3.75613e+00 | 12  0.10425 -1.67140e+01
 13 -0.15516 -1.29996e+00 | 14 -0.07167 -4.65403e-01 | 15 -0.08023  3.30141e+00
 16 -0.05193  5.80962e+00 | 17 -0.03110  1.03239e+01 | 18 -0.10248  9.09953e+00
 19 -0.04035  1.28410e+01 | 20  0.01834  2.44651e+01 | 21 -0.00741  2.20071e+01
 22 -0.01879  2.23631e+01 | 23 -0.06734  1.91131e+01 | 24  0.02345  4.99061e+01
 25 -0.08211  2.74412e+01 | 26 -0.08331  2.70182e+01 | 27 -0.01570  4.96033e+01
 28 -0.10025  2.56509e+01 | 29 -0.05847  3.41791e+01 | 30 -0.06404  2.35693e+01
 31  0.05112  4.58920e+01 | 32 -0.14022  1.44825e+01 | 33 -0.18809  4.80782e+00
 34 -0.08704  5.26786e+00 | 35 -0.06658  2.54073e+00 | 36 -0.05879  2.05548e-01
 37 -0.04959  1.00970e-02 | 38 -0.05050  1.65332e-02 | 39 -0.05032 -1.13129e-05
 40 -0.05017  1.64008e-02 | 41 -0.77770  4.14024e+01 | 42 -0.38480  1.89379e+01
 43 -0.43665 -6.84185e+02 | 44 -0.53127  2.09035e+01 | 45 -0.12997 -1.84200e+02
 46 -0.27197  3.92283e+01 |
46 variables; iteration 200; function evaluation 235; phase 3
Function value -6.5475280e+01; maximum gradient component mag 1.3153e+02
Var    Value     Gradient |Var    Value     Gradient |Var    Value     Gradient
  1  0.03417 -1.93632e+01 |  2 -0.03671  1.49946e+01 |  3 -0.01931  1.07700e+01
  4  0.02114  9.26053e-01 |  5  0.00353 -2.84314e+01 |  6 -0.00927 -8.50606e+00
  7 -0.01389 -2.50009e+01 |  8 -0.01062 -2.72475e+01 |  9 -0.07212 -1.68336e+01
 10 -0.02480 -1.38565e+01 | 11 -0.25327 -2.05570e+00 | 12  0.10104 -7.71980e+00
 13 -0.14711  1.86596e+00 | 14 -0.07744 -1.56803e+00 | 15 -0.08167  3.48842e-02
 16 -0.05572 -1.58216e+00 | 17 -0.03242 -2.12896e-01 | 18 -0.10721  1.22255e+00
 19 -0.04174  1.68009e+00 | 20  0.01377  6.41232e+00 | 21 -0.00630  9.92731e+00
 22 -0.02428  5.35095e+00 | 23 -0.06659  5.66587e+00 | 24  0.01945  6.62408e+00
 25 -0.08062  4.60267e+00 | 26 -0.08965 -5.27932e-01 | 27 -0.01658  5.63707e-01
 28 -0.10367 -2.38776e+00 | 29 -0.06082 -2.37532e+00 | 30 -0.06913 -3.02358e+00
 31  0.05045 -8.71992e+00 | 32 -0.15124 -3.09925e+00 | 33 -0.18720 -3.82714e-01
 34 -0.08933 -5.80532e-01 | 35 -0.06979  3.73005e-01 | 36 -0.06013  3.37265e-02
 37 -0.05085 -5.71235e-03 | 38 -0.05175  1.24672e-02 | 39 -0.05146  6.78159e-03
 40 -0.05132  1.32776e-03 | 41 -0.73609 -1.67426e+01 | 42 -0.47717 -2.63331e+00
 43 -0.43687  1.31527e+02 | 44 -0.53430 -5.30811e+00 | 45 -0.12471 -1.39334e+01
 46 -0.24160  8.96524e+00 |
46 variables; iteration 220; function evaluation 255; phase 3
Function value -6.5557988e+01; maximum gradient component mag 4.9806e+02
Var    Value     Gradient |Var    Value     Gradient |Var    Value     Gradient
  1  0.03449  4.98064e+02 |  2 -0.03888  3.55199e+01 |  3 -0.01867  3.93601e+01
  4  0.01931  3.50569e+01 |  5  0.00449  1.50609e+01 |  6 -0.01144  1.78845e+01
  7 -0.01360  8.97555e+00 |  8 -0.01154  1.29792e+01 |  9 -0.07247  2.59191e-01
 10 -0.02572 -1.48972e+00 | 11 -0.25340 -9.08872e-01 | 12  0.10079 -1.45214e+01
 13 -0.15516 -3.24793e+00 | 14 -0.07429 -2.80701e+00 | 15 -0.08546 -3.01916e+00
 16 -0.05523 -3.18547e+00 | 17 -0.03301 -2.14990e+00 | 18 -0.10998 -1.93750e+00
 19 -0.04094 -3.47663e+00 | 20  0.01247 -7.36951e+00 | 21 -0.00710 -4.59061e+00
 22 -0.02464 -7.08646e+00 | 23 -0.06833 -3.29784e+00 | 24  0.01989 -1.03201e+01
 25 -0.08516 -4.26726e+00 | 26 -0.08700 -4.91815e+00 | 27 -0.01835 -5.68871e+00
 28 -0.10371 -3.35919e+00 | 29 -0.06174 -1.49117e+00 | 30 -0.06849 -1.11761e+00
 31  0.04856  2.85869e+00 | 32 -0.14636  3.87787e+00 | 33 -0.19072  7.13889e-01
 34 -0.09065  7.84248e-01 | 35 -0.07036  4.84477e-01 | 36 -0.06015  9.93622e-02
 37 -0.05115 -4.22037e-03 | 38 -0.05210  2.41730e-04 | 39 -0.05179 -6.28073e-03
 40 -0.05163 -1.22553e-02 | 41 -0.72579 -2.41106e+01 | 42 -0.50176 -5.45705e+00
 43 -0.43659  3.95946e+02 | 44 -0.52407 -1.42022e+01 | 45 -0.12308  5.38772e+01
 46 -0.23463 -5.55747e+00 |
46 variables; iteration 240; function evaluation 276; phase 3
Function value -6.5643948e+01; maximum gradient component mag -4.8283e+02
Var    Value     Gradient |Var    Value     Gradient |Var    Value     Gradient
  1  0.03442 -4.82827e+02 |  2 -0.03860 -4.22638e+01 |  3 -0.01837 -4.12343e+01
  4  0.01927 -3.08780e+01 |  5  0.00493 -1.84488e+01 |  6 -0.01130 -5.26065e+00
  7 -0.01341 -1.03521e+01 |  8 -0.01139  3.06207e+00 |  9 -0.07210 -2.23707e-02
 10 -0.02558  2.06935e+00 | 11 -0.25487 -1.58836e-01 | 12  0.10147  1.30802e+01
 13 -0.15949 -2.75476e+00 | 14 -0.07221  4.49005e+00 | 15 -0.08553  4.47791e+00
 16 -0.05462  2.77520e+00 | 17 -0.03360  1.38254e+00 | 18 -0.10649  8.24534e-01
 19 -0.04418  1.49498e-01 | 20  0.01658  3.12779e+00 | 21 -0.01309  1.71465e+00
 22 -0.01795  6.97894e+00 | 23 -0.07481  4.98004e+00 | 24  0.02233  1.70165e+01
 25 -0.08811  7.84616e+00 | 26 -0.08417  9.02133e+00 | 27 -0.01960  1.46795e+01
 28 -0.10029  6.95126e+00 | 29 -0.06284  5.00500e+00 | 30 -0.06889  1.41334e+00
 31  0.05004  1.31175e+00 | 32 -0.15125 -7.83965e-01 | 33 -0.18862 -2.59078e-01
 34 -0.08930 -5.28423e-01 | 35 -0.07083  2.00891e-02 | 36 -0.06027 -1.28219e-02
 37 -0.05087  9.31323e-03 | 38 -0.05194 -1.30201e-02 | 39 -0.05151  1.34520e-02
 40 -0.05134  1.33188e-02 | 41 -0.72974  2.39017e+01 | 42 -0.49456  8.27601e+00
 43 -0.43558 -2.30467e+02 | 44 -0.49405  7.77736e+00 | 45 -0.12543 -5.58101e+01
 46 -0.24589  1.70776e+01 |
46 variables; iteration 260; function evaluation 298; phase 3
Function value -6.5917993e+01; maximum gradient component mag -2.9344e+03
Var    Value     Gradient |Var    Value     Gradient |Var    Value     Gradient
  1  0.03458 -2.93443e+03 |  2 -0.03885 -1.72220e+02 |  3 -0.01880 -1.98333e+02
  4  0.01917 -1.76540e+02 |  5  0.00485 -1.29688e+02 |  6 -0.01165 -1.05107e+02
  7 -0.01335 -1.09246e+02 |  8 -0.01177 -1.06482e+02 |  9 -0.07147 -3.86747e+01
 10 -0.02627 -2.94533e+01 | 11 -0.25238 -1.70871e+00 | 12  0.10103  1.03265e+01
 13 -0.15361  2.29591e+00 | 14 -0.07428  8.03696e+00 | 15 -0.08372  1.12540e+01
 16 -0.05475  1.44893e+01 | 17 -0.03313  1.90299e+01 | 18 -0.10788  1.18815e+01
 19 -0.04212  2.37979e+01 | 20  0.01435  4.29342e+01 | 21 -0.00913  3.87916e+01
 22 -0.02170  3.62684e+01 | 23 -0.07056  2.50372e+01 | 24  0.02175  4.89042e+01
 25 -0.08819  1.84127e+01 | 26 -0.08399  1.76920e+01 | 27 -0.01914  2.68153e+01
 28 -0.10127  1.14709e+01 | 29 -0.06235  1.09692e+01 | 30 -0.06958  6.35811e+00
 31  0.05092  1.06465e+01 | 32 -0.15209  2.50368e-01 | 33 -0.18792  6.08795e-01
 34 -0.08789  8.02528e-01 | 35 -0.07211  2.90474e-01 | 36 -0.06027  4.64047e-02
 37 -0.05052  5.13044e-03 | 38 -0.05153 -1.07956e-02 | 39 -0.05121 -6.51034e-03
 40 -0.05106 -5.95888e-03 | 41 -0.72973  1.11541e+02 | 42 -0.50046  3.26071e+01
 43 -0.43354 -1.28529e+03 | 44 -0.44186  6.51372e+01 | 45 -0.13178 -3.07781e+02
 46 -0.28113  5.45892e+01 |
46 variables; iteration 280; function evaluation 321; phase 3
Function value -6.6192934e+01; maximum gradient component mag -1.4596e+03
Var    Value     Gradient |Var    Value     Gradient |Var    Value     Gradient
  1  0.03480 -1.45963e+03 |  2 -0.04044 -7.62148e+01 |  3 -0.01863 -8.85182e+01
  4  0.01847 -8.02925e+01 |  5  0.00454 -6.35183e+01 |  6 -0.01221 -4.90924e+01
  7 -0.01368 -5.23222e+01 |  8 -0.01234 -4.71620e+01 |  9 -0.07208 -1.54042e+01
 10 -0.02665 -5.89949e+00 | 11 -0.25189 -1.07811e+00 | 12  0.10058 -6.26465e+00
 13 -0.15225  5.39669e-01 | 14 -0.07302 -7.77677e-01 | 15 -0.08541 -1.14446e-02
 16 -0.05438  3.33138e+00 | 17 -0.03305  8.63724e+00 | 18 -0.10733  4.55439e+00
 19 -0.04249  5.60413e+00 | 20  0.01409  9.30789e+00 | 21 -0.00829  4.80017e+00
 22 -0.02320 -7.40381e-01 | 23 -0.07018  3.67617e-01 | 24  0.02191  2.25566e+00
 25 -0.08900  2.34190e-01 | 26 -0.08396  1.54784e+00 | 27 -0.01907  4.63220e+00
 28 -0.10156  1.68643e+00 | 29 -0.06321  1.62715e+00 | 30 -0.06872  4.03537e+00
 31  0.05040  1.02587e+01 | 32 -0.14892  2.65918e+00 | 33 -0.18763  1.77245e+00
 34 -0.08821  1.96312e+00 | 35 -0.07152  1.59993e+00 | 36 -0.06050  2.61186e-01
 37 -0.05024 -2.62934e-02 | 38 -0.05097  1.25359e-02 | 39 -0.05077 -1.39312e-02
 40 -0.05057 -8.02942e-03 | 41 -0.72412  4.32335e+01 | 42 -0.51760  1.23610e+01
 43 -0.43153 -4.99290e+02 | 44 -0.40720  2.99594e+01 | 45 -0.13908 -1.39502e+02
 46 -0.33405  1.86585e+01 |
46 variables; iteration 300; function evaluation 342; phase 3
Function value -6.6386903e+01; maximum gradient component mag -2.2996e+03
Var    Value     Gradient |Var    Value     Gradient |Var    Value     Gradient
  1  0.03491 -2.29961e+03 |  2 -0.04056 -1.12885e+02 |  3 -0.01882 -1.35843e+02
  4  0.01822 -1.23794e+02 |  5  0.00476 -9.51519e+01 |  6 -0.01253 -8.06810e+01
  7 -0.01365 -8.28279e+01 |  8 -0.01254 -7.13633e+01 |  9 -0.07172 -2.31273e+01
 10 -0.02703 -1.45300e+01 | 11 -0.25180 -5.78071e-01 | 12  0.10074  4.54070e+00
 13 -0.15368  4.25555e-01 | 14 -0.07076  1.76027e+00 | 15 -0.08647  1.93221e+00
 16 -0.05331  3.50382e+00 | 17 -0.03332  4.21180e+00 | 18 -0.10714  2.52912e+00
 19 -0.04176  4.75652e+00 | 20  0.01402  7.28568e+00 | 21 -0.00892  5.57698e+00
 22 -0.02152  4.65328e+00 | 23 -0.07088  2.76049e+00 | 24  0.02202  4.90496e+00
 25 -0.08825  1.78486e+00 | 26 -0.08364  1.82082e+00 | 27 -0.01922  3.49629e+00
 28 -0.10161  2.39175e+00 | 29 -0.06186  3.60596e+00 | 30 -0.07084  3.48315e+00
 31  0.05156  8.48646e+00 | 32 -0.14920  1.45901e+00 | 33 -0.18766  7.13758e-01
 34 -0.08647  8.50596e-01 | 35 -0.07351  3.17575e-01 | 36 -0.06042  3.11190e-02
 37 -0.04973  2.49093e-03 | 38 -0.05059  6.17840e-03 | 39 -0.05032  5.80998e-03
 40 -0.05017  6.05083e-03 | 41 -0.72422  6.92851e+01 | 42 -0.52178  1.92091e+01
 43 -0.43018 -7.10338e+02 | 44 -0.38401  4.92451e+01 | 45 -0.14524 -4.09732e+02
 46 -0.39767  3.33588e+01 |
46 variables; iteration 320; function evaluation 364; phase 3
Function value -6.6520195e+01; maximum gradient component mag -8.3700e+02
Var    Value     Gradient |Var    Value     Gradient |Var    Value     Gradient
  1  0.03498 -8.37000e+02 |  2 -0.04098 -3.22077e+01 |  3 -0.01866 -4.19469e+01
  4  0.01775 -4.31939e+01 |  5  0.00520 -3.63196e+01 |  6 -0.01322 -3.50639e+01
  7 -0.01341 -3.66751e+01 |  8 -0.01286 -4.17572e+01 |  9 -0.07157 -1.60173e+01
 10 -0.02735 -1.22353e+01 | 11 -0.25091 -3.15006e-01 | 12  0.10075  1.39034e+00
 13 -0.15370  1.42941e-01 | 14 -0.06990  1.12251e+00 | 15 -0.08641  1.29607e+00
 16 -0.05329  2.02859e+00 | 17 -0.03297  2.41832e+00 | 18 -0.10701  1.21024e+00
 19 -0.04152  1.99957e+00 | 20  0.01406  2.49714e+00 | 21 -0.00868  9.88872e-01
 22 -0.02160  2.37232e-01 | 23 -0.07053 -7.29459e-02 | 24  0.02220 -9.76246e-01
 25 -0.08838 -5.82655e-01 | 26 -0.08343 -4.36879e-01 | 27 -0.01897 -2.14661e-01
 28 -0.10207 -1.34749e-01 | 29 -0.06126 -1.49380e-01 | 30 -0.07167 -5.13823e-01
 31  0.05215 -9.69630e-01 | 32 -0.14934 -5.40799e-01 | 33 -0.18728 -3.20954e-01
 34 -0.08562 -2.64252e-01 | 35 -0.07406 -2.19959e-02 | 36 -0.06030  1.59829e-02
 37 -0.04941  2.06979e-03 | 38 -0.05027 -1.36369e-04 | 39 -0.05001  1.89344e-04
 40 -0.04984  3.77221e-03 | 41 -0.72335  1.83876e+01 | 42 -0.52680  4.76948e+00
 43 -0.42922 -2.56492e+02 | 44 -0.37049  1.78242e+01 | 45 -0.14981 -2.59651e+02
 46 -0.46961  1.41259e+01 |
46 variables; iteration 340; function evaluation 385; phase 3
Function value -6.6603967e+01; maximum gradient component mag 3.9432e+02
Var    Value     Gradient |Var    Value     Gradient |Var    Value     Gradient
  1  0.03497  3.94323e+02 |  2 -0.04099  2.04451e+01 |  3 -0.01860  2.32023e+01
  4  0.01770  2.23090e+01 |  5  0.00533  1.83307e+01 |  6 -0.01332  1.30367e+01
  7 -0.01334  1.40472e+01 |  8 -0.01296  7.88142e+00 |  9 -0.07144  2.30630e+00
 10 -0.02743  5.25266e-01 | 11 -0.25038  3.49147e-01 | 12  0.10085  3.58008e+00
 13 -0.15337  7.18137e-01 | 14 -0.06937  1.26578e+00 | 15 -0.08612  1.08411e+00
 16 -0.05325  1.07709e+00 | 17 -0.03259  1.15386e+00 | 18 -0.10678  3.00434e-01
 19 -0.04132  2.39153e-01 | 20  0.01428  3.50379e-01 | 21 -0.00850 -6.70059e-01
 22 -0.02146 -1.17050e+00 | 23 -0.07030 -9.24829e-01 | 24  0.02241 -2.37977e+00
 25 -0.08815 -9.98332e-01 | 26 -0.08343 -9.95473e-01 | 27 -0.01863 -7.89468e-01
 28 -0.10220 -7.85008e-01 | 29 -0.06096 -1.37311e+00 | 30 -0.07176 -1.68132e+00
 31  0.05248 -3.62545e+00 | 32 -0.14882 -8.08107e-01 | 33 -0.18687 -4.18542e-01
 34 -0.08507 -3.82808e-01 | 35 -0.07418 -1.20027e-02 | 36 -0.06023  7.85146e-03
 37 -0.04916 -1.55939e-03 | 38 -0.04998  3.07226e-03 | 39 -0.04974 -3.44379e-03
 40 -0.04959  2.22186e-04 | 41 -0.72410 -1.16917e+01 | 42 -0.52631 -3.52825e+00
 43 -0.42862  7.50827e+01 | 44 -0.36329 -8.08097e+00 | 45 -0.15296  1.58941e+02
 46 -0.54748 -4.29651e+00 |
46 variables; iteration 360; function evaluation 408; phase 3
Function value -6.6648292e+01; maximum gradient component mag -7.1829e+02
Var    Value     Gradient |Var    Value     Gradient |Var    Value     Gradient
  1  0.03499 -7.18289e+02 |  2 -0.04097 -3.15628e+01 |  3 -0.01867 -3.98377e+01
  4  0.01778 -3.85942e+01 |  5  0.00520 -3.05925e+01 |  6 -0.01314 -2.86775e+01
  7 -0.01343 -2.94670e+01 |  8 -0.01293 -3.19417e+01 |  9 -0.07141 -1.20096e+01
 10 -0.02744 -9.29077e+00 | 11 -0.25053 -2.13919e-01 | 12  0.10093  3.03106e+00
 13 -0.15369  4.31646e-01 | 14 -0.06878  1.70652e+00 | 15 -0.08632  1.88889e+00
 16 -0.05301  2.48838e+00 | 17 -0.03257  2.92562e+00 | 18 -0.10654  1.53118e+00
 19 -0.04122  2.38758e+00 | 20  0.01431  3.33659e+00 | 21 -0.00846  1.89763e+00
 22 -0.02120  1.46641e+00 | 23 -0.07044  7.64974e-01 | 24  0.02260  1.63605e+00
 25 -0.08824  7.79040e-01 | 26 -0.08310  8.82469e-01 | 27 -0.01869  1.92229e+00
 28 -0.10199  7.56811e-01 | 29 -0.06085  5.72738e-01 | 30 -0.07195 -2.39343e-01
 31  0.05271 -8.05584e-01 | 32 -0.14852 -3.66147e-01 | 33 -0.18673 -2.59440e-01
 34 -0.08478 -2.31279e-01 | 35 -0.07438 -8.74347e-03 | 36 -0.06020  1.00521e-02
 37 -0.04902  2.87004e-03 | 38 -0.04986  1.39123e-03 | 39 -0.04961  7.69297e-04
 40 -0.04946  3.98305e-03 | 41 -0.72487  1.90476e+01 | 42 -0.52547  5.00836e+00
 43 -0.42825 -2.11442e+02 | 44 -0.35791  1.56696e+01 | 45 -0.15465 -3.76905e+02
 46 -0.61166  8.49622e+00 |
46 variables; iteration 380; function evaluation 433; phase 3
Function value -6.6681889e+01; maximum gradient component mag -9.1530e+02
Var    Value     Gradient |Var    Value     Gradient |Var    Value     Gradient
  1  0.03498 -9.15301e+02 |  2 -0.04100 -4.17817e+01 |  3 -0.01860 -5.11782e+01
  4  0.01773 -5.03083e+01 |  5  0.00530 -3.93193e+01 |  6 -0.01319 -3.66682e+01
  7 -0.01338 -3.69671e+01 |  8 -0.01295 -3.86450e+01 |  9 -0.07136 -1.42866e+01
 10 -0.02745 -1.06135e+01 | 11 -0.25039 -3.32292e-01 | 12  0.10098  2.36146e-01
 13 -0.15358  2.77572e-02 | 14 -0.06849  8.66635e-01 | 15 -0.08640  1.37792e+00
 16 -0.05287  2.39002e+00 | 17 -0.03245  3.17926e+00 | 18 -0.10656  1.80227e+00
 19 -0.04097  3.23026e+00 | 20  0.01423  4.60223e+00 | 21 -0.00821  3.14130e+00
 22 -0.02127  2.53210e+00 | 23 -0.07028  1.49446e+00 | 24  0.02273  2.67669e+00
 25 -0.08842  9.64587e-01 | 26 -0.08282  1.19507e+00 | 27 -0.01868  2.23197e+00
 28 -0.10191  1.06062e+00 | 29 -0.06082  1.53122e+00 | 30 -0.07185  1.19764e+00
 31  0.05282  2.31670e+00 | 32 -0.14832  1.69138e-01 | 33 -0.18656  7.99221e-02
 34 -0.08451  1.77913e-01 | 35 -0.07459  2.81354e-02 | 36 -0.06015  9.91707e-03
 37 -0.04893  9.53356e-04 | 38 -0.04976  1.96041e-03 | 39 -0.04952  2.79715e-05
 40 -0.04938  8.71286e-04 | 41 -0.72548  2.41633e+01 | 42 -0.52465  6.43419e+00
 43 -0.42782 -2.50161e+02 | 44 -0.35272  1.95350e+01 | 45 -0.15581 -6.34133e+02
 46 -0.67717  9.41604e+00 |
46 variables; iteration 400; function evaluation 460; phase 3
Function value -6.6712312e+01; maximum gradient component mag -7.7813e+02
Var    Value     Gradient |Var    Value     Gradient |Var    Value     Gradient
  1  0.03500 -7.76092e+02 |  2 -0.04116 -3.24442e+01 |  3 -0.01855 -4.04138e+01
  4  0.01760 -4.35613e+01 |  5  0.00536 -3.55593e+01 |  6 -0.01334 -3.45583e+01
  7 -0.01336 -3.54895e+01 |  8 -0.01304 -4.26420e+01 |  9 -0.07136 -1.69468e+01
 10 -0.02752 -1.31164e+01 | 11 -0.25028 -5.24881e-01 | 12  0.10096 -2.78688e+00
 13 -0.15354 -3.62953e-01 | 14 -0.06838  2.16133e-01 | 15 -0.08644  1.11431e+00
 16 -0.05286  2.19446e+00 | 17 -0.03243  3.02614e+00 | 18 -0.10652  1.77148e+00
 19 -0.04095  3.22443e+00 | 20  0.01425  4.61057e+00 | 21 -0.00826  3.15034e+00
 22 -0.02120  2.74705e+00 | 23 -0.07041  1.64856e+00 | 24  0.02279  3.31682e+00
 25 -0.08850  1.32216e+00 | 26 -0.08281  1.63827e+00 | 27 -0.01867  2.96259e+00
 28 -0.10198  1.41634e+00 | 29 -0.06081  2.07898e+00 | 30 -0.07193  1.68146e+00
 31  0.05286  2.89488e+00 | 32 -0.14830  2.20541e-01 | 33 -0.18651  1.56773e-01
 34 -0.08441  2.66520e-01 | 35 -0.07470  6.05534e-02 | 36 -0.06017  1.22577e-02
 37 -0.04887  1.05060e-03 | 38 -0.04969  2.18980e-03 | 39 -0.04946  4.30267e-04
 40 -0.04932  1.05465e-03 | 41 -0.72505  1.74319e+01 | 42 -0.52656  4.45020e+00
 43 -0.42719 -2.04128e+02 | 44 -0.34553  1.62499e+01 | 45 -0.15667 -7.78126e+02
 46 -0.75089  7.28614e+00 |
46 variables; iteration 420; function evaluation 485; phase 3
Function value -6.6741049e+01; maximum gradient component mag -4.4323e+02
Var    Value     Gradient |Var    Value     Gradient |Var    Value     Gradient
  1  0.03496 -4.43227e+02 |  2 -0.04095 -2.33373e+01 |  3 -0.01857 -2.75487e+01
  4  0.01782 -2.53719e+01 |  5  0.00520 -1.86972e+01 |  6 -0.01299 -1.62798e+01
  7 -0.01343 -1.61059e+01 |  8 -0.01294 -1.49819e+01 |  9 -0.07132 -4.92105e+00
 10 -0.02741 -2.90079e+00 | 11 -0.25043 -7.79300e-02 | 12  0.10107  1.49493e+00
 13 -0.15346  2.48420e-01 | 14 -0.06813  7.19523e-01 | 15 -0.08649  8.66588e-01
 16 -0.05267  1.25278e+00 | 17 -0.03238  1.56503e+00 | 18 -0.10630  9.38165e-01
 19 -0.04084  1.62951e+00 | 20  0.01427  2.57554e+00 | 21 -0.00800  2.12890e+00
 22 -0.02125  2.06318e+00 | 23 -0.07022  1.38399e+00 | 24  0.02288  3.14944e+00
 25 -0.08836  1.36114e+00 | 26 -0.08273  1.36626e+00 | 27 -0.01862  2.18533e+00
 28 -0.10178  1.04800e+00 | 29 -0.06077  1.26091e+00 | 30 -0.07191  9.10112e-01
 31  0.05300  1.74007e+00 | 32 -0.14809  2.54288e-01 | 33 -0.18645  1.36408e-01
 34 -0.08429  1.48284e-01 | 35 -0.07462  5.00099e-02 | 36 -0.06014  4.58497e-03
 37 -0.04881  7.53002e-04 | 38 -0.04964  1.11433e-04 | 39 -0.04939  1.10353e-03
 40 -0.04926  1.21900e-03 | 41 -0.72686  1.46131e+01 | 42 -0.52242  3.98745e+00
 43 -0.42644 -1.25431e+02 | 44 -0.33727  9.86721e+00 | 45 -0.15723 -3.66144e+02
 46 -0.82958  2.05025e+00 |
46 variables; iteration 440; function evaluation 510; phase 3
Function value -6.6769870e+01; maximum gradient component mag -1.0527e+03
Var    Value     Gradient |Var    Value     Gradient |Var    Value     Gradient
  1  0.03500 -8.13277e+02 |  2 -0.04127 -3.34836e+01 |  3 -0.01849 -4.14002e+01
  4  0.01754 -4.51018e+01 |  5  0.00538 -3.67326e+01 |  6 -0.01338 -3.56948e+01
  7 -0.01335 -3.67523e+01 |  8 -0.01311 -4.35329e+01 |  9 -0.07136 -1.73780e+01
 10 -0.02754 -1.32337e+01 | 11 -0.25031 -5.97375e-01 | 12  0.10098 -4.03146e+00
 13 -0.15362 -6.37366e-01 | 14 -0.06805 -3.38157e-01 | 15 -0.08683  5.32323e-01
 16 -0.05266  1.48743e+00 | 17 -0.03248  2.06405e+00 | 18 -0.10644  1.29092e+00
 19 -0.04084  2.44764e+00 | 20  0.01419  3.37721e+00 | 21 -0.00814  2.34183e+00
 22 -0.02125  2.21509e+00 | 23 -0.07053  1.29789e+00 | 24  0.02291  2.72084e+00
 25 -0.08871  1.06821e+00 | 26 -0.08274  1.40032e+00 | 27 -0.01870  2.43319e+00
 28 -0.10201  1.29674e+00 | 29 -0.06079  2.12372e+00 | 30 -0.07214  1.86318e+00
 31  0.05296  3.42419e+00 | 32 -0.14836  3.63634e-01 | 33 -0.18663  2.42521e-01
 34 -0.08429  3.47622e-01 | 35 -0.07481  1.01057e-01 | 36 -0.06020  1.75268e-02
 37 -0.04881  2.14389e-03 | 38 -0.04964  1.51837e-03 | 39 -0.04939  1.75189e-03
 40 -0.04926  2.06815e-03 | 41 -0.72540  1.74355e+01 | 42 -0.52735  4.39156e+00
 43 -0.42522 -1.85662e+02 | 44 -0.32483  1.66142e+01 | 45 -0.15756 -1.05269e+03
 46 -0.91719  2.48246e+00 |
46 variables; iteration 460; function evaluation 535; phase 3
Function value -6.6793082e+01; maximum gradient component mag -2.3240e+02
Var    Value     Gradient |Var    Value     Gradient |Var    Value     Gradient
  1  0.03496 -2.32400e+02 |  2 -0.04108 -1.22876e+01 |  3 -0.01852 -1.45501e+01
  4  0.01771 -1.32214e+01 |  5  0.00528 -8.77739e+00 |  6 -0.01313 -8.53815e+00
  7 -0.01338 -7.58860e+00 |  8 -0.01304 -6.00380e+00 |  9 -0.07127 -1.66258e+00
 10 -0.02747 -7.86529e-01 | 11 -0.25035  2.39432e-02 | 12  0.10107  8.65558e-01
 13 -0.15359  1.22054e-01 | 14 -0.06794  3.24516e-01 | 15 -0.08690  2.95208e-01
 16 -0.05251  4.11031e-01 | 17 -0.03246  4.81545e-01 | 18 -0.10632  2.86781e-01
 19 -0.04075  5.25265e-01 | 20  0.01420  7.77853e-01 | 21 -0.00792  6.12390e-01
 22 -0.02138  7.22011e-01 | 23 -0.07034  3.81764e-01 | 24  0.02297  9.85732e-01
 25 -0.08868  4.14969e-01 | 26 -0.08273  4.36888e-01 | 27 -0.01862  6.01165e-01
 28 -0.10194  2.67649e-01 | 29 -0.06077  3.58387e-01 | 30 -0.07216  2.31923e-01
 31  0.05308  3.82924e-01 | 32 -0.14842  4.44491e-02 | 33 -0.18671  2.86517e-02
 34 -0.08420  2.99908e-02 | 35 -0.07479  1.36607e-02 | 36 -0.06019  1.72089e-03
 37 -0.04879  9.26034e-04 | 38 -0.04962  1.44996e-04 | 39 -0.04937  9.12690e-04
 40 -0.04924  1.01777e-03 | 41 -0.72705  7.43725e+00 | 42 -0.52407  1.87535e+00
 43 -0.42400 -6.55135e+01 | 44 -0.31288  4.97442e+00 | 45 -0.15765 -1.91813e+02
 46 -0.99673 -2.95283e-01 |
46 variables; iteration 480; function evaluation 565; phase 3
Function value -6.6832949e+01; maximum gradient component mag -1.0542e+03
Var    Value     Gradient |Var    Value     Gradient |Var    Value     Gradient
  1  0.03494 -9.61268e+02 |  2 -0.04105 -4.47117e+01 |  3 -0.01849 -5.41097e+01
  4  0.01774 -5.36870e+01 |  5  0.00530 -4.22689e+01 |  6 -0.01310 -3.82814e+01
  7 -0.01333 -3.88749e+01 |  8 -0.01306 -3.99324e+01 |  9 -0.07119 -1.47025e+01
 10 -0.02747 -1.03940e+01 | 11 -0.25026 -4.32075e-01 | 12  0.10111 -4.70006e-01
 13 -0.15366 -2.76362e-02 | 14 -0.06792  6.23068e-01 | 15 -0.08708  1.15511e+00
 16 -0.05240  2.08448e+00 | 17 -0.03250  2.76077e+00 | 18 -0.10633  1.65609e+00
 19 -0.04068  2.98202e+00 | 20  0.01417  4.33010e+00 | 21 -0.00782  3.26714e+00
 22 -0.02155  2.90250e+00 | 23 -0.07031  1.85788e+00 | 24  0.02302  3.81967e+00
 25 -0.08884  1.53964e+00 | 26 -0.08277  1.73258e+00 | 27 -0.01858  2.92747e+00
 28 -0.10203  1.47924e+00 | 29 -0.06080  2.07897e+00 | 30 -0.07224  1.72679e+00
 31  0.05314  3.30945e+00 | 32 -0.14876  4.14248e-01 | 33 -0.18692  2.36939e-01
 34 -0.08414  3.11296e-01 | 35 -0.07487  7.96584e-02 | 36 -0.06021  1.23448e-02
 37 -0.04880  1.33993e-03 | 38 -0.04962  1.80895e-03 | 39 -0.04938  1.25946e-03
 40 -0.04925  1.35469e-03 | 41 -0.72792  2.57822e+01 | 42 -0.52334  6.90535e+00
 43 -0.42213 -1.92427e+02 | 44 -0.29619  2.07759e+01 | 45 -0.15754 -1.05418e+03
 46 -1.09060 -2.73888e+00 |
46 variables; iteration 500; function evaluation 592; phase 3
Function value -6.6872694e+01; maximum gradient component mag -1.2054e+03
Var    Value     Gradient |Var    Value     Gradient |Var    Value     Gradient
  1  0.03491 -1.20542e+03 |  2 -0.04104 -5.79701e+01 |  3 -0.01844 -6.96905e+01
  4  0.01773 -6.77316e+01 |  5  0.00534 -5.25098e+01 |  6 -0.01311 -4.70496e+01
  7 -0.01328 -4.72817e+01 |  8 -0.01310 -4.68689e+01 |  9 -0.07111 -1.68608e+01
 10 -0.02748 -1.16385e+01 | 11 -0.25019 -4.45269e-01 | 12  0.10114  7.60839e-01
 13 -0.15375  2.10189e-01 | 14 -0.06796  1.16519e+00 | 15 -0.08732  1.74353e+00
 16 -0.05228  2.93913e+00 | 17 -0.03259  3.84272e+00 | 18 -0.10633  2.27513e+00
 19 -0.04064  4.04376e+00 | 20  0.01413  5.99881e+00 | 21 -0.00774  4.60339e+00
 22 -0.02174  4.02716e+00 | 23 -0.07036  2.60839e+00 | 24  0.02307  5.36610e+00
 25 -0.08908  2.14610e+00 | 26 -0.08286  2.32753e+00 | 27 -0.01855  3.87887e+00
 28 -0.10217  1.89498e+00 | 29 -0.06086  2.57516e+00 | 30 -0.07237  2.09321e+00
 31  0.05317  4.09751e+00 | 32 -0.14923  5.22911e-01 | 33 -0.18723  2.99236e-01
 34 -0.08415  3.86323e-01 | 35 -0.07493  1.05717e-01 | 36 -0.06026  1.66527e-02
 37 -0.04884  1.23207e-03 | 38 -0.04966  1.79109e-03 | 39 -0.04942  1.14639e-03
 40 -0.04929  1.25343e-03 | 41 -0.72873  3.42899e+01 | 42 -0.52303  9.20756e+00
 43 -0.41964 -2.14400e+02 | 44 -0.27643  2.65130e+01 | 45 -0.15715 -1.13537e+03
 46 -1.18480 -6.83575e+00 |
46 variables; iteration 520; function evaluation 616; phase 3
Function value -6.6913875e+01; maximum gradient component mag -6.2663e+02
Var    Value     Gradient |Var    Value     Gradient |Var    Value     Gradient
  1  0.03491 -5.67771e+02 |  2 -0.04116 -2.35923e+01 |  3 -0.01839 -2.95301e+01
  4  0.01760 -3.22990e+01 |  5  0.00547 -2.62445e+01 |  6 -0.01331 -2.61924e+01
  7 -0.01318 -2.68196e+01 |  8 -0.01321 -3.42017e+01 |  9 -0.07101 -1.38696e+01
 10 -0.02756 -1.07256e+01 | 11 -0.25010 -3.39077e-01 | 12  0.10112 -1.55461e+00
 13 -0.15394 -2.82039e-01 | 14 -0.06811  3.80769e-01 | 15 -0.08765  1.25198e+00
 16 -0.05221  2.19910e+00 | 17 -0.03277  2.88752e+00 | 18 -0.10642  1.66905e+00
 19 -0.04070  3.00828e+00 | 20  0.01409  4.31879e+00 | 21 -0.00784  2.99519e+00
 22 -0.02189  2.74053e+00 | 23 -0.07060  1.66629e+00 | 24  0.02310  3.56673e+00
 25 -0.08944  1.49244e+00 | 26 -0.08303  1.75926e+00 | 27 -0.01855  3.09782e+00
 28 -0.10245  1.42609e+00 | 29 -0.06096  1.88951e+00 | 30 -0.07264  1.28405e+00
 31  0.05318  1.78604e+00 | 32 -0.15003 -1.06581e-02 | 33 -0.18770  2.82297e-02
 34 -0.08419  1.08403e-01 | 35 -0.07510  1.23907e-02 | 36 -0.06036  2.00984e-03
 37 -0.04891  1.55525e-03 | 38 -0.04974  4.26509e-04 | 39 -0.04950  1.14664e-03
 40 -0.04936  1.97533e-03 | 41 -0.72884  1.30704e+01 | 42 -0.52528  3.21039e+00
 43 -0.41657 -1.00577e+02 | 44 -0.25436  1.27434e+01 | 45 -0.15647 -6.26628e+02
 46 -1.26919 -6.68539e+00 |
46 variables; iteration 540; function evaluation 638; phase 3
Function value -6.6949405e+01; maximum gradient component mag -1.3464e+03
Var    Value     Gradient |Var    Value     Gradient |Var    Value     Gradient
  1  0.03488 -1.34644e+03 |  2 -0.04105 -6.14499e+01 |  3 -0.01841 -7.54057e+01
  4  0.01774 -7.43459e+01 |  5  0.00540 -5.92619e+01 |  6 -0.01312 -5.38463e+01
  7 -0.01317 -5.50409e+01 |  8 -0.01318 -5.70407e+01 |  9 -0.07086 -2.11365e+01
 10 -0.02755 -1.52157e+01 | 11 -0.25009 -5.30369e-01 | 12  0.10119 -1.03292e-01
 13 -0.15432 -1.11316e-01 | 14 -0.06805  1.00578e+00 | 15 -0.08814  1.73967e+00
 16 -0.05188  3.14743e+00 | 17 -0.03300  4.16908e+00 | 18 -0.10642  2.45849e+00
 19 -0.04059  4.47489e+00 | 20  0.01395  6.37943e+00 | 21 -0.00760  4.64996e+00
 22 -0.02229  3.99633e+00 | 23 -0.07042  2.56104e+00 | 24  0.02313  5.12425e+00
 25 -0.08981  2.04848e+00 | 26 -0.08300  2.35563e+00 | 27 -0.01856  4.10531e+00
 28 -0.10252  2.02426e+00 | 29 -0.06109  2.73989e+00 | 30 -0.07271  2.11586e+00
 31  0.05325  3.97026e+00 | 32 -0.15071  3.56748e-01 | 33 -0.18811  1.88200e-01
 34 -0.08418  3.08535e-01 | 35 -0.07522  5.47578e-02 | 36 -0.06043  1.04214e-02
 37 -0.04898  2.34350e-03 | 38 -0.04980  3.79194e-03 | 39 -0.04957  1.91844e-03
 40 -0.04944  2.31365e-03 | 41 -0.73070  3.66576e+01 | 42 -0.52301  9.69836e+00
 43 -0.41345 -1.94374e+02 | 44 -0.23375  3.03898e+01 | 45 -0.15564 -9.48241e+02
 46 -1.33346 -1.48370e+01 |
46 variables; iteration 560; function evaluation 662; phase 3
Function value -6.7042164e+01; maximum gradient component mag -3.7490e+03
Var    Value     Gradient |Var    Value     Gradient |Var    Value     Gradient
  1  0.03489 -3.74900e+03 |  2 -0.04109 -1.63798e+02 |  3 -0.01824 -1.99078e+02
  4  0.01769 -2.07004e+02 |  5  0.00562 -1.71747e+02 |  6 -0.01296 -1.53066e+02
  7 -0.01301 -1.62833e+02 |  8 -0.01302 -1.83896e+02 |  9 -0.07036 -7.14978e+01
 10 -0.02759 -5.16860e+01 | 11 -0.25040 -2.91887e+00 | 12  0.10127 -1.29057e+01
 13 -0.15397 -1.31180e+00 | 14 -0.06869  6.76998e-02 | 15 -0.08845  3.33701e+00
 16 -0.05114  7.33895e+00 | 17 -0.03373  1.01063e+01 | 18 -0.10594  6.47414e+00
 19 -0.04089  1.16019e+01 | 20  0.01378  1.73468e+01 | 21 -0.00731  1.35574e+01
 22 -0.02294  1.15178e+01 | 23 -0.07001  7.78514e+00 | 24  0.02322  1.56490e+01
 25 -0.09069  6.11321e+00 | 26 -0.08281  6.80767e+00 | 27 -0.01853  1.17070e+01
 28 -0.10269  6.18841e+00 | 29 -0.06160  9.06069e+00 | 30 -0.07248  8.20353e+00
 31  0.05344  1.63770e+01 | 32 -0.15194  2.32061e+00 | 33 -0.18846  1.38043e+00
 34 -0.08432  1.72190e+00 | 35 -0.07544  5.95922e-01 | 36 -0.06075  9.14923e-02
 37 -0.04915  3.92120e-03 | 38 -0.04998  3.01009e-03 | 39 -0.04975  4.70367e-03
 40 -0.04964  2.97877e-03 | 41 -0.73601  9.24121e+01 | 42 -0.51613  2.46571e+01
 43 -0.40784 -4.12918e+02 | 44 -0.19621  7.40999e+01 | 45 -0.15404 -2.14570e+03
 46 -1.41422 -5.41685e+01 |
46 variables; iteration 580; function evaluation 688; phase 3
Function value -6.8732104e+01; maximum gradient component mag -6.4936e+02
Var    Value     Gradient |Var    Value     Gradient |Var    Value     Gradient
  1  0.03516 -6.49359e+02 |  2 -0.04062 -6.00614e+01 |  3 -0.01849 -6.86396e+01
  4  0.01772 -4.82965e+01 |  5  0.00646 -2.54760e+01 |  6 -0.01253 -1.70456e+01
  7 -0.01235 -4.89289e-02 |  8 -0.01218  4.49684e+01 |  9 -0.06807  2.55106e+01
 10 -0.02821  2.04662e+01 | 11 -0.24976  1.39332e+00 | 12  0.10170  1.39328e+01
 13 -0.15463  2.86559e+00 | 14 -0.06970  2.71808e+00 | 15 -0.08891  8.81832e-01
 16 -0.04835  6.15365e-01 | 17 -0.03587  3.23579e+00 | 18 -0.10509  2.20697e+00
 19 -0.04155  4.26945e+00 | 20  0.01307  7.58511e+00 | 21 -0.00640  6.70575e+00
 22 -0.02508  5.94404e+00 | 23 -0.06651  3.86410e+00 | 24  0.02309  6.21059e+00
 25 -0.09317  2.39980e+00 | 26 -0.08126  1.60501e+00 | 27 -0.01807  2.36680e+00
 28 -0.10350  8.74592e-01 | 29 -0.06263  1.16671e+00 | 30 -0.07166  1.10180e+00
 31  0.05507  4.19904e+00 | 32 -0.15618  1.29477e+00 | 33 -0.18847  7.44366e-01
 34 -0.08362  7.19725e-01 | 35 -0.07691  4.55402e-01 | 36 -0.06185  3.79723e-02
 37 -0.04962  6.14413e-03 | 38 -0.05031  2.06041e-02 | 39 -0.05020  7.85258e-03
 40 -0.05020 -1.50738e-04 | 41 -0.75355  4.61983e+01 | 42 -0.49106  1.36486e+01
 43 -0.39844 -1.12405e+02 | 44 -0.11844  1.64079e+01 | 45 -0.15115  2.43673e+02
 46 -1.49925  9.60923e+00 |
46 variables; iteration 600; function evaluation 710; phase 3
Function value -6.9340981e+01; maximum gradient component mag -3.5031e+03
Var    Value     Gradient |Var    Value     Gradient |Var    Value     Gradient
  1  0.03488 -3.50313e+03 |  2 -0.04076 -1.73172e+02 |  3 -0.01838 -2.06559e+02
  4  0.01760 -1.89006e+02 |  5  0.00605 -1.40705e+02 |  6 -0.01280 -1.22044e+02
  7 -0.01252 -1.24050e+02 |  8 -0.01312 -1.17372e+02 |  9 -0.06916 -3.02590e+01
 10 -0.02775 -1.69335e+00 | 11 -0.25163  1.40767e+00 | 12  0.10157  2.20679e+01
 13 -0.15510  1.76382e+00 | 14 -0.06969  5.73592e+00 | 15 -0.09134  6.09402e+00
 16 -0.04960  7.77690e+00 | 17 -0.03551  6.70205e+00 | 18 -0.10688  3.65237e+00
 19 -0.04066  8.26391e+00 | 20  0.01255  1.24504e+01 | 21 -0.00659  9.94791e+00
 22 -0.02516  7.70019e+00 | 23 -0.07104  4.45200e+00 | 24  0.02406  9.25118e+00
 25 -0.09523  2.13641e+00 | 26 -0.08271  3.36517e+00 | 27 -0.01866  5.75403e+00
 28 -0.10438  3.09511e+00 | 29 -0.06255  5.13209e+00 | 30 -0.07429  4.06129e+00
 31  0.05419  8.81474e+00 | 32 -0.15877  2.18880e-01 | 33 -0.19206  3.05258e-01
 34 -0.08407  6.32918e-01 | 35 -0.07803 -4.96588e-01 | 36 -0.06152 -1.85818e-02
 37 -0.05003  1.31454e-03 | 38 -0.05089 -2.95509e-02 | 39 -0.05063 -9.91471e-03
 40 -0.05056 -1.52369e-02 | 41 -0.74255  1.18561e+02 | 42 -0.51790  2.93058e+01
 43 -0.38351 -2.52404e+02 | 44 -0.09878  9.93437e+01 | 45 -0.14718 -8.61242e+02
 46 -1.57501 -5.74950e+01 |
46 variables; iteration 620; function evaluation 731; phase 3
Function value -6.9417093e+01; maximum gradient component mag 1.0524e+01
Var    Value     Gradient |Var    Value     Gradient |Var    Value     Gradient
  1  0.03468  6.06142e+00 |  2 -0.04077  1.48939e-01 |  3 -0.01795  2.10308e-01
  4  0.01777  2.64601e-01 |  5  0.00591  5.24824e-01 |  6 -0.01265  1.91398e-01
  7 -0.01232  4.33326e-01 |  8 -0.01334  4.74345e-01 |  9 -0.06917  2.19100e-01
 10 -0.02781  1.68955e-01 | 11 -0.25013  2.11505e-02 | 12  0.10176  6.54952e-02
 13 -0.15549  8.91903e-03 | 14 -0.06987  1.22267e-02 | 15 -0.09210  3.99276e-03
 16 -0.04965 -2.22213e-03 | 17 -0.03546 -6.52618e-03 | 18 -0.10662 -8.56943e-03
 19 -0.04050 -6.19416e-03 | 20  0.01274 -1.54357e-02 | 21 -0.00649 -2.59489e-02
 22 -0.02591  8.96465e-03 | 23 -0.07048 -2.21420e-02 | 24  0.02356 -2.57235e-02
 25 -0.09408 -1.43639e-02 | 26 -0.08389 -9.99969e-03 | 27 -0.01854 -3.45015e-02
 28 -0.10437 -2.93222e-02 | 29 -0.06322 -2.97023e-02 | 30 -0.07345 -3.23710e-02
 31  0.05355 -9.41789e-02 | 32 -0.15872 -2.08700e-02 | 33 -0.19313 -8.75659e-03
 34 -0.08486 -9.63041e-03 | 35 -0.07654 -4.37671e-03 | 36 -0.06181 -6.91272e-04
 37 -0.05014  8.34051e-05 | 38 -0.05084  5.25715e-05 | 39 -0.05063  4.38682e-05
 40 -0.05052  9.08950e-05 | 41 -0.74407 -1.14599e-01 | 42 -0.51231 -7.05615e-02
 43 -0.37631 -2.68520e+00 | 44 -0.08810 -1.46795e-01 | 45 -0.14517  1.05242e+01
 46 -1.60193 -4.41870e-02 |
46 variables; iteration 640; function evaluation 751; phase 3
Function value -6.9423205e+01; maximum gradient component mag -6.1411e+02
Var    Value     Gradient |Var    Value     Gradient |Var    Value     Gradient
  1  0.03468 -6.14110e+02 |  2 -0.04083 -4.41518e+01 |  3 -0.01797 -4.87523e+01
  4  0.01767 -3.42427e+01 |  5  0.00592 -1.74404e+01 |  6 -0.01278 -1.35902e+01
  7 -0.01232 -1.22582e+01 |  8 -0.01349 -8.78268e+00 |  9 -0.06927  4.13500e+00
 10 -0.02777  1.20609e+01 | 11 -0.25038  1.29345e+00 | 12  0.10170  8.28876e+00
 13 -0.15540  3.92984e-01 | 14 -0.06948  4.11726e-01 | 15 -0.09283 -1.09886e-01
 16 -0.04944  3.38143e-01 | 17 -0.03552 -2.50333e-01 | 18 -0.10676 -8.26288e-03
 19 -0.04042  1.40573e+00 | 20  0.01269  3.40499e+00 | 21 -0.00636  2.88797e+00
 22 -0.02618  2.57041e+00 | 23 -0.07054  3.08510e+00 | 24  0.02353  9.71815e+00
 25 -0.09382  4.65590e+00 | 26 -0.08422  5.29645e+00 | 27 -0.01851  9.27815e+00
 28 -0.10442  4.71808e+00 | 29 -0.06349  6.86946e+00 | 30 -0.07305  6.70406e+00
 31  0.05325  1.43429e+01 | 32 -0.15778  2.69532e+00 | 33 -0.19318  1.46395e+00
 34 -0.08502  1.70665e+00 | 35 -0.07661  4.56082e-01 | 36 -0.06197  1.57521e-02
 37 -0.05015 -1.01964e-02 | 38 -0.05086 -1.54116e-02 | 39 -0.05061 -3.77058e-03
 40 -0.05052 -9.31895e-03 | 41 -0.74239  3.90157e+01 | 42 -0.51684  9.66091e+00
 43 -0.37515 -4.08687e+01 | 44 -0.08681  2.15639e+01 | 45 -0.14594 -9.75310e+01
 46 -1.59216 -7.94401e+00 |
46 variables; iteration 660; function evaluation 774; phase 3
Function value -6.9456181e+01; maximum gradient component mag -1.4812e+02
Var    Value     Gradient |Var    Value     Gradient |Var    Value     Gradient
  1  0.03468 -1.48121e+02 |  2 -0.04075 -6.82696e+00 |  3 -0.01796 -8.19689e+00
  4  0.01781 -8.36901e+00 |  5  0.00589 -6.83939e+00 |  6 -0.01259 -5.87429e+00
  7 -0.01232 -6.24170e+00 |  8 -0.01341 -7.70648e+00 |  9 -0.06907 -3.01419e+00
 10 -0.02788 -1.94457e+00 | 11 -0.24976 -4.10743e-02 | 12  0.10189  5.56688e-01
 13 -0.15545  7.47812e-02 | 14 -0.06902  2.27259e-01 | 15 -0.09210  3.55471e-01
 16 -0.04948  6.15171e-01 | 17 -0.03510  7.77447e-01 | 18 -0.10641  4.33145e-01
 19 -0.04020  7.61567e-01 | 20  0.01285  1.07184e+00 | 21 -0.00624  7.64132e-01
 22 -0.02577  6.02337e-01 | 23 -0.07024  4.13726e-01 | 24  0.02379  8.46927e-01
 25 -0.09399  3.27205e-01 | 26 -0.08360  3.81622e-01 | 27 -0.01838  6.04700e-01
 28 -0.10432  2.59846e-01 | 29 -0.06290  3.64460e-01 | 30 -0.07370  3.27363e-01
 31  0.05396  5.35966e-01 | 32 -0.15817  3.22378e-02 | 33 -0.19270  1.78008e-02
 34 -0.08423  3.40867e-02 | 35 -0.07688 -1.76535e-02 | 36 -0.06177 -5.05890e-03
 37 -0.04987 -6.18583e-04 | 38 -0.05054  1.51449e-03 | 39 -0.05035  2.57818e-05
 40 -0.05025  3.24332e-05 | 41 -0.74484  4.39032e+00 | 42 -0.51157  1.09634e+00
 43 -0.37573 -1.00147e+01 | 44 -0.08691  4.88685e+00 | 45 -0.14882 -4.71174e+01
 46 -1.54761 -3.21540e+00 |
46 variables; iteration 680; function evaluation 800; phase 3
Function value -6.9481335e+01; maximum gradient component mag -5.4856e+02
Var    Value     Gradient |Var    Value     Gradient |Var    Value     Gradient
  1  0.03470 -5.48561e+02 |  2 -0.04076 -2.39640e+01 |  3 -0.01798 -2.92845e+01
  4  0.01780 -2.96599e+01 |  5  0.00590 -2.44036e+01 |  6 -0.01257 -2.16156e+01
  7 -0.01234 -2.25830e+01 |  8 -0.01343 -2.33993e+01 |  9 -0.06901 -9.24008e+00
 10 -0.02794 -6.85227e+00 | 11 -0.24957 -3.77158e-01 | 12  0.10197 -2.03277e+00
 13 -0.15550 -2.88522e-01 | 14 -0.06831 -2.10355e-01 | 15 -0.09219  1.16564e-01
 16 -0.04925  7.06630e-01 | 17 -0.03493  1.06881e+00 | 18 -0.10619  7.22395e-01
 19 -0.04000  1.35505e+00 | 20  0.01288  1.85341e+00 | 21 -0.00600  1.41994e+00
 22 -0.02570  1.07693e+00 | 23 -0.06995  8.12165e-01 | 24  0.02393  1.54284e+00
 25 -0.09390  5.65736e-01 | 26 -0.08332  7.24761e-01 | 27 -0.01830  1.28201e+00
 28 -0.10424  6.81365e-01 | 29 -0.06264  1.04946e+00 | 30 -0.07388  9.82508e-01
 31  0.05427  2.10243e+00 | 32 -0.15767  2.44729e-01 | 33 -0.19228  1.34046e-01
 34 -0.08380  1.91699e-01 | 35 -0.07707  3.52938e-02 | 36 -0.06172  8.19814e-03
 37 -0.04966  8.06594e-04 | 38 -0.05033  1.59537e-03 | 39 -0.05014  3.63479e-04
 40 -0.05005  5.92837e-04 | 41 -0.74535  1.43282e+01 | 42 -0.51107  3.63164e+00
 43 -0.37617 -3.42643e+01 | 44 -0.08743  1.63575e+01 | 45 -0.15148 -2.20883e+02
 46 -1.49238 -9.24729e+00 |
46 variables; iteration 700; function evaluation 826; phase 3
Function value -6.9497405e+01; maximum gradient component mag -5.3311e+02
Var    Value     Gradient |Var    Value     Gradient |Var    Value     Gradient
  1  0.03472 -5.33107e+02 |  2 -0.04079 -2.38619e+01 |  3 -0.01800 -2.90084e+01
  4  0.01778 -2.94513e+01 |  5  0.00591 -2.41419e+01 |  6 -0.01258 -2.13301e+01
  7 -0.01236 -2.21400e+01 |  8 -0.01344 -2.30246e+01 |  9 -0.06897 -9.16766e+00
 10 -0.02798 -6.84116e+00 | 11 -0.24947 -3.80006e-01 | 12  0.10200 -2.04085e+00
 13 -0.15544 -2.74161e-01 | 14 -0.06793 -1.16126e-01 | 15 -0.09211  2.73978e-01
 16 -0.04917  8.87082e-01 | 17 -0.03479  1.29899e+00 | 18 -0.10604  8.88999e-01
 19 -0.03994  1.70739e+00 | 20  0.01297  2.56230e+00 | 21 -0.00597  2.07677e+00
 22 -0.02552  1.74371e+00 | 23 -0.06987  1.22795e+00 | 24  0.02402  2.41417e+00
 25 -0.09381  9.09150e-01 | 26 -0.08318  1.03809e+00 | 27 -0.01823  1.75652e+00
 28 -0.10419  8.84389e-01 | 29 -0.06249  1.24035e+00 | 30 -0.07399  1.05780e+00
 31  0.05447  2.17249e+00 | 32 -0.15731  2.70057e-01 | 33 -0.19198  1.55367e-01
 34 -0.08354  2.15186e-01 | 35 -0.07718  6.10604e-02 | 36 -0.06170  1.24629e-02
 37 -0.04953  7.05766e-04 | 38 -0.05019  7.05200e-04 | 39 -0.05001  5.03270e-04
 40 -0.04991  2.34369e-04 | 41 -0.74561  1.45087e+01 | 42 -0.51100  3.68635e+00
 43 -0.37652 -3.35887e+01 | 44 -0.08779  1.60464e+01 | 45 -0.15326 -2.70717e+02
 46 -1.44158 -8.28668e+00 |
46 variables; iteration 720; function evaluation 850; phase 3
Function value -6.9508887e+01; maximum gradient component mag -4.3449e+02
Var    Value     Gradient |Var    Value     Gradient |Var    Value     Gradient
  1  0.03473 -4.34495e+02 |  2 -0.04081 -1.97494e+01 |  3 -0.01802 -2.39440e+01
  4  0.01777 -2.43146e+01 |  5  0.00591 -1.98698e+01 |  6 -0.01258 -1.74564e+01
  7 -0.01237 -1.81385e+01 |  8 -0.01346 -1.92823e+01 |  9 -0.06894 -7.63527e+00
 10 -0.02802 -5.53643e+00 | 11 -0.24940 -2.78651e-01 | 12  0.10203 -9.08938e-01
 13 -0.15536 -9.34279e-02 | 14 -0.06768  1.92562e-01 | 15 -0.09201  5.36606e-01
 16 -0.04914  1.08132e+00 | 17 -0.03468  1.41516e+00 | 18 -0.10594  8.85341e-01
 19 -0.03989  1.60181e+00 | 20  0.01303  2.38274e+00 | 21 -0.00593  1.89945e+00
 22 -0.02541  1.61088e+00 | 23 -0.06981  1.08982e+00 | 24  0.02410  2.17393e+00
 25 -0.09376  8.27662e-01 | 26 -0.08307  9.29920e-01 | 27 -0.01818  1.57530e+00
 28 -0.10416  7.87805e-01 | 29 -0.06237  1.08488e+00 | 30 -0.07408  9.02538e-01
 31  0.05462  1.80752e+00 | 32 -0.15706  2.20912e-01 | 33 -0.19176  1.31875e-01
 34 -0.08334  1.78044e-01 | 35 -0.07729  5.14427e-02 | 36 -0.06170  8.38397e-03
 37 -0.04943  6.39197e-04 | 38 -0.05008  3.68832e-04 | 39 -0.04990  5.61438e-04
 40 -0.04982  5.00536e-04 | 41 -0.74576  1.22288e+01 | 42 -0.51108  3.10459e+00
 43 -0.37678 -2.76699e+01 | 44 -0.08804  1.32233e+01 | 45 -0.15457 -2.72878e+02
 46 -1.39028 -6.12992e+00 |
46 variables; iteration 740; function evaluation 876; phase 3
Function value -6.9516473e+01; maximum gradient component mag -1.6407e+02
Var    Value     Gradient |Var    Value     Gradient |Var    Value     Gradient
  1  0.03474 -1.64068e+02 |  2 -0.04082 -6.65701e+00 |  3 -0.01802 -8.25257e+00
  4  0.01778 -8.37463e+00 |  5  0.00590 -7.01776e+00 |  6 -0.01256 -6.32348e+00
  7 -0.01239 -6.65202e+00 |  8 -0.01347 -6.38298e+00 |  9 -0.06893 -2.58809e+00
 10 -0.02804 -2.13306e+00 | 11 -0.24932 -1.59148e-01 | 12  0.10206 -1.59326e+00
 13 -0.15544 -2.54993e-01 | 14 -0.06737 -4.18491e-01 | 15 -0.09216 -3.64050e-01
 16 -0.04900 -2.37247e-01 | 17 -0.03465 -1.50688e-01 | 18 -0.10588 -1.13684e-02
 19 -0.03979  7.95317e-02 | 20  0.01299  7.40477e-02 | 21 -0.00577  5.42901e-02
 22 -0.02548 -3.30343e-02 | 23 -0.06964  1.74477e-02 | 24  0.02414 -9.82968e-02
 25 -0.09377 -8.80534e-02 | 26 -0.08294 -2.20333e-02 | 27 -0.01815  2.67300e-02
 28 -0.10414  6.22371e-02 | 29 -0.06228  1.95673e-01 | 30 -0.07414  2.62442e-01
 31  0.05472  7.38958e-01 | 32 -0.15688  1.14540e-01 | 33 -0.19163  5.66745e-02
 34 -0.08319  8.01625e-02 | 35 -0.07736  2.11738e-02 | 36 -0.06168  5.49963e-03
 37 -0.04936  2.28197e-04 | 38 -0.05001  6.39922e-04 | 39 -0.04984  4.13555e-05
 40 -0.04975  7.66443e-05 | 41 -0.74594  3.67464e+00 | 42 -0.51087  9.39266e-01
 43 -0.37692 -9.81064e+00 | 44 -0.08820  4.56861e+00 | 45 -0.15546 -1.09848e+02
 46 -1.34338 -1.92922e+00 |
46 variables; iteration 760; function evaluation 903; phase 3
Function value -6.9521469e+01; maximum gradient component mag -3.7561e+02
Var    Value     Gradient |Var    Value     Gradient |Var    Value     Gradient
  1  0.03475 -3.75613e+02 |  2 -0.04085 -1.72667e+01 |  3 -0.01804 -2.08960e+01
  4  0.01776 -2.12650e+01 |  5  0.00590 -1.73939e+01 |  6 -0.01257 -1.51612e+01
  7 -0.01240 -1.58479e+01 |  8 -0.01348 -1.73616e+01 |  9 -0.06891 -6.79940e+00
 10 -0.02806 -4.70639e+00 | 11 -0.24931 -2.04048e-01 | 12  0.10206  1.44782e-01
 13 -0.15527  7.66761e-02 | 14 -0.06739  4.92345e-01 | 15 -0.09191  8.10054e-01
 16 -0.04910  1.29072e+00 | 17 -0.03455  1.55648e+00 | 18 -0.10583  9.10870e-01
 19 -0.03983  1.55744e+00 | 20  0.01308  2.27637e+00 | 21 -0.00586  1.77729e+00
 22 -0.02530  1.49659e+00 | 23 -0.06972  9.84252e-01 | 24  0.02418  2.03419e+00
 25 -0.09370  7.91224e-01 | 26 -0.08294  8.74717e-01 | 27 -0.01812  1.48015e+00
 28 -0.10413  7.30951e-01 | 29 -0.06224  9.73226e-01 | 30 -0.07418  7.70322e-01
 31  0.05479  1.44664e+00 | 32 -0.15676  1.66145e-01 | 33 -0.19150  1.05357e-01
 34 -0.08311  1.39846e-01 | 35 -0.07741  4.19103e-02 | 36 -0.06169  5.95198e-03
 37 -0.04931  4.66840e-04 | 38 -0.04996  2.70193e-04 | 39 -0.04979  5.38748e-04
 40 -0.04970  4.69016e-04 | 41 -0.74593  1.09182e+01 | 42 -0.51120  2.76690e+00
 43 -0.37708 -2.42397e+01 | 44 -0.08833  1.15725e+01 | 45 -0.15610 -3.22692e+02
 46 -1.29941 -4.15478e+00 |
46 variables; iteration 780; function evaluation 929; phase 3
Function value -6.9525202e+01; maximum gradient component mag -1.0361e+02
Var    Value     Gradient |Var    Value     Gradient |Var    Value     Gradient
  1  0.03475 -1.03609e+02 |  2 -0.04084 -4.49675e+00 |  3 -0.01804 -5.50617e+00
  4  0.01776 -5.63451e+00 |  5  0.00591 -4.66117e+00 |  6 -0.01257 -4.18782e+00
  7 -0.01239 -4.27031e+00 |  8 -0.01348 -4.11530e+00 |  9 -0.06890 -1.67104e+00
 10 -0.02807 -1.30758e+00 | 11 -0.24927 -8.22807e-02 | 12  0.10208 -7.13988e-01
 13 -0.15535 -1.12971e-01 | 14 -0.06718 -1.64587e-01 | 15 -0.09206 -1.06050e-01
 16 -0.04898 -1.57475e-02 | 17 -0.03454  4.15784e-02 | 18 -0.10579  6.49239e-02
 19 -0.03975  1.68521e-01 | 20  0.01305  2.50660e-01 | 21 -0.00575  2.22779e-01
 22 -0.02537  1.92512e-01 | 23 -0.06958  1.94246e-01 | 24  0.02419  4.26948e-01
 25 -0.09367  1.87061e-01 | 26 -0.08288  2.03085e-01 | 27 -0.01810  3.26405e-01
 28 -0.10411  1.58009e-01 | 29 -0.06219  2.19025e-01 | 30 -0.07421  1.87269e-01
 31  0.05485  3.95187e-01 | 32 -0.15667  4.20450e-02 | 33 -0.19144  2.33718e-02
 34 -0.08302  3.44350e-02 | 35 -0.07745  8.55848e-03 | 36 -0.06167  2.42999e-03
 37 -0.04928  1.98427e-04 | 38 -0.04992 -7.26587e-05 | 39 -0.04975  6.65930e-05
 40 -0.04966  7.30369e-05 | 41 -0.74610  2.55829e+00 | 42 -0.51087  6.53611e-01
 43 -0.37714 -6.32585e+00 | 44 -0.08842  2.97236e+00 | 45 -0.15657 -9.31208e+01
 46 -1.25748 -9.73014e-01 |
46 variables; iteration 800; function evaluation 956; phase 3
Function value -6.9527883e+01; maximum gradient component mag -2.1340e+02
Var    Value     Gradient |Var    Value     Gradient |Var    Value     Gradient
  1  0.03476 -2.07850e+02 |  2 -0.04085 -9.17465e+00 |  3 -0.01805 -1.11893e+01
  4  0.01776 -1.14001e+01 |  5  0.00590 -9.41171e+00 |  6 -0.01257 -8.28893e+00
  7 -0.01240 -8.68383e+00 |  8 -0.01349 -9.14367e+00 |  9 -0.06889 -3.61855e+00
 10 -0.02808 -2.63007e+00 | 11 -0.24925 -1.39083e-01 | 12  0.10208 -5.30449e-01
 13 -0.15532 -6.50311e-02 | 14 -0.06712  3.38629e-02 | 15 -0.09202  1.73754e-01
 16 -0.04898  4.00293e-01 | 17 -0.03451  5.24410e-01 | 18 -0.10576  3.33780e-01
 19 -0.03974  6.01443e-01 | 20  0.01306  8.49432e-01 | 21 -0.00575  6.58901e-01
 22 -0.02533  5.18311e-01 | 23 -0.06959  3.60973e-01 | 24  0.02422  7.05877e-01
 25 -0.09369  2.59074e-01 | 26 -0.08283  3.17847e-01 | 27 -0.01809  5.65998e-01
 28 -0.10410  3.00595e-01 | 29 -0.06216  4.45990e-01 | 30 -0.07424  3.94813e-01
 31  0.05488  8.36190e-01 | 32 -0.15659  1.07299e-01 | 33 -0.19138  6.21700e-02
 34 -0.08297  8.41419e-02 | 35 -0.07748  2.45514e-02 | 36 -0.06167  4.46566e-03
 37 -0.04925  2.67765e-04 | 38 -0.04989  3.46443e-04 | 39 -0.04972  2.32173e-04
 40 -0.04964  2.18024e-04 | 41 -0.74610  5.57554e+00 | 42 -0.51100  1.41633e+00
 43 -0.37721 -1.30909e+01 | 44 -0.08849  6.18690e+00 | 45 -0.15694 -2.13398e+02
 46 -1.21358 -1.60440e+00 |
46 variables; iteration 820; function evaluation 979; phase 3
Function value -6.9529755e+01; maximum gradient component mag -1.9028e+02
Var    Value     Gradient |Var    Value     Gradient |Var    Value     Gradient
  1  0.03476 -1.64370e+02 |  2 -0.04087 -7.62314e+00 |  3 -0.01805 -9.20637e+00
  4  0.01776 -9.35983e+00 |  5  0.00589 -7.66195e+00 |  6 -0.01256 -6.57927e+00
  7 -0.01241 -7.01926e+00 |  8 -0.01349 -8.13143e+00 |  9 -0.06888 -3.12311e+00
 10 -0.02809 -2.02610e+00 | 11 -0.24925 -6.81260e-02 | 12  0.10208  7.06075e-01
 13 -0.15526  1.44661e-01 | 14 -0.06712  4.57470e-01 | 15 -0.09190  6.06721e-01
 16 -0.04903  8.34487e-01 | 17 -0.03446  9.37365e-01 | 18 -0.10575  5.09320e-01
 19 -0.03976  8.06720e-01 | 20  0.01310  1.13820e+00 | 21 -0.00579  8.49081e-01
 22 -0.02525  6.81646e-01 | 23 -0.06964  3.85675e-01 | 24  0.02425  7.59937e-01
 25 -0.09370  2.67651e-01 | 26 -0.08281  3.19303e-01 | 27 -0.01809  5.81108e-01
 28 -0.10410  3.05695e-01 | 29 -0.06214  4.23983e-01 | 30 -0.07425  3.42277e-01
 31  0.05491  6.41459e-01 | 32 -0.15653  8.31576e-02 | 33 -0.19132  5.40740e-02
 34 -0.08293  6.84054e-02 | 35 -0.07750  2.31017e-02 | 36 -0.06167  2.37415e-03
 37 -0.04923  1.34538e-04 | 38 -0.04987  3.07744e-04 | 39 -0.04970  3.21097e-04
 40 -0.04962  2.58656e-04 | 41 -0.74607  5.01490e+00 | 42 -0.51122  1.26681e+00
 43 -0.37728 -1.08323e+01 | 44 -0.08854  5.18104e+00 | 45 -0.15722 -1.90280e+02
 46 -1.16812 -1.03763e+00 |
46 variables; iteration 840; function evaluation 1003; phase 3
Function value -6.9530703e+01; maximum gradient component mag -1.3179e+02
Var    Value     Gradient |Var    Value     Gradient |Var    Value     Gradient
  1  0.03476 -1.09585e+02 |  2 -0.04086 -4.98851e+00 |  3 -0.01805 -6.04844e+00
  4  0.01776 -6.15850e+00 |  5  0.00590 -5.06108e+00 |  6 -0.01257 -4.38678e+00
  7 -0.01241 -4.65218e+00 |  8 -0.01349 -5.20458e+00 |  9 -0.06888 -2.02427e+00
 10 -0.02810 -1.37743e+00 | 11 -0.24923 -5.76156e-02 | 12  0.10209  1.77603e-01
 13 -0.15528  4.68564e-02 | 14 -0.06704  2.00161e-01 | 15 -0.09196  2.92399e-01
 16 -0.04898  4.33882e-01 | 17 -0.03446  5.02354e-01 | 18 -0.10573  2.82721e-01
 19 -0.03973  4.60465e-01 | 20  0.01309  6.49944e-01 | 21 -0.00575  4.90372e-01
 22 -0.02527  3.91235e-01 | 23 -0.06958  2.31379e-01 | 24  0.02425  4.49673e-01
 25 -0.09368  1.58010e-01 | 26 -0.08279  1.93273e-01 | 27 -0.01808  3.55162e-01
 28 -0.10409  1.90359e-01 | 29 -0.06212  2.71765e-01 | 30 -0.07427  2.28389e-01
 31  0.05494  4.52909e-01 | 32 -0.15650  6.07092e-02 | 33 -0.19130  3.74893e-02
 34 -0.08290  4.82604e-02 | 35 -0.07752  1.60364e-02 | 36 -0.06167  2.07834e-03
 37 -0.04921  1.24496e-04 | 38 -0.04986  1.75361e-04 | 39 -0.04969  1.87438e-04
 40 -0.04960  1.54485e-04 | 41 -0.74614  3.19653e+00 | 42 -0.51108  8.09156e-01
 43 -0.37731 -7.10194e+00 | 44 -0.08857  3.38150e+00 | 45 -0.15740 -1.31788e+02
 46 -1.12992 -5.26324e-01 |
46 variables; iteration 860; function evaluation 1029; phase 3
Function value -6.9531021e+01; maximum gradient component mag -2.7578e+01
Var    Value     Gradient |Var    Value     Gradient |Var    Value     Gradient
  1  0.03476 -2.23706e+01 |  2 -0.04086 -1.00886e+00 |  3 -0.01805 -1.22503e+00
  4  0.01775 -1.24683e+00 |  5  0.00590 -1.02735e+00 |  6 -0.01257 -8.89027e-01
  7 -0.01241 -9.49273e-01 |  8 -0.01349 -1.06799e+00 |  9 -0.06888 -4.13440e-01
 10 -0.02810 -2.80233e-01 | 11 -0.24922 -1.19651e-02 | 12  0.10210  3.55371e-02
 13 -0.15530  9.29864e-03 | 14 -0.06700  3.99445e-02 | 15 -0.09199  5.90186e-02
 16 -0.04896  8.71628e-02 | 17 -0.03446  1.00294e-01 | 18 -0.10572  5.60272e-02
 19 -0.03972  9.00481e-02 | 20  0.01308  1.25125e-01 | 21 -0.00572  9.31304e-02
 22 -0.02529  7.20834e-02 | 23 -0.06955  4.04753e-02 | 24  0.02425  7.53234e-02
 25 -0.09366  2.41823e-02 | 26 -0.08278  3.22583e-02 | 27 -0.01807  6.26255e-02
 28 -0.10409  3.54171e-02 | 29 -0.06211  5.31266e-02 | 30 -0.07428  4.63299e-02
 31  0.05495  9.52370e-02 | 32 -0.15648  1.33011e-02 | 33 -0.19128  7.97897e-03
 34 -0.08288  9.86954e-03 | 35 -0.07753  3.39399e-03 | 36 -0.06166  2.95144e-04
 37 -0.04921  3.04632e-05 | 38 -0.04985  5.65771e-05 | 39 -0.04968  5.16773e-05
 40 -0.04960  6.06962e-05 | 41 -0.74618  6.46532e-01 | 42 -0.51100  1.63570e-01
 43 -0.37732 -1.44791e+00 | 44 -0.08860  6.88552e-01 | 45 -0.15750 -2.75777e+01
 46 -1.10071 -8.41515e-02 |
  ic > imax  in fminim is answer attained ?
Var    Value     Gradient |Var    Value     Gradient |Var    Value     Gradient
  1  0.03476 -1.03970e-03 |  2 -0.04086 -5.43624e-05 |  3 -0.01805 -6.46142e-05
  4  0.01775 -6.67437e-05 |  5  0.00590 -5.27188e-05 |  6 -0.01257 -4.81098e-05
  7 -0.01241 -4.36194e-05 |  8 -0.01349 -3.86460e-05 |  9 -0.06888 -1.69240e-05
 10 -0.02810 -1.30918e-05 | 11 -0.24922 -5.14877e-07 | 12  0.10210 -4.61341e-06
 13 -0.15530 -6.39863e-07 | 14 -0.06699 -6.28597e-07 | 15 -0.09200  3.23014e-08
 16 -0.04895  1.42501e-06 | 17 -0.03446  2.61109e-06 | 18 -0.10572  2.18454e-06
 19 -0.03972  5.19963e-06 | 20  0.01308  9.29538e-06 | 21 -0.00572  8.63641e-06
 22 -0.02529  9.27055e-06 | 23 -0.06954  8.52085e-06 | 24  0.02425  2.09503e-05
 25 -0.09366  1.01322e-05 | 26 -0.08278  9.32224e-06 | 27 -0.01807  1.32046e-05
 28 -0.10409  5.04884e-06 | 29 -0.06210  4.58843e-06 | 30 -0.07428  2.07990e-06
 31  0.05495  9.16944e-07 | 32 -0.15648 -6.32092e-07 | 33 -0.19128 -1.83721e-07
 34 -0.08287  5.94955e-08 | 35 -0.07753 -1.10316e-07 | 36 -0.06166  8.45236e-08
 37 -0.04920 -2.20064e-10 | 38 -0.04985 -1.77186e-08 | 39 -0.04968 -7.67046e-09
 40 -0.04959 -1.67182e-08 | 41 -0.74619  3.15427e-05 | 42 -0.51098  8.12090e-06
 43 -0.37733 -6.58006e-05 | 44 -0.08860  3.14848e-05 | 45 -0.15752 -1.37462e-03
 46 -1.09212 -3.67083e-06 |
Function minimizer not making progress ... is minimum attained?
Minimprove criterion = 0.0000e+00

 - final statistics:
46 variables; iteration 879; function evaluation 1080
Function value -6.9531e+01; maximum gradient component mag -1.3746e-03
Exit code = 1;  converg criter 1.0000e-04
Var    Value     Gradient |Var    Value     Gradient |Var    Value     Gradient
  1  0.03476 -1.03970e-03 |  2 -0.04086 -5.43624e-05 |  3 -0.01805 -6.46142e-05
  4  0.01775 -6.67437e-05 |  5  0.00590 -5.27188e-05 |  6 -0.01257 -4.81098e-05
  7 -0.01241 -4.36194e-05 |  8 -0.01349 -3.86460e-05 |  9 -0.06888 -1.69240e-05
 10 -0.02810 -1.30918e-05 | 11 -0.24922 -5.14877e-07 | 12  0.10210 -4.61341e-06
 13 -0.15530 -6.39863e-07 | 14 -0.06699 -6.28597e-07 | 15 -0.09200  3.23014e-08
 16 -0.04895  1.42501e-06 | 17 -0.03446  2.61109e-06 | 18 -0.10572  2.18454e-06
 19 -0.03972  5.19963e-06 | 20  0.01308  9.29538e-06 | 21 -0.00572  8.63641e-06
 22 -0.02529  9.27055e-06 | 23 -0.06954  8.52085e-06 | 24  0.02425  2.09503e-05
 25 -0.09366  1.01322e-05 | 26 -0.08278  9.32224e-06 | 27 -0.01807  1.32046e-05
 28 -0.10409  5.04884e-06 | 29 -0.06210  4.58843e-06 | 30 -0.07428  2.07990e-06
 31  0.05495  9.16944e-07 | 32 -0.15648 -6.32092e-07 | 33 -0.19128 -1.83721e-07
 34 -0.08287  5.94955e-08 | 35 -0.07753 -1.10316e-07 | 36 -0.06166  8.45236e-08
 37 -0.04920 -2.20064e-10 | 38 -0.04985 -1.77186e-08 | 39 -0.04968 -7.67046e-09
 40 -0.04959 -1.67182e-08 | 41 -0.74619  3.15427e-05 | 42 -0.51098  8.12090e-06
 43 -0.37733 -6.58006e-05 | 44 -0.08860  3.14848e-05 | 45 -0.15752 -1.37462e-03
 46 -1.09212 -3.67083e-06 |

Initial statistics: 47 variables; iteration 0; function evaluation 0; phase 4
Function value -6.9531039e+01; maximum gradient component mag -1.3746e-03
Var    Value     Gradient |Var    Value     Gradient |Var    Value     Gradient
  1  0.03476 -1.03970e-03 |  2 -0.04086 -5.43624e-05 |  3 -0.01805 -6.46142e-05
  4  0.01775 -6.67437e-05 |  5  0.00590 -5.27187e-05 |  6 -0.01257 -4.81097e-05
  7 -0.01241 -4.36194e-05 |  8 -0.01349 -3.86459e-05 |  9 -0.06888 -1.69240e-05
 10 -0.02810 -1.30918e-05 | 11 -0.24922 -5.14867e-07 | 12  0.10210 -4.61329e-06
 13 -0.15530 -6.39848e-07 | 14 -0.06699 -6.28569e-07 | 15 -0.09200  3.23193e-08
 16 -0.04895  1.42503e-06 | 17 -0.03446  2.61110e-06 | 18 -0.10572  2.18455e-06
 19 -0.03972  5.19963e-06 | 20  0.01308  9.29538e-06 | 21 -0.00572  8.63641e-06
 22 -0.02529  9.27055e-06 | 23 -0.06954  8.52084e-06 | 24  0.02425  2.09503e-05
 25 -0.09366  1.01322e-05 | 26 -0.08278  9.32224e-06 | 27 -0.01807  1.32046e-05
 28 -0.10409  5.04884e-06 | 29 -0.06210  4.58843e-06 | 30 -0.07428  2.07990e-06
 31  0.05495  9.16958e-07 | 32 -0.15648 -6.32089e-07 | 33 -0.19128 -1.83719e-07
 34 -0.08287  5.94992e-08 | 35 -0.07753 -1.10315e-07 | 36 -0.06166  8.45237e-08
 37 -0.04920 -2.20063e-10 | 38 -0.04985 -1.77186e-08 | 39 -0.04968 -7.67047e-09
 40 -0.04959 -1.67182e-08 | 41  0.00000  0.00000e+00 | 42 -0.74619  3.15428e-05
 43 -0.51098  8.12091e-06 | 44 -0.37733 -6.58006e-05 | 45 -0.08860  3.14847e-05
 46 -0.15752 -1.37461e-03 | 47 -0.90788  3.67082e-06 |
  ic > imax  in fminim is answer attained ?
Var    Value     Gradient |Var    Value     Gradient |Var    Value     Gradient
  1  0.03476 -1.03970e-03 |  2 -0.04086 -5.43624e-05 |  3 -0.01805 -6.46142e-05
  4  0.01775 -6.67437e-05 |  5  0.00590 -5.27187e-05 |  6 -0.01257 -4.81097e-05
  7 -0.01241 -4.36194e-05 |  8 -0.01349 -3.86459e-05 |  9 -0.06888 -1.69240e-05
 10 -0.02810 -1.30918e-05 | 11 -0.24922 -5.14867e-07 | 12  0.10210 -4.61329e-06
 13 -0.15530 -6.39848e-07 | 14 -0.06699 -6.28569e-07 | 15 -0.09200  3.23193e-08
 16 -0.04895  1.42503e-06 | 17 -0.03446  2.61110e-06 | 18 -0.10572  2.18455e-06
 19 -0.03972  5.19963e-06 | 20  0.01308  9.29538e-06 | 21 -0.00572  8.63641e-06
 22 -0.02529  9.27055e-06 | 23 -0.06954  8.52084e-06 | 24  0.02425  2.09503e-05
 25 -0.09366  1.01322e-05 | 26 -0.08278  9.32224e-06 | 27 -0.01807  1.32046e-05
 28 -0.10409  5.04884e-06 | 29 -0.06210  4.58843e-06 | 30 -0.07428  2.07990e-06
 31  0.05495  9.16958e-07 | 32 -0.15648 -6.32089e-07 | 33 -0.19128 -1.83719e-07
 34 -0.08287  5.94992e-08 | 35 -0.07753 -1.10315e-07 | 36 -0.06166  8.45237e-08
 37 -0.04920 -2.20063e-10 | 38 -0.04985 -1.77186e-08 | 39 -0.04968 -7.67047e-09
 40 -0.04959 -1.67182e-08 | 41  0.00000  0.00000e+00 | 42 -0.74619  3.15428e-05
 43 -0.51098  8.12091e-06 | 44 -0.37733 -6.58006e-05 | 45 -0.08860  3.14847e-05
 46 -0.15752 -1.37461e-03 | 47 -0.90788  3.67082e-06 |
Function minimizer not making progress ... is minimum attained?
Minimprove criterion = 0.0000e+00
Warning: the following parameters had issues
  selparm[9] is within 1% of lower bound: -4.0000e+00 < -3.9164e+00 < 1.2000e+01


 - final statistics:
47 variables; iteration 1; function evaluation 30
Function value -6.9531e+01; maximum gradient component mag -1.3746e-03
Exit code = 1;  converg criter 1.0000e-04
Var    Value     Gradient |Var    Value     Gradient |Var    Value     Gradient
  1  0.03476 -1.03970e-03 |  2 -0.04086 -5.43624e-05 |  3 -0.01805 -6.46142e-05
  4  0.01775 -6.67437e-05 |  5  0.00590 -5.27187e-05 |  6 -0.01257 -4.81097e-05
  7 -0.01241 -4.36194e-05 |  8 -0.01349 -3.86459e-05 |  9 -0.06888 -1.69240e-05
 10 -0.02810 -1.30918e-05 | 11 -0.24922 -5.14867e-07 | 12  0.10210 -4.61329e-06
 13 -0.15530 -6.39848e-07 | 14 -0.06699 -6.28569e-07 | 15 -0.09200  3.23193e-08
 16 -0.04895  1.42503e-06 | 17 -0.03446  2.61110e-06 | 18 -0.10572  2.18455e-06
 19 -0.03972  5.19963e-06 | 20  0.01308  9.29538e-06 | 21 -0.00572  8.63641e-06
 22 -0.02529  9.27055e-06 | 23 -0.06954  8.52084e-06 | 24  0.02425  2.09503e-05
 25 -0.09366  1.01322e-05 | 26 -0.08278  9.32224e-06 | 27 -0.01807  1.32046e-05
 28 -0.10409  5.04884e-06 | 29 -0.06210  4.58843e-06 | 30 -0.07428  2.07990e-06
 31  0.05495  9.16958e-07 | 32 -0.15648 -6.32089e-07 | 33 -0.19128 -1.83719e-07
 34 -0.08287  5.94992e-08 | 35 -0.07753 -1.10315e-07 | 36 -0.06166  8.45237e-08
 37 -0.04920 -2.20063e-10 | 38 -0.04985 -1.77186e-08 | 39 -0.04968 -7.67047e-09
 40 -0.04959 -1.67182e-08 | 41  0.00000  0.00000e+00 | 42 -0.74619  3.15428e-05
 43 -0.51098  8.12091e-06 | 44 -0.37733 -6.58006e-05 | 45 -0.08860  3.14847e-05
 46 -0.15752 -1.37461e-03 | 47 -0.90788  3.67082e-06 |
Estimating row 1 out of 47 for hessian
Estimating row 2 out of 47 for hessian
Estimating row 3 out of 47 for hessian
Estimating row 4 out of 47 for hessian
Estimating row 5 out of 47 for hessian
Estimating row 6 out of 47 for hessian
Estimating row 7 out of 47 for hessian
Estimating row 8 out of 47 for hessian
Estimating row 9 out of 47 for hessian
Estimating row 10 out of 47 for hessian
Estimating row 11 out of 47 for hessian
Estimating row 12 out of 47 for hessian
Estimating row 13 out of 47 for hessian
Estimating row 14 out of 47 for hessian
Estimating row 15 out of 47 for hessian
Estimating row 16 out of 47 for hessian
Estimating row 17 out of 47 for hessian
Estimating row 18 out of 47 for hessian
Estimating row 19 out of 47 for hessian
Estimating row 20 out of 47 for hessian
Estimating row 21 out of 47 for hessian
Estimating row 22 out of 47 for hessian
Estimating row 23 out of 47 for hessian
Estimating row 24 out of 47 for hessian
Estimating row 25 out of 47 for hessian
Estimating row 26 out of 47 for hessian
Estimating row 27 out of 47 for hessian
Estimating row 28 out of 47 for hessian
Estimating row 29 out of 47 for hessian
Estimating row 30 out of 47 for hessian
Estimating row 31 out of 47 for hessian
Estimating row 32 out of 47 for hessian
Estimating row 33 out of 47 for hessian
Estimating row 34 out of 47 for hessian
Estimating row 35 out of 47 for hessian
Estimating row 36 out of 47 for hessian
Estimating row 37 out of 47 for hessian
Estimating row 38 out of 47 for hessian
Estimating row 39 out of 47 for hessian
Estimating row 40 out of 47 for hessian
Estimating row 41 out of 47 for hessian
Estimating row 42 out of 47 for hessian
Estimating row 43 out of 47 for hessian
Estimating row 44 out of 47 for hessian
Estimating row 45 out of 47 for hessian
Estimating row 46 out of 47 for hessian
Estimating row 47 out of 47 for hessian
size of file gradfil1.tmp = 0
size of file gradfil2.tmp = 0
size of file varssave.tmp = 0
size of file cmpdiff.tmp = 0
