
Initial statistics: 72 variables; iteration 0; function evaluation 0; phase 1
Function value nan; maximum gradient component mag -8.7110e+06
Var    Value     Gradient |Var    Value     Gradient |Var    Value     Gradient
  1 -0.19398 -8.71105e+06 |  2  0.00000 -3.38101e+04 |  3  0.00000 -3.13422e+04
  4  0.00000 -6.81065e+04 |  5  0.00000 -9.12337e+04 |  6  0.00000 -1.00319e+05
  7  0.00000 -1.03525e+05 |  8  0.00000 -1.13487e+05 |  9  0.00000 -1.19088e+05
 10  0.00000 -1.12795e+05 | 11  0.00000 -1.12597e+05 | 12  0.00000 -1.07688e+05
 13  0.00000 -1.05315e+05 | 14  0.00000 -1.06274e+05 | 15  0.00000 -1.00054e+05
 16  0.00000 -1.04834e+05 | 17  0.00000 -1.00935e+05 | 18  0.00000 -9.25932e+04
 19  0.00000  4.60255e+04 | 20  0.00000  1.14428e+05 | 21  0.00000  1.21464e+05
 22  0.00000  1.09265e+05 | 23  0.00000  9.81266e+04 | 24  0.00000  8.16203e+04
 25  0.00000  7.13271e+04 | 26  0.00000  6.10743e+04 | 27  0.00000  5.65108e+04
 28  0.00000  3.58133e+04 | 29  0.00000  2.71100e+04 | 30  0.00000  2.86233e+04
 31  0.00000  2.75556e+04 | 32  0.00000 -6.00574e+04 | 33  0.00000 -9.94577e+04
 34  0.00000 -7.19903e+04 | 35  0.00000 -9.15049e+04 | 36  0.00000 -1.12638e+05
 37  0.00000 -1.09264e+05 | 38  0.00000 -1.12641e+05 | 39  0.00000 -9.28547e+04
 40  0.00000 -8.61153e+04 | 41  0.00000 -8.86784e+04 | 42  0.00000 -9.81607e+04
 43  0.00000 -1.07081e+05 | 44  0.00000 -1.27551e+05 | 45  0.00000 -1.56625e+05
 46  0.00000 -1.41327e+05 | 47  0.00000 -1.14627e+05 | 48  0.00000 -8.84300e+04
 49  0.00000 -5.15677e+04 | 50  0.00000 -8.96203e+04 | 51  0.00000 -1.40228e+05
 52  0.00000 -1.78106e+05 | 53  0.00000 -1.17662e+05 | 54  0.00000 -1.01062e+05
 55  0.00000 -7.79098e+04 | 56  0.00000 -7.21525e+04 | 57  0.00000 -7.20632e+04
 58  0.00000 -6.62095e+04 | 59  0.00000 -7.80504e+04 | 60  0.00000 -8.50874e+04
 61  0.00000 -7.35077e+04 | 62  0.00000 -7.59984e+04 | 63  0.00000 -8.88682e+04
 64  0.00000 -7.80958e+04 | 65  0.00000 -6.72509e+04 | 66  0.00000 -4.81226e+04
 67  0.00000 -3.45569e+04 | 68  0.00000 -1.17857e+04 | 69  0.00000  5.98099e+03
 70  0.00000  2.46017e+04 | 71  0.00000  4.79025e+04 | 72  0.00000  6.22606e+04
  ic > imax  in fminim is answer attained ?
Var    Value     Gradient |Var    Value     Gradient |Var    Value     Gradient
  1 -0.16866 -7.86496e+06 |  2  0.00010 -3.36172e+04 |  3  0.00009 -3.15760e+04
  4  0.00020 -2.58640e+04 |  5  0.00027 -6.38427e+04 |  6  0.00029 -8.81183e+04
  7  0.00030 -9.85080e+04 |  8  0.00033 -1.16242e+05 |  9  0.00035 -1.28114e+05
 10  0.00033 -1.23013e+05 | 11  0.00033 -1.22286e+05 | 12  0.00031 -1.22429e+05
 13  0.00031 -1.20140e+05 | 14  0.00031 -1.20205e+05 | 15  0.00029 -1.14822e+05
 16  0.00030 -1.14130e+05 | 17  0.00029 -1.09820e+05 | 18  0.00027 -1.06029e+05
 19 -0.00013  5.04110e+04 | 20 -0.00033  1.29017e+05 | 21 -0.00035  1.38722e+05
 22 -0.00032  1.25377e+05 | 23 -0.00029  1.13550e+05 | 24 -0.00024  9.55284e+04
 25 -0.00021  8.50521e+04 | 26 -0.00018  7.43571e+04 | 27 -0.00016  6.98243e+04
 28 -0.00010  4.88700e+04 | 29 -0.00008  3.87289e+04 | 30 -0.00008  3.99880e+04
 31 -0.00008  3.96902e+04 | 32  0.00017 -5.42442e+04 | 33  0.00029 -9.82930e+04
 34  0.00021 -6.76056e+04 | 35  0.00027 -9.28097e+04 | 36  0.00033 -1.19722e+05
 37  0.00032 -1.15431e+05 | 38  0.00033 -1.16259e+05 | 39  0.00027 -9.08666e+04
 40  0.00025 -8.27767e+04 | 41  0.00026 -8.57418e+04 | 42  0.00029 -9.63836e+04
 43  0.00031 -1.03694e+05 | 44  0.00037 -1.25635e+05 | 45  0.00046 -1.57877e+05
 46  0.00041 -1.37354e+05 | 47  0.00033 -9.57057e+04 | 48  0.00026 -7.11063e+04
 49  0.00015 -4.04064e+04 | 50  0.00026 -8.10588e+04 | 51  0.00041 -1.06946e+05
 52  0.00052 -1.44899e+05 | 53  0.00034 -1.10652e+05 | 54  0.00029 -9.11459e+04
 55  0.00023 -6.55493e+04 | 56  0.00021 -6.32081e+04 | 57  0.00021 -6.39244e+04
 58  0.00019 -5.75422e+04 | 59  0.00023 -7.02619e+04 | 60  0.00025 -7.73086e+04
 61  0.00021 -6.55201e+04 | 62  0.00022 -6.85115e+04 | 63  0.00026 -8.28849e+04
 64  0.00023 -7.16764e+04 | 65  0.00020 -6.05350e+04 | 66  0.00014 -4.01439e+04
 67  0.00010 -2.58630e+04 | 68  0.00003 -2.42848e+03 | 69 -0.00002  1.56967e+04
 70 -0.00007  3.45141e+04 | 71 -0.00014  5.77778e+04 | 72 -0.00018  7.23968e+04
Function minimizer not making progress ... is minimum attained?
Minimprove criterion = 0.0000e+00

 - final statistics:
72 variables; iteration 2; function evaluation 38
Function value nan; maximum gradient component mag -7.8650e+06
Exit code = 1;  converg criter 1.0000e+01
Var    Value     Gradient |Var    Value     Gradient |Var    Value     Gradient
  1 -0.16866 -7.86496e+06 |  2  0.00010 -3.36172e+04 |  3  0.00009 -3.15760e+04
  4  0.00020 -2.58640e+04 |  5  0.00027 -6.38427e+04 |  6  0.00029 -8.81183e+04
  7  0.00030 -9.85080e+04 |  8  0.00033 -1.16242e+05 |  9  0.00035 -1.28114e+05
 10  0.00033 -1.23013e+05 | 11  0.00033 -1.22286e+05 | 12  0.00031 -1.22429e+05
 13  0.00031 -1.20140e+05 | 14  0.00031 -1.20205e+05 | 15  0.00029 -1.14822e+05
 16  0.00030 -1.14130e+05 | 17  0.00029 -1.09820e+05 | 18  0.00027 -1.06029e+05
 19 -0.00013  5.04110e+04 | 20 -0.00033  1.29017e+05 | 21 -0.00035  1.38722e+05
 22 -0.00032  1.25377e+05 | 23 -0.00029  1.13550e+05 | 24 -0.00024  9.55284e+04
 25 -0.00021  8.50521e+04 | 26 -0.00018  7.43571e+04 | 27 -0.00016  6.98243e+04
 28 -0.00010  4.88700e+04 | 29 -0.00008  3.87289e+04 | 30 -0.00008  3.99880e+04
 31 -0.00008  3.96902e+04 | 32  0.00017 -5.42442e+04 | 33  0.00029 -9.82930e+04
 34  0.00021 -6.76056e+04 | 35  0.00027 -9.28097e+04 | 36  0.00033 -1.19722e+05
 37  0.00032 -1.15431e+05 | 38  0.00033 -1.16259e+05 | 39  0.00027 -9.08666e+04
 40  0.00025 -8.27767e+04 | 41  0.00026 -8.57418e+04 | 42  0.00029 -9.63836e+04
 43  0.00031 -1.03694e+05 | 44  0.00037 -1.25635e+05 | 45  0.00046 -1.57877e+05
 46  0.00041 -1.37354e+05 | 47  0.00033 -9.57057e+04 | 48  0.00026 -7.11063e+04
 49  0.00015 -4.04064e+04 | 50  0.00026 -8.10588e+04 | 51  0.00041 -1.06946e+05
 52  0.00052 -1.44899e+05 | 53  0.00034 -1.10652e+05 | 54  0.00029 -9.11459e+04
 55  0.00023 -6.55493e+04 | 56  0.00021 -6.32081e+04 | 57  0.00021 -6.39244e+04
 58  0.00019 -5.75422e+04 | 59  0.00023 -7.02619e+04 | 60  0.00025 -7.73086e+04
 61  0.00021 -6.55201e+04 | 62  0.00022 -6.85115e+04 | 63  0.00026 -8.28849e+04
 64  0.00023 -7.16764e+04 | 65  0.00020 -6.05350e+04 | 66  0.00014 -4.01439e+04
 67  0.00010 -2.58630e+04 | 68  0.00003 -2.42848e+03 | 69 -0.00002  1.56967e+04
 70 -0.00007  3.45141e+04 | 71 -0.00014  5.77778e+04 | 72 -0.00018  7.23968e+04

Initial statistics: 72 variables; iteration 0; function evaluation 0; phase 2
Function value nan; maximum gradient component mag -7.8650e+06
Var    Value     Gradient |Var    Value     Gradient |Var    Value     Gradient
  1 -0.16866 -7.86496e+06 |  2  0.00010 -3.36172e+04 |  3  0.00009 -3.15760e+04
  4  0.00020 -2.58640e+04 |  5  0.00027 -6.38427e+04 |  6  0.00029 -8.81183e+04
  7  0.00030 -9.85080e+04 |  8  0.00033 -1.16242e+05 |  9  0.00035 -1.28114e+05
 10  0.00033 -1.23013e+05 | 11  0.00033 -1.22286e+05 | 12  0.00031 -1.22429e+05
 13  0.00031 -1.20140e+05 | 14  0.00031 -1.20205e+05 | 15  0.00029 -1.14822e+05
 16  0.00030 -1.14130e+05 | 17  0.00029 -1.09820e+05 | 18  0.00027 -1.06029e+05
 19 -0.00013  5.04110e+04 | 20 -0.00033  1.29017e+05 | 21 -0.00035  1.38722e+05
 22 -0.00032  1.25377e+05 | 23 -0.00029  1.13550e+05 | 24 -0.00024  9.55284e+04
 25 -0.00021  8.50521e+04 | 26 -0.00018  7.43571e+04 | 27 -0.00016  6.98243e+04
 28 -0.00010  4.88700e+04 | 29 -0.00008  3.87289e+04 | 30 -0.00008  3.99880e+04
 31 -0.00008  3.96902e+04 | 32  0.00017 -5.42442e+04 | 33  0.00029 -9.82930e+04
 34  0.00021 -6.76056e+04 | 35  0.00027 -9.28097e+04 | 36  0.00033 -1.19722e+05
 37  0.00032 -1.15431e+05 | 38  0.00033 -1.16259e+05 | 39  0.00027 -9.08666e+04
 40  0.00025 -8.27767e+04 | 41  0.00026 -8.57418e+04 | 42  0.00029 -9.63836e+04
 43  0.00031 -1.03694e+05 | 44  0.00037 -1.25635e+05 | 45  0.00046 -1.57877e+05
 46  0.00041 -1.37354e+05 | 47  0.00033 -9.57057e+04 | 48  0.00026 -7.11063e+04
 49  0.00015 -4.04064e+04 | 50  0.00026 -8.10588e+04 | 51  0.00041 -1.06946e+05
 52  0.00052 -1.44899e+05 | 53  0.00034 -1.10652e+05 | 54  0.00029 -9.11459e+04
 55  0.00023 -6.55493e+04 | 56  0.00021 -6.32081e+04 | 57  0.00021 -6.39244e+04
 58  0.00019 -5.75422e+04 | 59  0.00023 -7.02619e+04 | 60  0.00025 -7.73086e+04
 61  0.00021 -6.55201e+04 | 62  0.00022 -6.85115e+04 | 63  0.00026 -8.28849e+04
 64  0.00023 -7.16764e+04 | 65  0.00020 -6.05350e+04 | 66  0.00014 -4.01439e+04
 67  0.00010 -2.58630e+04 | 68  0.00003 -2.42848e+03 | 69 -0.00002  1.56967e+04
 70 -0.00007  3.45141e+04 | 71 -0.00014  5.77778e+04 | 72 -0.00018  7.23968e+04
  ic > imax  in fminim is answer attained ?
Var    Value     Gradient |Var    Value     Gradient |Var    Value     Gradient
  1  0.11123 -1.10350e+02 |  2  0.00129 -5.71216e-02 |  3  0.00121  3.82592e+00
  4  0.00112  3.77401e+00 |  5  0.00254  4.08582e+00 |  6  0.00343  4.26228e+00
  7  0.00381  4.30628e+00 |  8  0.00447  4.40704e+00 |  9  0.00491  4.43999e+00
 10  0.00471  4.30043e+00 | 11  0.00468  4.17942e+00 | 12  0.00467  4.03145e+00
 13  0.00458  3.81750e+00 | 14  0.00459  3.57488e+00 | 15  0.00438  3.21896e+00
 16  0.00437  2.79959e+00 | 17  0.00420  2.23643e+00 | 18  0.00404  1.62325e+00
 19 -0.00193 -3.07152e-01 | 20 -0.00492 -1.71052e+00 | 21 -0.00529 -2.74919e+00
 22 -0.00478 -3.79972e+00 | 23 -0.00433 -5.04862e+00 | 24 -0.00364 -6.38242e+00
 25 -0.00323 -7.81465e+00 | 26 -0.00282 -9.21436e+00 | 27 -0.00265 -1.03811e+01
 28 -0.00184 -1.06866e+01 | 29 -0.00146 -9.32299e+00 | 30 -0.00151 -5.31800e+00
 31 -0.00149  1.86622e+00 | 32  0.00210  1.28472e+01 | 33  0.00379  2.54958e+01
 34  0.00262  2.90014e+01 | 35  0.00357 -1.22978e+01 | 36  0.00459 -7.31958e+01
 37  0.00443  5.18398e+00 | 38  0.00446  1.38124e+01 | 39  0.00350  8.40256e+00
 40  0.00320  1.14461e+01 | 41  0.00331  1.37844e+01 | 42  0.00372  1.55307e+01
 43  0.00400  1.73104e+01 | 44  0.00484  1.87968e+01 | 45  0.00607  1.71960e+01
 46  0.00530  9.74128e+00 | 47  0.00374  1.55595e+00 | 48  0.00279  4.04475e+00
 49  0.00159  1.89210e+01 | 50  0.00315  3.70553e+01 | 51  0.00421  4.23486e+01
 52  0.00567  2.88398e+01 | 53  0.00428  1.04690e-02 | 54  0.00354 -2.27557e+01
 55  0.00256 -3.71853e+01 | 56  0.00246 -3.52925e+01 | 57  0.00248 -2.15340e+01
 58  0.00224 -5.41798e+00 | 59  0.00273  5.88441e+00 | 60  0.00300  1.46747e+01
 61  0.00255  2.96272e+01 | 62  0.00266  3.86045e+01 | 63  0.00321  3.28755e+01
 64  0.00278  2.33251e+01 | 65  0.00235  1.35949e+01 | 66  0.00157  1.64103e+00
 67  0.00102 -7.26149e+00 | 68  0.00012 -5.81110e+00 | 69 -0.00058  1.41339e+00
 70 -0.00130  3.83007e+00 | 71 -0.00220  3.74867e+00 | 72 -0.00276  3.59980e+00
Function minimizer not making progress ... is minimum attained?
Minimprove criterion = 0.0000e+00

 - final statistics:
72 variables; iteration 2; function evaluation 39
Function value nan; maximum gradient component mag -1.1035e+02
Exit code = 1;  converg criter 1.0000e+01
Var    Value     Gradient |Var    Value     Gradient |Var    Value     Gradient
  1  0.11123 -1.10350e+02 |  2  0.00129 -5.71216e-02 |  3  0.00121  3.82592e+00
  4  0.00112  3.77401e+00 |  5  0.00254  4.08582e+00 |  6  0.00343  4.26228e+00
  7  0.00381  4.30628e+00 |  8  0.00447  4.40704e+00 |  9  0.00491  4.43999e+00
 10  0.00471  4.30043e+00 | 11  0.00468  4.17942e+00 | 12  0.00467  4.03145e+00
 13  0.00458  3.81750e+00 | 14  0.00459  3.57488e+00 | 15  0.00438  3.21896e+00
 16  0.00437  2.79959e+00 | 17  0.00420  2.23643e+00 | 18  0.00404  1.62325e+00
 19 -0.00193 -3.07152e-01 | 20 -0.00492 -1.71052e+00 | 21 -0.00529 -2.74919e+00
 22 -0.00478 -3.79972e+00 | 23 -0.00433 -5.04862e+00 | 24 -0.00364 -6.38242e+00
 25 -0.00323 -7.81465e+00 | 26 -0.00282 -9.21436e+00 | 27 -0.00265 -1.03811e+01
 28 -0.00184 -1.06866e+01 | 29 -0.00146 -9.32299e+00 | 30 -0.00151 -5.31800e+00
 31 -0.00149  1.86622e+00 | 32  0.00210  1.28472e+01 | 33  0.00379  2.54958e+01
 34  0.00262  2.90014e+01 | 35  0.00357 -1.22978e+01 | 36  0.00459 -7.31958e+01
 37  0.00443  5.18398e+00 | 38  0.00446  1.38124e+01 | 39  0.00350  8.40256e+00
 40  0.00320  1.14461e+01 | 41  0.00331  1.37844e+01 | 42  0.00372  1.55307e+01
 43  0.00400  1.73104e+01 | 44  0.00484  1.87968e+01 | 45  0.00607  1.71960e+01
 46  0.00530  9.74128e+00 | 47  0.00374  1.55595e+00 | 48  0.00279  4.04475e+00
 49  0.00159  1.89210e+01 | 50  0.00315  3.70553e+01 | 51  0.00421  4.23486e+01
 52  0.00567  2.88398e+01 | 53  0.00428  1.04690e-02 | 54  0.00354 -2.27557e+01
 55  0.00256 -3.71853e+01 | 56  0.00246 -3.52925e+01 | 57  0.00248 -2.15340e+01
 58  0.00224 -5.41798e+00 | 59  0.00273  5.88441e+00 | 60  0.00300  1.46747e+01
 61  0.00255  2.96272e+01 | 62  0.00266  3.86045e+01 | 63  0.00321  3.28755e+01
 64  0.00278  2.33251e+01 | 65  0.00235  1.35949e+01 | 66  0.00157  1.64103e+00
 67  0.00102 -7.26149e+00 | 68  0.00012 -5.81110e+00 | 69 -0.00058  1.41339e+00
 70 -0.00130  3.83007e+00 | 71 -0.00220  3.74867e+00 | 72 -0.00276  3.59980e+00

Initial statistics: 89 variables; iteration 0; function evaluation 0; phase 3
Function value -3.4175812e+01; maximum gradient component mag -1.1035e+02
Var    Value     Gradient |Var    Value     Gradient |Var    Value     Gradient
  1  0.11123 -1.10350e+02 |  2  0.00000 -3.50263e-01 |  3  0.00129 -5.71216e-02
  4  0.00121  3.82592e+00 |  5  0.00112  3.77401e+00 |  6  0.00254  4.08582e+00
  7  0.00343  4.26228e+00 |  8  0.00381  4.30628e+00 |  9  0.00447  4.40704e+00
 10  0.00491  4.43999e+00 | 11  0.00471  4.30043e+00 | 12  0.00468  4.17942e+00
 13  0.00467  4.03145e+00 | 14  0.00458  3.81750e+00 | 15  0.00459  3.57488e+00
 16  0.00438  3.21897e+00 | 17  0.00437  2.79959e+00 | 18  0.00420  2.23643e+00
 19  0.00404  1.62325e+00 | 20 -0.00193 -3.07152e-01 | 21 -0.00492 -1.71052e+00
 22 -0.00529 -2.74919e+00 | 23 -0.00478 -3.79972e+00 | 24 -0.00433 -5.04861e+00
 25 -0.00364 -6.38242e+00 | 26 -0.00323 -7.81464e+00 | 27 -0.00282 -9.21436e+00
 28 -0.00265 -1.03811e+01 | 29 -0.00184 -1.06866e+01 | 30 -0.00146 -9.32298e+00
 31 -0.00151 -5.31798e+00 | 32 -0.00149  1.86624e+00 | 33  0.00210  1.28472e+01
 34  0.00379  2.54959e+01 | 35  0.00262  2.90015e+01 | 36  0.00357 -1.22978e+01
 37  0.00459 -7.31959e+01 | 38  0.00443  5.18391e+00 | 39  0.00446  1.38124e+01
 40  0.00350  8.40256e+00 | 41  0.00320  1.14461e+01 | 42  0.00331  1.37844e+01
 43  0.00372  1.55307e+01 | 44  0.00400  1.73104e+01 | 45  0.00484  1.87968e+01
 46  0.00607  1.71960e+01 | 47  0.00530  9.74128e+00 | 48  0.00374  1.55596e+00
 49  0.00279  4.04479e+00 | 50  0.00159  1.89210e+01 | 51  0.00315  3.70553e+01
 52  0.00421  4.23486e+01 | 53  0.00567  2.88398e+01 | 54  0.00428  1.04312e-02
 55  0.00354 -2.27557e+01 | 56  0.00256 -3.71853e+01 | 57  0.00246 -3.52924e+01
 58  0.00248 -2.15340e+01 | 59  0.00224 -5.41796e+00 | 60  0.00273  5.88443e+00
 61  0.00300  1.46747e+01 | 62  0.00255  2.96273e+01 | 63  0.00266  3.86045e+01
 64  0.00321  3.28754e+01 | 65  0.00278  2.33251e+01 | 66  0.00235  1.35949e+01
 67  0.00157  1.64102e+00 | 68  0.00102 -7.26148e+00 | 69  0.00012 -5.81109e+00
 70 -0.00058  1.41340e+00 | 71 -0.00130  3.83007e+00 | 72 -0.00220  3.74867e+00
 73 -0.00276  3.59980e+00 | 74 -0.38722 -5.73560e+01 | 75 -0.99265 -2.47330e-01
 76 -0.03301  7.42696e+01 | 77  0.66811  2.43766e+00 | 78 -0.10660  3.78039e+01
 79 -0.99265 -2.47332e-01 | 80  0.07752 -3.81383e+01 | 81  0.66811 -1.18523e+00
 82 -0.19503 -7.84421e+01 | 83 -0.16135 -2.71890e+01 | 84  0.04184  3.15877e+01
 85  0.66811 -5.83960e+01 | 86 -0.38722 -2.33026e-02 | 87  0.00000  1.55552e-05
 88  0.07752  9.95616e-03 | 89  0.66811  5.47003e-03 |

Intermediate statistics: 89 variables; iteration 20; function evaluation 27; phase 3
Function value -8.7117763e+01; maximum gradient component mag -4.8008e+01
Var    Value     Gradient |Var    Value     Gradient |Var    Value     Gradient
  1  0.11069 -3.75795e+01 |  2  0.00214  1.00858e-01 |  3  0.00313  2.98562e-01
  4 -0.00345  2.58039e+00 |  5 -0.00325  2.57765e+00 |  6 -0.00212  2.79450e+00
  7 -0.00126  2.93629e+00 |  8 -0.00067  3.00508e+00 |  9  0.00012  3.11348e+00
 10  0.00081  3.18893e+00 | 11  0.00115  3.17240e+00 | 12  0.00162  3.17787e+00
 13  0.00214  3.17816e+00 | 14  0.00279  3.17451e+00 | 15  0.00364  3.18998e+00
 16  0.00473  3.19559e+00 | 17  0.00630  3.24287e+00 | 18  0.00830  3.20535e+00
 19  0.01075  3.14991e+00 | 20  0.00965  2.26955e+00 | 21  0.01066  1.72911e+00
 22  0.01350  1.42894e+00 | 23  0.01700  1.17512e+00 | 24  0.01841  6.15484e-01
 25  0.01692 -2.48545e-01 | 26  0.01101 -1.51736e+00 | 27  0.00175 -3.10322e+00
 28 -0.00766 -4.52358e+00 | 29 -0.01204 -4.91439e+00 | 30 -0.01131 -3.91092e+00
 31 -0.00873 -1.92859e+00 | 32 -0.01060 -3.30147e-01 | 33 -0.01814  4.93147e-01
 34 -0.03030  8.50422e-01 | 35 -0.03529 -1.17917e+00 | 36 -0.03649 -1.20521e+01
 37  0.07285  1.44239e+01 | 38 -0.04180  1.59431e+01 | 39 -0.05747 -1.88153e-01
 40 -0.05574 -2.47265e+00 | 41 -0.04601 -1.69184e+00 | 42 -0.03960 -1.12512e+00
 43 -0.03309 -6.55814e-01 | 44 -0.02643  3.76996e-01 | 45 -0.01850  1.46356e+00
 46 -0.00899  5.33479e-01 | 47  0.00159 -6.15883e+00 | 48  0.01122 -1.50083e+01
 49 -0.01942 -1.76102e+01 | 50 -0.03798 -1.02588e+01 | 51 -0.03423  5.88798e-01
 52 -0.05093  5.38263e+00 | 53 -0.03974  9.36205e+00 | 54 -0.00705  1.33671e+01
 55 -0.00225  1.89543e+01 | 56 -0.00577  1.10404e+01 | 57  0.00188  7.14557e+00
 58 -0.00430  7.35785e+00 | 59 -0.02545  1.13266e+01 | 60 -0.01431  2.22868e+01
 61  0.02075  2.95715e+01 | 62 -0.01341  2.15410e+01 | 63 -0.03303  1.57502e+01
 64 -0.01763  7.27978e+00 | 65 -0.04906 -6.19393e+00 | 66 -0.07513 -1.40323e+01
 67 -0.06407 -1.87683e+01 | 68 -0.02256 -2.42792e+01 | 69  0.04050 -1.16399e+01
 70 -0.00425  1.29229e+00 | 71 -0.01200  1.81267e+00 | 72 -0.01404  1.31848e+00
 73 -0.01455  1.25142e+00 | 74 -0.46311 -4.80078e+01 | 75 -0.97285 -7.30872e-02
 76 -0.15973  2.51643e+01 | 77  0.75836 -1.35568e+01 | 78 -0.32730  1.01630e+01
 79 -0.97285 -7.30813e-02 | 80 -0.10648 -5.71212e+00 | 81  0.42368  1.75431e+00
 82  0.59280 -3.93913e+00 | 83  0.18887  9.39977e-04 | 84  0.23997  1.90009e+01
 85  1.12723 -1.55055e-02 | 86 -0.38908 -6.27291e-05 | 87 -0.00002  1.04319e-04
 88  0.07832 -2.19330e-04 | 89  0.66741  5.46507e-03 |
89 variables; iteration 40; function evaluation 55; phase 3
Function value -9.0509500e+01; maximum gradient component mag -9.2371e+00
Var    Value     Gradient |Var    Value     Gradient |Var    Value     Gradient
  1  0.13426 -2.85957e+00 |  2  0.00100  4.40178e-02 |  3  0.00116  4.83072e-02
  4 -0.01402  2.20966e-01 |  5 -0.01392  2.04889e-01 |  6 -0.01374  2.04410e-01
  7 -0.01356  1.95388e-01 |  8 -0.01339  1.78009e-01 |  9 -0.01317  1.62829e-01
 10 -0.01294  1.44862e-01 | 11 -0.01273  1.18610e-01 | 12 -0.01247  9.80988e-02
 13 -0.01216  7.75568e-02 | 14 -0.01176  5.52351e-02 | 15 -0.01125  3.92077e-02
 16 -0.01055  1.30308e-02 | 17 -0.00963 -8.26688e-03 | 18 -0.00812 -4.95333e-02
 19 -0.00629 -9.83522e-02 | 20 -0.00433 -1.58652e-01 | 21 -0.00180 -1.88239e-01
 22  0.00133 -1.81874e-01 | 23  0.00470 -1.44910e-01 | 24  0.00725 -1.52073e-01
 25  0.00833 -2.13911e-01 | 26  0.00735 -2.89156e-01 | 27  0.00490 -3.14288e-01
 28  0.00185 -1.74135e-01 | 29 -0.00114  5.53356e-02 | 30 -0.00519  3.23332e-01
 31 -0.00922  9.84017e-01 | 32 -0.01734  1.10334e+00 | 33 -0.02771  1.40259e+00
 34 -0.04249  1.72512e+00 | 35 -0.04629  1.79349e+00 | 36 -0.00195  3.37726e-01
 37  0.05567 -1.18516e+00 | 38 -0.05976 -1.07321e+00 | 39 -0.05290  1.14370e-01
 40 -0.04690  1.67991e-01 | 41 -0.03966  1.45112e-01 | 42 -0.03536  1.61172e-01
 43 -0.03139  1.19938e-01 | 44 -0.03055 -2.22695e-02 | 45 -0.03056 -1.93243e-01
 46 -0.02518  1.75365e-02 | 47 -0.00609  1.60711e-01 | 48  0.01255  1.20705e+00
 49 -0.01533  7.24169e-01 | 50 -0.04463 -3.22790e-04 | 51 -0.04638  7.68981e-01
 52 -0.05858 -4.10954e-01 | 53 -0.05011 -2.72443e+00 | 54 -0.01341 -2.94938e+00
 55 -0.02287 -7.20476e-01 | 56 -0.00878  1.39433e+00 | 57 -0.00280  9.03092e-01
 58 -0.01096  1.99691e-01 | 59 -0.02862  1.18381e+00 | 60 -0.02820  1.55452e+00
 61  0.00241 -9.02790e-01 | 62 -0.02515 -3.58818e-01 | 63 -0.04799  4.07403e-02
 64 -0.03046  6.82832e-01 | 65 -0.05252  2.92350e-01 | 66 -0.07236  1.50068e-01
 67 -0.06080  1.00216e-01 | 68  0.00372  6.10383e-01 | 69  0.03004 -2.89194e-01
 70 -0.01400  1.00429e-01 | 71 -0.01837  1.52088e-01 | 72 -0.01853  1.57053e-01
 73 -0.01873  1.53821e-01 | 74 -0.48213  3.03612e+00 | 75 -0.81372 -1.03930e-02
 76 -0.20946  1.12538e+00 | 77  0.82931  1.12110e+00 | 78 -0.31598 -9.23707e+00
 79 -0.81371 -1.04757e-02 | 80 -0.08376  4.86632e-02 | 81  0.37023 -2.53689e+00
 82  0.59962 -2.20513e+00 | 83  0.26245  1.36964e-03 | 84  0.23485  5.13073e+00
 85  1.08681 -2.28739e-02 | 86 -0.40732 -3.33423e-04 | 87 -0.00054  1.15202e-04
 88  0.08640  1.47898e-05 | 89  0.64686  5.08034e-03 |
89 variables; iteration 60; function evaluation 86; phase 3
Function value -9.0826598e+01; maximum gradient component mag -4.7420e+00
Var    Value     Gradient |Var    Value     Gradient |Var    Value     Gradient
  1  0.15134 -2.04008e+00 |  2  0.00177  2.85685e-01 |  3  0.00102  7.15446e-02
  4 -0.01439  1.87779e-01 |  5 -0.01496  1.32030e-02 |  6 -0.01534 -1.15666e-01
  7 -0.01568 -2.40882e-01 |  8 -0.01600 -3.67419e-01 |  9 -0.01621 -4.72812e-01
 10 -0.01606 -4.94885e-01 | 11 -0.01564 -4.58205e-01 | 12 -0.01470 -2.98666e-01
 13 -0.01362 -1.15429e-01 | 14 -0.01255  4.29641e-02 | 15 -0.01153  1.67734e-01
 16 -0.01074  1.93453e-01 | 17 -0.01104 -8.23485e-02 | 18 -0.01171 -5.97067e-01
 19 -0.00783 -1.43790e-01 | 20 -0.00305  4.56090e-01 | 21 -0.00344 -1.93168e-01
 22 -0.00489 -1.12258e+00 | 23  0.00178 -3.32645e-01 | 24  0.00799  4.30360e-01
 25  0.00419 -6.20252e-01 | 26  0.00502 -4.11404e-01 | 27  0.00147 -7.98467e-01
 28  0.00506  5.12746e-01 | 29 -0.00825 -1.66991e+00 | 30 -0.00659 -4.45455e-01
 31 -0.01228 -4.41969e-01 | 32 -0.02132 -8.40736e-01 | 33 -0.03219 -9.79739e-01
 34 -0.04715 -8.84630e-01 | 35 -0.05122 -7.94462e-01 | 36 -0.00413 -7.50254e-01
 37  0.05625  5.68242e-01 | 38 -0.05668  4.78567e-01 | 39 -0.05545 -9.39310e-01
 40 -0.04471  4.71623e-01 | 41 -0.03704  6.19350e-01 | 42 -0.03142  9.85535e-01
 43 -0.03032  1.63856e-01 | 44 -0.03153 -4.98301e-01 | 45 -0.02917  2.70174e-02
 46 -0.02254  6.80177e-01 | 47 -0.00401  8.57433e-01 | 48  0.00815  8.61077e-01
 49 -0.01667  8.29977e-01 | 50 -0.04143  1.31139e+00 | 51 -0.04799  8.89514e-01
 52 -0.05868  1.00455e+00 | 53 -0.04180  2.15853e+00 | 54 -0.01073 -2.29196e-01
 55 -0.02209 -1.99302e+00 | 56 -0.01613 -4.74195e+00 | 57 -0.00502 -4.04893e+00
 58 -0.00623 -1.53668e+00 | 59 -0.03253 -1.91312e+00 | 60 -0.03317 -1.52630e+00
 61  0.00660  5.37338e-02 | 62 -0.02406  1.06073e+00 | 63 -0.04692  6.21605e-01
 64 -0.03334  7.14297e-02 | 65 -0.04982  1.36724e+00 | 66 -0.07285 -1.01134e-01
 67 -0.05650  1.14045e+00 | 68  0.00623  9.93275e-01 | 69  0.03081  8.26471e-02
 70 -0.01793 -8.82510e-01 | 71 -0.02288 -1.09773e+00 | 72 -0.02206 -8.47448e-01
 73 -0.02228 -8.55763e-01 | 74 -0.51068 -2.64101e+00 | 75 -0.66046 -5.23483e-03
 76 -0.27640  1.50337e+00 | 77  0.84263 -1.65355e-01 | 78 -0.30880  4.56585e+00
 79 -0.65990 -5.18306e-03 | 80 -0.07483 -4.34463e-01 | 81  0.35418  7.39751e-01
 82  0.79425 -8.32595e-01 | 83  0.30288  1.61778e-03 | 84  0.25209  2.93460e+00
 85  0.96634  5.89582e-02 | 86 -0.41031 -8.02346e-04 | 87 -0.00222  7.98503e-05
 88  0.08964  1.02175e-04 | 89  0.57365  3.97457e-03 |
89 variables; iteration 80; function evaluation 120; phase 3
Function value -9.1017325e+01; maximum gradient component mag -3.5337e+00
Var    Value     Gradient |Var    Value     Gradient |Var    Value     Gradient
  1  0.16773 -1.78281e+00 |  2  0.00035 -4.97834e-02 |  3  0.00053 -2.98896e-02
  4 -0.01488  8.78811e-02 |  5 -0.01494  4.44825e-02 |  6 -0.01503 -8.26715e-03
  7 -0.01510 -6.45815e-02 |  8 -0.01512 -1.14491e-01 |  9 -0.01497 -1.28173e-01
 10 -0.01454 -7.88586e-02 | 11 -0.01403 -1.13381e-02 | 12 -0.01342  7.34863e-02
 13 -0.01319  5.76263e-02 | 14 -0.01334 -7.06708e-02 | 15 -0.01361 -2.43601e-01
 16 -0.01307 -2.61333e-01 | 17 -0.01090  5.88862e-02 | 18 -0.01063 -2.28932e-01
 19 -0.00669  2.50355e-01 | 20 -0.00626 -1.12022e-01 | 21 -0.00341 -1.55288e-02
 22  0.00009  1.43522e-01 | 23  0.00226  1.34165e-02 | 24  0.00331 -2.31347e-01
 25  0.00533 -9.14540e-02 | 26  0.00534 -4.79067e-02 | 27  0.00347 -1.19142e-01
 28  0.00084 -1.30005e-01 | 29 -0.00112  2.05768e-02 | 30 -0.00508 -3.31892e-02
 31 -0.00901  2.65577e-01 | 32 -0.01777 -1.92442e-01 | 33 -0.02650  1.12678e-01
 34 -0.04271 -1.41552e-01 | 35 -0.04716 -1.46802e-01 | 36  0.00189 -1.12061e-01
 37  0.05462  2.32557e-01 | 38 -0.05640  3.61103e-01 | 39 -0.04980  2.04837e-01
 40 -0.04418  5.45817e-02 | 41 -0.03731 -1.32036e-01 | 42 -0.03304 -1.64545e-01
 43 -0.02804  8.39475e-02 | 44 -0.02785 -1.54395e-01 | 45 -0.02751 -1.19581e-01
 46 -0.02230  1.46045e-01 | 47 -0.00524 -2.91801e-01 | 48  0.00964 -4.23888e-01
 49 -0.01482 -6.31040e-01 | 50 -0.04133 -3.88563e-01 | 51 -0.04611 -3.48041e-01
 52 -0.05697 -1.26195e-02 | 53 -0.04439  3.56981e-01 | 54 -0.00870  4.91137e-01
 55 -0.02151  1.73472e-01 | 56 -0.00887  4.44790e-01 | 57 -0.00132  1.43229e-01
 58 -0.00876 -1.87985e-01 | 59 -0.02904  1.22959e-02 | 60 -0.03098 -2.21307e-01
 61  0.00741  3.84195e-02 | 62 -0.02404  9.55129e-02 | 63 -0.04591  2.27621e-01
 64 -0.02925  2.66112e-01 | 65 -0.04979  6.91468e-02 | 66 -0.06849  3.70664e-01
 67 -0.05706  2.93265e-01 | 68  0.00466  2.57898e-01 | 69  0.03438  2.96680e-01
 70 -0.01282  1.61852e-01 | 71 -0.01720  1.87588e-01 | 72 -0.01734  2.01792e-01
 73 -0.01746  2.15847e-01 | 74 -0.52865 -3.53367e+00 | 75 -0.47578 -1.92355e-03
 76 -0.33841  1.06025e+00 | 77  0.83527 -3.51147e-01 | 78 -0.31755 -8.44387e-01
 79 -0.47325 -3.47355e-03 | 80 -0.08202  2.65057e-01 | 81  0.38001 -1.80547e-01
 82  0.98849  1.35401e-01 | 83  0.32764  1.77639e-03 | 84  0.25682  2.59370e-01
 85  0.83874  1.21337e-02 | 86 -0.40211 -1.52773e-03 | 87 -0.00459  3.59557e-05
 88  0.09086  3.10529e-04 | 89  0.46364  2.80557e-03 |
89 variables; iteration 100; function evaluation 151; phase 3
Function value -9.1079802e+01; maximum gradient component mag -7.6982e+00
Var    Value     Gradient |Var    Value     Gradient |Var    Value     Gradient
  1  0.23937 -7.19142e-01 |  2  0.00183  3.59725e-01 |  3  0.00234  4.66148e-01
  4 -0.01458  2.12752e-01 |  5 -0.01401  3.30552e-01 |  6 -0.01397  3.14075e-01
  7 -0.01466  1.14857e-01 |  8 -0.01594 -2.34513e-01 |  9 -0.01671 -4.63203e-01
 10 -0.01591 -3.14026e-01 | 11 -0.01504 -1.49397e-01 | 12 -0.01473 -1.26951e-01
 13 -0.01418 -5.62212e-02 | 14 -0.01377 -3.55002e-02 | 15 -0.01455 -3.20734e-01
 16 -0.01315 -1.15717e-01 | 17 -0.01368 -4.15117e-01 | 18 -0.01140 -2.13290e-01
 19 -0.00877 -2.09327e-02 | 20 -0.00524  3.30774e-01 | 21 -0.00544 -2.52746e-01
 22 -0.00229 -1.42147e-01 | 23  0.00073 -6.33232e-02 | 24  0.00267 -1.14091e-01
 25  0.00355 -2.26696e-01 | 26  0.00431 -8.96095e-02 | 27  0.00238 -2.64845e-01
 28  0.00139 -4.44962e-02 | 29 -0.00177 -2.68572e-01 | 30 -0.00653 -6.23476e-01
 31 -0.00763  1.93425e-01 | 32 -0.01552 -1.83663e-01 | 33 -0.02530 -2.87652e-01
 34 -0.04037 -1.95254e-01 | 35 -0.04546 -2.43589e-01 | 36  0.00403 -6.28037e-02
 37  0.05581  7.85370e-01 | 38 -0.05377  6.25611e-01 | 39 -0.04749  2.23093e-01
 40 -0.04136  2.17345e-01 | 41 -0.03457  3.90875e-02 | 42 -0.03045  1.72143e-02
 43 -0.02585  2.44251e-01 | 44 -0.02673 -1.49191e-01 | 45 -0.02632  4.57832e-02
 46 -0.02341 -1.84818e-01 | 47 -0.00424 -5.23148e-03 | 48  0.00950 -2.85553e-01
 49 -0.01294 -8.55683e-02 | 50 -0.04065 -2.84978e-01 | 51 -0.04316  1.94499e-01
 52 -0.05455  1.85263e-01 | 53 -0.04183  4.62539e-01 | 54 -0.00817 -2.79487e-02
 55 -0.01849  6.86182e-02 | 56 -0.00769 -2.77329e-01 | 57 -0.00087 -6.42087e-01
 58 -0.00871 -6.75371e-01 | 59 -0.02847 -6.66109e-02 | 60 -0.02843  2.22075e-01
 61  0.00841  1.99482e-01 | 62 -0.02284  1.90636e-01 | 63 -0.04404  2.61709e-01
 64 -0.02712  2.45904e-01 | 65 -0.04680  2.67341e-01 | 66 -0.06676  3.08862e-01
 67 -0.05467  6.46208e-01 | 68  0.00740  8.55338e-01 | 69  0.03733  6.25135e-01
 70 -0.01152  1.82877e-01 | 71 -0.01526  4.74098e-01 | 72 -0.01745 -1.94033e-02
 73 -0.01826 -1.78322e-01 | 74 -0.53427 -7.69815e+00 | 75 -0.35774  4.42343e-03
 76 -0.36213  1.72055e+00 | 77  0.81774 -6.37708e-01 | 78 -0.32134 -9.23806e-01
 79 -0.27257 -3.41057e-02 | 80 -0.08436  2.46070e-01 | 81  0.38125 -1.64633e-01
 82  0.93826 -1.48484e-01 | 83  0.34021  1.85923e-03 | 84  0.26238  5.33058e-01
 85  0.80137  9.73970e-03 | 86 -0.30426 -7.89445e-04 | 87 -0.00694 -3.31660e-05
 88  0.07112  5.68069e-07 | 89  0.26404  1.38331e-03 |
89 variables; iteration 120; function evaluation 181; phase 3
Function value -9.1136503e+01; maximum gradient component mag 1.8408e+00
Var    Value     Gradient |Var    Value     Gradient |Var    Value     Gradient
  1  0.44853 -2.64303e-02 |  2  0.00057  6.03916e-02 |  3  0.00108  1.69397e-01
  4 -0.01508  1.05582e-01 |  5 -0.01516  6.65674e-02 |  6 -0.01532  5.02260e-03
  7 -0.01507  3.97965e-02 |  8 -0.01517 -1.57556e-02 |  9 -0.01540 -1.09249e-01
 10 -0.01534 -1.34237e-01 | 11 -0.01474 -2.94926e-02 | 12 -0.01469 -6.62640e-02
 13 -0.01423 -1.17418e-02 | 14 -0.01410 -5.28185e-02 | 15 -0.01386 -8.36099e-02
 16 -0.01302 -8.11311e-03 | 17 -0.01279 -1.18765e-01 | 18 -0.01119 -7.22822e-02
 19 -0.00921 -2.14452e-02 | 20 -0.00664  1.20995e-01 | 21 -0.00515 -6.86931e-02
 22 -0.00251 -5.56464e-02 | 23  0.00024 -1.26044e-02 | 24  0.00233 -9.95286e-03
 25  0.00355 -4.72154e-02 | 26  0.00398  1.83928e-02 | 27  0.00267 -4.53492e-02
 28  0.00110  3.17816e-02 | 29 -0.00138 -6.99405e-02 | 30 -0.00481 -1.52435e-01
 31 -0.00836  9.49597e-02 | 32 -0.01507 -2.53859e-02 | 33 -0.02456 -6.72282e-02
 34 -0.03988 -6.22601e-02 | 35 -0.04452 -4.80050e-02 | 36  0.00579 -6.02152e-02
 37  0.05632  1.87068e-01 | 38 -0.05340  2.83724e-02 | 39 -0.04699 -3.27606e-02
 40 -0.04090  3.78262e-02 | 41 -0.03372 -1.92228e-02 | 42 -0.02955 -1.85912e-02
 43 -0.02571  3.28535e-02 | 44 -0.02565 -6.88187e-02 | 45 -0.02600 -2.54366e-02
 46 -0.02278 -9.13350e-02 | 47 -0.00457  1.29617e-02 | 48  0.00937 -1.98423e-03
 49 -0.01380  1.14241e-02 | 50 -0.04017 -6.28844e-03 | 51 -0.04310  7.32988e-02
 52 -0.05403 -9.19036e-03 | 53 -0.04190  6.56203e-02 | 54 -0.00736 -9.37918e-02
 55 -0.01852 -7.31356e-02 | 56 -0.00735 -6.36006e-02 | 57 -0.00062 -9.98962e-02
 58 -0.00798 -3.24103e-03 | 59 -0.02882 -2.99371e-02 | 60 -0.02852  3.10378e-02
 61  0.00844  3.24957e-02 | 62 -0.02253  9.27078e-02 | 63 -0.04384  7.00046e-02
 64 -0.02708  4.51114e-02 | 65 -0.04673  2.13228e-02 | 66 -0.06641  7.93907e-03
 67 -0.05437  1.52518e-01 | 68  0.00784  1.52758e-01 | 69  0.03845  1.17743e-01
 70 -0.01113  4.15993e-02 | 71 -0.01642  1.08121e-01 | 72 -0.01734 -6.77982e-02
 73 -0.01712  2.56783e-02 | 74 -0.54851  1.84079e+00 | 75 -0.62206 -4.60719e-03
 76 -0.45110 -1.73461e-01 | 77  0.82780  1.71621e-02 | 78 -0.32159 -3.13850e-01
 79 -0.21105 -1.14469e-01 | 80 -0.08392  2.41982e-02 | 81  0.35234 -1.20410e-01
 82  0.96334 -4.20972e-02 | 83  0.39443  2.24073e-03 | 84  0.26456 -1.58733e-01
 85  0.60356  4.37795e-03 | 86  0.00220  3.43216e-04 | 87 -0.01451 -7.05238e-05
 88  0.03091 -1.64233e-04 | 89 -0.44261 -2.62075e-03 |
89 variables; iteration 140; function evaluation 202; phase 3
Function value -9.1143240e+01; maximum gradient component mag -2.4634e+00
Var    Value     Gradient |Var    Value     Gradient |Var    Value     Gradient
  1  0.71201 -1.28539e-03 |  2  0.00030 -1.02116e-02 |  3  0.00044  9.42817e-03
  4 -0.01553 -6.58906e-03 |  5 -0.01576 -8.29577e-02 |  6 -0.01564 -7.46140e-02
  7 -0.01500  5.53309e-02 |  8 -0.01512 -4.10173e-03 |  9 -0.01473  5.68878e-02
 10 -0.01470  2.27271e-02 | 11 -0.01448  3.46543e-02 | 12 -0.01441  6.44669e-03
 13 -0.01415  1.32342e-02 | 14 -0.01385  1.28631e-02 | 15 -0.01349  8.81532e-03
 16 -0.01309 -2.13010e-02 | 17 -0.01222  2.12053e-02 | 18 -0.01073  3.83338e-02
 19 -0.00917 -1.10253e-02 | 20 -0.00740 -4.93047e-02 | 21 -0.00484  2.61714e-03
 22 -0.00219  1.42191e-02 | 23  0.00026 -7.56180e-03 | 24  0.00233 -1.17672e-02
 25  0.00383  8.95308e-03 | 26  0.00384 -1.39313e-02 | 27  0.00302  2.38719e-02
 28  0.00083 -2.76580e-02 | 29 -0.00091  3.68398e-02 | 30 -0.00404  3.13953e-02
 31 -0.00893 -1.63865e-02 | 32 -0.01497  3.29064e-02 | 33 -0.02428  4.78556e-02
 34 -0.03962  4.12005e-02 | 35 -0.04414  4.82171e-02 | 36  0.00668 -1.09782e-02
 37  0.05583 -6.56134e-02 | 38 -0.05370  3.26209e-02 | 39 -0.04679  2.24046e-02
 40 -0.04104 -2.88964e-02 | 41 -0.03354  1.94476e-03 | 42 -0.02939 -6.98397e-04
 43 -0.02582 -2.30711e-02 | 44 -0.02517  3.18545e-02 | 45 -0.02582 -1.40938e-03
 46 -0.02239  3.11187e-03 | 47 -0.00483 -2.45490e-02 | 48  0.00915 -4.67123e-02
 49 -0.01393 -6.89627e-02 | 50 -0.04011 -2.72974e-02 | 51 -0.04335 -3.99065e-02
 52 -0.05389  5.50472e-03 | 53 -0.04231  7.60402e-03 | 54 -0.00715  8.88309e-02
 55 -0.01857  8.79638e-02 | 56 -0.00744  1.24030e-01 | 57 -0.00026  1.90139e-01
 58 -0.00801  1.10564e-01 | 59 -0.02873  6.29337e-03 | 60 -0.02883 -6.64558e-02
 61  0.00845 -4.27063e-02 | 62 -0.02256 -1.52643e-02 | 63 -0.04399 -2.11750e-02
 64 -0.02725 -3.24321e-02 | 65 -0.04680 -6.54263e-02 | 66 -0.06625 -3.17009e-02
 67 -0.05472 -7.82993e-02 | 68  0.00760 -3.45983e-02 | 69  0.03862  3.50635e-02
 70 -0.01114  2.20021e-02 | 71 -0.01683  3.60094e-03 | 72 -0.01675  7.30017e-02
 73 -0.01721 -1.25013e-04 | 74 -0.55729 -2.46341e+00 | 75 -0.32836  2.03876e-03
 76 -0.54119  1.88412e-01 | 77  0.83311  1.48236e-02 | 78 -0.32208  3.62127e-01
 79 -0.18710  5.39278e-02 | 80 -0.08433 -4.11464e-02 | 81  0.32217  3.03580e-02
 82  0.97578  1.63036e-02 | 83  0.44981  2.68152e-03 | 84  0.26541  2.25070e-01
 85  0.35309  1.94669e-03 | 86  0.18522  9.57802e-04 | 87 -0.00198 -9.78477e-06
 88 -0.00245 -2.78772e-05 | 89 -0.12867 -6.43744e-04 |
89 variables; iteration 160; function evaluation 223; phase 3
Function value -9.1144055e+01; maximum gradient component mag 2.0398e-01
Var    Value     Gradient |Var    Value     Gradient |Var    Value     Gradient
  1  0.84841 -3.20034e-04 |  2  0.00033 -2.59811e-04 |  3  0.00039 -2.18927e-03
  4 -0.01550  1.02821e-03 |  5 -0.01544 -2.33685e-03 |  6 -0.01535 -2.59948e-03
  7 -0.01523  3.18513e-04 |  8 -0.01511 -1.12571e-03 |  9 -0.01496  8.70707e-04
 10 -0.01480  8.90340e-05 | 11 -0.01463 -4.85271e-04 | 12 -0.01444 -7.25572e-04
 13 -0.01420  2.73489e-04 | 14 -0.01390  1.08470e-03 | 15 -0.01352  1.54087e-03
 16 -0.01300  2.79921e-04 | 17 -0.01230  1.53796e-03 | 18 -0.01091 -1.40026e-03
 19 -0.00914 -8.46752e-05 | 20 -0.00721 -2.09426e-03 | 21 -0.00487  1.05040e-04
 22 -0.00229 -1.43626e-03 | 23  0.00026 -1.15760e-03 | 24  0.00234 -8.10363e-04
 25  0.00374 -1.58542e-03 | 26  0.00386 -9.18788e-04 | 27  0.00285 -1.02166e-03
 28  0.00091  8.26897e-04 | 29 -0.00112 -3.73597e-04 | 30 -0.00419  2.68532e-03
 31 -0.00887 -1.73691e-03 | 32 -0.01508 -1.80519e-03 | 33 -0.02439 -8.73745e-04
 34 -0.03966 -1.69120e-03 | 35 -0.04418 -5.35512e-04 | 36  0.00701  1.49993e-03
 37  0.05580  6.79656e-03 | 38 -0.05395 -1.64232e-03 | 39 -0.04682 -2.52227e-04
 40 -0.04097  1.57177e-03 | 41 -0.03355  1.57756e-03 | 42 -0.02938  2.06163e-03
 43 -0.02573  2.01136e-03 | 44 -0.02528  1.64565e-03 | 45 -0.02581  2.93192e-03
 46 -0.02244  5.03981e-03 | 47 -0.00484  8.04875e-03 | 48  0.00917  1.15566e-02
 49 -0.01382  1.09118e-02 | 50 -0.04015  7.04194e-03 | 51 -0.04331  2.33441e-03
 52 -0.05392  1.12678e-03 | 53 -0.04231 -6.23081e-04 | 54 -0.00725 -4.55747e-03
 55 -0.01857 -6.93560e-03 | 56 -0.00746 -8.23513e-03 | 57 -0.00048 -8.64796e-03
 58 -0.00805 -9.35396e-03 | 59 -0.02866 -4.60727e-03 | 60 -0.02874 -1.70820e-03
 61  0.00843 -5.40890e-04 | 62 -0.02251  3.18614e-03 | 63 -0.04402  2.52985e-03
 64 -0.02733 -2.18646e-03 | 65 -0.04671 -2.54502e-03 | 66 -0.06629 -3.29592e-03
 67 -0.05466 -3.04702e-03 | 68  0.00749 -3.30271e-03 | 69  0.03861 -2.02077e-03
 70 -0.01115 -1.89246e-03 | 71 -0.01686 -2.70603e-03 | 72 -0.01705  8.56776e-04
 73 -0.01722 -1.63578e-03 | 74 -0.55990  2.03978e-01 | 75 -0.31722  7.02737e-06
 76 -0.58163 -1.29028e-02 | 77  0.83476 -3.52779e-03 | 78 -0.32316  3.02448e-02
 79 -0.17952  8.26284e-03 | 80 -0.08541 -2.34711e-03 | 81  0.31081  5.41772e-03
 82  0.97255 -5.22130e-04 | 83  0.46550  2.81827e-03 | 84  0.26502  5.87542e-04
 85  0.21067  1.07936e-03 | 86 -0.12477 -6.12415e-04 | 87  0.00194  9.55824e-06
 88 -0.00088 -1.24804e-05 | 89  0.01797  8.87202e-05 |
89 variables; iteration 180; function evaluation 245; phase 3
Function value -9.1144180e+01; maximum gradient component mag -1.4379e-01
Var    Value     Gradient |Var    Value     Gradient |Var    Value     Gradient
  1  0.95472 -7.38413e-05 |  2  0.00034  1.78404e-04 |  3  0.00040  1.50819e-03
  4 -0.01550 -2.01456e-04 |  5 -0.01543 -7.21526e-04 |  6 -0.01534 -6.79761e-04
  7 -0.01523  1.02429e-03 |  8 -0.01511 -2.13356e-04 |  9 -0.01496  3.98940e-04
 10 -0.01480 -8.91914e-05 | 11 -0.01463  3.23824e-04 | 12 -0.01444  8.22671e-05
 13 -0.01420  1.25232e-04 | 14 -0.01391 -1.94349e-04 | 15 -0.01353 -5.65314e-04
 16 -0.01301 -8.98686e-04 | 17 -0.01231 -6.13630e-04 | 18 -0.01090  7.42485e-04
 19 -0.00914 -3.36295e-04 | 20 -0.00720  1.27250e-04 | 21 -0.00487 -1.43864e-04
 22 -0.00228  7.67305e-04 | 23  0.00027  2.99061e-04 | 24  0.00235  2.16723e-04
 25  0.00375  9.08861e-04 | 26  0.00386  4.62286e-04 | 27  0.00286  9.49545e-04
 28  0.00091 -4.76336e-04 | 29 -0.00112  9.74733e-04 | 30 -0.00421 -9.72654e-04
 31 -0.00887 -3.17871e-05 | 32 -0.01509  5.47503e-04 | 33 -0.02441  2.70217e-04
 34 -0.03966  7.58953e-04 | 35 -0.04417  5.04985e-04 | 36  0.00707  4.09316e-04
 37  0.05583 -2.98430e-03 | 38 -0.05397 -1.01641e-03 | 39 -0.04682 -1.31655e-04
 40 -0.04097 -1.46376e-03 | 41 -0.03355 -1.05285e-03 | 42 -0.02939 -1.11182e-03
 43 -0.02573 -1.28177e-03 | 44 -0.02527 -4.79084e-04 | 45 -0.02580 -1.45976e-03
 46 -0.02245 -2.54781e-03 | 47 -0.00486 -3.94751e-03 | 48  0.00915 -5.57420e-03
 49 -0.01383 -5.62642e-03 | 50 -0.04016 -4.58379e-03 | 51 -0.04332 -2.32213e-03
 52 -0.05392 -4.09775e-04 | 53 -0.04231  8.57466e-04 | 54 -0.00724  3.92767e-03
 55 -0.01857  4.48121e-03 | 56 -0.00746  4.84518e-03 | 57 -0.00048  5.44366e-03
 58 -0.00803  5.16423e-03 | 59 -0.02865  3.59694e-03 | 60 -0.02874  3.04337e-03
 61  0.00843  4.77304e-03 | 62 -0.02250  2.27352e-03 | 63 -0.04403  7.19081e-04
 64 -0.02734  8.22229e-04 | 65 -0.04672 -1.00301e-03 | 66 -0.06630 -1.88620e-03
 67 -0.05467 -4.56812e-03 | 68  0.00748 -4.16700e-03 | 69  0.03864 -1.02483e-03
 70 -0.01114  3.10487e-04 | 71 -0.01684  9.96598e-04 | 72 -0.01704  1.24420e-03
 73 -0.01721  1.86034e-04 | 74 -0.56143 -1.43789e-01 | 75 -0.29600  4.96575e-05
 76 -0.61024  3.96487e-03 | 77  0.83551  4.22850e-04 | 78 -0.32321  2.48513e-02
 79 -0.17507  9.83633e-03 | 80 -0.08545 -2.14306e-03 | 81  0.29917  5.27296e-03
 82  0.97255 -4.96531e-04 | 83  0.46166  2.78427e-03 | 84  0.26502  2.90346e-03
 85  0.08154  4.04595e-04 | 86  0.00337  2.67929e-05 | 87 -0.00259 -1.27605e-05
 88  0.01066  4.39672e-05 | 89 -0.00996 -4.91430e-05 |
89 variables; iteration 200; function evaluation 266; phase 3
Function value -9.1144377e+01; maximum gradient component mag 9.9103e-01
Var    Value     Gradient |Var    Value     Gradient |Var    Value     Gradient
  1  1.03057  4.81666e-05 |  2  0.00034 -3.22338e-05 |  3  0.00040 -5.70274e-04
  4 -0.01550  1.25060e-03 |  5 -0.01544 -2.48759e-03 |  6 -0.01535 -2.70861e-03
  7 -0.01523  1.27419e-03 |  8 -0.01511 -1.11616e-03 |  9 -0.01496  7.56562e-04
 10 -0.01480 -2.64628e-04 | 11 -0.01463  3.89316e-05 | 12 -0.01444 -6.73682e-04
 13 -0.01420  3.27812e-04 | 14 -0.01390  9.63338e-04 | 15 -0.01353  7.40886e-04
 16 -0.01300  7.26534e-05 | 17 -0.01231  8.97607e-04 | 18 -0.01091 -7.08733e-04
 19 -0.00914 -8.08052e-05 | 20 -0.00720 -1.54593e-03 | 21 -0.00487 -1.84865e-04
 22 -0.00229 -1.14079e-03 | 23  0.00026 -7.16131e-04 | 24  0.00234 -8.66372e-04
 25  0.00374 -1.21104e-03 | 26  0.00386 -6.60879e-04 | 27  0.00285 -7.48945e-04
 28  0.00091  6.15629e-04 | 29 -0.00112 -3.49631e-04 | 30 -0.00420  1.20997e-03
 31 -0.00888 -1.68751e-03 | 32 -0.01509 -2.11845e-03 | 33 -0.02441 -1.68736e-03
 34 -0.03966 -2.09628e-03 | 35 -0.04416 -9.46371e-04 | 36  0.00709  1.52845e-03
 37  0.05581  1.01525e-02 | 38 -0.05398 -2.89493e-03 | 39 -0.04681 -1.97124e-03
 40 -0.04097  1.57962e-03 | 41 -0.03355  1.46199e-03 | 42 -0.02938  1.71495e-03
 43 -0.02572  2.07370e-03 | 44 -0.02527  1.73975e-03 | 45 -0.02580  2.85049e-03
 46 -0.02244  4.84671e-03 | 47 -0.00485  6.55431e-03 | 48  0.00916  8.06530e-03
 49 -0.01382  7.17400e-03 | 50 -0.04016  4.45254e-03 | 51 -0.04332  6.24024e-04
 52 -0.05392  2.27118e-03 | 53 -0.04231  1.51292e-03 | 54 -0.00725 -1.59561e-03
 55 -0.01857 -3.88130e-03 | 56 -0.00746 -5.17758e-03 | 57 -0.00048 -4.67809e-03
 58 -0.00803 -5.97245e-03 | 59 -0.02865 -2.91408e-03 | 60 -0.02874 -2.15844e-03
 61  0.00843 -1.41214e-03 | 62 -0.02250  2.90838e-03 | 63 -0.04403  1.81412e-03
 64 -0.02735 -3.36267e-03 | 65 -0.04672 -4.12371e-03 | 66 -0.06629 -3.30717e-03
 67 -0.05466 -2.69331e-03 | 68  0.00749 -2.01069e-03 | 69  0.03863  1.98667e-04
 70 -0.01115 -1.26560e-03 | 71 -0.01685 -1.07296e-03 | 72 -0.01704  1.34442e-03
 73 -0.01722 -1.35951e-03 | 74 -0.56226  9.91032e-01 | 75 -0.28494 -2.97666e-04
 76 -0.62831 -4.75194e-02 | 77  0.83557 -5.91995e-03 | 78 -0.32317  5.43007e-02
 79 -0.16850  2.44516e-02 | 80 -0.08541 -3.38687e-03 | 81  0.27674  7.91409e-03
 82  0.97260 -2.26805e-04 | 83  0.31086  1.66836e-03 | 84  0.26501 -1.21768e-03
 85 -0.14557 -7.31149e-04 | 86  0.01023  6.13347e-05 | 87  0.04401  2.17515e-04
 88 -0.16304 -8.26340e-04 | 89  0.00103  5.07642e-06 |
89 variables; iteration 220; function evaluation 289; phase 3
Function value -9.1144726e+01; maximum gradient component mag -3.5489e-01
Var    Value     Gradient |Var    Value     Gradient |Var    Value     Gradient
  1  0.81410 -4.63788e-04 |  2  0.00034  3.99655e-04 |  3  0.00041  2.15613e-03
  4 -0.01551 -1.72522e-03 |  5 -0.01543 -4.44058e-04 |  6 -0.01534 -9.01065e-05
  7 -0.01523  6.87858e-04 |  8 -0.01511  2.97328e-06 |  9 -0.01496  4.20528e-04
 10 -0.01480  3.06371e-04 | 11 -0.01463  2.79173e-04 | 12 -0.01444  2.35690e-04
 13 -0.01420 -1.13701e-04 | 14 -0.01391 -6.69474e-04 | 15 -0.01353 -8.57865e-04
 16 -0.01301 -2.06484e-03 | 17 -0.01232 -1.38585e-03 | 18 -0.01090  1.32309e-03
 19 -0.00914 -1.04558e-03 | 20 -0.00720  1.95337e-04 | 21 -0.00487 -3.30660e-04
 22 -0.00228  7.53865e-04 | 23  0.00027  6.46287e-05 | 24  0.00235  5.75371e-04
 25  0.00375  2.10218e-03 | 26  0.00386  1.11038e-03 | 27  0.00286  2.16987e-03
 28  0.00091 -3.98224e-04 | 29 -0.00111  1.57099e-03 | 30 -0.00421 -2.57365e-03
 31 -0.00885 -1.23086e-03 | 32 -0.01506 -1.21908e-03 | 33 -0.02438 -4.47321e-03
 34 -0.03965 -6.90797e-03 | 35 -0.04419 -9.04103e-03 | 36  0.00696 -8.03339e-03
 37  0.05578  1.21723e-02 | 38 -0.05394  1.05553e-02 | 39 -0.04682  1.43677e-03
 40 -0.04098 -1.17937e-03 | 41 -0.03356 -3.01565e-04 | 42 -0.02939 -1.43578e-04
 43 -0.02574 -1.12169e-03 | 44 -0.02528  1.04653e-03 | 45 -0.02583 -6.92475e-04
 46 -0.02246 -2.09932e-03 | 47 -0.00485 -2.05530e-03 | 48  0.00918 -6.76488e-03
 49 -0.01382 -9.40702e-03 | 50 -0.04015 -6.14611e-03 | 51 -0.04331 -3.07996e-03
 52 -0.05392  1.25601e-03 | 53 -0.04231  5.10842e-03 | 54 -0.00725  9.87930e-03
 55 -0.01856  9.20646e-03 | 56 -0.00746  6.68791e-03 | 57 -0.00048  4.51121e-03
 58 -0.00804  2.91789e-03 | 59 -0.02867  1.66730e-03 | 60 -0.02873  3.37477e-03
 61  0.00843 -1.71855e-03 | 62 -0.02253 -6.08596e-03 | 63 -0.04402 -2.94758e-03
 64 -0.02730 -6.53295e-03 | 65 -0.04670 -7.83082e-03 | 66 -0.06629 -4.04777e-03
 67 -0.05467 -1.31771e-04 | 68  0.00749  5.66213e-03 | 69  0.03861  3.93967e-03
 70 -0.01114  2.04621e-03 | 71 -0.01684  7.65111e-04 | 72 -0.01704  1.70702e-03
 73 -0.01721  6.10483e-04 | 74 -0.55905 -3.54891e-01 | 75 -0.32924 -2.15879e-04
 76 -0.56746  2.23269e-02 | 77  0.83416 -1.35613e-02 | 78 -0.32320 -8.28414e-02
 79 -0.17061 -4.88677e-02 | 80 -0.08545  3.28331e-03 | 81  0.28472 -1.20413e-02
 82  0.97268  1.87079e-04 | 83  0.16967  8.54633e-04 | 84  0.26502 -5.09360e-03
 85 -0.01297 -6.40068e-05 | 86 -0.00715 -1.88827e-05 | 87  0.03132  1.54697e-04
 88 -0.11059 -5.56567e-04 | 89 -0.00247 -1.22004e-05 |
89 variables; iteration 240; function evaluation 309; phase 3
Function value -9.1144815e+01; maximum gradient component mag -6.8660e-02
Var    Value     Gradient |Var    Value     Gradient |Var    Value     Gradient
  1  0.82680 -4.04342e-04 |  2  0.00034  5.06834e-05 |  3  0.00040  9.28543e-05
  4 -0.01550  7.20923e-05 |  5 -0.01543  1.66953e-04 |  6 -0.01534  1.39699e-04
  7 -0.01523 -3.35683e-05 |  8 -0.01511  1.40186e-05 |  9 -0.01496 -6.93430e-05
 10 -0.01480 -3.60974e-05 | 11 -0.01463 -2.42042e-05 | 12 -0.01444  2.73062e-05
 13 -0.01420  1.31356e-05 | 14 -0.01391  5.03562e-06 | 15 -0.01353 -2.54253e-05
 16 -0.01300  7.17927e-05 | 17 -0.01231 -6.96724e-05 | 18 -0.01091 -3.69660e-05
 19 -0.00914  4.06804e-05 | 20 -0.00720  1.44659e-04 | 21 -0.00487 -2.32892e-05
 22 -0.00228 -6.36889e-05 | 23  0.00027  1.29056e-05 | 24  0.00235 -7.08590e-06
 25  0.00374 -7.11498e-05 | 26  0.00386 -6.31202e-05 | 27  0.00286 -1.89149e-04
 28  0.00091 -7.14951e-05 | 29 -0.00112 -2.62234e-04 | 30 -0.00420 -2.41993e-04
 31 -0.00886  1.37235e-07 | 32 -0.01507 -3.94376e-05 | 33 -0.02438  2.37171e-05
 34 -0.03965  1.94825e-04 | 35 -0.04418  1.57521e-04 | 36  0.00698 -3.08699e-04
 37  0.05580 -1.61406e-03 | 38 -0.05394  6.04875e-04 | 39 -0.04682  3.37057e-04
 40 -0.04097  1.15606e-04 | 41 -0.03355  7.80270e-05 | 42 -0.02939  8.52868e-05
 43 -0.02573  1.23014e-04 | 44 -0.02529 -9.18931e-06 | 45 -0.02582 -1.85294e-05
 46 -0.02245 -1.25137e-04 | 47 -0.00485 -4.03028e-04 | 48  0.00917 -8.77079e-04
 49 -0.01382 -9.08170e-04 | 50 -0.04016 -7.33039e-04 | 51 -0.04331 -1.24869e-04
 52 -0.05392  2.29549e-04 | 53 -0.04230  7.65500e-04 | 54 -0.00725  7.48335e-04
 55 -0.01856  7.36355e-04 | 56 -0.00746  6.14274e-04 | 57 -0.00048  4.36494e-04
 58 -0.00804  5.93020e-04 | 59 -0.02866  4.73342e-04 | 60 -0.02874  3.47485e-04
 61  0.00843  3.02269e-04 | 62 -0.02252  5.66744e-05 | 63 -0.04402 -5.19762e-05
 64 -0.02731 -7.15658e-06 | 65 -0.04670  7.56313e-05 | 66 -0.06629  4.55742e-06
 67 -0.05466 -7.60340e-06 | 68  0.00749 -5.43226e-05 | 69  0.03861 -2.97345e-05
 70 -0.01115 -1.89614e-05 | 71 -0.01684  1.14855e-04 | 72 -0.01705 -1.24851e-04
 73 -0.01721  3.63062e-06 | 74 -0.55917 -6.86602e-02 | 75 -0.32976 -4.48370e-05
 76 -0.56938  4.70086e-03 | 77  0.83444 -6.07007e-05 | 78 -0.32318 -4.93880e-03
 79 -0.16763 -6.62905e-03 | 80 -0.08543 -2.19296e-04 | 81  0.27331  2.47224e-05
 82  0.97260 -2.64856e-04 | 83  0.06934  3.30173e-04 | 84  0.26502  2.07995e-04
 85 -0.11498 -5.73674e-04 | 86 -0.00340 -2.39635e-06 | 87 -0.00149 -7.36432e-06
 88  0.00298  3.12031e-06 | 89  0.00003  1.70908e-07 |
89 variables; iteration 260; function evaluation 329; phase 3
Function value -9.1144859e+01; maximum gradient component mag 3.7108e-01
Var    Value     Gradient |Var    Value     Gradient |Var    Value     Gradient
  1  0.83839 -3.58960e-04 |  2  0.00034 -1.37565e-04 |  3  0.00040 -6.00564e-04
  4 -0.01550  5.88224e-04 |  5 -0.01543 -1.38152e-03 |  6 -0.01534 -1.46068e-03
  7 -0.01523  7.21694e-04 |  8 -0.01511 -3.35430e-04 |  9 -0.01496  6.79227e-04
 10 -0.01480  1.08005e-04 | 11 -0.01463  2.20423e-04 | 12 -0.01444 -1.63438e-04
 13 -0.01420  3.05635e-04 | 14 -0.01390  5.55575e-04 | 15 -0.01353  7.24161e-04
 16 -0.01300  5.05201e-05 | 17 -0.01231  5.92688e-04 | 18 -0.01091 -2.18734e-04
 19 -0.00914 -5.30989e-05 | 20 -0.00720 -8.93177e-04 | 21 -0.00487  1.33698e-04
 22 -0.00228 -2.93149e-04 | 23  0.00027 -3.17628e-04 | 24  0.00235 -3.55661e-04
 25  0.00374 -4.78307e-04 | 26  0.00386 -3.73571e-04 | 27  0.00286 -3.67928e-04
 28  0.00091 -5.33431e-05 | 29 -0.00111 -4.65367e-05 | 30 -0.00419  1.05245e-03
 31 -0.00886 -4.59870e-04 | 32 -0.01507  7.25083e-05 | 33 -0.02438  1.24964e-03
 34 -0.03965  2.64261e-03 | 35 -0.04418  5.98487e-03 | 36  0.00698  1.02395e-02
 37  0.05579 -1.43431e-02 | 38 -0.05394 -4.36576e-03 | 39 -0.04682  5.50863e-05
 40 -0.04097  2.81373e-05 | 41 -0.03355  5.72381e-04 | 42 -0.02939  7.61188e-04
 43 -0.02573  7.20606e-04 | 44 -0.02529  8.70468e-04 | 45 -0.02582  1.02323e-03
 46 -0.02245  2.10744e-03 | 47 -0.00485  3.97274e-03 | 48  0.00917  9.08468e-03
 49 -0.01382  9.24460e-03 | 50 -0.04015  2.88581e-03 | 51 -0.04331 -2.02890e-04
 52 -0.05392 -2.30528e-03 | 53 -0.04230 -4.08220e-03 | 54 -0.00725 -2.21012e-03
 55 -0.01857 -3.15943e-03 | 56 -0.00746 -5.81669e-03 | 57 -0.00048 -4.59592e-03
 58 -0.00804 -1.07892e-03 | 59 -0.02866 -2.46295e-04 | 60 -0.02874 -2.71419e-03
 61  0.00843  4.31935e-03 | 62 -0.02252  7.80383e-03 | 63 -0.04402  4.07554e-03
 64 -0.02731  6.50178e-03 | 65 -0.04670  3.99344e-03 | 66 -0.06629 -3.14239e-03
 67 -0.05466 -1.17639e-02 | 68  0.00749 -1.36880e-02 | 69  0.03861 -1.86873e-03
 70 -0.01115 -1.17865e-04 | 71 -0.01685 -7.68124e-04 | 72 -0.01705  8.76162e-04
 73 -0.01721 -4.64638e-04 | 74 -0.55926 -1.05460e-01 | 75 -0.32497  2.50581e-04
 76 -0.57093  7.04835e-03 | 77  0.83442  2.06869e-03 | 78 -0.32319  3.71080e-01
 79 -0.16468  2.45679e-01 | 80 -0.08544 -1.23257e-02 | 81  0.26048  5.29981e-02
 82  0.97270  2.79154e-04 | 83  0.07240  3.50328e-04 | 84  0.26502  8.73120e-04
 85 -0.01182 -5.83564e-05 | 86 -0.00089  9.22832e-06 | 87  0.05821  2.88054e-04
 88  0.01491  6.17651e-05 | 89 -0.00031 -1.51355e-06 |
89 variables; iteration 280; function evaluation 349; phase 3
Function value -9.1144904e+01; maximum gradient component mag 1.7319e-01
Var    Value     Gradient |Var    Value     Gradient |Var    Value     Gradient
  1  0.93406 -1.12110e-04 |  2  0.00034  1.91488e-05 |  3  0.00040  1.17657e-04
  4 -0.01550  1.29718e-04 |  5 -0.01543 -2.74098e-04 |  6 -0.01534 -2.96516e-04
  7 -0.01523  1.91329e-04 |  8 -0.01511 -8.94679e-05 |  9 -0.01496  8.58286e-05
 10 -0.01480 -4.16186e-05 | 11 -0.01463  5.49005e-05 | 12 -0.01444 -5.79182e-05
 13 -0.01420  2.23309e-05 | 14 -0.01391  2.39128e-05 | 15 -0.01353 -2.08157e-05
 16 -0.01301 -4.29853e-05 | 17 -0.01231 -2.44898e-05 | 18 -0.01091 -2.43974e-05
 19 -0.00914 -4.64279e-05 | 20 -0.00720 -1.35792e-04 | 21 -0.00487 -6.01678e-05
 22 -0.00228 -3.38203e-05 | 23  0.00027 -1.06708e-04 | 24  0.00235 -7.36387e-05
 25  0.00374 -1.29435e-04 | 26  0.00386 -1.55932e-04 | 27  0.00286 -1.16098e-04
 28  0.00091 -1.52687e-04 | 29 -0.00112 -1.33939e-05 | 30 -0.00421 -3.39769e-06
 31 -0.00887 -5.48212e-05 | 32 -0.01508  3.23488e-05 | 33 -0.02440  1.28449e-04
 34 -0.03966  3.32564e-04 | 35 -0.04417  4.71959e-04 | 36  0.00705  8.69637e-04
 37  0.05582  1.03600e-03 | 38 -0.05396 -1.69253e-03 | 39 -0.04682 -5.49312e-04
 40 -0.04097  9.96702e-05 | 41 -0.03355  1.52781e-04 | 42 -0.02939  1.92899e-04
 43 -0.02573  1.80626e-04 | 44 -0.02528  2.89089e-04 | 45 -0.02581  4.16288e-04
 46 -0.02245  6.20844e-04 | 47 -0.00485  7.47642e-04 | 48  0.00916  1.23398e-03
 49 -0.01382  1.62577e-03 | 50 -0.04016  8.03822e-04 | 51 -0.04331  4.01371e-05
 52 -0.05392  2.16326e-04 | 53 -0.04231 -2.01434e-04 | 54 -0.00725 -7.11112e-04
 55 -0.01857 -1.09081e-03 | 56 -0.00746 -1.12295e-03 | 57 -0.00048 -8.48791e-04
 58 -0.00803 -9.17756e-04 | 59 -0.02865 -7.29645e-04 | 60 -0.02874 -7.62914e-04
 61  0.00843 -4.53805e-04 | 62 -0.02251  3.71331e-04 | 63 -0.04403  4.50990e-04
 64 -0.02734  1.58596e-04 | 65 -0.04671  4.19756e-04 | 66 -0.06629  4.41614e-04
 67 -0.05466  7.95319e-05 | 68  0.00749 -3.29669e-04 | 69  0.03863 -1.70217e-04
 70 -0.01114 -8.35850e-05 | 71 -0.01684  4.94055e-05 | 72 -0.01705  1.69313e-04
 73 -0.01721 -5.88391e-05 | 74 -0.56062  1.73189e-01 | 75 -0.30774  4.35126e-05
 76 -0.59451 -1.13633e-02 | 77  0.83520  4.71430e-04 | 78 -0.32320 -8.32428e-03
 79 -0.15968 -1.03837e-02 | 80 -0.08544 -1.18476e-04 | 81  0.23259 -2.75728e-04
 82  0.97265 -4.81865e-06 | 83  0.05313 -3.47827e-04 | 84  0.26502  7.45594e-04
 85  0.02961  1.46215e-04 | 86 -0.00134  3.77879e-06 | 87  0.04897  2.42148e-04
 88  0.01757  7.75421e-05 | 89 -0.00114 -5.61680e-06 |
89 variables; iteration 300; function evaluation 370; phase 3
Function value -9.1144914e+01; maximum gradient component mag 3.7731e-02
Var    Value     Gradient |Var    Value     Gradient |Var    Value     Gradient
  1  0.91358 -1.53696e-04 |  2  0.00034  1.57769e-05 |  3  0.00040  5.23487e-05
  4 -0.01550  7.33134e-06 |  5 -0.01543  9.33654e-06 |  6 -0.01534 -1.61167e-06
  7 -0.01523  4.57285e-06 |  8 -0.01511 -1.04425e-05 |  9 -0.01496 -2.95652e-06
 10 -0.01480 -1.45335e-05 | 11 -0.01463 -8.47443e-06 | 12 -0.01444 -3.69632e-06
 13 -0.01420 -5.27864e-06 | 14 -0.01391 -1.46404e-05 | 15 -0.01353 -4.24305e-05
 16 -0.01301 -4.71869e-06 | 17 -0.01231 -2.57916e-05 | 18 -0.01091 -1.80683e-05
 19 -0.00914 -6.74953e-06 | 20 -0.00720  2.94470e-06 | 21 -0.00487 -3.40348e-05
 22 -0.00228 -1.64514e-05 | 23  0.00027 -3.84015e-05 | 24  0.00235 -3.79123e-05
 25  0.00374 -4.63196e-05 | 26  0.00386 -5.18836e-05 | 27  0.00286 -6.19816e-05
 28  0.00091 -7.69822e-05 | 29 -0.00112 -4.80687e-05 | 30 -0.00421 -8.51484e-05
 31 -0.00887 -1.81072e-05 | 32 -0.01508 -1.25916e-06 | 33 -0.02440  1.51869e-05
 34 -0.03966  1.48449e-04 | 35 -0.04417  5.08770e-04 | 36  0.00704  1.05523e-03
 37  0.05582 -7.63765e-04 | 38 -0.05396 -3.47476e-04 | 39 -0.04682 -1.72538e-05
 40 -0.04097 -7.71295e-06 | 41 -0.03355  3.68788e-05 | 42 -0.02939  4.16546e-05
 43 -0.02573  4.28165e-05 | 44 -0.02528  4.45424e-05 | 45 -0.02581  8.17921e-05
 46 -0.02245  1.19407e-04 | 47 -0.00485  3.59992e-04 | 48  0.00916  8.47273e-04
 49 -0.01383  9.55835e-04 | 50 -0.04016  2.26504e-04 | 51 -0.04331 -1.06648e-04
 52 -0.05392 -2.99700e-04 | 53 -0.04231 -4.04795e-04 | 54 -0.00725 -2.19198e-04
 55 -0.01857 -3.80107e-04 | 56 -0.00746 -7.08166e-04 | 57 -0.00048 -6.58346e-04
 58 -0.00803 -2.08016e-04 | 59 -0.02865 -1.30880e-04 | 60 -0.02874 -3.99654e-04
 61  0.00843  2.69792e-04 | 62 -0.02251  7.42321e-04 | 63 -0.04403  4.86727e-04
 64 -0.02733  7.89658e-04 | 65 -0.04671  5.24671e-04 | 66 -0.06629 -1.63523e-04
 67 -0.05466 -9.44665e-04 | 68  0.00749 -1.05213e-03 | 69  0.03863  1.18464e-04
 70 -0.01114  1.33461e-04 | 71 -0.01684  7.19769e-05 | 72 -0.01705 -6.23387e-06
 73 -0.01721  6.94553e-06 | 74 -0.56032 -2.83621e-02 | 75 -0.31252 -3.06339e-06
 76 -0.58891 -1.10741e-04 | 77  0.83508  1.97772e-05 | 78 -0.32320  3.77307e-02
 79 -0.16022  2.45551e-02 | 80 -0.08544 -1.24226e-03 | 81  0.23603  5.27921e-03
 82  0.97264 -5.50033e-05 | 83  0.05352 -2.69993e-04 | 84  0.26502  4.99219e-04
 85  0.03148  1.55489e-04 | 86 -0.00176  2.23304e-06 | 87 -0.00517 -2.55353e-05
 88  0.00086 -4.46426e-06 | 89 -0.00062 -3.03618e-06 |
89 variables; iteration 320; function evaluation 391; phase 3
Function value -9.1144922e+01; maximum gradient component mag 2.6816e-01
Var    Value     Gradient |Var    Value     Gradient |Var    Value     Gradient
  1  0.88752 -2.13083e-04 |  2  0.00034  5.07606e-05 |  3  0.00040  9.36907e-04
  4 -0.01550  5.58415e-05 |  5 -0.01542  9.30736e-04 |  6 -0.01533  9.33576e-04
  7 -0.01523 -1.34986e-04 |  8 -0.01510  4.91500e-04 |  9 -0.01496 -5.62269e-04
 10 -0.01480 -2.91250e-04 | 11 -0.01463  3.45257e-04 | 12 -0.01444  1.55515e-04
 13 -0.01420 -6.83349e-05 | 14 -0.01391 -4.68855e-04 | 15 -0.01353 -7.43602e-04
 16 -0.01300  1.67912e-04 | 17 -0.01232 -8.75325e-04 | 18 -0.01090  2.61769e-04
 19 -0.00914  1.63711e-04 | 20 -0.00719  8.87931e-04 | 21 -0.00487  5.26438e-06
 22 -0.00228  8.53266e-04 | 23  0.00027  5.26747e-04 | 24  0.00235  7.47321e-05
 25  0.00374  2.47389e-04 | 26  0.00386  1.99367e-05 | 27  0.00286 -2.68527e-04
 28  0.00091 -1.08729e-03 | 29 -0.00112 -2.99713e-04 | 30 -0.00421 -1.48066e-03
 31 -0.00886  8.57060e-04 | 32 -0.01507  9.44873e-04 | 33 -0.02439  1.57148e-03
 34 -0.03965  3.95733e-03 | 35 -0.04418  5.48870e-03 | 36  0.00701  7.50910e-03
 37  0.05580 -1.23069e-02 | 38 -0.05396 -5.59135e-03 | 39 -0.04682 -6.41065e-04
 40 -0.04097 -9.15544e-04 | 41 -0.03356 -9.42676e-04 | 42 -0.02939 -1.06644e-03
 43 -0.02573 -6.00025e-04 | 44 -0.02528 -8.82036e-04 | 45 -0.02582 -9.89120e-04
 46 -0.02245 -1.43979e-03 | 47 -0.00486 -2.49563e-03 | 48  0.00916 -6.06824e-04
 49 -0.01382  1.23837e-03 | 50 -0.04016 -2.76608e-03 | 51 -0.04331 -2.44988e-03
 52 -0.05392 -2.28823e-03 | 53 -0.04230 -2.13446e-03 | 54 -0.00725  2.40206e-04
 55 -0.01856  9.32455e-05 | 56 -0.00746 -6.63887e-04 | 57 -0.00048 -4.47539e-04
 58 -0.00804  2.67657e-03 | 59 -0.02866  2.13704e-03 | 60 -0.02874  3.30243e-05
 61  0.00844  6.16984e-03 | 62 -0.02251  6.32742e-03 | 63 -0.04403  3.47472e-03
 64 -0.02732  7.84072e-03 | 65 -0.04670  5.64617e-03 | 66 -0.06629  6.91781e-04
 67 -0.05466 -6.40888e-03 | 68  0.00748 -9.14471e-03 | 69  0.03862 -1.64019e-03
 70 -0.01114  2.70772e-04 | 71 -0.01684  1.70810e-03 | 72 -0.01705 -6.50058e-04
 73 -0.01721  1.01183e-03 | 74 -0.55967  2.04688e-02 | 75 -0.32367 -7.80058e-06
 76 -0.57769 -1.64064e-03 | 77  0.83481  4.19016e-03 | 78 -0.32323  2.68159e-01
 79 -0.15982  2.04179e-01 | 80 -0.08548 -7.16332e-03 | 81  0.23389  3.32077e-02
 82  0.97278  6.66005e-04 | 83  0.05320 -3.34285e-04 | 84  0.26503  4.32001e-03
 85  0.03879  1.91674e-04 | 86 -0.00284 -2.37368e-06 | 87 -0.00989 -4.88053e-05
 88 -0.00048 -1.15707e-05 | 89 -0.00451 -2.22562e-05 |
89 variables; iteration 340; function evaluation 413; phase 3
Function value -9.1144965e+01; maximum gradient component mag -2.5927e-01
Var    Value     Gradient |Var    Value     Gradient |Var    Value     Gradient
  1  0.94425 -9.30887e-05 |  2  0.00034 -1.61837e-05 |  3  0.00040 -1.95302e-04
  4 -0.01550 -4.86286e-05 |  5 -0.01543 -3.40997e-04 |  6 -0.01534 -3.28010e-04
  7 -0.01523  1.02349e-04 |  8 -0.01511 -1.37744e-04 |  9 -0.01496  1.93832e-04
 10 -0.01480  8.07934e-05 | 11 -0.01463 -6.87364e-05 | 12 -0.01444 -5.59344e-05
 13 -0.01420  1.83377e-05 | 14 -0.01391  1.03718e-04 | 15 -0.01353  1.73796e-04
 16 -0.01301 -1.15813e-04 | 17 -0.01231  2.24636e-04 | 18 -0.01091 -4.02712e-05
 19 -0.00914 -1.03718e-04 | 20 -0.00720 -2.93862e-04 | 21 -0.00487 -4.42772e-05
 22 -0.00228 -2.56180e-04 | 23  0.00027 -1.89113e-04 | 24  0.00235 -5.13725e-05
 25  0.00374 -7.14741e-05 | 26  0.00386 -5.17048e-05 | 27  0.00286  1.00592e-04
 28  0.00091  2.52789e-04 | 29 -0.00112  1.18617e-04 | 30 -0.00420  3.94429e-04
 31 -0.00886 -1.83728e-04 | 32 -0.01507 -1.10647e-04 | 33 -0.02439 -2.40590e-04
 34 -0.03966 -8.12729e-04 | 35 -0.04418 -1.11553e-03 | 36  0.00701 -2.20096e-03
 37  0.05581  3.24855e-04 | 38 -0.05395  3.01668e-03 | 39 -0.04682  1.11238e-03
 40 -0.04097  2.36617e-04 | 41 -0.03355  3.27985e-04 | 42 -0.02939  3.58304e-04
 43 -0.02573  1.81683e-04 | 44 -0.02528  3.17924e-04 | 45 -0.02581  2.85686e-04
 46 -0.02245  3.62070e-04 | 47 -0.00485  9.45003e-04 | 48  0.00917  6.77092e-04
 49 -0.01383  1.27829e-04 | 50 -0.04016  8.01794e-04 | 51 -0.04331  8.42266e-04
 52 -0.05392  4.69157e-04 | 53 -0.04231  6.46626e-04 | 54 -0.00725  1.68025e-04
 55 -0.01857  2.24663e-04 | 56 -0.00746  4.65272e-04 | 57 -0.00048  2.65645e-04
 58 -0.00804 -5.89522e-04 | 59 -0.02866 -7.74396e-04 | 60 -0.02874 -3.68456e-04
 61  0.00843 -1.74423e-03 | 62 -0.02251 -1.76619e-03 | 63 -0.04402 -1.03160e-03
 64 -0.02732 -1.86997e-03 | 65 -0.04671 -1.44661e-03 | 66 -0.06629 -4.37033e-04
 67 -0.05466  1.03708e-03 | 68  0.00749  1.74088e-03 | 69  0.03862  1.27208e-04
 70 -0.01114 -9.26198e-05 | 71 -0.01685 -4.44104e-04 | 72 -0.01705  2.64379e-04
 73 -0.01721 -2.54003e-04 | 74 -0.55977 -2.59273e-01 | 75 -0.32046 -2.36427e-05
 76 -0.57925  1.44084e-02 | 77  0.83478 -1.02728e-03 | 78 -0.32319 -7.52710e-02
 79 -0.15631 -6.62798e-02 | 80 -0.08543  1.47155e-03 | 81  0.20775 -6.77009e-03
 82  0.97260 -2.49872e-04 | 83  0.05823  1.58930e-04 | 84  0.26502 -1.23440e-03
 85 -0.02611 -1.28945e-04 | 86 -0.00195  7.35246e-07 | 87  0.00414  2.04109e-05
 88  0.00272  5.06299e-06 | 89  0.00121  5.95821e-06 |
89 variables; iteration 360; function evaluation 435; phase 3
Function value -9.1145003e+01; maximum gradient component mag 3.5913e-01
Var    Value     Gradient |Var    Value     Gradient |Var    Value     Gradient
  1  0.97954 -2.87793e-05 |  2  0.00034 -4.56633e-05 |  3  0.00040 -2.76802e-04
  4 -0.01550  1.54585e-04 |  5 -0.01543 -4.75151e-04 |  6 -0.01534 -4.93951e-04
  7 -0.01523  2.00167e-04 |  8 -0.01511 -1.55155e-04 |  9 -0.01496  2.39175e-04
 10 -0.01480  5.78199e-05 | 11 -0.01463  7.97107e-06 | 12 -0.01444 -6.87862e-05
 13 -0.01420  8.25291e-05 | 14 -0.01391  2.01124e-04 | 15 -0.01353  2.71776e-04
 16 -0.01301  8.92170e-07 | 17 -0.01231  2.71193e-04 | 18 -0.01091 -9.93104e-05
 19 -0.00914 -3.39924e-05 | 20 -0.00720 -3.49344e-04 | 21 -0.00487  2.08289e-05
 22 -0.00228 -2.01535e-04 | 23  0.00027 -1.60491e-04 | 24  0.00235 -1.11082e-04
 25  0.00374 -1.85680e-04 | 26  0.00386 -1.28078e-04 | 27  0.00286 -8.99740e-05
 28  0.00091  1.12256e-04 | 29 -0.00111 -8.86390e-06 | 30 -0.00420  4.35909e-04
 31 -0.00886 -2.74597e-04 | 32 -0.01507 -1.66310e-04 | 33 -0.02438  1.11933e-04
 34 -0.03966  4.90608e-04 | 35 -0.04418  2.29033e-03 | 36  0.00699  4.98364e-03
 37  0.05580 -4.81334e-03 | 38 -0.05394 -1.66376e-03 | 39 -0.04682 -3.11944e-04
 40 -0.04097  6.91727e-06 | 41 -0.03355  3.36328e-04 | 42 -0.02939  4.08380e-04
 43 -0.02573  3.55623e-04 | 44 -0.02528  4.36410e-04 | 45 -0.02582  5.47773e-04
 46 -0.02245  1.03172e-03 | 47 -0.00485  2.14794e-03 | 48  0.00917  4.48233e-03
 49 -0.01382  4.24635e-03 | 50 -0.04015  1.37302e-03 | 51 -0.04331 -1.35646e-04
 52 -0.05392 -1.13145e-03 | 53 -0.04230 -1.93697e-03 | 54 -0.00725 -6.23430e-04
 55 -0.01856 -8.48457e-04 | 56 -0.00746 -2.52971e-03 | 57 -0.00048 -2.16692e-03
 58 -0.00804 -3.79343e-04 | 59 -0.02866  1.86420e-05 | 60 -0.02874 -1.34157e-03
 61  0.00843  1.50736e-03 | 62 -0.02252  3.43729e-03 | 63 -0.04402  1.66739e-03
 64 -0.02731  2.57607e-03 | 65 -0.04670  1.23841e-03 | 66 -0.06629 -2.30317e-03
 67 -0.05466 -6.03863e-03 | 68  0.00749 -6.29896e-03 | 69  0.03861 -1.17147e-04
 70 -0.01115  2.68528e-04 | 71 -0.01685 -4.13192e-04 | 72 -0.01705  2.97137e-04
 73 -0.01721 -2.58969e-04 | 74 -0.55935  1.53714e-02 | 75 -0.32631  2.01678e-05
 76 -0.57227 -8.41562e-04 | 77  0.83452 -1.99710e-04 | 78 -0.32319  3.59134e-01
 79 -0.15311  3.18692e-01 | 80 -0.08544 -6.36800e-03 | 81  0.17686  2.91037e-02
 82  0.97264 -3.05186e-05 | 83  0.05644  6.72975e-05 | 84  0.26502 -3.29345e-04
 85 -0.01269 -6.26550e-05 | 86 -0.00171  1.56427e-06 | 87  0.00091  4.51052e-06
 88  0.00278  5.66659e-06 | 89  0.00095  4.67324e-06 |
89 variables; iteration 380; function evaluation 461; phase 3
Function value -9.1145029e+01; maximum gradient component mag 1.5949e-01
Var    Value     Gradient |Var    Value     Gradient |Var    Value     Gradient
  1  1.03312  5.19412e-05 |  2  0.00034  2.99771e-05 |  3  0.00040  2.36991e-04
  4 -0.01550 -1.25387e-04 |  5 -0.01543  1.51770e-04 |  6 -0.01534  1.64446e-04
  7 -0.01523 -4.05970e-05 |  8 -0.01511  4.42247e-05 |  9 -0.01496 -8.74777e-05
 10 -0.01480 -4.15266e-05 | 11 -0.01463 -2.55518e-05 | 12 -0.01444 -2.39007e-06
 13 -0.01420 -5.90271e-05 | 14 -0.01391 -1.61952e-04 | 15 -0.01353 -1.98040e-04
 16 -0.01301 -1.12774e-04 | 17 -0.01231 -1.53259e-04 | 18 -0.01091  7.73509e-05
 19 -0.00914 -7.17017e-05 | 20 -0.00720  1.07827e-04 | 21 -0.00487 -9.93955e-05
 22 -0.00228  3.40827e-05 | 23  0.00027 -3.15828e-06 | 24  0.00235  2.69325e-05
 25  0.00374  6.66841e-05 | 26  0.00386 -1.26875e-05 | 27  0.00286  1.19785e-04
 28  0.00091 -4.37694e-05 | 29 -0.00111  1.02687e-04 | 30 -0.00420 -1.64446e-04
 31 -0.00886  3.06430e-04 | 32 -0.01507  3.94726e-04 | 33 -0.02439  4.33563e-04
 34 -0.03966  7.50996e-04 | 35 -0.04418  1.56468e-03 | 36  0.00699  2.16971e-03
 37  0.05580 -3.75618e-03 | 38 -0.05394 -8.95787e-04 | 39 -0.04682  2.46038e-05
 40 -0.04097 -1.55260e-04 | 41 -0.03355  4.12396e-05 | 42 -0.02939  5.22957e-06
 43 -0.02573 -1.48660e-05 | 44 -0.02528  4.69088e-05 | 45 -0.02582  3.72540e-05
 46 -0.02245 -9.66628e-05 | 47 -0.00485  4.47444e-04 | 48  0.00917  1.39635e-03
 49 -0.01382  1.56088e-03 | 50 -0.04016  4.56890e-04 | 51 -0.04331  8.48813e-05
 52 -0.05392 -5.98483e-04 | 53 -0.04230 -9.49746e-04 | 54 -0.00725 -8.03497e-06
 55 -0.01856  4.37427e-04 | 56 -0.00746  2.83363e-04 | 57 -0.00048  2.43440e-04
 58 -0.00804  7.55036e-04 | 59 -0.02866  1.90195e-04 | 60 -0.02874 -6.94452e-04
 61  0.00843  8.72629e-05 | 62 -0.02252  6.94623e-04 | 63 -0.04402  1.56019e-04
 64 -0.02732  1.03759e-03 | 65 -0.04670  4.82135e-04 | 66 -0.06629 -9.31881e-04
 67 -0.05466 -2.41199e-03 | 68  0.00749 -2.72811e-03 | 69  0.03862 -4.57421e-04
 70 -0.01114  1.35367e-04 | 71 -0.01684  1.71091e-04 | 72 -0.01705 -6.04708e-05
 73 -0.01721  1.25157e-04 | 74 -0.55938 -3.10712e-02 | 75 -0.32655 -5.89768e-08
 76 -0.57289  1.94643e-03 | 77  0.83458  1.17926e-03 | 78 -0.32320  1.59494e-01
 79 -0.15088  1.49294e-01 | 80 -0.08544 -2.08837e-03 | 81  0.14796  1.08052e-02
 82  0.97263 -7.17743e-05 | 83  0.05408 -1.74666e-04 | 84  0.26502 -3.89216e-04
 85 -0.00257 -1.26971e-05 | 86 -0.00235 -1.50601e-06 | 87  0.00219  1.07982e-05
 88  0.00224  2.96458e-06 | 89  0.00028  1.38658e-06 |
89 variables; iteration 400; function evaluation 484; phase 3
Function value -9.1145044e+01; maximum gradient component mag 3.0227e-02
Var    Value     Gradient |Var    Value     Gradient |Var    Value     Gradient
  1  1.07634  1.32769e-04 |  2  0.00034  3.90126e-05 |  3  0.00040  2.23275e-04
  4 -0.01550 -1.96421e-04 |  5 -0.01543  1.85075e-04 |  6 -0.01534  2.20948e-04
  7 -0.01523 -8.72723e-05 |  8 -0.01510  4.66825e-05 |  9 -0.01496 -1.12767e-04
 10 -0.01480 -2.53849e-05 | 11 -0.01463 -3.96655e-05 | 12 -0.01444  1.06680e-06
 13 -0.01420 -8.10955e-05 | 14 -0.01391 -1.68011e-04 | 15 -0.01353 -2.08851e-04
 16 -0.01301 -1.38974e-04 | 17 -0.01231 -1.62631e-04 | 18 -0.01091  9.08442e-05
 19 -0.00914 -8.00958e-05 | 20 -0.00720  1.15257e-04 | 21 -0.00487 -9.77377e-05
 22 -0.00228  2.19139e-05 | 23  0.00027  2.96434e-06 | 24  0.00235  5.40220e-05
 25  0.00374  1.22121e-04 | 26  0.00386  4.88841e-05 | 27  0.00286  1.77083e-04
 28  0.00091  2.19760e-05 | 29 -0.00111  1.30041e-04 | 30 -0.00420 -2.02735e-04
 31 -0.00886  1.97486e-04 | 32 -0.01507  2.06463e-04 | 33 -0.02438  2.88044e-05
 34 -0.03966  1.85439e-05 | 35 -0.04418  2.83886e-04 | 36  0.00698  4.92788e-04
 37  0.05580 -5.60263e-04 | 38 -0.05394 -1.21160e-04 | 39 -0.04682 -7.41974e-05
 40 -0.04097 -8.51941e-05 | 41 -0.03355  3.17235e-05 | 42 -0.02939 -6.41741e-07
 43 -0.02573 -4.36260e-05 | 44 -0.02529  5.22885e-05 | 45 -0.02582  2.08289e-05
 46 -0.02245 -1.39563e-04 | 47 -0.00485  1.97833e-04 | 48  0.00917  3.70248e-04
 49 -0.01382  3.55269e-04 | 50 -0.04015  2.25349e-04 | 51 -0.04331  1.56760e-04
 52 -0.05392 -7.73928e-05 | 53 -0.04230 -2.20881e-04 | 54 -0.00725  3.14746e-04
 55 -0.01856  7.68648e-04 | 56 -0.00746  8.72207e-04 | 57 -0.00048  6.62562e-04
 58 -0.00804  5.13367e-04 | 59 -0.02866  1.88291e-05 | 60 -0.02874 -3.68361e-04
 61  0.00843 -7.39316e-04 | 62 -0.02252 -5.31740e-04 | 63 -0.04402 -4.68389e-04
 64 -0.02731 -3.35221e-04 | 65 -0.04670 -4.54624e-04 | 66 -0.06629 -6.27250e-04
 67 -0.05466 -6.46906e-04 | 68  0.00749 -4.83683e-04 | 69  0.03861 -4.30901e-05
 70 -0.01114  1.36265e-04 | 71 -0.01684  1.39107e-04 | 72 -0.01705 -7.95654e-05
 73 -0.01721  1.09410e-04 | 74 -0.55922  2.48313e-02 | 75 -0.32854  6.52718e-07
 76 -0.57020 -1.16125e-03 | 77  0.83446  2.28571e-04 | 78 -0.32319  3.02272e-02
 79 -0.14933  2.77943e-02 | 80 -0.08544 -2.00316e-04 | 81  0.12182  2.10422e-03
 82  0.97263 -8.60677e-05 | 83  0.05405 -1.79061e-04 | 84  0.26502 -7.01629e-04
 85 -0.00368 -1.81443e-05 | 86 -0.00251 -1.68735e-06 | 87  0.00204  1.00455e-05
 88  0.00195  1.05981e-06 | 89  0.00053  2.59122e-06 |
89 variables; iteration 420; function evaluation 508; phase 3
Function value -9.1145050e+01; maximum gradient component mag 1.1859e-01
Var    Value     Gradient |Var    Value     Gradient |Var    Value     Gradient
  1  1.11595  2.22038e-04 |  2  0.00034  1.29136e-05 |  3  0.00040  6.21240e-05
  4 -0.01550 -2.82337e-05 |  5 -0.01543  4.74309e-05 |  6 -0.01534  5.02250e-05
  7 -0.01523 -1.79935e-05 |  8 -0.01511 -3.02091e-07 |  9 -0.01496 -3.35392e-05
 10 -0.01480 -1.46622e-05 | 11 -0.01463 -1.59463e-05 | 12 -0.01444 -2.13741e-06
 13 -0.01420 -1.59011e-05 | 14 -0.01391 -3.51075e-05 | 15 -0.01353 -4.93542e-05
 16 -0.01301 -2.82496e-05 | 17 -0.01231 -4.40471e-05 | 18 -0.01091  2.05251e-05
 19 -0.00914 -7.50114e-06 | 20 -0.00720  3.68758e-05 | 21 -0.00487 -1.66801e-05
 22 -0.00228  1.97874e-05 | 23  0.00027  1.79257e-05 | 24  0.00235  1.92784e-05
 25  0.00374  3.57706e-05 | 26  0.00386  2.47957e-05 | 27  0.00286  5.38333e-05
 28  0.00091  2.33245e-05 | 29 -0.00111  4.50213e-05 | 30 -0.00420 -4.39007e-05
 31 -0.00886  5.79554e-05 | 32 -0.01507  4.01901e-05 | 33 -0.02438  2.61458e-05
 34 -0.03965  1.06120e-04 | 35 -0.04418  4.28522e-04 | 36  0.00698  8.38544e-04
 37  0.05580 -1.42250e-03 | 38 -0.05394  5.76750e-05 | 39 -0.04682  1.11781e-04
 40 -0.04097 -6.20922e-05 | 41 -0.03355 -6.70230e-07 | 42 -0.02939 -1.38582e-05
 43 -0.02573  1.97653e-06 | 44 -0.02529 -4.85304e-08 | 45 -0.02582  1.21544e-05
 46 -0.02245  5.43355e-06 | 47 -0.00485  2.78834e-04 | 48  0.00917  6.93259e-04
 49 -0.01382  6.92028e-04 | 50 -0.04015  1.42255e-04 | 51 -0.04331 -5.47582e-06
 52 -0.05392 -3.09450e-04 | 53 -0.04230 -4.01304e-04 | 54 -0.00725 -2.14842e-06
 55 -0.01856  1.06557e-04 | 56 -0.00746 -1.22500e-04 | 57 -0.00048 -1.82007e-04
 58 -0.00804  1.45993e-04 | 59 -0.02866  8.04477e-05 | 60 -0.02874 -2.34422e-04
 61  0.00843  2.34504e-04 | 62 -0.02252  4.52926e-04 | 63 -0.04402  1.53551e-04
 64 -0.02731  5.13402e-04 | 65 -0.04670  2.09609e-04 | 66 -0.06629 -4.76041e-04
 67 -0.05466 -1.19115e-03 | 68  0.00749 -1.21217e-03 | 69  0.03861 -6.73935e-05
 70 -0.01115  9.86739e-05 | 71 -0.01684  5.21000e-05 | 72 -0.01705 -1.71802e-05
 73 -0.01721  1.93560e-05 | 74 -0.55916 -3.92763e-02 | 75 -0.32927 -3.53913e-06
 76 -0.56930  2.92892e-03 | 77  0.83442  8.33319e-06 | 78 -0.32320  1.18502e-01
 79 -0.14828  1.18591e-01 | 80 -0.08545 -1.12327e-03 | 81  0.09956  5.56434e-03
 82  0.97266  5.01531e-05 | 83  0.05497 -5.93835e-05 | 84  0.26502 -3.17782e-04
 85  0.00421  2.07998e-05 | 86 -0.00270 -1.58649e-06 | 87  0.00031  1.53305e-06
 88  0.00191  2.62050e-08 | 89  0.00049  2.40639e-06 |
89 variables; iteration 440; function evaluation 529; phase 3
Function value -9.1145050e+01; maximum gradient component mag -7.2173e-03
Var    Value     Gradient |Var    Value     Gradient |Var    Value     Gradient
  1  1.13110  2.62743e-04 |  2  0.00034  8.91837e-06 |  3  0.00040  2.23851e-05
  4 -0.01550  1.43192e-05 |  5 -0.01543  1.24502e-05 |  6 -0.01534  6.19834e-06
  7 -0.01523 -4.14487e-07 |  8 -0.01511 -1.55845e-05 |  9 -0.01496 -1.23408e-05
 10 -0.01480 -1.09654e-05 | 11 -0.01463 -1.34003e-05 | 12 -0.01444 -2.31161e-06
 13 -0.01420  8.57403e-07 | 14 -0.01391 -1.05456e-06 | 15 -0.01353 -7.44912e-06
 16 -0.01300 -2.42766e-06 | 17 -0.01231 -1.28709e-05 | 18 -0.01091  4.22316e-06
 19 -0.00914  1.14258e-05 | 20 -0.00720  1.81275e-05 | 21 -0.00487  4.49541e-06
 22 -0.00228  2.02518e-05 | 23  0.00027  2.44800e-05 | 24  0.00235  1.69502e-05
 25  0.00374  1.87283e-05 | 26  0.00386  2.42017e-05 | 27  0.00286  3.06613e-05
 28  0.00091  3.52855e-05 | 29 -0.00111  3.47236e-05 | 30 -0.00420  9.09238e-06
 31 -0.00886  2.82927e-05 | 32 -0.01506 -6.29169e-06 | 33 -0.02438 -1.51338e-05
 34 -0.03965 -2.68347e-05 | 35 -0.04419 -2.71124e-05 | 36  0.00697  3.02202e-05
 37  0.05580 -4.53989e-05 | 38 -0.05394  5.98818e-05 | 39 -0.04682  1.80228e-05
 40 -0.04097 -1.21602e-05 | 41 -0.03355 -1.89114e-05 | 42 -0.02939 -2.89565e-05
 43 -0.02573 -1.44746e-06 | 44 -0.02529 -2.27804e-05 | 45 -0.02582  2.80369e-06
 46 -0.02245  1.15068e-05 | 47 -0.00485  7.92234e-05 | 48  0.00917  1.48658e-04
 49 -0.01382  1.72110e-04 | 50 -0.04015  9.90614e-05 | 51 -0.04331  5.62392e-05
 52 -0.05392 -4.47535e-05 | 53 -0.04230 -1.07051e-04 | 54 -0.00725 -1.05079e-04
 55 -0.01856 -6.03101e-05 | 56 -0.00746 -5.46791e-05 | 57 -0.00048 -7.82808e-05
 58 -0.00804 -6.19186e-05 | 59 -0.02866 -1.40351e-05 | 60 -0.02874 -1.22789e-05
 61  0.00843  6.15006e-06 | 62 -0.02252 -1.43029e-05 | 63 -0.04402 -3.51120e-05
 64 -0.02731  1.25582e-05 | 65 -0.04670 -1.93800e-06 | 66 -0.06629 -3.35709e-05
 67 -0.05466 -7.62698e-05 | 68  0.00749 -8.20116e-05 | 69  0.03861 -4.37688e-05
 70 -0.01115 -5.16087e-06 | 71 -0.01685  1.63297e-05 | 72 -0.01705  4.35917e-07
 73 -0.01721 -8.99349e-06 | 74 -0.55908  3.06441e-03 | 75 -0.33032  3.04677e-08
 76 -0.56801  4.76358e-04 | 77  0.83437 -2.39141e-05 | 78 -0.32320 -5.40726e-03
 79 -0.14787 -7.21732e-03 | 80 -0.08545 -3.11274e-05 | 81  0.08956  1.94620e-04
 82  0.97266  8.67067e-05 | 83  0.05500 -5.55843e-05 | 84  0.26502 -2.55951e-04
 85  0.00632  3.11759e-05 | 86 -0.00283 -1.68060e-06 | 87 -0.00010 -4.76931e-07
 88  0.00195 -2.65657e-07 | 89  0.00055  2.69871e-06 |
89 variables; iteration 460; function evaluation 550; phase 3
Function value -9.1145053e+01; maximum gradient component mag 4.6656e-01
Var    Value     Gradient |Var    Value     Gradient |Var    Value     Gradient
  1  1.14675  3.09686e-04 |  2  0.00034  7.97366e-06 |  3  0.00040  2.27022e-05
  4 -0.01550  1.70992e-05 |  5 -0.01543  1.51332e-05 |  6 -0.01534  8.17296e-06
  7 -0.01523 -1.97634e-06 |  8 -0.01511 -1.62529e-05 |  9 -0.01496 -1.62895e-05
 10 -0.01480 -1.34444e-05 | 11 -0.01463 -1.35900e-05 | 12 -0.01444 -3.57918e-06
 13 -0.01420  7.46459e-07 | 14 -0.01391 -3.48245e-07 | 15 -0.01353 -8.72261e-06
 16 -0.01300 -1.00652e-07 | 17 -0.01231 -1.51464e-05 | 18 -0.01091  2.80421e-06
 19 -0.00914  1.37347e-05 | 20 -0.00720  1.93459e-05 | 21 -0.00487  5.04267e-06
 22 -0.00228  2.20145e-05 | 23  0.00027  2.59592e-05 | 24  0.00235  1.33002e-05
 25  0.00374  1.54654e-05 | 26  0.00386  2.17633e-05 | 27  0.00286  2.43864e-05
 28  0.00091  2.69997e-05 | 29 -0.00111  2.13896e-05 | 30 -0.00420 -1.28732e-05
 31 -0.00886  6.84619e-06 | 32 -0.01506 -2.73173e-05 | 33 -0.02438  2.55268e-05
 34 -0.03965  2.71204e-04 | 35 -0.04419  1.11372e-03 | 36  0.00697  2.31951e-03
 37  0.05580 -3.55795e-03 | 38 -0.05394  3.05006e-05 | 39 -0.04682  2.38946e-04
 40 -0.04097 -1.26373e-04 | 41 -0.03355  5.71860e-06 | 42 -0.02939 -2.37897e-07
 43 -0.02573  3.88049e-05 | 44 -0.02529  8.58422e-06 | 45 -0.02582  4.29729e-05
 46 -0.02245  1.28032e-04 | 47 -0.00485  6.79404e-04 | 48  0.00917  1.76218e-03
 49 -0.01382  1.72937e-03 | 50 -0.04015  2.01148e-04 | 51 -0.04331 -2.01626e-04
 52 -0.05392 -8.32587e-04 | 53 -0.04230 -9.93466e-04 | 54 -0.00725 -7.33951e-05
 55 -0.01856 -5.97960e-05 | 56 -0.00746 -8.91874e-04 | 57 -0.00048 -9.18457e-04
 58 -0.00804  1.70014e-04 | 59 -0.02866  2.52380e-04 | 60 -0.02874 -4.85865e-04
 61  0.00843  1.13493e-03 | 62 -0.02252  1.75424e-03 | 63 -0.04402  8.07561e-04
 64 -0.02731  1.71730e-03 | 65 -0.04670  8.80083e-04 | 66 -0.06629 -1.09570e-03
 67 -0.05466 -3.21688e-03 | 68  0.00749 -3.32992e-03 | 69  0.03861 -5.97538e-05
 70 -0.01115  2.51930e-04 | 71 -0.01685  3.84892e-05 | 72 -0.01705 -2.53218e-06
 73 -0.01721 -7.87548e-06 | 74 -0.55911 -1.06811e-01 | 75 -0.33001 -9.09534e-06
 76 -0.56841  7.27528e-03 | 77  0.83439 -2.01170e-04 | 78 -0.32320  4.48473e-01
 79 -0.14722  4.66565e-01 | 80 -0.08545 -3.33781e-03 | 81  0.07136  1.56037e-02
 82  0.97267  1.05453e-04 | 83  0.05498 -5.78544e-05 | 84  0.26502 -2.98619e-04
 85  0.00775  3.82379e-05 | 86 -0.00303 -1.95352e-06 | 87 -0.00020 -1.01015e-06
 88  0.00201 -5.11188e-07 | 89  0.00062  3.04672e-06 |
89 variables; iteration 480; function evaluation 574; phase 3
Function value -9.1145082e+01; maximum gradient component mag -2.4321e-01
Var    Value     Gradient |Var    Value     Gradient |Var    Value     Gradient
  1  1.06679  1.13988e-04 |  2  0.00034  4.09483e-06 |  3  0.00040  2.56125e-05
  4 -0.01550 -1.45580e-05 |  5 -0.01543  1.34959e-05 |  6 -0.01534  1.17186e-05
  7 -0.01523 -5.90973e-06 |  8 -0.01511 -3.17039e-06 |  9 -0.01496 -1.06504e-05
 10 -0.01480 -5.96099e-06 | 11 -0.01463 -9.61506e-06 | 12 -0.01444 -3.66990e-06
 13 -0.01420 -8.30268e-06 | 14 -0.01391 -1.71239e-05 | 15 -0.01353 -2.07512e-05
 16 -0.01301 -1.61978e-05 | 17 -0.01231 -1.49532e-05 | 18 -0.01091  9.59507e-06
 19 -0.00914 -7.01050e-06 | 20 -0.00720  1.04566e-05 | 21 -0.00487 -8.57864e-06
 22 -0.00228  4.76134e-06 | 23  0.00027  5.10375e-06 | 24  0.00235  1.30958e-05
 25  0.00374  1.74252e-05 | 26  0.00386  1.31155e-05 | 27  0.00286  3.38502e-05
 28  0.00091  2.32244e-05 | 29 -0.00111  3.43480e-05 | 30 -0.00420 -3.61364e-07
 31 -0.00886  3.24300e-05 | 32 -0.01507  1.72293e-05 | 33 -0.02438 -3.26914e-05
 34 -0.03966 -1.75074e-04 | 35 -0.04418 -5.41568e-04 | 36  0.00699 -1.27401e-03
 37  0.05580  2.81161e-04 | 38 -0.05394  1.13968e-03 | 39 -0.04682  4.52124e-04
 40 -0.04097  3.21025e-05 | 41 -0.03355 -1.21268e-05 | 42 -0.02939 -2.14282e-05
 43 -0.02573 -2.88792e-05 | 44 -0.02529 -3.38653e-05 | 45 -0.02582 -5.22250e-05
 46 -0.02245 -1.15013e-04 | 47 -0.00485 -1.52187e-04 | 48  0.00917 -5.24846e-04
 49 -0.01382 -5.45564e-04 | 50 -0.04016 -9.00912e-05 | 51 -0.04331  1.93106e-04
 52 -0.05392  2.05294e-04 | 53 -0.04230  4.04166e-04 | 54 -0.00725  6.52000e-05
 55 -0.01856  7.47169e-05 | 56 -0.00746  3.95893e-04 | 57 -0.00048  2.81940e-04
 58 -0.00804 -1.25803e-04 | 59 -0.02866 -2.14190e-04 | 60 -0.02874  1.07053e-04
 61  0.00843 -4.46019e-04 | 62 -0.02252 -7.84503e-04 | 63 -0.04402 -3.83223e-04
 64 -0.02731 -5.77187e-04 | 65 -0.04670 -3.11621e-04 | 66 -0.06629  3.71825e-04
 67 -0.05466  1.10722e-03 | 68  0.00749  1.23491e-03 | 69  0.03862 -1.56403e-05
 70 -0.01114 -6.56851e-05 | 71 -0.01684  2.18839e-05 | 72 -0.01705 -3.62350e-06
 73 -0.01721  3.89731e-06 | 74 -0.55931 -9.58874e-02 | 75 -0.32721 -9.03790e-06
 76 -0.57169  6.03192e-03 | 77  0.83451 -1.54179e-04 | 78 -0.32320 -2.26193e-01
 79 -0.14620 -2.43213e-01 | 80 -0.08545  1.23950e-03 | 81  0.03473 -5.50019e-03
 82  0.97265  1.97146e-05 | 83  0.05539 -1.65271e-05 | 84  0.26502 -1.86910e-04
 85  0.00199  9.81759e-06 | 86 -0.00227 -6.99484e-07 | 87  0.00005  2.59490e-07
 88  0.00161 -4.88535e-07 | 89  0.00027  1.34052e-06 |
89 variables; iteration 500; function evaluation 595; phase 3
Function value -9.1145088e+01; maximum gradient component mag -1.2769e-03
Var    Value     Gradient |Var    Value     Gradient |Var    Value     Gradient
  1  1.00377 -2.03470e-05 |  2  0.00034  9.95075e-08 |  3  0.00040  1.19470e-06
  4 -0.01550 -4.10266e-06 |  5 -0.01543  6.07250e-08 |  6 -0.01534  1.39101e-06
  7 -0.01523 -8.12481e-07 |  8 -0.01511  1.25810e-06 |  9 -0.01496 -2.22461e-07
 10 -0.01480  6.14208e-07 | 11 -0.01463  2.82409e-07 | 12 -0.01444 -2.51796e-07
 13 -0.01420 -1.22420e-06 | 14 -0.01391 -2.03104e-06 | 15 -0.01353 -1.67626e-06
 16 -0.01301 -2.90948e-06 | 17 -0.01231 -1.49877e-06 | 18 -0.01091  5.99342e-07
 19 -0.00914 -2.71603e-06 | 20 -0.00720 -9.86999e-07 | 21 -0.00487 -1.92411e-06
 22 -0.00228 -2.48995e-06 | 23  0.00027 -2.98551e-06 | 24  0.00235 -9.31601e-07
 25  0.00374  1.41094e-08 | 26  0.00386 -1.40245e-06 | 27  0.00286  2.56539e-07
 28  0.00091 -1.91088e-06 | 29 -0.00112 -8.04943e-07 | 30 -0.00420 -3.34164e-06
 31 -0.00886 -7.01118e-07 | 32 -0.01507  2.08463e-06 | 33 -0.02439 -7.43584e-07
 34 -0.03966 -1.01822e-06 | 35 -0.04418  6.86885e-06 | 36  0.00699  1.08718e-05
 37  0.05580 -1.35086e-05 | 38 -0.05394  4.01936e-06 | 39 -0.04682  1.37788e-06
 40 -0.04097  3.56107e-07 | 41 -0.03355  3.55034e-06 | 42 -0.02939  4.27279e-06
 43 -0.02573  8.76224e-07 | 44 -0.02528  4.43227e-06 | 45 -0.02582  2.12797e-06
 46 -0.02245  6.13808e-08 | 47 -0.00485  4.70335e-06 | 48  0.00917  5.69639e-06
 49 -0.01382  1.10319e-06 | 50 -0.04016 -1.54122e-06 | 51 -0.04331 -1.46723e-06
 52 -0.05392  2.25902e-07 | 53 -0.04230  3.61800e-06 | 54 -0.00725  1.49591e-05
 55 -0.01856  1.70697e-05 | 56 -0.00746  1.17440e-05 | 57 -0.00048  8.86052e-06
 58 -0.00804  8.37356e-06 | 59 -0.02866 -1.80789e-06 | 60 -0.02874 -9.93103e-06
 61  0.00843 -1.28444e-05 | 62 -0.02252 -3.24019e-06 | 63 -0.04402 -2.52184e-06
 64 -0.02732 -3.59429e-06 | 65 -0.04670 -6.53257e-06 | 66 -0.06629 -1.35460e-05
 67 -0.05466 -1.62250e-05 | 68  0.00749 -9.61521e-06 | 69  0.03862  6.93647e-06
 70 -0.01114  5.18736e-06 | 71 -0.01684 -7.75527e-07 | 72 -0.01705  8.30479e-08
 73 -0.01721  1.59967e-06 | 74 -0.55941 -1.02403e-03 | 75 -0.32571  2.19197e-09
 76 -0.57340  8.64392e-06 | 77  0.83458 -4.44063e-06 | 78 -0.32321 -8.71856e-04
 79 -0.14590 -1.27690e-03 | 80 -0.08546 -1.39006e-05 | 81  0.02125  9.36749e-05
 82  0.97265 -8.42130e-06 | 83  0.05561  3.40648e-06 | 84  0.26502  6.13660e-06
 85 -0.00051 -2.53828e-06 | 86 -0.00200  8.89722e-08 | 87  0.00003  1.23997e-07
 88  0.00162  1.53720e-08 | 89 -0.00003 -1.64717e-07 |
89 variables; iteration 520; function evaluation 619; phase 3
Function value -9.1145088e+01; maximum gradient component mag 3.1708e-01
Var    Value     Gradient |Var    Value     Gradient |Var    Value     Gradient
  1  1.00510 -1.12540e-05 |  2  0.00034  1.78108e-05 |  3  0.00040  9.58013e-05
  4 -0.01550 -9.15439e-05 |  5 -0.01543  4.61468e-05 |  6 -0.01534  6.90471e-05
  7 -0.01523 -2.80804e-05 |  8 -0.01511  1.04540e-05 |  9 -0.01496 -4.00493e-05
 10 -0.01480 -8.05740e-06 | 11 -0.01463 -1.77349e-05 | 12 -0.01444 -9.64868e-06
 13 -0.01420 -3.49395e-05 | 14 -0.01391 -7.02009e-05 | 15 -0.01353 -8.15489e-05
 16 -0.01301 -8.53032e-05 | 17 -0.01231 -7.59052e-05 | 18 -0.01091  3.31061e-05
 19 -0.00914 -5.22223e-05 | 20 -0.00720  2.39157e-05 | 21 -0.00487 -4.93264e-05
 22 -0.00228 -1.24401e-05 | 23  0.00027 -2.22234e-05 | 24  0.00235  1.51371e-05
 25  0.00374  4.74839e-05 | 26  0.00386  1.41075e-05 | 27  0.00286  7.85037e-05
 28  0.00091  1.01731e-05 | 29 -0.00111  5.88321e-05 | 30 -0.00420 -8.93207e-05
 31 -0.00886  5.90210e-05 | 32 -0.01507  7.45864e-05 | 33 -0.02439  3.88582e-06
 34 -0.03966  6.98779e-05 | 35 -0.04418  5.25662e-04 | 36  0.00699  1.10940e-03
 37  0.05580 -1.25634e-03 | 38 -0.05394 -1.70179e-04 | 39 -0.04682 -2.26781e-05
 40 -0.04097 -5.83100e-05 | 41 -0.03355  5.51660e-05 | 42 -0.02939  5.24030e-05
 43 -0.02573  1.92700e-05 | 44 -0.02528  8.06183e-05 | 45 -0.02582  7.17648e-05
 46 -0.02245  4.39257e-05 | 47 -0.00485  4.05439e-04 | 48  0.00917  8.63386e-04
 49 -0.01382  8.20414e-04 | 50 -0.04016  2.21152e-04 | 51 -0.04331 -5.06601e-06
 52 -0.05392 -2.80110e-04 | 53 -0.04230 -4.10893e-04 | 54 -0.00725  1.56680e-04
 55 -0.01856  3.23360e-04 | 56 -0.00746  2.18690e-05 | 57 -0.00048 -6.83354e-05
 58 -0.00804  2.15818e-04 | 59 -0.02866  9.08704e-06 | 60 -0.02874 -4.40499e-04
 61  0.00843 -6.86622e-05 | 62 -0.02252  3.62128e-04 | 63 -0.04402  9.33262e-05
 64 -0.02732  3.91870e-04 | 65 -0.04670  6.40895e-05 | 66 -0.06629 -6.92856e-04
 67 -0.05466 -1.40815e-03 | 68  0.00749 -1.32758e-03 | 69  0.03862  4.61026e-05
 70 -0.01114  1.73953e-04 | 71 -0.01684  3.94592e-05 | 72 -0.01705 -1.08022e-05
 73 -0.01721  4.01935e-05 | 74 -0.55939 -8.61809e-03 | 75 -0.32604  1.12120e-07
 76 -0.57300  5.20429e-04 | 77  0.83456 -2.30470e-05 | 78 -0.32321  2.92654e-01
 79 -0.14572  3.17080e-01 | 80 -0.08545 -1.27401e-03 | 81  0.01193  6.14634e-03
 82  0.97264 -5.12766e-05 | 83  0.05569  1.03940e-05 | 84  0.26502 -3.60093e-04
 85  0.00004  2.10060e-07 | 86 -0.00222 -9.67039e-07 | 87  0.00026  1.29935e-06
 88  0.00142 -9.49612e-07 | 89  0.00019  9.45020e-07 |
89 variables; iteration 540; function evaluation 642; phase 3
Function value -9.1145089e+01; maximum gradient component mag 9.6106e-02
Var    Value     Gradient |Var    Value     Gradient |Var    Value     Gradient
  1  1.00760 -6.86796e-07 |  2  0.00034 -2.45022e-06 |  3  0.00040 -1.24321e-05
  4 -0.01550  1.35448e-05 |  5 -0.01543 -5.94018e-06 |  6 -0.01534 -9.00595e-06
  7 -0.01523  3.92663e-06 |  8 -0.01511 -1.29701e-06 |  9 -0.01496  4.80315e-06
 10 -0.01480  6.54530e-07 | 11 -0.01463  2.55388e-06 | 12 -0.01444  1.08653e-06
 13 -0.01420  4.97352e-06 | 14 -0.01391  9.28063e-06 | 15 -0.01353  1.09919e-05
 16 -0.01301  1.14448e-05 | 17 -0.01231  9.37643e-06 | 18 -0.01091 -4.84287e-06
 19 -0.00914  7.06453e-06 | 20 -0.00720 -3.14786e-06 | 21 -0.00487  6.29190e-06
 22 -0.00228  1.58061e-06 | 23  0.00027  2.63206e-06 | 24  0.00235 -2.96849e-06
 25  0.00374 -8.07800e-06 | 26  0.00386 -3.73406e-06 | 27  0.00286 -1.29081e-05
 28  0.00091 -4.12766e-06 | 29 -0.00112 -1.09146e-05 | 30 -0.00420  8.97099e-06
 31 -0.00886 -9.15228e-06 | 32 -0.01507 -9.48103e-06 | 33 -0.02439  1.32608e-05
 34 -0.03966  5.52172e-05 | 35 -0.04418  1.52139e-04 | 36  0.00699  3.19512e-04
 37  0.05580 -2.99170e-04 | 38 -0.05394 -1.56482e-04 | 39 -0.04682 -3.96213e-05
 40 -0.04097 -1.16248e-05 | 41 -0.03355 -1.70264e-06 | 42 -0.02939 -4.24210e-08
 43 -0.02573  6.62380e-06 | 44 -0.02528 -1.03145e-06 | 45 -0.02582  4.69125e-06
 46 -0.02245  2.45083e-05 | 47 -0.00485  4.59284e-05 | 48  0.00917  1.65124e-04
 49 -0.01382  1.69561e-04 | 50 -0.04016  5.76003e-06 | 51 -0.04331 -5.23336e-05
 52 -0.05392 -8.87469e-05 | 53 -0.04230 -1.19594e-04 | 54 -0.00725 -3.19848e-05
 55 -0.01856 -5.04028e-05 | 56 -0.00746 -1.53856e-04 | 57 -0.00048 -1.26848e-04
 58 -0.00804  1.88364e-05 | 59 -0.02866  5.75883e-05 | 60 -0.02874 -2.03057e-05
 61  0.00843  1.95992e-04 | 62 -0.02252  2.69608e-04 | 63 -0.04402  1.38852e-04
 64 -0.02732  2.31896e-04 | 65 -0.04670  1.40395e-04 | 66 -0.06629 -9.25808e-05
 67 -0.05466 -3.52257e-04 | 68  0.00749 -3.94109e-04 | 69  0.03862 -7.62117e-06
 70 -0.01114  1.90541e-05 | 71 -0.01684 -4.24594e-06 | 72 -0.01705  9.11893e-07
 73 -0.01721 -4.71084e-06 | 74 -0.55939  3.24670e-03 | 75 -0.32610  2.65027e-07
 76 -0.57296 -1.94180e-04 | 77  0.83456  1.70108e-05 | 78 -0.32321  8.80092e-02
 79 -0.14548  9.61062e-02 | 80 -0.08546 -4.01549e-04 | 81 -0.00096  1.65759e-03
 82  0.97265  8.15483e-06 | 83  0.05557 -3.00050e-08 | 84  0.26502  5.04582e-05
 85  0.00000  8.46069e-09 | 86 -0.00199  1.24768e-07 | 87 -0.00001 -6.95142e-08
 88  0.00166  2.15972e-07 | 89 -0.00002 -1.19088e-07 |

 - final statistics:
89 variables; iteration 550; function evaluation 652
Function value -9.1145e+01; maximum gradient component mag 2.6534e-05
Exit code = 1;  converg criter 1.0000e-04
Var    Value     Gradient |Var    Value     Gradient |Var    Value     Gradient
  1  1.00781  2.83013e-09 |  2  0.00034 -4.03575e-08 |  3  0.00040 -2.97396e-07
  4 -0.01550  2.62479e-07 |  5 -0.01543 -7.53555e-08 |  6 -0.01534 -1.39054e-07
  7 -0.01523  3.29389e-08 |  8 -0.01511 -3.24603e-08 |  9 -0.01496  8.93578e-08
 10 -0.01480  2.52087e-08 | 11 -0.01463  1.15028e-08 | 12 -0.01444  3.09905e-08
 13 -0.01420  9.79567e-08 | 14 -0.01391  1.99407e-07 | 15 -0.01353  2.57848e-07
 16 -0.01301  2.41370e-07 | 17 -0.01231  2.08231e-07 | 18 -0.01091 -1.16785e-07
 19 -0.00914  1.56883e-07 | 20 -0.00720 -4.36627e-08 | 21 -0.00487  1.46388e-07
 22 -0.00228  1.25694e-08 | 23  0.00027  5.91525e-08 | 24  0.00235 -2.94169e-08
 25  0.00374 -1.43407e-07 | 26  0.00386 -3.86008e-08 | 27  0.00286 -2.35748e-07
 28  0.00091 -3.46720e-10 | 29 -0.00112 -1.98320e-07 | 30 -0.00420  2.58135e-07
 31 -0.00886 -1.49449e-07 | 32 -0.01507 -2.04281e-07 | 33 -0.02439  7.19223e-08
 34 -0.03966  1.79658e-07 | 35 -0.04418 -1.04717e-08 | 36  0.00699  4.47365e-08
 37  0.05580  3.88566e-07 | 38 -0.05394 -6.14917e-07 | 39 -0.04682 -2.11189e-07
 40 -0.04097  4.28385e-08 | 41 -0.03355 -1.10765e-07 | 42 -0.02939 -9.77201e-08
 43 -0.02573  4.07042e-09 | 44 -0.02528 -1.97554e-07 | 45 -0.02582 -1.32231e-07
 46 -0.02245  2.61552e-08 | 47 -0.00485 -4.87432e-07 | 48  0.00917 -5.77126e-07
 49 -0.01382 -5.01752e-07 | 50 -0.04016 -3.52383e-07 | 51 -0.04331 -2.51268e-07
 52 -0.05392 -1.07022e-07 | 53 -0.04230 -9.47841e-08 | 54 -0.00725 -5.25424e-07
 55 -0.01856 -8.48373e-07 | 56 -0.00746 -1.00622e-06 | 57 -0.00048 -7.13728e-07
 58 -0.00804 -2.46570e-07 | 59 -0.02866  4.09851e-07 | 60 -0.02874  7.18411e-07
 61  0.00843  1.34731e-06 | 62 -0.02252  9.90450e-07 | 63 -0.04402  6.35842e-07
 64 -0.02732  7.64307e-07 | 65 -0.04670  8.34290e-07 | 66 -0.06629  6.59289e-07
 67 -0.05466  3.68569e-07 | 68  0.00749 -3.44422e-09 | 69  0.03862 -6.94075e-08
 70 -0.01114 -1.56836e-07 | 71 -0.01684 -1.62427e-07 | 72 -0.01705 -8.19872e-09
 73 -0.01721 -1.28574e-07 | 74 -0.55939  2.65343e-05 | 75 -0.32608  2.74452e-09
 76 -0.57298 -1.58703e-06 | 77  0.83456  2.04329e-07 | 78 -0.32321 -1.52236e-05
 79 -0.14546 -1.58699e-05 | 80 -0.08546 -2.16574e-07 | 81 -0.00252 -2.76629e-07
 82  0.97265  1.38311e-07 | 83  0.05557 -2.76224e-08 | 84  0.26502  8.11564e-07
 85  0.00000  3.14863e-10 | 86 -0.00202  9.54548e-10 | 87  0.00000  4.58833e-11
 88  0.00162  2.54744e-09 | 89 -0.00000 -2.31709e-09 |
Warning: the following parameters had issues
  SR_parm[1] is within 0.1% of upper bound: 1.00000e-04 < 1.99992e+01 < 2.00000e+01
  selparm[13] is within 0.1% of upper bound: 2.00000e+01 < 8.29709e+01 < 8.30000e+01


 - final statistics:
93 variables; iteration 0; function evaluation 0
Function value -9.1145e+01; maximum gradient component mag 2.6534e-05
Exit code = 0;  converg criter 1.0000e-04
Var    Value     Gradient |Var    Value     Gradient |Var    Value     Gradient
  1  0.99219 -2.83013e-09 |  2  0.00034 -4.03575e-08 |  3  0.00040 -2.97396e-07
  4 -0.01550  2.62479e-07 |  5 -0.01543 -7.53555e-08 |  6 -0.01534 -1.39054e-07
  7 -0.01523  3.29389e-08 |  8 -0.01511 -3.24603e-08 |  9 -0.01496  8.93578e-08
 10 -0.01480  2.52087e-08 | 11 -0.01463  1.15028e-08 | 12 -0.01444  3.09905e-08
 13 -0.01420  9.79567e-08 | 14 -0.01391  1.99407e-07 | 15 -0.01353  2.57848e-07
 16 -0.01301  2.41370e-07 | 17 -0.01231  2.08231e-07 | 18 -0.01091 -1.16785e-07
 19 -0.00914  1.56883e-07 | 20 -0.00720 -4.36627e-08 | 21 -0.00487  1.46388e-07
 22 -0.00228  1.25694e-08 | 23  0.00027  5.91525e-08 | 24  0.00235 -2.94169e-08
 25  0.00374 -1.43407e-07 | 26  0.00386 -3.86008e-08 | 27  0.00286 -2.35748e-07
 28  0.00091 -3.46726e-10 | 29 -0.00112 -1.98320e-07 | 30 -0.00420  2.58135e-07
 31 -0.00886 -1.49449e-07 | 32 -0.01507 -2.04281e-07 | 33 -0.02439  7.19223e-08
 34 -0.03966  1.79658e-07 | 35 -0.04418 -1.04714e-08 | 36  0.00699  4.47373e-08
 37  0.05580  3.88565e-07 | 38 -0.05394 -6.14917e-07 | 39 -0.04682 -2.11189e-07
 40 -0.04097  4.28384e-08 | 41 -0.03355 -1.10765e-07 | 42 -0.02939 -9.77201e-08
 43 -0.02573  4.07046e-09 | 44 -0.02528 -1.97554e-07 | 45 -0.02582 -1.32231e-07
 46 -0.02245  2.61552e-08 | 47 -0.00485 -4.87432e-07 | 48  0.00917 -5.77126e-07
 49 -0.01382 -5.01751e-07 | 50 -0.04016 -3.52383e-07 | 51 -0.04331 -2.51267e-07
 52 -0.05392 -1.07022e-07 | 53 -0.04230 -9.47842e-08 | 54 -0.00725 -5.25424e-07
 55 -0.01856 -8.48374e-07 | 56 -0.00746 -1.00622e-06 | 57 -0.00048 -7.13728e-07
 58 -0.00804 -2.46570e-07 | 59 -0.02866  4.09851e-07 | 60 -0.02874  7.18411e-07
 61  0.00843  1.34732e-06 | 62 -0.02252  9.90451e-07 | 63 -0.04402  6.35843e-07
 64 -0.02732  7.64308e-07 | 65 -0.04670  8.34290e-07 | 66 -0.06629  6.59289e-07
 67 -0.05466  3.68568e-07 | 68  0.00749 -3.44528e-09 | 69  0.03862 -6.94077e-08
 70 -0.01114 -1.56836e-07 | 71 -0.01684 -1.62427e-07 | 72 -0.01705 -8.19871e-09
 73 -0.01721 -1.28574e-07 | 74  0.00000 -4.15004e-23 | 75  0.00000 -2.82821e-28
 76  0.00000  0.00000e+00 | 77  0.00000  0.00000e+00 | 78 -0.55939  2.65343e-05
 79 -0.32608  2.74452e-09 | 80 -0.57298 -1.58703e-06 | 81  0.83456  2.04329e-07
 82 -0.32321 -1.52234e-05 | 83 -0.14546 -1.58697e-05 | 84 -0.08546 -2.16575e-07
 85 -0.00252 -2.76625e-07 | 86  0.97265  1.38311e-07 | 87  0.05557 -2.76224e-08
 88  0.26502  8.11564e-07 | 89  0.00000  3.14863e-10 | 90 -0.00202  9.54548e-10
 91  0.00000  4.58833e-11 | 92  0.00162  2.54744e-09 | 93 -0.00000 -2.31709e-09
Estimating row 1 out of 93 for hessian
Estimating row 2 out of 93 for hessian
Estimating row 3 out of 93 for hessian
Estimating row 4 out of 93 for hessian
Estimating row 5 out of 93 for hessian
Estimating row 6 out of 93 for hessian
Estimating row 7 out of 93 for hessian
Estimating row 8 out of 93 for hessian
Estimating row 9 out of 93 for hessian
Estimating row 10 out of 93 for hessian
Estimating row 11 out of 93 for hessian
Estimating row 12 out of 93 for hessian
Estimating row 13 out of 93 for hessian
Estimating row 14 out of 93 for hessian
Estimating row 15 out of 93 for hessian
Estimating row 16 out of 93 for hessian
Estimating row 17 out of 93 for hessian
Estimating row 18 out of 93 for hessian
Estimating row 19 out of 93 for hessian
Estimating row 20 out of 93 for hessian
Estimating row 21 out of 93 for hessian
Estimating row 22 out of 93 for hessian
Estimating row 23 out of 93 for hessian
Estimating row 24 out of 93 for hessian
Estimating row 25 out of 93 for hessian
Estimating row 26 out of 93 for hessian
Estimating row 27 out of 93 for hessian
Estimating row 28 out of 93 for hessian
Estimating row 29 out of 93 for hessian
Estimating row 30 out of 93 for hessian
Estimating row 31 out of 93 for hessian
Estimating row 32 out of 93 for hessian
Estimating row 33 out of 93 for hessian
Estimating row 34 out of 93 for hessian
Estimating row 35 out of 93 for hessian
Estimating row 36 out of 93 for hessian
Estimating row 37 out of 93 for hessian
Estimating row 38 out of 93 for hessian
Estimating row 39 out of 93 for hessian
Estimating row 40 out of 93 for hessian
Estimating row 41 out of 93 for hessian
Estimating row 42 out of 93 for hessian
Estimating row 43 out of 93 for hessian
Estimating row 44 out of 93 for hessian
Estimating row 45 out of 93 for hessian
Estimating row 46 out of 93 for hessian
Estimating row 47 out of 93 for hessian
Estimating row 48 out of 93 for hessian
Estimating row 49 out of 93 for hessian
Estimating row 50 out of 93 for hessian
Estimating row 51 out of 93 for hessian
Estimating row 52 out of 93 for hessian
Estimating row 53 out of 93 for hessian
Estimating row 54 out of 93 for hessian
Estimating row 55 out of 93 for hessian
Estimating row 56 out of 93 for hessian
Estimating row 57 out of 93 for hessian
Estimating row 58 out of 93 for hessian
Estimating row 59 out of 93 for hessian
Estimating row 60 out of 93 for hessian
Estimating row 61 out of 93 for hessian
Estimating row 62 out of 93 for hessian
Estimating row 63 out of 93 for hessian
Estimating row 64 out of 93 for hessian
Estimating row 65 out of 93 for hessian
Estimating row 66 out of 93 for hessian
Estimating row 67 out of 93 for hessian
Estimating row 68 out of 93 for hessian
Estimating row 69 out of 93 for hessian
Estimating row 70 out of 93 for hessian
Estimating row 71 out of 93 for hessian
Estimating row 72 out of 93 for hessian
Estimating row 73 out of 93 for hessian
Estimating row 74 out of 93 for hessian
Estimating row 75 out of 93 for hessian
Estimating row 76 out of 93 for hessian
Estimating row 77 out of 93 for hessian
Estimating row 78 out of 93 for hessian
Estimating row 79 out of 93 for hessian
Estimating row 80 out of 93 for hessian
Estimating row 81 out of 93 for hessian
Estimating row 82 out of 93 for hessian
Estimating row 83 out of 93 for hessian
Estimating row 84 out of 93 for hessian
Estimating row 85 out of 93 for hessian
Estimating row 86 out of 93 for hessian
Estimating row 87 out of 93 for hessian
Estimating row 88 out of 93 for hessian
Estimating row 89 out of 93 for hessian
Estimating row 90 out of 93 for hessian
Estimating row 91 out of 93 for hessian
Estimating row 92 out of 93 for hessian
Estimating row 93 out of 93 for hessian
size of file gradfil1.tmp = 0
size of file gradfil2.tmp = 0
size of file varssave.tmp = 0
size of file cmpdiff.tmp = 0
