
Initial statistics: 41 variables; iteration 0; function evaluation 0; phase 1
Function value 1.3611706e+06; maximum gradient component mag -8.0823e+06
Var    Value     Gradient |Var    Value     Gradient |Var    Value     Gradient
  1 -0.14850 -8.08229e+06 |  2 -0.02939 -7.90505e+04 |  3  0.00486 -9.30818e+04
  4  0.00091 -8.45026e+04 |  5  0.01802 -1.00407e+05 |  6  0.00292 -9.49229e+04
  7  0.00634 -9.67588e+04 |  8 -0.01087 -1.00040e+05 |  9 -0.04165 -9.33981e+04
 10 -0.02989 -9.80698e+04 | 11 -0.02796 -9.59596e+04 | 12  0.01019 -1.14146e+05
 13 -0.00341 -1.00730e+05 | 14  0.00982 -1.31630e+05 | 15 -0.00365 -1.37254e+05
 16  0.01088 -1.20983e+05 | 17 -0.02451 -1.00809e+05 | 18  0.03348 -1.43500e+05
 19  0.01818 -1.19628e+05 | 20  0.00402 -1.00450e+05 | 21  0.01192 -1.04232e+05
 22  0.00197 -1.01882e+05 | 23 -0.01443 -9.71195e+04 | 24  0.04924 -1.46724e+05
 25 -0.03121 -8.24748e+04 | 26 -0.01040 -1.09601e+05 | 27 -0.00967 -1.10942e+05
 28  0.00194 -1.08867e+05 | 29  0.01839 -1.20213e+05 | 30 -0.00992 -9.76563e+04
 31  0.04614 -1.41876e+05 | 32 -0.00058 -1.08511e+05 | 33  0.00598 -1.17291e+05
 34  0.03258 -1.22199e+05 | 35  0.05006 -1.26758e+05 | 36  0.01032 -7.31100e+04
 37  0.00536 -5.96111e+03 | 38  0.03910  2.75424e+01 | 39 -0.01112  1.74633e+01
 40 -0.40627  1.46202e+04 | 41 -0.66208  2.06539e+04 |

Intermediate statistics: 41 variables; iteration 20; function evaluation 39; phase 1
Function value 7.5456493e+00; maximum gradient component mag 8.4241e+01
Var    Value     Gradient |Var    Value     Gradient |Var    Value     Gradient
  1  0.14369  8.42409e+01 |  2 -0.05217  3.39265e+00 |  3 -0.05467 -1.76018e-01
  4 -0.03136  7.31387e-01 |  5 -0.01088  2.11220e+00 |  6  0.00026  2.57009e+00
  7  0.01623  5.32243e+00 |  8  0.02555  6.38581e+00 |  9  0.03099  3.71645e+00
 10  0.02897 -2.18995e+00 | 11 -0.03242 -1.47957e+01 | 12 -0.01158 -1.59643e+01
 13 -0.02057 -2.31080e+01 | 14 -0.00992 -2.47493e+01 | 15  0.01310 -4.99837e+00
 16  0.01775  1.75353e+01 | 17  0.02678  4.30600e+01 | 18  0.00051  3.48125e+01
 19  0.02355  2.94121e+01 | 20  0.09246  2.47896e+01 | 21 -0.03512 -6.95906e+00
 22 -0.07218 -1.34328e+01 | 23  0.07169  1.08216e+01 | 24  0.01659 -7.13929e+00
 25 -0.03382 -1.55074e+01 | 26 -0.10829 -3.23243e+01 | 27 -0.06547 -2.80223e+01
 28 -0.07472 -1.67449e+01 | 29 -0.06028 -4.40923e+00 | 30  0.13773  5.45279e+01
 31  0.05031  6.08555e+01 | 32 -0.12396  1.02397e+01 | 33 -0.23162 -2.89674e+01
 34 -0.23852 -3.90684e+01 | 35 -0.13547 -2.23323e+01 | 36 -0.03286 -3.07713e+00
 37 -0.02510 -2.06651e+00 | 38 -0.04210 -6.17751e+00 | 39 -0.01750 -5.11126e-02
 40 -0.11966 -8.54669e-01 | 41  0.03472 -4.89890e+00 |
41 variables; iteration 40; function evaluation 72; phase 1
Function value -1.6806828e+00; maximum gradient component mag 8.5268e+01
Var    Value     Gradient |Var    Value     Gradient |Var    Value     Gradient
  1  0.14210  8.52676e+01 |  2 -0.07331  7.23068e-01 |  3 -0.05719  4.94563e-01
  4 -0.03087  1.59584e+00 |  5 -0.02626 -6.80435e-01 |  6  0.00260  3.09318e+00
  7  0.00355  2.73130e+00 |  8  0.01475  4.62982e+00 |  9  0.02005  4.32127e+00
 10  0.02044  4.74806e+00 | 11 -0.00365  3.99621e+00 | 12 -0.03472  2.83594e-02
 13 -0.03123 -1.03379e+00 | 14  0.00095 -7.13507e-01 | 15  0.00512  2.17423e-01
 16  0.02372  3.17395e-01 | 17  0.00141 -1.60352e+00 | 18 -0.00433 -2.26226e+00
 19  0.01897 -5.33673e+00 | 20  0.08360 -1.08550e+01 | 21 -0.01779 -1.32915e+01
 22 -0.04906 -1.64322e+01 | 23  0.04932 -1.16897e+01 | 24  0.00685 -8.60664e+00
 25 -0.04645  1.07375e+00 | 26 -0.06627  6.13809e+00 | 27 -0.07474  7.43733e+00
 28 -0.08125  9.15430e+00 | 29 -0.04594  1.29532e+01 | 30  0.13474  1.95434e+01
 31  0.01350  1.84561e+01 | 32 -0.12677  6.27343e+00 | 33 -0.16133  2.38265e+00
 34 -0.13158  1.63949e+00 | 35 -0.06297  2.13079e+00 | 36 -0.02116  2.01197e-01
 37 -0.01911 -5.29866e-01 | 38 -0.02393 -1.67034e+00 | 39 -0.01782 -1.09956e-01
 40 -1.13763  5.37255e-02 | 41  0.99953 -1.27440e-03 |
41 variables; iteration 60; function evaluation 99; phase 1
Function value -2.8583967e+00; maximum gradient component mag 8.8313e+01
Var    Value     Gradient |Var    Value     Gradient |Var    Value     Gradient
  1  0.13673  8.83130e+01 |  2 -0.07336  8.13197e-01 |  3 -0.05527  9.84689e-01
  4 -0.03388  9.34805e-01 |  5 -0.01548  1.33024e+00 |  6 -0.00385  1.24238e+00
  7  0.00241  1.39328e+00 |  8  0.00911  1.67174e+00 |  9  0.02177  1.94702e+00
 10  0.02110  2.24202e+00 | 11 -0.00839  1.86375e+00 | 12 -0.03184  1.52962e+00
 13 -0.03071  1.00930e+00 | 14  0.00042  1.58008e+00 | 15  0.00280  1.71755e+00
 16  0.01866  2.12693e+00 | 17  0.00375  2.54784e+00 | 18 -0.00215  2.83456e+00
 19  0.02613  2.55046e+00 | 20  0.06522  2.45962e+00 | 21  0.00075  4.91250e-01
 22 -0.01620 -2.86590e-01 | 23  0.01781 -3.08909e+00 | 24  0.02375 -2.08579e+00
 25 -0.04837 -1.30668e+00 | 26 -0.06791  3.87588e-01 | 27 -0.07639  2.20253e-01
 28 -0.08863  8.48875e-01 | 29 -0.06263  2.33274e+00 | 30  0.14373  1.64789e+00
 31 -0.00799  2.58841e+00 | 32 -0.12888  1.52592e+00 | 33 -0.15891  1.39764e+00
 34 -0.12892  1.36099e+00 | 35 -0.06300  1.35377e+00 | 36 -0.01883  7.51560e-01
 37 -0.01651  1.43092e-01 | 38 -0.01728  3.68265e-03 | 39 -0.01744  1.74086e-02
 40 -3.98675 -1.77017e-01 | 41  0.91611 -2.57095e-01 |
Maximum number of function evaluations exceeded

 - final statistics:
41 variables; iteration 62; function evaluation 100
Function value -2.8618e+00; maximum gradient component mag 8.8473e+01
Exit code = 3;  converg criter 1.0000e+01
Var    Value     Gradient |Var    Value     Gradient |Var    Value     Gradient
  1  0.13669  8.84729e+01 |  2 -0.07339  7.91899e-01 |  3 -0.05503  1.01475e+00
  4 -0.03372  9.27202e-01 |  5 -0.01549  1.25339e+00 |  6 -0.00402  1.07360e+00
  7  0.00246  1.16535e+00 |  8  0.00922  1.28451e+00 |  9  0.02214  1.33326e+00
 10  0.02041  1.23269e+00 | 11 -0.00779  1.17902e+00 | 12 -0.03171  8.86110e-01
 13 -0.03019  5.48398e-01 | 14 -0.00049  7.65812e-01 | 15  0.00354  1.40170e+00
 16  0.01880  1.65882e+00 | 17  0.00364  2.01580e+00 | 18 -0.00191  2.35637e+00
 19  0.02578  1.97170e+00 | 20  0.06558  2.40492e+00 | 21  0.00076  9.94680e-01
 22 -0.01699  4.79419e-01 | 23  0.01888 -1.16852e+00 | 24  0.02389 -1.48218e-01
 25 -0.04885 -5.25975e-01 | 26 -0.06831  8.40730e-01 | 27 -0.07569  8.36283e-01
 28 -0.08758  1.41095e+00 | 29 -0.06400  1.91270e+00 | 30  0.14392  1.99334e+00
 31 -0.00784  2.83086e+00 | 32 -0.12848  1.79056e+00 | 33 -0.15891  1.44437e+00
 34 -0.12891  1.39367e+00 | 35 -0.06316  1.31259e+00 | 36 -0.01870  7.84439e-01
 37 -0.01639  1.70603e-01 | 38 -0.01706  5.56138e-02 | 39 -0.01733  4.32720e-02
 40 -3.99190 -1.77300e-01 | 41  0.91786 -2.51806e-01 |

Initial statistics: 41 variables; iteration 0; function evaluation 0; phase 2
Function value -2.8618250e+00; maximum gradient component mag 8.8473e+01
Var    Value     Gradient |Var    Value     Gradient |Var    Value     Gradient
  1  0.13669  8.84729e+01 |  2 -0.07339  7.91899e-01 |  3 -0.05503  1.01475e+00
  4 -0.03372  9.27202e-01 |  5 -0.01549  1.25339e+00 |  6 -0.00402  1.07360e+00
  7  0.00246  1.16535e+00 |  8  0.00922  1.28451e+00 |  9  0.02214  1.33326e+00
 10  0.02041  1.23269e+00 | 11 -0.00779  1.17902e+00 | 12 -0.03171  8.86110e-01
 13 -0.03019  5.48398e-01 | 14 -0.00049  7.65812e-01 | 15  0.00354  1.40170e+00
 16  0.01880  1.65882e+00 | 17  0.00364  2.01580e+00 | 18 -0.00191  2.35637e+00
 19  0.02578  1.97170e+00 | 20  0.06558  2.40492e+00 | 21  0.00076  9.94680e-01
 22 -0.01699  4.79419e-01 | 23  0.01888 -1.16852e+00 | 24  0.02389 -1.48218e-01
 25 -0.04885 -5.25975e-01 | 26 -0.06831  8.40730e-01 | 27 -0.07569  8.36283e-01
 28 -0.08758  1.41095e+00 | 29 -0.06400  1.91270e+00 | 30  0.14392  1.99334e+00
 31 -0.00784  2.83086e+00 | 32 -0.12848  1.79056e+00 | 33 -0.15891  1.44437e+00
 34 -0.12891  1.39367e+00 | 35 -0.06316  1.31259e+00 | 36 -0.01870  7.84439e-01
 37 -0.01639  1.70603e-01 | 38 -0.01706  5.56138e-02 | 39 -0.01733  4.32720e-02
 40  0.00810 -1.77300e-01 | 41  0.91786 -2.51806e-01 |

Intermediate statistics: 41 variables; iteration 20; function evaluation 31; phase 2
Function value -6.7832679e+00; maximum gradient component mag 5.5975e+01
Var    Value     Gradient |Var    Value     Gradient |Var    Value     Gradient
  1  0.09434  5.05394e-01 |  2 -0.06580 -3.13667e-01 |  3 -0.05172 -3.87761e-02
  4 -0.03573 -4.72483e-01 |  5 -0.02397 -1.52390e+00 |  6 -0.01461 -2.68525e+00
  7 -0.00440 -2.60274e+00 |  8  0.00321 -3.46948e+00 |  9 -0.01419 -9.50805e+00
 10  0.03723 -5.63019e+00 | 11 -0.00981 -2.27469e+00 | 12 -0.05393 -1.19283e+00
 13 -0.04274  7.81482e+00 | 14 -0.01347  1.48280e+01 | 15 -0.01205  1.36485e+01
 16  0.00516  1.00354e+01 | 17 -0.01203  4.25239e+00 | 18 -0.01423  1.46200e+00
 19  0.01817 -6.68213e+00 | 20  0.05269 -2.03232e+01 | 21 -0.00624 -1.38738e+01
 22 -0.03789 -1.37321e+01 | 23  0.01940 -1.91575e+01 | 24  0.00385 -2.19518e+01
 25 -0.05372 -1.21898e+01 | 26 -0.07215 -8.70592e+00 | 27 -0.08077 -4.78018e+00
 28 -0.10210  2.40445e+00 | 29 -0.07442  1.43640e+01 | 30  0.12303  5.59746e+01
 31 -0.00455  1.64970e+01 | 32 -0.14030  4.35177e+00 | 33 -0.17135  3.47446e+00
 34 -0.14111  2.42194e+00 | 35 -0.07277  1.14903e+00 | 36 -0.02440  6.51225e-02
 37 -0.01995 -2.09547e-01 | 38 -0.02046 -2.76952e-01 | 39 -0.02075 -2.82899e-01
 40  0.05874  4.78357e-02 | 41  1.01386 -6.89664e-03 |
41 variables; iteration 40; function evaluation 62; phase 2
Function value -7.4788770e+00; maximum gradient component mag 1.3297e+02
Var    Value     Gradient |Var    Value     Gradient |Var    Value     Gradient
  1  0.08486  1.32973e+02 |  2 -0.03512  4.26015e+00 |  3 -0.04520  7.69786e-01
  4 -0.03380  2.98015e-01 |  5 -0.03442 -2.18458e+00 |  6 -0.00475  1.69529e+00
  7 -0.02594 -1.69526e+00 |  8 -0.01797  1.02119e+00 |  9  0.01350  6.07672e+00
 10  0.02374  5.51133e+00 | 11 -0.03127 -3.10406e+00 | 12 -0.04584 -3.37940e+00
 13 -0.05425 -8.30507e+00 | 14 -0.03082 -1.07307e+01 | 15 -0.03304 -8.94292e+00
 16  0.00375 -2.64909e+00 | 17 -0.01277  3.74281e+00 | 18 -0.04208  3.30466e+00
 19  0.00275  1.38401e+01 | 20  0.05893  2.56141e+01 | 21 -0.02464  1.22818e+01
 22 -0.02802  1.58641e+01 | 23 -0.01412  7.50834e+00 | 24  0.01070  1.32671e+01
 25 -0.06416  6.44551e+00 | 26 -0.07933  3.11932e+00 | 27 -0.07799 -3.44319e-01
 28 -0.10125 -2.28999e+00 | 29 -0.11338 -1.31093e+01 | 30  0.10767 -3.64395e+01
 31  0.00028 -1.52574e+01 | 32 -0.15127 -4.11173e+00 | 33 -0.18605 -2.18639e+00
 34 -0.15501 -1.67235e+00 | 35 -0.07885  2.65701e-01 | 36 -0.02580  1.80794e-01
 37 -0.03354 -3.17188e+00 | 38 -0.03477 -3.41262e+00 | 39 -0.03609 -3.66440e+00
 40 -0.58867  1.93497e-02 | 41  1.84663  7.52260e-02 |
41 variables; iteration 60; function evaluation 90; phase 2
Function value -1.9346814e+01; maximum gradient component mag 2.2482e+03
Var    Value     Gradient |Var    Value     Gradient |Var    Value     Gradient
  1  0.03075  2.24820e+03 |  2  0.12511 -3.84838e+01 |  3  0.04924 -1.82748e+01
  4 -0.00450 -1.62734e+01 |  5  0.10752 -2.79865e+01 |  6  0.02435 -2.00348e+01
  7  0.03466 -2.18756e+01 |  8  0.00018 -2.21618e+01 |  9 -0.02548 -2.78114e+01
 10 -0.02882 -3.90596e+01 | 11 -0.01518 -5.14949e+01 | 12 -0.04697 -5.00694e+01
 13 -0.00869 -5.72524e+01 | 14 -0.06288 -4.62574e+01 | 15 -0.07109 -3.75382e+01
 16 -0.05203 -5.26354e+01 | 17  0.00196 -3.94827e+01 | 18 -0.00782  5.84619e+00
 19 -0.07532 -1.35628e+01 | 20  0.04534 -7.77511e+00 | 21  0.07446  5.15697e+01
 22 -0.12318 -5.29448e-01 | 23 -0.07510  3.76867e+01 | 24  0.06320  2.90009e+02
 25 -0.04015  2.12530e+02 | 26 -0.17938  4.91337e+01 | 27  0.02138  3.82270e+02
 28 -0.11116  1.27167e+02 | 29 -0.12183  1.29671e+02 | 30  0.04566  3.98989e+02
 31  0.03324  1.22143e+02 | 32 -0.12361  2.78557e+01 | 33 -0.19293  1.08956e+01
 34 -0.15345  6.61595e+00 | 35 -0.07924 -1.77899e+00 | 36 -0.08826 -1.14026e+01
 37  0.07624  2.89693e+01 | 38  0.00464  1.15134e+01 | 39 -0.09288 -1.24007e+01
 40 -1.40994 -8.42372e+00 | 41  3.20366  5.44593e+00 |
Maximum number of function evaluations exceeded

 - final statistics:
41 variables; iteration 69; function evaluation 100
Function value -2.9582e+01; maximum gradient component mag 7.2736e+03
Exit code = 3;  converg criter 1.0000e+01
Var    Value     Gradient |Var    Value     Gradient |Var    Value     Gradient
  1  0.02656  7.27356e+03 |  2  0.15256  3.49196e+01 |  3  0.07305  2.32476e+01
  4  0.03165  1.54957e+01 |  5  0.08223  2.66751e+01 |  6  0.02385  1.38006e+01
  7 -0.00643  8.86985e+00 |  8 -0.03185  6.29384e+00 |  9 -0.05201  1.71345e+00
 10 -0.01338  7.41129e+00 | 11 -0.04901 -6.85968e+00 | 12 -0.00363 -5.56280e-01
 13 -0.01573  1.57561e+00 | 14 -0.04780  1.99477e+01 | 15 -0.09689  3.21467e+01
 16 -0.07277  2.64814e+01 | 17  0.03683  3.97827e+01 | 18 -0.05550 -2.67578e+01
 19 -0.07472 -4.05422e+01 | 20  0.02919  9.85403e+01 | 21  0.10230  4.93999e+02
 22 -0.18860  2.65403e+01 | 23 -0.06355  1.93765e+02 | 24  0.08659  7.22696e+02
 25 -0.09136  1.65521e+02 | 26 -0.18688  5.86817e+01 | 27  0.04088  5.83441e+02
 28 -0.08137  2.05237e+02 | 29 -0.11426  1.51157e+02 | 30  0.00821  3.72460e+02
 31  0.03961  1.93486e+02 | 32 -0.08851  7.50567e+01 | 33 -0.19328  2.97155e+01
 34 -0.14465  2.34702e+01 | 35 -0.04162  1.02902e+01 | 36 -0.08620 -8.82847e+00
 37  0.00774  1.46332e+01 | 38 -0.03267  5.53358e+00 | 39  0.00135  1.43719e+01
 40 -1.17059  9.94343e+00 | 41  3.31863 -2.87178e+01 |

Initial statistics: 46 variables; iteration 0; function evaluation 0; phase 3
Function value -2.9581566e+01; maximum gradient component mag 7.2736e+03
Var    Value     Gradient |Var    Value     Gradient |Var    Value     Gradient
  1  0.02656  7.27356e+03 |  2  0.04468 -2.04195e+01 |  3  0.15256  3.49196e+01
  4  0.07305  2.32476e+01 |  5  0.03165  1.54957e+01 |  6  0.08223  2.66751e+01
  7  0.02385  1.38006e+01 |  8 -0.00643  8.86985e+00 |  9 -0.03185  6.29384e+00
 10 -0.05201  1.71345e+00 | 11 -0.01338  7.41129e+00 | 12 -0.04901 -6.85968e+00
 13 -0.00363 -5.56280e-01 | 14 -0.01573  1.57561e+00 | 15 -0.04780  1.99477e+01
 16 -0.09689  3.21467e+01 | 17 -0.07277  2.64814e+01 | 18  0.03683  3.97827e+01
 19 -0.05550 -2.67578e+01 | 20 -0.07472 -4.05422e+01 | 21  0.02919  9.85403e+01
 22  0.10230  4.93999e+02 | 23 -0.18860  2.65403e+01 | 24 -0.06355  1.93765e+02
 25  0.08659  7.22696e+02 | 26 -0.09136  1.65521e+02 | 27 -0.18688  5.86817e+01
 28  0.04088  5.83441e+02 | 29 -0.08137  2.05237e+02 | 30 -0.11426  1.51157e+02
 31  0.00821  3.72460e+02 | 32  0.03961  1.93486e+02 | 33 -0.08851  7.50567e+01
 34 -0.19328  2.97155e+01 | 35 -0.14465  2.34702e+01 | 36 -0.04162  1.02902e+01
 37 -0.08620 -8.82847e+00 | 38  0.00774  1.46332e+01 | 39 -0.03267  5.53358e+00
 40  0.00135  1.43719e+01 | 41 -0.82941 -9.94343e+00 | 42 -0.68137 -2.87178e+01
 43 -0.28319  5.92916e+02 | 44 -0.05076 -4.37856e+02 | 45 -0.10633  2.10061e+02
 46  0.11595 -7.24023e+01 |

Intermediate statistics: 46 variables; iteration 20; function evaluation 30; phase 3
Function value -5.4239558e+01; maximum gradient component mag 1.2575e+04
Var    Value     Gradient |Var    Value     Gradient |Var    Value     Gradient
  1  0.03576  1.25753e+04 |  2  0.04121  1.02274e+02 |  3  0.04874  1.07627e+02
  4  0.03485  8.53464e+01 |  5  0.02038  7.68048e+01 |  6  0.03941  9.50080e+01
  7  0.01788  8.22723e+01 |  8 -0.00255  7.41335e+01 |  9 -0.02842  6.60117e+01
 10 -0.04438  6.27802e+01 | 11 -0.04392  6.57393e+01 | 12 -0.04407  6.52307e+01
 13 -0.05114  4.93882e+01 | 14 -0.01207  4.24287e+01 | 15 -0.10664  2.07411e+01
 16 -0.11897  6.91278e+01 | 17 -0.04777  1.77079e+02 | 18 -0.00660  2.55560e+02
 19 -0.08747  1.22316e+02 | 20 -0.06316  1.56828e+02 | 21  0.02490  5.01718e+02
 22  0.06098  7.99605e+02 | 23 -0.14356  1.24797e+02 | 24 -0.08130  2.82578e+02
 25  0.06364  1.04758e+03 | 26 -0.11172  2.40085e+02 | 27 -0.17608  1.11946e+02
 28  0.02262  5.85646e+02 | 29 -0.11981  1.22992e+02 | 30 -0.10205  1.01622e+02
 31 -0.04417  1.71226e+02 | 32  0.04667  1.97779e+02 | 33 -0.16948  3.44090e+01
 34 -0.23624  1.28616e+01 | 35 -0.14523  2.19147e+01 | 36 -0.00644  2.23094e+01
 37 -0.05894  6.67280e-01 | 38 -0.05690  1.28105e+00 | 39 -0.05922  5.08514e-01
 40 -0.05597  1.00699e+00 | 41 -0.83132 -2.02085e+01 | 42 -0.66508 -3.61323e+01
 43 -0.21391  4.14396e+02 | 44  0.06206 -3.60100e+02 | 45 -0.14382  5.80289e+02
 46  0.04911 -5.86354e+02 |
46 variables; iteration 40; function evaluation 55; phase 3
Function value -5.8513219e+01; maximum gradient component mag 3.0595e+04
Var    Value     Gradient |Var    Value     Gradient |Var    Value     Gradient
  1  0.04528  3.05945e+04 |  2  0.02063  4.44431e+02 |  3  0.03023  4.69512e+02
  4 -0.00020  3.48160e+02 |  5 -0.02132  2.88378e+02 |  6  0.02665  4.31206e+02
  7  0.00013  3.53159e+02 |  8 -0.01569  3.20779e+02 |  9 -0.04379  2.71039e+02
 10 -0.06618  2.38232e+02 | 11 -0.05526  2.71613e+02 | 12 -0.07038  2.39901e+02
 13 -0.08027  2.09043e+02 | 14 -0.03173  2.89874e+02 | 15 -0.12188  1.48123e+02
 16 -0.14954  1.55426e+02 | 17 -0.06949  3.69969e+02 | 18 -0.02938  5.81552e+02
 19 -0.10967  3.18485e+02 | 20 -0.07285  4.47018e+02 | 21  0.00401  9.92269e+02
 22  0.03412  1.30932e+03 | 23 -0.14110  2.71707e+02 | 24 -0.10628  4.30581e+02
 25  0.03935  1.62834e+03 | 26 -0.13003  4.17045e+02 | 27 -0.15569  3.19819e+02
 28 -0.00579  9.96523e+02 | 29 -0.13860  2.49360e+02 | 30 -0.10944  2.40283e+02
 31 -0.07376  3.03888e+02 | 32  0.02576  4.66769e+02 | 33 -0.21296  5.37505e+01
 34 -0.24089  4.60036e+01 | 35 -0.16480  4.76367e+01 | 36 -0.00537  5.80071e+01
 37 -0.07837 -4.97112e-01 | 38 -0.04911  5.64320e+00 | 39 -0.07870 -2.35184e+00
 40 -0.06678 -3.41316e-01 | 41 -0.88696 -4.82898e+01 | 42 -0.50180 -1.75761e+02
 43 -0.17982  8.86379e+02 | 44  0.08044 -1.00557e+03 | 45 -0.14764  1.73677e+03
 46  0.03713 -2.06383e+03 |
46 variables; iteration 60; function evaluation 88; phase 3
Function value -7.6733118e+01; maximum gradient component mag 4.1476e+04
Var    Value     Gradient |Var    Value     Gradient |Var    Value     Gradient
  1  0.04759  4.14757e+04 |  2  0.04163  9.85675e+02 |  3 -0.00476  7.17883e+02
  4  0.00338  7.94194e+02 |  5 -0.02501  6.71527e+02 |  6  0.00290  9.07200e+02
  7 -0.01168  8.66551e+02 |  8 -0.06250  6.14369e+02 |  9 -0.09086  5.24388e+02
 10 -0.09190  5.54125e+02 | 11 -0.11612  4.62962e+02 | 12 -0.10997  4.92986e+02
 13 -0.09931  5.16884e+02 | 14 -0.04276  7.85318e+02 | 15 -0.13176  3.91272e+02
 16 -0.15054  3.35469e+02 | 17 -0.07770  6.21022e+02 | 18 -0.05035  8.10350e+02
 19 -0.12250  4.53737e+02 | 20 -0.04604  7.95348e+02 | 21 -0.02161  9.34961e+02
 22  0.00305  1.10384e+03 | 23 -0.06761  5.13603e+02 | 24 -0.09624  4.10374e+02
 25  0.00034  8.68486e+02 | 26 -0.08434  3.81859e+02 | 27 -0.13722  2.17674e+02
 28 -0.03059  5.24743e+02 | 29 -0.14500  1.84314e+02 | 30 -0.05325  3.12937e+02
 31 -0.15778  5.83763e+01 | 32  0.01800  2.42701e+02 | 33 -0.22467  1.32346e+01
 34 -0.22407  3.06684e+01 | 35 -0.11924  3.82369e+01 | 36 -0.03898  2.86101e+01
 37 -0.08486  1.92080e+00 | 38 -0.10178 -3.15369e+00 | 39 -0.09251 -1.81470e+00
 40 -0.08842 -1.71183e+00 | 41 -0.79909 -1.80027e+02 | 42 -0.55855 -3.17123e+02
 43 -0.06021  9.13916e+02 | 44  0.13848 -1.50188e+03 | 45 -0.15905  2.72131e+03
 46 -0.00498 -2.78242e+03 |
46 variables; iteration 80; function evaluation 111; phase 3
Function value -8.3479598e+01; maximum gradient component mag -2.3685e+04
Var    Value     Gradient |Var    Value     Gradient |Var    Value     Gradient
  1  0.04382 -2.36846e+04 |  2 -0.02132 -5.40150e+02 |  3 -0.00618 -5.73691e+02
  4 -0.00211 -5.73220e+02 |  5  0.00823 -5.93044e+02 |  6  0.01702 -6.19729e+02
  7 -0.01242 -4.90716e+02 |  8 -0.02626 -4.38607e+02 |  9 -0.07856 -2.98425e+02
 10 -0.11322 -2.34406e+02 | 11 -0.08016 -2.87395e+02 | 12 -0.09504 -2.51558e+02
 13 -0.07399 -2.82207e+02 | 14 -0.03259 -2.89137e+02 | 15 -0.16214 -9.34070e+01
 16 -0.10380 -1.92263e+02 | 17 -0.08515 -3.02727e+02 | 18 -0.05213 -3.08334e+02
 19 -0.11155 -1.68526e+02 | 20 -0.03897 -3.59744e+02 | 21 -0.01808 -3.84648e+02
 22 -0.00261 -4.05952e+02 | 23 -0.05947 -3.15116e+02 | 24 -0.07892 -2.35185e+02
 25 -0.00636 -3.95216e+02 | 26 -0.08080 -1.84806e+02 | 27 -0.10642 -1.21445e+02
 28 -0.03581 -1.58673e+02 | 29 -0.13146 -5.90045e+01 | 30 -0.04887 -8.75059e+01
 31 -0.12140 -6.51760e+01 | 32  0.00614 -9.54928e+01 | 33 -0.21327 -3.24672e+01
 34 -0.20493 -2.36706e+01 | 35 -0.07079 -2.51623e+01 | 36 -0.12745 -1.19828e+01
 37 -0.08659  1.04527e+00 | 38 -0.08531  2.15648e+00 | 39 -0.08986  1.12024e+00
 40 -0.09275  5.24171e-01 | 41 -0.65017  2.04497e+02 | 42 -0.50174  1.47172e+02
 43 -0.04503 -5.41992e+02 | 44  0.14323  1.17350e+03 | 45 -0.11310 -1.56515e+03
 46 -0.00874  1.89842e+03 |
46 variables; iteration 100; function evaluation 134; phase 3
Function value -8.5985602e+01; maximum gradient component mag -3.5267e+04
Var    Value     Gradient |Var    Value     Gradient |Var    Value     Gradient
  1  0.04635 -3.52672e+04 |  2 -0.04291 -7.86550e+02 |  3 -0.01025 -9.55397e+02
  4 -0.00798 -9.30592e+02 |  5  0.00867 -1.00909e+03 |  6  0.00698 -9.72055e+02
  7 -0.03071 -7.18629e+02 |  8 -0.03567 -6.84302e+02 |  9 -0.08787 -4.59476e+02
 10 -0.13459 -3.25740e+02 | 11 -0.08650 -4.43180e+02 | 12 -0.10965 -3.54274e+02
 13 -0.05093 -5.28906e+02 | 14 -0.04806 -5.04785e+02 | 15 -0.16525 -1.93525e+02
 16 -0.10602 -2.83513e+02 | 17 -0.09171 -3.36722e+02 | 18 -0.05872 -4.14321e+02
 19 -0.12270 -2.43871e+02 | 20 -0.04297 -4.55530e+02 | 21 -0.02542 -4.85693e+02
 22 -0.01468 -4.72364e+02 | 23 -0.04968 -3.53288e+02 | 24 -0.09444 -2.16508e+02
 25 -0.01184 -4.26480e+02 | 26 -0.08345 -2.23098e+02 | 27 -0.10372 -1.75840e+02
 28 -0.04941 -2.58203e+02 | 29 -0.11537 -1.27247e+02 | 30 -0.06484 -1.66885e+02
 31 -0.10468 -8.09054e+01 | 32 -0.01454 -1.12798e+02 | 33 -0.17369 -2.12781e+01
 34 -0.19912 -9.79834e+00 | 35 -0.08568 -3.95979e+00 | 36 -0.09108  4.29796e+00
 37 -0.09996  1.91237e-02 | 38 -0.10013  1.77482e-02 | 39 -0.09885 -1.37720e-01
 40 -0.09867 -2.49989e-01 | 41 -0.56672  3.76536e+02 | 42 -0.50930  1.76714e+02
 43 -0.05251 -1.00233e+03 | 44  0.13872  2.09439e+03 | 45 -0.08837 -2.26636e+03
 46 -0.00223  3.02961e+03 |
46 variables; iteration 120; function evaluation 156; phase 3
Function value -8.7415179e+01; maximum gradient component mag -2.8808e+04
Var    Value     Gradient |Var    Value     Gradient |Var    Value     Gradient
  1  0.05236 -2.88075e+04 |  2 -0.02047 -7.02628e+02 |  3 -0.04803 -5.56123e+02
  4 -0.00872 -7.36648e+02 |  5 -0.00880 -7.18870e+02 |  6 -0.00799 -7.20247e+02
  7 -0.02628 -6.29031e+02 |  8 -0.05850 -4.95720e+02 |  9 -0.11429 -3.32634e+02
 10 -0.11922 -3.20160e+02 | 11 -0.11131 -3.32093e+02 | 12 -0.11185 -3.18110e+02
 13 -0.07628 -4.00820e+02 | 14 -0.05479 -4.50715e+02 | 15 -0.17254 -1.79692e+02
 16 -0.12068 -2.54984e+02 | 17 -0.10259 -3.17858e+02 | 18 -0.07205 -3.88748e+02
 19 -0.12395 -2.63420e+02 | 20 -0.06218 -4.38344e+02 | 21 -0.03063 -5.54619e+02
 22 -0.03443 -5.32081e+02 | 23 -0.04908 -4.48159e+02 | 24 -0.11413 -2.61982e+02
 25 -0.02546 -4.80600e+02 | 26 -0.08308 -2.67056e+02 | 27 -0.12551 -1.60548e+02
 28 -0.05769 -1.90289e+02 | 29 -0.12669 -8.55373e+01 | 30 -0.07831 -7.62542e+01
 31 -0.11140 -1.63547e+01 | 32 -0.03137 -3.45670e+01 | 33 -0.15883 -1.40409e+01
 34 -0.22172 -7.22248e+00 | 35 -0.09949 -1.05326e+01 | 36 -0.11442 -1.80354e+00
 37 -0.10908 -7.61108e-01 | 38 -0.10588  3.20576e-01 | 39 -0.10846 -5.72743e-01
 40 -0.10671 -2.03500e-01 | 41 -0.46874  2.32888e+02 | 42 -0.51716  9.15827e+01
 43 -0.05624 -8.48715e+02 | 44  0.13731  1.77824e+03 | 45 -0.13753 -1.90003e+03
 46 -0.03376  1.95122e+03 |
46 variables; iteration 140; function evaluation 178; phase 3
Function value -8.8940202e+01; maximum gradient component mag 1.3534e+04
Var    Value     Gradient |Var    Value     Gradient |Var    Value     Gradient
  1  0.05525  1.35344e+04 |  2 -0.00461  3.49316e+02 |  3 -0.07599  1.93822e+02
  4 -0.01115  3.32218e+02 |  5 -0.02659  2.89189e+02 |  6 -0.02453  2.95521e+02
  7 -0.02891  2.87084e+02 |  8 -0.06285  2.19573e+02 |  9 -0.10632  1.56482e+02
 10 -0.10573  1.65595e+02 | 11 -0.11565  1.47390e+02 | 12 -0.10397  1.62659e+02
 13 -0.09153  1.70495e+02 | 14 -0.06240  2.10060e+02 | 15 -0.16300  9.02028e+01
 16 -0.13857  1.11286e+02 | 17 -0.10658  1.31329e+02 | 18 -0.08305  1.58812e+02
 19 -0.11779  1.28333e+02 | 20 -0.07506  1.48703e+02 | 21 -0.03798  2.31382e+02
 22 -0.03929  2.30981e+02 | 23 -0.05714  1.83967e+02 | 24 -0.11348  1.27659e+02
 25 -0.03857  2.71238e+02 | 26 -0.08055  1.53835e+02 | 27 -0.13161  1.06534e+02
 28 -0.06996  1.84858e+02 | 29 -0.12102  8.79754e+01 | 30 -0.09345  8.41600e+01
 31 -0.11252  6.43084e+01 | 32 -0.05221  7.37272e+01 | 33 -0.13131  3.74068e+01
 34 -0.24348  1.32262e+01 | 35 -0.11241  1.53219e+01 | 36 -0.11552  3.47151e+00
 37 -0.11039  2.49684e-01 | 38 -0.11251 -9.72649e-02 | 39 -0.11102 -1.17923e-01
 40 -0.11038 -2.93817e-01 | 41 -0.29058 -7.29598e+01 | 42 -0.54501 -2.41814e+01
 43 -0.10420  5.54287e+02 | 44  0.09650 -1.05852e+03 | 45 -0.18246  9.17933e+02
 46 -0.07424 -6.59852e+02 |
46 variables; iteration 160; function evaluation 203; phase 3
Function value -9.0392412e+01; maximum gradient component mag 1.2283e+04
Var    Value     Gradient |Var    Value     Gradient |Var    Value     Gradient
  1  0.04860  1.22828e+04 |  2  0.04111  2.26572e+02 |  3 -0.02954  1.31981e+02
  4  0.00224  1.75232e+02 |  5 -0.03001  1.34605e+02 |  6 -0.02292  1.48971e+02
  7  0.00488  1.98220e+02 |  8 -0.05742  1.20594e+02 |  9 -0.08985  9.86584e+01
 10 -0.08318  1.16428e+02 | 11 -0.09008  1.09817e+02 | 12 -0.12088  7.96151e+01
 13 -0.07893  1.29216e+02 | 14 -0.05846  1.69237e+02 | 15 -0.14723  9.28236e+01
 16 -0.13283  1.14378e+02 | 17 -0.09397  1.69838e+02 | 18 -0.07213  2.26177e+02
 19 -0.10554  1.83780e+02 | 20 -0.06013  2.67138e+02 | 21 -0.02945  3.59300e+02
 22 -0.02891  3.67694e+02 | 23 -0.05170  3.00885e+02 | 24 -0.09848  2.20235e+02
 25 -0.03080  3.86752e+02 | 26 -0.06981  2.52917e+02 | 27 -0.12196  1.57555e+02
 28 -0.06191  2.70235e+02 | 29 -0.10890  1.51102e+02 | 30 -0.08730  1.52626e+02
 31 -0.10215  1.01478e+02 | 32 -0.04918  8.65258e+01 | 33 -0.11350  4.16619e+01
 34 -0.24348 -1.71576e-01 | 35 -0.10209 -3.21047e-01 | 36 -0.10232  1.59310e+00
 37 -0.10200  5.21961e-03 | 38 -0.10555 -4.32462e-01 | 39 -0.10323 -1.48137e-01
 40 -0.10224 -2.89132e-01 | 41 -0.06747 -1.39111e+01 | 42 -0.51932 -4.36641e+00
 43 -0.17403  5.44433e+02 | 44  0.03765 -8.43507e+02 | 45 -0.21167  8.66145e+02
 46 -0.12152 -4.13856e+02 |
46 variables; iteration 180; function evaluation 223; phase 3
Function value -9.1262284e+01; maximum gradient component mag -1.7026e+03
Var    Value     Gradient |Var    Value     Gradient |Var    Value     Gradient
  1  0.04718 -1.70255e+03 |  2  0.06159  4.27696e+01 |  3 -0.00462  3.29174e+01
  4 -0.04977  1.61094e+01 |  5 -0.04671  1.77289e+01 |  6 -0.00412  3.59367e+01
  7  0.00702  4.34477e+01 |  8 -0.06660  1.73974e+01 |  9 -0.08013  2.30816e+01
 10 -0.09374  2.37327e+01 | 11 -0.09131  2.43781e+01 | 12 -0.09964  2.25605e+01
 13 -0.05475  3.95667e+01 | 14 -0.06446  2.36262e+01 | 15 -0.14198  7.23645e-01
 16 -0.13490 -2.60233e+01 | 17 -0.08805 -6.04089e+01 | 18 -0.07057 -5.97827e+01
 19 -0.10587 -6.30914e+01 | 20 -0.05487 -1.14266e+02 | 21 -0.02704 -1.27997e+02
 22 -0.02833 -1.09477e+02 | 23 -0.05310 -9.45964e+01 | 24 -0.09953 -6.31315e+01
 25 -0.02555 -7.32256e+01 | 26 -0.07535 -4.89058e+01 | 27 -0.11951 -4.45685e+01
 28 -0.05996 -6.68927e+01 | 29 -0.11012 -4.28158e+01 | 30 -0.08614 -7.65548e+01
 31 -0.10189 -5.31673e+01 | 32 -0.04292 -8.57342e+01 | 33 -0.12696 -2.41568e+01
 34 -0.23363 -9.98917e+00 | 35 -0.09651 -1.84898e+01 | 36 -0.10681 -3.30284e+00
 37 -0.09815 -2.03596e-01 | 38 -0.09993 -5.54615e-02 | 39 -0.09936 -1.02476e-01
 40 -0.09776 -9.39892e-02 | 41 -0.04851 -1.56791e+00 | 42 -0.52023 -4.48936e-01
 43 -0.21250 -6.23001e+01 | 44  0.00657  1.23937e+02 | 45 -0.20994 -1.29518e+02
 46 -0.12610  2.04062e+01 |
46 variables; iteration 200; function evaluation 244; phase 3
Function value -9.2353045e+01; maximum gradient component mag 6.6730e+02
Var    Value     Gradient |Var    Value     Gradient |Var    Value     Gradient
  1  0.04357  6.67302e+02 |  2  0.09606 -3.93625e+01 |  3 -0.00748 -1.67658e+01
  4 -0.08009 -2.27130e+01 |  5 -0.05118 -2.20456e+01 |  6 -0.00431 -2.33467e+01
  7 -0.00426 -2.51013e+01 |  8 -0.03782 -2.21455e+01 |  9 -0.07297 -1.64504e+01
 10 -0.09755 -1.62742e+01 | 11 -0.09870 -1.92059e+01 | 12 -0.08942 -1.60570e+01
 13 -0.02335 -1.09992e+01 | 14 -0.07925  1.07012e+00 | 15 -0.12978  1.08376e+01
 16 -0.13315  1.92527e+01 | 17 -0.07338  4.66059e+01 | 18 -0.07012  7.46834e+01
 19 -0.10224  5.47309e+01 | 20 -0.04337  6.51073e+01 | 21 -0.02088  1.04092e+02
 22 -0.02375  1.00278e+02 | 23 -0.05419  3.96808e+01 | 24 -0.09659  2.55430e+01
 25 -0.01154  7.43177e+01 | 26 -0.09211  2.33682e+01 | 27 -0.10471  1.08664e+01
 28 -0.05276  2.71036e+01 | 29 -0.11632  1.04385e+01 | 30 -0.07375 -6.82898e+00
 31 -0.10197  6.34934e-02 | 32 -0.02508 -6.30861e+00 | 33 -0.16878 -1.02970e+01
 34 -0.20022 -5.45532e+00 | 35 -0.08561 -5.18849e+00 | 36 -0.09374  1.49443e-01
 37 -0.09016 -1.01526e-01 | 38 -0.09160  4.35317e-02 | 39 -0.09033  3.09141e-02
 40 -0.08788  9.44697e-02 | 41 -0.13095  3.29253e+00 | 42 -0.57498  7.95834e-01
 43 -0.23961  3.26178e+00 | 44 -0.01812 -8.68879e-01 | 45 -0.19466  1.13387e+01
 46 -0.12099 -5.06734e+01 |
46 variables; iteration 220; function evaluation 264; phase 3
Function value -9.3199868e+01; maximum gradient component mag 7.8701e+02
Var    Value     Gradient |Var    Value     Gradient |Var    Value     Gradient
  1  0.03983  7.87012e+02 |  2  0.11446  7.61875e+01 |  3 -0.02703  2.50040e+01
  4 -0.04290  2.15573e+01 |  5  0.00176  4.31740e+01 |  6 -0.02774  3.13002e+01
  7 -0.02298  3.62353e+01 |  8 -0.04807  3.07908e+01 |  9 -0.06660  3.49465e+01
 10 -0.09233  2.81979e+01 | 11 -0.07302  3.84697e+01 | 12 -0.09200  3.02527e+01
 13 -0.01201  6.83363e+01 | 14 -0.08129  2.95168e+01 | 15 -0.11790  1.23269e+01
 16 -0.13244 -7.99997e+00 | 17 -0.06256 -3.24484e+01 | 18 -0.06778 -3.40327e+01
 19 -0.09520 -3.32792e+01 | 20 -0.03497 -5.52001e+01 | 21 -0.01547 -4.35876e+01
 22 -0.01837 -2.05752e+01 | 23 -0.04788 -2.20587e+01 | 24 -0.09246 -1.35486e+01
 25 -0.00270  1.53785e+01 | 26 -0.09393  1.78176e+00 | 27 -0.09275  7.19731e+00
 28 -0.04764  2.95144e+01 | 29 -0.11219  9.64139e+00 | 30 -0.06543  4.28404e+00
 31 -0.09696 -2.10190e+00 | 32 -0.01932 -2.95784e+00 | 33 -0.16918  4.72515e+00
 34 -0.18678  2.28395e+00 | 35 -0.07855 -1.22298e+00 | 36 -0.08255  2.32171e+00
 37 -0.08674 -5.27261e-02 | 38 -0.08841 -3.99047e-02 | 39 -0.08698 -6.70737e-02
 40 -0.08468 -3.16094e-02 | 41 -0.19740 -3.68141e+00 | 42 -0.69229 -7.87638e-01
 43 -0.23250  7.94718e+01 | 44 -0.01707 -6.91547e+01 | 45 -0.18262  4.68935e+01
 46 -0.10813 -5.93936e+01 |
46 variables; iteration 240; function evaluation 285; phase 3
Function value -9.3517532e+01; maximum gradient component mag -1.1466e+03
Var    Value     Gradient |Var    Value     Gradient |Var    Value     Gradient
  1  0.03876 -1.14655e+03 |  2  0.11015 -3.39901e+01 |  3 -0.01991 -1.44414e+01
  4 -0.00805 -1.36086e+01 |  5 -0.01653 -1.64244e+01 |  6 -0.03893 -2.00841e+01
  7 -0.03158 -2.06668e+01 |  8 -0.02892 -1.68453e+01 |  9 -0.06639 -1.08014e+01
 10 -0.08726 -9.22053e+00 | 11 -0.09404 -1.32113e+01 | 12 -0.07459 -9.80664e+00
 13 -0.00223 -1.32716e+01 | 14 -0.08748 -1.03373e+01 | 15 -0.10939 -7.29209e-02
 16 -0.13656 -6.70133e+00 | 17 -0.05744 -2.06527e+00 | 18 -0.06902 -1.27782e+00
 19 -0.09158 -5.68284e+00 | 20 -0.03313 -1.64683e+01 | 21 -0.01406 -1.92279e+01
 22 -0.01571 -1.32441e+01 | 23 -0.04734 -3.00414e+01 | 24 -0.08858 -2.15415e+01
 25 -0.00099 -2.88283e+01 | 26 -0.09355 -2.47559e+01 | 27 -0.08839 -2.65281e+01
 28 -0.04690 -3.06813e+01 | 29 -0.10961 -1.96388e+01 | 30 -0.06253 -2.27037e+01
 31 -0.09563 -1.20942e+01 | 32 -0.01634 -1.51976e+01 | 33 -0.17495 -7.79779e+00
 34 -0.17662 -3.69741e+00 | 35 -0.07662 -4.52737e+00 | 36 -0.09044 -2.41452e-02
 37 -0.08585  5.26281e-02 | 38 -0.08857 -8.38107e-02 | 39 -0.08694  6.49411e-02
 40 -0.08572  1.39765e-02 | 41 -0.25885  1.98630e+00 | 42 -0.71593  4.14165e-01
 43 -0.23259 -5.67444e+01 | 44 -0.01475  6.74148e+01 | 45 -0.17375 -1.07662e+02
 46 -0.09848  3.18681e+01 |
46 variables; iteration 260; function evaluation 307; phase 3
Function value -9.3746131e+01; maximum gradient component mag -3.4540e+02
Var    Value     Gradient |Var    Value     Gradient |Var    Value     Gradient
  1  0.03908 -3.45400e+02 |  2  0.10449  7.01666e+00 |  3 -0.02056  1.70504e+00
  4 -0.00798  5.52194e+00 |  5 -0.02697  7.07070e-01 |  6  0.00024  5.63611e+00
  7 -0.04864 -4.86626e+00 |  8 -0.03239  3.50849e+00 |  9 -0.07686  2.44036e+00
 10 -0.08996  4.39126e+00 | 11 -0.09442  7.01276e-01 | 12 -0.07846  6.08814e+00
 13  0.00005  1.08310e+01 | 14 -0.09388 -1.14094e+01 | 15 -0.10675 -7.21284e+00
 16 -0.14035 -1.63920e+01 | 17 -0.05673 -1.88780e+01 | 18 -0.07189 -8.58678e+00
 19 -0.09156 -8.96228e+00 | 20 -0.03428 -1.12823e+01 | 21 -0.01423 -9.38416e+00
 22 -0.01818 -3.38389e+00 | 23 -0.04595 -9.09599e+00 | 24 -0.09283 -1.06723e+01
 25  0.00036 -9.01274e+00 | 26 -0.10061 -1.40584e+01 | 27 -0.08369 -9.08534e+00
 28 -0.05079 -8.87750e+00 | 29 -0.10738 -5.18328e+00 | 30 -0.06396 -8.95189e+00
 31 -0.09501 -7.74217e+00 | 32 -0.01792 -1.72714e+01 | 33 -0.17687 -5.35239e+00
 34 -0.17486 -2.76139e+00 | 35 -0.07674 -3.45834e+00 | 36 -0.09183  1.29022e-02
 37 -0.08691 -6.84067e-02 | 38 -0.08853  5.94542e-02 | 39 -0.08785 -3.77408e-02
 40 -0.08622  1.38337e-02 | 41 -0.25942 -2.39365e-01 | 42 -0.72654 -3.75279e-02
 43 -0.23418 -2.06545e+01 | 44 -0.01396  3.38364e+01 | 45 -0.16513 -3.66019e+01
 46 -0.09051 -5.29213e+00 |
46 variables; iteration 280; function evaluation 327; phase 3
Function value -9.3972545e+01; maximum gradient component mag -1.0787e+03
Var    Value     Gradient |Var    Value     Gradient |Var    Value     Gradient
  1  0.04133 -1.07874e+03 |  2  0.08505 -3.32008e+01 |  3 -0.01909 -1.34271e+01
  4 -0.03998 -1.51005e+01 |  5 -0.00644 -1.40824e+01 |  6  0.00473 -1.58204e+01
  7 -0.03400 -1.89128e+01 |  8 -0.03692 -1.54229e+01 |  9 -0.08183 -1.24847e+01
 10 -0.10532 -1.29576e+01 | 11 -0.09618 -1.34437e+01 | 12 -0.07736 -1.09610e+01
 13 -0.01286 -2.31986e+01 | 14 -0.08835 -2.02295e+01 | 15 -0.12145 -9.69446e+00
 16 -0.13301 -5.79979e+00 | 17 -0.06583 -5.06863e+00 | 18 -0.07270 -7.09439e-01
 19 -0.09925 -2.27664e+00 | 20 -0.03737 -8.11964e+00 | 21 -0.01943 -1.01588e+01
 22 -0.02172 -1.27361e+01 | 23 -0.05136 -2.21169e+01 | 24 -0.09594 -1.76700e+01
 25 -0.00431 -2.91543e+01 | 26 -0.10512 -2.57557e+01 | 27 -0.08801 -2.33119e+01
 28 -0.05508 -2.80055e+01 | 29 -0.11228 -1.73124e+01 | 30 -0.06797 -2.02958e+01
 31 -0.09970 -1.05487e+01 | 32 -0.02163 -1.82337e+01 | 33 -0.18378 -8.19975e+00
 34 -0.17820 -4.01081e+00 | 35 -0.08156 -3.17671e+00 | 36 -0.09459  1.35569e-01
 37 -0.08900 -4.21875e-02 | 38 -0.09088 -7.01909e-03 | 39 -0.08963 -3.07300e-02
 40 -0.08788 -3.22293e-02 | 41 -0.20803  1.38772e+00 | 42 -0.69504  2.53162e-01
 43 -0.22895 -6.04636e+01 | 44 -0.00779  7.63984e+01 | 45 -0.16287 -8.90802e+01
 46 -0.08770  3.18951e+01 |
46 variables; iteration 300; function evaluation 347; phase 3
Function value -9.4091756e+01; maximum gradient component mag -8.9568e+02
Var    Value     Gradient |Var    Value     Gradient |Var    Value     Gradient
  1  0.04009 -8.95681e+02 |  2  0.09784 -4.58611e+00 |  3 -0.01921 -2.03657e+00
  4 -0.02934 -3.16027e+00 |  5 -0.01825 -2.31865e+00 |  6 -0.00569 -1.47355e+00
  7 -0.03428 -6.67982e+00 |  8 -0.02706 -6.94982e-01 |  9 -0.08385 -3.97489e+00
 10 -0.10566 -5.37166e+00 | 11 -0.08770 -2.29226e+00 | 12 -0.08163 -2.13564e+00
 13 -0.01093 -4.36767e+00 | 14 -0.08660 -1.02269e+01 | 15 -0.12101 -1.09728e+01
 16 -0.12800 -1.03021e+01 | 17 -0.06503 -2.39141e+01 | 18 -0.07013 -2.66002e+01
 19 -0.09851 -2.25246e+01 | 20 -0.03424 -3.27588e+01 | 21 -0.01825 -4.10733e+01
 22 -0.01962 -4.09922e+01 | 23 -0.04935 -3.18575e+01 | 24 -0.09340 -1.99408e+01
 25 -0.00241 -3.32031e+01 | 26 -0.10395 -1.94329e+01 | 27 -0.08376 -1.16528e+01
 28 -0.05450 -2.18467e+01 | 29 -0.10870 -1.19551e+01 | 30 -0.06569 -1.33702e+01
 31 -0.09774 -9.84425e+00 | 32 -0.02006 -1.02196e+01 | 33 -0.18361 -6.35972e+00
 34 -0.17068 -2.63951e-01 | 35 -0.08004  2.02745e+00 | 36 -0.09579  9.39963e-02
 37 -0.08798  4.31738e-02 | 38 -0.09033 -2.41249e-04 | 39 -0.08908  2.51668e-02
 40 -0.08767  2.87180e-02 | 41 -0.25698 -6.96948e-01 | 42 -0.70988 -1.19226e-01
 43 -0.22895 -4.43520e+01 | 44 -0.00799  6.36446e+01 | 45 -0.15815 -7.14027e+01
 46 -0.08550  2.32172e+01 |
46 variables; iteration 320; function evaluation 367; phase 3
Function value -9.4148977e+01; maximum gradient component mag -8.4809e+02
Var    Value     Gradient |Var    Value     Gradient |Var    Value     Gradient
  1  0.03963 -8.48094e+02 |  2  0.09950 -1.10422e+01 |  3 -0.01949 -4.99434e+00
  4 -0.03242 -6.49682e+00 |  5 -0.00709 -4.05136e+00 |  6 -0.01543 -6.69480e+00
  7 -0.03428 -1.00566e+01 |  8 -0.02832 -4.78210e+00 |  9 -0.08128 -5.77794e+00
 10 -0.10009 -5.76172e+00 | 11 -0.09056 -5.41989e+00 | 12 -0.07986 -3.80126e+00
 13 -0.00868 -7.55564e+00 | 14 -0.08818 -8.52099e+00 | 15 -0.11785 -6.58255e+00
 16 -0.12959 -5.67950e+00 | 17 -0.06244 -1.25026e+01 | 18 -0.07177 -1.37543e+01
 19 -0.09500 -1.11722e+01 | 20 -0.03492 -2.00496e+01 | 21 -0.01634 -2.20633e+01
 22 -0.02001 -2.34439e+01 | 23 -0.04713 -1.98006e+01 | 24 -0.09505 -1.64014e+01
 25 -0.00011 -2.80199e+01 | 26 -0.10703 -2.23817e+01 | 27 -0.08016 -1.66297e+01
 28 -0.05534 -2.59359e+01 | 29 -0.10617 -1.64426e+01 | 30 -0.06553 -2.00709e+01
 31 -0.09575 -1.32552e+01 | 32 -0.01987 -2.14875e+01 | 33 -0.18286 -7.69084e+00
 34 -0.16840 -3.89135e+00 | 35 -0.07930 -5.20828e+00 | 36 -0.09577 -6.03011e-01
 37 -0.08790 -4.68692e-03 | 38 -0.09017 -1.60501e-02 | 39 -0.08902 -7.40905e-04
 40 -0.08780 -6.72061e-03 | 41 -0.28221 -7.57035e-01 | 42 -0.73213 -1.21385e-01
 43 -0.22984 -4.62348e+01 | 44 -0.00804  6.51555e+01 | 45 -0.15317 -5.85037e+01
 46 -0.08114  1.64726e+01 |
46 variables; iteration 340; function evaluation 388; phase 3
Function value -9.4260644e+01; maximum gradient component mag -3.7836e+01
Var    Value     Gradient |Var    Value     Gradient |Var    Value     Gradient
  1  0.03851 -3.78360e+01 |  2  0.09654 -3.07918e+01 |  3 -0.01054 -1.32674e+01
  4 -0.03026 -1.49330e+01 |  5 -0.00753 -1.50435e+01 |  6 -0.01517 -1.75248e+01
  7 -0.01987 -1.89588e+01 |  8 -0.03070 -1.59940e+01 |  9 -0.07820 -1.29731e+01
 10 -0.09962 -1.26915e+01 | 11 -0.08782 -1.24721e+01 | 12 -0.08346 -1.27641e+01
 13 -0.00288 -1.88844e+01 | 14 -0.08784 -1.12871e+01 | 15 -0.11267 -9.01685e-01
 16 -0.12993  3.13468e+00 | 17 -0.05929  1.59981e+01 | 18 -0.06979  1.40591e+01
 19 -0.09249  1.49537e+01 | 20 -0.03298  2.80722e+01 | 21 -0.01398  3.06470e+01
 22 -0.01704  2.48346e+01 | 23 -0.04469  2.04762e+01 | 24 -0.09130  1.26948e+01
 25  0.00082  3.13134e+01 | 26 -0.09879  7.69237e+00 | 27 -0.08172  1.44320e+01
 28 -0.04989  1.33798e+01 | 29 -0.10672  4.06087e+00 | 30 -0.06096  7.58750e+00
 31 -0.09526  6.68781e-01 | 32 -0.01647 -1.12551e+00 | 33 -0.18192 -6.35172e+00
 34 -0.16373 -1.05427e+00 | 35 -0.07772 -2.22440e+00 | 36 -0.09499 -3.20190e-01
 37 -0.08730  2.00799e-02 | 38 -0.08978 -1.79733e-02 | 39 -0.08869  2.44100e-02
 40 -0.08785  1.58806e-02 | 41 -0.33911  7.50625e-01 | 42 -0.73615  1.58648e-01
 43 -0.22687 -1.64149e+01 | 44 -0.00330  3.64793e+01 | 45 -0.14627 -1.00802e+01
 46 -0.07218 -2.08356e+01 |
46 variables; iteration 360; function evaluation 408; phase 3
Function value -9.4306976e+01; maximum gradient component mag -9.6654e+02
Var    Value     Gradient |Var    Value     Gradient |Var    Value     Gradient
  1  0.03839 -9.66535e+02 |  2  0.09772 -1.70078e+00 |  3 -0.00915  6.00710e-01
  4 -0.03754 -3.89560e+00 |  5 -0.01258  1.43297e-02 |  6 -0.00108  1.07151e+00
  7 -0.02303 -3.07128e+00 |  8 -0.03213 -2.83417e-01 |  9 -0.07713 -9.38854e-01
 10 -0.09985 -2.48114e+00 | 11 -0.08714 -6.90873e-01 | 12 -0.08234 -1.41382e-01
 13 -0.00379  3.35552e+00 | 14 -0.08512 -4.78705e+00 | 15 -0.11475 -7.18515e+00
 16 -0.12686 -1.01139e+01 | 17 -0.06104 -2.20003e+01 | 18 -0.06718 -2.55242e+01
 19 -0.09443 -2.37553e+01 | 20 -0.03169 -3.68673e+01 | 21 -0.01457 -4.56016e+01
 22 -0.01592 -4.46581e+01 | 23 -0.04508 -3.33061e+01 | 24 -0.08955 -2.38623e+01
 25 -0.00001 -4.65878e+01 | 26 -0.09548 -2.36162e+01 | 27 -0.08336 -2.05190e+01
 28 -0.04892 -2.74742e+01 | 29 -0.10628 -1.57201e+01 | 30 -0.06115 -1.77941e+01
 31 -0.09441 -1.32022e+01 | 32 -0.01714 -1.84964e+01 | 33 -0.17596 -5.97503e+00
 34 -0.16747 -2.29027e+00 | 35 -0.07640 -2.44058e+00 | 36 -0.09444 -2.39798e-01
 37 -0.08733  1.27246e-03 | 38 -0.08962  3.91926e-04 | 39 -0.08869  5.56948e-04
 40 -0.08778 -1.35335e-03 | 41 -0.33810 -2.03498e+00 | 42 -0.72950 -3.75692e-01
 43 -0.22838 -4.79436e+01 | 44 -0.00520  7.57408e+01 | 45 -0.14793 -6.61304e+01
 46 -0.07300  3.15492e+01 |
46 variables; iteration 380; function evaluation 429; phase 3
Function value -9.4346814e+01; maximum gradient component mag -3.9168e+02
Var    Value     Gradient |Var    Value     Gradient |Var    Value     Gradient
  1  0.03769 -3.91676e+02 |  2  0.10409 -1.54368e+01 |  3 -0.00126 -5.09649e+00
  4 -0.04774 -1.11348e+01 |  5 -0.00874 -7.01035e+00 |  6 -0.00885 -8.61841e+00
  7 -0.01850 -1.04436e+01 |  8 -0.02963 -7.83833e+00 |  9 -0.07795 -7.36175e+00
 10 -0.09946 -7.82735e+00 | 11 -0.08373 -5.96690e+00 | 12 -0.08285 -6.87175e+00
 13 -0.00167 -7.48662e+00 | 14 -0.08329 -8.28273e+00 | 15 -0.11295 -4.86382e+00
 16 -0.12574 -2.50802e+00 | 17 -0.05962 -2.04464e+00 | 18 -0.06539 -2.78627e+00
 19 -0.09273 -2.43284e+00 | 20 -0.03053  3.55996e-01 | 21 -0.01270 -3.24204e+00
 22 -0.01456 -5.52850e+00 | 23 -0.04297 -2.39015e+00 | 24 -0.08839 -3.02762e+00
 25  0.00132 -6.82638e+00 | 26 -0.09240 -5.37108e+00 | 27 -0.08285 -1.45699e+00
 28 -0.04691 -6.36019e+00 | 29 -0.10465 -2.97258e+00 | 30 -0.05975 -1.15649e+00
 31 -0.09284 -1.80922e+00 | 32 -0.01582 -1.95808e+00 | 33 -0.17190 -2.37284e+00
 34 -0.16808 -6.41390e-01 | 35 -0.07434 -9.31857e-01 | 36 -0.09364 -2.05976e-01
 37 -0.08669  6.36307e-03 | 38 -0.08911 -1.26294e-02 | 39 -0.08819  1.06215e-02
 40 -0.08745  3.20556e-03 | 41 -0.35886 -6.40800e-01 | 42 -0.74494 -1.01003e-01
 43 -0.23383 -2.59757e+01 | 44 -0.00984  4.35145e+01 | 45 -0.14696 -3.41108e+01
 46 -0.07036  4.36288e+00 |
46 variables; iteration 400; function evaluation 450; phase 3
Function value -9.4384244e+01; maximum gradient component mag -9.2009e+02
Var    Value     Gradient |Var    Value     Gradient |Var    Value     Gradient
  1  0.03817 -9.20094e+02 |  2  0.09720 -1.41082e+01 |  3  0.00805 -2.26599e+00
  4 -0.04240 -9.05824e+00 |  5 -0.01531 -6.14310e+00 |  6 -0.01401 -7.36760e+00
  7 -0.01408 -7.97771e+00 |  8 -0.03167 -6.35382e+00 |  9 -0.07344 -4.58172e+00
 10 -0.09776 -5.80018e+00 | 11 -0.08446 -4.39050e+00 | 12 -0.08808 -6.51469e+00
 13 -0.00162 -6.33976e+00 | 14 -0.08537 -8.76599e+00 | 15 -0.11250 -7.11112e+00
 16 -0.12849 -8.72799e+00 | 17 -0.05991 -1.50776e+01 | 18 -0.06715 -1.92008e+01
 19 -0.09283 -1.65456e+01 | 20 -0.03198 -2.42717e+01 | 21 -0.01369 -3.34505e+01
 22 -0.01548 -3.41628e+01 | 23 -0.04418 -2.49084e+01 | 24 -0.08868 -1.80389e+01
 25 -0.00041 -3.70988e+01 | 26 -0.09150 -1.77361e+01 | 27 -0.08524 -1.56731e+01
 28 -0.04728 -2.23549e+01 | 29 -0.10606 -1.18546e+01 | 30 -0.06068 -1.22860e+01
 31 -0.09393 -8.94702e+00 | 32 -0.01723 -1.14096e+01 | 33 -0.17122 -3.82371e+00
 34 -0.16949 -1.73603e+00 | 35 -0.07549 -1.50780e+00 | 36 -0.09410 -1.96883e-01
 37 -0.08726  2.05252e-03 | 38 -0.08956  9.19950e-03 | 39 -0.08870  1.87678e-03
 40 -0.08783  9.34228e-04 | 41 -0.33199 -5.22569e-01 | 42 -0.73456 -8.22843e-02
 43 -0.23366 -4.84079e+01 | 44 -0.01026  6.63796e+01 | 45 -0.14822 -6.66253e+01
 46 -0.07184  3.18451e+01 |
46 variables; iteration 420; function evaluation 470; phase 3
Function value -9.4439318e+01; maximum gradient component mag -3.9615e+02
Var    Value     Gradient |Var    Value     Gradient |Var    Value     Gradient
  1  0.03798 -3.96150e+02 |  2  0.09430 -1.35404e+01 |  3  0.02000  7.29977e-01
  4 -0.03887 -7.57568e+00 |  5 -0.01217 -4.65544e+00 |  6 -0.01332 -6.30810e+00
  7 -0.02202 -8.19729e+00 |  8 -0.03385 -5.98842e+00 |  9 -0.07801 -5.34143e+00
 10 -0.10128 -6.53601e+00 | 11 -0.08264 -3.54488e+00 | 12 -0.08453 -4.92963e+00
 13 -0.00198 -6.81767e+00 | 14 -0.08583 -1.10191e+01 | 15 -0.11287 -6.05511e+00
 16 -0.12771 -4.31255e+00 | 17 -0.05956 -8.07652e+00 | 18 -0.06755 -8.82440e+00
 19 -0.09238 -5.78436e+00 | 20 -0.03165 -9.21279e+00 | 21 -0.01359 -1.04506e+01
 22 -0.01524 -1.01974e+01 | 23 -0.04459 -8.78214e+00 | 24 -0.08895 -4.88461e+00
 25  0.00071 -6.69314e+00 | 26 -0.09453 -6.53511e+00 | 27 -0.08281 -2.87291e+00
 28 -0.04823 -2.47851e+00 | 29 -0.10501 -1.91321e+00 | 30 -0.06094 -2.58871e+00
 31 -0.09321 -5.60815e-01 | 32 -0.01721 -1.39545e+00 | 33 -0.17358 -1.20352e+00
 34 -0.16786 -2.49395e-01 | 35 -0.07500 -5.38999e-01 | 36 -0.09390 -1.71412e-01
 37 -0.08715 -7.84203e-03 | 38 -0.08943  2.37330e-03 | 39 -0.08849  3.22102e-03
 40 -0.08755  1.43809e-02 | 41 -0.32638 -1.28547e+00 | 42 -0.74574 -2.14927e-01
 43 -0.23304 -1.44223e+01 | 44 -0.01042  2.64612e+01 | 45 -0.14151 -2.98068e+01
 46 -0.06583  4.54586e+00 |
46 variables; iteration 440; function evaluation 491; phase 3
Function value -9.4462665e+01; maximum gradient component mag -5.4633e+02
Var    Value     Gradient |Var    Value     Gradient |Var    Value     Gradient
  1  0.03840 -5.46330e+02 |  2  0.09256 -1.52980e+01 |  3  0.01573 -8.27534e-01
  4 -0.03807 -8.09315e+00 |  5 -0.00686 -4.79518e+00 |  6 -0.01377 -7.25706e+00
  7 -0.03372 -1.07850e+01 |  8 -0.02758 -5.78414e+00 |  9 -0.07426 -5.00049e+00
 10 -0.10313 -7.69345e+00 | 11 -0.08367 -4.63334e+00 | 12 -0.08865 -6.94797e+00
 13 -0.00208 -7.11555e+00 | 14 -0.08678 -1.00949e+01 | 15 -0.11326 -5.74035e+00
 16 -0.12889 -5.03936e+00 | 17 -0.06041 -8.80590e+00 | 18 -0.06805 -1.00851e+01
 19 -0.09356 -7.78970e+00 | 20 -0.03230 -1.12046e+01 | 21 -0.01452 -1.46499e+01
 22 -0.01577 -1.43610e+01 | 23 -0.04539 -1.26312e+01 | 24 -0.08947 -8.09635e+00
 25 -0.00033 -1.56004e+01 | 26 -0.09436 -9.66444e+00 | 27 -0.08407 -6.76543e+00
 28 -0.04878 -9.53795e+00 | 29 -0.10575 -5.26154e+00 | 30 -0.06168 -6.22445e+00
 31 -0.09399 -3.18008e+00 | 32 -0.01806 -5.80457e+00 | 33 -0.17344 -2.01836e+00
 34 -0.16925 -9.40966e-01 | 35 -0.07574 -9.53971e-01 | 36 -0.09411 -1.19723e-01
 37 -0.08764 -9.59211e-03 | 38 -0.08988  3.66638e-03 | 39 -0.08892 -3.28488e-03
 40 -0.08794 -7.57226e-04 | 41 -0.31556 -9.07595e-01 | 42 -0.75393 -1.41034e-01
 43 -0.23320 -2.45342e+01 | 44 -0.01020  3.74441e+01 | 45 -0.14020 -3.90935e+01
 46 -0.06401  1.42416e+01 |
46 variables; iteration 460; function evaluation 512; phase 3
Function value -9.4640569e+01; maximum gradient component mag 3.4593e+03
Var    Value     Gradient |Var    Value     Gradient |Var    Value     Gradient
  1  0.04033  3.45930e+03 |  2  0.08786  9.71289e+01 |  3  0.00106  5.79218e+01
  4 -0.03707  3.94122e+01 |  5 -0.01284  5.52479e+01 |  6 -0.01279  5.74782e+01
  7 -0.03182  4.77923e+01 |  8 -0.03172  5.46118e+01 |  9 -0.07710  3.97457e+01
 10 -0.10344  3.07799e+01 | 11 -0.08650  3.94565e+01 | 12 -0.09139  3.59978e+01
 13 -0.00804  8.11794e+01 | 14 -0.08273  4.52360e+01 | 15 -0.12237  3.04859e+01
 16 -0.12628  2.45872e+01 | 17 -0.06907  2.67477e+01 | 18 -0.06574  3.11453e+01
 19 -0.10207  1.83579e+01 | 20 -0.03434  3.68208e+01 | 21 -0.01964  4.70770e+01
 22 -0.01630  6.68978e+01 | 23 -0.05097  5.59393e+01 | 24 -0.08691  5.39956e+01
 25 -0.00922  9.88536e+01 | 26 -0.08234  7.10599e+01 | 27 -0.10025  4.76334e+01
 28 -0.04552  8.55097e+01 | 29 -0.11426  3.99371e+01 | 30 -0.06312  5.01553e+01
 31 -0.09908  2.65824e+01 | 32 -0.02188  4.14242e+01 | 33 -0.16820  1.51745e+01
 34 -0.17836  8.97457e+00 | 35 -0.07932  6.26749e+00 | 36 -0.09516  6.77992e-01
 37 -0.08996 -1.21277e-02 | 38 -0.09222 -1.66701e-02 | 39 -0.09111 -4.07074e-02
 40 -0.08988 -4.61251e-02 | 41 -0.27533 -1.02716e+01 | 42 -0.75068 -1.66449e+00
 43 -0.23715  2.12723e+02 | 44 -0.01260 -2.11899e+02 | 45 -0.13788  2.22935e+02
 46 -0.05690 -2.17480e+02 |
46 variables; iteration 480; function evaluation 534; phase 3
Function value -9.4986449e+01; maximum gradient component mag -1.0707e+03
Var    Value     Gradient |Var    Value     Gradient |Var    Value     Gradient
  1  0.04110 -1.07075e+03 |  2  0.08935 -1.58948e+01 |  3 -0.03306 -7.72195e+00
  4 -0.01232 -3.50634e+00 |  5 -0.02229 -6.13256e+00 |  6 -0.01880 -7.09278e+00
  7 -0.00879 -6.64291e+00 |  8 -0.04441 -8.12413e+00 |  9 -0.08250 -6.24183e+00
 10 -0.09967 -5.51312e+00 | 11 -0.09202 -5.96301e+00 | 12 -0.08683 -6.35414e+00
 13 -0.01331 -1.40987e+01 | 14 -0.08280 -9.04090e+00 | 15 -0.12479 -9.54060e+00
 16 -0.12878 -8.63482e+00 | 17 -0.06831 -1.62422e+01 | 18 -0.06961 -1.68930e+01
 19 -0.10153 -1.53747e+01 | 20 -0.03641 -2.72868e+01 | 21 -0.01960 -3.45271e+01
 22 -0.01973 -3.70982e+01 | 23 -0.05014 -3.18132e+01 | 24 -0.09401 -2.38977e+01
 25 -0.00602 -5.03443e+01 | 26 -0.09472 -2.34529e+01 | 27 -0.09279 -2.41849e+01
 28 -0.05134 -2.99169e+01 | 29 -0.11216 -1.65228e+01 | 30 -0.06595 -1.92178e+01
 31 -0.09986 -1.09582e+01 | 32 -0.02222 -1.49482e+01 | 33 -0.17683 -3.97005e+00
 34 -0.17835 -2.51141e+00 | 35 -0.08002 -1.92176e+00 | 36 -0.09581 -1.66431e-01
 37 -0.09013 -6.99722e-03 | 38 -0.09235  4.27631e-03 | 39 -0.09103 -1.44616e-03
 40 -0.08956 -6.38544e-03 | 41 -0.24596  2.64355e-02 | 42 -0.77413  5.99412e-03
 43 -0.24234 -6.00398e+01 | 44 -0.01705  5.94575e+01 | 45 -0.13021 -6.80474e+01
 46 -0.04967  5.72564e+01 |
46 variables; iteration 500; function evaluation 555; phase 3
Function value -9.5050736e+01; maximum gradient component mag -9.2957e+02
Var    Value     Gradient |Var    Value     Gradient |Var    Value     Gradient
  1  0.04080 -9.29568e+02 |  2  0.08925 -1.21983e+01 |  3 -0.02437 -4.58687e+00
  4 -0.02000 -2.72465e+00 |  5 -0.01841 -3.52902e+00 |  6 -0.01318 -4.08929e+00
  7 -0.01978 -5.90922e+00 |  8 -0.03979 -5.35782e+00 |  9 -0.08075 -4.20642e+00
 10 -0.09891 -3.82166e+00 | 11 -0.09081 -3.96510e+00 | 12 -0.08665 -4.46707e+00
 13 -0.01089 -1.00045e+01 | 14 -0.08632 -8.08233e+00 | 15 -0.12077 -8.64222e+00
 16 -0.13259 -8.89945e+00 | 17 -0.06450 -1.68868e+01 | 18 -0.07248 -1.94450e+01
 19 -0.09841 -1.58506e+01 | 20 -0.03664 -2.83790e+01 | 21 -0.01814 -3.37091e+01
 22 -0.02050 -3.64169e+01 | 23 -0.04879 -2.93959e+01 | 24 -0.09680 -2.22548e+01
 25 -0.00259 -4.19596e+01 | 26 -0.10280 -2.21339e+01 | 27 -0.08610 -1.75652e+01
 28 -0.05417 -2.36803e+01 | 29 -0.10920 -1.22046e+01 | 30 -0.06651 -1.46261e+01
 31 -0.09845 -8.68916e+00 | 32 -0.02139 -1.39145e+01 | 33 -0.18136 -3.72870e+00
 34 -0.17681 -2.59837e+00 | 35 -0.07862 -1.95595e+00 | 36 -0.09503 -1.79047e-01
 37 -0.08951 -4.18916e-03 | 38 -0.09172 -3.95919e-03 | 39 -0.09028  5.12611e-03
 40 -0.08874  2.93726e-03 | 41 -0.24574 -2.07695e-01 | 42 -0.77990 -2.50322e-02
 43 -0.24273 -5.23563e+01 | 44 -0.01772  5.01437e+01 | 45 -0.12457 -6.04858e+01
 46 -0.04572  5.35373e+01 |
46 variables; iteration 520; function evaluation 578; phase 3
Function value -9.5101919e+01; maximum gradient component mag 1.1427e+03
Var    Value     Gradient |Var    Value     Gradient |Var    Value     Gradient
  1  0.04122  1.14273e+03 |  2  0.08557  1.68100e+01 |  3 -0.01388  1.15438e+01
  4 -0.02572  9.88600e+00 |  5 -0.01436  1.26579e+01 |  6 -0.02605  8.76498e+00
  7 -0.02014  1.01005e+01 |  8 -0.03452  1.04555e+01 |  9 -0.08067  6.64877e+00
 10 -0.09972  5.59357e+00 | 11 -0.09143  6.35422e+00 | 12 -0.08747  6.22153e+00
 13 -0.01328  1.10978e+01 | 14 -0.08404  1.00988e+01 | 15 -0.12481  8.47817e+00
 16 -0.12978  1.13645e+01 | 17 -0.06786  1.92530e+01 | 18 -0.07063  2.14931e+01
 19 -0.10202  1.73668e+01 | 20 -0.03634  3.05724e+01 | 21 -0.01991  3.54854e+01
 22 -0.02009  3.60228e+01 | 23 -0.05040  2.83446e+01 | 24 -0.09587  1.83321e+01
 25 -0.00475  3.66894e+01 | 26 -0.09924  1.54565e+01 | 27 -0.08979  1.82531e+01
 28 -0.05323  2.28451e+01 | 29 -0.11104  1.45611e+01 | 30 -0.06667  1.85370e+01
 31 -0.09977  1.31316e+01 | 32 -0.02234  2.17822e+01 | 33 -0.18066  5.64651e+00
 34 -0.17752  3.83637e+00 | 35 -0.07967  2.62385e+00 | 36 -0.09565  1.52017e-01
 37 -0.09032 -1.29716e-02 | 38 -0.09250  1.48604e-03 | 39 -0.09107 -8.47278e-03
 40 -0.08950 -8.71359e-03 | 41 -0.23149 -3.04928e+00 | 42 -0.77790 -3.88347e-01
 43 -0.24403  6.27756e+01 | 44 -0.01857 -6.84263e+01 | 45 -0.11909  6.52102e+01
 46 -0.04026 -7.87267e+01 |
46 variables; iteration 540; function evaluation 602; phase 3
Function value -9.5144653e+01; maximum gradient component mag -7.5592e+02
Var    Value     Gradient |Var    Value     Gradient |Var    Value     Gradient
  1  0.04118 -7.55920e+02 |  2  0.08643 -1.79777e+01 |  3 -0.02447 -6.82145e+00
  4 -0.02030 -5.10361e+00 |  5 -0.02325 -6.65761e+00 |  6 -0.01578 -7.13530e+00
  7 -0.01470 -8.06701e+00 |  8 -0.04119 -8.19515e+00 |  9 -0.08156 -6.19959e+00
 10 -0.10041 -5.69709e+00 | 11 -0.09196 -5.80481e+00 | 12 -0.08982 -6.48598e+00
 13 -0.01172 -1.19896e+01 | 14 -0.08491 -5.36470e+00 | 15 -0.12426 -4.25512e+00
 16 -0.12986 -2.68340e+00 | 17 -0.06831 -6.07850e+00 | 18 -0.07048 -5.83194e+00
 19 -0.10229 -6.65883e+00 | 20 -0.03642 -1.29206e+01 | 21 -0.02026 -1.79649e+01
 22 -0.01967 -2.06505e+01 | 23 -0.05070 -1.89488e+01 | 24 -0.09484 -1.55845e+01
 25 -0.00591 -3.57684e+01 | 26 -0.09603 -1.68570e+01 | 27 -0.09172 -1.87907e+01
 28 -0.05218 -2.38629e+01 | 29 -0.11156 -1.29979e+01 | 30 -0.06607 -1.56484e+01
 31 -0.10012 -9.32703e+00 | 32 -0.02286 -1.38075e+01 | 33 -0.17938 -3.35764e+00
 34 -0.17601 -2.25167e+00 | 35 -0.07994 -1.58375e+00 | 36 -0.09611 -1.75700e-01
 37 -0.09073  6.75212e-03 | 38 -0.09305  8.95838e-04 | 39 -0.09154  7.21974e-03
 40 -0.09006  4.51305e-03 | 41 -0.23645 -4.03625e-01 | 42 -0.78226 -4.84567e-02
 43 -0.24466 -4.52082e+01 | 44 -0.01888  3.91778e+01 | 45 -0.11342 -4.63502e+01
 46 -0.03631  4.59712e+01 |
46 variables; iteration 560; function evaluation 623; phase 3
Function value -9.5175310e+01; maximum gradient component mag 1.7398e+02
Var    Value     Gradient |Var    Value     Gradient |Var    Value     Gradient
  1  0.04110  1.73978e+02 |  2  0.08648 -5.26580e+00 |  3 -0.02124 -6.12162e-01
  4 -0.02297  3.62824e-01 |  5 -0.02317 -5.19085e-01 |  6 -0.01912 -9.56383e-01
  7 -0.01356 -8.06909e-01 |  8 -0.03968 -1.99693e+00 |  9 -0.08109 -1.57863e+00
 10 -0.10009 -1.59422e+00 | 11 -0.09224 -1.49173e+00 | 12 -0.09021 -2.02764e+00
 13 -0.01055 -3.81088e+00 | 14 -0.08576 -1.17312e+00 | 15 -0.12247  6.88971e-01
 16 -0.13198  2.72171e+00 | 17 -0.06663  7.74864e+00 | 18 -0.07154  8.27180e+00
 19 -0.10098  7.56226e+00 | 20 -0.03671  1.30164e+01 | 21 -0.01951  1.46085e+01
 22 -0.01971  1.27929e+01 | 23 -0.05000  9.92074e+00 | 24 -0.09582  6.32443e+00
 25 -0.00477  1.21247e+01 | 26 -0.09758  4.99997e+00 | 27 -0.09031  4.13360e+00
 28 -0.05241  3.49956e+00 | 29 -0.11094  1.32512e+00 | 30 -0.06593  6.74101e-01
 31 -0.09994 -2.55856e-01 | 32 -0.02231 -2.55283e+00 | 33 -0.18080 -1.27867e+00
 34 -0.17600 -1.14498e+00 | 35 -0.07929 -6.05474e-01 | 36 -0.09546 -5.50026e-02
 37 -0.09068  7.01622e-03 | 38 -0.09300 -1.78525e-03 | 39 -0.09142  7.48872e-03
 40 -0.08991  7.03827e-03 | 41 -0.24261 -8.85775e-01 | 42 -0.78724 -1.06093e-01
 43 -0.24501  2.62862e+00 | 44 -0.01906 -9.55135e+00 | 45 -0.10718  9.62725e+00
 46 -0.03077 -1.61481e+01 |
46 variables; iteration 580; function evaluation 644; phase 3
Function value -9.5190568e+01; maximum gradient component mag -1.7302e+02
Var    Value     Gradient |Var    Value     Gradient |Var    Value     Gradient
  1  0.04122 -1.73021e+02 |  2  0.08657 -5.15763e+00 |  3 -0.02245 -7.93617e-01
  4 -0.02522 -2.87037e-02 |  5 -0.02138 -1.11938e-01 |  6 -0.01816 -7.01023e-01
  7 -0.01923 -1.80580e+00 |  8 -0.03761 -1.53591e+00 |  9 -0.08073 -1.35918e+00
 10 -0.10021 -1.42614e+00 | 11 -0.09229 -1.20054e+00 | 12 -0.08992 -1.57816e+00
 13 -0.01110 -3.47035e+00 | 14 -0.08489 -1.60791e+00 | 15 -0.12347 -1.64066e+00
 16 -0.13174 -7.91308e-01 | 17 -0.06719 -1.81659e+00 | 18 -0.07119 -1.71807e+00
 19 -0.10184 -1.51077e+00 | 20 -0.03668 -3.05236e+00 | 21 -0.01979 -4.02900e+00
 22 -0.01955 -5.09980e+00 | 23 -0.05016 -4.02072e+00 | 24 -0.09620 -3.29068e+00
 25 -0.00481 -7.61465e+00 | 26 -0.09747 -3.52620e+00 | 27 -0.09080 -4.22359e+00
 28 -0.05231 -5.92345e+00 | 29 -0.11117 -3.34736e+00 | 30 -0.06599 -4.31236e+00
 31 -0.10037 -2.66062e+00 | 32 -0.02231 -4.67813e+00 | 33 -0.18141 -1.15441e+00
 34 -0.17634 -9.08731e-01 | 35 -0.07942 -7.40698e-01 | 36 -0.09520 -6.06521e-02
 37 -0.09100 -1.81169e-03 | 38 -0.09325  2.52219e-03 | 39 -0.09166  5.04649e-04
 40 -0.09012  8.83950e-04 | 41 -0.24301 -5.60774e-01 | 42 -0.78986 -6.63737e-02
 43 -0.24425 -1.38437e+01 | 44 -0.01837  8.29735e+00 | 45 -0.10148 -9.08452e+00
 46 -0.02561  1.17926e+01 |
46 variables; iteration 600; function evaluation 664; phase 3
Function value -9.5191166e+01; maximum gradient component mag 3.7415e+02
Var    Value     Gradient |Var    Value     Gradient |Var    Value     Gradient
  1  0.04127  3.74149e+02 |  2  0.08606  5.20917e+00 |  3 -0.02208  3.94663e+00
  4 -0.02575  4.54789e+00 |  5 -0.02187  4.82525e+00 |  6 -0.01837  4.65017e+00
  7 -0.01893  3.76882e+00 |  8 -0.03737  3.42013e+00 |  9 -0.08080  2.25895e+00
 10 -0.10020  1.78572e+00 | 11 -0.09238  2.22108e+00 | 12 -0.08997  1.90592e+00
 13 -0.01119  3.26397e+00 | 14 -0.08481  2.61852e+00 | 15 -0.12359  2.07245e+00
 16 -0.13193  3.12628e+00 | 17 -0.06725  5.80193e+00 | 18 -0.07123  6.47092e+00
 19 -0.10199  5.64161e+00 | 20 -0.03679  1.02405e+01 | 21 -0.01981  1.21659e+01
 22 -0.01964  1.16316e+01 | 23 -0.05009  9.75703e+00 | 24 -0.09657  6.23226e+00
 25 -0.00474  1.23769e+01 | 26 -0.09770  5.85227e+00 | 27 -0.09081  5.59250e+00
 28 -0.05242  6.66061e+00 | 29 -0.11117  4.04556e+00 | 30 -0.06610  4.89644e+00
 31 -0.10047  3.37469e+00 | 32 -0.02233  4.97144e+00 | 33 -0.18153  1.19696e+00
 34 -0.17670  6.34431e-01 | 35 -0.07941  5.76608e-01 | 36 -0.09523  3.99186e-02
 37 -0.09107  9.52807e-04 | 38 -0.09333  2.19196e-05 | 39 -0.09172  8.91022e-04
 40 -0.09016  2.06210e-03 | 41 -0.24282 -1.63953e+00 | 42 -0.78987 -1.96319e-01
 43 -0.24400  1.82228e+01 | 44 -0.01806 -2.36914e+01 | 45 -0.10020  2.19776e+01
 46 -0.02440 -2.66584e+01 |
46 variables; iteration 620; function evaluation 687; phase 3
Function value -9.5230769e+01; maximum gradient component mag 8.3660e+02
Var    Value     Gradient |Var    Value     Gradient |Var    Value     Gradient
  1  0.04158  8.36600e+02 |  2  0.09168  1.85313e+01 |  3 -0.02657  7.57375e+00
  4 -0.03339  7.14487e+00 |  5 -0.02922  7.75636e+00 |  6 -0.01938  9.64955e+00
  7 -0.01900  9.23370e+00 |  8 -0.03699  8.56478e+00 |  9 -0.08133  6.00753e+00
 10 -0.10004  5.34456e+00 | 11 -0.09313  5.70109e+00 | 12 -0.08968  5.88115e+00
 13 -0.01225  1.03154e+01 | 14 -0.08527  5.52278e+00 | 15 -0.12450  4.25955e+00
 16 -0.13329  4.15368e+00 | 17 -0.06780  8.36822e+00 | 18 -0.07199  9.60356e+00
 19 -0.10230  8.95725e+00 | 20 -0.03773  1.78038e+01 | 21 -0.02038  2.30987e+01
 22 -0.02056  2.39811e+01 | 23 -0.05090  2.04046e+01 | 24 -0.09736  1.38593e+01
 25 -0.00554  2.98955e+01 | 26 -0.09830  1.40436e+01 | 27 -0.09204  1.43401e+01
 28 -0.05306  1.85850e+01 | 29 -0.11217  1.15353e+01 | 30 -0.06723  1.47128e+01
 31 -0.10145  9.95223e+00 | 32 -0.02321  1.67338e+01 | 33 -0.18191  4.08552e+00
 34 -0.17825  2.49278e+00 | 35 -0.08066  1.93020e+00 | 36 -0.09520  1.63835e-01
 37 -0.09135 -4.79218e-03 | 38 -0.09355 -6.47846e-03 | 39 -0.09187 -3.08584e-03
 40 -0.09016 -1.48666e-03 | 41 -0.19969 -2.28012e+00 | 42 -0.90964 -1.22351e-01
 43 -0.23600  5.31762e+01 | 44 -0.01343 -5.35490e+01 | 45 -0.10349  4.49178e+01
 46 -0.02621 -5.57390e+01 |
46 variables; iteration 640; function evaluation 707; phase 3
Function value -9.5235061e+01; maximum gradient component mag -3.8960e-01
Var    Value     Gradient |Var    Value     Gradient |Var    Value     Gradient
  1  0.04141 -3.89601e-01 |  2  0.09262 -1.14499e-02 |  3 -0.02606 -5.16519e-03
  4 -0.03169 -4.83239e-03 |  5 -0.02754 -5.49459e-03 |  6 -0.02198 -7.94190e-03
  7 -0.01802 -6.71303e-03 |  8 -0.03753 -6.21081e-03 |  9 -0.08064 -3.90763e-03
 10 -0.09964 -3.99266e-03 | 11 -0.09275 -4.13753e-03 | 12 -0.08938 -3.69168e-03
 13 -0.01183 -4.89526e-03 | 14 -0.08527 -2.46172e-03 | 15 -0.12399  2.90934e-04
 16 -0.13299  6.21681e-05 | 17 -0.06741  3.89084e-04 | 18 -0.07176  2.63630e-03
 19 -0.10191  1.55237e-03 | 20 -0.03731 -4.88556e-03 | 21 -0.02022 -5.64869e-03
 22 -0.02012 -5.61365e-03 | 23 -0.05097 -5.64224e-03 | 24 -0.09648 -4.74832e-03
 25 -0.00548 -1.45820e-02 | 26 -0.09776 -7.95333e-03 | 27 -0.09188 -9.63983e-03
 28 -0.05265 -1.50022e-02 | 29 -0.11207 -8.55047e-03 | 30 -0.06684 -1.10349e-02
 31 -0.10115 -8.16778e-03 | 32 -0.02292 -9.21293e-03 | 33 -0.18177 -1.42005e-03
 34 -0.17761 -1.49206e-03 | 35 -0.08038 -4.51086e-03 | 36 -0.09500  1.91902e-05
 37 -0.09109 -3.36153e-05 | 38 -0.09331  3.45274e-05 | 39 -0.09167 -2.98947e-05
 40 -0.08999 -3.16655e-05 | 41 -0.20300  2.49270e-04 | 42 -0.90222  4.08324e-04
 43 -0.23767 -1.54568e-02 | 44 -0.01500  2.00063e-02 | 45 -0.10483 -2.57475e-02
 46 -0.02744  3.63307e-02 |
  ic > imax  in fminim is answer attained ?
Var    Value     Gradient |Var    Value     Gradient |Var    Value     Gradient
  1  0.04141 -7.34674e-02 |  2  0.09263 -1.71980e-03 |  3 -0.02606 -1.73180e-03
  4 -0.03170 -1.79475e-03 |  5 -0.02754 -1.81438e-03 |  6 -0.02197 -1.90737e-03
  7 -0.01802 -1.54517e-03 |  8 -0.03753 -1.34746e-03 |  9 -0.08064 -9.31833e-04
 10 -0.09964 -7.73936e-04 | 11 -0.09275 -8.99790e-04 | 12 -0.08938 -8.11717e-04
 13 -0.01183 -9.68712e-04 | 14 -0.08527 -1.17834e-03 | 15 -0.12399 -4.75845e-04
 16 -0.13299 -6.28794e-04 | 17 -0.06741 -7.99262e-04 | 18 -0.07176 -9.97170e-04
 19 -0.10191 -5.91444e-04 | 20 -0.03731 -1.01433e-03 | 21 -0.02022 -1.14026e-03
 22 -0.02012 -1.18957e-03 | 23 -0.05097 -7.76134e-04 | 24 -0.09648 -5.53731e-04
 25 -0.00548 -1.04657e-03 | 26 -0.09776 -5.39826e-04 | 27 -0.09188 -3.81991e-04
 28 -0.05265 -6.38546e-04 | 29 -0.11207 -2.69021e-04 | 30 -0.06684 -4.00019e-04
 31 -0.10115 -2.00659e-04 | 32 -0.02292 -4.11086e-04 | 33 -0.18177 -8.18563e-05
 34 -0.17761 -4.62320e-05 | 35 -0.08038 -5.34598e-05 | 36 -0.09501 -1.13002e-05
 37 -0.09109 -3.18212e-07 | 38 -0.09331 -2.78894e-08 | 39 -0.09167  9.73782e-08
 40 -0.08999  1.09509e-07 | 41 -0.20299  6.19580e-04 | 42 -0.90224  4.29832e-04
 43 -0.23767 -1.92957e-03 | 44 -0.01500  3.83807e-03 | 45 -0.10484 -4.88167e-03
 46 -0.02745  5.65553e-03 |
Function minimizer not making progress ... is minimum attained?
Minimprove criterion = 0.0000e+00

 - final statistics:
46 variables; iteration 649; function evaluation 745
Function value -9.5235e+01; maximum gradient component mag -7.3467e-02
Exit code = 1;  converg criter 1.0000e-04
Var    Value     Gradient |Var    Value     Gradient |Var    Value     Gradient
  1  0.04141 -7.34674e-02 |  2  0.09263 -1.71980e-03 |  3 -0.02606 -1.73180e-03
  4 -0.03170 -1.79475e-03 |  5 -0.02754 -1.81438e-03 |  6 -0.02197 -1.90737e-03
  7 -0.01802 -1.54517e-03 |  8 -0.03753 -1.34746e-03 |  9 -0.08064 -9.31833e-04
 10 -0.09964 -7.73936e-04 | 11 -0.09275 -8.99790e-04 | 12 -0.08938 -8.11717e-04
 13 -0.01183 -9.68712e-04 | 14 -0.08527 -1.17834e-03 | 15 -0.12399 -4.75845e-04
 16 -0.13299 -6.28794e-04 | 17 -0.06741 -7.99262e-04 | 18 -0.07176 -9.97170e-04
 19 -0.10191 -5.91444e-04 | 20 -0.03731 -1.01433e-03 | 21 -0.02022 -1.14026e-03
 22 -0.02012 -1.18957e-03 | 23 -0.05097 -7.76134e-04 | 24 -0.09648 -5.53731e-04
 25 -0.00548 -1.04657e-03 | 26 -0.09776 -5.39826e-04 | 27 -0.09188 -3.81991e-04
 28 -0.05265 -6.38546e-04 | 29 -0.11207 -2.69021e-04 | 30 -0.06684 -4.00019e-04
 31 -0.10115 -2.00659e-04 | 32 -0.02292 -4.11086e-04 | 33 -0.18177 -8.18563e-05
 34 -0.17761 -4.62320e-05 | 35 -0.08038 -5.34598e-05 | 36 -0.09501 -1.13002e-05
 37 -0.09109 -3.18212e-07 | 38 -0.09331 -2.78894e-08 | 39 -0.09167  9.73782e-08
 40 -0.08999  1.09509e-07 | 41 -0.20299  6.19580e-04 | 42 -0.90224  4.29832e-04
 43 -0.23767 -1.92957e-03 | 44 -0.01500  3.83807e-03 | 45 -0.10484 -4.88167e-03
 46 -0.02745  5.65553e-03 |

Initial statistics: 48 variables; iteration 0; function evaluation 0; phase 4
Function value -9.5235061e+01; maximum gradient component mag -7.3467e-02
Var    Value     Gradient |Var    Value     Gradient |Var    Value     Gradient
  1  0.04141 -7.34674e-02 |  2  0.09263 -1.71980e-03 |  3 -0.02606 -1.73180e-03
  4 -0.03170 -1.79475e-03 |  5 -0.02754 -1.81438e-03 |  6 -0.02197 -1.90737e-03
  7 -0.01802 -1.54517e-03 |  8 -0.03753 -1.34746e-03 |  9 -0.08064 -9.31833e-04
 10 -0.09964 -7.73936e-04 | 11 -0.09275 -8.99790e-04 | 12 -0.08938 -8.11717e-04
 13 -0.01183 -9.68712e-04 | 14 -0.08527 -1.17834e-03 | 15 -0.12399 -4.75845e-04
 16 -0.13299 -6.28794e-04 | 17 -0.06741 -7.99262e-04 | 18 -0.07176 -9.97170e-04
 19 -0.10191 -5.91444e-04 | 20 -0.03731 -1.01433e-03 | 21 -0.02022 -1.14026e-03
 22 -0.02012 -1.18957e-03 | 23 -0.05097 -7.76134e-04 | 24 -0.09648 -5.53731e-04
 25 -0.00548 -1.04657e-03 | 26 -0.09776 -5.39826e-04 | 27 -0.09188 -3.81991e-04
 28 -0.05265 -6.38546e-04 | 29 -0.11207 -2.69021e-04 | 30 -0.06684 -4.00019e-04
 31 -0.10115 -2.00659e-04 | 32 -0.02292 -4.11085e-04 | 33 -0.18177 -8.18562e-05
 34 -0.17761 -4.62319e-05 | 35 -0.08038 -5.34598e-05 | 36 -0.09501 -1.13002e-05
 37 -0.09109 -3.18212e-07 | 38 -0.09331 -2.78894e-08 | 39 -0.09167  9.73782e-08
 40 -0.08999  1.09509e-07 | 41  0.00000  0.00000e+00 | 42  0.00000  0.00000e+00
 43 -0.20299  6.19580e-04 | 44 -0.90224  4.29832e-04 | 45 -0.23767 -1.92957e-03
 46 -0.01500  3.83807e-03 | 47 -0.10484 -4.88167e-03 | 48 -0.02745  5.65553e-03

Intermediate statistics: 48 variables; iteration 20; function evaluation 26; phase 4
Function value -9.5235061e+01; maximum gradient component mag -8.6824e-03
Var    Value     Gradient |Var    Value     Gradient |Var    Value     Gradient
  1  0.04141  4.81415e-03 |  2  0.09262 -1.03425e-03 |  3 -0.02606 -6.05022e-04
  4 -0.03170 -6.23659e-04 |  5 -0.02754 -6.28264e-04 |  6 -0.02197 -6.72317e-04
  7 -0.01802 -6.25794e-04 |  8 -0.03753 -5.69833e-04 |  9 -0.08064 -3.85204e-04
 10 -0.09964 -3.00204e-04 | 11 -0.09275 -2.97697e-04 | 12 -0.08938 -2.36903e-04
 13 -0.01183 -6.45711e-07 | 14 -0.08527 -1.69041e-04 | 15 -0.12399 -1.80622e-03
 16 -0.13299 -8.82974e-04 | 17 -0.06741  6.26629e-03 | 18 -0.07176  8.44177e-03
 19 -0.10191  4.68531e-03 | 20 -0.03731  2.93447e-03 | 21 -0.02022 -5.86420e-03
 22 -0.02012 -8.68239e-03 | 23 -0.05097 -4.48547e-03 | 24 -0.09648 -1.15896e-03
 25 -0.00548  2.55980e-03 | 26 -0.09776  1.90918e-03 | 27 -0.09188  1.32440e-03
 28 -0.05265  1.45067e-03 | 29 -0.11207 -7.92488e-04 | 30 -0.06684 -4.42416e-03
 31 -0.10115 -3.07542e-03 | 32 -0.02292 -1.95200e-03 | 33 -0.18176  1.00061e-03
 34 -0.17761  1.72972e-03 | 35 -0.08038  2.15186e-03 | 36 -0.09501  2.80634e-04
 37 -0.09109  4.63933e-05 | 38 -0.09331  4.52735e-05 | 39 -0.09167  4.26728e-05
 40 -0.08999  4.22771e-05 | 41  0.00000  0.00000e+00 | 42  0.00000  0.00000e+00
 43 -0.20299 -4.78692e-04 | 44 -0.90224  3.65879e-04 | 45 -0.23768  2.57078e-03
 46 -0.01500 -1.61833e-03 | 47 -0.10484 -3.61936e-03 | 48 -0.02745  3.30401e-03
48 variables; iteration 40; function evaluation 52; phase 4
Function value -9.5235062e+01; maximum gradient component mag -3.5983e+01
Var    Value     Gradient |Var    Value     Gradient |Var    Value     Gradient
  1  0.04140 -3.59835e+01 |  2  0.09264 -1.01103e+00 |  3 -0.02603 -4.16058e-01
  4 -0.03168 -4.14479e-01 |  5 -0.02753 -4.49201e-01 |  6 -0.02196 -4.88929e-01
  7 -0.01802 -5.22872e-01 |  8 -0.03753 -4.62504e-01 |  9 -0.08063 -3.38973e-01
 10 -0.09962 -2.92666e-01 | 11 -0.09274 -3.16543e-01 | 12 -0.08939 -3.32981e-01
 13 -0.01182 -6.25957e-01 | 14 -0.08526 -3.73316e-01 | 15 -0.12398 -2.67538e-01
 16 -0.13297 -2.31971e-01 | 17 -0.06740 -4.16114e-01 | 18 -0.07175 -4.27023e-01
 19 -0.10190 -3.54234e-01 | 20 -0.03730 -5.85617e-01 | 21 -0.02021 -6.91759e-01
 22 -0.02010 -7.55025e-01 | 23 -0.05096 -6.59947e-01 | 24 -0.09647 -4.98759e-01
 25 -0.00547 -1.09129e+00 | 26 -0.09775 -5.46187e-01 | 27 -0.09187 -5.78439e-01
 28 -0.05263 -7.58138e-01 | 29 -0.11206 -4.33631e-01 | 30 -0.06683 -5.16636e-01
 31 -0.10114 -3.20381e-01 | 32 -0.02291 -5.40420e-01 | 33 -0.18176 -1.54425e-01
 34 -0.17759 -1.08339e-01 | 35 -0.08038 -8.92321e-02 | 36 -0.09499 -3.49279e-03
 37 -0.09109 -9.75657e-04 | 38 -0.09333 -5.25268e-03 | 39 -0.09168 -2.74518e-03
 40 -0.08997  3.48762e-03 | 41  0.00000  0.00000e+00 | 42  0.00000  0.00000e+00
 43 -0.20281  1.08956e-01 | 44 -0.90857  6.31225e-03 | 45 -0.23769 -2.32252e+00
 46 -0.01501  2.37586e+00 | 47 -0.10482 -1.97748e+00 | 48 -0.02744  2.39869e+00
48 variables; iteration 60; function evaluation 79; phase 4
Function value -9.5235071e+01; maximum gradient component mag -5.2002e+01
Var    Value     Gradient |Var    Value     Gradient |Var    Value     Gradient
  1  0.04141 -5.20023e+01 |  2  0.09262 -1.47250e+00 |  3 -0.02606 -6.09373e-01
  4 -0.03168 -6.01168e-01 |  5 -0.02754 -6.52678e-01 |  6 -0.02196 -7.09968e-01
  7 -0.01802 -7.57469e-01 |  8 -0.03753 -6.68429e-01 |  9 -0.08064 -4.92836e-01
 10 -0.09964 -4.32890e-01 | 11 -0.09275 -4.60256e-01 | 12 -0.08938 -4.72353e-01
 13 -0.01183 -9.04932e-01 | 14 -0.08526 -5.44653e-01 | 15 -0.12399 -3.97287e-01
 16 -0.13299 -3.42278e-01 | 17 -0.06741 -5.60059e-01 | 18 -0.07176 -5.71586e-01
 19 -0.10191 -4.78250e-01 | 20 -0.03731 -8.30041e-01 | 21 -0.02022 -1.03691e+00
 22 -0.02012 -1.14513e+00 | 23 -0.05097 -9.84683e-01 | 24 -0.09648 -7.28303e-01
 25 -0.00548 -1.56043e+00 | 26 -0.09776 -7.86827e-01 | 27 -0.09188 -8.23612e-01
 28 -0.05265 -1.08927e+00 | 29 -0.11207 -6.31847e-01 | 30 -0.06684 -7.75484e-01
 31 -0.10115 -4.79031e-01 | 32 -0.02292 -7.95387e-01 | 33 -0.18177 -2.15379e-01
 34 -0.17761 -1.50652e-01 | 35 -0.08038 -1.11818e-01 | 36 -0.09501 -9.59197e-03
 37 -0.09109  8.29147e-04 | 38 -0.09332 -9.67267e-04 | 39 -0.09167  2.92401e-04
 40 -0.08998  1.30194e-03 | 41  0.00000  0.00000e+00 | 42  0.00000  0.00000e+00
 43 -0.20140  1.58261e-01 | 44 -0.93530  6.38299e-03 | 45 -0.23768 -3.34287e+00
 46 -0.01500  3.42762e+00 | 47 -0.10484 -2.87684e+00 | 48 -0.02745  3.48557e+00
48 variables; iteration 80; function evaluation 105; phase 4
Function value -9.5235079e+01; maximum gradient component mag -1.5397e+01
Var    Value     Gradient |Var    Value     Gradient |Var    Value     Gradient
  1  0.04141 -1.53973e+01 |  2  0.09262 -4.36641e-01 |  3 -0.02606 -1.80564e-01
  4 -0.03169 -1.78387e-01 |  5 -0.02754 -1.93372e-01 |  6 -0.02197 -2.10443e-01
  7 -0.01802 -2.24370e-01 |  8 -0.03753 -1.97883e-01 |  9 -0.08064 -1.46280e-01
 10 -0.09964 -1.28366e-01 | 11 -0.09275 -1.36552e-01 | 12 -0.08938 -1.39523e-01
 13 -0.01183 -2.68071e-01 | 14 -0.08527 -1.61433e-01 | 15 -0.12399 -1.18106e-01
 16 -0.13299 -1.01530e-01 | 17 -0.06741 -1.63970e-01 | 18 -0.07176 -1.67125e-01
 19 -0.10191 -1.40088e-01 | 20 -0.03731 -2.44885e-01 | 21 -0.02022 -3.08425e-01
 22 -0.02012 -3.41193e-01 | 23 -0.05097 -2.92767e-01 | 24 -0.09648 -2.15895e-01
 25 -0.00548 -4.61236e-01 | 26 -0.09776 -2.32781e-01 | 27 -0.09188 -2.43337e-01
 28 -0.05265 -3.22189e-01 | 29 -0.11207 -1.87284e-01 | 30 -0.06684 -2.30799e-01
 31 -0.10115 -1.42490e-01 | 32 -0.02292 -2.36076e-01 | 33 -0.18176 -6.33831e-02
 34 -0.17761 -4.43595e-02 | 35 -0.08038 -3.23991e-02 | 36 -0.09501 -2.69939e-03
 37 -0.09109  3.27036e-04 | 38 -0.09331  1.03447e-04 | 39 -0.09167 -1.77199e-04
 40 -0.08999  6.49102e-05 | 41  0.00000  0.00000e+00 | 42  0.00000  0.00000e+00
 43 -0.20036  4.70307e-02 | 44 -0.97336  8.53745e-04 | 45 -0.23768 -9.90090e-01
 46 -0.01500  1.01553e+00 | 47 -0.10484 -8.51883e-01 | 48 -0.02745  1.03203e+00
Warning: the following parameters had issues
  init_F[2] is within 0.1% of lower bound: 0.00000e+00 < 2.94437e-04 < 1.00000e+01


 - final statistics:
48 variables; iteration 99; function evaluation 129
Function value -9.5235e+01; maximum gradient component mag 7.7643e-05
Exit code = 1;  converg criter 1.0000e-04
Var    Value     Gradient |Var    Value     Gradient |Var    Value     Gradient
  1  0.04141  7.76432e-05 |  2  0.09262  2.23218e-06 |  3 -0.02605  9.21866e-07
  4 -0.03169  9.27011e-07 |  5 -0.02754  9.84360e-07 |  6 -0.02197  1.07761e-06
  7 -0.01802  1.12796e-06 |  8 -0.03753  1.00470e-06 |  9 -0.08064  7.55846e-07
 10 -0.09964  6.31985e-07 | 11 -0.09275  6.83887e-07 | 12 -0.08938  7.27587e-07
 13 -0.01183  1.35779e-06 | 14 -0.08527  8.19729e-07 | 15 -0.12399  6.19690e-07
 16 -0.13299  5.15963e-07 | 17 -0.06741  7.44302e-07 | 18 -0.07176  7.40679e-07
 19 -0.10191  6.38920e-07 | 20 -0.03731  1.19279e-06 | 21 -0.02022  1.61875e-06
 22 -0.02012  1.81643e-06 | 23 -0.05097  1.53061e-06 | 24 -0.09648  1.09938e-06
 25 -0.00548  2.29203e-06 | 26 -0.09776  1.15686e-06 | 27 -0.09188  1.21003e-06
 28 -0.05265  1.60783e-06 | 29 -0.11207  9.55823e-07 | 30 -0.06684  1.21875e-06
 31 -0.10115  7.49267e-07 | 32 -0.02292  1.21920e-06 | 33 -0.18176  2.89299e-07
 34 -0.17761  2.19343e-07 | 35 -0.08038  1.29973e-07 | 36 -0.09501  1.35534e-08
 37 -0.09109  5.65081e-09 | 38 -0.09331 -1.52430e-09 | 39 -0.09167  8.90108e-09
 40 -0.08999 -1.78044e-08 | 41  0.00000  0.00000e+00 | 42  0.00000  0.00000e+00
 43 -0.20017 -2.39895e-07 | 44 -0.99309 -2.72446e-10 | 45 -0.23768  4.97547e-06
 46 -0.01500 -5.11505e-06 | 47 -0.10484  4.32630e-06 | 48 -0.02745 -5.24415e-06
Estimating row 1 out of 48 for hessian
Estimating row 2 out of 48 for hessian
Estimating row 3 out of 48 for hessian
Estimating row 4 out of 48 for hessian
Estimating row 5 out of 48 for hessian
Estimating row 6 out of 48 for hessian
Estimating row 7 out of 48 for hessian
Estimating row 8 out of 48 for hessian
Estimating row 9 out of 48 for hessian
Estimating row 10 out of 48 for hessian
Estimating row 11 out of 48 for hessian
Estimating row 12 out of 48 for hessian
Estimating row 13 out of 48 for hessian
Estimating row 14 out of 48 for hessian
Estimating row 15 out of 48 for hessian
Estimating row 16 out of 48 for hessian
Estimating row 17 out of 48 for hessian
Estimating row 18 out of 48 for hessian
Estimating row 19 out of 48 for hessian
Estimating row 20 out of 48 for hessian
Estimating row 21 out of 48 for hessian
Estimating row 22 out of 48 for hessian
Estimating row 23 out of 48 for hessian
Estimating row 24 out of 48 for hessian
Estimating row 25 out of 48 for hessian
Estimating row 26 out of 48 for hessian
Estimating row 27 out of 48 for hessian
Estimating row 28 out of 48 for hessian
Estimating row 29 out of 48 for hessian
Estimating row 30 out of 48 for hessian
Estimating row 31 out of 48 for hessian
Estimating row 32 out of 48 for hessian
Estimating row 33 out of 48 for hessian
Estimating row 34 out of 48 for hessian
Estimating row 35 out of 48 for hessian
Estimating row 36 out of 48 for hessian
Estimating row 37 out of 48 for hessian
Estimating row 38 out of 48 for hessian
Estimating row 39 out of 48 for hessian
Estimating row 40 out of 48 for hessian
Estimating row 41 out of 48 for hessian
Estimating row 42 out of 48 for hessian
Estimating row 43 out of 48 for hessian
Estimating row 44 out of 48 for hessian
Estimating row 45 out of 48 for hessian
Estimating row 46 out of 48 for hessian
Estimating row 47 out of 48 for hessian
Estimating row 48 out of 48 for hessian
size of file gradfil1.tmp = 0
size of file gradfil2.tmp = 0
size of file varssave.tmp = 0
size of file cmpdiff.tmp = 0
