
Initial statistics: 3 variables; iteration 0; function evaluation 0; phase 1
Function value 2.7850664e+02; maximum gradient component mag 6.1197e+02
Var    Value     Gradient |Var    Value     Gradient |Var    Value     Gradient
  1  0.23954 -3.87131e+00 |  2 -0.99973  3.38427e-01 |  3 -0.39317  6.11965e+02

 - final statistics:
3 variables; iteration 1; function evaluation 8
Function value -4.7400e+01; maximum gradient component mag 8.0760e+00
Exit code = 1;  converg criter 1.0000e+01
Var    Value     Gradient |Var    Value     Gradient |Var    Value     Gradient
  1  0.24324  7.69697e-01 |  2 -1.00005 -1.36888e-02 |  3 -0.97738  8.07597e+00

 - final statistics:
3 variables; iteration 0; function evaluation 0
Function value -4.7400e+01; maximum gradient component mag 8.0760e+00
Exit code = 0;  converg criter 1.0000e+01
Var    Value     Gradient |Var    Value     Gradient |Var    Value     Gradient
  1  0.24324  7.69697e-01 |  2 -0.99995  1.36888e-02 |  3 -0.97738  8.07597e+00

Initial statistics: 9 variables; iteration 0; function evaluation 0; phase 3
Function value -4.7399728e+01; maximum gradient component mag 8.0760e+00
Var    Value     Gradient |Var    Value     Gradient |Var    Value     Gradient
  1  0.24324  7.69697e-01 |  2 -0.99995  1.36888e-02 |  3 -0.97738  8.07597e+00
  4 -0.98886 -6.75428e-01 |  5 -0.99849  7.23393e-02 |  6  0.11136  1.39683e+00
  7  0.93362  2.64965e-02 |  8  0.29100 -1.01728e+00 |  9  0.88200  1.60438e-02

Intermediate statistics: 9 variables; iteration 20; function evaluation 24; phase 3
Function value -4.7644318e+01; maximum gradient component mag 1.4586e-03
Var    Value     Gradient |Var    Value     Gradient |Var    Value     Gradient
  1  0.17027  1.45864e-03 |  2 -0.99995  5.49388e-04 |  3 -0.99995  1.41474e-03
  4 -0.96375 -5.72530e-04 |  5 -0.99991 -8.40848e-04 |  6  0.06777  4.59535e-04
  7  0.79067 -1.00784e-04 |  8  0.42616  4.61230e-04 |  9  0.83997 -1.05532e-04
Warning: the following parameters had issues
  init_F[1] is within 0.1% of lower bound: 0.00000e+00 < 1.23681e-08 < 1.00000e+01
  init_F[2] is within 0.1% of lower bound: 0.00000e+00 < 1.25566e-08 < 1.00000e+01
  Q_parm[2] is within 0.1% of lower bound: 0.00000e+00 < 4.05347e-03 < 5.00000e+00
  Q_parm[4] is within 0.1% of lower bound: 0.00000e+00 < 2.92020e-08 < 5.00000e+00


 - final statistics:
9 variables; iteration 24; function evaluation 28
Function value -4.7644e+01; maximum gradient component mag -8.7987e-05
Exit code = 1;  converg criter 1.0000e-04
Var    Value     Gradient |Var    Value     Gradient |Var    Value     Gradient
  1  0.17025 -8.79867e-05 |  2 -0.99996  7.95902e-05 |  3 -0.99995 -8.77432e-06
  4 -0.96374  2.06280e-06 |  5 -0.99990  1.99171e-05 |  6  0.06777 -4.87390e-05
  7  0.79135 -1.26195e-05 |  8  0.42614 -3.09132e-05 |  9  0.84059  1.82716e-05
Estimating row 1 out of 9 for hessian
Estimating row 2 out of 9 for hessian
Estimating row 3 out of 9 for hessian
Estimating row 4 out of 9 for hessian
Estimating row 5 out of 9 for hessian
Estimating row 6 out of 9 for hessian
Estimating row 7 out of 9 for hessian
Estimating row 8 out of 9 for hessian
Estimating row 9 out of 9 for hessian
size of file gradfil1.tmp = 0
size of file gradfil2.tmp = 0
size of file varssave.tmp = 0
size of file cmpdiff.tmp = 0
