
Initial statistics: 75 variables; iteration 0; function evaluation 0; phase 1
Function value 4.6482357e+06; maximum gradient component mag -7.4170e+06
Var    Value     Gradient |Var    Value     Gradient |Var    Value     Gradient
  1 -0.16349 -7.41701e+06 |  2 -0.00378 -3.87633e+04 |  3 -0.04551 -2.81999e+04
  4 -0.03481 -4.47051e+04 |  5  0.04870 -1.39241e+05 |  6 -0.00825 -1.31774e+05
  7  0.02771 -1.72737e+05 |  8  0.01535 -1.68073e+05 |  9 -0.00068 -1.57921e+05
 10  0.00664 -1.62990e+05 | 11 -0.04949 -1.18911e+05 | 12 -0.04232 -1.09083e+05
 13  0.02713 -1.64124e+05 | 14 -0.04679 -1.02837e+05 | 15 -0.02564 -1.07115e+05
 16  0.05044 -1.73789e+05 | 17  0.02556 -1.38973e+05 | 18  0.04237 -1.78746e+05
 19 -0.04266 -1.49437e+05 | 20  0.02794 -9.14999e+03 | 21  0.01825  6.03465e+04
 22 -0.05160  7.58348e+04 | 23 -0.04610  1.07730e+05 | 24 -0.04988  1.03936e+05
 25 -0.01445  1.21725e+05 | 26 -0.01732  1.10245e+05 | 27 -0.04678  8.25278e+04
 28 -0.02436  8.74535e+04 | 29  0.04025  1.25760e+05 | 30 -0.04277  6.27014e+04
 31  0.01893  9.07336e+04 | 32 -0.05139  4.53039e+04 | 33 -0.01283  2.80897e+04
 34 -0.00810 -4.32956e+04 | 35  0.01289 -3.18904e+04 | 36  0.00426 -2.31275e+04
 37 -0.05080 -5.31815e+04 | 38  0.04709 -7.45366e+04 | 39  0.02056 -5.23369e+04
 40  0.04374 -4.22231e+04 | 41  0.02259 -2.62052e+04 | 42  0.03764 -2.20814e+04
 43  0.04471 -1.65716e+04 | 44  0.01280 -2.45834e+04 | 45  0.00993 -4.03260e+04
 46 -0.04577 -4.80126e+04 | 47  0.03489 -4.66169e+04 | 48  0.03087 -3.01868e+04
 49 -0.04284 -6.02853e+04 | 50  0.02664 -1.30830e+05 | 51  0.02496 -8.29849e+04
 52  0.00676 -1.02772e+05 | 53  0.01892 -1.15010e+05 | 54 -0.01445 -8.53525e+04
 55 -0.01627 -6.40313e+04 | 56  0.01326 -6.79146e+04 | 57 -0.02108 -5.83150e+04
 58  0.01143 -6.61525e+04 | 59 -0.03162 -6.23286e+04 | 60  0.03368 -8.20266e+04
 61  0.02111 -6.58715e+04 | 62 -0.01930 -6.60914e+04 | 63 -0.00522 -8.16319e+04
 64  0.02690 -8.02122e+04 | 65 -0.03721 -5.67488e+04 | 66 -0.01902 -4.41657e+04
 67  0.00286 -2.23657e+04 | 68  0.03939  9.00465e+03 | 69  0.00982  2.24471e+04
 70 -0.01250  3.59885e+04 | 71  0.00559  2.87613e+04 | 72  0.00144 -1.76498e+05
 73 -0.02957 -5.94568e+04 | 74 -0.04033  1.82557e+02 | 75  0.01500  1.95908e+02

Intermediate statistics: 75 variables; iteration 20; function evaluation 43; phase 1
Function value -4.1960339e+01; maximum gradient component mag -1.9504e+01
Var    Value     Gradient |Var    Value     Gradient |Var    Value     Gradient
  1  0.15120 -1.95036e+01 |  2  0.00029 -1.02694e-01 |  3 -0.01553 -8.90998e-02
  4 -0.01555 -1.27667e-01 |  5 -0.01623 -3.32119e-01 |  6 -0.01610 -3.43141e-01
  7 -0.01625 -4.31611e-01 |  8 -0.01597 -4.26750e-01 |  9 -0.01561 -4.10572e-01
 10 -0.01534 -4.20838e-01 | 11 -0.01466 -3.40852e-01 | 12 -0.01414 -3.10335e-01
 13 -0.01405 -4.04342e-01 | 14 -0.01301 -2.91934e-01 | 15 -0.01245 -2.85165e-01
 16 -0.01201 -3.99060e-01 | 17 -0.01046 -3.29939e-01 | 18 -0.00952 -4.26391e-01
 19 -0.00785 -4.13135e-01 | 20 -0.00388 -4.02681e-02 | 21 -0.00014  9.88222e-02
 22  0.00416  1.72295e-01 | 23  0.00958  2.81328e-01 | 24  0.01553  3.48777e-01
 25  0.02109  3.01689e-01 | 26  0.02663  4.11889e-01 | 27  0.02614  1.77583e-01
 28  0.01794  2.53890e-01 | 29 -0.00362  3.23977e-01 | 30 -0.03266  1.78177e-01
 31 -0.05591  1.68845e-01 | 32 -0.06959 -1.39226e-01 | 33 -0.07572  2.19257e-01
 34 -0.07587  6.77570e-02 | 35 -0.04935 -2.73558e-01 | 36  0.19763  6.11704e-02
 37  0.04117 -1.30987e-01 | 38 -0.03285 -1.77942e-01 | 39 -0.02928 -9.94546e-02
 40 -0.02756 -5.46127e-02 | 41 -0.02677 -8.29673e-03 | 42 -0.02561  2.71972e-03
 43 -0.02543  6.22872e-03 | 44 -0.02686 -5.61725e-02 | 45 -0.02314 -1.14492e-01
 46 -0.01328 -1.96331e-01 | 47 -0.01320 -6.15889e-02 | 48 -0.02699  3.38747e-02
 49 -0.03618 -2.41607e-02 | 50 -0.04376 -2.57875e-01 | 51 -0.04378 -3.08532e-01
 52 -0.01777 -3.60170e-01 | 53  0.00450 -4.27275e-01 | 54  0.01251 -1.65387e-01
 55  0.00304 -1.23813e-01 | 56 -0.01144 -1.66397e-01 | 57 -0.02228 -1.41457e-01
 58 -0.02295 -2.46854e-01 | 59 -0.01576 -2.46408e-01 | 60 -0.02217 -3.21360e-01
 61 -0.03644 -2.34252e-01 | 62 -0.03796 -1.72049e-01 | 63 -0.03364 -1.72354e-01
 64 -0.03281 -1.46307e-01 | 65 -0.02910 -1.77008e-01 | 66 -0.02295 -1.81344e-01
 67 -0.03369 -1.18742e-01 | 68 -0.05793 -1.44902e-02 | 69 -0.06646  1.46806e-01
 70 -0.05540  1.45282e-01 | 71 -0.04008  8.64847e-02 | 72 -0.02267 -4.60949e-01
 73 -0.01887 -1.64488e-01 | 74 -0.01831 -1.25285e-02 | 75 -0.01833  1.26764e-02
75 variables; iteration 40; function evaluation 77; phase 1
Function value -4.1960956e+01; maximum gradient component mag -1.9479e+01
Var    Value     Gradient |Var    Value     Gradient |Var    Value     Gradient
  1  0.15121 -1.94792e+01 |  2  0.00029 -1.02356e-01 |  3 -0.01547 -7.33029e-02
  4 -0.01551 -1.16932e-01 |  5 -0.01637 -3.67099e-01 |  6 -0.01611 -3.45939e-01
  7 -0.01634 -4.53267e-01 |  8 -0.01603 -4.40671e-01 |  9 -0.01563 -4.14684e-01
 10 -0.01537 -4.27729e-01 | 11 -0.01457 -3.18033e-01 | 12 -0.01406 -2.91814e-01
 13 -0.01413 -4.22605e-01 | 14 -0.01295 -2.77152e-01 | 15 -0.01245 -2.84044e-01
 16 -0.01222 -4.45276e-01 | 17 -0.01062 -3.65675e-01 | 18 -0.00976 -4.80339e-01
 19 -0.00773 -3.83944e-01 | 20 -0.00377 -1.47822e-02 | 21  0.00023  1.75843e-01
 22  0.00428  1.95403e-01 | 23  0.00956  2.72872e-01 | 24  0.01518  2.80637e-01
 25  0.02121  3.19416e-01 | 26  0.02584  2.78616e-01 | 27  0.02638  2.11231e-01
 28  0.01780  2.25293e-01 | 29 -0.00358  3.32043e-01 | 30 -0.03277  1.51911e-01
 31 -0.05578  2.24859e-01 | 32 -0.06885  1.35715e-01 | 33 -0.07617  7.04959e-02
 34 -0.07639 -1.10433e-01 | 35 -0.04880 -9.01438e-02 | 36  0.19744 -4.87828e-02
 37  0.04123 -1.49509e-01 | 38 -0.03288 -1.89413e-01 | 39 -0.02932 -1.15583e-01
 40 -0.02770 -1.00693e-01 | 41 -0.02691 -6.15135e-02 | 42 -0.02581 -6.47571e-02
 43 -0.02561 -5.57542e-02 | 44 -0.02685 -6.67574e-02 | 45 -0.02306 -1.10166e-01
 46 -0.01287 -1.28117e-01 | 47 -0.01330 -1.33324e-01 | 48 -0.02722 -8.68513e-02
 49 -0.03646 -1.60345e-01 | 50 -0.04403 -3.58770e-01 | 51 -0.04352 -2.12933e-01
 52 -0.01757 -2.71288e-01 | 53  0.00491 -3.03897e-01 | 54  0.01217 -2.17447e-01
 55  0.00280 -1.82344e-01 | 56 -0.01144 -1.72394e-01 | 57 -0.02243 -1.59501e-01
 58 -0.02284 -1.74290e-01 | 59 -0.01566 -1.57139e-01 | 60 -0.02198 -2.09516e-01
 61 -0.03638 -1.76553e-01 | 62 -0.03807 -1.85094e-01 | 63 -0.03381 -2.18186e-01
 64 -0.03309 -2.22248e-01 | 65 -0.02903 -1.44194e-01 | 66 -0.02278 -1.11035e-01
 67 -0.03357 -5.72252e-02 | 68 -0.05792  4.29322e-03 | 69 -0.06674  5.24723e-02
 70 -0.05559  8.06639e-02 | 71 -0.04008  8.81272e-02 | 72 -0.02269 -4.66492e-01
 73 -0.01883 -1.56278e-01 | 74 -0.01826  1.83675e-03 | 75 -0.01840 -2.99354e-03
Maximum number of function evaluations exceeded

 - final statistics:
75 variables; iteration 56; function evaluation 100
Function value -4.1962e+01; maximum gradient component mag -1.9471e+01
Exit code = 3;  converg criter 1.0000e+01
Var    Value     Gradient |Var    Value     Gradient |Var    Value     Gradient
  1  0.15125 -1.94708e+01 |  2  0.00053 -4.40639e-02 |  3 -0.01514  7.57455e-03
  4 -0.01517 -3.36483e-02 |  5 -0.01638 -3.67872e-01 |  6 -0.01582 -2.74709e-01
  7 -0.01626 -4.34381e-01 |  8 -0.01591 -4.10971e-01 |  9 -0.01545 -3.71023e-01
 10 -0.01533 -4.16750e-01 | 11 -0.01425 -2.40029e-01 | 12 -0.01390 -2.52659e-01
 13 -0.01433 -4.70669e-01 | 14 -0.01296 -2.77585e-01 | 15 -0.01252 -2.99849e-01
 16 -0.01191 -3.73176e-01 | 17 -0.01039 -3.12660e-01 | 18 -0.00960 -4.46753e-01
 19 -0.00789 -4.22480e-01 | 20 -0.00396 -5.96167e-02 | 21  0.00060  2.53056e-01
 22  0.00385  1.03672e-01 | 23  0.00994  3.45409e-01 | 24  0.01489  2.24860e-01
 25  0.02063  2.14232e-01 | 26  0.02570  2.53987e-01 | 27  0.02632  2.01243e-01
 28  0.01845  3.42854e-01 | 29 -0.00371  3.06235e-01 | 30 -0.03292  1.12029e-01
 31 -0.05582  2.14837e-01 | 32 -0.06850  2.61007e-01 | 33 -0.07645 -3.17084e-02
 34 -0.07629 -7.91913e-02 | 35 -0.04894 -1.32483e-01 | 36  0.19752 -3.51408e-03
 37  0.04107 -1.80534e-01 | 38 -0.03336 -3.26182e-01 | 39 -0.02951 -1.72383e-01
 40 -0.02773 -1.09848e-01 | 41 -0.02692 -5.87085e-02 | 42 -0.02570 -2.56777e-02
 43 -0.02548 -5.89789e-03 | 44 -0.02688 -6.24590e-02 | 45 -0.02288 -5.36888e-02
 46 -0.01290 -1.33589e-01 | 47 -0.01377 -2.50783e-01 | 48 -0.02726 -1.04891e-01
 49 -0.03663 -2.06124e-01 | 50 -0.04372 -2.54953e-01 | 51 -0.04356 -2.19815e-01
 52 -0.01778 -3.28928e-01 | 53  0.00487 -3.31905e-01 | 54  0.01214 -2.48270e-01
 55  0.00250 -2.60533e-01 | 56 -0.01141 -1.66066e-01 | 57 -0.02229 -1.22665e-01
 58 -0.02273 -1.49961e-01 | 59 -0.01589 -2.27984e-01 | 60 -0.02213 -2.70583e-01
 61 -0.03653 -2.34385e-01 | 62 -0.03822 -2.36406e-01 | 63 -0.03365 -1.72299e-01
 64 -0.03312 -2.25742e-01 | 65 -0.02904 -1.46127e-01 | 66 -0.02288 -1.46501e-01
 67 -0.03375 -1.21127e-01 | 68 -0.05816 -7.80391e-02 | 69 -0.06684  2.71699e-02
 70 -0.05497  2.91268e-01 | 71 -0.03975  1.86897e-01 | 72 -0.02224 -3.51948e-01
 73 -0.01881 -1.49329e-01 | 74 -0.01830 -8.00862e-03 | 75 -0.01834  1.28740e-02

Initial statistics: 75 variables; iteration 0; function evaluation 0; phase 2
Function value -4.1961678e+01; maximum gradient component mag -1.9471e+01
Var    Value     Gradient |Var    Value     Gradient |Var    Value     Gradient
  1  0.15125 -1.94708e+01 |  2  0.00053 -4.40639e-02 |  3 -0.01514  7.57455e-03
  4 -0.01517 -3.36483e-02 |  5 -0.01638 -3.67872e-01 |  6 -0.01582 -2.74709e-01
  7 -0.01626 -4.34381e-01 |  8 -0.01591 -4.10971e-01 |  9 -0.01545 -3.71023e-01
 10 -0.01533 -4.16750e-01 | 11 -0.01425 -2.40029e-01 | 12 -0.01390 -2.52659e-01
 13 -0.01433 -4.70669e-01 | 14 -0.01296 -2.77585e-01 | 15 -0.01252 -2.99849e-01
 16 -0.01191 -3.73176e-01 | 17 -0.01039 -3.12660e-01 | 18 -0.00960 -4.46753e-01
 19 -0.00789 -4.22480e-01 | 20 -0.00396 -5.96167e-02 | 21  0.00060  2.53056e-01
 22  0.00385  1.03672e-01 | 23  0.00994  3.45409e-01 | 24  0.01489  2.24860e-01
 25  0.02063  2.14232e-01 | 26  0.02570  2.53987e-01 | 27  0.02632  2.01243e-01
 28  0.01845  3.42854e-01 | 29 -0.00371  3.06235e-01 | 30 -0.03292  1.12029e-01
 31 -0.05582  2.14837e-01 | 32 -0.06850  2.61007e-01 | 33 -0.07645 -3.17084e-02
 34 -0.07629 -7.91913e-02 | 35 -0.04894 -1.32483e-01 | 36  0.19752 -3.51408e-03
 37  0.04107 -1.80534e-01 | 38 -0.03336 -3.26182e-01 | 39 -0.02951 -1.72383e-01
 40 -0.02773 -1.09848e-01 | 41 -0.02692 -5.87085e-02 | 42 -0.02570 -2.56777e-02
 43 -0.02548 -5.89789e-03 | 44 -0.02688 -6.24590e-02 | 45 -0.02288 -5.36888e-02
 46 -0.01290 -1.33589e-01 | 47 -0.01377 -2.50783e-01 | 48 -0.02726 -1.04891e-01
 49 -0.03663 -2.06124e-01 | 50 -0.04372 -2.54953e-01 | 51 -0.04356 -2.19815e-01
 52 -0.01778 -3.28928e-01 | 53  0.00487 -3.31905e-01 | 54  0.01214 -2.48270e-01
 55  0.00250 -2.60533e-01 | 56 -0.01141 -1.66066e-01 | 57 -0.02229 -1.22665e-01
 58 -0.02273 -1.49961e-01 | 59 -0.01589 -2.27984e-01 | 60 -0.02213 -2.70583e-01
 61 -0.03653 -2.34385e-01 | 62 -0.03822 -2.36406e-01 | 63 -0.03365 -1.72299e-01
 64 -0.03312 -2.25742e-01 | 65 -0.02904 -1.46127e-01 | 66 -0.02288 -1.46501e-01
 67 -0.03375 -1.21127e-01 | 68 -0.05816 -7.80391e-02 | 69 -0.06684  2.71699e-02
 70 -0.05497  2.91268e-01 | 71 -0.03975  1.86897e-01 | 72 -0.02224 -3.51948e-01
 73 -0.01881 -1.49329e-01 | 74 -0.01830 -8.00862e-03 | 75 -0.01834  1.28740e-02

 - final statistics:
75 variables; iteration 11; function evaluation 17
Function value -4.2536e+01; maximum gradient component mag -8.2753e+00
Exit code = 1;  converg criter 1.0000e+01
Var    Value     Gradient |Var    Value     Gradient |Var    Value     Gradient
  1  0.19853 -8.27530e+00 |  2  0.00019 -8.15373e-02 |  3 -0.01560 -5.76040e-02
  4 -0.01557 -7.60178e-02 |  5 -0.01598 -2.04704e-01 |  6 -0.01571 -1.71209e-01
  7 -0.01580 -2.33356e-01 |  8 -0.01557 -2.27059e-01 |  9 -0.01529 -2.15255e-01
 10 -0.01513 -2.36458e-01 | 11 -0.01460 -1.74939e-01 | 12 -0.01433 -1.85302e-01
 13 -0.01430 -2.72580e-01 | 14 -0.01354 -2.06211e-01 | 15 -0.01314 -2.17424e-01
 16 -0.01238 -2.43860e-01 | 17 -0.01103 -2.16740e-01 | 18 -0.00980 -2.50729e-01
 19 -0.00802 -2.20825e-01 | 20 -0.00515 -9.68410e-02 | 21 -0.00177 -2.94738e-02
 22  0.00177 -9.27933e-02 | 23  0.00600 -1.89670e-01 | 24  0.01074 -3.07109e-01
 25  0.01560 -4.39536e-01 | 26  0.01954 -5.64027e-01 | 27  0.02266 -2.11822e-01
 28  0.01686  2.38211e-01 | 29 -0.00387  4.49321e-01 | 30 -0.03409 -9.99942e-02
 31 -0.05706 -2.28435e-01 | 32 -0.06925 -2.17915e-01 | 33 -0.07623 -3.51772e-01
 34 -0.07522 -3.34454e-01 | 35 -0.04673  1.56704e-01 | 36  0.20862  3.42100e+00
 37  0.03829 -1.19889e-01 | 38 -0.03061  1.21775e-01 | 39 -0.02759  6.80045e-02
 40 -0.02585 -1.94647e-03 | 41 -0.02512 -1.22804e-01 | 42 -0.02416 -2.96094e-01
 43 -0.02438 -5.06462e-01 | 44 -0.02608 -7.37261e-01 | 45 -0.02260 -9.16895e-01
 46 -0.01317 -1.04688e+00 | 47 -0.01354 -8.89241e-01 | 48 -0.02503 -1.59693e-01
 49 -0.03179  5.35781e-01 | 50 -0.03807  7.47404e-01 | 51 -0.03861  4.81682e-01
 52 -0.01378  3.84855e-03 | 53  0.00790 -3.57604e-01 | 54  0.01324 -6.33838e-01
 55  0.00331 -5.52514e-01 | 56 -0.00994 -1.65496e-01 | 57 -0.01980  2.01495e-01
 58 -0.01958  3.60047e-01 | 59 -0.01332  1.89578e-01 | 60 -0.02006 -9.84223e-02
 61 -0.03464 -3.88674e-01 | 62 -0.03656 -5.50265e-01 | 63 -0.03204 -3.69699e-01
 64 -0.03047  1.33250e-01 | 65 -0.02547  9.34504e-01 | 66 -0.01854  1.72993e+00
 67 -0.02869  2.09042e+00 | 68 -0.05209  2.01037e+00 | 69 -0.06101  1.61088e+00
 70 -0.05128  9.39097e-01 | 71 -0.03786  2.99753e-01 | 72 -0.01997  1.52674e-02
 73 -0.01718  7.99959e-02 | 74 -0.01703  1.30577e-01 | 75 -0.01711  1.35618e-01

Initial statistics: 92 variables; iteration 0; function evaluation 0; phase 3
Function value -4.2535519e+01; maximum gradient component mag -2.3336e+02
Var    Value     Gradient |Var    Value     Gradient |Var    Value     Gradient
  1  0.19853 -8.27530e+00 |  2  0.01091  2.57462e+00 |  3  0.00019 -8.15373e-02
  4 -0.01560 -5.76040e-02 |  5 -0.01557 -7.60178e-02 |  6 -0.01598 -2.04704e-01
  7 -0.01571 -1.71209e-01 |  8 -0.01580 -2.33356e-01 |  9 -0.01557 -2.27059e-01
 10 -0.01529 -2.15255e-01 | 11 -0.01513 -2.36458e-01 | 12 -0.01460 -1.74939e-01
 13 -0.01433 -1.85302e-01 | 14 -0.01430 -2.72580e-01 | 15 -0.01354 -2.06211e-01
 16 -0.01314 -2.17424e-01 | 17 -0.01238 -2.43860e-01 | 18 -0.01103 -2.16740e-01
 19 -0.00980 -2.50729e-01 | 20 -0.00802 -2.20825e-01 | 21 -0.00515 -9.68410e-02
 22 -0.00177 -2.94738e-02 | 23  0.00177 -9.27933e-02 | 24  0.00600 -1.89670e-01
 25  0.01074 -3.07109e-01 | 26  0.01560 -4.39536e-01 | 27  0.01954 -5.64027e-01
 28  0.02266 -2.11822e-01 | 29  0.01686  2.38211e-01 | 30 -0.00387  4.49321e-01
 31 -0.03409 -9.99942e-02 | 32 -0.05706 -2.28435e-01 | 33 -0.06925 -2.17915e-01
 34 -0.07623 -3.51772e-01 | 35 -0.07522 -3.34454e-01 | 36 -0.04673  1.56704e-01
 37  0.20862  3.42100e+00 | 38  0.03829 -1.19889e-01 | 39 -0.03061  1.21775e-01
 40 -0.02759  6.80045e-02 | 41 -0.02585 -1.94647e-03 | 42 -0.02512 -1.22804e-01
 43 -0.02416 -2.96094e-01 | 44 -0.02438 -5.06462e-01 | 45 -0.02608 -7.37261e-01
 46 -0.02260 -9.16895e-01 | 47 -0.01317 -1.04688e+00 | 48 -0.01354 -8.89241e-01
 49 -0.02503 -1.59693e-01 | 50 -0.03179  5.35781e-01 | 51 -0.03807  7.47404e-01
 52 -0.03861  4.81682e-01 | 53 -0.01378  3.84855e-03 | 54  0.00790 -3.57604e-01
 55  0.01324 -6.33838e-01 | 56  0.00331 -5.52514e-01 | 57 -0.00994 -1.65496e-01
 58 -0.01980  2.01495e-01 | 59 -0.01958  3.60047e-01 | 60 -0.01332  1.89578e-01
 61 -0.02006 -9.84223e-02 | 62 -0.03464 -3.88674e-01 | 63 -0.03656 -5.50265e-01
 64 -0.03204 -3.69699e-01 | 65 -0.03047  1.33250e-01 | 66 -0.02547  9.34504e-01
 67 -0.01854  1.72993e+00 | 68 -0.02869  2.09042e+00 | 69 -0.05209  2.01037e+00
 70 -0.06101  1.61088e+00 | 71 -0.05128  9.39097e-01 | 72 -0.03786  2.99753e-01
 73 -0.01997  1.52674e-02 | 74 -0.01718  7.99959e-02 | 75 -0.01703  1.30577e-01
 76 -0.01711  1.35618e-01 | 77 -0.24212  2.19967e+02 | 78 -0.32091  2.66898e-01
 79  0.00215 -2.33355e+02 | 80  0.89612  5.19467e+00 | 81 -0.15611 -3.11558e+00
 82 -0.47097 -2.22178e-03 | 83  0.10797  8.86547e+00 | 84  0.89612  1.02663e-02
 85 -0.13768 -4.99504e+01 | 86 -0.23865 -9.43981e-01 | 87  0.05191  4.17084e+01
 88  0.44893 -9.24735e+00 | 89 -0.81294 -1.03855e-02 | 90  0.02439  1.20878e-04
 91  0.02904  1.43402e-04 | 92  0.30385  1.62479e-03 |

Intermediate statistics: 92 variables; iteration 20; function evaluation 27; phase 3
Function value -6.9028037e+01; maximum gradient component mag -8.8780e+01
Var    Value     Gradient |Var    Value     Gradient |Var    Value     Gradient
  1  0.94932 -3.74066e-04 |  2 -0.00883 -2.26579e+00 |  3  0.00107  1.57195e-01
  4 -0.01493  1.34717e-01 |  5 -0.01475  1.61556e-01 |  6 -0.01415  2.87684e-01
  7 -0.01417  2.60627e-01 |  8 -0.01383  3.16823e-01 |  9 -0.01372  3.11865e-01
 10 -0.01360  3.06271e-01 | 11 -0.01333  3.33012e-01 | 12 -0.01337  2.79899e-01
 13 -0.01306  2.95310e-01 | 14 -0.01241  3.79121e-01 | 15 -0.01225  3.24325e-01
 16 -0.01180  3.41906e-01 | 17 -0.01091  3.59787e-01 | 18 -0.00984  3.10639e-01
 19 -0.00842  2.98104e-01 | 20 -0.00708  1.88482e-01 | 21 -0.00595 -7.02775e-02
 22 -0.00423 -3.08011e-01 | 23 -0.00178 -4.40004e-01 | 24  0.00045 -5.96776e-01
 25  0.00185 -7.30383e-01 | 26  0.00363 -3.83485e-01 | 27  0.00743  9.29799e-01
 28  0.00456  1.26289e+00 | 29 -0.00750 -5.25333e-01 | 30 -0.01477 -1.69354e+00
 31 -0.01228 -9.70823e-01 | 32 -0.00979 -4.35444e-01 | 33 -0.01488 -9.33413e-01
 34 -0.03960 -3.65087e+00 | 35 -0.04767 -2.88621e+00 | 36  0.04645  1.04229e+01
 37  0.11018  1.24903e+00 | 38 -0.07595 -2.71173e+00 | 39 -0.05798 -8.68036e-01
 40 -0.04073  3.07860e-01 | 41 -0.03673  1.11564e-01 | 42 -0.03528 -6.53658e-01
 43 -0.03605 -1.97810e+00 | 44 -0.03990 -3.49456e+00 | 45 -0.04407 -5.13392e+00
 46 -0.04786 -8.22393e+00 | 47 -0.02748 -9.75753e+00 | 48  0.01508 -1.35950e+01
 49  0.00919 -1.70689e+01 | 50 -0.01776 -1.29421e+01 | 51 -0.03928 -8.41118e+00
 52 -0.05008 -6.38955e+00 | 53 -0.04948 -5.51292e+00 | 54  0.00047 -5.01951e-01
 55  0.00740  2.81055e+00 | 56  0.02131  5.29999e+00 | 57  0.00939  5.52999e+00
 58 -0.00540  6.64540e+00 | 59 -0.01799  6.32828e+00 | 60 -0.02324  4.12699e+00
 61  0.00252  4.68703e+00 | 62 -0.02187  7.69157e-01 | 63 -0.04629 -1.05512e+00
 64 -0.02877  2.18014e+00 | 65 -0.01232  7.44246e+00 | 66 -0.01385  1.04976e+01
 67 -0.01640  7.93398e+00 | 68  0.00149  9.45443e+00 | 69 -0.02056  9.66864e+00
 70 -0.07329  4.08569e+00 | 71 -0.08143  1.96982e+00 | 72 -0.06419 -2.13598e+00
 73 -0.01685  6.84834e-01 | 74 -0.01759 -2.19734e-01 | 75 -0.01778 -2.64952e-01
 76 -0.01789 -2.84171e-01 | 77 -0.49617 -8.87801e+01 | 78 -0.34479  1.02434e-02
 79 -0.16504  4.02929e+01 | 80  0.76197 -3.20856e+00 | 81 -0.35096 -3.40539e+00
 82 -0.47076 -2.14822e-04 | 83 -0.08064  5.51774e+00 | 84  0.95158  1.15923e-01
 85  0.20671  1.10376e+01 | 86 -0.31122  1.23264e-01 | 87  0.13094 -4.04133e+01
 88  0.37762  7.79603e-01 | 89 -0.81123 -1.02819e-02 | 90  0.02437  1.20323e-04
 91  0.02901  1.43276e-04 | 92  0.30358  1.62308e-03 |
92 variables; iteration 40; function evaluation 51; phase 3
Function value -7.1535129e+01; maximum gradient component mag -2.9668e+01
Var    Value     Gradient |Var    Value     Gradient |Var    Value     Gradient
  1  1.02901  1.82353e-04 |  2 -0.00055 -2.09479e-01 |  3  0.00023 -3.46835e-02
  4 -0.01568 -3.77089e-02 |  5 -0.01563 -4.62610e-02 |  6 -0.01557 -5.30053e-02
  7 -0.01556 -7.80718e-02 |  8 -0.01555 -1.06432e-01 |  9 -0.01557 -1.46294e-01
 10 -0.01560 -1.90787e-01 | 11 -0.01559 -2.30039e-01 | 12 -0.01555 -2.62685e-01
 13 -0.01537 -2.72464e-01 | 14 -0.01497 -2.44938e-01 | 15 -0.01444 -2.04090e-01
 16 -0.01376 -1.20353e-01 | 17 -0.01249  7.12865e-03 | 18 -0.01065  1.62079e-01
 19 -0.00872  2.93496e-01 | 20 -0.00693  3.13227e-01 | 21 -0.00553  1.40396e-01
 22 -0.00400 -1.11663e-01 | 23 -0.00148 -2.06233e-01 | 24  0.00212 -7.87578e-02
 25  0.00449 -7.53367e-02 | 26  0.00571  1.32695e-02 | 27  0.00667  4.73572e-01
 28  0.00383  4.23441e-01 | 29  0.00398  9.52960e-01 | 30 -0.00489 -6.40047e-01
 31 -0.01155 -1.72599e+00 | 32 -0.01594 -1.98000e+00 | 33 -0.02291 -1.69260e+00
 34 -0.03833 -1.18409e+00 | 35 -0.04038  5.20672e-01 | 36  0.00391 -1.74227e-01
 37  0.11453  4.32256e+00 | 38 -0.04700  1.85508e+00 | 39 -0.04515  5.07369e-01
 40 -0.04312 -1.11238e-01 | 41 -0.04201 -6.24998e-01 | 42 -0.03958 -6.10854e-01
 43 -0.03675 -3.82623e-01 | 44 -0.03731 -3.53147e-01 | 45 -0.03833 -3.32220e-01
 46 -0.03094  6.43545e-01 | 47 -0.02184 -1.75260e+00 | 48  0.00846 -6.40624e-01
 49  0.01881  2.73265e+00 | 50 -0.01989  1.83380e+00 | 51 -0.03580  2.51714e+00
 52 -0.05012  6.31832e-01 | 53 -0.03843  3.16126e-01 | 54 -0.00059 -1.41650e-01
 55  0.00255 -1.42310e+00 | 56  0.01893 -1.72861e+00 | 57  0.00641 -2.35058e+00
 58 -0.01453 -2.93206e+00 | 59 -0.02689 -2.71093e+00 | 60 -0.01871 -1.17922e+00
 61 -0.00217 -1.77629e+00 | 62 -0.02391 -1.46049e+00 | 63 -0.03880 -1.90729e-01
 64 -0.02654  4.84969e-01 | 65 -0.01877  2.15560e+00 | 66 -0.02076  2.47608e+00
 67 -0.01355  4.61546e-01 | 68 -0.00059 -8.68197e-01 | 69 -0.04035 -1.58495e+00
 70 -0.07729  2.25760e-01 | 71 -0.07664  1.49586e+00 | 72 -0.05247 -3.12078e-01
 73 -0.01788  5.82993e-02 | 74 -0.01631  1.19687e-01 | 75 -0.01635  1.13415e-01
 76 -0.01640  1.15880e-01 | 77 -0.45775 -2.96676e+01 | 78 -0.60207 -3.75860e-03
 79 -0.13824  2.30163e+01 | 80  0.75705 -7.92942e-01 | 81 -0.33814 -2.04328e+00
 82 -0.46855 -1.07233e-03 | 83 -0.08838  2.24329e+00 | 84  0.89288 -6.35469e-01
 85  0.21790  1.84615e+00 | 86 -0.40107  1.27638e-02 | 87  0.15645 -4.17525e+00
 88  0.33972  4.57107e-01 | 89 -0.78696 -9.03419e-03 | 90  0.02408  1.18873e-04
 91  0.02866  1.41549e-04 | 92  0.29963  1.59846e-03 |
92 variables; iteration 60; function evaluation 85; phase 3
Function value -7.2037483e+01; maximum gradient component mag -6.4274e+00
Var    Value     Gradient |Var    Value     Gradient |Var    Value     Gradient
  1  0.77147 -2.28300e-03 |  2  0.01128  2.72015e+00 |  3 -0.00239 -6.64224e-01
  4 -0.01743 -4.58667e-01 |  5 -0.01705 -3.91178e-01 |  6 -0.01744 -5.14505e-01
  7 -0.01728 -5.07721e-01 |  8 -0.01790 -6.95424e-01 |  9 -0.01840 -8.58643e-01
 10 -0.01907 -1.06106e+00 | 11 -0.01985 -1.28402e+00 | 12 -0.01974 -1.29297e+00
 13 -0.01954 -1.28753e+00 | 14 -0.01879 -1.16548e+00 | 15 -0.01673 -7.45777e-01
 16 -0.01418 -2.03904e-01 | 17 -0.01022  5.76629e-01 | 18 -0.00536  1.44895e+00
 19 -0.00311  1.64405e+00 | 20 -0.00522  7.47565e-01 | 21 -0.00750 -2.68885e-01
 22 -0.00430 -1.42022e-01 | 23 -0.00214 -3.11593e-01 | 24  0.00171 -1.16488e-01
 25  0.00917  9.50055e-01 | 26  0.00528  1.49498e-02 | 27 -0.00472 -1.79842e+00
 28  0.00102 -1.02768e-01 | 29 -0.00461 -8.83773e-01 | 30 -0.00492 -6.25890e-01
 31 -0.00765 -7.04576e-01 | 32 -0.01294 -9.30663e-01 | 33 -0.01147  1.63066e+00
 34 -0.03828 -8.16466e-01 | 35 -0.04658 -8.64198e-01 | 36  0.00791  5.21661e-01
 37  0.09312 -1.50887e+00 | 38 -0.04911 -1.47440e+00 | 39 -0.04209  2.35086e-01
 40 -0.04331 -1.81447e-01 | 41 -0.04113 -3.80787e-01 | 42 -0.03590  5.16437e-01
 43 -0.03832 -7.05396e-01 | 44 -0.03718 -1.48472e-01 | 45 -0.03469  9.58974e-01
 46 -0.04171 -2.20945e+00 | 47 -0.01635 -1.28735e+00 | 48  0.01143 -2.77356e+00
 49  0.01837 -1.69131e+00 | 50 -0.01486 -3.73880e-01 | 51 -0.03425 -6.02963e-01
 52 -0.05847 -3.86814e+00 | 53 -0.03692 -6.69641e-01 | 54  0.00542  1.16787e+00
 55  0.00149 -1.76960e-01 | 56  0.01811  7.68615e-01 | 57  0.01009  2.05717e+00
 58 -0.00413  3.30404e+00 | 59 -0.02636  1.16373e+00 | 60 -0.02244  1.25060e+00
 61  0.00306  1.90799e+00 | 62 -0.01812  1.59917e+00 | 63 -0.04206 -8.54912e-01
 64 -0.02035  5.05419e-01 | 65 -0.01901 -5.89943e-02 | 66 -0.02321  9.77963e-01
 67 -0.01927 -6.53998e-02 | 68  0.00928  2.37116e+00 | 69 -0.03456  6.89829e-01
 70 -0.07701  8.98887e-01 | 71 -0.07973  5.59635e-01 | 72 -0.05154 -1.30896e-01
 73 -0.02676 -2.29581e+00 | 74 -0.01509  3.99970e-01 | 75 -0.01493  4.41390e-01
 76 -0.01486  4.71314e-01 | 77 -0.46346  3.42857e+00 | 78 -0.63532 -4.37828e-03
 79 -0.17205  2.39031e+00 | 80  0.73144  8.92643e-01 | 81 -0.35368  9.89658e-01
 82 -0.46942  7.23065e-04 | 83 -0.11027 -1.55550e-01 | 84  0.95734  2.21158e-01
 85  0.24948 -6.42742e+00 | 86 -0.37258 -2.09211e-03 | 87  0.16715 -1.86833e-01
 88  0.28679 -1.64861e-03 | 89 -0.65057 -5.13696e-03 | 90  0.02206  1.08911e-04
 91  0.02626  1.29681e-04 | 92  0.27264  1.43421e-03 |
92 variables; iteration 80; function evaluation 135; phase 3
Function value -7.7014586e+01; maximum gradient component mag 7.9453e+00
Var    Value     Gradient |Var    Value     Gradient |Var    Value     Gradient
  1  0.44420 -7.01672e-02 |  2  0.00275  6.01897e-01 |  3  0.00080  1.07853e-01
  4 -0.01541  3.18839e-02 |  5 -0.01555 -2.18157e-02 |  6 -0.01568 -7.38915e-02
  7 -0.01561 -8.21093e-02 |  8 -0.01553 -9.11545e-02 |  9 -0.01534 -7.78017e-02
 10 -0.01514 -6.62678e-02 | 11 -0.01500 -7.22914e-02 | 12 -0.01480 -6.56555e-02
 13 -0.01460 -7.04740e-02 | 14 -0.01440 -9.03610e-02 | 15 -0.01378 -2.58736e-02
 16 -0.01315  5.03667e-02 | 17 -0.01210  1.38916e-01 | 18 -0.01162 -9.53978e-03
 19 -0.01041 -2.70144e-02 | 20 -0.00750  2.89037e-01 | 21 -0.00864 -4.02537e-01
 22 -0.00496 -7.59664e-02 | 23 -0.00343 -2.64213e-01 | 24  0.00248  5.19060e-01
 25  0.00067 -2.50123e-01 | 26  0.00283  2.27792e-03 | 27  0.00275 -6.18735e-02
 28  0.00394  2.08642e-01 | 29  0.00290  2.95578e-02 | 30  0.00211  1.27435e-01
 31 -0.00149  1.15027e-01 | 32 -0.00832 -6.88048e-02 | 33 -0.02025 -4.18503e-01
 34 -0.03709 -4.41511e-02 | 35 -0.04603 -4.44594e-01 | 36  0.00720 -1.32733e-02
 37  0.08586  2.00182e-01 | 38 -0.04982 -4.21936e-01 | 39 -0.04378 -1.75515e-01
 40 -0.04288 -2.92066e-02 | 41 -0.04030 -2.87418e-01 | 42 -0.03579  2.12341e-01
 43 -0.03357  1.28703e-01 | 44 -0.03434  9.36522e-02 | 45 -0.03742 -2.43825e-01
 46 -0.03466 -1.53429e-01 | 47 -0.01623 -4.57198e-01 | 48  0.01414 -7.50167e-01
 49  0.01661 -5.12495e-01 | 50 -0.01895 -3.71688e-01 | 51 -0.03535 -3.10190e-01
 52 -0.05017 -5.33645e-01 | 53 -0.03693  1.41870e-02 | 54 -0.00228 -3.45559e-01
 55  0.00285  6.85548e-02 | 56  0.02015  4.30034e-01 | 57  0.00917  3.80610e-01
 58 -0.00908  2.29290e-01 | 59 -0.02259  9.42625e-01 | 60 -0.02458 -4.43895e-02
 61  0.00341  7.13306e-01 | 62 -0.02151 -2.79059e-03 | 63 -0.03924  6.89306e-02
 64 -0.02343 -1.59075e-01 | 65 -0.01890 -1.54824e-01 | 66 -0.02490  3.18485e-01
 67 -0.01788 -1.48698e-02 | 68  0.00659  4.05621e-01 | 69 -0.03133  2.13196e-01
 70 -0.07868  7.60369e-02 | 71 -0.08200  3.97977e-02 | 72 -0.05217 -9.76799e-02
 73 -0.01763 -3.18357e-02 | 74 -0.01714 -9.33168e-02 | 75 -0.01715 -9.24304e-02
 76 -0.01720 -9.40367e-02 | 77 -0.50339  7.94530e+00 | 78 -0.45487  3.35483e-04
 79 -0.25841 -2.38288e+00 | 80  0.75370  7.54352e-02 | 81 -0.35574  1.98251e-01
 82 -0.47489  2.94744e-04 | 83 -0.11254  6.06444e-02 | 84  1.08293 -2.37052e-01
 85  0.34036 -4.05430e+00 | 86 -0.36455 -1.40159e-03 | 87  0.19662  1.40702e+00
 88  0.16662 -2.02611e-03 | 89 -0.38324 -2.11845e-03 | 90  0.01767  9.44231e-05
 91  0.02119  9.13293e-05 | 92  0.21511  1.10396e-03 |
92 variables; iteration 100; function evaluation 178; phase 3
Function value -8.1236203e+01; maximum gradient component mag -8.9088e+00
Var    Value     Gradient |Var    Value     Gradient |Var    Value     Gradient
  1  0.36398 -1.34229e-01 |  2  0.00341  7.67103e-01 |  3 -0.00298 -8.22702e-01
  4 -0.01276  6.79428e-01 |  5 -0.01010  1.31290e+00 |  6 -0.01052  1.18747e+00
  7 -0.01144  9.35180e-01 |  8 -0.01390  2.99126e-01 |  9 -0.01793 -7.19954e-01
 10 -0.02123 -1.56170e+00 | 11 -0.01733 -6.45796e-01 | 12 -0.01055  9.63572e-01
 13 -0.01264  3.97542e-01 | 14 -0.02294 -2.17236e+00 | 15 -0.00823  1.30372e+00
 16 -0.01281  1.35759e-01 | 17 -0.01286 -1.37313e-02 | 18 -0.00676  1.19418e+00
 19 -0.01005  1.22051e-01 | 20 -0.00546  8.49165e-01 | 21 -0.00504  5.45610e-01
 22 -0.00717 -4.14829e-01 | 23 -0.00451 -3.13335e-01 | 24  0.00128  4.70711e-01
 25  0.00088 -5.16891e-02 | 26  0.00276  1.26383e-02 | 27  0.00157 -4.67099e-01
 28  0.00214 -4.61519e-01 | 29 -0.00261 -1.46939e+00 | 30 -0.00108 -8.36617e-01
 31 -0.00076  1.17661e-01 | 32 -0.00211  1.42344e+00 | 33 -0.01860  3.42092e-01
 34 -0.03493  1.27743e+00 | 35 -0.04674  2.45987e-01 | 36  0.00342 -3.80690e-01
 37  0.07461 -1.36801e+00 | 38 -0.05202  1.28086e-01 | 39 -0.04471 -1.28916e-01
 40 -0.04510 -9.45228e-01 | 41 -0.03994 -7.82749e-01 | 42 -0.03412 -2.34494e-01
 43 -0.03421 -1.21692e+00 | 44 -0.03323 -9.64233e-01 | 45 -0.03351 -5.89655e-01
 46 -0.03258 -8.68098e-01 | 47 -0.01377 -8.44144e-01 | 48  0.00934 -2.27656e+00
 49  0.01276 -1.72551e+00 | 50 -0.02193 -1.55993e+00 | 51 -0.03375 -6.84787e-01
 52 -0.04807 -7.82165e-01 | 53 -0.03511 -2.02593e-01 | 54 -0.00281 -1.27279e+00
 55 -0.00285 -1.49181e+00 | 56  0.01565 -1.30821e+00 | 57  0.00865 -6.31826e-01
 58 -0.00681  5.73462e-01 | 59 -0.01973  2.35350e+00 | 60 -0.01965  2.34600e+00
 61  0.00804  2.71312e+00 | 62 -0.02118  6.10947e-01 | 63 -0.04151 -4.67465e-01
 64 -0.02877 -1.60287e+00 | 65 -0.02967 -2.38878e+00 | 66 -0.03080 -6.06737e-01
 67 -0.01712  6.81617e-01 | 68  0.01876  3.72067e+00 | 69 -0.03018  2.28527e+00
 70 -0.08272  5.55720e-01 | 71 -0.08491  2.95315e-01 | 72 -0.05304 -8.34083e-02
 73 -0.01404  8.75260e-01 | 74 -0.01100  1.44047e+00 | 75 -0.01173  1.26063e+00
 76 -0.01126  1.38247e+00 | 77 -0.53764 -8.90875e+00 | 78 -0.41749 -5.07368e-03
 79 -0.37844  1.55192e+00 | 80  0.77354  1.28788e-01 | 81 -0.34119  4.47149e+00
 82 -0.49546  6.69417e-05 | 83 -0.10586 -1.38478e+00 | 84  1.23229  8.98076e-03
 85  0.47237 -3.06620e+00 | 86 -0.59824 -4.36622e-03 | 87  0.21511 -5.62461e+00
 88  0.03544 -3.45346e-03 | 89  0.26907  1.62826e-03 | 90 -0.00078 -3.87630e-06
 91  0.00778 -2.72570e-04 | 92 -0.00974 -4.80672e-05 |
92 variables; iteration 120; function evaluation 213; phase 3
Function value -8.1546595e+01; maximum gradient component mag 2.7837e+00
Var    Value     Gradient |Var    Value     Gradient |Var    Value     Gradient
  1  0.60402 -7.04225e-03 |  2 -0.00070 -2.45632e-01 |  3  0.00052  4.09541e-02
  4 -0.01538  4.05463e-02 |  5 -0.01576 -7.05482e-02 |  6 -0.01551 -2.71005e-02
  7 -0.01550 -4.95929e-02 |  8 -0.01583 -1.58019e-01 |  9 -0.01483  5.39254e-02
 10 -0.01451  9.45365e-02 | 11 -0.01490 -4.08175e-02 | 12 -0.01444  2.64868e-02
 13 -0.01441 -2.07651e-02 | 14 -0.01427 -5.47588e-02 | 15 -0.01398 -7.31210e-02
 16 -0.01361 -4.38658e-02 | 17 -0.01299 -3.74175e-02 | 18 -0.01280 -2.36071e-01
 19 -0.01092 -8.07434e-02 | 20 -0.00962 -1.14760e-01 | 21 -0.00758 -3.56193e-02
 22 -0.00479  1.19621e-01 | 23 -0.00274  6.70980e-02 | 24 -0.00086 -2.29027e-02
 25  0.00137 -1.22291e-02 | 26  0.00276 -9.62973e-02 | 27  0.00474  3.81625e-02
 28  0.00508 -3.32130e-02 | 29  0.00519 -1.80996e-02 | 30  0.00257 -1.67288e-01
 31 -0.00239 -1.95531e-01 | 32 -0.01019 -1.69361e-01 | 33 -0.02238 -8.11651e-02
 34 -0.04119  1.88809e-02 | 35 -0.04731  3.77182e-01 | 36  0.00721  6.20004e-01
 37  0.08194 -4.93583e-02 | 38 -0.05279 -3.21538e-01 | 39 -0.04398  3.76331e-02
 40 -0.04202  4.37598e-02 | 41 -0.03756  4.60532e-02 | 42 -0.03470 -1.10422e-01
 43 -0.03143 -1.26435e-02 | 44 -0.03239 -1.38411e-01 | 45 -0.03458 -1.70235e-01
 46 -0.03312 -2.13135e-01 | 47 -0.01509 -1.27476e-01 | 48  0.01527  2.65256e-01
 49  0.01620  5.29781e-01 | 50 -0.01895  4.10355e-01 | 51 -0.03514  2.55186e-01
 52 -0.04889  1.07120e-02 | 53 -0.03836 -2.37728e-01 | 54 -0.00073 -3.71712e-02
 55  0.00299  6.79798e-02 | 56  0.01985  2.68500e-01 | 57  0.01015  1.81694e-01
 58 -0.00676 -3.69728e-02 | 59 -0.02446 -6.78788e-01 | 60 -0.02370 -9.02248e-01
 61  0.00285 -5.72189e-01 | 62 -0.02078 -5.22748e-01 | 63 -0.03977  5.81455e-02
 64 -0.02375  6.93488e-01 | 65 -0.01767  1.18786e+00 | 66 -0.02509  7.05070e-01
 67 -0.01641  9.62163e-02 | 68  0.00543 -7.20400e-01 | 69 -0.02970 -2.97444e-01
 70 -0.07794 -6.51134e-02 | 71 -0.08239 -2.59673e-02 | 72 -0.05253 -1.45946e-02
 73 -0.01765 -2.75963e-02 | 74 -0.01589  2.06311e-01 | 75 -0.01391  6.98957e-01
 76 -0.02106 -1.05113e+00 | 77 -0.54294 -5.62251e-01 | 78 -0.21418  1.85547e-01
 79 -0.40917  1.87083e-01 | 80  0.78056  8.41501e-01 | 81 -0.35779 -1.57405e+00
 82 -0.48507 -7.12146e-04 | 83 -0.11346  6.53108e-01 | 84  1.11460  1.38684e-01
 85  0.52517 -2.45548e+00 | 86 -0.71813 -6.62531e-03 | 87  0.23341  2.78367e+00
 88 -0.01145 -5.64958e-05 | 89  0.44631  2.64542e-03 | 90 -0.00696 -3.43671e-05
 91  0.00462  2.71039e-05 | 92 -0.08465 -4.20245e-04 |
92 variables; iteration 140; function evaluation 267; phase 3
Function value -8.8557491e+01; maximum gradient component mag -9.8690e-01
Var    Value     Gradient |Var    Value     Gradient |Var    Value     Gradient
  1  0.54979 -8.73713e-03 |  2  0.00028 -1.26102e-02 |  3  0.00041  4.73857e-03
  4 -0.01548  8.29486e-03 |  5 -0.01548 -9.83166e-03 |  6 -0.01536 -4.01513e-03
  7 -0.01522  4.61268e-03 |  8 -0.01509  5.43645e-03 |  9 -0.01495  3.87040e-03
 10 -0.01483 -7.10184e-03 | 11 -0.01464 -1.94405e-03 | 12 -0.01442  1.23239e-03
 13 -0.01420 -5.79597e-03 | 14 -0.01395 -2.00734e-02 | 15 -0.01349 -4.01104e-03
 16 -0.01328 -5.60725e-03 | 17 -0.01280  1.44255e-03 | 18 -0.01163  1.08972e-02
 19 -0.01010  3.24197e-03 | 20 -0.00840 -1.49909e-02 | 21 -0.00625 -3.59845e-03
 22 -0.00366 -2.21868e-02 | 23 -0.00070 -8.41466e-03 | 24  0.00176 -4.02995e-02
 25  0.00426  1.03923e-02 | 26  0.00527  1.05552e-03 | 27  0.00519  2.53296e-04
 28  0.00379  7.51750e-04 | 29  0.00216  5.44706e-03 | 30 -0.00122  1.47446e-02
 31 -0.00684  6.82173e-04 | 32 -0.01487 -3.10320e-02 | 33 -0.02690 -2.68146e-02
 34 -0.04542 -7.05126e-02 | 35 -0.05192 -7.54906e-02 | 36  0.00137 -4.24726e-02
 37  0.07743  2.29703e-01 | 38 -0.05298  1.09227e-01 | 39 -0.04318  6.82098e-03
 40 -0.03998  1.68159e-03 | 41 -0.03471  8.38629e-04 | 42 -0.03092  6.13338e-03
 43 -0.02797  2.07206e-02 | 44 -0.02892  1.58510e-02 | 45 -0.03160  3.16067e-02
 46 -0.03064  3.98111e-02 | 47 -0.01329  8.23003e-02 | 48  0.01482  1.27983e-01
 49  0.01459  1.51326e-01 | 50 -0.01936  8.55230e-02 | 51 -0.03489  2.10379e-02
 52 -0.04843  1.36747e-02 | 53 -0.03740  1.03830e-02 | 54 -0.00052  9.89333e-02
 55  0.00287  1.07471e-01 | 56  0.01958  6.85537e-02 | 57  0.01001 -2.49685e-02
 58 -0.00709 -1.07099e-01 | 59 -0.02336 -1.45167e-01 | 60 -0.02207 -1.40824e-01
 61  0.00280 -1.89116e-01 | 62 -0.01989 -5.46591e-02 | 63 -0.03950  4.34789e-02
 64 -0.02419  1.17380e-01 | 65 -0.01948  1.44831e-01 | 66 -0.02556  9.77654e-02
 67 -0.01582 -3.48533e-02 | 68  0.00778 -2.35463e-01 | 69 -0.03038 -1.75231e-01
 70 -0.07852 -4.25269e-02 | 71 -0.08229  1.35532e-02 | 72 -0.05195  2.13118e-02
 73 -0.01741  1.66208e-02 | 74 -0.01673 -1.11954e-03 | 75 -0.01668  1.50560e-02
 76 -0.01671  1.80773e-02 | 77 -0.56319 -9.86900e-01 | 78 -0.17264 -1.88047e-01
 79 -0.64902  2.35630e-02 | 80  0.77756 -1.03766e-01 | 81 -0.35343 -2.01565e-01
 82 -0.48112 -2.11718e-04 | 83 -0.11185  6.83855e-02 | 84  0.86809 -1.93471e-02
 85  0.93374 -3.96947e-01 | 86 -1.69479  1.38176e-02 | 87  0.26188 -1.81356e-01
 88 -0.35061 -1.92935e-03 | 89  0.58727  4.13823e-03 | 90 -0.04695 -2.32107e-04
 91 -0.02626 -1.22197e-04 | 92 -0.54443 -3.61381e-03 |
  ic > imax  in fminim is answer attained ?
Var    Value     Gradient |Var    Value     Gradient |Var    Value     Gradient
  1  0.83244 -1.57545e-03 |  2  0.00007  7.35498e-03 |  3  0.00039 -5.09860e-04
  4 -0.01535 -6.66535e-03 |  5 -0.01567  9.74076e-03 |  6 -0.01534 -6.11635e-04
  7 -0.01518 -3.35671e-03 |  8 -0.01507 -2.50333e-03 |  9 -0.01488 -2.98901e-03
 10 -0.01474 -9.39622e-04 | 11 -0.01452 -3.62804e-03 | 12 -0.01440 -1.27116e-03
 13 -0.01420  1.20451e-03 | 14 -0.01378 -2.04982e-03 | 15 -0.01357  3.25357e-03
 16 -0.01331  1.42579e-03 | 17 -0.01289  2.17998e-03 | 18 -0.01168 -1.33414e-03
 19 -0.01015 -3.50244e-04 | 20 -0.00857  4.87456e-03 | 21 -0.00630 -3.60677e-04
 22 -0.00380  4.55855e-03 | 23 -0.00072 -6.30854e-04 | 24  0.00141  1.19938e-02
 25  0.00419 -7.82485e-05 | 26  0.00500  5.80131e-03 | 27  0.00514 -4.20057e-03
 28  0.00362 -3.61741e-03 | 29  0.00201 -2.34248e-03 | 30 -0.00107 -1.28940e-02
 31 -0.00651 -1.72471e-02 | 32 -0.01449 -1.04836e-02 | 33 -0.02638 -1.17837e-02
 34 -0.04504 -1.27214e-02 | 35 -0.05173 -1.10979e-02 | 36  0.00051  2.44355e-02
 37  0.07614  6.87856e-02 | 38 -0.05261 -7.75347e-03 | 39 -0.04318  4.29505e-03
 40 -0.03993 -1.24085e-03 | 41 -0.03454 -5.51766e-03 | 42 -0.03071 -8.75522e-03
 43 -0.02764 -1.76235e-02 | 44 -0.02879 -1.43577e-02 | 45 -0.03143 -2.35406e-02
 46 -0.03043 -2.75547e-02 | 47 -0.01327 -2.43633e-02 | 48  0.01489 -2.92677e-02
 49  0.01464 -1.24603e-02 | 50 -0.01934 -1.07006e-02 | 51 -0.03466 -6.06103e-03
 52 -0.04806 -2.08666e-02 | 53 -0.03723 -8.30418e-03 | 54 -0.00054 -5.51925e-03
 55  0.00269  1.28706e-02 | 56  0.01953  2.23978e-02 | 57  0.01012  1.86423e-02
 58 -0.00710  1.26000e-02 | 59 -0.02354  5.44144e-03 | 60 -0.02171 -1.69236e-02
 61  0.00308 -1.32710e-02 | 62 -0.01987 -1.89251e-02 | 63 -0.03941 -6.10384e-03
 64 -0.02383  1.10977e-02 | 65 -0.01953  4.02736e-02 | 66 -0.02600  4.63969e-02
 67 -0.01581  2.19994e-02 | 68  0.00835 -5.68335e-03 | 69 -0.03033 -1.37516e-02
 70 -0.07871 -1.75692e-03 | 71 -0.08218 -3.19993e-03 | 72 -0.05182  4.54138e-04
 73 -0.01731 -5.31755e-03 | 74 -0.01689  7.37019e-03 | 75 -0.01663 -5.37300e-03
 76 -0.01669 -4.50404e-03 | 77 -0.56379  1.32231e-01 | 78 -0.16095 -5.95689e-03
 79 -0.66532 -1.03364e-02 | 80  0.76882  3.06366e-03 | 81 -0.35332 -8.38695e-02
 82 -0.47825  2.58826e-05 | 83 -0.11249  4.32901e-02 | 84  0.86734 -2.65603e-02
 85  0.97656  4.75446e-03 | 86 -2.02707  3.79925e-03 | 87  0.26119  1.79093e-01
 88 -0.35094 -2.02290e-03 | 89 -0.46303 -2.92721e-04 | 90  0.05047  1.54580e-05
 91  0.04596  1.62673e-05 | 92  0.63664  4.39426e-04 |
Function minimizer not making progress ... is minimum attained?
Minimprove criterion = 0.0000e+00

 - final statistics:
92 variables; iteration 159; function evaluation 315
Function value -8.8569e+01; maximum gradient component mag 1.7909e-01
Exit code = 1;  converg criter 1.0000e-04
Var    Value     Gradient |Var    Value     Gradient |Var    Value     Gradient
  1  0.83244 -1.57545e-03 |  2  0.00007  7.35498e-03 |  3  0.00039 -5.09860e-04
  4 -0.01535 -6.66535e-03 |  5 -0.01567  9.74076e-03 |  6 -0.01534 -6.11635e-04
  7 -0.01518 -3.35671e-03 |  8 -0.01507 -2.50333e-03 |  9 -0.01488 -2.98901e-03
 10 -0.01474 -9.39622e-04 | 11 -0.01452 -3.62804e-03 | 12 -0.01440 -1.27116e-03
 13 -0.01420  1.20451e-03 | 14 -0.01378 -2.04982e-03 | 15 -0.01357  3.25357e-03
 16 -0.01331  1.42579e-03 | 17 -0.01289  2.17998e-03 | 18 -0.01168 -1.33414e-03
 19 -0.01015 -3.50244e-04 | 20 -0.00857  4.87456e-03 | 21 -0.00630 -3.60677e-04
 22 -0.00380  4.55855e-03 | 23 -0.00072 -6.30854e-04 | 24  0.00141  1.19938e-02
 25  0.00419 -7.82485e-05 | 26  0.00500  5.80131e-03 | 27  0.00514 -4.20057e-03
 28  0.00362 -3.61741e-03 | 29  0.00201 -2.34248e-03 | 30 -0.00107 -1.28940e-02
 31 -0.00651 -1.72471e-02 | 32 -0.01449 -1.04836e-02 | 33 -0.02638 -1.17837e-02
 34 -0.04504 -1.27214e-02 | 35 -0.05173 -1.10979e-02 | 36  0.00051  2.44355e-02
 37  0.07614  6.87856e-02 | 38 -0.05261 -7.75347e-03 | 39 -0.04318  4.29505e-03
 40 -0.03993 -1.24085e-03 | 41 -0.03454 -5.51766e-03 | 42 -0.03071 -8.75522e-03
 43 -0.02764 -1.76235e-02 | 44 -0.02879 -1.43577e-02 | 45 -0.03143 -2.35406e-02
 46 -0.03043 -2.75547e-02 | 47 -0.01327 -2.43633e-02 | 48  0.01489 -2.92677e-02
 49  0.01464 -1.24603e-02 | 50 -0.01934 -1.07006e-02 | 51 -0.03466 -6.06103e-03
 52 -0.04806 -2.08666e-02 | 53 -0.03723 -8.30418e-03 | 54 -0.00054 -5.51925e-03
 55  0.00269  1.28706e-02 | 56  0.01953  2.23978e-02 | 57  0.01012  1.86423e-02
 58 -0.00710  1.26000e-02 | 59 -0.02354  5.44144e-03 | 60 -0.02171 -1.69236e-02
 61  0.00308 -1.32710e-02 | 62 -0.01987 -1.89251e-02 | 63 -0.03941 -6.10384e-03
 64 -0.02383  1.10977e-02 | 65 -0.01953  4.02736e-02 | 66 -0.02600  4.63969e-02
 67 -0.01581  2.19994e-02 | 68  0.00835 -5.68335e-03 | 69 -0.03033 -1.37516e-02
 70 -0.07871 -1.75692e-03 | 71 -0.08218 -3.19993e-03 | 72 -0.05182  4.54138e-04
 73 -0.01731 -5.31755e-03 | 74 -0.01689  7.37019e-03 | 75 -0.01663 -5.37300e-03
 76 -0.01669 -4.50404e-03 | 77 -0.56379  1.32231e-01 | 78 -0.16095 -5.95689e-03
 79 -0.66532 -1.03364e-02 | 80  0.76882  3.06366e-03 | 81 -0.35332 -8.38695e-02
 82 -0.47825  2.58826e-05 | 83 -0.11249  4.32901e-02 | 84  0.86734 -2.65603e-02
 85  0.97656  4.75446e-03 | 86 -2.02707  3.79925e-03 | 87  0.26119  1.79093e-01
 88 -0.35094 -2.02290e-03 | 89 -0.46303 -2.92721e-04 | 90  0.05047  1.54580e-05
 91  0.04596  1.62673e-05 | 92  0.63664  4.39426e-04 |

Initial statistics: 93 variables; iteration 0; function evaluation 0; phase 4
Function value -8.9845079e+01; maximum gradient component mag -3.0926e+00
Var    Value     Gradient |Var    Value     Gradient |Var    Value     Gradient
  1  0.83244 -3.58295e-04 |  2  0.00007 -6.09165e-02 |  3  0.00039  4.28600e-03
  4 -0.01535  4.49942e-02 |  5 -0.01567 -5.04030e-02 |  6 -0.01534  9.53180e-03
  7 -0.01518  2.59835e-02 |  8 -0.01507  2.53072e-02 |  9 -0.01488  3.87380e-02
 10 -0.01474  3.86007e-02 | 11 -0.01452  5.47088e-02 | 12 -0.01440  4.38158e-02
 13 -0.01420  4.16004e-02 | 14 -0.01378  8.12339e-02 | 15 -0.01357  5.30441e-02
 16 -0.01331 -2.16478e-02 | 17 -0.01289 -6.37746e-02 | 18 -0.01168 -1.06030e-01
 19 -0.01015 -1.91489e-01 | 20 -0.00857 -2.91507e-01 | 21 -0.00630 -3.33996e-01
 22 -0.00380 -3.81240e-01 | 23 -0.00072 -3.04186e-01 | 24  0.00141 -3.17156e-01
 25  0.00419 -6.76783e-02 | 26  0.00500  6.25272e-02 | 27  0.00514  3.02533e-01
 28  0.00362  4.48468e-01 | 29  0.00201  5.82740e-01 | 30 -0.00107  7.09975e-01
 31 -0.00651  7.08549e-01 | 32 -0.01449  5.88281e-01 | 33 -0.02638  4.96049e-01
 34 -0.04504  3.12457e-01 | 35 -0.05173  2.21425e-01 | 36  0.00051 -4.94322e-02
 37  0.07614 -6.10532e-01 | 38 -0.05261 -8.57739e-02 | 39 -0.04318 -2.13630e-01
 40 -0.03993 -2.58511e-01 | 41 -0.03454 -2.53501e-01 | 42 -0.03071 -2.33100e-01
 43 -0.02764 -1.49902e-01 | 44 -0.02879 -1.39857e-01 | 45 -0.03143 -3.63124e-02
 46 -0.03043  2.52187e-02 | 47 -0.01327  2.57184e-02 | 48  0.01489  1.02918e-01
 49  0.01464  1.90942e-01 | 50 -0.01934  1.11015e-01 | 51 -0.03466  9.03322e-02
 52 -0.04806  1.33111e-01 | 53 -0.03723  9.03805e-03 | 54 -0.00054  5.89700e-02
 55  0.00269  6.83459e-03 | 56  0.01953 -1.05913e-02 | 57  0.01012 -3.64735e-02
 58 -0.00710 -8.44806e-02 | 59 -0.02354 -1.29340e-01 | 60 -0.02171 -3.19945e-02
 61  0.00308 -9.75561e-02 | 62 -0.01987 -1.60581e-03 | 63 -0.03941 -1.19411e-02
 64 -0.02383 -6.68359e-03 | 65 -0.01953 -7.93143e-02 | 66 -0.02600 -1.34348e-01
 67 -0.01581 -9.04844e-02 | 68  0.00835 -1.08939e-01 | 69 -0.03033 -2.66261e-02
 70 -0.07871 -4.41021e-02 | 71 -0.08218  1.90278e-02 | 72 -0.05182  6.33001e-03
 73 -0.01731  3.40097e-02 | 74 -0.01689 -4.10969e-02 | 75 -0.01663  2.56368e-02
 76 -0.01669  2.17607e-02 | 77  0.00000  0.00000e+00 | 78 -0.56379 -3.09259e+00
 79 -0.16095  4.04685e-01 | 80 -0.66532  1.15666e-01 | 81  0.76882  9.79545e-02
 82 -0.35332  2.31874e-01 | 83 -0.47825  9.71090e-05 | 84 -0.11249 -1.55692e-01
 85  0.86734  6.41965e-02 | 86  0.97656  2.65282e-02 | 87  0.02707 -2.52798e-02
 88  0.26119 -1.79540e+00 | 89 -0.35094 -1.93161e-03 | 90 -0.46303 -2.79642e-03
 91  0.05047  2.49611e-04 | 92  0.04596  2.27209e-04 | 93  0.63664  4.89293e-03

Intermediate statistics: 93 variables; iteration 20; function evaluation 32; phase 4
Function value -8.9955154e+01; maximum gradient component mag -2.3623e+00
Var    Value     Gradient |Var    Value     Gradient |Var    Value     Gradient
  1  0.83324 -4.13462e-04 |  2  0.00036  5.88932e-03 |  3  0.00032 -2.23150e-02
  4 -0.01565 -4.00016e-02 |  5 -0.01546 -1.27671e-02 |  6 -0.01549 -4.34984e-02
  7 -0.01545 -6.03212e-02 |  8 -0.01537 -7.24401e-02 |  9 -0.01529 -8.88199e-02
 10 -0.01516 -9.76899e-02 | 11 -0.01503 -1.06481e-01 | 12 -0.01481 -1.01132e-01
 13 -0.01453 -9.00036e-02 | 14 -0.01418 -7.86180e-02 | 15 -0.01366 -4.35553e-02
 16 -0.01283  2.80226e-02 | 17 -0.01194  7.49620e-02 | 18 -0.01024  1.44577e-01
 19 -0.00822  1.99723e-01 | 20 -0.00632  1.89347e-01 | 21 -0.00413  1.53515e-01
 22 -0.00206  3.55424e-02 | 23  0.00064  6.30995e-02 | 24  0.00185 -1.26813e-01
 25  0.00548  3.28925e-01 | 26  0.00602  4.04189e-01 | 27  0.00609  6.21372e-01
 28  0.00290  3.62753e-01 | 29 -0.00055  6.80372e-02 | 30 -0.00483 -1.46716e-01
 31 -0.01031 -1.92537e-01 | 32 -0.01699  5.32642e-02 | 33 -0.02815  2.43849e-01
 34 -0.04663  9.38837e-02 | 35 -0.05370 -2.66822e-01 | 36  0.00010 -1.89464e-01
 37  0.07803 -2.25158e-01 | 38 -0.05375 -4.47815e-01 | 39 -0.04242 -1.25475e-01
 40 -0.03888 -1.26913e-01 | 41 -0.03374 -1.95361e-01 | 42 -0.03019 -2.50051e-01
 43 -0.02768 -3.33535e-01 | 44 -0.02864 -3.28805e-01 | 45 -0.03152 -3.98164e-01
 46 -0.03037 -4.31237e-01 | 47 -0.01274 -5.05402e-01 | 48  0.01398 -9.96259e-01
 49  0.01376 -9.92539e-01 | 50 -0.01916 -4.83354e-01 | 51 -0.03488 -2.82463e-01
 52 -0.04822 -1.51106e-01 | 53 -0.03656  5.99363e-03 | 54 -0.00029 -2.28110e-01
 55  0.00291 -3.64197e-01 | 56  0.01927 -3.61089e-01 | 57  0.00976 -1.07443e-01
 58 -0.00712  2.05644e-01 | 59 -0.02259  5.66241e-01 | 60 -0.02101  8.29765e-01
 61  0.00353  9.39059e-01 | 62 -0.01953  6.15396e-01 | 63 -0.03934  3.05188e-01
 64 -0.02467  1.42227e-01 | 65 -0.02010  1.54185e-01 | 66 -0.02543  3.84924e-01
 67 -0.01487  6.73843e-01 | 68  0.00838  7.57918e-01 | 69 -0.03048  4.18061e-01
 70 -0.07842  1.87747e-01 | 71 -0.08176  2.56066e-01 | 72 -0.05120  2.87896e-01
 73 -0.01740  2.28347e-02 | 74 -0.01657  3.65133e-02 | 75 -0.01668  9.75460e-03
 76 -0.01673  1.08771e-02 | 77  0.00000  0.00000e+00 | 78 -0.56354 -2.36229e+00
 79 -0.17112  2.69805e-02 | 80 -0.65805  8.16290e-02 | 81  0.78211  1.32418e-01
 82 -0.35282 -6.24461e-01 | 83 -0.47824  2.32082e-05 | 84 -0.10991  5.37589e-01
 85  0.86902  8.63779e-02 | 86  0.95786 -6.65153e-02 | 87  0.04315 -1.27909e-01
 88  0.26592  2.13780e-01 | 89 -0.34719 -1.90617e-03 | 90 -0.45760 -2.74893e-03
 91  0.04999  2.47202e-04 | 92  0.04552  2.25086e-04 | 93  0.62714  4.73599e-03
93 variables; iteration 40; function evaluation 63; phase 4
Function value -8.9961545e+01; maximum gradient component mag -1.4813e+00
Var    Value     Gradient |Var    Value     Gradient |Var    Value     Gradient
  1  0.83461 -4.07318e-04 |  2  0.00036  3.70863e-03 |  3  0.00042  3.55526e-03
  4 -0.01549  2.63235e-03 |  5 -0.01541  1.46874e-03 |  6 -0.01533  7.33170e-04
  7 -0.01522 -8.58695e-05 |  8 -0.01510 -8.66058e-04 |  9 -0.01495 -1.37737e-03
 10 -0.01479 -1.87550e-03 | 11 -0.01462 -2.20927e-03 | 12 -0.01443 -3.16979e-03
 13 -0.01419 -4.38799e-03 | 14 -0.01389 -5.64278e-03 | 15 -0.01351 -8.24105e-03
 16 -0.01299 -9.08017e-03 | 17 -0.01231 -1.35608e-02 | 18 -0.01089 -1.50342e-02
 19 -0.00907 -6.88057e-03 | 20 -0.00705  3.78334e-03 | 21 -0.00470  1.65631e-04
 22 -0.00214 -1.39640e-02 | 23  0.00055  2.87390e-03 | 24  0.00289  4.13601e-02
 25  0.00425  1.44412e-02 | 26  0.00446  1.49772e-02 | 27  0.00346  3.59437e-03
 28  0.00161  2.51909e-02 | 29 -0.00048  3.66696e-02 | 30 -0.00394  2.65479e-02
 31 -0.00928  3.22981e-02 | 32 -0.01701  1.33757e-02 | 33 -0.02889 -1.87630e-02
 34 -0.04645  9.83301e-02 | 35 -0.05307 -7.81977e-02 | 36  0.00019 -1.16619e-01
 37  0.07824 -3.61055e-03 | 38 -0.05247 -1.98429e-02 | 39 -0.04206  8.05195e-03
 40 -0.03845  4.84205e-02 | 41 -0.03338 -2.16556e-02 | 42 -0.02969 -1.98105e-02
 43 -0.02683  1.19864e-02 | 44 -0.02792  1.74490e-02 | 45 -0.03082 -1.10740e-03
 46 -0.02999 -2.51268e-02 | 47 -0.01273  9.46042e-03 | 48  0.01461 -2.24954e-02
 49  0.01374 -3.88224e-02 | 50 -0.01973 -4.35326e-02 | 51 -0.03490  8.22172e-03
 52 -0.04829 -9.90979e-03 | 53 -0.03724 -6.18144e-02 | 54 -0.00044 -2.09356e-02
 55  0.00308  1.26342e-02 | 56  0.01951  1.47613e-02 | 57  0.00985  1.12661e-02
 58 -0.00718  4.56980e-03 | 59 -0.02311  1.11587e-02 | 60 -0.02180  3.33647e-04
 61  0.00290  9.73451e-03 | 62 -0.01989  2.12442e-02 | 63 -0.03941  1.44047e-02
 64 -0.02456 -1.81484e-02 | 65 -0.01999  9.29972e-03 | 66 -0.02555  6.12586e-02
 67 -0.01539  4.91276e-02 | 68  0.00798  9.64271e-03 | 69 -0.03078 -3.76308e-02
 70 -0.07865 -4.41346e-02 | 71 -0.08212  2.66034e-02 | 72 -0.05187 -4.86150e-03
 73 -0.01744  3.99191e-03 | 74 -0.01671  2.18025e-03 | 75 -0.01673  2.10256e-03
 76 -0.01677  2.22154e-03 | 77  0.00000  0.00000e+00 | 78 -0.56327 -1.48128e+00
 79 -0.17088 -1.01915e-02 | 80 -0.65098  5.05053e-02 | 81  0.78167  2.09284e-02
 82 -0.35250 -3.15839e-02 | 83 -0.47816 -4.75714e-05 | 84 -0.11177 -1.13779e-01
 85  0.86670 -2.20142e-02 | 86  0.97451  1.12217e-02 | 87  0.04403 -6.02796e-02
 88  0.26528 -3.23010e-02 | 89 -0.34087 -1.86378e-03 | 90 -0.44850 -2.67055e-03
 91  0.04917  2.43129e-04 | 92  0.04477  2.21345e-04 | 93  0.61157  4.49347e-03
93 variables; iteration 60; function evaluation 95; phase 4
Function value -8.9962119e+01; maximum gradient component mag -1.0665e+00
Var    Value     Gradient |Var    Value     Gradient |Var    Value     Gradient
  1  0.83961 -3.85628e-04 |  2  0.00029 -1.37219e-02 |  3  0.00035 -1.27653e-02
  4 -0.01553 -8.02712e-03 |  5 -0.01540  5.60394e-03 |  6 -0.01530  5.77400e-03
  7 -0.01519  6.77290e-03 |  8 -0.01507  7.06506e-03 |  9 -0.01493  4.54793e-03
 10 -0.01477  2.92405e-03 | 11 -0.01462 -1.07832e-03 | 12 -0.01442  4.55591e-04
 13 -0.01416  3.53457e-03 | 14 -0.01385  5.38971e-03 | 15 -0.01341  1.71201e-02
 16 -0.01288  1.88099e-02 | 17 -0.01212  3.22066e-02 | 18 -0.01070  3.04368e-02
 19 -0.00903  8.42001e-04 | 20 -0.00720 -3.07455e-02 | 21 -0.00453  3.47133e-02
 22 -0.00218 -2.72164e-02 | 23  0.00058  3.48611e-03 | 24  0.00254 -3.83611e-02
 25  0.00423  1.30794e-03 | 26  0.00424 -4.12544e-02 | 27  0.00328 -4.59299e-02
 28  0.00142 -2.92508e-02 | 29 -0.00067 -1.60391e-02 | 30 -0.00401  4.29161e-04
 31 -0.00951 -2.91799e-02 | 32 -0.01726 -5.39543e-02 | 33 -0.02880 -2.38389e-03
 34 -0.04694 -5.50687e-02 | 35 -0.05268  6.69264e-02 | 36  0.00052  3.62067e-02
 37  0.07823  1.09353e-03 | 38 -0.05234 -1.51395e-03 | 39 -0.04218 -1.68759e-02
 40 -0.03865  3.34967e-04 | 41 -0.03338 -8.02028e-03 | 42 -0.02969 -6.06406e-03
 43 -0.02704 -2.46317e-02 | 44 -0.02811 -1.03532e-02 | 45 -0.03090  9.38628e-03
 46 -0.02984  5.33762e-02 | 47 -0.01291  3.74996e-03 | 48  0.01466  2.05116e-02
 49  0.01393  2.76461e-02 | 50 -0.01953  3.14998e-02 | 51 -0.03512 -2.30115e-02
 52 -0.04821  6.01650e-02 | 53 -0.03711  2.08189e-02 | 54 -0.00046  5.97453e-03
 55  0.00300 -1.61965e-02 | 56  0.01968  1.37444e-02 | 57  0.00982 -1.50766e-02
 58 -0.00719 -8.18443e-03 | 59 -0.02328 -3.56072e-02 | 60 -0.02185 -1.60815e-02
 61  0.00286 -7.19247e-03 | 62 -0.01999 -2.03222e-02 | 63 -0.03949 -3.51269e-02
 64 -0.02430 -1.95614e-04 | 65 -0.01966  6.98870e-03 | 66 -0.02560 -4.62576e-02
 67 -0.01558 -5.57756e-02 | 68  0.00777 -2.37483e-02 | 69 -0.03064  3.00452e-02
 70 -0.07850  1.15664e-02 | 71 -0.08219 -2.26241e-02 | 72 -0.05182 -2.03759e-03
 73 -0.01754 -1.80169e-02 | 74 -0.01673 -1.35114e-03 | 75 -0.01675 -3.49334e-03
 76 -0.01680 -3.49507e-03 | 77  0.00000  0.00000e+00 | 78 -0.56277 -1.06646e+00
 79 -0.17072 -2.01559e-03 | 80 -0.63834  3.85715e-02 | 81  0.78078 -2.32841e-02
 82 -0.35195  2.56350e-02 | 83 -0.47781 -4.40434e-06 | 84 -0.11040  6.99884e-02
 85  0.86998  9.02502e-03 | 86  0.97094 -7.64636e-03 | 87  0.04791 -6.11302e-03
 88  0.26529  3.11079e-02 | 89 -0.31807 -1.71477e-03 | 90 -0.41598 -2.40489e-03
 91  0.04618  2.28312e-04 | 92  0.04205  2.07837e-04 | 93  0.55764  3.76905e-03
93 variables; iteration 80; function evaluation 128; phase 4
Function value -8.9963612e+01; maximum gradient component mag 3.8537e-01
Var    Value     Gradient |Var    Value     Gradient |Var    Value     Gradient
  1  0.88832 -2.32015e-04 |  2 -0.00007 -9.97672e-02 |  3  0.00002 -9.39641e-02
  4 -0.01576 -6.57142e-02 |  5 -0.01553 -2.63579e-02 |  6 -0.01537 -9.41651e-03
  7 -0.01521  2.78224e-03 |  8 -0.01507  5.13144e-03 |  9 -0.01498 -8.81512e-03
 10 -0.01490 -2.63164e-02 | 11 -0.01482 -5.02854e-02 | 12 -0.01463 -5.06687e-02
 13 -0.01435 -4.03781e-02 | 14 -0.01401 -3.26785e-02 | 15 -0.01332  4.07121e-02
 16 -0.01273  5.42860e-02 | 17 -0.01214  2.90589e-02 | 18 -0.01088 -8.70935e-03
 19 -0.00882  5.31196e-02 | 20 -0.00752 -1.00619e-01 | 21 -0.00443  6.10311e-02
 22 -0.00247 -8.67870e-02 | 23  0.00088  7.22808e-02 | 24  0.00246 -5.18521e-02
 25  0.00425  1.10603e-02 | 26  0.00445  8.44620e-03 | 27  0.00336 -2.32237e-02
 28  0.00156  7.94862e-03 | 29 -0.00081 -4.23227e-02 | 30 -0.00421 -3.99544e-02
 31 -0.00922  4.08320e-02 | 32 -0.01765 -1.48545e-01 | 33 -0.02875  1.96513e-02
 34 -0.04693 -4.19780e-02 | 35 -0.05284  2.16098e-02 | 36  0.00058  4.76145e-02
 37  0.07825 -2.86572e-04 | 38 -0.05230  1.38348e-03 | 39 -0.04237 -7.82893e-02
 40 -0.03865  4.47963e-04 | 41 -0.03344 -2.52344e-02 | 42 -0.02978 -3.17741e-02
 43 -0.02725 -8.52428e-02 | 44 -0.02817 -3.00574e-02 | 45 -0.03077  4.14913e-02
 46 -0.03015 -4.17199e-02 | 47 -0.01269  4.08271e-02 | 48  0.01464 -8.85595e-03
 49  0.01393 -1.77841e-03 | 50 -0.01981 -5.67248e-02 | 51 -0.03503  3.95624e-04
 52 -0.04817  8.10425e-02 | 53 -0.03710  2.38697e-02 | 54 -0.00052 -2.72156e-02
 55  0.00278 -8.20734e-02 | 56  0.01996  6.01130e-02 | 57  0.00964 -4.73580e-02
 58 -0.00727 -2.16080e-02 | 59 -0.02340 -5.14967e-02 | 60 -0.02169  5.19404e-02
 61  0.00288  2.49792e-02 | 62 -0.02020 -6.62982e-02 | 63 -0.03934  6.67796e-03
 64 -0.02456 -6.45048e-02 | 65 -0.01938  8.65053e-02 | 66 -0.02578 -7.97108e-02
 67 -0.01561 -4.20926e-02 | 68  0.00776  1.06876e-04 | 69 -0.03069  2.64145e-02
 70 -0.07850  1.13899e-02 | 71 -0.08220 -2.42902e-02 | 72 -0.05193 -3.28509e-02
 73 -0.01773 -6.41303e-02 | 74 -0.01680 -1.97577e-02 | 75 -0.01681 -1.75403e-02
 76 -0.01686 -1.77748e-02 | 77  0.00000  0.00000e+00 | 78 -0.56083  3.85371e-01
 79 -0.17323  8.72497e-03 | 80 -0.59683 -2.40920e-02 | 81  0.78107 -2.37697e-03
 82 -0.35217 -9.59052e-03 | 83 -0.47531  1.55053e-04 | 84 -0.11066  5.67739e-02
 85  0.87087  1.49044e-02 | 86  0.97342  5.29988e-03 | 87  0.08034  3.94679e-04
 88  0.26534  3.66428e-02 | 89 -0.09914 -4.93222e-04 | 90 -0.10570 -5.13362e-04
 91  0.01730  8.54035e-05 | 92  0.01578  6.77986e-05 | 93  0.05271  2.60706e-04
93 variables; iteration 100; function evaluation 161; phase 4
Function value -8.9964077e+01; maximum gradient component mag -1.5637e-01
Var    Value     Gradient |Var    Value     Gradient |Var    Value     Gradient
  1  0.90309 -1.98451e-04 |  2  0.00035  2.59874e-03 |  3  0.00041  1.38353e-03
  4 -0.01549  4.55068e-04 |  5 -0.01542  4.65762e-04 |  6 -0.01533 -1.57282e-04
  7 -0.01522 -3.27910e-05 |  8 -0.01509  7.81908e-04 |  9 -0.01494  2.06886e-03
 10 -0.01478  1.85282e-03 | 11 -0.01461  7.37652e-04 | 12 -0.01442 -8.41087e-04
 13 -0.01418 -3.96858e-04 | 14 -0.01387  1.79052e-04 | 15 -0.01347  1.92226e-03
 16 -0.01294  2.08786e-03 | 17 -0.01225  4.78306e-04 | 18 -0.01083 -8.34761e-04
 19 -0.00904 -6.44920e-04 | 20 -0.00707  1.60454e-04 | 21 -0.00469  1.67089e-03
 22 -0.00207 -4.76076e-04 | 23  0.00055  1.37011e-04 | 24  0.00271 -7.26938e-04
 25  0.00420  3.74169e-04 | 26  0.00441 -1.59032e-04 | 27  0.00347 -4.17043e-04
 28  0.00152 -5.41675e-04 | 29 -0.00062 -7.52130e-05 | 30 -0.00404 -1.39292e-04
 31 -0.00940  6.31302e-04 | 32 -0.01706 -5.41058e-04 | 33 -0.02881  1.89984e-04
 34 -0.04676 -3.83364e-04 | 35 -0.05286  1.13975e-03 | 36  0.00048  4.65777e-04
 37  0.07824 -8.60819e-04 | 38 -0.05232  7.46323e-04 | 39 -0.04209  1.80432e-04
 40 -0.03863  1.03664e-04 | 41 -0.03333 -7.08735e-04 | 42 -0.02964  1.23911e-03
 43 -0.02691  7.51632e-04 | 44 -0.02804 -1.17346e-03 | 45 -0.03088 -7.51778e-05
 46 -0.02997  1.26957e-03 | 47 -0.01283  3.95125e-03 | 48  0.01466 -6.49017e-04
 49  0.01387 -1.64384e-03 | 50 -0.01959  2.28721e-03 | 51 -0.03499 -5.40564e-04
 52 -0.04834  1.00154e-03 | 53 -0.03712 -2.14756e-04 | 54 -0.00042  8.05016e-04
 55  0.00307 -6.39739e-04 | 56  0.01957  2.32366e-04 | 57  0.00986 -1.48209e-04
 58 -0.00719 -3.03285e-05 | 59 -0.02317 -3.27436e-04 | 60 -0.02182 -1.40928e-03
 61  0.00286  8.17116e-04 | 62 -0.01995 -4.03938e-04 | 63 -0.03941 -8.96918e-04
 64 -0.02437  2.10354e-04 | 65 -0.01981  2.66269e-04 | 66 -0.02556 -7.48508e-04
 67 -0.01547 -5.55604e-04 | 68  0.00786 -1.03248e-03 | 69 -0.03072  1.15011e-03
 70 -0.07852  1.46670e-05 | 71 -0.08214 -2.81286e-04 | 72 -0.05182 -1.96014e-04
 73 -0.01749 -5.36551e-03 | 74 -0.01672  2.46672e-04 | 75 -0.01673 -1.07574e-04
 76 -0.01678 -1.02671e-04 | 77  0.00000  0.00000e+00 | 78 -0.56044 -1.56372e-01
 79 -0.17395 -4.87846e-04 | 80 -0.58953  4.22779e-03 | 81  0.78114 -9.08035e-04
 82 -0.35219  4.76774e-04 | 83 -0.47604  1.02504e-04 | 84 -0.11095  1.10436e-03
 85  0.86897  1.70481e-04 | 86  0.97235 -1.63044e-04 | 87  0.08930  4.41509e-04
 88  0.26528  8.58999e-05 | 89 -0.03926 -1.93995e-04 | 90 -0.02244 -9.71697e-05
 91  0.00922  4.63507e-05 | 92  0.00854  3.08269e-05 | 93 -0.07838 -3.88761e-04
93 variables; iteration 120; function evaluation 198; phase 4
Function value -8.9964138e+01; maximum gradient component mag -3.7151e-01
Var    Value     Gradient |Var    Value     Gradient |Var    Value     Gradient
  1  0.97338 -4.61890e-05 |  2  0.00035  2.35729e-03 |  3  0.00041  1.18661e-03
  4 -0.01549  3.66704e-04 |  5 -0.01542 -2.40137e-05 |  6 -0.01533 -4.17777e-04
  7 -0.01522  7.36449e-04 |  8 -0.01509  2.85392e-04 |  9 -0.01494  4.83465e-04
 10 -0.01478  6.91058e-04 | 11 -0.01461  3.94658e-04 | 12 -0.01442 -3.51057e-04
 13 -0.01418 -7.98036e-04 | 14 -0.01387  5.47926e-04 | 15 -0.01347  2.40879e-03
 16 -0.01295  1.14897e-03 | 17 -0.01225  6.20591e-04 | 18 -0.01083 -4.78276e-04
 19 -0.00904 -5.72730e-04 | 20 -0.00707  1.89482e-04 | 21 -0.00469  8.90536e-04
 22 -0.00207 -1.43182e-04 | 23  0.00055  5.70776e-05 | 24  0.00271 -3.31547e-04
 25  0.00420  2.02227e-04 | 26  0.00441 -1.10720e-04 | 27  0.00347 -3.02424e-04
 28  0.00152 -3.19062e-04 | 29 -0.00062  2.03698e-05 | 30 -0.00404 -2.65683e-05
 31 -0.00940  6.63230e-04 | 32 -0.01706 -5.61682e-04 | 33 -0.02881  1.02944e-04
 34 -0.04676 -3.39954e-04 | 35 -0.05286  3.54666e-04 | 36  0.00047 -5.72148e-04
 37  0.07824 -2.30842e-03 | 38 -0.05232  2.63405e-03 | 39 -0.04209  1.29773e-03
 40 -0.03863  1.33781e-04 | 41 -0.03333 -2.30844e-04 | 42 -0.02964  5.49217e-04
 43 -0.02691  2.85523e-04 | 44 -0.02803 -4.98733e-04 | 45 -0.03088 -5.06853e-05
 46 -0.02997  6.90777e-04 | 47 -0.01283  2.32407e-03 | 48  0.01466 -4.46430e-04
 49  0.01388 -1.25956e-03 | 50 -0.01960  1.08990e-03 | 51 -0.03499 -2.53801e-04
 52 -0.04834  3.83420e-04 | 53 -0.03711  4.17156e-04 | 54 -0.00042  4.87721e-04
 55  0.00307 -1.91682e-04 | 56  0.01957  3.54261e-04 | 57  0.00986 -1.11919e-04
 58 -0.00719 -4.86298e-04 | 59 -0.02317 -2.17431e-04 | 60 -0.02182 -6.49725e-04
 61  0.00286  2.85471e-04 | 62 -0.01995 -2.20768e-04 | 63 -0.03941 -6.03798e-04
 64 -0.02437  1.96611e-04 | 65 -0.01981 -3.28998e-06 | 66 -0.02556 -3.43728e-04
 67 -0.01548 -1.46792e-03 | 68  0.00787 -9.79914e-05 | 69 -0.03072 -3.61088e-05
 70 -0.07852 -2.97040e-04 | 71 -0.08214 -1.17362e-04 | 72 -0.05182  3.66747e-05
 73 -0.01747 -2.01294e-03 | 74 -0.01673 -8.84096e-04 | 75 -0.01675 -3.13935e-03
 76 -0.01677  1.82660e-03 | 77  0.00000  0.00000e+00 | 78 -0.55982 -3.71513e-01
 79 -0.17478 -9.60860e-04 | 80 -0.57852  1.75125e-02 | 81  0.78114 -1.29204e-03
 82 -0.35219  3.63469e-04 | 83 -0.49194 -8.17996e-04 | 84 -0.11095  6.37155e-04
 85  0.86896  9.69495e-05 | 86  0.97236 -1.30917e-04 | 87  0.08962  4.43192e-04
 88  0.26528  2.40174e-05 | 89  0.04131  2.04125e-04 | 90  0.03358  1.77052e-04
 91 -0.00807 -3.98178e-05 | 92 -0.00361 -2.72010e-05 | 93  0.00943  4.65165e-05
93 variables; iteration 140; function evaluation 220; phase 4
Function value -8.9964266e+01; maximum gradient component mag -5.1220e-01
Var    Value     Gradient |Var    Value     Gradient |Var    Value     Gradient
  1  1.15863  3.94060e-04 |  2  0.00035  2.05009e-03 |  3  0.00041  7.64658e-04
  4 -0.01549  4.87481e-04 |  5 -0.01542  7.22091e-04 |  6 -0.01533  4.48962e-04
  7 -0.01522  5.35230e-04 |  8 -0.01509  3.17024e-04 |  9 -0.01495  2.00197e-04
 10 -0.01478  4.25927e-04 | 11 -0.01461  4.81418e-04 | 12 -0.01441  2.76074e-04
 13 -0.01418 -3.94135e-05 | 14 -0.01387  8.84047e-04 | 15 -0.01347  1.96300e-03
 16 -0.01295  1.15292e-03 | 17 -0.01225  1.06326e-03 | 18 -0.01082  1.89490e-03
 19 -0.00904 -7.56239e-04 | 20 -0.00707 -6.68226e-04 | 21 -0.00469  9.37826e-04
 22 -0.00206 -8.62764e-05 | 23  0.00055 -9.22738e-04 | 24  0.00271 -8.10159e-04
 25  0.00419 -7.79898e-04 | 26  0.00440 -1.34841e-03 | 27  0.00346 -2.40642e-03
 28  0.00152 -1.47872e-03 | 29 -0.00062  4.68909e-04 | 30 -0.00403  1.14563e-03
 31 -0.00940  2.87046e-04 | 32 -0.01706 -9.10973e-04 | 33 -0.02881 -1.79605e-05
 34 -0.04676 -1.26180e-03 | 35 -0.05286  7.91545e-04 | 36  0.00047 -1.55895e-03
 37  0.07824 -4.73338e-03 | 38 -0.05233  3.45753e-03 | 39 -0.04209  3.03341e-03
 40 -0.03863  5.19406e-04 | 41 -0.03333 -6.64519e-04 | 42 -0.02964  5.25713e-04
 43 -0.02691 -5.26251e-06 | 44 -0.02803 -2.84424e-04 | 45 -0.03088  2.67220e-04
 46 -0.02996  2.67219e-03 | 47 -0.01284  1.25130e-03 | 48  0.01466  9.56142e-04
 49  0.01388 -1.58074e-04 | 50 -0.01959  2.15148e-03 | 51 -0.03499 -1.29037e-03
 52 -0.04834  4.01170e-04 | 53 -0.03711  9.32652e-04 | 54 -0.00043  3.79197e-04
 55  0.00307  6.25357e-04 | 56  0.01957  1.16139e-03 | 57  0.00986  1.12178e-04
 58 -0.00719 -4.48789e-04 | 59 -0.02318 -1.95898e-03 | 60 -0.02182 -1.42589e-03
 61  0.00286  1.96977e-04 | 62 -0.01995 -1.50618e-04 | 63 -0.03942 -2.03476e-03
 64 -0.02437  1.24398e-03 | 65 -0.01981 -7.53325e-04 | 66 -0.02556 -5.08304e-04
 67 -0.01548 -3.05588e-03 | 68  0.00786 -9.96338e-04 | 69 -0.03072  9.75888e-04
 70 -0.07853 -9.56631e-04 | 71 -0.08214 -2.13473e-04 | 72 -0.05182  5.21827e-04
 73 -0.01747 -1.50643e-03 | 74 -0.01672  2.24389e-04 | 75 -0.01674 -1.21526e-03
 76 -0.01678  8.77874e-04 | 77  0.00000  0.00000e+00 | 78 -0.55749 -5.12200e-01
 79 -0.17800 -9.23776e-04 | 80 -0.54282  3.31843e-02 | 81  0.78113 -1.77750e-03
 82 -0.35218  1.56873e-03 | 83 -0.47626  8.82833e-05 | 84 -0.11094  1.29827e-03
 85  0.86893 -1.13000e-04 | 86  0.97224 -7.66725e-04 | 87  0.09000  4.45097e-04
 88  0.26528 -2.58898e-04 | 89 -0.01212 -5.98113e-05 | 90 -0.01120 -3.87598e-05
 91  0.00249  1.23014e-05 | 92  0.00193 -3.78355e-06 | 93 -0.00145 -7.13676e-06
93 variables; iteration 160; function evaluation 240; phase 4
Function value -8.9964448e+01; maximum gradient component mag -1.9346e-01
Var    Value     Gradient |Var    Value     Gradient |Var    Value     Gradient
  1  0.91935 -1.59414e-04 |  2  0.00034  2.66873e-04 |  3  0.00040  3.76853e-05
  4 -0.01550  8.30633e-05 |  5 -0.01542  5.36556e-04 |  6 -0.01533  3.63326e-04
  7 -0.01522  3.82102e-04 |  8 -0.01509  2.50121e-04 |  9 -0.01495  1.61831e-04
 10 -0.01478  1.50343e-04 | 11 -0.01461 -9.97019e-05 | 12 -0.01441 -3.93864e-05
 13 -0.01417  1.53335e-04 | 14 -0.01387  2.92325e-04 | 15 -0.01348  7.73996e-04
 16 -0.01295  5.02693e-04 | 17 -0.01225  4.33756e-04 | 18 -0.01083  1.04672e-03
 19 -0.00904 -2.71217e-04 | 20 -0.00707 -7.14355e-04 | 21 -0.00469  3.37095e-04
 22 -0.00206 -1.15655e-04 | 23  0.00055 -3.12721e-04 | 24  0.00271 -3.05898e-04
 25  0.00419 -4.21398e-04 | 26  0.00441 -5.95999e-04 | 27  0.00346 -1.30295e-03
 28  0.00152 -6.36948e-04 | 29 -0.00062  1.58112e-04 | 30 -0.00403  5.99829e-04
 31 -0.00940  2.47632e-04 | 32 -0.01706 -5.17895e-04 | 33 -0.02881 -5.96369e-05
 34 -0.04676 -6.53898e-04 | 35 -0.05287 -8.54281e-06 | 36  0.00047 -9.33669e-04
 37  0.07824 -2.10751e-03 | 38 -0.05233  1.34479e-03 | 39 -0.04209  1.37650e-03
 40 -0.03863  2.76686e-04 | 41 -0.03333 -2.83706e-04 | 42 -0.02964 -1.27662e-04
 43 -0.02691 -4.93688e-04 | 44 -0.02803  1.02724e-04 | 45 -0.03088  3.38048e-04
 46 -0.02997  1.09916e-03 | 47 -0.01284  2.58758e-04 | 48  0.01467  6.65816e-04
 49  0.01388  9.83560e-05 | 50 -0.01960  6.56782e-04 | 51 -0.03499 -7.02135e-04
 52 -0.04834 -1.86843e-05 | 53 -0.03711  4.33838e-04 | 54 -0.00043 -8.59827e-05
 55  0.00307  2.01787e-04 | 56  0.01957  8.58891e-04 | 57  0.00986  1.97243e-04
 58 -0.00719 -3.29145e-04 | 59 -0.02317 -1.12620e-03 | 60 -0.02182 -3.66748e-04
 61  0.00286  2.24799e-04 | 62 -0.01995 -1.65088e-04 | 63 -0.03941 -8.42337e-04
 64 -0.02437  4.37040e-04 | 65 -0.01981 -2.30577e-04 | 66 -0.02556 -3.76269e-04
 67 -0.01548 -1.43931e-03 | 68  0.00786 -6.09431e-04 | 69 -0.03072  5.00029e-04
 70 -0.07853 -6.04972e-04 | 71 -0.08214 -7.85836e-05 | 72 -0.05182  1.91457e-04
 73 -0.01746 -2.92649e-04 | 74 -0.01672 -8.86418e-05 | 75 -0.01673 -2.22433e-04
 76 -0.01678  4.79235e-04 | 77  0.00000  0.00000e+00 | 78 -0.55377 -1.93457e-01
 79 -0.18380 -4.61185e-04 | 80 -0.49793  1.48347e-02 | 81  0.78114 -7.08271e-04
 82 -0.35218  8.16828e-04 | 83 -0.47738  1.52640e-05 | 84 -0.11095  4.58956e-04
 85  0.86894 -1.09198e-04 | 86  0.97230 -4.16436e-04 | 87  0.08638  4.26495e-04
 88  0.26528 -5.14570e-04 | 89  0.00796  3.92631e-05 | 90 -0.01040 -3.82263e-05
 91 -0.00221 -1.09229e-05 | 92  0.01179  4.69587e-05 | 93  0.00736  3.63224e-05
93 variables; iteration 180; function evaluation 261; phase 4
Function value -8.9964584e+01; maximum gradient component mag -7.9573e-01
Var    Value     Gradient |Var    Value     Gradient |Var    Value     Gradient
  1  1.01512  2.17341e-05 |  2  0.00034 -5.31750e-04 |  3  0.00040 -3.06178e-04
  4 -0.01550 -2.88998e-04 |  5 -0.01542 -8.58329e-04 |  6 -0.01533 -5.91622e-04
  7 -0.01522 -6.53430e-04 |  8 -0.01510 -4.59684e-04 |  9 -0.01495 -2.19661e-04
 10 -0.01478 -2.10680e-04 | 11 -0.01461  5.38753e-06 | 12 -0.01441 -2.91431e-05
 13 -0.01418 -1.63014e-04 | 14 -0.01387 -6.20454e-04 | 15 -0.01349 -1.33008e-03
 16 -0.01296 -8.27340e-04 | 17 -0.01225 -7.57007e-04 | 18 -0.01084 -1.91434e-03
 19 -0.00904  5.73555e-04 | 20 -0.00706  1.09700e-03 | 21 -0.00470 -4.24264e-04
 22 -0.00206  1.48031e-04 | 23  0.00055  7.13779e-04 | 24  0.00271  5.44302e-04
 25  0.00420  7.25704e-04 | 26  0.00441  1.00993e-03 | 27  0.00348  2.15656e-03
 28  0.00153  1.05554e-03 | 29 -0.00062 -3.89968e-04 | 30 -0.00404 -1.14985e-03
 31 -0.00940 -5.03930e-04 | 32 -0.01706  4.37290e-04 | 33 -0.02881 -4.59892e-04
 34 -0.04676  9.21315e-05 | 35 -0.05287 -1.76814e-03 | 36  0.00048 -3.72735e-03
 37  0.07824 -7.60557e-03 | 38 -0.05232  1.20331e-02 | 39 -0.04209  3.91438e-03
 40 -0.03863 -5.31651e-04 | 41 -0.03333  4.19575e-04 | 42 -0.02964  1.00198e-04
 43 -0.02691  6.02477e-04 | 44 -0.02803 -4.08404e-04 | 45 -0.03088 -9.32741e-04
 46 -0.02998 -2.62514e-03 | 47 -0.01284  3.60238e-07 | 48  0.01466 -1.30753e-03
 49  0.01389 -1.29098e-03 | 50 -0.01961 -3.31227e-03 | 51 -0.03498  1.87522e-03
 52 -0.04834 -1.31180e-04 | 53 -0.03712  1.90134e-03 | 54 -0.00042  2.29923e-03
 55  0.00308  7.29630e-04 | 56  0.01957 -7.32101e-04 | 57  0.00986 -1.00930e-03
 58 -0.00719  3.42277e-04 | 59 -0.02317  1.39055e-03 | 60 -0.02182  1.25254e-03
 61  0.00285  1.20042e-03 | 62 -0.01995 -1.25748e-04 | 63 -0.03940  1.49017e-03
 64 -0.02438  9.02131e-05 | 65 -0.01981  2.54139e-04 | 66 -0.02556 -6.08748e-04
 67 -0.01547  6.54703e-04 | 68  0.00786  2.10562e-04 | 69 -0.03072 -2.22194e-03
 70 -0.07852 -6.41588e-05 | 71 -0.08214  5.80678e-04 | 72 -0.05182  7.90676e-04
 73 -0.01746  8.07126e-04 | 74 -0.01672 -1.67312e-04 | 75 -0.01673  5.10419e-04
 76 -0.01678 -6.91892e-04 | 77  0.00000  0.00000e+00 | 78 -0.54876 -7.95734e-01
 79 -0.19324 -3.38436e-03 | 80 -0.45155  9.47559e-02 | 81  0.78118 -3.69059e-03
 82 -0.35220 -1.42221e-03 | 83 -0.47825 -4.01931e-05 | 84 -0.11097 -6.95338e-04
 85  0.86899  2.42308e-04 | 86  0.97253  7.54028e-04 | 87  0.07148  3.43056e-04
 88  0.26528  6.95018e-04 | 89 -0.03875 -1.91468e-04 | 90  0.03184  1.67800e-04
 91  0.00990  4.88571e-05 | 92 -0.04910 -2.49496e-04 | 93  0.00642  3.17077e-05
93 variables; iteration 200; function evaluation 283; phase 4
Function value -8.9964682e+01; maximum gradient component mag -2.9737e-02
Var    Value     Gradient |Var    Value     Gradient |Var    Value     Gradient
  1  1.00754  8.46978e-07 |  2  0.00034  8.80048e-05 |  3  0.00040  1.75959e-04
  4 -0.01550  9.34989e-05 |  5 -0.01542 -3.05317e-05 |  6 -0.01533 -6.98197e-05
  7 -0.01522 -4.55780e-05 |  8 -0.01509 -1.36885e-05 |  9 -0.01495  2.14936e-05
 10 -0.01478  3.86730e-05 | 11 -0.01461  3.02264e-05 | 12 -0.01441  4.40801e-06
 13 -0.01418  5.91701e-06 | 14 -0.01387 -5.49715e-05 | 15 -0.01348 -1.40809e-04
 16 -0.01295 -8.03146e-05 | 17 -0.01225 -9.61935e-06 | 18 -0.01083  7.78202e-05
 19 -0.00904 -8.09162e-05 | 20 -0.00707  1.87343e-04 | 21 -0.00470 -2.95349e-04
 22 -0.00206 -4.93254e-07 | 23  0.00055 -2.29798e-04 | 24  0.00271 -5.43818e-05
 25  0.00420 -3.06778e-05 | 26  0.00441  1.21572e-04 | 27  0.00347  2.92813e-04
 28  0.00152  2.01098e-04 | 29 -0.00062  5.62144e-05 | 30 -0.00403  1.18162e-05
 31 -0.00940  1.52740e-04 | 32 -0.01705  9.73558e-04 | 33 -0.02880  1.33414e-03
 34 -0.04676  2.17019e-03 | 35 -0.05287  2.06630e-03 | 36  0.00046  1.80191e-03
 37  0.07823 -6.59687e-03 | 38 -0.05232 -2.20506e-03 | 39 -0.04209  5.04147e-04
 40 -0.03863  1.30235e-04 | 41 -0.03333  1.66323e-04 | 42 -0.02964  7.22832e-05
 43 -0.02691  1.83992e-04 | 44 -0.02803  6.70352e-05 | 45 -0.03089 -2.54416e-04
 46 -0.02997 -4.76841e-04 | 47 -0.01284 -4.80225e-04 | 48  0.01467  1.63062e-04
 49  0.01388  1.15152e-03 | 50 -0.01960  1.08891e-03 | 51 -0.03498  9.19778e-04
 52 -0.04834 -5.43499e-04 | 53 -0.03711 -1.21443e-03 | 54 -0.00043 -1.53744e-03
 55  0.00307 -1.36627e-03 | 56  0.01957 -6.16839e-04 | 57  0.00986  3.21124e-04
 58 -0.00719  3.89602e-04 | 59 -0.02317 -1.99667e-04 | 60 -0.02181 -8.69986e-04
 61  0.00286 -3.66586e-04 | 62 -0.01995 -4.62374e-05 | 63 -0.03941 -3.18071e-04
 64 -0.02437  2.93018e-04 | 65 -0.01981  8.20273e-04 | 66 -0.02557  7.32599e-04
 67 -0.01547  5.44508e-04 | 68  0.00787  1.37243e-03 | 69 -0.03072  1.45039e-03
 70 -0.07853  1.71588e-04 | 71 -0.08214 -1.18248e-04 | 72 -0.05182  8.17439e-06
 73 -0.01746  1.79856e-04 | 74 -0.01672 -2.97839e-05 | 75 -0.01673 -1.59962e-05
 76 -0.01678  1.20484e-04 | 77  0.00000  0.00000e+00 | 78 -0.54399 -2.97367e-02
 79 -0.20391  5.50905e-03 | 80 -0.41700  4.24464e-03 | 81  0.78097  5.15079e-03
 82 -0.35219  3.93591e-05 | 83 -0.47758  3.07977e-06 | 84 -0.11096 -4.03126e-04
 85  0.86893 -7.19600e-07 | 86  0.97239 -2.13339e-05 | 87  0.04902 -3.44691e-03
 88  0.26528  1.86348e-04 | 89 -0.02222 -1.09719e-04 | 90  0.04555  2.34553e-04
 91  0.00696  3.43658e-05 | 92 -0.04676 -2.37674e-04 | 93 -0.01612 -7.95584e-05
93 variables; iteration 220; function evaluation 303; phase 4
Function value -8.9964723e+01; maximum gradient component mag -3.5861e-01
Var    Value     Gradient |Var    Value     Gradient |Var    Value     Gradient
  1  1.00282 -3.01964e-05 |  2  0.00034 -5.07456e-04 |  3  0.00040 -3.57446e-04
  4 -0.01550 -2.35133e-04 |  5 -0.01542  5.30978e-04 |  6 -0.01533  1.25490e-04
  7 -0.01522  2.56517e-05 |  8 -0.01509 -3.67372e-05 |  9 -0.01495  2.12898e-04
 10 -0.01478  2.27994e-04 | 11 -0.01461 -4.27308e-04 | 12 -0.01442 -1.07788e-04
 13 -0.01417  6.66364e-04 | 14 -0.01387 -2.01777e-04 | 15 -0.01348 -2.45635e-04
 16 -0.01295 -9.02805e-06 | 17 -0.01225 -5.31513e-05 | 18 -0.01083  7.11950e-04
 19 -0.00904 -1.25646e-05 | 20 -0.00707 -5.05499e-04 | 21 -0.00469  5.25007e-05
 22 -0.00206 -9.32223e-05 | 23  0.00055 -9.41633e-05 | 24  0.00271 -4.73620e-05
 25  0.00420 -1.26773e-04 | 26  0.00441 -3.08485e-04 | 27  0.00347 -6.56562e-04
 28  0.00152 -3.94422e-04 | 29 -0.00062  2.46066e-05 | 30 -0.00404  2.52764e-04
 31 -0.00941 -3.50440e-05 | 32 -0.01707 -5.28309e-04 | 33 -0.02882 -7.83640e-04
 34 -0.04677 -1.41130e-03 | 35 -0.05286 -1.44675e-03 | 36  0.00050 -3.07226e-03
 37  0.07825 -2.57746e-03 | 38 -0.05233  6.54855e-03 | 39 -0.04209  2.70471e-03
 40 -0.03863 -3.33790e-05 | 41 -0.03333 -5.02815e-05 | 42 -0.02964 -3.91385e-04
 43 -0.02691 -6.27019e-04 | 44 -0.02803  1.11726e-05 | 45 -0.03088  4.03008e-05
 46 -0.02996  2.05322e-04 | 47 -0.01284 -8.87376e-05 | 48  0.01466  2.65636e-04
 49  0.01388 -4.46155e-04 | 50 -0.01960 -9.84190e-04 | 51 -0.03499 -4.61481e-05
 52 -0.04834  5.04896e-04 | 53 -0.03712  2.04656e-03 | 54 -0.00042  1.44438e-03
 55  0.00308  9.00515e-04 | 56  0.01957  5.25402e-04 | 57  0.00986 -4.49552e-04
 58 -0.00719 -2.92132e-04 | 59 -0.02317 -5.82539e-04 | 60 -0.02182  7.66296e-04
 61  0.00285  8.67010e-04 | 62 -0.01994 -3.36187e-04 | 63 -0.03941 -1.73743e-04
 64 -0.02438  2.06278e-04 | 65 -0.01981 -7.91580e-04 | 66 -0.02556 -8.97815e-04
 67 -0.01547 -1.12509e-03 | 68  0.00786 -1.04499e-03 | 69 -0.03071 -6.70777e-04
 70 -0.07852 -7.03790e-04 | 71 -0.08215  1.74129e-04 | 72 -0.05183  5.86301e-04
 73 -0.01746  2.93712e-04 | 74 -0.01672 -6.28801e-04 | 75 -0.01673  9.38740e-04
 76 -0.01678  4.88031e-04 | 77  0.00000  0.00000e+00 | 78 -0.54210 -3.58613e-01
 79 -0.21108 -7.27293e-03 | 80 -0.40493  5.24008e-02 | 81  0.78143 -3.86590e-03
 82 -0.35220  6.54027e-06 | 83 -0.47792 -1.98036e-05 | 84 -0.11096  2.41907e-04
 85  0.86898 -3.56873e-05 | 86  0.97235 -1.89073e-04 | 87  0.05077 -1.47304e-03
 88  0.26528 -6.56866e-04 | 89  0.01476  7.28377e-05 | 90 -0.00283 -1.92196e-06
 91 -0.00316 -1.56065e-05 | 92  0.01318  5.45690e-05 | 93 -0.01084 -5.35095e-05
93 variables; iteration 240; function evaluation 332; phase 4
Function value -8.9964805e+01; maximum gradient component mag 2.3228e-02
Var    Value     Gradient |Var    Value     Gradient |Var    Value     Gradient
  1  1.03055  5.39825e-05 |  2  0.00035  2.15017e-03 |  3  0.00040  2.07764e-04
  4 -0.01549  3.89712e-04 |  5 -0.01542 -9.65056e-04 |  6 -0.01533  1.64055e-04
  7 -0.01522  1.85036e-04 |  8 -0.01509 -5.65162e-06 |  9 -0.01495 -2.09564e-04
 10 -0.01478 -2.57094e-04 | 11 -0.01461  7.69268e-04 | 12 -0.01441  1.59138e-04
 13 -0.01418 -1.23965e-03 | 14 -0.01387  4.99217e-04 | 15 -0.01348  1.09840e-03
 16 -0.01295  2.33806e-04 | 17 -0.01225 -9.04743e-05 | 18 -0.01084 -1.34397e-03
 19 -0.00904 -4.09205e-04 | 20 -0.00706  9.59513e-04 | 21 -0.00469  1.54767e-04
 22 -0.00206  3.42175e-04 | 23  0.00055  1.87410e-04 | 24  0.00271  6.92916e-05
 25  0.00420  2.09386e-04 | 26  0.00441  5.32455e-04 | 27  0.00348  1.12617e-03
 28  0.00153  4.63977e-04 | 29 -0.00062 -1.99321e-04 | 30 -0.00404 -1.04172e-03
 31 -0.00940 -9.63040e-04 | 32 -0.01705 -1.44869e-03 | 33 -0.02880 -3.48999e-03
 34 -0.04676 -5.50737e-03 | 35 -0.05287 -6.80644e-03 | 36  0.00046 -5.72681e-03
 37  0.07823  2.02807e-02 | 38 -0.05231  7.93082e-03 | 39 -0.04209 -7.78604e-04
 40 -0.03863 -1.05154e-04 | 41 -0.03333  6.33287e-05 | 42 -0.02964  4.93181e-04
 43 -0.02691  8.16220e-04 | 44 -0.02804  3.95139e-05 | 45 -0.03089  3.71440e-04
 46 -0.02997  1.18851e-03 | 47 -0.01284  2.56654e-03 | 48  0.01467 -1.74838e-03
 49  0.01388 -4.93775e-03 | 50 -0.01960 -3.20129e-03 | 51 -0.03498 -2.27493e-03
 52 -0.04834  1.02431e-03 | 53 -0.03711  3.90033e-03 | 54 -0.00042  5.81471e-03
 55  0.00307  5.11654e-03 | 56  0.01957  1.26148e-03 | 57  0.00986 -1.09986e-03
 58 -0.00719 -1.77505e-03 | 59 -0.02317  1.62265e-03 | 60 -0.02181  2.03531e-03
 61  0.00286  4.48915e-04 | 62 -0.01995  5.65007e-04 | 63 -0.03941  1.52096e-03
 64 -0.02437 -7.11050e-04 | 65 -0.01981 -2.50304e-03 | 66 -0.02557 -1.46562e-03
 67 -0.01547 -2.56686e-04 | 68  0.00787 -2.99262e-03 | 69 -0.03073 -5.22358e-03
 70 -0.07852  3.47042e-05 | 71 -0.08214  9.60607e-04 | 72 -0.05182  4.50567e-04
 73 -0.01747 -5.75321e-04 | 74 -0.01672  5.24642e-04 | 75 -0.01674 -1.51908e-03
 76 -0.01679 -1.07498e-03 | 77  0.00000  0.00000e+00 | 78 -0.53376  2.32275e-02
 79 -0.24902 -2.43414e-03 | 80 -0.36039 -9.53215e-03 | 81  0.78094 -1.66826e-02
 82 -0.35219 -1.27412e-03 | 83 -0.47701  3.93140e-05 | 84 -0.11095  4.11136e-04
 85  0.86892 -1.05129e-04 | 86  0.97244  2.87490e-04 | 87  0.07459  3.62424e-04
 88  0.26529  1.18775e-03 | 89 -0.00785 -3.87415e-05 | 90 -0.00135  5.54128e-06
 91  0.00194  9.58691e-06 | 92  0.00111 -4.40614e-06 | 93  0.00292  1.43883e-05
93 variables; iteration 260; function evaluation 354; phase 4
Function value -8.9964814e+01; maximum gradient component mag 3.4776e-04
Var    Value     Gradient |Var    Value     Gradient |Var    Value     Gradient
  1  1.00735 -4.83802e-09 |  2  0.00034 -9.85078e-06 |  3  0.00040  2.94403e-06
  4 -0.01550 -3.35686e-06 |  5 -0.01542  3.59269e-06 |  6 -0.01533 -7.68786e-06
  7 -0.01522 -7.37447e-06 |  8 -0.01509 -3.80753e-06 |  9 -0.01495 -4.54119e-07
 10 -0.01478  2.64168e-06 | 11 -0.01461 -3.78935e-06 | 12 -0.01441 -8.36369e-07
 13 -0.01418  7.41097e-06 | 14 -0.01387 -7.29038e-06 | 15 -0.01348 -1.27205e-05
 16 -0.01295 -3.50020e-06 | 17 -0.01225  1.49310e-06 | 18 -0.01083  1.73808e-06
 19 -0.00904  5.26129e-06 | 20 -0.00707  1.90425e-07 | 21 -0.00469  1.84009e-06
 22 -0.00206 -1.42199e-06 | 23  0.00055  8.57166e-07 | 24  0.00271 -1.34958e-06
 25  0.00420 -3.24463e-07 | 26  0.00441 -1.14980e-06 | 27  0.00347 -8.23033e-07
 28  0.00152 -1.31109e-06 | 29 -0.00062 -3.50585e-07 | 30 -0.00403  1.15999e-06
 31 -0.00940 -5.97778e-06 | 32 -0.01706 -8.30571e-06 | 33 -0.02880 -1.05270e-05
 34 -0.04676 -1.75342e-05 | 35 -0.05287 -1.67382e-05 | 36  0.00045 -1.45162e-05
 37  0.07823  5.96653e-05 | 38 -0.05232  1.46813e-05 | 39 -0.04209 -7.74793e-06
 40 -0.03863 -1.78000e-06 | 41 -0.03333 -3.63996e-06 | 42 -0.02964  3.21942e-06
 43 -0.02691  3.32909e-06 | 44 -0.02804 -4.76737e-06 | 45 -0.03089  1.12075e-07
 46 -0.02997  5.02294e-06 | 47 -0.01284  7.02443e-07 | 48  0.01467  5.46881e-07
 49  0.01388 -4.33586e-06 | 50 -0.01960 -9.56770e-06 | 51 -0.03498 -5.91066e-06
 52 -0.04834  7.64537e-06 | 53 -0.03711  9.13316e-06 | 54 -0.00043  1.77628e-05
 55  0.00307  1.41598e-05 | 56  0.01957  2.08434e-06 | 57  0.00986 -4.92753e-06
 58 -0.00719  3.28284e-06 | 59 -0.02317  2.68590e-06 | 60 -0.02181  7.41242e-06
 61  0.00286  3.50610e-06 | 62 -0.01995  2.68330e-06 | 63 -0.03941  3.03260e-06
 64 -0.02437 -2.59893e-06 | 65 -0.01981 -6.20388e-06 | 66 -0.02557 -6.97520e-06
 67 -0.01547  1.67600e-06 | 68  0.00787 -1.26277e-05 | 69 -0.03072 -1.13015e-05
 70 -0.07853  6.84601e-07 | 71 -0.08214  1.81634e-06 | 72 -0.05182  1.01918e-06
 73 -0.01746 -4.00173e-06 | 74 -0.01672 -4.37161e-06 | 75 -0.01673  8.35766e-06
 76 -0.01678  1.08443e-05 | 77  0.00000  0.00000e+00 | 78 -0.53265  3.47760e-04
 79 -0.25748 -1.04341e-06 | 80 -0.35521 -7.94257e-05 | 81  0.78095 -4.37496e-05
 82 -0.35219 -6.51606e-07 | 83 -0.47763  1.86008e-08 | 84 -0.11095  2.37630e-06
 85  0.86893  4.79844e-07 | 86  0.97238  6.31345e-07 | 87  0.05599 -1.08474e-06
 88  0.26528  3.16243e-07 | 89 -0.00018 -8.72196e-07 | 90 -0.00219  1.26222e-06
 91 -0.00001 -3.47775e-08 | 92  0.00236  1.81937e-06 | 93  0.00004  2.13672e-07
Warning: the following parameters had issues
  SR_parm[1] is within 0.1% of upper bound: 1.00000e-04 < 1.99993e+01 < 2.00000e+01
  selparm[13] is within 0.1% of upper bound: 2.00000e+01 < 8.29704e+01 < 8.30000e+01


 - final statistics:
93 variables; iteration 261; function evaluation 355
Function value -8.9965e+01; maximum gradient component mag 8.7795e-05
Exit code = 1;  converg criter 1.0000e-04
Var    Value     Gradient |Var    Value     Gradient |Var    Value     Gradient
  1  1.00736  6.26427e-09 |  2  0.00034 -2.73344e-06 |  3  0.00040  5.21762e-07
  4 -0.01550 -7.34702e-07 |  5 -0.01542  1.09244e-06 |  6 -0.01533 -1.46881e-06
  7 -0.01522 -1.41332e-06 |  8 -0.01509 -6.86706e-07 |  9 -0.01495 -3.25160e-08
 10 -0.01478  5.53507e-07 | 11 -0.01461 -1.01129e-06 | 12 -0.01441 -2.14646e-07
 13 -0.01418  1.86671e-06 | 14 -0.01387 -1.47880e-06 | 15 -0.01348 -2.74772e-06
 16 -0.01295 -7.23506e-07 | 17 -0.01225  3.11907e-07 | 18 -0.01083  1.02229e-06
 19 -0.00904  1.07927e-06 | 20 -0.00707 -3.63715e-07 | 21 -0.00469  3.05502e-07
 22 -0.00206 -3.33215e-07 | 23  0.00055  4.64665e-08 | 24  0.00271 -3.62770e-07
 25  0.00420 -2.02912e-07 | 26  0.00441 -4.35823e-07 | 27  0.00347 -6.27093e-07
 28  0.00152 -4.68029e-07 | 29 -0.00062 -2.37239e-08 | 30 -0.00403  4.94073e-07
 31 -0.00940 -1.13906e-06 | 32 -0.01706 -1.71022e-06 | 33 -0.02880 -1.98419e-06
 34 -0.04676 -3.38725e-06 | 35 -0.05287 -3.06953e-06 | 36  0.00045 -2.86109e-06
 37  0.07823  1.09549e-05 | 38 -0.05232  1.74457e-06 | 39 -0.04209 -1.61783e-06
 40 -0.03863 -2.98487e-07 | 41 -0.03333 -7.19157e-07 | 42 -0.02964  3.28460e-07
 43 -0.02691  2.32619e-07 | 44 -0.02804 -7.46974e-07 | 45 -0.03089  2.26493e-07
 46 -0.02997  1.27792e-06 | 47 -0.01284 -2.44796e-07 | 48  0.01467  7.23131e-07
 49  0.01388 -1.66555e-07 | 50 -0.01960 -1.67592e-06 | 51 -0.03498 -1.49257e-06
 52 -0.04834  1.25686e-06 | 53 -0.03711  1.50714e-06 | 54 -0.00043  2.89421e-06
 55  0.00307  2.56468e-06 | 56  0.01957  5.99959e-07 | 57  0.00986 -7.58429e-07
 58 -0.00719  7.01334e-07 | 59 -0.02317  1.09152e-07 | 60 -0.02181  1.55788e-06
 61  0.00286  7.53459e-07 | 62 -0.01995  5.32269e-07 | 63 -0.03941  4.75663e-07
 64 -0.02437 -3.98429e-07 | 65 -0.01981 -1.27575e-06 | 66 -0.02557 -1.40678e-06
 67 -0.01547  1.05617e-07 | 68  0.00787 -2.74361e-06 | 69 -0.03072 -1.85259e-06
 70 -0.07853 -3.64010e-08 | 71 -0.08214  2.60523e-07 | 72 -0.05182  1.53765e-07
 73 -0.01746 -4.79768e-07 | 74 -0.01672 -9.18649e-07 | 75 -0.01673  2.13778e-06
 76 -0.01678  2.43734e-06 | 77  0.00000  0.00000e+00 | 78 -0.53265  8.77946e-05
 79 -0.25748 -1.08393e-06 | 80 -0.35521 -2.19227e-05 | 81  0.78095 -7.89147e-06
 82 -0.35219  3.62982e-07 | 83 -0.47763 -1.18624e-08 | 84 -0.11095  4.07808e-07
 85  0.86893  5.85822e-08 | 86  0.97238 -1.73608e-08 | 87  0.05600 -2.60023e-07
 88  0.26528 -4.76109e-07 | 89 -0.00019 -9.55482e-07 | 90 -0.00218  1.31858e-06
 91 -0.00000 -1.37319e-08 | 92  0.00234  1.70772e-06 | 93  0.00006  2.78019e-07
Estimating row 1 out of 93 for hessian
Estimating row 2 out of 93 for hessian
Estimating row 3 out of 93 for hessian
Estimating row 4 out of 93 for hessian
Estimating row 5 out of 93 for hessian
Estimating row 6 out of 93 for hessian
Estimating row 7 out of 93 for hessian
Estimating row 8 out of 93 for hessian
Estimating row 9 out of 93 for hessian
Estimating row 10 out of 93 for hessian
Estimating row 11 out of 93 for hessian
Estimating row 12 out of 93 for hessian
Estimating row 13 out of 93 for hessian
Estimating row 14 out of 93 for hessian
Estimating row 15 out of 93 for hessian
Estimating row 16 out of 93 for hessian
Estimating row 17 out of 93 for hessian
Estimating row 18 out of 93 for hessian
Estimating row 19 out of 93 for hessian
Estimating row 20 out of 93 for hessian
Estimating row 21 out of 93 for hessian
Estimating row 22 out of 93 for hessian
Estimating row 23 out of 93 for hessian
Estimating row 24 out of 93 for hessian
Estimating row 25 out of 93 for hessian
Estimating row 26 out of 93 for hessian
Estimating row 27 out of 93 for hessian
Estimating row 28 out of 93 for hessian
Estimating row 29 out of 93 for hessian
Estimating row 30 out of 93 for hessian
Estimating row 31 out of 93 for hessian
Estimating row 32 out of 93 for hessian
Estimating row 33 out of 93 for hessian
Estimating row 34 out of 93 for hessian
Estimating row 35 out of 93 for hessian
Estimating row 36 out of 93 for hessian
Estimating row 37 out of 93 for hessian
Estimating row 38 out of 93 for hessian
Estimating row 39 out of 93 for hessian
Estimating row 40 out of 93 for hessian
Estimating row 41 out of 93 for hessian
Estimating row 42 out of 93 for hessian
Estimating row 43 out of 93 for hessian
Estimating row 44 out of 93 for hessian
Estimating row 45 out of 93 for hessian
Estimating row 46 out of 93 for hessian
Estimating row 47 out of 93 for hessian
Estimating row 48 out of 93 for hessian
Estimating row 49 out of 93 for hessian
Estimating row 50 out of 93 for hessian
Estimating row 51 out of 93 for hessian
Estimating row 52 out of 93 for hessian
Estimating row 53 out of 93 for hessian
Estimating row 54 out of 93 for hessian
Estimating row 55 out of 93 for hessian
Estimating row 56 out of 93 for hessian
Estimating row 57 out of 93 for hessian
Estimating row 58 out of 93 for hessian
Estimating row 59 out of 93 for hessian
Estimating row 60 out of 93 for hessian
Estimating row 61 out of 93 for hessian
Estimating row 62 out of 93 for hessian
Estimating row 63 out of 93 for hessian
Estimating row 64 out of 93 for hessian
Estimating row 65 out of 93 for hessian
Estimating row 66 out of 93 for hessian
Estimating row 67 out of 93 for hessian
Estimating row 68 out of 93 for hessian
Estimating row 69 out of 93 for hessian
Estimating row 70 out of 93 for hessian
Estimating row 71 out of 93 for hessian
Estimating row 72 out of 93 for hessian
Estimating row 73 out of 93 for hessian
Estimating row 74 out of 93 for hessian
Estimating row 75 out of 93 for hessian
Estimating row 76 out of 93 for hessian
Estimating row 77 out of 93 for hessian
Estimating row 78 out of 93 for hessian
Estimating row 79 out of 93 for hessian
Estimating row 80 out of 93 for hessian
Estimating row 81 out of 93 for hessian
