
Initial statistics: 75 variables; iteration 0; function evaluation 0; phase 1
Function value 4.7733692e+06; maximum gradient component mag -7.3729e+06
Var    Value     Gradient |Var    Value     Gradient |Var    Value     Gradient
  1 -0.17534 -7.37288e+06 |  2 -0.01603 -1.38699e+04 |  3  0.01402 -6.42959e+04
  4  0.02452 -1.15922e+05 |  5 -0.02081 -1.27788e+05 |  6  0.02097 -1.88985e+05
  7  0.00769 -1.63287e+05 |  8  0.02957 -1.74907e+05 |  9 -0.01664 -1.23883e+05
 10 -0.00885 -1.22793e+05 | 11  0.01162 -1.36427e+05 | 12 -0.02645 -9.27206e+04
 13  0.03280 -1.40227e+05 | 14 -0.03920 -8.35354e+04 | 15 -0.00569 -1.01491e+05
 16  0.04611 -1.52098e+05 | 17  0.01224 -1.05677e+05 | 18  0.00076 -6.71300e+04
 19 -0.02218  9.97934e+04 | 20 -0.00344  1.71979e+05 | 21 -0.01598  1.69960e+05
 22 -0.05001  1.31372e+05 | 23 -0.04119  1.27182e+05 | 24  0.00538  1.53969e+05
 25 -0.03867  1.09362e+05 | 26 -0.04699  9.21755e+04 | 27  0.03180  1.39954e+05
 28 -0.01732  8.46517e+04 | 29  0.00712  9.56073e+04 | 30 -0.03802  6.04857e+04
 31 -0.00595  6.46630e+04 | 32  0.04530 -1.50011e+04 | 33 -0.03172 -5.78257e+04
 34 -0.02387 -3.59612e+04 | 35 -0.01559 -6.81694e+04 | 36 -0.03234 -8.71912e+04
 37 -0.00026 -1.03469e+05 | 38 -0.02585 -7.35229e+04 | 39  0.00786 -5.74489e+04
 40  0.04670 -6.76745e+04 | 41 -0.04867 -4.35419e+04 | 42  0.04673 -8.38203e+04
 43 -0.01449 -6.87719e+04 | 44 -0.02224 -9.51867e+04 | 45  0.00000 -1.02158e+05
 46  0.04444 -7.36333e+04 | 47  0.02658 -7.28908e+03 | 48 -0.00131  2.65317e+04
 49  0.00446  5.25381e+04 | 50 -0.01548  6.61702e+03 | 51 -0.00736 -1.50552e+04
 52  0.02611 -4.73625e+04 | 53  0.04843 -1.26186e+04 | 54 -0.03444  2.75345e+03
 55 -0.05198  2.14333e+04 | 56 -0.02541  2.13831e+04 | 57 -0.00599  2.55257e+04
 58  0.03735  3.93608e+04 | 59  0.01885  2.53146e+04 | 60  0.00558  2.17349e+04
 61 -0.01681  1.78162e+04 | 62 -0.04868  5.32135e+03 | 63 -0.05103 -2.91392e+03
 64 -0.03142  7.05012e+03 | 65 -0.04549  1.65357e+04 | 66 -0.04420 -1.91861e+03
 67  0.03739 -3.55914e+05 | 68  0.04491 -5.05784e+05 | 69  0.03729 -4.38841e+05
 70 -0.01570 -2.60066e+05 | 71  0.03195 -3.52434e+05 | 72 -0.02331 -1.34127e+05
 73  0.00425 -4.49626e+04 | 74 -0.02730  1.58800e+02 | 75 -0.00943  1.56377e+02

Intermediate statistics: 75 variables; iteration 20; function evaluation 41; phase 1
Function value -5.3124861e+00; maximum gradient component mag -1.5019e+01
Var    Value     Gradient |Var    Value     Gradient |Var    Value     Gradient
  1  0.15192 -8.93288e+00 |  2 -0.00214 -7.15252e-01 |  3 -0.00983  1.30027e+00
  4 -0.00772  1.78821e+00 |  5 -0.01554 -1.55876e-01 |  6 -0.00789  1.68117e+00
  7 -0.01021  1.07621e+00 |  8 -0.00620  2.01376e+00 |  9 -0.01437 -2.00263e-02
 10 -0.01283  3.02635e-01 | 11 -0.00893  1.17898e+00 | 12 -0.01550 -4.91816e-01
 13 -0.00441  2.06299e+00 | 14 -0.01693 -1.07347e+00 | 15 -0.01041  3.46588e-01
 16  0.00005  2.57574e+00 | 17 -0.00516  1.02852e+00 | 18 -0.00613  4.44225e-01
 19 -0.00970 -7.56717e-01 | 20 -0.00459 -1.49249e-01 | 21 -0.00425 -7.71369e-01
 22 -0.00688 -2.14628e+00 | 23 -0.00109 -1.89718e+00 | 24  0.01132 -5.31548e-01
 25  0.00920 -1.89494e+00 | 26  0.01209 -2.09952e+00 | 27  0.02383 -2.78586e-01
 28  0.01188 -1.11767e+00 | 29  0.00058  7.23755e-01 | 30 -0.03373  5.05126e-01
 31 -0.06070  2.72134e+00 | 32 -0.07564  6.39406e+00 | 33 -0.09609  3.73685e+00
 34 -0.10654  7.88468e-01 | 35 -0.09814 -4.68756e+00 | 36  0.19248 -1.31600e+00
 37  0.14059 -2.10211e+00 | 38 -0.02843  4.69442e-01 | 39 -0.01824  1.69228e+00
 40 -0.01131  3.28056e+00 | 41 -0.02589 -9.59929e-02 | 42 -0.01115  4.33151e+00
 43 -0.01796  3.04015e+00 | 44 -0.01615  3.91508e+00 | 45 -0.00865  5.85721e+00
 46 -0.00493  8.01163e+00 | 47 -0.02081  7.34225e+00 | 48 -0.03255  7.50275e+00
 49 -0.02431  9.43326e+00 | 50 -0.03216  6.71091e+00 | 51 -0.02981  2.34418e+00
 52 -0.00989 -4.34678e-01 | 53 -0.00132 -1.75534e+00 | 54  0.00260 -4.44611e+00
 55  0.00069 -7.19235e+00 | 56 -0.00978 -7.87280e+00 | 57 -0.02654 -7.85630e+00
 58  0.00259 -4.45792e+00 | 59  0.01940 -7.07824e+00 | 60 -0.05166 -1.50193e+01
 61 -0.02843 -5.57959e+00 | 62 -0.03579 -3.34442e+00 | 63 -0.04941 -5.81805e-02
 64 -0.05586  1.61272e+00 | 65 -0.03305  2.40419e+00 | 66  0.00812  2.27158e+00
 67 -0.00984  7.06820e+00 | 68 -0.05404  8.25568e+00 | 69 -0.06697  4.20924e+00
 70 -0.05046  8.74912e-01 | 71 -0.02219  2.80396e+00 | 72 -0.01948 -3.25322e-02
 73 -0.01400  1.00208e+00 | 74 -0.01965 -3.98900e-01 | 75 -0.01660  3.65391e-01

 - final statistics:
75 variables; iteration 22; function evaluation 44
Function value -5.8421e+00; maximum gradient component mag -8.0317e+00
Exit code = 1;  converg criter 1.0000e+01
Var    Value     Gradient |Var    Value     Gradient |Var    Value     Gradient
  1  0.15394 -8.03170e+00 |  2 -0.00077 -3.69309e-01 |  3 -0.01243  6.69882e-01
  4 -0.01130  9.19315e-01 |  5 -0.01522 -7.37494e-02 |  6 -0.01124  8.64653e-01
  7 -0.01232  5.65011e-01 |  8 -0.01018  1.04307e+00 |  9 -0.01417  2.34408e-02
 10 -0.01327  1.85140e-01 | 11 -0.01121  6.15409e-01 | 12 -0.01436 -2.27535e-01
 13 -0.00876  1.01135e+00 | 14 -0.01471 -5.43242e-01 | 15 -0.01136  1.33022e-01
 16 -0.00601  1.17666e+00 | 17 -0.00787  4.34484e-01 | 18 -0.00759  1.59438e-01
 19 -0.00823 -3.63314e-01 | 20 -0.00437 -2.36318e-02 | 21 -0.00269 -3.44791e-01
 22 -0.00279 -1.18773e+00 | 23  0.00210 -1.14171e+00 | 24  0.01220 -2.33403e-01
 25  0.01167 -1.32724e+00 | 26  0.01525 -1.45725e+00 | 27  0.02404 -2.02108e-01
 28  0.01312 -9.63026e-01 | 29 -0.00291 -2.24568e-01 | 30 -0.03376  2.40949e-01
 31 -0.07274 -1.66501e+00 | 32 -0.08245  3.41949e+00 | 33 -0.09631  3.64563e+00
 34 -0.09813  4.78860e+00 | 35 -0.08787 -3.43015e-01 | 36  0.19430  4.59036e-01
 37  0.14008 -2.07775e+00 | 38 -0.02790  4.57475e-01 | 39 -0.01958  1.03339e+00
 40 -0.01541  1.65865e+00 | 41 -0.02872 -1.59891e+00 | 42 -0.01683  1.67320e+00
 43 -0.02205  5.13392e-01 | 44 -0.01789  1.53020e+00 | 45 -0.00995  2.74231e+00
 46 -0.01036  2.72246e+00 | 47 -0.02036  3.12413e+00 | 48 -0.03762  1.52881e+00
 49 -0.03133  2.90326e+00 | 50 -0.03713  2.62706e+00 | 51 -0.03062  1.57437e+00
 52 -0.00747  1.39231e+00 | 53 -0.00155  8.81275e-01 | 54 -0.00327 -2.02531e+00
 55  0.00546 -2.29241e+00 | 56 -0.01293 -4.95295e+00 | 57 -0.02238 -4.35446e+00
 58  0.00208 -1.53017e+00 | 59 -0.00837 -6.76659e+00 | 60 -0.01445 -2.48473e+00
 61 -0.02614  4.80472e-01 | 62 -0.04426 -1.98480e+00 | 63 -0.05296  3.82038e-01
 64 -0.06119 -2.63308e-02 | 65 -0.03366  1.24107e+00 | 66  0.00751 -4.32320e-01
 67 -0.01384  3.19032e+00 | 68 -0.06067  4.01308e+00 | 69 -0.07298  9.64571e-01
 70 -0.05196 -2.61800e-02 | 71 -0.02556  1.84876e+00 | 72 -0.01952 -2.71348e-02
 73 -0.01597  5.29513e-01 | 74 -0.01892 -2.01718e-01 | 75 -0.01734  2.05510e-01

 - final statistics:
75 variables; iteration 0; function evaluation 0
Function value -5.8421e+00; maximum gradient component mag -8.0317e+00
Exit code = 0;  converg criter 1.0000e+01
Var    Value     Gradient |Var    Value     Gradient |Var    Value     Gradient
  1  0.15394 -8.03170e+00 |  2 -0.00077 -3.69309e-01 |  3 -0.01243  6.69882e-01
  4 -0.01130  9.19315e-01 |  5 -0.01522 -7.37494e-02 |  6 -0.01124  8.64653e-01
  7 -0.01232  5.65011e-01 |  8 -0.01018  1.04307e+00 |  9 -0.01417  2.34408e-02
 10 -0.01327  1.85140e-01 | 11 -0.01121  6.15409e-01 | 12 -0.01436 -2.27535e-01
 13 -0.00876  1.01135e+00 | 14 -0.01471 -5.43242e-01 | 15 -0.01136  1.33022e-01
 16 -0.00601  1.17666e+00 | 17 -0.00787  4.34484e-01 | 18 -0.00759  1.59438e-01
 19 -0.00823 -3.63314e-01 | 20 -0.00437 -2.36318e-02 | 21 -0.00269 -3.44791e-01
 22 -0.00279 -1.18773e+00 | 23  0.00210 -1.14171e+00 | 24  0.01220 -2.33403e-01
 25  0.01167 -1.32724e+00 | 26  0.01525 -1.45725e+00 | 27  0.02404 -2.02108e-01
 28  0.01312 -9.63026e-01 | 29 -0.00291 -2.24568e-01 | 30 -0.03376  2.40949e-01
 31 -0.07274 -1.66501e+00 | 32 -0.08245  3.41949e+00 | 33 -0.09631  3.64563e+00
 34 -0.09813  4.78860e+00 | 35 -0.08787 -3.43015e-01 | 36  0.19430  4.59036e-01
 37  0.14008 -2.07775e+00 | 38 -0.02790  4.57475e-01 | 39 -0.01958  1.03339e+00
 40 -0.01541  1.65865e+00 | 41 -0.02872 -1.59891e+00 | 42 -0.01683  1.67320e+00
 43 -0.02205  5.13392e-01 | 44 -0.01789  1.53020e+00 | 45 -0.00995  2.74231e+00
 46 -0.01036  2.72246e+00 | 47 -0.02036  3.12413e+00 | 48 -0.03762  1.52881e+00
 49 -0.03133  2.90326e+00 | 50 -0.03713  2.62706e+00 | 51 -0.03062  1.57437e+00
 52 -0.00747  1.39231e+00 | 53 -0.00155  8.81275e-01 | 54 -0.00327 -2.02531e+00
 55  0.00546 -2.29241e+00 | 56 -0.01293 -4.95295e+00 | 57 -0.02238 -4.35446e+00
 58  0.00208 -1.53017e+00 | 59 -0.00837 -6.76659e+00 | 60 -0.01445 -2.48473e+00
 61 -0.02614  4.80472e-01 | 62 -0.04426 -1.98480e+00 | 63 -0.05296  3.82038e-01
 64 -0.06119 -2.63308e-02 | 65 -0.03366  1.24107e+00 | 66  0.00751 -4.32320e-01
 67 -0.01384  3.19032e+00 | 68 -0.06067  4.01308e+00 | 69 -0.07298  9.64571e-01
 70 -0.05196 -2.61800e-02 | 71 -0.02556  1.84876e+00 | 72 -0.01952 -2.71348e-02
 73 -0.01597  5.29513e-01 | 74 -0.01892 -2.01718e-01 | 75 -0.01734  2.05510e-01

Initial statistics: 92 variables; iteration 0; function evaluation 0; phase 3
Function value -5.8420880e+00; maximum gradient component mag -7.6184e+02
Var    Value     Gradient |Var    Value     Gradient |Var    Value     Gradient
  1  0.15394 -8.03170e+00 |  2 -0.01354 -3.48129e+00 |  3 -0.00077 -3.69309e-01
  4 -0.01243  6.69882e-01 |  5 -0.01130  9.19315e-01 |  6 -0.01522 -7.37494e-02
  7 -0.01124  8.64653e-01 |  8 -0.01232  5.65011e-01 |  9 -0.01018  1.04307e+00
 10 -0.01417  2.34408e-02 | 11 -0.01327  1.85140e-01 | 12 -0.01121  6.15409e-01
 13 -0.01436 -2.27535e-01 | 14 -0.00876  1.01135e+00 | 15 -0.01471 -5.43242e-01
 16 -0.01136  1.33022e-01 | 17 -0.00601  1.17666e+00 | 18 -0.00787  4.34484e-01
 19 -0.00759  1.59438e-01 | 20 -0.00823 -3.63314e-01 | 21 -0.00437 -2.36318e-02
 22 -0.00269 -3.44791e-01 | 23 -0.00279 -1.18773e+00 | 24  0.00210 -1.14171e+00
 25  0.01220 -2.33403e-01 | 26  0.01167 -1.32724e+00 | 27  0.01525 -1.45725e+00
 28  0.02404 -2.02108e-01 | 29  0.01312 -9.63026e-01 | 30 -0.00291 -2.24568e-01
 31 -0.03376  2.40949e-01 | 32 -0.07274 -1.66501e+00 | 33 -0.08245  3.41949e+00
 34 -0.09631  3.64563e+00 | 35 -0.09813  4.78860e+00 | 36 -0.08787 -3.43015e-01
 37  0.19430  4.59036e-01 | 38  0.14008 -2.07775e+00 | 39 -0.02790  4.57475e-01
 40 -0.01958  1.03339e+00 | 41 -0.01541  1.65865e+00 | 42 -0.02872 -1.59891e+00
 43 -0.01683  1.67320e+00 | 44 -0.02205  5.13392e-01 | 45 -0.01789  1.53020e+00
 46 -0.00995  2.74231e+00 | 47 -0.01036  2.72246e+00 | 48 -0.02036  3.12413e+00
 49 -0.03762  1.52881e+00 | 50 -0.03133  2.90326e+00 | 51 -0.03713  2.62706e+00
 52 -0.03062  1.57437e+00 | 53 -0.00747  1.39231e+00 | 54 -0.00155  8.81275e-01
 55 -0.00327 -2.02531e+00 | 56  0.00546 -2.29241e+00 | 57 -0.01293 -4.95295e+00
 58 -0.02238 -4.35446e+00 | 59  0.00208 -1.53017e+00 | 60 -0.00837 -6.76659e+00
 61 -0.01445 -2.48473e+00 | 62 -0.02614  4.80472e-01 | 63 -0.04426 -1.98480e+00
 64 -0.05296  3.82038e-01 | 65 -0.06119 -2.63308e-02 | 66 -0.03366  1.24107e+00
 67  0.00751 -4.32320e-01 | 68 -0.01384  3.19032e+00 | 69 -0.06067  4.01308e+00
 70 -0.07298  9.64571e-01 | 71 -0.05196 -2.61800e-02 | 72 -0.02556  1.84876e+00
 73 -0.01952 -2.71348e-02 | 74 -0.01597  5.29513e-01 | 75 -0.01892 -2.01718e-01
 76 -0.01734  2.05510e-01 | 77 -0.23350  6.89155e+02 | 78 -0.32396  3.66328e-01
 79 -0.05133 -7.61837e+02 | 80  0.89612  8.51975e+00 | 81 -0.09323 -7.16571e+00
 82 -0.27423  1.61252e-02 | 83  0.07206  2.00681e+01 | 84  0.35034  1.08308e-01
 85 -0.21219  2.53529e+01 | 86 -0.19633  1.89434e+01 | 87  0.06642  4.47616e+01
 88  0.30389  7.90179e+00 | 89 -0.41171 -9.37661e-03 | 90  0.03265  4.00150e-04
 91  0.06289  3.84943e-03 | 92  0.26924  1.41873e-03 |

Intermediate statistics: 92 variables; iteration 20; function evaluation 30; phase 3
Function value -5.0574289e+01; maximum gradient component mag 7.7864e+01
Var    Value     Gradient |Var    Value     Gradient |Var    Value     Gradient
  1  0.65034 -3.21754e-02 |  2 -0.00167 -5.37099e-01 |  3  0.00037 -6.04252e-02
  4 -0.01487  9.96355e-02 |  5 -0.01459  1.38939e-01 |  6 -0.01506 -8.40003e-03
  7 -0.01432  1.35670e-01 |  8 -0.01430  9.58751e-02 |  9 -0.01377  1.73517e-01
 10 -0.01411  3.12124e-02 | 11 -0.01369  6.18411e-02 | 12 -0.01308  1.29874e-01
 13 -0.01314  1.61818e-02 | 14 -0.01190  1.92963e-01 | 15 -0.01213 -1.48286e-02
 16 -0.01112  7.99416e-02 | 17 -0.00938  2.17121e-01 | 18 -0.00820  1.25209e-01
 19 -0.00670  8.71190e-02 | 20 -0.00483  2.88982e-02 | 21 -0.00199  4.99840e-02
 22  0.00125  5.15834e-03 | 23  0.00499 -7.73037e-02 | 24  0.00992 -1.02108e-01
 25  0.01576 -1.07743e-01 | 26  0.02207 -1.76505e-01 | 27  0.02935 -2.00268e-01
 28  0.03829 -1.46933e-01 | 29  0.04573 -1.21724e-01 | 30  0.03602 -1.13390e-01
 31 -0.00730 -7.72785e-01 | 32 -0.05207 -2.20753e+00 | 33 -0.05642  1.96201e-01
 34 -0.06323 -7.83648e-01 | 35 -0.06498 -2.75545e+00 | 36 -0.02105  2.14977e+00
 37  0.10396  1.32128e+01 | 38 -0.07441 -1.40178e+01 | 39 -0.01924 -6.82049e-01
 40 -0.02595 -8.75128e-01 | 41 -0.02832 -7.87114e-01 | 42 -0.03741 -1.78684e+00
 43 -0.03535 -1.03502e+00 | 44 -0.03837 -1.49199e+00 | 45 -0.03459 -1.11308e+00
 46 -0.04184 -1.76467e+00 | 47 -0.02052 -1.70245e+00 | 48  0.01086 -2.34021e+00
 49 -0.00622 -3.90732e+00 | 50 -0.03103 -4.88557e+00 | 51 -0.03939 -6.11027e+00
 52 -0.04392 -4.61902e+00 | 53 -0.03337 -5.42801e+00 | 54 -0.00548 -4.40484e+00
 55 -0.01645 -3.36067e+00 | 56  0.00793 -1.55817e+00 | 57  0.00829 -8.13655e-01
 58 -0.01157 -3.94225e-01 | 59 -0.02212  1.25482e+00 | 60 -0.01499  9.49779e-01
 61  0.00533  3.30475e+00 | 62 -0.01942  6.83850e+00 | 63 -0.02877  7.94596e+00
 64 -0.02518  7.07205e+00 | 65 -0.04865  3.54066e+00 | 66 -0.05563  2.06738e+00
 67 -0.01907  4.51563e+00 | 68  0.03175  6.25589e+00 | 69 -0.03701  4.37578e+00
 70 -0.08663  2.55340e+00 | 71 -0.08636  2.76577e-01 | 72 -0.05019  1.64989e-02
 73 -0.01838 -1.64263e-03 | 74 -0.01658  9.28038e-02 | 75 -0.01702 -1.97510e-02
 76 -0.01678  4.23858e-02 | 77 -0.48791 -6.60172e+00 | 78 -0.33702  5.55310e-03
 79 -0.21442  3.39199e+00 | 80  0.78402 -2.51523e+00 | 81 -0.20828  1.33325e+01
 82 -0.25914  2.47267e-01 | 83  0.00226 -9.87779e+00 | 84  0.35251  1.09384e+00
 85 -0.23365  7.78637e+01 | 86 -0.35541  1.64806e-01 | 87 -0.24520 -1.98977e+01
 88  0.34381  6.76931e+00 | 89 -0.41156 -2.36439e-03 | 90  0.03263  1.61178e-04
 91  0.06288  3.09498e-04 | 92  0.26911  1.41325e-03 |
92 variables; iteration 40; function evaluation 60; phase 3
Function value -5.1304293e+01; maximum gradient component mag 1.0194e+01
Var    Value     Gradient |Var    Value     Gradient |Var    Value     Gradient
  1  0.65341 -2.96195e-02 |  2  0.00037 -3.43628e-02 |  3  0.00054 -1.66779e-02
  4 -0.01531 -6.78848e-03 |  5 -0.01517 -2.15301e-03 |  6 -0.01504 -4.19233e-03
  7 -0.01484  5.49134e-03 |  8 -0.01465  6.96535e-03 |  9 -0.01442  1.24222e-02
 10 -0.01419  6.19860e-03 | 11 -0.01389  6.27388e-03 | 12 -0.01355  8.53627e-03
 13 -0.01318 -2.10554e-03 | 14 -0.01262  9.97056e-03 | 15 -0.01209 -1.30462e-02
 16 -0.01142 -3.53468e-03 | 17 -0.01018  2.05772e-02 | 18 -0.00863  1.58847e-02
 19 -0.00693  2.35249e-02 | 20 -0.00479  2.86976e-02 | 21 -0.00199  4.79304e-02
 22  0.00140  3.96019e-02 | 23  0.00558  5.31342e-02 | 24  0.01039  1.10874e-02
 25  0.01523 -1.66293e-01 | 26  0.02285  1.76446e-02 | 27  0.03051  7.69058e-02
 28  0.03738 -1.31852e-01 | 29  0.04798  3.41180e-01 | 30  0.03767  2.21955e-01
 31 -0.00332  3.62647e-02 | 32 -0.04652 -4.14331e-01 | 33 -0.05974  1.08567e-01
 34 -0.06464  5.04083e-01 | 35 -0.06049  8.12041e-01 | 36 -0.02024  1.74839e+00
 37  0.08125  5.22340e-01 | 38 -0.03925 -4.12948e+00 | 39 -0.01881 -3.55599e-01
 40 -0.02434 -5.47376e-02 | 41 -0.02712  1.61261e-02 | 42 -0.03339 -1.12564e-01
 43 -0.03346  2.55695e-01 | 44 -0.03530  2.70016e-01 | 45 -0.03285  4.24466e-01
 46 -0.03808  4.82149e-01 | 47 -0.01859  9.45554e-01 | 48  0.00764  1.30340e+00
 49 -0.00699  1.47155e+00 | 50 -0.02995  1.30917e+00 | 51 -0.03585  8.13005e-01
 52 -0.04506  2.80785e-01 | 53 -0.03184 -4.28389e-01 | 54 -0.00627  3.61026e-02
 55 -0.01380  2.36606e-01 | 56  0.00564  7.78620e-02 | 57  0.00698 -3.19428e-01
 58 -0.01169 -7.47275e-01 | 59 -0.02650 -9.85499e-01 | 60 -0.01479 -1.32877e+00
 61  0.00694 -1.06395e+00 | 62 -0.02611 -8.14048e-01 | 63 -0.03639 -9.63326e-01
 64 -0.02952 -4.90283e-01 | 65 -0.04826 -1.55196e-01 | 66 -0.05460 -1.49635e-01
 67 -0.02407 -1.41183e-01 | 68  0.03068  4.50386e-01 | 69 -0.04092  1.75756e-01
 70 -0.08914  9.97950e-02 | 71 -0.08667 -5.68640e-01 | 72 -0.05000  3.03511e-02
 73 -0.01854  5.92746e-03 | 74 -0.01703  8.11000e-03 | 75 -0.01703  4.62354e-03
 76 -0.01704  5.58188e-03 | 77 -0.47841  1.01936e+01 | 78 -0.45670  3.21078e-03
 79 -0.20709 -3.33893e+00 | 80  0.78195  3.89112e-01 | 81 -0.19792  1.27272e+00
 82 -0.23844 -3.91525e-01 | 83  0.01417 -1.25121e+00 | 84  0.30309 -8.25631e-01
 85 -0.23126 -5.73666e+00 | 86 -0.32860 -1.62646e-02 | 87 -0.22316  1.70366e+00
 88  0.32892 -3.18265e-01 | 89 -0.40441 -2.30951e-03 | 90  0.03214  1.58778e-04
 91  0.06195  3.04814e-04 | 92  0.26481  1.38779e-03 |
92 variables; iteration 60; function evaluation 93; phase 3
Function value -5.1401625e+01; maximum gradient component mag 8.4252e+00
Var    Value     Gradient |Var    Value     Gradient |Var    Value     Gradient
  1  0.69103 -2.05321e-02 |  2  0.00022 -6.96831e-02 |  3 -0.00038 -2.39998e-01
  4 -0.01614 -2.09201e-01 |  5 -0.01575 -1.43122e-01 |  6 -0.01506 -6.47647e-03
  7 -0.01484  8.75132e-03 |  8 -0.01444  6.01809e-02 |  9 -0.01428  4.74903e-02
 10 -0.01400  5.30314e-02 | 11 -0.01388  1.20985e-02 | 12 -0.01371 -2.70969e-02
 13 -0.01350 -7.68791e-02 | 14 -0.01293 -6.23147e-02 | 15 -0.01238 -8.49183e-02
 16 -0.01147 -1.71619e-02 | 17 -0.01033 -2.08932e-02 | 18 -0.00828  9.24366e-02
 19 -0.00684  3.89370e-02 | 20 -0.00492 -8.39048e-03 | 21 -0.00401 -4.06292e-01
 22  0.00047 -1.73618e-01 | 23  0.00454 -1.80741e-01 | 24  0.01244  3.81653e-01
 25  0.01572 -1.10822e-01 | 26  0.02254 -7.87108e-02 | 27  0.02894 -2.26944e-01
 28  0.03955  9.65799e-02 | 29  0.04508 -1.10972e-01 | 30  0.03610 -8.06436e-02
 31 -0.00243  2.06556e-01 | 32 -0.04349  5.18588e-01 | 33 -0.06130 -3.60323e-01
 34 -0.06612 -2.51059e-02 | 35 -0.06253 -3.76301e-01 | 36 -0.02066 -1.60833e-01
 37  0.07872 -3.33801e-01 | 38 -0.02873  8.41068e-01 | 39 -0.01842  2.52265e-01
 40 -0.02468 -1.06036e-01 | 41 -0.02730 -7.52695e-02 | 42 -0.03181  2.31794e-01
 43 -0.03488 -3.31701e-01 | 44 -0.03618 -2.77710e-01 | 45 -0.03353 -2.16113e-01
 46 -0.03890 -3.43601e-01 | 47 -0.02179 -8.87357e-01 | 48  0.00741 -7.63583e-01
 49 -0.00722 -1.01294e+00 | 50 -0.03149 -1.02491e+00 | 51 -0.03757 -9.66458e-01
 52 -0.04449 -1.08113e-01 | 53 -0.03055  4.31960e-02 | 54 -0.00651  4.10962e-02
 55 -0.01458  9.84254e-02 | 56  0.00565  4.83522e-01 | 57  0.00623  4.81308e-01
 58 -0.01021  9.08869e-01 | 59 -0.02542  7.09982e-01 | 60 -0.01399  6.17184e-01
 61  0.00660  5.52175e-01 | 62 -0.02647  1.78115e-01 | 63 -0.03425  8.80081e-01
 64 -0.03073  1.80133e-01 | 65 -0.04889  7.23459e-02 | 66 -0.05357  2.54185e-01
 67 -0.02438 -2.92828e-01 | 68  0.02940 -1.96174e-01 | 69 -0.03977 -5.94626e-04
 70 -0.08948 -1.45735e-01 | 71 -0.08560  7.68228e-02 | 72 -0.05028  1.29168e-01
 73 -0.01957 -2.50269e-01 | 74 -0.01740 -8.31309e-02 | 75 -0.01714 -2.28825e-02
 76 -0.01726 -4.75547e-02 | 77 -0.48403 -7.40113e+00 | 78 -0.48297 -5.09583e-04
 79 -0.21144  5.06581e+00 | 80  0.78831  2.66226e-02 | 81 -0.21650  8.42521e+00
 82 -0.21008  1.27290e+00 | 83  0.00322  1.62809e+00 | 84  0.36223  1.91202e+00
 85 -0.23184 -5.07263e-01 | 86 -0.32989 -3.22076e-02 | 87 -0.22653 -5.56238e-01
 88  0.32994 -6.97081e-01 | 89 -0.36862 -2.04844e-03 | 90  0.02968  1.46598e-04
 91  0.05718  2.80664e-04 | 92  0.24333  1.26293e-03 |
92 variables; iteration 80; function evaluation 128; phase 3
Function value -5.2042781e+01; maximum gradient component mag 2.0665e+01
Var    Value     Gradient |Var    Value     Gradient |Var    Value     Gradient
  1  0.62385 -4.26924e-02 |  2  0.00283  5.76032e-01 |  3  0.00601  1.33174e+00
  4 -0.01248  6.92233e-01 |  5 -0.01516  4.59252e-03 |  6 -0.01792 -7.07656e-01
  7 -0.01685 -4.90434e-01 |  8 -0.01540 -1.89400e-01 |  9 -0.01345  2.25033e-01
 10 -0.01229  4.35571e-01 | 11 -0.01275  2.44502e-01 | 12 -0.01398 -1.40440e-01
 13 -0.01688 -9.33989e-01 | 14 -0.01528 -6.58438e-01 | 15 -0.01908 -1.69968e+00
 16 -0.01092  1.07209e-01 | 17 -0.01171 -3.39667e-01 | 18 -0.00946 -1.65007e-01
 19 -0.01764 -2.40980e+00 | 20  0.00314  1.83978e+00 | 21  0.01431  3.64915e+00
 22  0.00572  1.03423e+00 | 23  0.00922  8.95237e-01 | 24  0.00639 -6.58068e-01
 25  0.01887  6.29813e-01 | 26  0.02367  2.92609e-01 | 27  0.03404  7.53826e-01
 28  0.03329 -6.07334e-01 | 29  0.05196  9.37043e-01 | 30  0.03997  6.26360e-01
 31 -0.00025  5.60312e-01 | 32 -0.04455 -2.96239e-01 | 33 -0.05481  1.38276e+00
 34 -0.06352  8.06074e-01 | 35 -0.05655  1.67305e+00 | 36 -0.01198  2.84492e-01
 37  0.07487  6.31097e-01 | 38 -0.03800 -1.45578e+00 | 39 -0.00660  2.38252e+00
 40 -0.01884  1.71203e+00 | 41 -0.03212 -1.29780e+00 | 42 -0.03096  6.16910e-01
 43 -0.03106  1.17975e+00 | 44 -0.03392  1.18769e+00 | 45 -0.02735  3.16581e+00
 46 -0.04579 -2.09162e-01 | 47 -0.02052  2.81008e+00 | 48  0.01592  5.09846e+00
 49 -0.00745  1.30250e+00 | 50 -0.03413  1.08047e+00 | 51 -0.02839  5.26257e+00
 52 -0.04636  2.33664e+00 | 53 -0.03244  1.85773e+00 | 54 -0.00661 -8.23040e-01
 55 -0.01100 -2.62145e+00 | 56  0.00444 -3.87338e+00 | 57  0.00330 -3.24402e+00
 58 -0.00767 -1.11742e+00 | 59 -0.02333 -6.29958e-01 | 60 -0.02352 -2.06659e+00
 61  0.00962 -1.41356e-01 | 62 -0.02569 -1.32097e+00 | 63 -0.03736 -2.19729e-01
 64 -0.02903 -1.99408e+00 | 65 -0.04392 -4.33293e+00 | 66 -0.05672 -5.91509e+00
 67 -0.02548 -1.89794e+00 | 68  0.02947  3.52904e+00 | 69 -0.03259  2.85825e+00
 70 -0.09045 -3.57981e-01 | 71 -0.08685  8.24881e-01 | 72 -0.05285  4.10226e-01
 73 -0.00634  2.83580e+00 | 74 -0.01439  6.58267e-01 | 75 -0.01685  4.71075e-02
 76 -0.01589  2.87225e-01 | 77 -0.48418  1.62038e+01 | 78 -0.57480 -3.43735e-03
 79 -0.22283 -6.62767e+00 | 80  0.76203 -7.03926e-01 | 81 -0.32983 -6.19055e+00
 82 -0.23894  4.76182e-01 | 83 -0.09450  4.28997e+00 | 84  0.63922 -3.18143e+00
 85 -0.21036  2.06648e+01 | 86 -0.39853  1.29576e-01 | 87 -0.16596  6.52764e+00
 88  0.25910  7.53277e+00 | 89 -0.13280 -6.25979e-04 | 90  0.01310  6.46503e-05
 91  0.02423  8.20115e-05 | 92  0.10054  5.00341e-04 |
92 variables; iteration 100; function evaluation 161; phase 3
Function value -5.2998638e+01; maximum gradient component mag 8.2368e+00
Var    Value     Gradient |Var    Value     Gradient |Var    Value     Gradient
  1  0.65251 -3.01876e-02 |  2  0.00065  2.83974e-02 |  3  0.00111  1.20627e-01
  4 -0.01507  4.94084e-02 |  5 -0.01488  6.89674e-02 |  6 -0.01315  4.58269e-01
  7 -0.01268  5.34914e-01 |  8 -0.01238  5.61869e-01 |  9 -0.01338  2.64478e-01
 10 -0.01399  5.60847e-02 | 11 -0.01205  4.56343e-01 | 12 -0.01126  5.65637e-01
 13 -0.01414 -2.28653e-01 | 14 -0.01429 -3.88548e-01 | 15 -0.01335 -3.17472e-01
 16 -0.01096  1.01351e-01 | 17 -0.00542  1.12607e+00 | 18 -0.00825  9.32705e-02
 19 -0.00394  6.96254e-01 | 20 -0.00510 -5.49122e-02 | 21 -0.00368 -3.42675e-01
 22 -0.00032 -3.50745e-01 | 23  0.00437 -2.30475e-01 | 24  0.01134  1.42654e-01
 25  0.01626 -4.56491e-02 | 26  0.02309 -2.23143e-02 | 27  0.02973 -1.28368e-01
 28  0.04008  2.00617e-01 | 29  0.04358 -1.07620e-01 | 30  0.03335  9.47200e-02
 31 -0.00591  5.77260e-01 | 32 -0.05180 -2.94472e-01 | 33 -0.06817 -3.78381e-01
 34 -0.07342 -1.29016e-01 | 35 -0.06509 -3.62458e-01 | 36 -0.00769 -5.56404e-01
 37  0.08705 -8.91513e-01 | 38 -0.03188  6.91180e-01 | 39 -0.01636  9.57674e-02
 40 -0.02456  6.39412e-02 | 41 -0.02804 -2.68255e-01 | 42 -0.03307 -4.02958e-02
 43 -0.03543 -2.68423e-01 | 44 -0.03723 -9.83016e-02 | 45 -0.03648 -9.24258e-02
 46 -0.04454 -4.55132e-01 | 47 -0.02749 -5.48279e-01 | 48  0.00414 -1.12374e+00
 49  0.00752 -3.82706e-01 | 50 -0.02667 -6.01537e-01 | 51 -0.04094 -9.69112e-01
 52 -0.05104 -4.49064e-01 | 53 -0.03972 -2.65008e-01 | 54 -0.00430  2.64684e-01
 55  0.00013  7.54163e-01 | 56  0.01400  1.01197e+00 | 57  0.00307  7.43315e-01
 58 -0.01284  6.17941e-01 | 59 -0.02672  1.66221e-01 | 60 -0.02271  2.45705e-01
 61 -0.00422 -3.09797e-01 | 62 -0.02487  8.73013e-02 | 63 -0.04410 -2.23507e-01
 64 -0.03221  8.16388e-02 | 65 -0.02770  8.35407e-01 | 66 -0.02861  1.03774e+00
 67 -0.01467  5.85525e-01 | 68 -0.00154 -1.13906e+00 | 69 -0.03917 -4.52502e-01
 70 -0.08255 -2.47727e-01 | 71 -0.08423 -2.62710e-01 | 72 -0.05228 -3.67518e-02
 73 -0.01951 -4.31656e-01 | 74 -0.01679  5.36161e-02 | 75 -0.01722 -5.06140e-02
 76 -0.01699  1.88262e-02 | 77 -0.49298 -1.48858e+00 | 78 -0.47988 -9.28944e-04
 79 -0.23197  1.58037e+00 | 80  0.79953  1.42904e-01 | 81 -0.34058 -4.13358e+00
 82 -0.39003  6.04339e-03 | 83 -0.10095  1.69392e+00 | 84  0.82976 -1.04146e+00
 85 -0.21537  8.23682e+00 | 86 -0.40707  1.79313e-03 | 87 -0.18756 -3.35694e+00
 88  0.27470  3.31105e-01 | 89 -0.11076 -5.20592e-04 | 90  0.01131  5.58198e-05
 91  0.02109  7.47618e-05 | 92  0.08586  4.26290e-04 |
92 variables; iteration 120; function evaluation 202; phase 3
Function value -5.3083018e+01; maximum gradient component mag 7.3027e+00
Var    Value     Gradient |Var    Value     Gradient |Var    Value     Gradient
  1  0.66541 -2.61818e-02 |  2  0.00029 -5.33673e-02 |  3  0.00130  1.69647e-01
  4 -0.01561 -8.15710e-02 |  5 -0.01520 -8.43244e-03 |  6 -0.01509 -1.65539e-02
  7 -0.01475  2.89142e-02 |  8 -0.01508 -9.62730e-02 |  9 -0.01450 -7.57132e-03
 10 -0.01408  3.33097e-02 | 11 -0.01453 -1.47247e-01 | 12 -0.01365 -1.78046e-02
 13 -0.01309  2.02541e-02 | 14 -0.01292 -6.10950e-02 | 15 -0.01229 -5.95824e-02
 16 -0.01036  2.51572e-01 | 17 -0.01005  5.45036e-02 | 18 -0.00849  5.62662e-02
 19 -0.00761 -1.18770e-01 | 20 -0.00479  4.01280e-02 | 21 -0.00135  1.95466e-01
 22  0.00208  1.85363e-01 | 23  0.00614  1.59379e-01 | 24  0.01041 -7.73929e-03
 25  0.01665  5.71953e-02 | 26  0.02322  3.23306e-02 | 27  0.03076  6.77319e-02
 28  0.03769 -8.67525e-02 | 29  0.04441  7.67716e-02 | 30  0.03195  2.30607e-02
 31 -0.00984 -1.60580e-01 | 32 -0.05120  7.50051e-02 | 33 -0.06775 -1.75764e-02
 34 -0.07367 -1.82132e-01 | 35 -0.06391 -9.40732e-02 | 36 -0.00572 -5.19430e-02
 37  0.09292  3.89719e-01 | 38 -0.03255 -1.25999e-03 | 39 -0.01613  5.91521e-02
 40 -0.02455 -6.00921e-03 | 41 -0.02679  7.68672e-02 | 42 -0.03268  9.42592e-02
 43 -0.03447  8.79673e-02 | 44 -0.03692  1.09277e-01 | 45 -0.03627  2.03464e-01
 46 -0.04308  2.94165e-01 | 47 -0.02629  4.58485e-01 | 48  0.00715  6.61593e-01
 49  0.00558  4.46393e-01 | 50 -0.02637  4.29901e-01 | 51 -0.03890  6.11268e-01
 52 -0.05086  4.05567e-01 | 53 -0.03910  3.84641e-01 | 54 -0.00448  4.76883e-02
 55  0.00052 -1.23988e-01 | 56  0.01465 -1.42526e-01 | 57  0.00293 -2.55259e-01
 58 -0.01384 -2.88346e-01 | 59 -0.02702 -3.43074e-01 | 60 -0.02471 -4.55605e-01
 61 -0.00496 -4.44512e-01 | 62 -0.02624 -3.37594e-01 | 63 -0.04212  8.60481e-02
 64 -0.02950  1.53162e-01 | 65 -0.02703 -2.82664e-01 | 66 -0.02871 -3.69433e-01
 67 -0.01671 -4.92962e-01 | 68 -0.00166 -6.34944e-01 | 69 -0.04067 -4.95751e-01
 70 -0.08209 -2.24685e-01 | 71 -0.08229  1.32168e-01 | 72 -0.05129  4.87158e-02
 73 -0.01716  1.46677e-01 | 74 -0.01556  3.55826e-01 | 75 -0.01626  1.87404e-01
 76 -0.01872 -4.04597e-01 | 77 -0.49864  9.86989e-02 | 78 -0.51409 -2.52969e-03
 79 -0.24541  5.38014e-01 | 80  0.81055 -9.12237e-04 | 81 -0.33731 -7.54232e-01
 82 -0.47439 -7.13650e-04 | 83 -0.09755  7.30793e-01 | 84  0.87355 -8.85321e-02
 85 -0.20262  7.30272e+00 | 86 -0.39488  4.42504e-02 | 87 -0.15547 -7.27261e-01
 88  0.20720  1.79260e+00 | 89 -0.05123 -2.30165e-04 | 90  0.00523  2.58231e-05
 91  0.01218  3.68523e-05 | 92  0.03951  1.95221e-04 |
92 variables; iteration 140; function evaluation 228; phase 3
Function value -5.5646687e+01; maximum gradient component mag 6.2939e+01
Var    Value     Gradient |Var    Value     Gradient |Var    Value     Gradient
  1  0.59394 -6.24498e-02 |  2  0.00047 -1.78811e-03 |  3  0.00051 -1.50874e-02
  4 -0.01534 -3.98562e-03 |  5 -0.01526 -1.20613e-02 |  6 -0.01518 -2.31684e-02
  7 -0.01496 -6.20893e-03 |  8 -0.01476  1.49504e-03 |  9 -0.01463 -1.73482e-02
 10 -0.01444 -2.87662e-02 | 11 -0.01399  1.55233e-02 | 12 -0.01377 -5.83699e-03
 13 -0.01338 -3.37144e-03 | 14 -0.01277  2.92003e-02 | 15 -0.01222  2.29734e-02
 16 -0.01194 -4.62932e-02 | 17 -0.01066  7.24370e-03 | 18 -0.00918  1.55478e-02
 19 -0.00759  1.95572e-02 | 20 -0.00576 -2.36133e-02 | 21 -0.00318 -2.30730e-02
 22  0.00013 -1.53547e-02 | 23  0.00404 -2.92416e-02 | 24  0.00908 -2.62943e-03
 25  0.01479 -1.45742e-02 | 26  0.02139 -1.88355e-02 | 27  0.02874 -2.03361e-02
 28  0.03702 -4.08752e-03 | 29  0.04322 -1.61028e-02 | 30  0.03421  2.12169e-02
 31 -0.00343  5.11596e-02 | 32 -0.04754 -4.05075e-02 | 33 -0.07028 -1.56247e-01
 34 -0.07564 -2.48196e-01 | 35 -0.06517 -2.43775e-01 | 36  0.00089 -1.34701e-01
 37  0.09581  4.71135e-01 | 38 -0.03416  1.41446e-01 | 39 -0.01221  2.19470e-02
 40 -0.02007 -2.32723e-02 | 41 -0.02450  2.85616e-02 | 42 -0.03037 -1.86981e-02
 43 -0.03375 -2.63040e-02 | 44 -0.03628 -4.64720e-02 | 45 -0.03668 -2.88492e-02
 46 -0.04115 -3.85330e-02 | 47 -0.02924 -1.89270e-01 | 48  0.00282 -2.07333e-01
 49  0.00684 -1.90433e-01 | 50 -0.02638 -2.33401e-01 | 51 -0.04081 -2.41891e-01
 52 -0.05147 -2.04901e-01 | 53 -0.04019 -1.62163e-01 | 54 -0.00451 -5.23560e-02
 55  0.00046  5.75987e-02 | 56  0.01437  1.70769e-01 | 57  0.00291  1.42048e-01
 58 -0.01371  1.17836e-01 | 59 -0.02701  8.73647e-02 | 60 -0.02499  4.40458e-02
 61 -0.00532 -1.05124e-02 | 62 -0.02601 -2.18986e-02 | 63 -0.04334 -1.05096e-02
 64 -0.03169 -8.89794e-02 | 65 -0.02718  1.24534e-01 | 66 -0.02856  2.81939e-01
 67 -0.01669  4.07861e-01 | 68 -0.00140  3.73993e-01 | 69 -0.04036  1.12497e-02
 70 -0.08222 -4.06101e-02 | 71 -0.08334 -1.52345e-02 | 72 -0.05197 -2.76563e-02
 73 -0.01775  2.78014e-03 | 74 -0.01728 -6.37506e-02 | 75 -0.01727 -5.69041e-02
 76 -0.01685  5.87102e-02 | 77 -0.52113 -4.73105e-01 | 78 -0.45478 -2.48332e-03
 79 -0.30990  1.73702e-01 | 80  0.83421 -5.37212e-02 | 81 -0.33863 -1.81735e-01
 82 -0.88477 -1.71544e-02 | 83 -0.10015  1.17129e-01 | 84  1.12530  2.45259e-02
 85 -0.18811  6.29394e+01 | 86 -0.32500  1.63047e+00 | 87 -0.03989  2.44849e-01
 88 -0.02365  1.81916e+00 | 89  0.21926  1.09211e-03 | 90 -0.02133 -1.05303e-04
 91 -0.03026 -1.24946e-04 | 92 -0.16457 -8.30735e-04 |
92 variables; iteration 160; function evaluation 249; phase 3
Function value -5.5724282e+01; maximum gradient component mag 3.9211e+00
Var    Value     Gradient |Var    Value     Gradient |Var    Value     Gradient
  1  0.80924 -6.74038e-03 |  2  0.00049  2.12094e-03 |  3  0.00054 -7.38597e-03
  4 -0.01531  2.23034e-03 |  5 -0.01521 -2.80037e-04 |  6 -0.01508  1.31254e-03
  7 -0.01494 -7.25660e-04 |  8 -0.01475  3.75768e-03 |  9 -0.01456  2.95425e-04
 10 -0.01433 -2.37099e-04 | 11 -0.01402  7.63847e-03 | 12 -0.01373  1.55988e-03
 13 -0.01336 -3.96399e-04 | 14 -0.01288  3.58001e-03 | 15 -0.01230  2.44099e-03
 16 -0.01179 -1.11537e-02 | 17 -0.01069 -1.86849e-03 | 18 -0.00925 -1.80521e-03
 19 -0.00766  2.09096e-03 | 20 -0.00564  2.07985e-03 | 21 -0.00312 -1.06112e-02
 22  0.00016 -1.01273e-02 | 23  0.00415 -8.55076e-03 | 24  0.00910  1.41269e-03
 25  0.01483 -4.77745e-03 | 26  0.02146 -3.60393e-03 | 27  0.02878 -5.52592e-03
 28  0.03696  1.15847e-03 | 29  0.04314 -8.58173e-03 | 30  0.03385 -7.39620e-03
 31 -0.00390 -1.13953e-03 | 32 -0.04775 -2.23594e-02 | 33 -0.07006 -2.49204e-02
 34 -0.07510 -2.16970e-02 | 35 -0.06451 -2.08243e-02 | 36  0.00196  2.48412e-04
 37  0.09494  6.28105e-02 | 38 -0.03455  3.95832e-02 | 39 -0.01218  8.34670e-03
 40 -0.02004  5.73412e-03 | 41 -0.02467 -2.63257e-03 | 42 -0.03040 -7.14619e-03
 43 -0.03375 -4.68996e-03 | 44 -0.03626 -5.93421e-03 | 45 -0.03677 -7.80571e-03
 46 -0.04141 -1.15558e-02 | 47 -0.02907 -9.03478e-03 | 48  0.00296 -4.61849e-03
 49  0.00701  2.03133e-02 | 50 -0.02610  8.86887e-03 | 51 -0.04063 -2.28682e-02
 52 -0.05145 -2.46091e-02 | 53 -0.04027 -1.83081e-02 | 54 -0.00452  2.21028e-02
 55  0.00061  4.87506e-02 | 56  0.01435  3.27851e-02 | 57  0.00294 -5.72033e-03
 58 -0.01373 -2.73765e-02 | 59 -0.02719 -3.52178e-02 | 60 -0.02532 -4.26695e-02
 61 -0.00542 -4.50430e-02 | 62 -0.02591 -1.27310e-02 | 63 -0.04338  9.74889e-04
 64 -0.03112  3.17911e-02 | 65 -0.02672  7.79912e-02 | 66 -0.02859  6.27984e-02
 67 -0.01746  1.71332e-02 | 68 -0.00204 -1.97907e-02 | 69 -0.03965 -2.23495e-02
 70 -0.08185 -2.04386e-03 | 71 -0.08334 -7.87038e-04 | 72 -0.05199  8.63896e-03
 73 -0.01777 -4.91096e-03 | 74 -0.01708 -1.59059e-02 | 75 -0.01706 -6.84250e-03
 76 -0.01703  1.53460e-02 | 77 -0.52659 -1.67196e-01 | 78 -0.40285 -2.62882e-03
 79 -0.33033  2.27759e-02 | 80  0.83740 -2.00818e-02 | 81 -0.34025 -2.63628e-01
 82 -0.91109 -2.23295e-02 | 83 -0.10168  6.47288e-02 | 84  1.11677 -2.31565e-02
 85 -0.18646  3.92114e+00 | 86 -0.49935  1.87875e-02 | 87 -0.03945 -1.35726e-02
 88 -0.15548  2.02692e-03 | 89 -0.01160 -5.38942e-05 | 90  0.00106  5.25449e-06
 91 -0.00620 -3.47577e-05 | 92  0.01244  6.14095e-05 |
92 variables; iteration 180; function evaluation 271; phase 3
Function value -5.5726136e+01; maximum gradient component mag 1.7507e+00
Var    Value     Gradient |Var    Value     Gradient |Var    Value     Gradient
  1  1.03344  7.74881e-04 |  2  0.00047 -2.88221e-03 |  3  0.00060  7.06594e-03
  4 -0.01536 -1.00117e-02 |  5 -0.01522 -2.98152e-03 |  6 -0.01508  1.61102e-04
  7 -0.01491  4.46324e-03 |  8 -0.01477 -2.01810e-03 |  9 -0.01455  3.23758e-03
 10 -0.01430  5.03479e-03 | 11 -0.01409 -9.79523e-03 | 12 -0.01374 -1.16675e-03
 13 -0.01336  2.83581e-04 | 14 -0.01291 -5.64999e-03 | 15 -0.01233 -4.89986e-03
 16 -0.01168  1.57216e-02 | 17 -0.01067  2.05863e-03 | 18 -0.00924  2.65918e-04
 19 -0.00767 -8.25501e-05 | 20 -0.00571 -1.42767e-02 | 21 -0.00297  2.19815e-02
 22  0.00025  1.02317e-02 | 23  0.00426  1.51884e-02 | 24  0.00907 -4.92187e-03
 25  0.01494  1.58722e-02 | 26  0.02153  8.54499e-03 | 27  0.02887  7.20240e-03
 28  0.03699  1.09426e-03 | 29  0.04328 -3.53073e-04 | 30  0.03405  4.92344e-03
 31 -0.00386 -1.83760e-02 | 32 -0.04747  3.83862e-02 | 33 -0.06998 -9.38093e-03
 34 -0.07520 -4.02341e-02 | 35 -0.06471 -4.71339e-02 | 36  0.00130 -5.52511e-02
 37  0.09491  9.02095e-02 | 38 -0.03439  5.90221e-03 | 39 -0.01224 -6.74388e-03
 40 -0.02003  6.81771e-03 | 41 -0.02464  1.41715e-02 | 42 -0.03039  7.35716e-03
 43 -0.03374  1.23337e-02 | 44 -0.03624  1.69027e-02 | 45 -0.03675  1.51886e-02
 46 -0.04126  4.21859e-02 | 47 -0.02883  5.03866e-02 | 48  0.00302 -8.72231e-03
 49  0.00655 -7.76890e-02 | 50 -0.02628 -3.17648e-02 | 51 -0.04053  2.98123e-02
 52 -0.05123  8.32965e-02 | 53 -0.03990  1.21401e-01 | 54 -0.00456  5.76922e-02
 55  0.00028 -1.19521e-04 | 56  0.01412 -4.78984e-03 | 57  0.00302  4.97960e-02
 58 -0.01365  6.90644e-02 | 59 -0.02714  5.68734e-02 | 60 -0.02514  4.96052e-02
 61 -0.00531  2.42766e-02 | 62 -0.02598  2.71174e-03 | 63 -0.04336 -3.19588e-02
 64 -0.03118 -8.09196e-02 | 65 -0.02722 -1.58104e-01 | 66 -0.02876 -1.13413e-01
 67 -0.01714 -6.05466e-02 | 68 -0.00192 -8.78231e-02 | 69 -0.03987 -2.36650e-02
 70 -0.08203 -9.70372e-03 | 71 -0.08330 -3.87558e-04 | 72 -0.05188 -6.43029e-03
 73 -0.01772  7.04005e-03 | 74 -0.01692  2.42773e-02 | 75 -0.01699  1.12388e-02
 76 -0.01722 -3.07606e-02 | 77 -0.52862  8.15583e-02 | 78 -0.25275 -2.81551e-04
 79 -0.33857 -2.03904e-02 | 80  0.83403 -9.05772e-02 | 81 -0.33876  2.89635e-01
 82 -0.87922 -1.63488e-02 | 83 -0.10063 -1.12434e-01 | 84  1.12239 -3.09744e-02
 85 -0.18645  1.75066e+00 | 86 -0.57735  1.35585e-03 | 87 -0.03952 -8.78972e-02
 88 -0.23767 -1.23057e-03 | 89 -0.01572 -7.47356e-05 | 90  0.00118  5.81058e-06
 91  0.00919  4.18005e-05 | 92  0.00642  3.16989e-05 |
92 variables; iteration 200; function evaluation 291; phase 3
Function value -5.5728364e+01; maximum gradient component mag -1.8930e-01
Var    Value     Gradient |Var    Value     Gradient |Var    Value     Gradient
  1  1.03652  8.48948e-04 |  2  0.00048 -1.19202e-04 |  3  0.00057 -1.15581e-04
  4 -0.01533 -1.57820e-03 |  5 -0.01521 -8.63306e-04 |  6 -0.01508 -1.79468e-04
  7 -0.01493  2.36069e-04 |  8 -0.01476 -7.28013e-05 |  9 -0.01456  4.25011e-04
 10 -0.01432  9.74550e-04 | 11 -0.01405 -1.01957e-04 | 12 -0.01374  2.86263e-04
 13 -0.01336  1.67810e-04 | 14 -0.01289 -3.56861e-04 | 15 -0.01231 -7.05702e-04
 16 -0.01174  9.92674e-04 | 17 -0.01068  3.27851e-04 | 18 -0.00924  3.93067e-04
 19 -0.00767 -6.49001e-04 | 20 -0.00565  3.38980e-05 | 21 -0.00307 -1.40838e-05
 22  0.00021 -6.59567e-04 | 23  0.00419  4.46345e-05 | 24  0.00910  2.50009e-04
 25  0.01486  8.05895e-04 | 26  0.02148  3.04485e-04 | 27  0.02883 -1.99744e-04
 28  0.03699  1.26300e-03 | 29  0.04326 -1.60439e-03 | 30  0.03401 -3.70101e-04
 31 -0.00380 -1.74972e-03 | 32 -0.04761  2.45304e-03 | 33 -0.06999 -2.67763e-03
 34 -0.07514 -5.30934e-03 | 35 -0.06464 -3.89865e-03 | 36  0.00153  3.64192e-03
 37  0.09483  4.00000e-03 | 38 -0.03444  1.59908e-03 | 39 -0.01220  3.93661e-03
 40 -0.02004  1.06611e-03 | 41 -0.02467  4.32333e-06 | 42 -0.03039 -5.44508e-04
 43 -0.03375 -4.68732e-04 | 44 -0.03626  2.79179e-04 | 45 -0.03675 -8.03768e-07
 46 -0.04136  3.92922e-04 | 47 -0.02899  1.67363e-03 | 48  0.00299 -4.39424e-03
 49  0.00679 -6.79906e-03 | 50 -0.02621 -6.71096e-03 | 51 -0.04058 -1.88300e-03
 52 -0.05133  6.55099e-03 | 53 -0.04009  1.43001e-02 | 54 -0.00454  7.32633e-03
 55  0.00041 -2.34627e-03 | 56  0.01421 -1.57754e-03 | 57  0.00295  5.39145e-03
 58 -0.01370  1.13565e-02 | 59 -0.02713  9.70100e-03 | 60 -0.02515  7.91629e-03
 61 -0.00529  7.93770e-03 | 62 -0.02596  6.47904e-03 | 63 -0.04337 -7.21062e-04
 64 -0.03119 -5.77266e-03 | 65 -0.02703 -9.19321e-03 | 66 -0.02872 -5.13177e-03
 67 -0.01726 -6.43751e-03 | 68 -0.00184 -1.79626e-02 | 69 -0.03979 -3.91022e-03
 70 -0.08199 -3.86196e-03 | 71 -0.08333 -1.78231e-03 | 72 -0.05193 -1.71290e-03
 73 -0.01775  2.46631e-04 | 74 -0.01701  1.58612e-03 | 75 -0.01703  8.74769e-04
 76 -0.01710 -2.92575e-03 | 77 -0.52358 -1.89298e-01 | 78 -0.42403 -2.21215e-03
 79 -0.31887  7.13257e-02 | 80  0.83479 -9.92022e-03 | 81 -0.33929  6.23371e-03
 82 -0.57588 -3.62522e-03 | 83 -0.10095 -7.87796e-03 | 84  1.12204 -5.98879e-03
 85 -0.18645 -1.05225e-01 | 86 -0.61758 -1.88549e-03 | 87 -0.03944  4.41637e-03
 88 -0.18287 -9.13086e-04 | 89  0.13649  6.80844e-04 | 90 -0.01697 -8.37869e-05
 91 -0.02388 -1.15815e-04 | 92 -0.11136 -5.55208e-04 |
92 variables; iteration 220; function evaluation 311; phase 3
Function value -5.5728872e+01; maximum gradient component mag 6.6229e-02
Var    Value     Gradient |Var    Value     Gradient |Var    Value     Gradient
  1  0.98325 -3.79609e-04 |  2  0.00048 -3.16260e-04 |  3  0.00057  2.89999e-04
  4 -0.01532  3.39740e-05 |  5 -0.01521  5.96402e-05 |  6 -0.01508 -1.34562e-04
  7 -0.01493 -2.59444e-04 |  8 -0.01476 -4.72960e-04 |  9 -0.01456 -1.12924e-04
 10 -0.01432  5.90881e-05 | 11 -0.01405 -3.44465e-04 | 12 -0.01374  1.44884e-04
 13 -0.01336  2.12674e-04 | 14 -0.01289 -2.25913e-04 | 15 -0.01231 -2.88115e-04
 16 -0.01174  9.39280e-04 | 17 -0.01068  3.37551e-04 | 18 -0.00924  5.57123e-04
 19 -0.00767 -4.92697e-04 | 20 -0.00564  1.31066e-03 | 21 -0.00307 -1.10162e-03
 22  0.00021 -1.59955e-04 | 23  0.00419 -5.98711e-04 | 24  0.00910  6.13613e-04
 25  0.01485 -8.73512e-04 | 26  0.02148 -5.63450e-04 | 27  0.02883 -4.34612e-04
 28  0.03698 -2.44766e-04 | 29  0.04327  3.72924e-05 | 30  0.03400 -1.02727e-03
 31 -0.00380 -3.92246e-04 | 32 -0.04763 -3.72873e-03 | 33 -0.06999 -1.71200e-03
 34 -0.07512 -2.04217e-03 | 35 -0.06462 -4.42179e-03 | 36  0.00155 -5.71784e-03
 37  0.09484  1.44912e-02 | 38 -0.03443  7.46075e-03 | 39 -0.01221 -8.92521e-04
 40 -0.02005 -1.38146e-03 | 41 -0.02466 -6.24468e-04 | 42 -0.03038  4.14923e-04
 43 -0.03374  1.85777e-04 | 44 -0.03625  1.04317e-03 | 45 -0.03673  2.15748e-03
 46 -0.04135  1.17926e-03 | 47 -0.02901 -1.40678e-03 | 48  0.00298 -2.98543e-03
 49  0.00678 -5.15756e-03 | 50 -0.02621 -3.29251e-03 | 51 -0.04057  1.25347e-03
 52 -0.05133  5.16307e-03 | 53 -0.04011  5.48138e-03 | 54 -0.00455  1.79860e-03
 55  0.00041 -1.63556e-03 | 56  0.01422 -3.51332e-03 | 57  0.00294 -3.64667e-03
 58 -0.01371  2.34823e-04 | 59 -0.02712  4.52781e-03 | 60 -0.02514  7.18571e-03
 61 -0.00528  5.89920e-03 | 62 -0.02598  1.05330e-03 | 63 -0.04338  1.31179e-03
 64 -0.03121 -1.87790e-03 | 65 -0.02704 -6.42937e-03 | 66 -0.02874 -4.87060e-03
 67 -0.01726 -2.10517e-03 | 68 -0.00179 -1.28315e-03 | 69 -0.03980 -2.88590e-03
 70 -0.08199 -7.98677e-04 | 71 -0.08333  1.96016e-03 | 72 -0.05193  1.34511e-04
 73 -0.01775 -1.22031e-04 | 74 -0.01702  9.56652e-04 | 75 -0.01703  5.92792e-04
 76 -0.01710 -9.89650e-04 | 77 -0.52642  6.62286e-02 | 78 -0.29171  9.72498e-04
 79 -0.32973 -6.72628e-03 | 80  0.83543 -7.70959e-03 | 81 -0.33924 -5.33232e-03
 82 -0.48167 -1.01768e-03 | 83 -0.10085  9.61625e-03 | 84  1.12250 -2.11940e-03
 85 -0.18645 -6.12960e-02 | 86 -0.62380 -2.22976e-03 | 87 -0.03945 -7.75810e-03
 88 -0.19951 -1.01793e-03 | 89  0.02871  1.44938e-04 | 90  0.03874  1.91437e-04
 91  0.17264  8.68380e-04 | 92  0.01634  8.06401e-05 |
92 variables; iteration 240; function evaluation 331; phase 3
Function value -5.5728982e+01; maximum gradient component mag -1.4435e-01
Var    Value     Gradient |Var    Value     Gradient |Var    Value     Gradient
  1  0.96234 -8.76954e-04 |  2  0.00048 -8.23545e-05 |  3  0.00057  7.09983e-05
  4 -0.01532 -3.63157e-05 |  5 -0.01521 -1.31859e-06 |  6 -0.01508 -3.33714e-05
  7 -0.01493  9.11976e-06 |  8 -0.01476 -3.27987e-05 |  9 -0.01456  3.62469e-05
 10 -0.01432  4.39825e-05 | 11 -0.01405 -6.27557e-05 | 12 -0.01374  1.29891e-05
 13 -0.01336  1.03450e-05 | 14 -0.01289 -3.70455e-05 | 15 -0.01231 -6.87296e-05
 16 -0.01174  1.58332e-04 | 17 -0.01068  4.60917e-05 | 18 -0.00924  4.93356e-05
 19 -0.00767 -5.61385e-05 | 20 -0.00565  7.29080e-05 | 21 -0.00307  3.83781e-06
 22  0.00021  2.77666e-05 | 23  0.00419 -1.33172e-06 | 24  0.00910 -1.69000e-05
 25  0.01486 -4.18052e-05 | 26  0.02148 -5.87821e-05 | 27  0.02883 -8.82579e-05
 28  0.03698 -1.56765e-04 | 29  0.04326 -2.28406e-04 | 30  0.03399 -4.13593e-04
 31 -0.00381 -6.03340e-04 | 32 -0.04763 -7.41090e-04 | 33 -0.06999 -8.85785e-04
 34 -0.07512 -1.19419e-03 | 35 -0.06460 -1.54513e-03 | 36  0.00162 -1.30381e-03
 37  0.09482  5.59516e-03 | 38 -0.03447  2.27423e-03 | 39 -0.01220 -2.75235e-04
 40 -0.02004  1.03099e-05 | 41 -0.02466  1.98273e-05 | 42 -0.03038  2.89393e-05
 43 -0.03374  7.61139e-05 | 44 -0.03624  1.93666e-04 | 45 -0.03673  3.53080e-04
 46 -0.04135  4.65828e-04 | 47 -0.02901  3.24397e-04 | 48  0.00297 -1.18592e-04
 49  0.00679 -6.82076e-04 | 50 -0.02620 -1.94743e-04 | 51 -0.04057  2.75322e-04
 52 -0.05134  1.08620e-03 | 53 -0.04013  1.38751e-03 | 54 -0.00455  1.06410e-03
 55  0.00041  5.63095e-04 | 56  0.01423 -5.52436e-05 | 57  0.00296 -2.24701e-04
 58 -0.01369 -7.32644e-05 | 59 -0.02712  3.07483e-04 | 60 -0.02516  5.88063e-04
 61 -0.00529  1.76167e-04 | 62 -0.02597 -1.20340e-04 | 63 -0.04339 -8.03653e-05
 64 -0.03123 -6.81072e-04 | 65 -0.02704 -1.39295e-03 | 66 -0.02873 -1.12689e-03
 67 -0.01727 -9.02506e-04 | 68 -0.00179 -1.42549e-03 | 69 -0.03977 -8.86664e-04
 70 -0.08198 -2.01486e-05 | 71 -0.08335  3.48426e-04 | 72 -0.05194  1.59720e-04
 73 -0.01775  1.26983e-05 | 74 -0.01702  1.88796e-04 | 75 -0.01703  5.81026e-05
 76 -0.01709 -1.62556e-04 | 77 -0.52773  1.45089e-02 | 78 -0.28131 -1.33615e-04
 79 -0.33490 -9.60054e-04 | 80  0.83613 -2.10572e-03 | 81 -0.33927 -3.21999e-03
 82 -0.46747 -2.94702e-04 | 83 -0.10090  2.70718e-03 | 84  1.12257 -4.37421e-04
 85 -0.18645 -1.44354e-01 | 86 -0.61916 -1.97834e-03 | 87 -0.03944  1.96296e-03
 88 -0.20738 -1.06118e-03 | 89  0.00024  2.84208e-06 | 90 -0.00159 -7.85401e-06
 91 -0.00613 -3.25840e-05 | 92 -0.00312 -1.53950e-05 |
92 variables; iteration 260; function evaluation 354; phase 3
Function value -5.5729035e+01; maximum gradient component mag 1.0153e-02
Var    Value     Gradient |Var    Value     Gradient |Var    Value     Gradient
  1  0.99191 -1.73620e-04 |  2  0.00048  3.87501e-05 |  3  0.00057 -1.63591e-07
  4 -0.01532 -9.01632e-06 |  5 -0.01521 -1.25755e-05 |  6 -0.01508  2.52195e-05
  7 -0.01493  8.00191e-06 |  8 -0.01476 -7.51201e-06 |  9 -0.01456 -4.09925e-05
 10 -0.01432 -2.59190e-05 | 11 -0.01405  9.28379e-06 | 12 -0.01374 -1.42868e-05
 13 -0.01336  2.21144e-06 | 14 -0.01289  2.50475e-05 | 15 -0.01231  4.09373e-05
 16 -0.01174 -5.85207e-05 | 17 -0.01068 -1.83502e-05 | 18 -0.00924 -1.40730e-05
 19 -0.00767 -9.43646e-06 | 20 -0.00565 -1.79952e-05 | 21 -0.00307  2.98952e-05
 22  0.00021  6.54447e-06 | 23  0.00419  6.42411e-06 | 24  0.00910 -2.14467e-05
 25  0.01486 -1.02252e-05 | 26  0.02148 -4.36255e-06 | 27  0.02883 -1.08616e-07
 28  0.03698 -3.04909e-05 | 29  0.04326 -4.01919e-05 | 30  0.03399 -5.97633e-05
 31 -0.00381 -1.02589e-04 | 32 -0.04763 -1.44734e-04 | 33 -0.06999 -2.33254e-04
 34 -0.07512 -3.21003e-04 | 35 -0.06460 -2.78484e-04 | 36  0.00162  1.63859e-05
 37  0.09482  9.05931e-04 | 38 -0.03447  2.65691e-04 | 39 -0.01220  1.95338e-05
 40 -0.02004  1.35019e-05 | 41 -0.02466  4.28855e-06 | 42 -0.03038 -4.37945e-05
 43 -0.03374 -3.32300e-05 | 44 -0.03624 -5.97087e-05 | 45 -0.03673 -9.92552e-05
 46 -0.04135 -4.62663e-05 | 47 -0.02901  2.22156e-05 | 48  0.00297  1.43423e-04
 49  0.00679  1.32567e-04 | 50 -0.02620  8.20692e-05 | 51 -0.04057 -1.91100e-04
 52 -0.05134 -5.55950e-04 | 53 -0.04013 -7.19363e-04 | 54 -0.00455 -3.73745e-04
 55  0.00041  1.34254e-04 | 56  0.01423  1.27456e-04 | 57  0.00296 -8.61017e-05
 58 -0.01369 -3.19023e-04 | 59 -0.02712 -3.59056e-04 | 60 -0.02516 -5.00391e-04
 61 -0.00529 -5.70943e-04 | 62 -0.02597 -3.31900e-04 | 63 -0.04339 -2.27077e-04
 64 -0.03123 -1.26196e-04 | 65 -0.02704  2.04298e-04 | 66 -0.02873  4.21124e-04
 67 -0.01727  9.47239e-04 | 68 -0.00178  1.51086e-03 | 69 -0.03977  5.32951e-04
 70 -0.08198  1.69947e-04 | 71 -0.08335  1.22892e-05 | 72 -0.05194  6.59770e-05
 73 -0.01775  3.92499e-05 | 74 -0.01702 -1.84511e-05 | 75 -0.01703  4.15070e-05
 76 -0.01709 -6.16418e-05 | 77 -0.52802 -4.56656e-03 | 78 -0.27684  1.77937e-04
 79 -0.33608  4.23675e-03 | 80  0.83614 -1.70377e-04 | 81 -0.33927  3.72886e-04
 82 -0.46182  4.27965e-05 | 83 -0.10091 -4.59549e-04 | 84  1.12263  1.97846e-05
 85 -0.18645  1.01535e-02 | 86 -0.58606  3.46877e-04 | 87 -0.03944  2.06014e-04
 88 -0.20319 -1.03817e-03 | 89  0.00835  4.26590e-05 | 90 -0.00179 -8.81867e-06
 91 -0.00151 -9.69524e-06 | 92  0.01070  5.28036e-05 |
92 variables; iteration 280; function evaluation 374; phase 3
Function value -5.5729037e+01; maximum gradient component mag 3.2505e-02
Var    Value     Gradient |Var    Value     Gradient |Var    Value     Gradient
  1  0.99165 -1.79931e-04 |  2  0.00048  4.35474e-05 |  3  0.00057  1.60410e-05
  4 -0.01532 -3.28533e-05 |  5 -0.01521 -3.33949e-05 |  6 -0.01508  3.24624e-05
  7 -0.01493  8.23636e-06 |  8 -0.01476 -4.00737e-05 |  9 -0.01456 -8.70531e-05
 10 -0.01432 -5.42545e-05 | 11 -0.01405 -7.61088e-06 | 12 -0.01374 -2.08142e-05
 13 -0.01336  1.11804e-05 | 14 -0.01289  4.99574e-05 | 15 -0.01231  5.85742e-05
 16 -0.01174 -7.04350e-05 | 17 -0.01068 -1.45894e-05 | 18 -0.00924 -7.17318e-06
 19 -0.00767 -5.86640e-05 | 20 -0.00565 -2.30321e-05 | 21 -0.00307  1.16592e-04
 22  0.00021  4.90751e-05 | 23  0.00419  5.07559e-05 | 24  0.00910 -5.40336e-05
 25  0.01486  9.29813e-06 | 26  0.02148  8.20093e-06 | 27  0.02883  1.41363e-05
 28  0.03698 -5.90418e-05 | 29  0.04326 -7.56514e-05 | 30  0.03399 -1.30706e-04
 31 -0.00381 -2.55732e-04 | 32 -0.04763 -2.32694e-04 | 33 -0.06999 -4.39580e-04
 34 -0.07512 -6.94535e-04 | 35 -0.06460 -6.57457e-04 | 36  0.00162  8.48709e-05
 37  0.09482  2.99749e-03 | 38 -0.03447 -2.73436e-04 | 39 -0.01220 -4.39676e-04
 40 -0.02004 -1.41882e-06 | 41 -0.02466  2.41348e-05 | 42 -0.03038 -6.80709e-05
 43 -0.03374 -3.72219e-05 | 44 -0.03624 -6.70949e-05 | 45 -0.03673 -1.03667e-04
 46 -0.04135  1.52549e-05 | 47 -0.02901  8.45977e-05 | 48  0.00297  2.59393e-04
 49  0.00679  1.72612e-04 | 50 -0.02620  1.06952e-04 | 51 -0.04057 -5.75051e-04
 52 -0.05134 -1.09883e-03 | 53 -0.04013 -1.50792e-03 | 54 -0.00455 -7.98219e-04
 55  0.00041  2.50490e-04 | 56  0.01423  3.09091e-04 | 57  0.00296  7.01711e-05
 58 -0.01369 -4.07759e-04 | 59 -0.02712 -3.84419e-04 | 60 -0.02516 -5.67717e-04
 61 -0.00529 -8.32019e-04 | 62 -0.02597 -5.17897e-04 | 63 -0.04339 -4.65503e-04
 64 -0.03123 -5.33657e-04 | 65 -0.02704  1.10548e-04 | 66 -0.02873  9.37751e-04
 67 -0.01727  2.23164e-03 | 68 -0.00178  2.69961e-03 | 69 -0.03977  5.74884e-04
 70 -0.08199  9.72757e-05 | 71 -0.08335 -5.18012e-05 | 72 -0.05194  6.16662e-05
 73 -0.01775  7.57327e-05 | 74 -0.01702  4.16749e-05 | 75 -0.01703  1.32256e-04
 76 -0.01709 -2.24567e-04 | 77 -0.52786  3.25050e-02 | 78 -0.27907  9.00956e-05
 79 -0.33545 -4.89192e-03 | 80  0.83613 -5.99289e-04 | 81 -0.33927  2.35346e-05
 82 -0.46164  5.43687e-05 | 83 -0.10091 -2.87816e-04 | 84  1.12264  4.15433e-05
 85 -0.18645  6.96232e-03 | 86 -0.58614  3.40019e-04 | 87 -0.03944  4.03369e-04
 88 -0.20020 -1.02173e-03 | 89  0.00118  7.62745e-06 | 90 -0.00031 -1.53404e-06
 91  0.00000 -2.53304e-06 | 92  0.00088  4.33697e-06 |
92 variables; iteration 300; function evaluation 395; phase 3
Function value -5.5729080e+01; maximum gradient component mag 2.0832e-03
Var    Value     Gradient |Var    Value     Gradient |Var    Value     Gradient
  1  0.99787 -1.97850e-06 |  2  0.00048  2.56088e-06 |  3  0.00057  4.84980e-06
  4 -0.01532 -4.11988e-06 |  5 -0.01521 -3.18908e-06 |  6 -0.01508  3.21305e-06
  7 -0.01493  5.63254e-07 |  8 -0.01476 -7.44558e-06 |  9 -0.01456 -1.01929e-05
 10 -0.01432 -5.45416e-06 | 11 -0.01405 -4.06608e-06 | 12 -0.01374 -2.12674e-06
 13 -0.01336  2.26938e-06 | 14 -0.01289  3.89800e-06 | 15 -0.01231  4.48264e-06
 16 -0.01174 -1.54021e-06 | 17 -0.01068  1.39253e-07 | 18 -0.00924  1.32309e-06
 19 -0.00767 -9.75583e-06 | 20 -0.00565  1.46722e-06 | 21 -0.00307  1.19275e-05
 22  0.00021  6.72453e-06 | 23  0.00419  5.97785e-06 | 24  0.00910 -3.11911e-06
 25  0.01486 -3.23538e-07 | 26  0.02148  1.39713e-07 | 27  0.02883  3.68173e-06
 28  0.03697 -3.08839e-06 | 29  0.04326  6.02832e-06 | 30  0.03399  3.38761e-06
 31 -0.00382 -3.38340e-06 | 32 -0.04763  2.69032e-06 | 33 -0.06999  1.61346e-06
 34 -0.07512 -8.54391e-06 | 35 -0.06460  2.30770e-06 | 36  0.00165  4.35463e-05
 37  0.09481  3.65191e-05 | 38 -0.03448 -8.11654e-05 | 39 -0.01219 -2.17883e-05
 40 -0.02004 -7.42154e-06 | 41 -0.02466  2.85189e-07 | 42 -0.03037 -6.20409e-06
 43 -0.03373 -6.25195e-06 | 44 -0.03624 -1.18366e-05 | 45 -0.03673 -2.10713e-05
 46 -0.04135 -2.32759e-05 | 47 -0.02901 -2.20547e-05 | 48  0.00296  9.56102e-06
 49  0.00679  2.48028e-05 | 50 -0.02620  1.62134e-05 | 51 -0.04057 -4.02422e-05
 52 -0.05134 -1.25448e-04 | 53 -0.04013 -1.93535e-04 | 54 -0.00456 -1.48472e-04
 55  0.00041 -4.20441e-05 | 56  0.01423  8.34360e-06 | 57  0.00297  9.25259e-06
 58 -0.01369 -1.84438e-05 | 59 -0.02712 -2.09774e-05 | 60 -0.02516 -4.29612e-05
 61 -0.00529 -4.43494e-05 | 62 -0.02597 -4.04161e-05 | 63 -0.04340 -4.36583e-05
 64 -0.03123 -3.51421e-05 | 65 -0.02705  2.49892e-05 | 66 -0.02873  1.11937e-04
 67 -0.01727  2.59003e-04 | 68 -0.00178  3.53836e-04 | 69 -0.03977  9.77900e-05
 70 -0.08198 -3.48577e-06 | 71 -0.08335 -1.60889e-05 | 72 -0.05195  1.70971e-06
 73 -0.01775  1.15318e-05 | 74 -0.01702  1.31499e-05 | 75 -0.01704  2.04673e-05
 76 -0.01709 -3.47960e-05 | 77 -0.53028  2.08320e-03 | 78 -0.25455  2.46600e-05
 79 -0.34552 -4.45030e-04 | 80  0.83637  5.48317e-05 | 81 -0.33928 -9.56021e-06
 82 -0.46249  1.07692e-06 | 83 -0.10091  2.64231e-05 | 84  1.12263 -1.05420e-06
 85 -0.18645 -2.40088e-04 | 86 -0.59013  3.49811e-06 | 87 -0.03944  1.08309e-05
 88 -0.16250 -5.50614e-06 | 89 -0.00086 -2.30431e-06 | 90 -0.00381 -1.88205e-05
 91  0.00157  5.06503e-06 | 92 -0.00021 -1.05845e-06 |

 - final statistics:
92 variables; iteration 302; function evaluation 397
Function value -5.5729e+01; maximum gradient component mag -9.2429e-05
Exit code = 1;  converg criter 1.0000e-04
Var    Value     Gradient |Var    Value     Gradient |Var    Value     Gradient
  1  0.99791 -1.35595e-07 |  2  0.00048 -4.58321e-07 |  3  0.00057 -1.32566e-06
  4 -0.01532  3.36117e-07 |  5 -0.01521  1.54326e-07 |  6 -0.01508 -4.09407e-07
  7 -0.01493 -3.25824e-07 |  8 -0.01476  7.22455e-07 |  9 -0.01456  8.44896e-07
 10 -0.01432  3.03124e-07 | 11 -0.01405  6.71563e-07 | 12 -0.01374  3.75174e-07
 13 -0.01336 -2.34179e-07 | 14 -0.01289 -2.03172e-07 | 15 -0.01231 -4.80132e-07
 16 -0.01174 -5.59917e-07 | 17 -0.01068  4.74241e-08 | 18 -0.00924  4.39237e-08
 19 -0.00767  1.26348e-06 | 20 -0.00565  6.62019e-08 | 21 -0.00307 -2.69706e-06
 22  0.00021 -1.53510e-06 | 23  0.00419 -1.69920e-06 | 24  0.00910  9.02591e-07
 25  0.01486 -4.86569e-07 | 26  0.02148 -8.64636e-07 | 27  0.02883 -1.60996e-06
 28  0.03697 -7.06750e-07 | 29  0.04326 -3.21291e-06 | 30  0.03399 -5.42766e-06
 31 -0.00382 -5.61434e-06 | 32 -0.04763 -8.59548e-06 | 33 -0.06999 -1.22933e-05
 34 -0.07512 -1.68834e-05 | 35 -0.06460 -2.40316e-05 | 36  0.00165 -2.51937e-05
 37  0.09481  6.83143e-05 | 38 -0.03448  3.43115e-05 | 39 -0.01219  6.91919e-07
 40 -0.02004 -3.74334e-07 | 41 -0.02466  2.39047e-07 | 42 -0.03037  1.76791e-06
 43 -0.03373  1.80608e-06 | 44 -0.03624  4.24603e-06 | 45 -0.03673  7.71351e-06
 46 -0.04135  9.74796e-06 | 47 -0.02901  6.10142e-06 | 48  0.00296 -7.07031e-06
 49  0.00679 -1.60846e-05 | 50 -0.02620 -1.11137e-05 | 51 -0.04057  1.73588e-06
 52 -0.05134  2.62722e-05 | 53 -0.04013  4.40888e-05 | 54 -0.00456  3.87270e-05
 55  0.00041  2.07911e-05 | 56  0.01423  4.50734e-06 | 57  0.00297 -4.70227e-06
 58 -0.01369  7.59775e-08 | 59 -0.02712  7.36834e-06 | 60 -0.02516  1.22410e-05
 61 -0.00529  2.03342e-06 | 62 -0.02597 -1.13669e-06 | 63 -0.04340 -3.23727e-07
 64 -0.03123 -7.49457e-06 | 65 -0.02705 -1.27679e-05 | 66 -0.02873 -1.50930e-05
 67 -0.01727 -3.08941e-05 | 68 -0.00178 -5.82415e-05 | 69 -0.03977 -3.02410e-05
 70 -0.08198 -3.79358e-06 | 71 -0.08335  6.87129e-06 | 72 -0.05195  9.24829e-07
 73 -0.01775 -1.79941e-06 | 74 -0.01702 -2.05672e-06 | 75 -0.01704 -2.13179e-06
 76 -0.01709  3.79107e-06 | 77 -0.53027 -9.24292e-05 | 78 -0.25470 -1.19882e-05
 79 -0.34546 -6.87634e-07 | 80  0.83637 -4.88030e-05 | 81 -0.33928 -1.46884e-05
 82 -0.46251 -1.58055e-07 | 83 -0.10091  2.87260e-06 | 84  1.12263  1.23432e-06
 85 -0.18645 -2.43765e-05 | 86 -0.59018 -1.79195e-07 | 87 -0.03944 -2.58103e-06
 88 -0.16246  1.21819e-08 | 89 -0.00079 -1.96564e-06 | 90 -0.00380 -1.87529e-05
 91  0.00146  4.51723e-06 | 92 -0.00011 -5.66707e-07 |
Warning: the following parameters had issues
  SR_parm[1] is within 0.1% of upper bound: 1.00000e-04 < 1.99999e+01 < 2.00000e+01
  selparm[10] is within 1% of upper bound: -1.50000e+01 < 5.80581e+00 < 6.00000e+00


 - final statistics:
93 variables; iteration 0; function evaluation 0
Function value -5.5729e+01; maximum gradient component mag -9.2429e-05
Exit code = 0;  converg criter 1.0000e-04
Var    Value     Gradient |Var    Value     Gradient |Var    Value     Gradient
  1  0.99791 -1.35595e-07 |  2  0.00048 -4.58321e-07 |  3  0.00057 -1.32566e-06
  4 -0.01532  3.36117e-07 |  5 -0.01521  1.54326e-07 |  6 -0.01508 -4.09407e-07
  7 -0.01493 -3.25824e-07 |  8 -0.01476  7.22455e-07 |  9 -0.01456  8.44896e-07
 10 -0.01432  3.03124e-07 | 11 -0.01405  6.71563e-07 | 12 -0.01374  3.75174e-07
 13 -0.01336 -2.34179e-07 | 14 -0.01289 -2.03172e-07 | 15 -0.01231 -4.80132e-07
 16 -0.01174 -5.59917e-07 | 17 -0.01068  4.74242e-08 | 18 -0.00924  4.39237e-08
 19 -0.00767  1.26348e-06 | 20 -0.00565  6.62019e-08 | 21 -0.00307 -2.69706e-06
 22  0.00021 -1.53510e-06 | 23  0.00419 -1.69920e-06 | 24  0.00910  9.02591e-07
 25  0.01486 -4.86569e-07 | 26  0.02148 -8.64636e-07 | 27  0.02883 -1.60996e-06
 28  0.03697 -7.06750e-07 | 29  0.04326 -3.21291e-06 | 30  0.03399 -5.42766e-06
 31 -0.00382 -5.61434e-06 | 32 -0.04763 -8.59548e-06 | 33 -0.06999 -1.22933e-05
 34 -0.07512 -1.68834e-05 | 35 -0.06460 -2.40316e-05 | 36  0.00165 -2.51937e-05
 37  0.09481  6.83143e-05 | 38 -0.03448  3.43115e-05 | 39 -0.01219  6.91919e-07
 40 -0.02004 -3.74334e-07 | 41 -0.02466  2.39047e-07 | 42 -0.03037  1.76791e-06
 43 -0.03373  1.80608e-06 | 44 -0.03624  4.24603e-06 | 45 -0.03673  7.71351e-06
 46 -0.04135  9.74797e-06 | 47 -0.02901  6.10142e-06 | 48  0.00296 -7.07031e-06
 49  0.00679 -1.60846e-05 | 50 -0.02620 -1.11137e-05 | 51 -0.04057  1.73588e-06
 52 -0.05134  2.62722e-05 | 53 -0.04013  4.40888e-05 | 54 -0.00456  3.87270e-05
 55  0.00041  2.07911e-05 | 56  0.01423  4.50734e-06 | 57  0.00297 -4.70227e-06
 58 -0.01369  7.59773e-08 | 59 -0.02712  7.36834e-06 | 60 -0.02516  1.22410e-05
 61 -0.00529  2.03342e-06 | 62 -0.02597 -1.13669e-06 | 63 -0.04340 -3.23727e-07
 64 -0.03123 -7.49457e-06 | 65 -0.02705 -1.27679e-05 | 66 -0.02873 -1.50930e-05
 67 -0.01727 -3.08941e-05 | 68 -0.00178 -5.82415e-05 | 69 -0.03977 -3.02410e-05
 70 -0.08198 -3.79358e-06 | 71 -0.08335  6.87129e-06 | 72 -0.05195  9.24829e-07
 73 -0.01775 -1.79941e-06 | 74 -0.01702 -2.05672e-06 | 75 -0.01704 -2.13179e-06
 76 -0.01709  3.79107e-06 | 77  0.00000  0.00000e+00 | 78 -0.53027 -9.24292e-05
 79 -0.25470 -1.19882e-05 | 80 -0.34546 -6.87634e-07 | 81  0.83637 -4.88030e-05
 82 -0.33928 -1.46884e-05 | 83 -0.46251 -1.58055e-07 | 84 -0.10091  2.87260e-06
 85  0.87737 -1.23432e-06 | 86 -0.18645 -2.43765e-05 | 87 -0.59018 -1.79195e-07
 88 -0.03944 -2.58103e-06 | 89 -0.16246  1.21819e-08 | 90 -0.00079 -1.96564e-06
 91 -0.00380 -1.87529e-05 | 92  0.00146  4.51723e-06 | 93 -0.00011 -5.66707e-07
Estimating row 1 out of 93 for hessian
Estimating row 2 out of 93 for hessian
Estimating row 3 out of 93 for hessian
Estimating row 4 out of 93 for hessian
Estimating row 5 out of 93 for hessian
Estimating row 6 out of 93 for hessian
Estimating row 7 out of 93 for hessian
Estimating row 8 out of 93 for hessian
Estimating row 9 out of 93 for hessian
Estimating row 10 out of 93 for hessian
Estimating row 11 out of 93 for hessian
Estimating row 12 out of 93 for hessian
Estimating row 13 out of 93 for hessian
Estimating row 14 out of 93 for hessian
Estimating row 15 out of 93 for hessian
Estimating row 16 out of 93 for hessian
Estimating row 17 out of 93 for hessian
Estimating row 18 out of 93 for hessian
Estimating row 19 out of 93 for hessian
Estimating row 20 out of 93 for hessian
Estimating row 21 out of 93 for hessian
Estimating row 22 out of 93 for hessian
Estimating row 23 out of 93 for hessian
Estimating row 24 out of 93 for hessian
Estimating row 25 out of 93 for hessian
Estimating row 26 out of 93 for hessian
Estimating row 27 out of 93 for hessian
Estimating row 28 out of 93 for hessian
Estimating row 29 out of 93 for hessian
Estimating row 30 out of 93 for hessian
Estimating row 31 out of 93 for hessian
Estimating row 32 out of 93 for hessian
Estimating row 33 out of 93 for hessian
Estimating row 34 out of 93 for hessian
Estimating row 35 out of 93 for hessian
Estimating row 36 out of 93 for hessian
Estimating row 37 out of 93 for hessian
Estimating row 38 out of 93 for hessian
Estimating row 39 out of 93 for hessian
Estimating row 40 out of 93 for hessian
Estimating row 41 out of 93 for hessian
Estimating row 42 out of 93 for hessian
Estimating row 43 out of 93 for hessian
Estimating row 44 out of 93 for hessian
Estimating row 45 out of 93 for hessian
Estimating row 46 out of 93 for hessian
Estimating row 47 out of 93 for hessian
Estimating row 48 out of 93 for hessian
Estimating row 49 out of 93 for hessian
Estimating row 50 out of 93 for hessian
Estimating row 51 out of 93 for hessian
Estimating row 52 out of 93 for hessian
Estimating row 53 out of 93 for hessian
Estimating row 54 out of 93 for hessian
Estimating row 55 out of 93 for hessian
Estimating row 56 out of 93 for hessian
Estimating row 57 out of 93 for hessian
Estimating row 58 out of 93 for hessian
Estimating row 59 out of 93 for hessian
Estimating row 60 out of 93 for hessian
Estimating row 61 out of 93 for hessian
Estimating row 62 out of 93 for hessian
Estimating row 63 out of 93 for hessian
Estimating row 64 out of 93 for hessian
Estimating row 65 out of 93 for hessian
Estimating row 66 out of 93 for hessian
Estimating row 67 out of 93 for hessian
Estimating row 68 out of 93 for hessian
Estimating row 69 out of 93 for hessian
Estimating row 70 out of 93 for hessian
Estimating row 71 out of 93 for hessian
Estimating row 72 out of 93 for hessian
Estimating row 73 out of 93 for hessian
Estimating row 74 out of 93 for hessian
Estimating row 75 out of 93 for hessian
Estimating row 76 out of 93 for hessian
Estimating row 77 out of 93 for hessian
Estimating row 78 out of 93 for hessian
Estimating row 79 out of 93 for hessian
Estimating row 80 out of 93 for hessian
Estimating row 81 out of 93 for hessian
Estimating row 82 out of 93 for hessian
Estimating row 83 out of 93 for hessian
Estimating row 84 out of 93 for hessian
Estimating row 85 out of 93 for hessian
Estimating row 86 out of 93 for hessian
Estimating row 87 out of 93 for hessian
Estimating row 88 out of 93 for hessian
Estimating row 89 out of 93 for hessian
Estimating row 90 out of 93 for hessian
Estimating row 91 out of 93 for hessian
Estimating row 92 out of 93 for hessian
Estimating row 93 out of 93 for hessian
size of file gradfil1.tmp = 0
size of file gradfil2.tmp = 0
size of file varssave.tmp = 0
size of file cmpdiff.tmp = 0
