
Initial statistics: 75 variables; iteration 0; function evaluation 0; phase 1
Function value nan; maximum gradient component mag -8.8682e+06
Var    Value     Gradient |Var    Value     Gradient |Var    Value     Gradient
  1 -0.16154 -8.86821e+06 |  2  0.03374 -9.07553e+04 |  3  0.03314 -6.93582e+04
  4  0.00593 -3.44149e+04 |  5 -0.00618 -9.61466e+04 |  6 -0.00099 -1.41303e+05
  7 -0.04294 -1.24045e+05 |  8  0.01274 -1.65814e+05 |  9  0.01415 -1.61639e+05
 10  0.02451 -1.59936e+05 | 11  0.02567 -1.62829e+05 | 12 -0.01488 -1.32342e+05
 13 -0.03519 -1.19928e+05 | 14 -0.03721 -1.16115e+05 | 15  0.03037 -1.54016e+05
 16  0.01718 -1.47995e+05 | 17 -0.05008 -9.86425e+04 | 18  0.03168 -1.45754e+05
 19 -0.04242  4.64027e+04 | 20 -0.02530  1.09825e+05 | 21  0.04717  1.65653e+05
 22  0.04281  1.36129e+05 | 23  0.00942  1.08475e+05 | 24 -0.00987  8.60989e+04
 25 -0.01593  7.51453e+04 | 26 -0.00444  7.32637e+04 | 27 -0.05045  4.89919e+04
 28 -0.02220  3.86731e+04 | 29 -0.03048  2.67267e+04 | 30 -0.03596  2.38112e+04
 31  0.03650  3.50239e+04 | 32  0.04062 -8.58258e+04 | 33 -0.04440 -7.99490e+04
 34  0.02184 -9.62591e+04 | 35 -0.02499 -1.03719e+05 | 36 -0.04974 -1.04734e+05
 37  0.01579 -1.49129e+05 | 38 -0.01822 -1.14601e+05 | 39 -0.00121 -1.02179e+05
 40  0.00654 -1.01445e+05 | 41 -0.02129 -8.08444e+04 | 42  0.04654 -1.28569e+05
 43 -0.01986 -9.81206e+04 | 44 -0.02601 -1.03499e+05 | 45  0.05082 -1.71710e+05
 46  0.00915 -1.11634e+05 | 47 -0.00996 -6.92007e+04 | 48 -0.02844 -3.08188e+04
 49 -0.02532  6.18337e+03 | 50 -0.01271 -2.84231e+04 | 51  0.04066 -5.88383e+04
 52 -0.03211 -7.94467e+04 | 53  0.01369 -7.05169e+04 | 54  0.01872 -4.90809e+04
 55 -0.02528 -2.05094e+04 | 56  0.00444 -1.13757e+04 | 57  0.02531 -1.32342e+04
 58 -0.03571 -1.25454e+04 | 59 -0.01302 -2.66321e+04 | 60 -0.02094 -3.28182e+04
 61 -0.01908 -1.76568e+04 | 62  0.02786 -1.61991e+04 | 63  0.04876 -3.01545e+04
 64  0.00050 -1.92964e+04 | 65  0.02471 -9.92599e+03 | 66  0.02112  1.19336e+04
 67  0.01238  2.61807e+04 | 68 -0.04764  3.56565e+04 | 69 -0.01542  6.51544e+04
 70 -0.04670  6.08100e+04 | 71 -0.02012 -2.01013e+05 | 72 -0.03923 -2.44568e+05
 73  0.04779 -1.13231e+05 | 74  0.02583  2.11946e+02 | 75 -0.04557  1.92367e+02
  ic > imax  in fminim is answer attained ?
Var    Value     Gradient |Var    Value     Gradient |Var    Value     Gradient
  1 -0.16129 -8.37317e+06 |  2  0.03374 -6.31264e+04 |  3  0.03314 -4.90304e+04
  4  0.00594 -3.06316e+04 |  5 -0.00618 -9.51758e+04 |  6 -0.00099 -1.40943e+05
  7 -0.04294 -1.23987e+05 |  8  0.01275 -1.65881e+05 |  9  0.01416 -1.61768e+05
 10  0.02451 -1.60092e+05 | 11  0.02568 -1.62990e+05 | 12 -0.01487 -1.32563e+05
 13 -0.03518 -1.20154e+05 | 14 -0.03720 -1.16318e+05 | 15  0.03038 -1.54259e+05
 16  0.01718 -1.48173e+05 | 17 -0.05008 -9.87944e+04 | 18  0.03169 -1.46000e+05
 19 -0.04243  4.64137e+04 | 20 -0.02530  1.09920e+05 | 21  0.04717  1.65784e+05
 22  0.04280  1.36224e+05 | 23  0.00941  1.08574e+05 | 24 -0.00988  8.61941e+04
 25 -0.01593  7.52399e+04 | 26 -0.00444  7.33732e+04 | 27 -0.05045  4.90878e+04
 28 -0.02220  3.87744e+04 | 29 -0.03049  2.68081e+04 | 30 -0.03596  2.38766e+04
 31  0.03650  3.50977e+04 | 32  0.04062 -8.58069e+04 | 33 -0.04439 -7.99585e+04
 34  0.02185 -9.62444e+04 | 35 -0.02499 -1.03779e+05 | 36 -0.04974 -1.04812e+05
 37  0.01580 -1.49219e+05 | 38 -0.01821 -1.14654e+05 | 39 -0.00120 -1.02183e+05
 40  0.00654 -1.01413e+05 | 41 -0.02128 -8.07992e+04 | 42  0.04655 -1.28456e+05
 43 -0.01985 -9.80065e+04 | 44 -0.02600 -1.03374e+05 | 45  0.05083 -1.71496e+05
 46  0.00916 -1.11433e+05 | 47 -0.00996 -6.89005e+04 | 48 -0.02844 -3.06150e+04
 49 -0.02532  6.31612e+03 | 50 -0.01271 -2.83260e+04 | 51  0.04066 -5.85003e+04
 52 -0.03211 -7.92145e+04 | 53  0.01369 -7.04152e+04 | 54  0.01872 -4.89582e+04
 55 -0.02528 -2.04122e+04 | 56  0.00444 -1.12684e+04 | 57  0.02531 -1.31157e+04
 58 -0.03571 -1.24396e+04 | 59 -0.01301 -2.65228e+04 | 60 -0.02094 -3.27264e+04
 61 -0.01908 -1.75590e+04 | 62  0.02786 -1.60984e+04 | 63  0.04876 -3.00524e+04
 64  0.00050 -1.92186e+04 | 65  0.02471 -9.83002e+03 | 66  0.02112  1.20293e+04
 67  0.01238  2.62828e+04 | 68 -0.04765  3.57460e+04 | 69 -0.01542  6.52662e+04
 70 -0.04670  6.09091e+04 | 71 -0.02012 -2.00725e+05 | 72 -0.03922 -2.44188e+05
 73  0.04779 -1.12879e+05 | 74  0.02583  2.12018e+02 | 75 -0.04557  1.92366e+02
Function minimizer not making progress ... is minimum attained?
Minimprove criterion = 0.0000e+00

 - final statistics:
75 variables; iteration 2; function evaluation 36
Function value nan; maximum gradient component mag -8.3732e+06
Exit code = 1;  converg criter 1.0000e+01
Var    Value     Gradient |Var    Value     Gradient |Var    Value     Gradient
  1 -0.16129 -8.37317e+06 |  2  0.03374 -6.31264e+04 |  3  0.03314 -4.90304e+04
  4  0.00594 -3.06316e+04 |  5 -0.00618 -9.51758e+04 |  6 -0.00099 -1.40943e+05
  7 -0.04294 -1.23987e+05 |  8  0.01275 -1.65881e+05 |  9  0.01416 -1.61768e+05
 10  0.02451 -1.60092e+05 | 11  0.02568 -1.62990e+05 | 12 -0.01487 -1.32563e+05
 13 -0.03518 -1.20154e+05 | 14 -0.03720 -1.16318e+05 | 15  0.03038 -1.54259e+05
 16  0.01718 -1.48173e+05 | 17 -0.05008 -9.87944e+04 | 18  0.03169 -1.46000e+05
 19 -0.04243  4.64137e+04 | 20 -0.02530  1.09920e+05 | 21  0.04717  1.65784e+05
 22  0.04280  1.36224e+05 | 23  0.00941  1.08574e+05 | 24 -0.00988  8.61941e+04
 25 -0.01593  7.52399e+04 | 26 -0.00444  7.33732e+04 | 27 -0.05045  4.90878e+04
 28 -0.02220  3.87744e+04 | 29 -0.03049  2.68081e+04 | 30 -0.03596  2.38766e+04
 31  0.03650  3.50977e+04 | 32  0.04062 -8.58069e+04 | 33 -0.04439 -7.99585e+04
 34  0.02185 -9.62444e+04 | 35 -0.02499 -1.03779e+05 | 36 -0.04974 -1.04812e+05
 37  0.01580 -1.49219e+05 | 38 -0.01821 -1.14654e+05 | 39 -0.00120 -1.02183e+05
 40  0.00654 -1.01413e+05 | 41 -0.02128 -8.07992e+04 | 42  0.04655 -1.28456e+05
 43 -0.01985 -9.80065e+04 | 44 -0.02600 -1.03374e+05 | 45  0.05083 -1.71496e+05
 46  0.00916 -1.11433e+05 | 47 -0.00996 -6.89005e+04 | 48 -0.02844 -3.06150e+04
 49 -0.02532  6.31612e+03 | 50 -0.01271 -2.83260e+04 | 51  0.04066 -5.85003e+04
 52 -0.03211 -7.92145e+04 | 53  0.01369 -7.04152e+04 | 54  0.01872 -4.89582e+04
 55 -0.02528 -2.04122e+04 | 56  0.00444 -1.12684e+04 | 57  0.02531 -1.31157e+04
 58 -0.03571 -1.24396e+04 | 59 -0.01301 -2.65228e+04 | 60 -0.02094 -3.27264e+04
 61 -0.01908 -1.75590e+04 | 62  0.02786 -1.60984e+04 | 63  0.04876 -3.00524e+04
 64  0.00050 -1.92186e+04 | 65  0.02471 -9.83002e+03 | 66  0.02112  1.20293e+04
 67  0.01238  2.62828e+04 | 68 -0.04765  3.57460e+04 | 69 -0.01542  6.52662e+04
 70 -0.04670  6.09091e+04 | 71 -0.02012 -2.00725e+05 | 72 -0.03922 -2.44188e+05
 73  0.04779 -1.12879e+05 | 74  0.02583  2.12018e+02 | 75 -0.04557  1.92366e+02

Initial statistics: 75 variables; iteration 0; function evaluation 0; phase 2
Function value nan; maximum gradient component mag -8.3732e+06
Var    Value     Gradient |Var    Value     Gradient |Var    Value     Gradient
  1 -0.16129 -8.37317e+06 |  2  0.03374 -6.31264e+04 |  3  0.03314 -4.90304e+04
  4  0.00594 -3.06316e+04 |  5 -0.00618 -9.51758e+04 |  6 -0.00099 -1.40943e+05
  7 -0.04294 -1.23987e+05 |  8  0.01275 -1.65881e+05 |  9  0.01416 -1.61768e+05
 10  0.02451 -1.60092e+05 | 11  0.02568 -1.62990e+05 | 12 -0.01487 -1.32563e+05
 13 -0.03518 -1.20154e+05 | 14 -0.03720 -1.16318e+05 | 15  0.03038 -1.54259e+05
 16  0.01718 -1.48173e+05 | 17 -0.05008 -9.87944e+04 | 18  0.03169 -1.46000e+05
 19 -0.04243  4.64137e+04 | 20 -0.02530  1.09920e+05 | 21  0.04717  1.65784e+05
 22  0.04280  1.36224e+05 | 23  0.00941  1.08574e+05 | 24 -0.00988  8.61941e+04
 25 -0.01593  7.52399e+04 | 26 -0.00444  7.33732e+04 | 27 -0.05045  4.90878e+04
 28 -0.02220  3.87744e+04 | 29 -0.03049  2.68081e+04 | 30 -0.03596  2.38766e+04
 31  0.03650  3.50977e+04 | 32  0.04062 -8.58069e+04 | 33 -0.04439 -7.99585e+04
 34  0.02185 -9.62444e+04 | 35 -0.02499 -1.03779e+05 | 36 -0.04974 -1.04812e+05
 37  0.01580 -1.49219e+05 | 38 -0.01821 -1.14654e+05 | 39 -0.00120 -1.02183e+05
 40  0.00654 -1.01413e+05 | 41 -0.02128 -8.07992e+04 | 42  0.04655 -1.28456e+05
 43 -0.01985 -9.80065e+04 | 44 -0.02600 -1.03374e+05 | 45  0.05083 -1.71496e+05
 46  0.00916 -1.11433e+05 | 47 -0.00996 -6.89005e+04 | 48 -0.02844 -3.06150e+04
 49 -0.02532  6.31612e+03 | 50 -0.01271 -2.83260e+04 | 51  0.04066 -5.85003e+04
 52 -0.03211 -7.92145e+04 | 53  0.01369 -7.04152e+04 | 54  0.01872 -4.89582e+04
 55 -0.02528 -2.04122e+04 | 56  0.00444 -1.12684e+04 | 57  0.02531 -1.31157e+04
 58 -0.03571 -1.24396e+04 | 59 -0.01301 -2.65228e+04 | 60 -0.02094 -3.27264e+04
 61 -0.01908 -1.75590e+04 | 62  0.02786 -1.60984e+04 | 63  0.04876 -3.00524e+04
 64  0.00050 -1.92186e+04 | 65  0.02471 -9.83002e+03 | 66  0.02112  1.20293e+04
 67  0.01238  2.62828e+04 | 68 -0.04765  3.57460e+04 | 69 -0.01542  6.52662e+04
 70 -0.04670  6.09091e+04 | 71 -0.02012 -2.00725e+05 | 72 -0.03922 -2.44188e+05
 73  0.04779 -1.12879e+05 | 74  0.02583  2.12018e+02 | 75 -0.04557  1.92366e+02
  ic > imax  in fminim is answer attained ?
Var    Value     Gradient |Var    Value     Gradient |Var    Value     Gradient
  1  0.10143 -2.76229e+02 |  2  0.03572  8.27504e+00 |  3  0.03468  1.19258e+01
  4  0.00690  5.17198e+00 |  5 -0.00319  2.67313e+00 |  6  0.00343  4.20155e+00
  7 -0.03905 -6.16182e+00 |  8  0.01795  7.47308e+00 |  9  0.01923  7.62662e+00
 10  0.02954  9.87183e+00 | 11  0.03079  9.92781e+00 | 12 -0.01072 -5.13860e-02
 13 -0.03141 -5.12538e+00 | 14 -0.03355 -5.83366e+00 | 15  0.03522  9.45344e+00
 16  0.02183  5.89020e+00 | 17 -0.04698 -1.00295e+01 | 18  0.03627  6.93572e+00
 19 -0.04388 -1.05967e+01 | 20 -0.02875 -8.33863e+00 | 21  0.04197  2.81496e+00
 22  0.03853 -3.11652e-01 | 23  0.00601 -7.45498e+00 | 24 -0.01258 -1.24126e+01
 25 -0.01829 -1.53481e+01 | 26 -0.00674 -1.63073e+01 | 27 -0.05199 -2.30375e+01
 28 -0.02341 -2.12174e+01 | 29 -0.03133 -2.18441e+01 | 30 -0.03671 -2.00384e+01
 31  0.03540 -5.48102e+00 | 32  0.04331  8.28810e+00 | 33 -0.04189 -9.39076e-01
 34  0.02487  3.11251e+01 | 35 -0.02173 -2.68990e+00 | 36 -0.04645 -5.84898e+01
 37  0.02048  4.27586e+00 | 38 -0.01462  8.51815e+00 | 39  0.00200  7.33222e+00
 40  0.00973  1.14553e+01 | 41 -0.01875  4.98930e+00 | 42  0.05058  2.59348e+01
 43 -0.01678  6.29951e+00 | 44 -0.02276  4.31342e+00 | 45  0.05621  1.89721e+01
 46  0.01265 -1.19486e+01 | 47 -0.00780 -4.43390e+01 | 48 -0.02748 -5.51104e+01
 49 -0.02552 -3.89872e+01 | 50 -0.01182  1.41890e+00 | 51  0.04250  6.07222e+01
 52 -0.02963  1.63659e+01 | 53  0.01590  4.99148e+00 | 54  0.02025 -3.42018e+01
 55 -0.02464 -5.43878e+01 | 56  0.00479 -6.88115e+01 | 57  0.02572 -6.88715e+01
 58 -0.03532 -4.78892e+01 | 59 -0.01218 -5.41069e+01 | 60 -0.01992 -3.71222e+01
 61 -0.01853  1.30555e+01 | 62  0.02837  9.37004e+01 | 63  0.04971  1.36637e+02
 64  0.00110  8.24353e+01 | 65  0.02502  8.87405e+01 | 66  0.02074  5.79027e+01
 67  0.01156  3.16289e+01 | 68 -0.04877  1.76264e+01 | 69 -0.01747  4.87105e+01
 70 -0.04861  1.89867e+01 | 71 -0.01382  1.27065e+01 | 72 -0.03156 -2.78232e+00
 73  0.05134  1.68665e+01 | 74  0.02583  1.06104e+01 | 75 -0.04557 -6.96214e+00
Function minimizer not making progress ... is minimum attained?
Minimprove criterion = 0.0000e+00

 - final statistics:
75 variables; iteration 2; function evaluation 39
Function value nan; maximum gradient component mag -2.7623e+02
Exit code = 1;  converg criter 1.0000e+01
Var    Value     Gradient |Var    Value     Gradient |Var    Value     Gradient
  1  0.10143 -2.76229e+02 |  2  0.03572  8.27504e+00 |  3  0.03468  1.19258e+01
  4  0.00690  5.17198e+00 |  5 -0.00319  2.67313e+00 |  6  0.00343  4.20155e+00
  7 -0.03905 -6.16182e+00 |  8  0.01795  7.47308e+00 |  9  0.01923  7.62662e+00
 10  0.02954  9.87183e+00 | 11  0.03079  9.92781e+00 | 12 -0.01072 -5.13860e-02
 13 -0.03141 -5.12538e+00 | 14 -0.03355 -5.83366e+00 | 15  0.03522  9.45344e+00
 16  0.02183  5.89020e+00 | 17 -0.04698 -1.00295e+01 | 18  0.03627  6.93572e+00
 19 -0.04388 -1.05967e+01 | 20 -0.02875 -8.33863e+00 | 21  0.04197  2.81496e+00
 22  0.03853 -3.11652e-01 | 23  0.00601 -7.45498e+00 | 24 -0.01258 -1.24126e+01
 25 -0.01829 -1.53481e+01 | 26 -0.00674 -1.63073e+01 | 27 -0.05199 -2.30375e+01
 28 -0.02341 -2.12174e+01 | 29 -0.03133 -2.18441e+01 | 30 -0.03671 -2.00384e+01
 31  0.03540 -5.48102e+00 | 32  0.04331  8.28810e+00 | 33 -0.04189 -9.39076e-01
 34  0.02487  3.11251e+01 | 35 -0.02173 -2.68990e+00 | 36 -0.04645 -5.84898e+01
 37  0.02048  4.27586e+00 | 38 -0.01462  8.51815e+00 | 39  0.00200  7.33222e+00
 40  0.00973  1.14553e+01 | 41 -0.01875  4.98930e+00 | 42  0.05058  2.59348e+01
 43 -0.01678  6.29951e+00 | 44 -0.02276  4.31342e+00 | 45  0.05621  1.89721e+01
 46  0.01265 -1.19486e+01 | 47 -0.00780 -4.43390e+01 | 48 -0.02748 -5.51104e+01
 49 -0.02552 -3.89872e+01 | 50 -0.01182  1.41890e+00 | 51  0.04250  6.07222e+01
 52 -0.02963  1.63659e+01 | 53  0.01590  4.99148e+00 | 54  0.02025 -3.42018e+01
 55 -0.02464 -5.43878e+01 | 56  0.00479 -6.88115e+01 | 57  0.02572 -6.88715e+01
 58 -0.03532 -4.78892e+01 | 59 -0.01218 -5.41069e+01 | 60 -0.01992 -3.71222e+01
 61 -0.01853  1.30555e+01 | 62  0.02837  9.37004e+01 | 63  0.04971  1.36637e+02
 64  0.00110  8.24353e+01 | 65  0.02502  8.87405e+01 | 66  0.02074  5.79027e+01
 67  0.01156  3.16289e+01 | 68 -0.04877  1.76264e+01 | 69 -0.01747  4.87105e+01
 70 -0.04861  1.89867e+01 | 71 -0.01382  1.27065e+01 | 72 -0.03156 -2.78232e+00
 73  0.05134  1.68665e+01 | 74  0.02583  1.06104e+01 | 75 -0.04557 -6.96214e+00

Initial statistics: 92 variables; iteration 0; function evaluation 0; phase 3
Function value -2.4726256e+01; maximum gradient component mag -2.7623e+02
Var    Value     Gradient |Var    Value     Gradient |Var    Value     Gradient
  1  0.10143 -2.76228e+02 |  2 -0.02768 -7.12454e+00 |  3  0.03572  8.27504e+00
  4  0.03468  1.19258e+01 |  5  0.00690  5.17199e+00 |  6 -0.00319  2.67313e+00
  7  0.00343  4.20155e+00 |  8 -0.03905 -6.16182e+00 |  9  0.01795  7.47308e+00
 10  0.01923  7.62662e+00 | 11  0.02954  9.87183e+00 | 12  0.03079  9.92781e+00
 13 -0.01072 -5.13855e-02 | 14 -0.03141 -5.12538e+00 | 15 -0.03355 -5.83366e+00
 16  0.03522  9.45344e+00 | 17  0.02183  5.89020e+00 | 18 -0.04698 -1.00295e+01
 19  0.03627  6.93573e+00 | 20 -0.04388 -1.05967e+01 | 21 -0.02875 -8.33863e+00
 22  0.04197  2.81496e+00 | 23  0.03853 -3.11650e-01 | 24  0.00601 -7.45498e+00
 25 -0.01258 -1.24126e+01 | 26 -0.01829 -1.53481e+01 | 27 -0.00674 -1.63072e+01
 28 -0.05199 -2.30375e+01 | 29 -0.02341 -2.12174e+01 | 30 -0.03133 -2.18441e+01
 31 -0.03671 -2.00384e+01 | 32  0.03540 -5.48100e+00 | 33  0.04331  8.28812e+00
 34 -0.04189 -9.39060e-01 | 35  0.02487  3.11251e+01 | 36 -0.02173 -2.68991e+00
 37 -0.04645 -5.84899e+01 | 38  0.02048  4.27584e+00 | 39 -0.01462  8.51815e+00
 40  0.00200  7.33222e+00 | 41  0.00973  1.14553e+01 | 42 -0.01875  4.98930e+00
 43  0.05058  2.59348e+01 | 44 -0.01678  6.29951e+00 | 45 -0.02276  4.31342e+00
 46  0.05621  1.89722e+01 | 47  0.01265 -1.19486e+01 | 48 -0.00780 -4.43390e+01
 49 -0.02748 -5.51104e+01 | 50 -0.02552 -3.89872e+01 | 51 -0.01182  1.41889e+00
 52  0.04250  6.07222e+01 | 53 -0.02963  1.63659e+01 | 54  0.01590  4.99146e+00
 55  0.02025 -3.42018e+01 | 56 -0.02464 -5.43878e+01 | 57  0.00479 -6.88115e+01
 58  0.02572 -6.88715e+01 | 59 -0.03532 -4.78892e+01 | 60 -0.01218 -5.41069e+01
 61 -0.01992 -3.71221e+01 | 62 -0.01853  1.30555e+01 | 63  0.02837  9.37004e+01
 64  0.04971  1.36637e+02 | 65  0.00110  8.24353e+01 | 66  0.02502  8.87405e+01
 67  0.02074  5.79027e+01 | 68  0.01156  3.16290e+01 | 69 -0.04877  1.76264e+01
 70 -0.01747  4.87105e+01 | 71 -0.04861  1.89867e+01 | 72 -0.01382  1.27064e+01
 73 -0.03156 -2.78233e+00 | 74  0.05134  1.68665e+01 | 75  0.02583  1.06104e+01
 76 -0.04557 -6.96214e+00 | 77 -0.32396 -4.75091e+01 | 78 -0.47230 -2.42082e-03
 79 -0.01126  7.08384e+01 | 80  0.30478  2.83186e-02 | 81 -0.07149  2.08259e+01
 82 -0.99265 -2.47331e-01 | 83  0.11471  3.86780e+00 | 84  0.36364  2.22713e+00
 85 -0.20231 -6.29817e+01 | 86 -0.10399 -7.65243e+01 | 87  0.09410  2.55030e+01
 88  0.89612 -2.28440e+01 | 89 -0.37898 -3.81583e-02 | 90  0.00538  2.19558e-06
 91  0.04544  2.25794e-02 | 92  0.42166  2.44801e-03 |

Intermediate statistics: 92 variables; iteration 20; function evaluation 25; phase 3
Function value -8.4404314e+01; maximum gradient component mag 5.1078e+01
Var    Value     Gradient |Var    Value     Gradient |Var    Value     Gradient
  1  0.11963 -4.53505e+01 |  2  0.00521  1.02942e+00 |  3 -0.00375 -1.21239e+00
  4 -0.02172 -1.72855e+00 |  5 -0.01731 -7.06910e-01 |  6 -0.01548 -3.23151e-01
  7 -0.01611 -5.40465e-01 |  8 -0.00936  1.01521e+00 |  9 -0.01747 -1.03132e+00
 10 -0.01722 -1.06416e+00 | 11 -0.01838 -1.43957e+00 | 12 -0.01817 -1.48756e+00
 13 -0.01117  6.48151e-02 | 14 -0.00727  8.42043e-01 | 15 -0.00621  9.12903e-01
 16 -0.01664 -1.77434e+00 | 17 -0.01333 -1.30800e+00 | 18  0.00028  1.29091e+00
 19 -0.01253 -2.10151e+00 | 20  0.00435  9.29538e-01 | 21  0.00448  1.67057e-01
 22 -0.00583 -2.79636e+00 | 23 -0.00157 -2.86020e+00 | 24  0.00775 -2.00319e+00
 25  0.01275 -1.85179e+00 | 26  0.01317 -2.13829e+00 | 27  0.00811 -2.95300e+00
 28  0.00971 -2.21082e+00 | 29 -0.00324 -3.90361e+00 | 30 -0.01119 -4.50545e+00
 31 -0.01863 -4.72406e+00 | 32 -0.03780 -7.23361e+00 | 33 -0.03334 -4.05169e+00
 34 -0.02192  3.34942e+00 | 35 -0.03207  5.68856e+00 | 36 -0.05086 -1.21432e+00
 37 -0.05553 -1.93257e+01 | 38 -0.02884 -1.59782e+00 | 39 -0.05271 -9.26659e-01
 40 -0.04373 -6.94154e-01 | 41 -0.03627  1.69233e-01 | 42 -0.03017  1.13517e+00
 43 -0.03339 -4.77218e-01 | 44 -0.03144  2.75880e-01 | 45 -0.04193 -1.20221e+00
 46 -0.05496 -5.28202e+00 | 47 -0.04201 -1.10262e+01 | 48 -0.03113 -2.22345e+01
 49  0.03761 -2.94021e+01 | 50 -0.05453 -2.56243e+01 | 51 -0.03028 -2.08270e+01
 52 -0.05785 -6.08115e+00 | 53 -0.02059 -1.67797e-01 | 54 -0.01065 -2.76981e+00
 55 -0.04436 -1.13222e+01 | 56  0.00999  2.05407e+00 | 57  0.01210  1.46647e+01
 58  0.01401  2.25720e+01 | 59 -0.02167  1.71378e+01 | 60 -0.03182  3.88520e+00
 61  0.01612  1.88437e+00 | 62 -0.03773  1.56591e+00 | 63 -0.04412  2.43984e+00
 64 -0.01891 -3.12865e-01 | 65 -0.04246 -4.71532e+00 | 66 -0.05994 -2.79198e+00
 67 -0.04586  7.84464e+00 | 68  0.04368  3.43696e+01 | 69 -0.03199  2.22438e+01
 70 -0.08995  1.21661e+01 | 71 -0.08682  4.60113e+00 | 72 -0.05227 -3.54698e-01
 73 -0.02041 -1.19702e-01 | 74 -0.02935 -2.47964e+00 | 75 -0.02560 -1.58650e+00
 76 -0.01545  8.95863e-01 | 77 -0.36870  5.10775e+01 | 78 -0.47270  6.56124e-02
 79 -0.09465  4.82952e+00 | 80  0.38449  1.84679e+01 | 81 -0.27659  1.64822e+01
 82 -0.97953 -9.64037e-02 | 83 -0.05850 -5.85021e-02 | 84  0.51896  4.95071e+00
 85  0.24914 -1.00419e+01 | 86  0.50262  3.16731e-03 | 87  0.25311  1.93959e+01
 88  0.96101  5.09779e-02 | 89 -0.38072  7.12367e-03 | 90  0.00537  5.31647e-05
 91  0.04641 -3.46875e-03 | 92  0.42147  2.45076e-03 |
92 variables; iteration 40; function evaluation 52; phase 3
Function value -8.9306972e+01; maximum gradient component mag 3.5627e+01
Var    Value     Gradient |Var    Value     Gradient |Var    Value     Gradient
  1  0.14042 -1.35763e+01 |  2  0.00013 -1.33054e-01 |  3 -0.00098 -4.40236e-01
  4 -0.01706 -4.90639e-01 |  5 -0.01628 -3.38157e-01 |  6 -0.01589 -2.88878e-01
  7 -0.01593 -3.48808e-01 |  8 -0.01465 -9.60690e-02 |  9 -0.01602 -4.94352e-01
 10 -0.01589 -5.32354e-01 | 11 -0.01614 -6.65610e-01 | 12 -0.01625 -7.64280e-01
 13 -0.01441 -4.00639e-01 | 14 -0.01294 -1.46348e-01 | 15 -0.01207 -5.85061e-02
 16 -0.01605 -1.17126e+00 | 17 -0.01449 -1.01211e+00 | 18 -0.00464  9.09711e-01
 19 -0.01322 -1.48059e+00 | 20  0.00187  1.44378e+00 | 21  0.00214  9.39871e-01
 22 -0.00046 -2.13623e-01 | 23  0.00698  7.59377e-01 | 24  0.00814  5.62374e-01
 25  0.00725  2.04785e-01 | 26  0.00980  9.16288e-01 | 27  0.01354  2.21545e+00
 28  0.00627  1.52499e+00 | 29  0.00012  9.13580e-01 | 30 -0.00466  5.54746e-01
 31 -0.00547  1.02428e+00 | 32 -0.01873 -1.65096e+00 | 33 -0.01369 -2.67276e-01
 34 -0.02004 -1.49661e-01 | 35 -0.03401 -1.31704e+00 | 36 -0.03206 -1.43215e+00
 37 -0.00610 -3.88244e+00 | 38 -0.02231  4.13194e+00 | 39 -0.04878  2.19123e-01
 40 -0.04898 -2.20379e+00 | 41 -0.04224 -2.07211e+00 | 42 -0.03513 -1.29184e+00
 43 -0.03830 -3.05957e+00 | 44 -0.03433 -1.72583e+00 | 45 -0.04031 -1.53608e+00
 46 -0.05528 -5.16579e+00 | 47 -0.01544 -1.86252e+00 | 48  0.00466 -9.14954e+00
 49  0.01648 -9.72702e+00 | 50 -0.03412 -8.06912e+00 | 51 -0.00949  2.75515e+00
 52 -0.05758  1.10647e+00 | 53 -0.02158  3.09695e+00 | 54 -0.01853 -1.08922e+00
 55 -0.01177 -1.14838e-01 | 56  0.00884  1.12945e+00 | 57  0.01766  2.16534e+00
 58 -0.00439 -2.21969e+00 | 59 -0.02235  3.05750e+00 | 60 -0.02382 -1.76118e-02
 61  0.02044 -1.13378e+00 | 62 -0.03586 -2.01828e+00 | 63 -0.04825 -5.02484e-01
 64 -0.01506  5.28978e+00 | 65 -0.02341  8.15877e+00 | 66 -0.04258  6.49556e+00
 67 -0.03980  3.82752e+00 | 68  0.03252  4.83414e+00 | 69 -0.02828  3.58642e+00
 70 -0.08741  2.11191e+00 | 71 -0.09160 -2.35506e+00 | 72 -0.04795  5.81201e-01
 73 -0.01595  7.71697e-01 | 74 -0.01792  7.53614e-02 | 75 -0.01741  1.86664e-01
 76 -0.01609  5.11342e-01 | 77 -0.35609  3.56266e+01 | 78 -0.47974  5.00462e-02
 79 -0.06529  2.72858e+01 | 80  0.32007  1.13877e+01 | 81 -0.32211 -1.12111e+01
 82 -0.81953 -1.07460e-02 | 83 -0.08472  1.14612e+01 | 84  0.61569 -1.50627e+00
 85  0.53560 -2.84956e+00 | 86  0.37360  2.08851e-03 | 87  0.23436  6.38504e+00
 88  0.23804  1.23281e-03 | 89 -0.43190  3.58355e-04 | 90  0.00518  1.12851e-04
 91  0.07520 -4.03999e-04 | 92  0.41489  2.39832e-03 |
92 variables; iteration 60; function evaluation 85; phase 3
Function value -9.0553302e+01; maximum gradient component mag 3.1635e+01
Var    Value     Gradient |Var    Value     Gradient |Var    Value     Gradient
  1  0.16370 -4.13013e+00 |  2  0.00334  6.89783e-01 |  3  0.00196  3.25992e-01
  4 -0.01460  1.63862e-01 |  5 -0.01360  3.80689e-01 |  6 -0.01324  4.36504e-01
  7 -0.01351  3.32722e-01 |  8 -0.01164  7.45743e-01 |  9 -0.01415  8.40640e-02
 10 -0.01438 -2.69679e-02 | 11 -0.01491 -2.11491e-01 | 12 -0.01459 -1.94278e-01
 13 -0.01303  1.11250e-01 | 14 -0.01269  1.03673e-01 | 15 -0.01299 -7.94094e-02
 16 -0.01067  3.21196e-01 | 17 -0.01009  2.68905e-01 | 18 -0.01130 -3.59439e-01
 19 -0.00719  1.73459e-01 | 20 -0.01011 -9.29143e-01 | 21 -0.00417 -1.13942e-01
 22  0.00103  4.42454e-01 | 23  0.00165  2.52799e-02 | 24 -0.00264 -1.26411e+00
 25  0.00745  6.27940e-01 | 26  0.00902  1.08534e+00 | 27  0.00332  3.07962e-01
 28 -0.00094 -1.78143e-02 | 29 -0.00841 -1.15939e+00 | 30 -0.00771 -4.57713e-01
 31 -0.00784  1.53415e-01 | 32 -0.00922  3.22755e-01 | 33 -0.01061  2.34745e-01
 34 -0.02299 -1.07345e+00 | 35 -0.02579  8.89457e-01 | 36 -0.02660  1.89406e+00
 37 -0.01131 -1.14992e+00 | 38 -0.01150 -2.22748e+00 | 39 -0.04043  1.67685e+00
 40 -0.04091 -6.75084e-02 | 41 -0.03137  8.84647e-01 | 42 -0.03582 -1.55034e+00
 43 -0.02637 -2.75077e-02 | 44 -0.02844 -2.61624e-01 | 45 -0.03183  8.06680e-01
 46 -0.03378  1.21780e+00 | 47 -0.02057 -1.20942e+00 | 48  0.01164 -2.28514e+00
 49  0.01253 -2.25295e+00 | 50 -0.02476 -2.11524e+00 | 51 -0.01595 -6.62902e-01
 52 -0.05725 -4.30225e-01 | 53 -0.02547 -4.89534e-01 | 54 -0.01096  1.39833e+00
 55 -0.01106  3.91342e-01 | 56  0.01105  1.29935e-01 | 57  0.01088 -2.35826e-01
 58  0.00691 -8.42527e-01 | 59 -0.02986  4.08647e-01 | 60 -0.02293 -2.41249e-01
 61  0.02292  6.17628e-01 | 62 -0.03342  6.67941e-01 | 63 -0.04451  8.84564e-01
 64 -0.01512  1.95389e+00 | 65 -0.02874  1.03118e+00 | 66 -0.04608 -1.65073e-01
 67 -0.03874  1.22639e+00 | 68  0.03840  3.36497e+00 | 69 -0.03012  1.92436e+00
 70 -0.09149  2.15002e-01 | 71 -0.08071  1.16066e+00 | 72 -0.05023 -1.14046e+00
 73 -0.01564  5.68716e-01 | 74 -0.01778 -1.89943e-02 | 75 -0.01744  5.49996e-02
 76 -0.01696  1.72916e-01 | 77 -0.35061  3.16353e+01 | 78 -0.46888  2.14621e-02
 79 -0.07366 -4.62817e+00 | 80  0.26276  3.40127e+00 | 81 -0.33029  8.10773e+00
 82 -0.68589 -5.51493e-03 | 83 -0.12225 -3.64553e+00 | 84  0.61881  2.00063e+00
 85  0.83146 -4.12778e-01 | 86  0.24819  1.28993e-03 | 87  0.24876 -3.18653e+00
 88 -0.20892 -1.06968e-03 | 89 -0.48798 -1.10712e-03 | 90  0.00351  9.68384e-05
 91  0.10637  3.35204e-04 | 92  0.38581  2.18076e-03 |
92 variables; iteration 80; function evaluation 121; phase 3
Function value -9.0806196e+01; maximum gradient component mag -3.9042e+00
Var    Value     Gradient |Var    Value     Gradient |Var    Value     Gradient
  1  0.18661 -3.90422e+00 |  2  0.00009 -8.53494e-02 |  3  0.00167  2.78544e-01
  4 -0.01397  3.40033e-01 |  5 -0.01528 -7.36190e-03 |  6 -0.01599 -2.11777e-01
  7 -0.01612 -2.77107e-01 |  8 -0.01903 -1.02549e+00 |  9 -0.01644 -4.34749e-01
 10 -0.01638 -4.66637e-01 | 11 -0.01569 -3.49272e-01 | 12 -0.01558 -3.77992e-01
 13 -0.01532 -3.79217e-01 | 14 -0.01300  1.03224e-01 | 15 -0.01021  6.71749e-01
 16 -0.01366 -2.97609e-01 | 17 -0.00957  4.95419e-01 | 18 -0.01133 -2.66763e-01
 19 -0.00990 -3.53577e-01 | 20 -0.00955 -7.15781e-01 | 21 -0.00404 -4.16027e-03
 22 -0.00198 -1.36470e-01 | 23 -0.00071 -4.14604e-01 | 24  0.00216 -2.28646e-01
 25  0.00263 -3.51660e-01 | 26  0.00346 -8.85562e-02 | 27  0.00161 -1.13403e-01
 28 -0.00241 -4.08460e-01 | 29 -0.00469 -3.89687e-01 | 30 -0.00513  1.25800e-01
 31 -0.00764  2.25004e-01 | 32 -0.00871  3.66870e-01 | 33 -0.00836  2.70603e-01
 34 -0.01498 -5.84986e-01 | 35 -0.01975 -3.35959e-02 | 36 -0.03218 -5.18711e-01
 37 -0.01434  4.66187e-01 | 38 -0.00641  8.22483e-01 | 39 -0.04557  1.83280e-01
 40 -0.04133 -3.96499e-01 | 41 -0.03166  5.38879e-01 | 42 -0.02798  3.31105e-01
 43 -0.02948 -1.04146e+00 | 44 -0.02367  8.03776e-01 | 45 -0.03380 -6.52711e-04
 46 -0.03593  2.33032e-01 | 47 -0.01569 -4.23097e-01 | 48  0.01798 -5.66003e-01
 49  0.00599 -1.33245e+00 | 50 -0.02322 -4.58930e-01 | 51 -0.01680 -4.88678e-01
 52 -0.05703 -6.24936e-02 | 53 -0.02264 -9.10587e-02 | 54 -0.01350 -1.51768e-01
 55 -0.01151 -1.27423e-01 | 56  0.00787 -6.97950e-01 | 57  0.00962 -6.82031e-01
 58  0.00942 -6.36575e-01 | 59 -0.03224 -2.79303e-01 | 60 -0.02203  4.52705e-02
 61  0.02611  1.08649e+00 | 62 -0.03411  4.12954e-01 | 63 -0.04189  9.28096e-01
 64 -0.01374  9.62007e-01 | 65 -0.03264  2.30617e-01 | 66 -0.04867  7.33083e-01
 67 -0.04417  9.99873e-01 | 68  0.03969  1.17646e+00 | 69 -0.02566  3.26707e-01
 70 -0.08893  3.66967e-01 | 71 -0.08299  3.34088e-01 | 72 -0.04583  2.32746e-01
 73 -0.01977 -5.07749e-01 | 74 -0.01772 -6.98524e-02 | 75 -0.01779 -9.35396e-02
 76 -0.01773 -7.85762e-02 | 77 -0.34712 -2.78756e+00 | 78 -0.41760 -1.35470e-02
 79 -0.06923 -2.04498e-01 | 80  0.22831 -4.66945e-01 | 81 -0.32492 -1.37348e+00
 82 -0.60817 -3.49396e-03 | 83 -0.11401  1.09597e+00 | 84  0.54114 -2.77876e-01
 85  1.08332  2.29999e-01 | 86  0.16354  8.22957e-04 | 87  0.25671 -2.34641e-01
 88 -0.66171 -5.34478e-03 | 89 -0.50151 -1.83203e-03 | 90  0.00147  9.19137e-06
 91  0.11817  5.02988e-04 | 92  0.33801  1.84486e-03 |
92 variables; iteration 100; function evaluation 153; phase 3
Function value -9.0896569e+01; maximum gradient component mag 7.3417e+00
Var    Value     Gradient |Var    Value     Gradient |Var    Value     Gradient
  1  0.21184 -2.40273e+00 |  2 -0.00089 -3.21907e-01 |  3 -0.00100 -3.68712e-01
  4 -0.01626 -2.11101e-01 |  5 -0.01529  4.69597e-03 |  6 -0.01482  9.50158e-02
  7 -0.01461  1.17179e-01 |  8 -0.01679 -4.49502e-01 |  9 -0.01480 -2.14310e-03
 10 -0.01465 -7.65802e-03 | 11 -0.01383  1.47706e-01 | 12 -0.01408  3.65793e-02
 13 -0.01420 -5.24602e-02 | 14 -0.01256  2.66805e-01 | 15 -0.01331 -1.24788e-02
 16 -0.00956  7.46141e-01 | 17 -0.01490 -7.01255e-01 | 18 -0.00835  5.07502e-01
 19 -0.00815  1.31692e-01 | 20 -0.00988 -7.04958e-01 | 21 -0.00647 -4.44546e-01
 22 -0.00285 -2.04623e-01 | 23 -0.00003 -1.33150e-01 | 24  0.00135 -2.42959e-01
 25  0.00287 -1.44565e-01 | 26  0.00315 -1.48305e-03 | 27  0.00167  2.99675e-02
 28 -0.00074  4.82317e-02 | 29 -0.00222  2.00226e-01 | 30 -0.00618 -1.32516e-01
 31 -0.00981 -3.68671e-01 | 32 -0.01048 -1.78693e-01 | 33 -0.00881  7.84741e-02
 34 -0.01264 -3.29896e-02 | 35 -0.01960  9.36930e-03 | 36 -0.03038 -1.19191e-01
 37 -0.01363  1.49055e-01 | 38 -0.00816 -1.23407e-01 | 39 -0.04488  1.60244e-01
 40 -0.03867  1.99741e-01 | 41 -0.03283  4.69008e-02 | 42 -0.02847  5.62325e-02
 43 -0.02436  1.76927e-01 | 44 -0.02642 -2.21714e-02 | 45 -0.03306  1.27974e-01
 46 -0.03609  1.42267e-01 | 47 -0.01551 -2.49920e-01 | 48  0.01667 -2.15550e-01
 49  0.00714 -2.31380e-01 | 50 -0.02417 -2.38504e-01 | 51 -0.01659 -2.07340e-01
 52 -0.05678 -1.30170e-01 | 53 -0.02301 -1.37732e-01 | 54 -0.01293 -5.84033e-02
 55 -0.01140 -1.45736e-01 | 56  0.00745 -7.06245e-01 | 57  0.01057 -4.09955e-01
 58  0.00827 -8.27134e-01 | 59 -0.03164 -3.28235e-01 | 60 -0.02185 -4.15258e-01
 61  0.02488 -4.61836e-02 | 62 -0.03298  1.50437e-01 | 63 -0.04238  3.35766e-01
 64 -0.01419  4.54973e-01 | 65 -0.03157  3.03572e-01 | 66 -0.04932  3.56356e-01
 67 -0.04420  6.71218e-01 | 68  0.03962  5.85685e-01 | 69 -0.02423  1.79136e-01
 70 -0.08857  1.59314e-01 | 71 -0.08294  2.39927e-01 | 72 -0.04668 -4.09747e-02
 73 -0.01380  9.08876e-01 | 74 -0.01685  9.35770e-02 | 75 -0.01632  2.20027e-01
 76 -0.01513  5.13779e-01 | 77 -0.34896  7.34167e+00 | 78 -0.29950  1.29717e-01
 79 -0.07051 -1.34727e+00 | 80  0.23324  4.87853e-01 | 81 -0.32928 -1.19129e+00
 82 -0.54177 -6.94932e-04 | 83 -0.12150 -8.25806e-02 | 84  0.54360 -1.83516e-01
 85  1.07021  1.70704e-01 | 86  0.17745  8.97457e-04 | 87  0.25874 -6.20041e-01
 88 -0.60227 -4.35657e-03 | 89 -0.47296 -1.99974e-03 | 90  0.00057  2.81156e-06
 91  0.11627  4.71969e-04 | 92  0.28124  1.48582e-03 |
92 variables; iteration 120; function evaluation 186; phase 3
Function value -9.1037601e+01; maximum gradient component mag 2.6707e+00
Var    Value     Gradient |Var    Value     Gradient |Var    Value     Gradient
  1  0.35539 -2.80344e-01 |  2  0.00202  4.13160e-01 |  3 -0.00095 -3.32764e-01
  4 -0.01598 -1.18215e-01 |  5 -0.01496  1.15141e-01 |  6 -0.01425  2.65316e-01
  7 -0.01536 -3.39851e-02 |  8 -0.01497  3.14332e-02 |  9 -0.01549 -1.31709e-01
 10 -0.01322  3.83980e-01 | 11 -0.01444  4.52054e-02 | 12 -0.01502 -1.40625e-01
 13 -0.01459 -9.05652e-02 | 14 -0.01356  9.10927e-02 | 15 -0.01476 -2.85771e-01
 16 -0.01446 -3.41196e-01 | 17 -0.00991  5.86652e-01 | 18 -0.01105 -1.76014e-02
 19 -0.01047 -2.86319e-01 | 20 -0.00572  3.75816e-01 | 21 -0.00458  1.20188e-01
 22 -0.00244  4.18361e-02 | 23 -0.00006  3.61480e-02 | 24  0.00204  8.03595e-02
 25  0.00285  1.34038e-02 | 26  0.00229 -6.30732e-02 | 27  0.00117 -1.74525e-02
 28 -0.00074  4.14914e-02 | 29 -0.00294 -8.22863e-03 | 30 -0.00505  6.32174e-02
 31 -0.00806 -9.30899e-03 | 32 -0.00965 -3.18032e-02 | 33 -0.00871  9.34601e-03
 34 -0.01148  3.00512e-02 | 35 -0.01770  9.54016e-02 | 36 -0.02648  3.10508e-01
 37 -0.01185 -2.94300e-02 | 38 -0.00952 -9.50483e-02 | 39 -0.04410 -4.25145e-02
 40 -0.03796  8.99776e-03 | 41 -0.03156  1.74483e-02 | 42 -0.02714  6.67977e-02
 43 -0.02372  2.71644e-02 | 44 -0.02498  8.10639e-02 | 45 -0.03246  2.44562e-02
 46 -0.03597 -8.32681e-02 | 47 -0.01392  4.67934e-02 | 48  0.01753  6.43004e-02
 49  0.00607 -2.01322e-01 | 50 -0.02332 -1.36561e-01 | 51 -0.01627 -3.00901e-01
 52 -0.05513 -4.70480e-02 | 53 -0.02210  2.98582e-01 | 54 -0.01161  1.96787e-01
 55 -0.01158  4.23654e-02 | 56  0.00996  4.37426e-01 | 57  0.00991  7.71697e-02
 58  0.01000  3.06410e-01 | 59 -0.03137 -2.19427e-03 | 60 -0.02053 -7.83288e-03
 61  0.02531 -1.10407e-01 | 62 -0.03178 -7.20977e-02 | 63 -0.04187 -1.83373e-01
 64 -0.01377 -1.45557e-01 | 65 -0.03041  1.35829e-01 | 66 -0.04867  2.71330e-01
 67 -0.04442  1.26692e-01 | 68  0.04060 -7.36241e-02 | 69 -0.02081  6.61466e-02
 70 -0.08675  9.36991e-02 | 71 -0.08289 -7.65956e-02 | 72 -0.04630 -3.34000e-02
 73 -0.01910 -5.09141e-01 | 74 -0.01834 -3.72854e-01 | 75 -0.01525  3.85774e-01
 76 -0.01946 -6.49763e-01 | 77 -0.35431  2.67068e+00 | 78 -0.23428  5.41626e-01
 79 -0.07439  5.14224e-01 | 80  0.24116  5.05251e-01 | 81 -0.33209 -1.04557e+00
 82 -0.46063  9.69501e-03 | 83 -0.12585 -7.88776e-01 | 84  0.53683 -7.80244e-01
 85  1.01572 -7.91214e-02 | 86  0.23986  1.24240e-03 | 87  0.26508  6.55128e-01
 88 -0.32755 -1.77596e-03 | 89 -0.27257 -1.08404e-03 | 90 -0.00443 -2.16995e-05
 91  0.09625  2.49520e-04 | 92 -0.05340 -2.64123e-04 |
92 variables; iteration 140; function evaluation 208; phase 3
Function value -9.1070635e+01; maximum gradient component mag 4.2998e+00
Var    Value     Gradient |Var    Value     Gradient |Var    Value     Gradient
  1  0.65692 -6.06127e-03 |  2  0.00025 -1.85395e-02 |  3  0.00037 -2.16305e-03
  4 -0.01548  9.53129e-03 |  5 -0.01544  7.03141e-04 |  6 -0.01539 -8.13497e-03
  7 -0.01528 -7.27775e-03 |  8 -0.01512  2.71002e-03 |  9 -0.01501 -5.99028e-03
 10 -0.01483  1.76358e-03 | 11 -0.01471 -9.30537e-03 | 12 -0.01449  1.14882e-04
 13 -0.01430 -5.98089e-03 | 14 -0.01405 -1.16611e-02 | 15 -0.01354  2.28593e-02
 16 -0.01304  1.59364e-02 | 17 -0.01257 -3.17187e-02 | 18 -0.01108 -6.01148e-03
 19 -0.00926  1.56866e-02 | 20 -0.00755 -2.06950e-02 | 21 -0.00523 -1.78503e-03
 22 -0.00278 -5.70911e-03 | 23 -0.00040 -5.98683e-03 | 24  0.00147 -3.17214e-03
 25  0.00260  8.73055e-05 | 26  0.00240  5.60335e-04 | 27  0.00105 -3.03891e-03
 28 -0.00113 -9.29766e-03 | 29 -0.00303 -1.94142e-03 | 30 -0.00544 -6.30795e-03
 31 -0.00808 -4.42757e-03 | 32 -0.00952  2.40391e-04 | 33 -0.00882 -5.54945e-03
 34 -0.01192  5.57204e-03 | 35 -0.01860  3.58080e-02 | 36 -0.02761  4.80631e-02
 37 -0.01072 -6.25088e-02 | 38 -0.00804 -7.70526e-02 | 39 -0.04374 -6.09558e-03
 40 -0.03781 -3.03639e-03 | 41 -0.03149 -2.89558e-04 | 42 -0.02724 -2.94904e-04
 43 -0.02370 -6.00977e-03 | 44 -0.02520 -4.39302e-03 | 45 -0.03254 -4.35277e-03
 46 -0.03567  2.76632e-03 | 47 -0.01427  3.20753e-03 | 48  0.01654  2.53171e-02
 49  0.00641  5.67273e-02 | 50 -0.02348  1.77734e-02 | 51 -0.01596  1.52327e-02
 52 -0.05495 -1.23991e-02 | 53 -0.02232 -1.39990e-02 | 54 -0.01190 -2.16859e-02
 55 -0.01081 -2.66766e-02 | 56  0.00930 -2.80938e-02 | 57  0.01071 -4.86526e-03
 58  0.00897 -1.37957e-02 | 59 -0.03119 -6.14286e-03 | 60 -0.02021 -3.49350e-02
 61  0.02503 -2.48048e-02 | 62 -0.03211 -5.75451e-03 | 63 -0.04164 -1.51758e-02
 64 -0.01388 -1.49784e-02 | 65 -0.03065  1.66291e-03 | 66 -0.04865  1.21850e-02
 67 -0.04377  2.74175e-03 | 68  0.04119 -1.31518e-02 | 69 -0.02206  1.13369e-02
 70 -0.08700  6.75022e-04 | 71 -0.08235 -4.02692e-03 | 72 -0.04599 -6.22843e-03
 73 -0.01703  6.58045e-04 | 74 -0.01679 -6.77490e-04 | 75 -0.01673  9.95541e-03
 76 -0.01660  4.43010e-02 | 77 -0.35301  4.29979e+00 | 78 -0.20703  1.02679e+00
 79 -0.07329 -1.51572e-01 | 80  0.17703  3.24031e-01 | 81 -0.32972  1.40581e-02
 82 -0.51334  1.68983e-03 | 83 -0.11921 -6.26779e-02 | 84  0.54172 -1.09141e-02
 85  1.02441 -1.35683e-02 | 86  0.26033  1.36111e-03 | 87  0.26462 -1.61937e-02
 88 -0.02471 -1.21981e-04 | 89  0.20448  1.06172e-03 | 90 -0.00811 -4.00120e-05
 91  0.02122  8.74661e-05 | 92 -0.45461 -2.72283e-03 |
92 variables; iteration 160; function evaluation 228; phase 3
Function value -9.1071705e+01; maximum gradient component mag 6.6044e-01
Var    Value     Gradient |Var    Value     Gradient |Var    Value     Gradient
  1  0.70907 -3.51905e-03 |  2  0.00032 -2.12635e-03 |  3  0.00039  1.40097e-03
  4 -0.01551  1.83452e-03 |  5 -0.01544 -8.82916e-05 |  6 -0.01536 -7.73311e-04
  7 -0.01525 -4.65538e-04 |  8 -0.01513 -1.22952e-03 |  9 -0.01499  3.69087e-05
 10 -0.01484 -8.20177e-04 | 11 -0.01467 -4.96685e-04 | 12 -0.01449  3.03759e-04
 13 -0.01427 -4.39708e-04 | 14 -0.01400 -9.62538e-04 | 15 -0.01362  2.36202e-03
 16 -0.01310  1.57698e-03 | 17 -0.01245 -2.48219e-03 | 18 -0.01106 -5.94385e-04
 19 -0.00932  1.42522e-03 | 20 -0.00746 -1.50458e-03 | 21 -0.00522 -4.69783e-04
 22 -0.00275 -1.13418e-04 | 23 -0.00037 -4.74167e-04 | 24  0.00149 -4.77143e-04
 25  0.00261 -5.58604e-04 | 26  0.00240 -2.40201e-04 | 27  0.00107 -2.46246e-04
 28 -0.00108 -5.93552e-04 | 29 -0.00302 -8.17733e-04 | 30 -0.00541 -7.87683e-04
 31 -0.00806  3.32625e-04 | 32 -0.00952  3.30945e-04 | 33 -0.00880  3.01002e-04
 34 -0.01192  8.83476e-04 | 35 -0.01863  7.11547e-03 | 36 -0.02771  6.17324e-03
 37 -0.01067 -1.02914e-02 | 38 -0.00765 -1.87387e-03 | 39 -0.04374 -2.94544e-05
 40 -0.03778 -1.20111e-03 | 41 -0.03148  1.77005e-04 | 42 -0.02723 -5.06430e-04
 43 -0.02366 -1.26314e-03 | 44 -0.02516 -2.98095e-05 | 45 -0.03252 -8.00665e-04
 46 -0.03567 -5.48930e-04 | 47 -0.01425 -3.30692e-03 | 48  0.01654 -6.51030e-03
 49  0.00633 -8.24563e-03 | 50 -0.02347 -5.79550e-03 | 51 -0.01594 -2.47681e-03
 52 -0.05494 -2.04932e-03 | 53 -0.02226 -1.86179e-03 | 54 -0.01191 -1.50245e-03
 55 -0.01076  1.39898e-03 | 56  0.00936  1.20211e-03 | 57  0.01068  3.13170e-03
 58  0.00901  3.02165e-03 | 59 -0.03121  3.53285e-03 | 60 -0.02013  1.55889e-03
 61  0.02505  2.67408e-03 | 62 -0.03215  1.09868e-03 | 63 -0.04162  1.21144e-04
 64 -0.01387  1.78541e-04 | 65 -0.03067  8.74859e-04 | 66 -0.04864  2.96571e-03
 67 -0.04375  1.93122e-03 | 68  0.04127  3.50381e-03 | 69 -0.02215  5.39082e-03
 70 -0.08701  1.80721e-03 | 71 -0.08231  1.29154e-03 | 72 -0.04594  8.91723e-04
 73 -0.01703  5.71910e-05 | 74 -0.01678  1.27579e-03 | 75 -0.01677  2.35269e-04
 76 -0.01676  3.25642e-03 | 77 -0.35248  6.60438e-01 | 78 -0.20561  1.50235e-01
 79 -0.07272 -1.34671e-03 | 80  0.16453  4.27356e-02 | 81 -0.32952  5.74807e-03
 82 -0.52926  2.99650e-04 | 83 -0.11885 -2.47407e-03 | 84  0.54176  2.89986e-03
 85  1.02637 -1.92466e-03 | 86  0.26142  1.36746e-03 | 87  0.26465  4.20810e-03
 88  0.02768  1.36672e-04 | 89  0.02139  1.19735e-04 | 90  0.00089  4.38861e-06
 91 -0.00987 -5.98036e-05 | 92  0.07816  3.87647e-04 |
92 variables; iteration 180; function evaluation 249; phase 3
Function value -9.1071916e+01; maximum gradient component mag 6.3756e-02
Var    Value     Gradient |Var    Value     Gradient |Var    Value     Gradient
  1  0.85258 -8.56018e-04 |  2  0.00032  1.90027e-04 |  3  0.00038 -4.75355e-04
  4 -0.01552 -3.74478e-04 |  5 -0.01544 -4.19765e-05 |  6 -0.01536  5.37817e-05
  7 -0.01525 -1.71198e-05 |  8 -0.01513  3.95735e-04 |  9 -0.01499 -7.64406e-05
 10 -0.01483  6.22132e-05 | 11 -0.01467 -2.56700e-05 | 12 -0.01449 -1.03760e-04
 13 -0.01427  6.81624e-07 | 14 -0.01400  9.87063e-05 | 15 -0.01364 -3.76357e-04
 16 -0.01311 -2.16532e-04 | 17 -0.01244  2.29748e-05 | 18 -0.01106 -6.26388e-05
 19 -0.00933 -2.38555e-04 | 20 -0.00746 -8.73625e-05 | 21 -0.00522  6.16309e-05
 22 -0.00275 -1.30243e-04 | 23 -0.00037  2.92714e-05 | 24  0.00149  6.16097e-05
 25  0.00261  2.10242e-04 | 26  0.00240  2.46416e-04 | 27  0.00107  2.90456e-04
 28 -0.00108  2.57266e-04 | 29 -0.00302  5.71133e-04 | 30 -0.00541  4.81246e-04
 31 -0.00806  2.23914e-04 | 32 -0.00952  1.33897e-04 | 33 -0.00880 -3.38315e-04
 34 -0.01191 -2.15106e-04 | 35 -0.01863 -1.43409e-03 | 36 -0.02771  7.72600e-05
 37 -0.01066  1.76047e-03 | 38 -0.00767  2.30386e-04 | 39 -0.04374 -1.56761e-04
 40 -0.03778  9.21867e-05 | 41 -0.03148 -3.49570e-04 | 42 -0.02723 -2.01272e-04
 43 -0.02366 -4.65527e-04 | 44 -0.02516 -5.82347e-04 | 45 -0.03251 -4.21972e-04
 46 -0.03567 -8.46347e-04 | 47 -0.01425 -1.15000e-04 | 48  0.01655  4.76406e-04
 49  0.00634 -5.04910e-04 | 50 -0.02347 -3.02410e-04 | 51 -0.01594 -1.64651e-03
 52 -0.05495 -3.14281e-03 | 53 -0.02227 -1.80334e-03 | 54 -0.01191 -7.04136e-04
 55 -0.01076  4.48790e-04 | 56  0.00937  1.23191e-03 | 57  0.01068  1.64040e-03
 58  0.00901  1.94661e-03 | 59 -0.03122  1.58244e-03 | 60 -0.02013  2.24250e-03
 61  0.02505  2.28649e-03 | 62 -0.03215  4.58135e-04 | 63 -0.04162 -1.97261e-03
 64 -0.01387 -3.00756e-03 | 65 -0.03067 -1.24813e-03 | 66 -0.04865 -5.83390e-04
 67 -0.04375  7.15064e-04 | 68  0.04127  1.46573e-03 | 69 -0.02214  6.39623e-04
 70 -0.08701 -6.69240e-04 | 71 -0.08231 -5.80197e-06 | 72 -0.04594 -7.85447e-05
 73 -0.01703  1.46836e-04 | 74 -0.01678 -3.35108e-04 | 75 -0.01677 -6.35386e-06
 76 -0.01677 -3.99341e-05 | 77 -0.35251  6.37560e-02 | 78 -0.20015  1.06611e-02
 79 -0.07274 -3.51725e-03 | 80  0.14199  3.10783e-03 | 81 -0.32953 -4.79385e-03
 82 -0.53332 -3.70482e-06 | 83 -0.11884  1.75424e-03 | 84  0.54173 -1.08829e-03
 85  1.02711  2.12715e-03 | 86  0.27548  1.45093e-03 | 87  0.26465 -1.54347e-03
 88  0.18123  9.19343e-04 | 89  0.01190  6.54777e-05 | 90  0.00195  9.60998e-06
 91 -0.01579 -8.29405e-05 | 92  0.00418  2.06049e-05 |
92 variables; iteration 200; function evaluation 272; phase 3
Function value -9.1071993e+01; maximum gradient component mag 3.6757e-02
Var    Value     Gradient |Var    Value     Gradient |Var    Value     Gradient
  1  0.84644 -9.07095e-04 |  2  0.00031 -3.18816e-03 |  3  0.00041  5.73877e-03
  4 -0.01550  3.44582e-03 |  5 -0.01545 -8.55056e-04 |  6 -0.01536 -1.79558e-03
  7 -0.01526 -1.20122e-03 |  8 -0.01515 -5.80172e-03 |  9 -0.01499 -6.13027e-04
 10 -0.01485 -3.70457e-03 | 11 -0.01468 -2.03618e-03 | 12 -0.01449 -9.29650e-04
 13 -0.01428 -7.49152e-04 | 14 -0.01400 -7.74777e-04 | 15 -0.01361  5.98839e-03
 16 -0.01310  7.76486e-04 | 17 -0.01245 -2.95735e-03 | 18 -0.01105  4.82548e-04
 19 -0.00933  1.03262e-03 | 20 -0.00745  1.67188e-03 | 21 -0.00522 -7.79519e-04
 22 -0.00275  3.10135e-04 | 23 -0.00038 -1.61292e-03 | 24  0.00149 -4.13416e-04
 25  0.00260 -1.65540e-03 | 26  0.00239 -8.19426e-04 | 27  0.00107 -3.36748e-04
 28 -0.00107  1.97380e-03 | 29 -0.00303 -1.71928e-03 | 30 -0.00541  4.02158e-04
 31 -0.00804  4.63373e-03 | 32 -0.00952  1.45333e-03 | 33 -0.00879  1.00275e-03
 34 -0.01192 -1.18620e-03 | 35 -0.01863  2.34228e-03 | 36 -0.02771 -2.54384e-03
 37 -0.01064  3.43823e-03 | 38 -0.00764  1.17325e-02 | 39 -0.04373  6.02414e-04
 40 -0.03779 -3.20586e-03 | 41 -0.03147  1.88758e-03 | 42 -0.02722  2.74760e-04
 43 -0.02367 -4.08064e-03 | 44 -0.02515  4.48512e-03 | 45 -0.03251  2.00683e-03
 46 -0.03566  1.43832e-03 | 47 -0.01425 -1.87849e-04 | 48  0.01653  1.78038e-03
 49  0.00635  7.66491e-03 | 50 -0.02346  5.95819e-03 | 51 -0.01594  4.49358e-03
 52 -0.05494 -3.70647e-05 | 53 -0.02226 -5.14821e-04 | 54 -0.01192 -5.36424e-03
 55 -0.01075  9.36791e-04 | 56  0.00937 -3.57797e-03 | 57  0.01068 -7.79654e-03
 58  0.00900 -1.06924e-02 | 59 -0.03122 -5.31838e-03 | 60 -0.02013 -3.84361e-03
 61  0.02504 -3.82754e-03 | 62 -0.03216 -2.60324e-03 | 63 -0.04161  8.97090e-04
 64 -0.01387  2.99476e-03 | 65 -0.03067  4.78213e-04 | 66 -0.04863  3.88488e-03
 67 -0.04374  1.42269e-03 | 68  0.04127  2.17052e-03 | 69 -0.02215  3.22091e-03
 70 -0.08701  1.27172e-03 | 71 -0.08231 -1.13213e-03 | 72 -0.04594  3.90163e-04
 73 -0.01704 -1.90247e-03 | 74 -0.01677  1.83186e-03 | 75 -0.01678 -2.60125e-03
 76 -0.01676  3.00160e-03 | 77 -0.35250  3.67568e-02 | 78 -0.20017  1.29227e-02
 79 -0.07273  2.44746e-02 | 80  0.14201  3.57300e-03 | 81 -0.32953  3.02298e-02
 82 -0.53323  5.69183e-06 | 83 -0.11887 -1.47620e-02 | 84  0.54183  1.03355e-02
 85  1.02673  2.52384e-05 | 86  0.25346  1.32096e-03 | 87  0.26464 -7.54789e-03
 88  0.06652  3.29450e-04 | 89 -0.05472 -2.63021e-04 | 90 -0.00767 -3.78303e-05
 91  0.06746  3.24736e-04 | 92 -0.01876 -9.26206e-05 |
92 variables; iteration 220; function evaluation 297; phase 3
Function value -9.1072127e+01; maximum gradient component mag 2.1916e+00
Var    Value     Gradient |Var    Value     Gradient |Var    Value     Gradient
  1  0.94493 -2.54033e-04 |  2  0.00031 -2.55847e-03 |  3  0.00040  4.32903e-03
  4 -0.01550  2.87788e-03 |  5 -0.01544 -6.10509e-04 |  6 -0.01536 -1.43929e-03
  7 -0.01526 -9.03331e-04 |  8 -0.01515 -4.48356e-03 |  9 -0.01499 -4.15527e-04
 10 -0.01484 -2.76284e-03 | 11 -0.01467 -1.47813e-03 | 12 -0.01449 -5.86979e-04
 13 -0.01428 -5.87360e-04 | 14 -0.01400 -7.10511e-04 | 15 -0.01361  4.86092e-03
 16 -0.01310  8.66621e-04 | 17 -0.01245 -2.39174e-03 | 18 -0.01105  4.29250e-04
 19 -0.00933  9.87728e-04 | 20 -0.00745  1.07258e-03 | 21 -0.00522 -6.69757e-04
 22 -0.00275  3.50311e-04 | 23 -0.00037 -1.13191e-03 | 24  0.00149 -2.96568e-04
 25  0.00260 -1.30057e-03 | 26  0.00239 -6.67275e-04 | 27  0.00107 -2.37324e-04
 28 -0.00108  1.28627e-03 | 29 -0.00302 -1.46143e-03 | 30 -0.00541  2.98467e-05
 31 -0.00804  3.18045e-03 | 32 -0.00952  1.00366e-03 | 33 -0.00879  1.12497e-03
 34 -0.01192  2.20511e-03 | 35 -0.01862  1.41305e-02 | 36 -0.02770  1.28719e-02
 37 -0.01064 -1.36402e-02 | 38 -0.00766 -3.49940e-03 | 39 -0.04373  2.97398e-04
 40 -0.03779 -2.48710e-03 | 41 -0.03147  1.62706e-03 | 42 -0.02722  3.37947e-04
 43 -0.02367 -2.72504e-03 | 44 -0.02515  3.80530e-03 | 45 -0.03251  1.84580e-03
 46 -0.03566  3.36439e-04 | 47 -0.01425 -2.22223e-03 | 48  0.01653 -1.48146e-03
 49  0.00634  5.51667e-03 | 50 -0.02346  3.98179e-03 | 51 -0.01594  6.65138e-03
 52 -0.05494 -4.13343e-04 | 53 -0.02226 -2.25387e-03 | 54 -0.01192 -6.76807e-03
 55 -0.01076 -2.15990e-03 | 56  0.00937 -2.70118e-03 | 57  0.01068 -5.25186e-03
 58  0.00900 -3.82606e-03 | 59 -0.03122 -2.79370e-03 | 60 -0.02013 -6.40249e-03
 61  0.02505 -3.27863e-03 | 62 -0.03215 -1.32731e-03 | 63 -0.04161 -1.07331e-03
 64 -0.01386  5.81830e-05 | 65 -0.03067  4.33482e-04 | 66 -0.04864  5.69204e-03
 67 -0.04374  2.63087e-04 | 68  0.04127  3.34585e-03 | 69 -0.02214  9.51069e-03
 70 -0.08701  2.91910e-03 | 71 -0.08231 -1.61825e-03 | 72 -0.04594 -1.86567e-04
 73 -0.01704 -1.39309e-03 | 74 -0.01678  1.58963e-03 | 75 -0.01678 -1.75207e-03
 76 -0.01676  2.67280e-03 | 77 -0.35253  2.19163e+00 | 78 -0.19702  6.35708e-01
 79 -0.07276 -1.50776e-02 | 80  0.12551  1.06901e-01 | 81 -0.32953  2.36624e-02
 82 -0.53328  1.40181e-06 | 83 -0.11888 -1.28332e-02 | 84  0.54181  7.72484e-03
 85  1.02673  2.44577e-05 | 86  0.21823  1.12049e-03 | 87  0.26464 -5.95521e-03
 88 -0.03722 -1.83885e-04 | 89 -0.01863 -8.64634e-05 | 90  0.00295  1.45750e-05
 91 -0.01547 -8.04318e-05 | 92 -0.00861 -4.24683e-05 |
92 variables; iteration 240; function evaluation 319; phase 3
Function value -9.1072161e+01; maximum gradient component mag 1.6612e+00
Var    Value     Gradient |Var    Value     Gradient |Var    Value     Gradient
  1  1.04248  1.92245e-04 |  2  0.00031 -2.57338e-03 |  3  0.00040  4.48918e-03
  4 -0.01550  2.93780e-03 |  5 -0.01544 -6.10953e-04 |  6 -0.01536 -1.46653e-03
  7 -0.01526 -9.22583e-04 |  8 -0.01515 -4.59945e-03 |  9 -0.01499 -4.32812e-04
 10 -0.01484 -2.82553e-03 | 11 -0.01467 -1.53599e-03 | 12 -0.01449 -6.22186e-04
 13 -0.01428 -5.93482e-04 | 14 -0.01400 -7.32867e-04 | 15 -0.01361  4.97840e-03
 16 -0.01310  8.52791e-04 | 17 -0.01245 -2.42928e-03 | 18 -0.01105  4.74768e-04
 19 -0.00933  1.01364e-03 | 20 -0.00745  1.18548e-03 | 21 -0.00522 -6.81209e-04
 22 -0.00275  3.64686e-04 | 23 -0.00037 -1.16742e-03 | 24  0.00149 -3.09621e-04
 25  0.00260 -1.34326e-03 | 26  0.00239 -7.12663e-04 | 27  0.00107 -2.88837e-04
 28 -0.00108  1.35306e-03 | 29 -0.00302 -1.51661e-03 | 30 -0.00541  6.81190e-05
 31 -0.00804  3.33709e-03 | 32 -0.00952  1.07648e-03 | 33 -0.00879  9.97530e-04
 34 -0.01192  1.14507e-03 | 35 -0.01862  1.02418e-02 | 36 -0.02770  7.90749e-03
 37 -0.01064 -8.28522e-03 | 38 -0.00766  5.67407e-04 | 39 -0.04373  3.48633e-04
 40 -0.03779 -2.55478e-03 | 41 -0.03147  1.62605e-03 | 42 -0.02722  3.07320e-04
 43 -0.02367 -2.83652e-03 | 44 -0.02515  3.78054e-03 | 45 -0.03251  1.79100e-03
 46 -0.03566  6.79275e-04 | 47 -0.01425 -1.61917e-03 | 48  0.01653 -7.76869e-04
 49  0.00634  5.34305e-03 | 50 -0.02346  4.14615e-03 | 51 -0.01594  5.55616e-03
 52 -0.05494  1.15042e-04 | 53 -0.02226 -1.40263e-03 | 54 -0.01192 -5.80008e-03
 55 -0.01076 -1.24638e-03 | 56  0.00937 -2.93513e-03 | 57  0.01068 -5.94681e-03
 58  0.00900 -5.81466e-03 | 59 -0.03122 -3.58600e-03 | 60 -0.02013 -5.60370e-03
 61  0.02505 -3.34795e-03 | 62 -0.03215 -1.46591e-03 | 63 -0.04161  4.59745e-05
 64 -0.01386  1.58026e-03 | 65 -0.03067  8.44299e-04 | 66 -0.04863  5.17850e-03
 67 -0.04374  6.81447e-04 | 68  0.04127  2.79973e-03 | 69 -0.02214  7.17717e-03
 70 -0.08701  2.43374e-03 | 71 -0.08231 -1.34945e-03 | 72 -0.04594 -2.84985e-06
 73 -0.01704 -1.45410e-03 | 74 -0.01678  1.62313e-03 | 75 -0.01678 -1.81369e-03
 76 -0.01676  2.65580e-03 | 77 -0.35253  1.66124e+00 | 78 -0.19468  5.12222e-01
 79 -0.07276 -3.61412e-03 | 80  0.11022  7.21160e-02 | 81 -0.32953  2.43249e-02
 82 -0.53328  1.33402e-06 | 83 -0.11888 -1.29154e-02 | 84  0.54181  8.01572e-03
 85  1.02671 -1.17816e-04 | 86  0.19928  1.01601e-03 | 87  0.26464 -6.05198e-03
 88 -0.03601 -1.77877e-04 | 89 -0.02179 -1.02197e-04 | 90  0.00465  2.29643e-05
 91 -0.02971 -1.50329e-04 | 92 -0.01061 -5.23400e-05 |
92 variables; iteration 260; function evaluation 341; phase 3
Function value -9.1072213e+01; maximum gradient component mag 2.0555e+00
Var    Value     Gradient |Var    Value     Gradient |Var    Value     Gradient
  1  1.11186  5.81074e-04 |  2  0.00032 -1.58753e-03 |  3  0.00040  2.70568e-03
  4 -0.01551  1.75438e-03 |  5 -0.01544 -3.74956e-04 |  6 -0.01536 -8.84282e-04
  7 -0.01525 -5.63976e-04 |  8 -0.01514 -2.76725e-03 |  9 -0.01499 -2.60691e-04
 10 -0.01484 -1.72650e-03 | 11 -0.01467 -9.25149e-04 | 12 -0.01449 -3.76959e-04
 13 -0.01427 -3.58762e-04 | 14 -0.01400 -4.12952e-04 | 15 -0.01362  2.96753e-03
 16 -0.01311  5.06228e-04 | 17 -0.01244 -1.45909e-03 | 18 -0.01105  2.28800e-04
 19 -0.00933  6.08958e-04 | 20 -0.00745  7.01937e-04 | 21 -0.00522 -4.03202e-04
 22 -0.00275  2.09371e-04 | 23 -0.00037 -7.25610e-04 | 24  0.00149 -1.97554e-04
 25  0.00260 -8.11806e-04 | 26  0.00240 -4.36681e-04 | 27  0.00107 -1.94630e-04
 28 -0.00108  7.83616e-04 | 29 -0.00302 -9.56884e-04 | 30 -0.00541 -1.66852e-05
 31 -0.00805  1.93504e-03 | 32 -0.00952  5.41283e-04 | 33 -0.00879  7.50248e-04
 34 -0.01192  1.74261e-03 | 35 -0.01863  1.02415e-02 | 36 -0.02770  9.82690e-03
 37 -0.01065 -1.05854e-02 | 38 -0.00767 -3.36740e-03 | 39 -0.04373  2.10338e-04
 40 -0.03778 -1.47332e-03 | 41 -0.03147  1.06636e-03 | 42 -0.02722  2.75479e-04
 43 -0.02366 -1.59686e-03 | 44 -0.02515  2.50162e-03 | 45 -0.03251  1.28708e-03
 46 -0.03567  2.28932e-04 | 47 -0.01425 -1.37450e-03 | 48  0.01654 -7.26233e-04
 49  0.00634  4.45965e-03 | 50 -0.02346  2.91852e-03 | 51 -0.01594  5.09852e-03
 52 -0.05494 -3.68041e-04 | 53 -0.02227 -1.71258e-03 | 54 -0.01191 -4.70333e-03
 55 -0.01076 -1.76858e-03 | 56  0.00937 -1.76077e-03 | 57  0.01068 -3.22219e-03
 58  0.00901 -1.78427e-03 | 59 -0.03122 -1.61900e-03 | 60 -0.02014 -4.50170e-03
 61  0.02505 -2.43210e-03 | 62 -0.03215 -9.93984e-04 | 63 -0.04161 -1.30888e-03
 64 -0.01387 -7.56673e-04 | 65 -0.03067 -6.43365e-05 | 66 -0.04864  3.53844e-03
 67 -0.04375 -2.57455e-04 | 68  0.04127  1.93655e-03 | 69 -0.02214  6.62763e-03
 70 -0.08701  1.94331e-03 | 71 -0.08231 -1.24486e-03 | 72 -0.04594 -2.13606e-04
 73 -0.01704 -9.10285e-04 | 74 -0.01678  9.46658e-04 | 75 -0.01677 -1.13992e-03
 76 -0.01677  1.58753e-03 | 77 -0.35253  2.05549e+00 | 78 -0.19297  6.55787e-01
 79 -0.07277 -1.29320e-02 | 80  0.09702  7.93137e-02 | 81 -0.32953  1.53686e-02
 82 -0.53325  2.71716e-06 | 83 -0.11886 -7.97044e-03 | 84  0.54178  5.16362e-03
 85  1.02670 -1.29100e-04 | 86  0.11500  5.73259e-04 | 87  0.26464 -3.60994e-03
 88 -0.02479 -1.22380e-04 | 89 -0.01778 -8.16070e-05 | 90  0.01569  7.74223e-05
 91 -0.02025 -1.04409e-04 | 92 -0.00808 -3.98807e-05 |
92 variables; iteration 280; function evaluation 365; phase 3
Function value -9.1072259e+01; maximum gradient component mag 7.2246e-01
Var    Value     Gradient |Var    Value     Gradient |Var    Value     Gradient
  1  1.07269  3.45880e-04 |  2  0.00032  1.74198e-04 |  3  0.00038 -3.21982e-04
  4 -0.01552 -2.22409e-04 |  5 -0.01544  3.33441e-05 |  6 -0.01535  1.12459e-04
  7 -0.01525  6.57052e-05 |  8 -0.01513  3.18812e-04 |  9 -0.01499  3.45097e-05
 10 -0.01483  1.90049e-04 | 11 -0.01467  1.17298e-04 | 12 -0.01449  4.33292e-05
 13 -0.01427  4.53234e-05 | 14 -0.01400  7.26230e-05 | 15 -0.01364 -3.80911e-04
 16 -0.01311 -7.65076e-05 | 17 -0.01244  1.97003e-04 | 18 -0.01106 -5.02519e-05
 19 -0.00933 -1.01336e-04 | 20 -0.00746 -7.94440e-05 | 21 -0.00522  4.63004e-05
 22 -0.00275 -3.57892e-05 | 23 -0.00037  6.59329e-05 | 24  0.00149  5.77892e-06
 25  0.00261  6.96611e-05 | 26  0.00240  2.88303e-05 | 27  0.00107 -7.89250e-06
 28 -0.00108 -1.38918e-04 | 29 -0.00302  4.82585e-05 | 30 -0.00541 -8.28908e-05
 31 -0.00806 -3.25307e-04 | 32 -0.00952 -1.69045e-04 | 33 -0.00879  6.10843e-05
 34 -0.01191  9.31198e-04 | 35 -0.01863  3.09037e-03 | 36 -0.02770  4.15267e-03
 37 -0.01066 -4.62688e-03 | 38 -0.00768 -3.42968e-03 | 39 -0.04373 -8.57753e-06
 40 -0.03778  2.45588e-04 | 41 -0.03148 -2.67836e-05 | 42 -0.02723  7.95593e-05
 43 -0.02366  3.20792e-04 | 44 -0.02516 -3.97359e-05 | 45 -0.03251  9.31359e-05
 46 -0.03567 -2.23873e-04 | 47 -0.01425 -2.52042e-04 | 48  0.01654 -1.85017e-04
 49  0.00634  7.91524e-04 | 50 -0.02347  9.26631e-05 | 51 -0.01594  1.24532e-03
 52 -0.05494 -3.55080e-04 | 53 -0.02227 -6.86671e-04 | 54 -0.01191 -7.60558e-04
 55 -0.01077 -9.32700e-04 | 56  0.00937  1.42519e-04 | 57  0.01068  6.74887e-04
 58  0.00901  1.94086e-03 | 59 -0.03122  6.95839e-04 | 60 -0.02014 -6.62968e-04
 61  0.02505 -1.33131e-04 | 62 -0.03215  1.65479e-06 | 63 -0.04161 -1.18694e-03
 64 -0.01387 -1.63198e-03 | 65 -0.03067 -5.88300e-04 | 66 -0.04865  5.41529e-05
 67 -0.04375 -5.86474e-04 | 68  0.04127  1.66442e-04 | 69 -0.02214  1.69445e-03
 70 -0.08700  3.13313e-04 | 71 -0.08231 -2.66620e-04 | 72 -0.04595 -1.93688e-04
 73 -0.01703  9.38863e-05 | 74 -0.01678 -1.25752e-04 | 75 -0.01677  1.05953e-04
 76 -0.01677 -2.13842e-04 | 77 -0.35253  7.22457e-01 | 78 -0.19337  2.24938e-01
 79 -0.07277 -9.71211e-03 | 80  0.10030  2.86453e-02 | 81 -0.32953 -1.56654e-03
 82 -0.53328 -7.51173e-07 | 83 -0.11884  9.01422e-04 | 84  0.54173 -5.23197e-04
 85  1.02672 -1.01228e-05 | 86  0.05292 -2.68821e-04 | 87  0.26465  5.16937e-04
 88 -0.00239 -1.18118e-05 | 89 -0.00435 -1.57559e-05 | 90 -0.01596 -7.87927e-05
 91 -0.00194 -1.42055e-05 | 92 -0.00086 -4.25746e-06 |
92 variables; iteration 300; function evaluation 386; phase 3
Function value -9.1072266e+01; maximum gradient component mag 2.7479e-02
Var    Value     Gradient |Var    Value     Gradient |Var    Value     Gradient
  1  1.01919  8.12969e-05 |  2  0.00032  1.00041e-05 |  3  0.00038 -7.44658e-06
  4 -0.01552 -1.23169e-05 |  5 -0.01544  5.94365e-06 |  6 -0.01536  1.75958e-05
  7 -0.01525  9.86552e-06 |  8 -0.01513  1.67924e-05 |  9 -0.01499  1.19641e-05
 10 -0.01483  1.80494e-05 | 11 -0.01467  1.89228e-05 | 12 -0.01449  1.11827e-05
 13 -0.01427  9.45225e-06 | 14 -0.01400  1.35929e-05 | 15 -0.01363 -3.85608e-05
 16 -0.01311 -8.10924e-07 | 17 -0.01244  3.01704e-05 | 18 -0.01106 -6.36810e-06
 19 -0.00933 -4.27514e-06 | 20 -0.00746  4.13332e-06 | 21 -0.00522  8.57068e-06
 22 -0.00275  1.88149e-05 | 23 -0.00037  3.07368e-05 | 24  0.00149  1.77581e-05
 25  0.00260  1.94364e-05 | 26  0.00240  2.43335e-05 | 27  0.00107  3.17819e-05
 28 -0.00108  2.11078e-05 | 29 -0.00302  3.39611e-05 | 30 -0.00541  2.43198e-05
 31 -0.00806  1.15164e-05 | 32 -0.00952  5.40846e-06 | 33 -0.00879  2.80200e-05
 34 -0.01191  5.48430e-05 | 35 -0.01863  2.09107e-04 | 36 -0.02770  2.47035e-04
 37 -0.01066 -2.36222e-04 | 38 -0.00768 -3.05693e-04 | 39 -0.04373 -2.20135e-05
 40 -0.03778 -9.88148e-06 | 41 -0.03148 -2.95066e-05 | 42 -0.02723 -3.82156e-05
 43 -0.02366 -1.52774e-05 | 44 -0.02516 -5.72699e-05 | 45 -0.03251 -5.52180e-05
 46 -0.03567 -9.13570e-05 | 47 -0.01425 -1.90412e-04 | 48  0.01654 -3.40682e-04
 49  0.00634 -6.00174e-04 | 50 -0.02347 -3.02685e-04 | 51 -0.01594 -2.01333e-04
 52 -0.05494 -6.30901e-05 | 53 -0.02227 -5.11341e-05 | 54 -0.01191  4.74871e-05
 55 -0.01077  3.83888e-05 | 56  0.00937  1.37762e-04 | 57  0.01068  1.28423e-04
 58  0.00901  2.28639e-04 | 59 -0.03122  1.58433e-04 | 60 -0.02014  9.52675e-05
 61  0.02505  2.45385e-04 | 62 -0.03215  1.57062e-04 | 63 -0.04161  8.57983e-05
 64 -0.01387  7.48231e-05 | 65 -0.03067  1.00094e-04 | 66 -0.04865  1.14704e-04
 67 -0.04375  3.38013e-05 | 68  0.04127  1.64073e-04 | 69 -0.02214  1.97543e-04
 70 -0.08700  5.10975e-05 | 71 -0.08231  1.72606e-05 | 72 -0.04595  1.60947e-05
 73 -0.01703 -1.25243e-06 | 74 -0.01678  8.08372e-08 | 75 -0.01677  7.20642e-06
 76 -0.01677 -3.79641e-05 | 77 -0.35253  2.74791e-02 | 78 -0.19438  7.06825e-03
 79 -0.07277 -8.21098e-04 | 80  0.10812  1.63688e-03 | 81 -0.32953  8.53059e-05
 82 -0.53329 -1.02075e-06 | 83 -0.11884  6.57207e-05 | 84  0.54173  3.79763e-05
 85  1.02672 -1.50438e-06 | 86  0.05471 -1.90371e-05 | 87  0.26465 -2.27390e-05
 88 -0.00197 -9.72585e-06 | 89 -0.00136 -1.35589e-06 | 90  0.00212  1.04705e-05
 91  0.00135  2.23336e-06 | 92 -0.00025 -1.21962e-06 |
92 variables; iteration 320; function evaluation 406; phase 3
Function value -9.1072266e+01; maximum gradient component mag 4.5151e-02
Var    Value     Gradient |Var    Value     Gradient |Var    Value     Gradient
  1  1.02353  1.02055e-04 |  2  0.00032 -1.30487e-04 |  3  0.00038  1.98814e-04
  4 -0.01552  1.67291e-04 |  5 -0.01544  1.78658e-05 |  6 -0.01536 -1.69432e-05
  7 -0.01525  4.21757e-06 |  8 -0.01513 -1.62046e-04 |  9 -0.01499  5.25471e-05
 10 -0.01483 -3.34053e-05 | 11 -0.01467  3.02540e-05 | 12 -0.01449  6.43880e-05
 13 -0.01427  1.10590e-05 | 14 -0.01400 -1.62371e-05 | 15 -0.01363  1.52297e-04
 16 -0.01311  1.36098e-04 | 17 -0.01244 -4.66696e-05 | 18 -0.01106  1.00389e-05
 19 -0.00933  1.16795e-04 | 20 -0.00746  3.45402e-06 | 21 -0.00522 -1.05523e-05
 22 -0.00275  1.56232e-04 | 23 -0.00037  1.49601e-04 | 24  0.00149  1.01659e-04
 25  0.00260  5.86864e-05 | 26  0.00240  1.21240e-04 | 27  0.00107  2.15585e-04
 28 -0.00108  1.94479e-04 | 29 -0.00302  1.65858e-04 | 30 -0.00541  1.78070e-04
 31 -0.00806  2.75759e-04 | 32 -0.00952  1.83707e-04 | 33 -0.00879  1.37884e-04
 34 -0.01191  9.92868e-06 | 35 -0.01863  5.47565e-04 | 36 -0.02770  3.53712e-04
 37 -0.01066 -1.16726e-04 | 38 -0.00768 -8.80759e-04 | 39 -0.04373 -1.57961e-04
 40 -0.03778 -2.86343e-04 | 41 -0.03147 -1.52991e-04 | 42 -0.02723 -3.07182e-04
 43 -0.02366 -3.35397e-04 | 44 -0.02516 -3.31992e-04 | 45 -0.03251 -4.41809e-04
 46 -0.03567 -5.59625e-04 | 47 -0.01425 -1.37896e-03 | 48  0.01654 -2.58079e-03
 49  0.00633 -4.89297e-03 | 50 -0.02346 -2.30646e-03 | 51 -0.01594 -2.09833e-03
 52 -0.05494 -3.95556e-04 | 53 -0.02227 -9.21522e-05 | 54 -0.01191  6.10109e-04
 55 -0.01077  8.11464e-04 | 56  0.00937  1.01608e-03 | 57  0.01068  7.23177e-04
 58  0.00901  8.29252e-04 | 59 -0.03121  8.77564e-04 | 60 -0.02014  8.91172e-04
 61  0.02505  1.84166e-03 | 62 -0.03215  1.12700e-03 | 63 -0.04161  1.10309e-03
 64 -0.01387  1.26772e-03 | 65 -0.03067  1.06083e-03 | 66 -0.04864  1.07547e-03
 67 -0.04375  6.22005e-04 | 68  0.04127  1.16548e-03 | 69 -0.02214  9.15203e-04
 70 -0.08700  3.11914e-04 | 71 -0.08231  2.71831e-04 | 72 -0.04595  2.15562e-04
 73 -0.01703 -3.81477e-05 | 74 -0.01678  1.51945e-04 | 75 -0.01677  1.57817e-05
 76 -0.01677  7.52966e-05 | 77 -0.35254  4.51506e-02 | 78 -0.19421  1.29306e-02
 79 -0.07278 -2.10541e-03 | 80  0.10689  2.40169e-03 | 81 -0.32953  1.32236e-03
 82 -0.53337 -6.63814e-06 | 83 -0.11884 -5.24358e-04 | 84  0.54174  4.75960e-04
 85  1.02674  9.67161e-05 | 86  0.05469 -2.03302e-05 | 87  0.26465 -5.28700e-04
 88 -0.00807 -3.98451e-05 | 89 -0.00231 -6.02832e-06 | 90  0.00066  3.24433e-06
 91  0.00034 -2.75612e-06 | 92 -0.00164 -8.06915e-06 |
92 variables; iteration 340; function evaluation 429; phase 3
Function value -9.1072276e+01; maximum gradient component mag 9.5415e-01
Var    Value     Gradient |Var    Value     Gradient |Var    Value     Gradient
  1  1.00680  1.57908e-05 |  2  0.00032  9.81360e-05 |  3  0.00038 -1.63254e-04
  4 -0.01552 -1.30086e-04 |  5 -0.01544 -9.67422e-06 |  6 -0.01536  2.10883e-05
  7 -0.01525  3.20215e-06 |  8 -0.01513  1.34872e-04 |  9 -0.01499 -3.07220e-05
 10 -0.01483  3.84339e-05 | 11 -0.01467 -8.26352e-06 | 12 -0.01449 -3.78824e-05
 13 -0.01427 -3.67571e-06 | 14 -0.01400  1.63823e-05 | 15 -0.01363 -1.35959e-04
 16 -0.01311 -9.65022e-05 | 17 -0.01244  4.59138e-05 | 18 -0.01106 -1.65215e-05
 19 -0.00933 -9.19888e-05 | 20 -0.00746 -1.91909e-05 | 21 -0.00522  2.33568e-06
 22 -0.00275 -1.15784e-04 | 23 -0.00037 -1.04810e-04 | 24  0.00149 -8.36082e-05
 25  0.00260 -5.56262e-05 | 26  0.00240 -1.05730e-04 | 27  0.00107 -1.77874e-04
 28 -0.00108 -1.90886e-04 | 29 -0.00302 -1.65225e-04 | 30 -0.00541 -2.03351e-04
 31 -0.00806 -3.04380e-04 | 32 -0.00952 -2.17617e-04 | 33 -0.00879  8.04026e-06
 34 -0.01191  1.08221e-03 | 35 -0.01863  3.76652e-03 | 36 -0.02770  4.93509e-03
 37 -0.01066 -5.65858e-03 | 38 -0.00768 -3.20263e-03 | 39 -0.04373  1.03479e-04
 40 -0.03778  2.70345e-04 | 41 -0.03148  1.70496e-04 | 42 -0.02722  2.94282e-04
 43 -0.02366  3.67923e-04 | 44 -0.02516  4.13002e-04 | 45 -0.03251  4.88379e-04
 46 -0.03567  1.47899e-04 | 47 -0.01425  4.61749e-04 | 48  0.01654  1.37038e-03
 49  0.00634  4.27622e-03 | 50 -0.02347  1.79358e-03 | 51 -0.01594  3.00233e-03
 52 -0.05494 -2.34908e-04 | 53 -0.02227 -8.27820e-04 | 54 -0.01191 -1.60145e-03
 55 -0.01077 -1.55945e-03 | 56  0.00937 -6.08524e-04 | 57  0.01068 -2.71781e-05
 58  0.00901  1.33432e-03 | 59 -0.03122  3.83365e-05 | 60 -0.02014 -1.63816e-03
 61  0.02505 -1.49643e-03 | 62 -0.03215 -8.00617e-04 | 63 -0.04162 -2.08034e-03
 64 -0.01387 -2.58731e-03 | 65 -0.03067 -1.28114e-03 | 66 -0.04865 -2.53581e-04
 67 -0.04375 -9.86785e-04 | 68  0.04127 -3.66529e-04 | 69 -0.02214  1.78957e-03
 70 -0.08700  2.99881e-04 | 71 -0.08231 -5.68048e-04 | 72 -0.04595 -3.54443e-04
 73 -0.01703  3.11073e-05 | 74 -0.01678 -1.10643e-04 | 75 -0.01677 -2.09568e-07
 76 -0.01677 -6.37742e-05 | 77 -0.35253  9.54153e-01 | 78 -0.19248  3.05029e-01
 79 -0.07277 -9.77281e-03 | 80  0.09282  3.55240e-02 | 81 -0.32953 -1.03406e-03
 82 -0.53321  4.19769e-06 | 83 -0.11884  4.18700e-04 | 84  0.54173 -3.69548e-04
 85  1.02671 -5.93180e-05 | 86  0.05488 -2.78168e-06 | 87  0.26465  4.04937e-04
 88  0.00524  2.58361e-05 | 89 -0.00040  3.39514e-06 | 90 -0.00018 -9.07620e-07
 91  0.00145  2.71077e-06 | 92  0.00104  5.15465e-06 |
92 variables; iteration 360; function evaluation 453; phase 3
Function value -9.1072285e+01; maximum gradient component mag 7.1305e-01
Var    Value     Gradient |Var    Value     Gradient |Var    Value     Gradient
  1  1.00750  2.03235e-05 |  2  0.00032  1.80288e-05 |  3  0.00038 -2.78349e-05
  4 -0.01552 -2.47959e-05 |  5 -0.01544 -1.45501e-06 |  6 -0.01536  5.59524e-06
  7 -0.01525  2.97528e-07 |  8 -0.01513  2.45595e-05 |  9 -0.01499 -5.71979e-06
 10 -0.01483  7.05415e-06 | 11 -0.01467 -1.57633e-06 | 12 -0.01449 -7.76403e-06
 13 -0.01427 -8.89080e-07 | 14 -0.01400  4.84858e-06 | 15 -0.01363 -3.00401e-05
 16 -0.01311 -1.99899e-05 | 17 -0.01244  8.60678e-06 | 18 -0.01106 -7.26619e-06
 19 -0.00933 -1.87059e-05 | 20 -0.00746 -2.37177e-06 | 21 -0.00522 -1.95742e-06
 22 -0.00275 -2.49427e-05 | 23 -0.00037 -2.40803e-05 | 24  0.00149 -2.29355e-05
 25  0.00260 -2.13973e-05 | 26  0.00240 -3.41062e-05 | 27  0.00107 -5.18186e-05
 28 -0.00108 -5.67599e-05 | 29 -0.00302 -6.01238e-05 | 30 -0.00541 -7.35113e-05
 31 -0.00806 -9.65464e-05 | 32 -0.00952 -8.24512e-05 | 33 -0.00879  4.92180e-05
 34 -0.01191  6.90926e-04 | 35 -0.01863  2.58191e-03 | 36 -0.02770  3.25766e-03
 37 -0.01066 -3.64929e-03 | 38 -0.00768 -2.29696e-03 | 39 -0.04373  1.59400e-05
 40 -0.03778  7.93420e-05 | 41 -0.03148  6.33973e-05 | 42 -0.02723  9.22423e-05
 43 -0.02366  1.23495e-04 | 44 -0.02516  1.70897e-04 | 45 -0.03251  1.79470e-04
 46 -0.03567 -7.59799e-05 | 47 -0.01425 -1.35907e-04 | 48  0.01654  8.73563e-05
 49  0.00634  1.23843e-03 | 50 -0.02347  4.39763e-04 | 51 -0.01594  1.28378e-03
 52 -0.05494 -2.76063e-04 | 53 -0.02227 -5.57187e-04 | 54 -0.01191 -8.43687e-04
 55 -0.01077 -7.44145e-04 | 56  0.00937 -8.22695e-05 | 57  0.01068  1.86181e-04
 58  0.00901  1.09039e-03 | 59 -0.03122  2.84533e-04 | 60 -0.02014 -7.79297e-04
 61  0.02505 -3.93748e-04 | 62 -0.03215 -1.63243e-04 | 63 -0.04161 -9.87012e-04
 64 -0.01387 -1.25671e-03 | 65 -0.03067 -4.91538e-04 | 66 -0.04865  1.72160e-04
 67 -0.04375 -4.42268e-04 | 68  0.04127  1.25791e-04 | 69 -0.02214  1.43217e-03
 70 -0.08700  2.88253e-04 | 71 -0.08231 -2.86494e-04 | 72 -0.04595 -1.59485e-04
 73 -0.01703 -9.96701e-07 | 74 -0.01678 -2.22007e-05 | 75 -0.01677 -1.69252e-06
 76 -0.01677 -1.75053e-05 | 77 -0.35253  7.13048e-01 | 78 -0.19078  2.37505e-01
 79 -0.07277 -6.86318e-03 | 80  0.07670  2.32883e-02 | 81 -0.32953 -1.43702e-04
 82 -0.53326  7.56175e-07 | 83 -0.11884  8.25181e-05 | 84  0.54173 -5.36334e-05
 85  1.02672 -1.45598e-05 | 86  0.05486 -4.89078e-06 | 87  0.26465  6.83798e-05
 88  0.00097  4.78734e-06 | 89 -0.00094  7.18967e-07 | 90  0.00002  1.16505e-07
 91  0.00100  5.23474e-07 | 92  0.00018  8.93922e-07 |
92 variables; iteration 380; function evaluation 479; phase 3
Function value -9.1072291e+01; maximum gradient component mag 9.0015e-01
Var    Value     Gradient |Var    Value     Gradient |Var    Value     Gradient
  1  1.00276 -2.39011e-05 |  2  0.00032 -9.35342e-06 |  3  0.00038  1.25040e-05
  4 -0.01552  1.26764e-05 |  5 -0.01544  8.87503e-07 |  6 -0.01536 -3.03312e-06
  7 -0.01525 -3.04833e-07 |  8 -0.01513 -1.15422e-05 |  9 -0.01499  2.43374e-06
 10 -0.01483 -3.26300e-06 | 11 -0.01467  4.39737e-07 | 12 -0.01449  3.31873e-06
 13 -0.01427 -8.48180e-07 | 14 -0.01400 -3.82084e-06 | 15 -0.01363  1.26806e-05
 16 -0.01311  8.57928e-06 | 17 -0.01244 -8.59784e-06 | 18 -0.01106 -6.39459e-07
 19 -0.00933  4.98660e-06 | 20 -0.00746 -7.01793e-06 | 21 -0.00522 -8.25932e-06
 22 -0.00275  2.46105e-07 | 23 -0.00037 -3.43948e-06 | 24  0.00149 -9.58493e-06
 25  0.00260 -1.67939e-05 | 26  0.00240 -1.85279e-05 | 27  0.00107 -1.98002e-05
 28 -0.00108 -3.01366e-05 | 29 -0.00302 -4.22124e-05 | 30 -0.00541 -5.30475e-05
 31 -0.00806 -5.58477e-05 | 32 -0.00952 -5.16396e-05 | 33 -0.00879  7.27817e-05
 34 -0.01191  7.53197e-04 | 35 -0.01863  2.92121e-03 | 36 -0.02770  3.61999e-03
 37 -0.01066 -4.00500e-03 | 38 -0.00768 -2.65636e-03 | 39 -0.04373 -9.10338e-06
 40 -0.03778  2.84947e-05 | 41 -0.03148  4.67354e-05 | 42 -0.02723  4.82133e-05
 43 -0.02366  7.22933e-05 | 44 -0.02516  1.34766e-04 | 45 -0.03251  1.21677e-04
 46 -0.03567 -1.75244e-04 | 47 -0.01425 -3.83572e-04 | 48  0.01654 -3.52993e-04
 49  0.00634  5.14769e-04 | 50 -0.02347  9.22006e-05 | 51 -0.01594  1.03499e-03
 52 -0.05494 -3.67247e-04 | 53 -0.02227 -6.26386e-04 | 54 -0.01191 -8.26348e-04
 55 -0.01077 -6.75238e-04 | 56  0.00937  7.22000e-05 | 57  0.01068  3.10937e-04
 58  0.00901  1.30208e-03 | 59 -0.03122  4.47347e-04 | 60 -0.02014 -7.06541e-04
 61  0.02505 -1.18414e-04 | 62 -0.03215  1.26668e-05 | 63 -0.04161 -8.76829e-04
 64 -0.01387 -1.13497e-03 | 65 -0.03067 -3.43378e-04 | 66 -0.04865  3.95163e-04
 67 -0.04375 -3.53257e-04 | 68  0.04127  3.49037e-04 | 69 -0.02214  1.72786e-03
 70 -0.08700  3.76014e-04 | 71 -0.08231 -2.59831e-04 | 72 -0.04595 -1.35895e-04
 73 -0.01703 -2.63352e-06 | 74 -0.01678  1.10304e-05 | 75 -0.01677  2.10285e-06
 76 -0.01677  9.90225e-06 | 77 -0.35254  9.00148e-01 | 78 -0.18938  3.10710e-01
 79 -0.07277 -7.83206e-03 | 80  0.06093  2.56357e-02 | 81 -0.32953  6.43000e-05
 82 -0.53328 -4.57461e-07 | 83 -0.11884 -4.30281e-05 | 84  0.54173  2.25714e-05
 85  1.02672  9.25934e-06 | 86  0.05493  1.60235e-06 | 87  0.26465 -3.06393e-05
 88 -0.00042 -2.05532e-06 | 89 -0.00115 -3.10904e-07 | 90 -0.00000 -6.96401e-09
 91  0.00085 -2.18907e-07 | 92 -0.00009 -4.53832e-07 |
92 variables; iteration 400; function evaluation 503; phase 3
Function value -9.1072297e+01; maximum gradient component mag 7.5857e-01
Var    Value     Gradient |Var    Value     Gradient |Var    Value     Gradient
  1  1.00495  2.03422e-06 |  2  0.00032 -4.48618e-06 |  3  0.00038  8.17807e-06
  4 -0.01552  6.23955e-06 |  5 -0.01544  2.02336e-07 |  6 -0.01536 -8.68995e-07
  7 -0.01525 -2.74135e-07 |  8 -0.01513 -7.17627e-06 |  9 -0.01499  1.29651e-06
 10 -0.01483 -2.13491e-06 | 11 -0.01467  2.37473e-07 | 12 -0.01449  1.37885e-06
 13 -0.01427 -4.15815e-07 | 14 -0.01400 -1.27898e-06 | 15 -0.01363  5.11877e-06
 16 -0.01311  3.21859e-06 | 17 -0.01244 -3.72350e-06 | 18 -0.01106 -1.13547e-06
 19 -0.00933  1.25358e-06 | 20 -0.00746 -2.41196e-06 | 21 -0.00522 -5.27741e-06
 22 -0.00275 -1.12326e-06 | 23 -0.00037 -3.65985e-06 | 24  0.00149 -7.66475e-06
 25  0.00260 -1.30015e-05 | 26  0.00240 -1.49917e-05 | 27  0.00107 -1.68875e-05
 28 -0.00108 -2.27869e-05 | 29 -0.00302 -3.23259e-05 | 30 -0.00541 -3.99020e-05
 31 -0.00806 -4.24348e-05 | 32 -0.00952 -4.10327e-05 | 33 -0.00879  5.42836e-05
 34 -0.01191  5.59455e-04 | 35 -0.01863  2.16296e-03 | 36 -0.02770  2.68233e-03
 37 -0.01066 -2.97059e-03 | 38 -0.00768 -1.95877e-03 | 39 -0.04373 -5.06865e-06
 40 -0.03778  2.49383e-05 | 41 -0.03148  3.59602e-05 | 42 -0.02723  3.87027e-05
 43 -0.02366  5.67690e-05 | 44 -0.02516  1.03958e-04 | 45 -0.03251  9.50418e-05
 46 -0.03567 -1.25679e-04 | 47 -0.01425 -2.73568e-04 | 48  0.01654 -2.37181e-04
 49  0.00634  4.27988e-04 | 50 -0.02347  8.88616e-05 | 51 -0.01594  7.90510e-04
 52 -0.05494 -2.68803e-04 | 53 -0.02227 -4.64045e-04 | 54 -0.01191 -6.19358e-04
 55 -0.01077 -5.08805e-04 | 56  0.00937  4.49639e-05 | 57  0.01068  2.22681e-04
 58  0.00901  9.61261e-04 | 59 -0.03122  3.24409e-04 | 60 -0.02014 -5.31729e-04
 61  0.02505 -1.03293e-04 | 62 -0.03215  3.08757e-07 | 63 -0.04161 -6.61248e-04
 64 -0.01387 -8.55383e-04 | 65 -0.03067 -2.65911e-04 | 66 -0.04865  2.80830e-04
 67 -0.04375 -2.71987e-04 | 68  0.04127  2.48289e-04 | 69 -0.02214  1.27487e-03
 70 -0.08700  2.75530e-04 | 71 -0.08231 -1.97242e-04 | 72 -0.04595 -1.02797e-04
 73 -0.01703 -3.48649e-06 | 74 -0.01678  5.48893e-06 | 75 -0.01677  6.76845e-08
 76 -0.01677  2.39433e-06 | 77 -0.35254  7.58570e-01 | 78 -0.18811  2.70054e-01
 79 -0.07277 -5.79159e-03 | 80  0.04387  1.87115e-02 | 81 -0.32953  4.86437e-05
 82 -0.53328 -3.20480e-07 | 83 -0.11884 -1.93754e-05 | 84  0.54173  1.80373e-05
 85  1.02672  3.42967e-06 | 86  0.05492  8.47994e-07 | 87  0.26465 -1.88455e-05
 88 -0.00026 -1.27643e-06 | 89 -0.00112 -1.60126e-07 | 90  0.00000  9.99799e-09
 91  0.00086 -1.74947e-07 | 92 -0.00006 -2.76211e-07 |
92 variables; iteration 420; function evaluation 527; phase 3
Function value -9.1072301e+01; maximum gradient component mag 5.0613e-01
Var    Value     Gradient |Var    Value     Gradient |Var    Value     Gradient
  1  1.00737  1.94947e-05 |  2  0.00032  4.75484e-06 |  3  0.00038 -7.15025e-06
  4 -0.01552 -6.56693e-06 |  5 -0.01544 -5.62342e-07 |  6 -0.01536  1.46717e-06
  7 -0.01525  2.30556e-07 |  8 -0.01513  6.01229e-06 |  9 -0.01499 -1.25262e-06
 10 -0.01483  1.75380e-06 | 11 -0.01467 -6.36875e-08 | 12 -0.01449 -1.76365e-06
 13 -0.01427 -1.97988e-07 | 14 -0.01400  1.07083e-06 | 15 -0.01363 -8.18690e-06
 16 -0.01311 -5.46797e-06 | 17 -0.01244  2.43687e-06 | 18 -0.01106 -2.17003e-06
 19 -0.00933 -6.02520e-06 | 20 -0.00746 -1.90718e-06 | 21 -0.00522 -2.05364e-06
 22 -0.00275 -8.07811e-06 | 23 -0.00037 -8.41486e-06 | 24  0.00149 -8.97239e-06
 25  0.00260 -9.56841e-06 | 26  0.00240 -1.39540e-05 | 27  0.00107 -1.95747e-05
 28 -0.00108 -2.31941e-05 | 29 -0.00302 -2.58256e-05 | 30 -0.00541 -3.20322e-05
 31 -0.00806 -4.03451e-05 | 32 -0.00952 -3.43255e-05 | 33 -0.00879  2.72437e-05
 34 -0.01191  3.39346e-04 | 35 -0.01863  1.28314e-03 | 36 -0.02770  1.60899e-03
 37 -0.01066 -1.79418e-03 | 38 -0.00768 -1.14797e-03 | 39 -0.04373  4.64435e-06
 40 -0.03778  3.04003e-05 | 41 -0.03148  2.83751e-05 | 42 -0.02723  3.79600e-05
 43 -0.02366  5.18958e-05 | 44 -0.02516  7.68092e-05 | 45 -0.03251  7.76499e-05
 46 -0.03567 -5.05831e-05 | 47 -0.01425 -1.00751e-04 | 48  0.01654 -2.37570e-05
 49  0.00634  4.85950e-04 | 50 -0.02347  1.60423e-04 | 51 -0.01594  5.77439e-04
 52 -0.05494 -1.43595e-04 | 53 -0.02227 -2.76740e-04 | 54 -0.01191 -4.01300e-04
 55 -0.01077 -3.45831e-04 | 56  0.00937 -1.75212e-05 | 57  0.01068  1.05284e-04
 58  0.00901  5.49544e-04 | 59 -0.03122  1.58458e-04 | 60 -0.02014 -3.61847e-04
 61  0.02505 -1.47411e-04 | 62 -0.03215 -5.22665e-05 | 63 -0.04161 -4.54089e-04
 64 -0.01387 -5.81091e-04 | 65 -0.03067 -2.12598e-04 | 66 -0.04865  1.16130e-04
 67 -0.04375 -1.96918e-04 | 68  0.04127  9.50456e-05 | 69 -0.02214  7.28398e-04
 70 -0.08700  1.51343e-04 | 71 -0.08231 -1.32265e-04 | 72 -0.04595 -7.24832e-05
 73 -0.01703  1.21728e-07 | 74 -0.01678 -5.22501e-06 | 75 -0.01677 -4.63245e-07
 76 -0.01677 -4.75475e-06 | 77 -0.35254  5.06127e-01 | 78 -0.18714  1.84371e-01
 79 -0.07277 -3.41767e-03 | 80  0.02862  1.10149e-02 | 81 -0.32953 -4.25983e-05
 82 -0.53327  1.43521e-07 | 83 -0.11884  2.21646e-05 | 84  0.54173 -1.46350e-05
 85  1.02672 -3.39635e-06 | 86  0.05490 -7.24258e-07 | 87  0.26465  1.77192e-05
 88  0.00021  1.05924e-06 | 89 -0.00105  1.50339e-07 | 90  0.00000  5.50968e-09
 91  0.00092  1.10358e-07 | 92  0.00004  2.11530e-07 |
92 variables; iteration 440; function evaluation 553; phase 3
Function value -9.1072303e+01; maximum gradient component mag 2.6523e-01
Var    Value     Gradient |Var    Value     Gradient |Var    Value     Gradient
  1  1.00448 -2.24944e-06 |  2  0.00032 -1.28707e-06 |  3  0.00038  1.73426e-06
  4 -0.01552  1.87311e-06 |  5 -0.01544  1.25219e-07 |  6 -0.01536 -4.27137e-07
  7 -0.01525  1.41454e-09 |  8 -0.01513 -1.64473e-06 |  9 -0.01499  4.16205e-07
 10 -0.01483 -3.80478e-07 | 11 -0.01467  1.65797e-07 | 12 -0.01449  5.80042e-07
 13 -0.01427 -1.21188e-07 | 14 -0.01400 -6.89347e-07 | 15 -0.01363  1.84444e-06
 16 -0.01311  1.23606e-06 | 17 -0.01244 -1.23559e-06 | 18 -0.01106 -1.80342e-07
 19 -0.00933  4.56475e-07 | 20 -0.00746 -1.50891e-06 | 21 -0.00522 -1.71023e-06
 22 -0.00275 -4.12652e-07 | 23 -0.00037 -1.15341e-06 | 24  0.00149 -2.38322e-06
 25  0.00260 -3.71056e-06 | 26  0.00240 -4.32936e-06 | 27  0.00107 -4.87837e-06
 28 -0.00108 -7.21711e-06 | 29 -0.00302 -9.57772e-06 | 30 -0.00541 -1.20190e-05
 31 -0.00806 -1.32300e-05 | 32 -0.00952 -1.18071e-05 | 33 -0.00879  1.51911e-05
 34 -0.01191  1.62280e-04 | 35 -0.01863  6.27211e-04 | 36 -0.02770  7.78580e-04
 37 -0.01066 -8.62261e-04 | 38 -0.00768 -5.68901e-04 | 39 -0.04373 -1.22050e-06
 40 -0.03778  7.33795e-06 | 41 -0.03148  1.07134e-05 | 42 -0.02723  1.15803e-05
 43 -0.02366  1.71410e-05 | 44 -0.02516  3.01729e-05 | 45 -0.03251  2.78427e-05
 46 -0.03567 -3.57634e-05 | 47 -0.01425 -7.75235e-05 | 48  0.01654 -6.73369e-05
 49  0.00634  1.27918e-04 | 50 -0.02347  2.83300e-05 | 51 -0.01594  2.30589e-04
 52 -0.05494 -7.72838e-05 | 53 -0.02227 -1.34517e-04 | 54 -0.01191 -1.79948e-04
 55 -0.01077 -1.48346e-04 | 56  0.00937  1.20573e-05 | 57  0.01068  6.44583e-05
 58  0.00901  2.77875e-04 | 59 -0.03122  9.32982e-05 | 60 -0.02014 -1.55145e-04
 61  0.02505 -3.18111e-05 | 62 -0.03215 -1.11084e-06 | 63 -0.04161 -1.92546e-04
 64 -0.01387 -2.48824e-04 | 65 -0.03067 -7.77294e-05 | 66 -0.04865  8.10986e-05
 67 -0.04375 -7.84544e-05 | 68  0.04127  7.10147e-05 | 69 -0.02214  3.68895e-04
 70 -0.08700  7.99683e-05 | 71 -0.08231 -5.67885e-05 | 72 -0.04595 -3.00275e-05
 73 -0.01703 -2.72617e-07 | 74 -0.01678  1.78467e-06 | 75 -0.01677  5.07220e-07
 76 -0.01677  1.52003e-06 | 77 -0.35254  2.65233e-01 | 78 -0.18645  9.81772e-02
 79 -0.07277 -1.67990e-03 | 80  0.01628  5.24468e-03 | 81 -0.32953  6.90501e-06
 82 -0.53328 -9.51454e-08 | 83 -0.11884 -6.06335e-06 | 84  0.54173  2.74836e-06
 85  1.02672  1.65838e-06 | 86  0.05491  3.55972e-07 | 87  0.26465 -4.49529e-06
 88 -0.00007 -3.32449e-07 | 89 -0.00110 -6.17532e-08 | 90 -0.00000 -4.93979e-09
 91  0.00089 -3.17367e-08 | 92 -0.00002 -7.42273e-08 |
92 variables; iteration 460; function evaluation 579; phase 3
Function value -9.1072304e+01; maximum gradient component mag 1.4579e-01
Var    Value     Gradient |Var    Value     Gradient |Var    Value     Gradient
  1  1.00418 -5.15548e-06 |  2  0.00032 -9.09370e-07 |  3  0.00038  1.15633e-06
  4 -0.01552  1.29612e-06 |  5 -0.01544  1.15132e-07 |  6 -0.01536 -3.07142e-07
  7 -0.01525  3.91638e-09 |  8 -0.01513 -1.07747e-06 |  9 -0.01499  2.82303e-07
 10 -0.01483 -2.55298e-07 | 11 -0.01467  9.58813e-08 | 12 -0.01449  3.92337e-07
 13 -0.01427 -6.99464e-08 | 14 -0.01400 -4.49811e-07 | 15 -0.01363  1.32549e-06
 16 -0.01311  9.20002e-07 | 17 -0.01244 -8.44460e-07 | 18 -0.01106 -4.36029e-08
 19 -0.00933  4.86081e-07 | 20 -0.00746 -8.96780e-07 | 21 -0.00522 -9.24297e-07
 22 -0.00275 -4.31867e-09 | 23 -0.00037 -3.96659e-07 | 24  0.00149 -1.09812e-06
 25  0.00260 -1.82377e-06 | 26  0.00240 -2.04226e-06 | 27  0.00107 -2.20515e-06
 28 -0.00108 -3.47464e-06 | 29 -0.00302 -4.70771e-06 | 30 -0.00541 -5.95672e-06
 31 -0.00806 -6.42895e-06 | 32 -0.00952 -5.73758e-06 | 33 -0.00879  7.87369e-06
 34 -0.01191  8.29590e-05 | 35 -0.01863  3.21539e-04 | 36 -0.02770  3.98658e-04
 37 -0.01066 -4.41156e-04 | 38 -0.00768 -2.92491e-04 | 39 -0.04373 -9.02710e-07
 40 -0.03778  3.27848e-06 | 41 -0.03148  5.24139e-06 | 42 -0.02723  5.45952e-06
 43 -0.02366  8.24715e-06 | 44 -0.02516  1.49032e-05 | 45 -0.03251  1.35583e-05
 46 -0.03567 -1.90592e-05 | 47 -0.01425 -4.15818e-05 | 48  0.01654 -3.81384e-05
 49  0.00634  5.84197e-05 | 50 -0.02347  1.11722e-05 | 51 -0.01594  1.14757e-04
 52 -0.05494 -4.01365e-05 | 53 -0.02227 -6.89905e-05 | 54 -0.01191 -9.12520e-05
 55 -0.01077 -7.48890e-05 | 56  0.00937  7.34454e-06 | 57  0.01068  3.37972e-05
 58  0.00901  1.42918e-04 | 59 -0.03122  4.88250e-05 | 60 -0.02014 -7.81729e-05
 61  0.02505 -1.36872e-05 | 62 -0.03215  1.10145e-06 | 63 -0.04161 -9.66725e-05
 64 -0.01387 -1.25106e-04 | 65 -0.03067 -3.80118e-05 | 66 -0.04865  4.32390e-05
 67 -0.04375 -3.89237e-05 | 68  0.04127  3.81093e-05 | 69 -0.02214  1.89959e-04
 70 -0.08700  4.13933e-05 | 71 -0.08231 -2.85822e-05 | 72 -0.04595 -1.50566e-05
 73 -0.01703 -1.34925e-07 | 74 -0.01678  1.18795e-06 | 75 -0.01677  3.42416e-07
 76 -0.01677  1.10336e-06 | 77 -0.35254  1.45790e-01 | 78 -0.18590  5.46870e-02
 79 -0.07278 -8.62206e-04 | 80  0.00515  2.63666e-03 | 81 -0.32953  5.33049e-06
 82 -0.53327 -5.06829e-08 | 83 -0.11884 -4.32158e-06 | 84  0.54173  1.95762e-06
 85  1.02672  1.10840e-06 | 86  0.05491  3.33413e-07 | 87  0.26465 -3.06383e-06
 88 -0.00005 -2.49570e-07 | 89 -0.00109 -4.74562e-08 | 90 -0.00000 -7.97580e-09
 91  0.00089 -2.04864e-08 | 92 -0.00001 -5.16985e-08 |
92 variables; iteration 480; function evaluation 603; phase 3
Function value -9.1072304e+01; maximum gradient component mag 1.0514e-01
Var    Value     Gradient |Var    Value     Gradient |Var    Value     Gradient
  1  1.00413 -5.67146e-06 |  2  0.00032 -9.89621e-07 |  3  0.00038  1.27162e-06
  4 -0.01552  1.40168e-06 |  5 -0.01544  1.44346e-07 |  6 -0.01536 -3.34043e-07
  7 -0.01525  6.63717e-09 |  8 -0.01513 -1.14598e-06 |  9 -0.01499  2.94882e-07
 10 -0.01483 -2.84706e-07 | 11 -0.01467  7.75352e-08 | 12 -0.01449  4.09433e-07
 13 -0.01427 -4.71768e-08 | 14 -0.01400 -4.28506e-07 | 15 -0.01363  1.48913e-06
 16 -0.01311  1.06791e-06 | 17 -0.01244 -8.73021e-07 | 18 -0.01106  5.88362e-08
 19 -0.00933  7.51040e-07 | 20 -0.00746 -7.03464e-07 | 21 -0.00522 -6.84607e-07
 22 -0.00275  3.64555e-07 | 23 -0.00037  6.01621e-08 | 24  0.00149 -5.15465e-07
 25  0.00260 -1.08533e-06 | 26  0.00240 -1.10278e-06 | 27  0.00107 -1.02504e-06
 28 -0.00108 -1.92791e-06 | 29 -0.00302 -2.86238e-06 | 30 -0.00541 -3.65036e-06
 31 -0.00806 -3.71539e-06 | 32 -0.00952 -3.37720e-06 | 33 -0.00879  5.49328e-06
 34 -0.01191  5.58387e-05 | 35 -0.01863  2.17925e-04 | 36 -0.02770  2.69402e-04
 37 -0.01066 -2.97686e-04 | 38 -0.00768 -1.99567e-04 | 39 -0.04373 -1.08728e-06
 40 -0.03778  1.42223e-06 | 41 -0.03148  3.13202e-06 | 42 -0.02723  2.92029e-06
 43 -0.02366  4.70309e-06 | 44 -0.02516  9.22121e-06 | 45 -0.03251  8.05790e-06
 46 -0.03567 -1.40713e-05 | 47 -0.01425 -3.10766e-05 | 48  0.01654 -3.14839e-05
 49  0.00634  2.83274e-05 | 50 -0.02347  2.36460e-06 | 51 -0.01594  7.23795e-05
 52 -0.05494 -2.80790e-05 | 53 -0.02227 -4.67918e-05 | 54 -0.01191 -6.02538e-05
 55 -0.01077 -4.87984e-05 | 56  0.00937  7.01951e-06 | 57  0.01068  2.42591e-05
 58  0.00901  9.78199e-05 | 59 -0.03122  3.47839e-05 | 60 -0.02014 -5.07688e-05
 61  0.02505 -5.14089e-06 | 62 -0.03215  3.31087e-06 | 63 -0.04161 -6.25389e-05
 64 -0.01387 -8.12227e-05 | 65 -0.03067 -2.30564e-05 | 66 -0.04865  3.17541e-05
 67 -0.04375 -2.45842e-05 | 68  0.04127  2.82275e-05 | 69 -0.02214  1.30040e-04
 70 -0.08700  2.86658e-05 | 71 -0.08231 -1.86112e-05 | 72 -0.04595 -9.69998e-06
 73 -0.01703 -1.52582e-07 | 74 -0.01678  1.22503e-06 | 75 -0.01677  3.14516e-07
 76 -0.01677  1.18378e-06 | 77 -0.35254  1.05135e-01 | 78 -0.18550  3.98994e-02
 79 -0.07278 -5.86066e-04 | 80 -0.00383  1.74637e-03 | 81 -0.32953  7.16875e-06
 82 -0.53327 -4.98124e-08 | 83 -0.11884 -4.97292e-06 | 84  0.54173  2.34436e-06
 85  1.02672  1.13394e-06 | 86  0.05491  3.46067e-07 | 87  0.26465 -3.41290e-06
 88 -0.00005 -2.65395e-07 | 89 -0.00109 -4.93186e-08 | 90 -0.00000 -8.15121e-09
 91  0.00089 -2.22049e-08 | 92 -0.00001 -5.44302e-08 |
92 variables; iteration 500; function evaluation 626; phase 3
Function value -9.1072304e+01; maximum gradient component mag 2.4169e-04
Var    Value     Gradient |Var    Value     Gradient |Var    Value     Gradient
  1  1.00472  1.41481e-08 |  2  0.00032  5.35498e-09 |  3  0.00038 -4.01492e-09
  4 -0.01552 -6.59568e-09 |  5 -0.01544 -4.50054e-10 |  6 -0.01536  2.33969e-09
  7 -0.01525  3.00362e-10 |  8 -0.01513  4.46006e-09 |  9 -0.01499 -1.03156e-09
 10 -0.01483  1.45759e-09 | 11 -0.01467 -1.58583e-10 | 12 -0.01449 -2.03107e-09
 13 -0.01427  3.06810e-10 | 14 -0.01400  2.07305e-09 | 15 -0.01363 -8.63240e-09
 16 -0.01311 -6.41862e-09 | 17 -0.01244  4.68730e-09 | 18 -0.01106 -1.27182e-09
 19 -0.00933 -5.75015e-09 | 20 -0.00746  2.79614e-09 | 21 -0.00522  2.81048e-10
 22 -0.00275 -4.76226e-09 | 23 -0.00037 -4.57709e-09 | 24  0.00149 -4.31481e-09
 25  0.00260 -4.47344e-09 | 26  0.00240 -6.94010e-09 | 27  0.00107 -1.04890e-08
 28 -0.00108 -9.73942e-09 | 29 -0.00302 -1.17317e-08 | 30 -0.00541 -1.35175e-08
 31 -0.00806 -1.71545e-08 | 32 -0.00952 -1.64810e-08 | 33 -0.00879  9.94135e-09
 34 -0.01191  1.27895e-07 | 35 -0.01863  4.74142e-07 | 36 -0.02770  5.97749e-07
 37 -0.01066 -6.69246e-07 | 38 -0.00768 -4.13567e-07 | 39 -0.04373  4.15050e-09
 40 -0.03778  1.63030e-08 | 41 -0.03148  1.22458e-08 | 42 -0.02723  1.81271e-08
 43 -0.02366  2.41600e-08 | 44 -0.02516  3.41238e-08 | 45 -0.03251  3.58293e-08
 46 -0.03567 -1.25976e-08 | 47 -0.01425 -2.19752e-08 | 48  0.01654  2.50447e-08
 49  0.00634  2.46124e-07 | 50 -0.02347  8.88517e-08 | 51 -0.01594  2.47956e-07
 52 -0.05494 -4.77750e-08 | 53 -0.02227 -1.02865e-07 | 54 -0.01191 -1.58803e-07
 55 -0.01077 -1.40907e-07 | 56  0.00937 -1.95728e-08 | 57  0.01068  2.68383e-08
 58  0.00901  1.96272e-07 | 59 -0.03122  4.76041e-08 | 60 -0.02014 -1.46240e-07
 61  0.02505 -7.72169e-08 | 62 -0.03215 -3.24516e-08 | 63 -0.04161 -1.83905e-07
 64 -0.01387 -2.34727e-07 | 65 -0.03067 -9.51639e-08 | 66 -0.04865  2.66743e-08
 67 -0.04375 -8.47788e-08 | 68  0.04127  2.37670e-08 | 69 -0.02214  2.63339e-07
 70 -0.08700  5.24382e-08 | 71 -0.08231 -5.49239e-08 | 72 -0.04595 -2.97216e-08
 73 -0.01703 -1.17005e-09 | 74 -0.01678 -5.04038e-09 | 75 -0.01677 -1.80559e-09
 76 -0.01677 -8.78254e-09 | 77 -0.35254  2.41689e-04 | 78 -0.18532  9.21926e-05
 79 -0.07278 -1.25436e-06 | 80 -0.00801  3.84795e-06 | 81 -0.32953 -1.94414e-08
 82 -0.53327  1.59652e-10 | 83 -0.11884  2.73112e-08 | 84  0.54173 -3.40741e-09
 85  1.02672 -6.59216e-09 | 86  0.05491 -7.40153e-10 | 87  0.26465  9.80955e-09
 88  0.00000  6.57193e-10 | 89 -0.00108  1.08338e-10 | 90  0.00000  2.01002e-11
 91  0.00090  5.43130e-11 | 92  0.00000  1.61191e-10 |

 - final statistics:
92 variables; iteration 501; function evaluation 627
Function value -9.1072e+01; maximum gradient component mag 6.2788e-07
Exit code = 1;  converg criter 1.0000e-04
Var    Value     Gradient |Var    Value     Gradient |Var    Value     Gradient
  1  1.00472  3.68766e-09 |  2  0.00032  1.43128e-09 |  3  0.00038 -8.81190e-10
  4 -0.01552 -1.80261e-09 |  5 -0.01544 -8.16439e-11 |  6 -0.01536  6.73796e-10
  7 -0.01525  8.91010e-11 |  8 -0.01513  1.23182e-09 |  9 -0.01499 -2.87546e-10
 10 -0.01483  2.68819e-10 | 11 -0.01467 -1.37380e-10 | 12 -0.01449 -6.15616e-10
 13 -0.01427  1.50840e-10 | 14 -0.01400  7.38376e-10 | 15 -0.01363 -2.22469e-09
 16 -0.01311 -1.64102e-09 | 17 -0.01244  1.32138e-09 | 18 -0.01106 -3.61646e-10
 19 -0.00933 -1.17169e-09 | 20 -0.00746  1.02097e-09 | 21 -0.00522  4.07340e-10
 22 -0.00275 -8.37870e-10 | 23 -0.00037 -8.14754e-10 | 24  0.00149 -4.95252e-10
 25  0.00260 -1.69382e-10 | 26  0.00240 -6.58972e-10 | 27  0.00107 -1.43399e-09
 28 -0.00108 -6.39106e-10 | 29 -0.00302 -1.00744e-09 | 30 -0.00541 -6.88612e-10
 31 -0.00806 -1.22067e-09 | 32 -0.00952 -1.67889e-09 | 33 -0.00879 -2.54900e-10
 34 -0.01191  8.75886e-10 | 35 -0.01863 -3.15887e-10 | 36 -0.02770  1.63781e-09
 37 -0.01066 -3.44169e-09 | 38 -0.00768  3.25041e-09 | 39 -0.04373  9.87460e-10
 40 -0.03778  2.28718e-09 | 41 -0.03148  8.99658e-10 | 42 -0.02723  1.87577e-09
 43 -0.02366  2.34515e-09 | 44 -0.02516  2.53191e-09 | 45 -0.03251  3.26332e-09
 46 -0.03567  3.39108e-09 | 47 -0.01425  8.47253e-09 | 48  0.01654  1.69979e-08
 49  0.00634  3.38641e-08 | 50 -0.02347  1.59595e-08 | 51 -0.01594  1.70236e-08
 52 -0.05494  2.17843e-09 | 53 -0.02227 -5.69288e-10 | 54 -0.01191 -5.31482e-09
 55 -0.01077 -6.68104e-09 | 56  0.00937 -6.85320e-09 | 57  0.01068 -5.70302e-09
 58  0.00901 -3.78054e-09 | 59 -0.03122 -5.40893e-09 | 60 -0.02014 -6.59948e-09
 61  0.02505 -1.21740e-08 | 62 -0.03215 -7.01511e-09 | 63 -0.04161 -8.55104e-09
 64 -0.01387 -1.02778e-08 | 65 -0.03067 -8.15313e-09 | 66 -0.04865 -8.03199e-09
 67 -0.04375 -6.16542e-09 | 68  0.04127 -7.18576e-09 | 69 -0.02214 -3.65995e-09
 70 -0.08700 -1.87731e-09 | 71 -0.08231 -3.07582e-09 | 72 -0.04595 -1.69719e-09
 73 -0.01703 -5.01475e-10 | 74 -0.01678 -1.53385e-09 | 75 -0.01677 -7.56947e-10
 76 -0.01677 -2.44448e-09 | 77 -0.35254  6.27876e-07 | 78 -0.18532  2.33836e-07
 79 -0.07278  3.18757e-09 | 80 -0.00801  1.07245e-08 | 81 -0.32953  1.28821e-09
 82 -0.53327  5.08198e-11 | 83 -0.11884  6.02109e-09 | 84  0.54173  1.23573e-10
 85  1.02672 -2.03963e-09 | 86  0.05491 -2.07105e-10 | 87  0.26465  2.25314e-09
 88  0.00000  1.63891e-10 | 89 -0.00108  2.87712e-11 | 90  0.00000  6.46136e-12
 91  0.00090  1.19264e-11 | 92  0.00000  4.54012e-11 |
Warning: the following parameters had issues
  SR_parm[1] is within 0.1% of upper bound: 1.00000e-04 < 1.99997e+01 < 2.00000e+01
  selparm[13] is within 0.1% of upper bound: 2.00000e+01 < 8.29723e+01 < 8.30000e+01


 - final statistics:
93 variables; iteration 0; function evaluation 0
Function value -9.1072e+01; maximum gradient component mag 6.2788e-07
Exit code = 0;  converg criter 1.0000e-04
Var    Value     Gradient |Var    Value     Gradient |Var    Value     Gradient
  1  0.99528 -3.68766e-09 |  2  0.00032  1.43128e-09 |  3  0.00038 -8.81190e-10
  4 -0.01552 -1.80261e-09 |  5 -0.01544 -8.16439e-11 |  6 -0.01536  6.73796e-10
  7 -0.01525  8.91010e-11 |  8 -0.01513  1.23182e-09 |  9 -0.01499 -2.87546e-10
 10 -0.01483  2.68820e-10 | 11 -0.01467 -1.37380e-10 | 12 -0.01449 -6.15616e-10
 13 -0.01427  1.50840e-10 | 14 -0.01400  7.38376e-10 | 15 -0.01363 -2.22469e-09
 16 -0.01311 -1.64102e-09 | 17 -0.01244  1.32138e-09 | 18 -0.01106 -3.61645e-10
 19 -0.00933 -1.17169e-09 | 20 -0.00746  1.02097e-09 | 21 -0.00522  4.07343e-10
 22 -0.00275 -8.37869e-10 | 23 -0.00037 -8.14749e-10 | 24  0.00149 -4.95248e-10
 25  0.00260 -1.69380e-10 | 26  0.00240 -6.58969e-10 | 27  0.00107 -1.43399e-09
 28 -0.00108 -6.39100e-10 | 29 -0.00302 -1.00744e-09 | 30 -0.00541 -6.88606e-10
 31 -0.00806 -1.22066e-09 | 32 -0.00952 -1.67889e-09 | 33 -0.00879 -2.54904e-10
 34 -0.01191  8.75879e-10 | 35 -0.01863 -3.15893e-10 | 36 -0.02770  1.63781e-09
 37 -0.01066 -3.44169e-09 | 38 -0.00768  3.25041e-09 | 39 -0.04373  9.87462e-10
 40 -0.03778  2.28718e-09 | 41 -0.03148  8.99658e-10 | 42 -0.02723  1.87577e-09
 43 -0.02366  2.34515e-09 | 44 -0.02516  2.53191e-09 | 45 -0.03251  3.26332e-09
 46 -0.03567  3.39108e-09 | 47 -0.01425  8.47253e-09 | 48  0.01654  1.69979e-08
 49  0.00634  3.38641e-08 | 50 -0.02347  1.59595e-08 | 51 -0.01594  1.70236e-08
 52 -0.05494  2.17843e-09 | 53 -0.02227 -5.69288e-10 | 54 -0.01191 -5.31482e-09
 55 -0.01077 -6.68104e-09 | 56  0.00937 -6.85320e-09 | 57  0.01068 -5.70302e-09
 58  0.00901 -3.78054e-09 | 59 -0.03122 -5.40893e-09 | 60 -0.02014 -6.59948e-09
 61  0.02505 -1.21740e-08 | 62 -0.03215 -7.01511e-09 | 63 -0.04161 -8.55104e-09
 64 -0.01387 -1.02778e-08 | 65 -0.03067 -8.15313e-09 | 66 -0.04865 -8.03199e-09
 67 -0.04375 -6.16542e-09 | 68  0.04127 -7.18576e-09 | 69 -0.02214 -3.65995e-09
 70 -0.08700 -1.87731e-09 | 71 -0.08231 -3.07582e-09 | 72 -0.04595 -1.69719e-09
 73 -0.01703 -5.01475e-10 | 74 -0.01678 -1.53385e-09 | 75 -0.01677 -7.56947e-10
 76 -0.01677 -2.44448e-09 | 77  0.00000  0.00000e+00 | 78 -0.35254  6.27876e-07
 79 -0.18532  2.33836e-07 | 80 -0.07278  3.18757e-09 | 81 -0.00801  1.07245e-08
 82 -0.32953  1.28821e-09 | 83 -0.53327  5.08198e-11 | 84 -0.11884  6.02109e-09
 85  0.54173  1.23573e-10 | 86  0.97328  2.03963e-09 | 87  0.05491 -2.07105e-10
 88  0.26465  2.25303e-09 | 89  0.00000  1.63891e-10 | 90 -0.00108  2.87712e-11
 91  0.00000  6.46136e-12 | 92  0.00090  1.19264e-11 | 93  0.00000  4.54012e-11
Estimating row 1 out of 93 for hessian
Estimating row 2 out of 93 for hessian
Estimating row 3 out of 93 for hessian
Estimating row 4 out of 93 for hessian
Estimating row 5 out of 93 for hessian
Estimating row 6 out of 93 for hessian
Estimating row 7 out of 93 for hessian
Estimating row 8 out of 93 for hessian
Estimating row 9 out of 93 for hessian
Estimating row 10 out of 93 for hessian
Estimating row 11 out of 93 for hessian
Estimating row 12 out of 93 for hessian
Estimating row 13 out of 93 for hessian
Estimating row 14 out of 93 for hessian
Estimating row 15 out of 93 for hessian
Estimating row 16 out of 93 for hessian
Estimating row 17 out of 93 for hessian
Estimating row 18 out of 93 for hessian
Estimating row 19 out of 93 for hessian
Estimating row 20 out of 93 for hessian
Estimating row 21 out of 93 for hessian
Estimating row 22 out of 93 for hessian
Estimating row 23 out of 93 for hessian
Estimating row 24 out of 93 for hessian
Estimating row 25 out of 93 for hessian
Estimating row 26 out of 93 for hessian
Estimating row 27 out of 93 for hessian
Estimating row 28 out of 93 for hessian
Estimating row 29 out of 93 for hessian
Estimating row 30 out of 93 for hessian
Estimating row 31 out of 93 for hessian
Estimating row 32 out of 93 for hessian
Estimating row 33 out of 93 for hessian
Estimating row 34 out of 93 for hessian
Estimating row 35 out of 93 for hessian
Estimating row 36 out of 93 for hessian
Estimating row 37 out of 93 for hessian
Estimating row 38 out of 93 for hessian
Estimating row 39 out of 93 for hessian
Estimating row 40 out of 93 for hessian
Estimating row 41 out of 93 for hessian
Estimating row 42 out of 93 for hessian
Estimating row 43 out of 93 for hessian
Estimating row 44 out of 93 for hessian
Estimating row 45 out of 93 for hessian
Estimating row 46 out of 93 for hessian
Estimating row 47 out of 93 for hessian
Estimating row 48 out of 93 for hessian
Estimating row 49 out of 93 for hessian
Estimating row 50 out of 93 for hessian
Estimating row 51 out of 93 for hessian
Estimating row 52 out of 93 for hessian
Estimating row 53 out of 93 for hessian
Estimating row 54 out of 93 for hessian
Estimating row 55 out of 93 for hessian
Estimating row 56 out of 93 for hessian
Estimating row 57 out of 93 for hessian
Estimating row 58 out of 93 for hessian
Estimating row 59 out of 93 for hessian
Estimating row 60 out of 93 for hessian
Estimating row 61 out of 93 for hessian
Estimating row 62 out of 93 for hessian
Estimating row 63 out of 93 for hessian
Estimating row 64 out of 93 for hessian
Estimating row 65 out of 93 for hessian
Estimating row 66 out of 93 for hessian
Estimating row 67 out of 93 for hessian
Estimating row 68 out of 93 for hessian
Estimating row 69 out of 93 for hessian
Estimating row 70 out of 93 for hessian
Estimating row 71 out of 93 for hessian
Estimating row 72 out of 93 for hessian
Estimating row 73 out of 93 for hessian
Estimating row 74 out of 93 for hessian
Estimating row 75 out of 93 for hessian
Estimating row 76 out of 93 for hessian
Estimating row 77 out of 93 for hessian
Estimating row 78 out of 93 for hessian
Estimating row 79 out of 93 for hessian
Estimating row 80 out of 93 for hessian
Estimating row 81 out of 93 for hessian
Estimating row 82 out of 93 for hessian
Estimating row 83 out of 93 for hessian
Estimating row 84 out of 93 for hessian
Estimating row 85 out of 93 for hessian
Estimating row 86 out of 93 for hessian
Estimating row 87 out of 93 for hessian
Estimating row 88 out of 93 for hessian
Estimating row 89 out of 93 for hessian
Estimating row 90 out of 93 for hessian
Estimating row 91 out of 93 for hessian
Estimating row 92 out of 93 for hessian
Estimating row 93 out of 93 for hessian
size of file gradfil1.tmp = 0
size of file gradfil2.tmp = 0
size of file varssave.tmp = 0
size of file cmpdiff.tmp = 0
