
Initial statistics: 75 variables; iteration 0; function evaluation 0; phase 1
Function value nan; maximum gradient component mag -1.8847e+07
Var    Value     Gradient |Var    Value     Gradient |Var    Value     Gradient
  1 -0.12494 -1.88469e+07 |  2  0.01031 -8.17788e+04 |  3 -0.03033 -5.75290e+04
  4 -0.02310 -6.19274e+04 |  5 -0.03093 -7.05980e+04 |  6  0.03273 -9.92187e+04
  7  0.02947 -2.27581e+04 |  8  0.00514 -6.12643e+04 |  9  0.01921 -9.53343e+04
 10 -0.00566 -8.41400e+04 | 11  0.04989 -1.05696e+05 | 12 -0.01521 -9.01204e+04
 13  0.03339 -1.12060e+05 | 14  0.02736 -1.00478e+05 | 15  0.03212 -1.03601e+05
 16  0.02600 -8.96153e+04 | 17  0.00979 -9.06925e+04 | 18 -0.02576 -1.10216e+05
 19 -0.03402 -2.07212e+05 | 20  0.00603 -3.65021e+05 | 21 -0.03736 -2.09731e+04
 22 -0.03724 -1.82209e+05 | 23  0.01675 -6.30804e+05 | 24 -0.01407 -4.30050e+05
 25  0.04560 -5.13165e+05 | 26  0.00802 -3.55106e+05 | 27 -0.02235 -6.53936e+04
 28 -0.02426 -1.54679e+05 | 29  0.04801 -4.83346e+05 | 30  0.00473 -6.43012e+04
 31 -0.04625  6.10341e+04 | 32  0.03569  1.12216e+04 | 33 -0.00907 -5.01045e+04
 34 -0.00811 -2.20204e+04 | 35  0.02692 -6.16084e+04 | 36  0.00217 -9.49010e+04
 37 -0.02857 -7.67729e+04 | 38  0.02298 -8.88699e+04 | 39  0.01225 -5.01157e+04
 40 -0.01371 -3.28814e+04 | 41  0.03428 -4.06695e+04 | 42 -0.03908 -4.25151e+04
 43 -0.02693 -5.29733e+04 | 44  0.01465 -9.34713e+04 | 45 -0.04275 -8.89746e+04
 46  0.03542 -1.06052e+05 | 47  0.05110 -6.64008e+04 | 48 -0.04411 -1.04119e+05
 49  0.03111 -1.22833e+05 | 50  0.03631 -1.41702e+05 | 51 -0.03582 -1.19492e+05
 52  0.02438 -1.60712e+05 | 53  0.00740 -1.53774e+05 | 54 -0.04572 -1.24070e+05
 55 -0.04458 -1.09653e+05 | 56  0.03126 -1.53633e+05 | 57 -0.04357 -1.01282e+05
 58  0.03648 -1.51473e+05 | 59 -0.04375 -1.05952e+05 | 60  0.02639 -1.46778e+05
 61  0.00128 -1.27179e+05 | 62 -0.01569 -1.27422e+05 | 63  0.00554 -1.50925e+05
 64 -0.00635 -1.43239e+05 | 65 -0.04943 -1.16050e+05 | 66 -0.01156 -1.11560e+05
 67  0.01916 -9.12138e+04 | 68  0.00828 -6.86565e+04 | 69 -0.02261 -5.32970e+04
 70 -0.03102 -3.58463e+04 | 71  0.00355 -4.36683e+04 | 72  0.02886 -2.09432e+05
 73  0.02828 -4.01500e+04 | 74 -0.02927  1.96289e+02 | 75 -0.00310  1.98520e+02
  ic > imax  in fminim is answer attained ?
Var    Value     Gradient |Var    Value     Gradient |Var    Value     Gradient
  1  1.04739  9.59617e-04 |  2  0.01540  3.36052e+00 |  3 -0.02675 -2.98275e+00
  4 -0.01925 -1.14652e+00 |  5 -0.02654 -2.91694e+00 |  6  0.03890  1.30033e+01
  7  0.03089  1.10722e+01 |  8  0.00895  5.73696e+00 |  9  0.02514  9.65172e+00
 10 -0.00042  3.39592e+00 | 11  0.05646  1.70635e+01 | 12 -0.00961  1.04878e+00
 13  0.04036  1.29666e+01 | 14  0.03361  1.11766e+01 | 15  0.03856  1.21417e+01
 16  0.03157  1.01928e+01 | 17  0.01544  6.03397e+00 | 18 -0.01890 -2.36681e+00
 19 -0.02114 -3.24337e+00 | 20  0.02874  7.53235e+00 | 21 -0.03605 -7.61105e+00
 22 -0.02591 -5.92771e+00 | 23  0.05599  1.00309e+01 | 24  0.01269  5.83506e-01
 25  0.07752  1.07868e+01 | 26  0.03011  2.04864e+00 | 27 -0.01828 -7.17268e+00
 28 -0.01463 -5.51743e+00 | 29  0.07808  1.74225e+01 | 30  0.00873  9.12416e+00
 31 -0.05005 -2.58073e+00 | 32  0.03499  2.67857e+01 | 33 -0.00595  1.16685e+01
 34 -0.00674  7.31010e+00 | 35  0.03075 -1.00677e+01 | 36  0.00807 -5.44734e+01
 37 -0.02379 -2.06232e+00 | 38  0.02851  2.27502e+01 | 39  0.01537  1.19623e+01
 40 -0.01167  6.76311e+00 | 41  0.03681  2.36019e+01 | 42 -0.03643  1.71473e+00
 43 -0.02363  7.69205e+00 | 44  0.02047  2.79274e+01 | 45 -0.03722  8.98618e+00
 46  0.04202  3.46031e+01 | 47  0.05523  2.51310e+01 | 48 -0.03763 -2.15088e+00
 49  0.03875  3.38578e+01 | 50  0.04512  5.49407e+01 | 51 -0.02839  2.28915e+01
 52  0.03437  3.37116e+01 | 53  0.01697 -1.16393e+01 | 54 -0.03800 -4.19673e+01
 55 -0.03776 -5.30470e+01 | 56  0.04081 -5.79062e+01 | 57 -0.03727 -2.57912e+01
 58  0.04590  1.12843e+01 | 59 -0.03716 -1.55756e+00 | 60  0.03552  1.62700e+01
 61  0.00919  1.63877e+01 | 62 -0.00777  9.53097e+00 | 63  0.01493 -3.55429e+00
 64  0.00256 -1.96758e+01 | 65 -0.04221 -2.18710e+01 | 66 -0.00462 -7.28501e+00
 67  0.02484  1.10149e+01 | 68  0.01255  3.37177e+01 | 69 -0.01929  4.01804e+01
 70 -0.02879  2.77511e+01 | 71  0.00627  1.99447e+01 | 72  0.04189  1.53854e+01
 73  0.03078  1.14569e+01 | 74 -0.02928 -3.33532e+00 | 75 -0.00311  3.11837e+00
Function minimizer not making progress ... is minimum attained?
Minimprove criterion = 0.0000e+00

 - final statistics:
75 variables; iteration 2; function evaluation 40
Function value nan; maximum gradient component mag -5.7906e+01
Exit code = 1;  converg criter 1.0000e+01
Var    Value     Gradient |Var    Value     Gradient |Var    Value     Gradient
  1  1.04739  9.59617e-04 |  2  0.01540  3.36052e+00 |  3 -0.02675 -2.98275e+00
  4 -0.01925 -1.14652e+00 |  5 -0.02654 -2.91694e+00 |  6  0.03890  1.30033e+01
  7  0.03089  1.10722e+01 |  8  0.00895  5.73696e+00 |  9  0.02514  9.65172e+00
 10 -0.00042  3.39592e+00 | 11  0.05646  1.70635e+01 | 12 -0.00961  1.04878e+00
 13  0.04036  1.29666e+01 | 14  0.03361  1.11766e+01 | 15  0.03856  1.21417e+01
 16  0.03157  1.01928e+01 | 17  0.01544  6.03397e+00 | 18 -0.01890 -2.36681e+00
 19 -0.02114 -3.24337e+00 | 20  0.02874  7.53235e+00 | 21 -0.03605 -7.61105e+00
 22 -0.02591 -5.92771e+00 | 23  0.05599  1.00309e+01 | 24  0.01269  5.83506e-01
 25  0.07752  1.07868e+01 | 26  0.03011  2.04864e+00 | 27 -0.01828 -7.17268e+00
 28 -0.01463 -5.51743e+00 | 29  0.07808  1.74225e+01 | 30  0.00873  9.12416e+00
 31 -0.05005 -2.58073e+00 | 32  0.03499  2.67857e+01 | 33 -0.00595  1.16685e+01
 34 -0.00674  7.31010e+00 | 35  0.03075 -1.00677e+01 | 36  0.00807 -5.44734e+01
 37 -0.02379 -2.06232e+00 | 38  0.02851  2.27502e+01 | 39  0.01537  1.19623e+01
 40 -0.01167  6.76311e+00 | 41  0.03681  2.36019e+01 | 42 -0.03643  1.71473e+00
 43 -0.02363  7.69205e+00 | 44  0.02047  2.79274e+01 | 45 -0.03722  8.98618e+00
 46  0.04202  3.46031e+01 | 47  0.05523  2.51310e+01 | 48 -0.03763 -2.15088e+00
 49  0.03875  3.38578e+01 | 50  0.04512  5.49407e+01 | 51 -0.02839  2.28915e+01
 52  0.03437  3.37116e+01 | 53  0.01697 -1.16393e+01 | 54 -0.03800 -4.19673e+01
 55 -0.03776 -5.30470e+01 | 56  0.04081 -5.79062e+01 | 57 -0.03727 -2.57912e+01
 58  0.04590  1.12843e+01 | 59 -0.03716 -1.55756e+00 | 60  0.03552  1.62700e+01
 61  0.00919  1.63877e+01 | 62 -0.00777  9.53097e+00 | 63  0.01493 -3.55429e+00
 64  0.00256 -1.96758e+01 | 65 -0.04221 -2.18710e+01 | 66 -0.00462 -7.28501e+00
 67  0.02484  1.10149e+01 | 68  0.01255  3.37177e+01 | 69 -0.01929  4.01804e+01
 70 -0.02879  2.77511e+01 | 71  0.00627  1.99447e+01 | 72  0.04189  1.53854e+01
 73  0.03078  1.14569e+01 | 74 -0.02928 -3.33532e+00 | 75 -0.00311  3.11837e+00

Initial statistics: 75 variables; iteration 0; function evaluation 0; phase 2
Function value nan; maximum gradient component mag -5.7906e+01
Var    Value     Gradient |Var    Value     Gradient |Var    Value     Gradient
  1  0.95261 -9.59617e-04 |  2  0.01540  3.36052e+00 |  3 -0.02675 -2.98275e+00
  4 -0.01925 -1.14652e+00 |  5 -0.02654 -2.91694e+00 |  6  0.03890  1.30033e+01
  7  0.03089  1.10722e+01 |  8  0.00895  5.73696e+00 |  9  0.02514  9.65172e+00
 10 -0.00042  3.39592e+00 | 11  0.05646  1.70635e+01 | 12 -0.00961  1.04878e+00
 13  0.04036  1.29666e+01 | 14  0.03361  1.11766e+01 | 15  0.03856  1.21417e+01
 16  0.03157  1.01928e+01 | 17  0.01544  6.03397e+00 | 18 -0.01890 -2.36681e+00
 19 -0.02114 -3.24337e+00 | 20  0.02874  7.53235e+00 | 21 -0.03605 -7.61105e+00
 22 -0.02591 -5.92771e+00 | 23  0.05599  1.00309e+01 | 24  0.01269  5.83506e-01
 25  0.07752  1.07868e+01 | 26  0.03011  2.04864e+00 | 27 -0.01828 -7.17268e+00
 28 -0.01463 -5.51743e+00 | 29  0.07808  1.74225e+01 | 30  0.00873  9.12416e+00
 31 -0.05005 -2.58073e+00 | 32  0.03499  2.67857e+01 | 33 -0.00595  1.16685e+01
 34 -0.00674  7.31010e+00 | 35  0.03075 -1.00677e+01 | 36  0.00807 -5.44734e+01
 37 -0.02379 -2.06232e+00 | 38  0.02851  2.27502e+01 | 39  0.01537  1.19623e+01
 40 -0.01167  6.76311e+00 | 41  0.03681  2.36019e+01 | 42 -0.03643  1.71473e+00
 43 -0.02363  7.69205e+00 | 44  0.02047  2.79274e+01 | 45 -0.03722  8.98618e+00
 46  0.04202  3.46031e+01 | 47  0.05523  2.51310e+01 | 48 -0.03763 -2.15088e+00
 49  0.03875  3.38578e+01 | 50  0.04512  5.49407e+01 | 51 -0.02839  2.28915e+01
 52  0.03437  3.37116e+01 | 53  0.01697 -1.16393e+01 | 54 -0.03800 -4.19673e+01
 55 -0.03776 -5.30470e+01 | 56  0.04081 -5.79062e+01 | 57 -0.03727 -2.57912e+01
 58  0.04590  1.12843e+01 | 59 -0.03716 -1.55756e+00 | 60  0.03552  1.62700e+01
 61  0.00919  1.63877e+01 | 62 -0.00777  9.53097e+00 | 63  0.01493 -3.55429e+00
 64  0.00256 -1.96758e+01 | 65 -0.04221 -2.18710e+01 | 66 -0.00462 -7.28501e+00
 67  0.02484  1.10149e+01 | 68  0.01255  3.37177e+01 | 69 -0.01929  4.01804e+01
 70 -0.02879  2.77511e+01 | 71  0.00627  1.99447e+01 | 72  0.04189  1.53854e+01
 73  0.03078  1.14569e+01 | 74 -0.02928 -3.33532e+00 | 75 -0.00311  3.11837e+00
  ic > imax  in fminim is answer attained ?
Var    Value     Gradient |Var    Value     Gradient |Var    Value     Gradient
  1  0.95261 -8.69089e-04 |  2  0.01298  2.82046e+00 |  3 -0.02461 -2.42738e+00
  4 -0.01842 -9.16546e-01 |  5 -0.02444 -2.38333e+00 |  6  0.02954  1.07677e+01
  7  0.02292  9.15391e+00 |  8  0.00482  4.73173e+00 |  9  0.01820  7.95765e+00
 10 -0.00287  2.78813e+00 | 11  0.04418  1.41120e+01 | 12 -0.01036  8.48565e-01
 13  0.03102  1.07170e+01 | 14  0.02557  9.24289e+00 | 15  0.02982  1.00674e+01
 16  0.02423  8.46038e+00 | 17  0.01109  5.00875e+00 | 18 -0.01720 -1.96702e+00
 19 -0.01880 -2.70682e+00 | 20  0.02332  6.29230e+00 | 21 -0.03057 -6.39976e+00
 22 -0.02164 -5.04451e+00 | 23  0.04877  8.47219e+00 | 24  0.01227  3.04978e-01
 25  0.06975  9.15090e+00 | 26  0.02863  1.37214e+00 | 27 -0.01312 -6.53583e+00
 28 -0.01066 -5.17180e+00 | 29  0.06554  1.40061e+01 | 30  0.00216  6.81496e+00
 31 -0.04819 -2.49356e+00 | 32  0.01570  1.86565e+01 | 33 -0.01435  7.65093e+00
 34 -0.01200  5.36239e+00 | 35  0.03800 -7.96768e-01 | 36  0.04729 -3.93318e+01
 37 -0.02231  1.25450e+00 | 38  0.01213  1.49575e+01 | 39  0.00675  7.28983e+00
 40 -0.01654  2.34301e+00 | 41  0.01982  1.25089e+01 | 42 -0.03767 -3.41955e+00
 43 -0.02917 -7.56520e-01 | 44  0.00036  9.52312e+00 | 45 -0.04369 -2.97495e+00
 46  0.01710  3.05691e+00 | 47  0.03713 -1.85266e+01 | 48 -0.03608 -3.08273e+01
 49  0.01437 -2.42042e+01 | 50  0.00557 -6.59694e+00 | 51 -0.04487 -2.73718e+00
 52  0.01010  1.69461e+01 | 53  0.02535  1.08288e+01 | 54 -0.00779 -3.11526e+00
 55  0.00043 -4.50512e-03 | 56  0.08250  3.77265e+01 | 57 -0.01870  1.49343e+01
 58  0.03778  4.69769e+01 | 59 -0.03603  9.36014e+00 | 60  0.02381  2.06784e+01
 61 -0.00261  1.72607e+01 | 62 -0.01463  1.52968e+01 | 63  0.01749  1.47377e+01
 64  0.01672  4.41175e+00 | 65 -0.02647 -4.98953e+00 | 66  0.00063  2.03997e+00
 67  0.01691  3.17421e+00 | 68 -0.01172  9.06387e+00 | 69 -0.04822  1.23729e+01
 70 -0.04877  9.85311e+00 | 71 -0.00809  1.11348e+01 | 72  0.03081  1.22580e+01
 73  0.02253  9.40461e+00 | 74 -0.02688 -2.76440e+00 | 75 -0.00535  2.55943e+00
Function minimizer not making progress ... is minimum attained?
Minimprove criterion = 0.0000e+00

 - final statistics:
75 variables; iteration 2; function evaluation 34
Function value nan; maximum gradient component mag 4.6977e+01
Exit code = 1;  converg criter 1.0000e+01
Var    Value     Gradient |Var    Value     Gradient |Var    Value     Gradient
  1  0.95261 -8.69089e-04 |  2  0.01298  2.82046e+00 |  3 -0.02461 -2.42738e+00
  4 -0.01842 -9.16546e-01 |  5 -0.02444 -2.38333e+00 |  6  0.02954  1.07677e+01
  7  0.02292  9.15391e+00 |  8  0.00482  4.73173e+00 |  9  0.01820  7.95765e+00
 10 -0.00287  2.78813e+00 | 11  0.04418  1.41120e+01 | 12 -0.01036  8.48565e-01
 13  0.03102  1.07170e+01 | 14  0.02557  9.24289e+00 | 15  0.02982  1.00674e+01
 16  0.02423  8.46038e+00 | 17  0.01109  5.00875e+00 | 18 -0.01720 -1.96702e+00
 19 -0.01880 -2.70682e+00 | 20  0.02332  6.29230e+00 | 21 -0.03057 -6.39976e+00
 22 -0.02164 -5.04451e+00 | 23  0.04877  8.47219e+00 | 24  0.01227  3.04978e-01
 25  0.06975  9.15090e+00 | 26  0.02863  1.37214e+00 | 27 -0.01312 -6.53583e+00
 28 -0.01066 -5.17180e+00 | 29  0.06554  1.40061e+01 | 30  0.00216  6.81496e+00
 31 -0.04819 -2.49356e+00 | 32  0.01570  1.86565e+01 | 33 -0.01435  7.65093e+00
 34 -0.01200  5.36239e+00 | 35  0.03800 -7.96768e-01 | 36  0.04729 -3.93318e+01
 37 -0.02231  1.25450e+00 | 38  0.01213  1.49575e+01 | 39  0.00675  7.28983e+00
 40 -0.01654  2.34301e+00 | 41  0.01982  1.25089e+01 | 42 -0.03767 -3.41955e+00
 43 -0.02917 -7.56520e-01 | 44  0.00036  9.52312e+00 | 45 -0.04369 -2.97495e+00
 46  0.01710  3.05691e+00 | 47  0.03713 -1.85266e+01 | 48 -0.03608 -3.08273e+01
 49  0.01437 -2.42042e+01 | 50  0.00557 -6.59694e+00 | 51 -0.04487 -2.73718e+00
 52  0.01010  1.69461e+01 | 53  0.02535  1.08288e+01 | 54 -0.00779 -3.11526e+00
 55  0.00043 -4.50512e-03 | 56  0.08250  3.77265e+01 | 57 -0.01870  1.49343e+01
 58  0.03778  4.69769e+01 | 59 -0.03603  9.36014e+00 | 60  0.02381  2.06784e+01
 61 -0.00261  1.72607e+01 | 62 -0.01463  1.52968e+01 | 63  0.01749  1.47377e+01
 64  0.01672  4.41175e+00 | 65 -0.02647 -4.98953e+00 | 66  0.00063  2.03997e+00
 67  0.01691  3.17421e+00 | 68 -0.01172  9.06387e+00 | 69 -0.04822  1.23729e+01
 70 -0.04877  9.85311e+00 | 71 -0.00809  1.11348e+01 | 72  0.03081  1.22580e+01
 73  0.02253  9.40461e+00 | 74 -0.02688 -2.76440e+00 | 75 -0.00535  2.55943e+00

Initial statistics: 92 variables; iteration 0; function evaluation 0; phase 3
Function value -3.5286619e+01; maximum gradient component mag -7.0443e+01
Var    Value     Gradient |Var    Value     Gradient |Var    Value     Gradient
  1  0.95261 -8.69087e-04 |  2  0.04586  1.07864e+01 |  3  0.01298  2.82046e+00
  4 -0.02461 -2.42738e+00 |  5 -0.01842 -9.16546e-01 |  6 -0.02444 -2.38333e+00
  7  0.02954  1.07677e+01 |  8  0.02292  9.15391e+00 |  9  0.00482  4.73173e+00
 10  0.01820  7.95765e+00 | 11 -0.00287  2.78813e+00 | 12  0.04418  1.41120e+01
 13 -0.01036  8.48565e-01 | 14  0.03102  1.07170e+01 | 15  0.02557  9.24289e+00
 16  0.02982  1.00674e+01 | 17  0.02423  8.46038e+00 | 18  0.01109  5.00875e+00
 19 -0.01720 -1.96702e+00 | 20 -0.01880 -2.70682e+00 | 21  0.02332  6.29230e+00
 22 -0.03057 -6.39976e+00 | 23 -0.02164 -5.04451e+00 | 24  0.04877  8.47219e+00
 25  0.01227  3.04977e-01 | 26  0.06975  9.15090e+00 | 27  0.02863  1.37214e+00
 28 -0.01312 -6.53583e+00 | 29 -0.01066 -5.17180e+00 | 30  0.06554  1.40061e+01
 31  0.00216  6.81496e+00 | 32 -0.04819 -2.49356e+00 | 33  0.01570  1.86565e+01
 34 -0.01435  7.65096e+00 | 35 -0.01200  5.36248e+00 | 36  0.03800 -7.96572e-01
 37  0.04729 -3.93319e+01 | 38 -0.02231  1.25438e+00 | 39  0.01213  1.49574e+01
 40  0.00675  7.28983e+00 | 41 -0.01654  2.34301e+00 | 42  0.01982  1.25089e+01
 43 -0.03767 -3.41954e+00 | 44 -0.02917 -7.56515e-01 | 45  0.00036  9.52313e+00
 46 -0.04369 -2.97495e+00 | 47  0.01710  3.05688e+00 | 48  0.03713 -1.85266e+01
 49 -0.03608 -3.08273e+01 | 50  0.01437 -2.42042e+01 | 51  0.00557 -6.59689e+00
 52 -0.04487 -2.73718e+00 | 53  0.01010  1.69460e+01 | 54  0.02535  1.08287e+01
 55 -0.00779 -3.11528e+00 | 56  0.00043 -4.49604e-03 | 57  0.08250  3.77265e+01
 58 -0.01870  1.49343e+01 | 59  0.03778  4.69769e+01 | 60 -0.03603  9.36011e+00
 61  0.02381  2.06784e+01 | 62 -0.00261  1.72607e+01 | 63 -0.01463  1.52968e+01
 64  0.01749  1.47377e+01 | 65  0.01672  4.41175e+00 | 66 -0.02647 -4.98951e+00
 67  0.00063  2.03995e+00 | 68  0.01691  3.17422e+00 | 69 -0.01172  9.06394e+00
 70 -0.04822  1.23729e+01 | 71 -0.04877  9.85308e+00 | 72 -0.00809  1.11348e+01
 73  0.03081  1.22580e+01 | 74  0.02253  9.40461e+00 | 75 -0.02688 -2.76440e+00
 76 -0.00535  2.55943e+00 | 77 -0.35952 -1.77170e+01 | 78 -0.99265 -2.47326e-01
 79  0.00622  6.91133e+01 | 80  0.37227  9.60796e+00 | 81 -0.11489  6.68962e+01
 82 -0.99265 -2.47331e-01 | 83  0.05856 -7.04426e+01 | 84  0.89612  3.45494e+00
 85 -0.13079  1.75638e+01 | 86 -0.15656  2.09401e+01 | 87  0.00850 -1.94675e+01
 88  0.39250  4.05706e+00 | 89 -0.41818 -2.42649e-03 | 90 -0.04238 -2.09462e-04
 91  0.04549  2.26659e-04 | 92  0.89612  1.90685e-02 |

Intermediate statistics: 92 variables; iteration 20; function evaluation 26; phase 3
Function value -5.5410367e+01; maximum gradient component mag 3.4154e+01
Var    Value     Gradient |Var    Value     Gradient |Var    Value     Gradient
  1  0.95275 -1.11268e-03 |  2 -0.00121 -3.84665e-01 |  3  0.00018 -6.28189e-02
  4 -0.01487  1.42190e-01 |  5 -0.01505  7.42846e-02 |  6 -0.01473  1.27086e-01
  7 -0.01685 -4.24330e-01 |  8 -0.01646 -3.64724e-01 |  9 -0.01556 -1.87665e-01
 10 -0.01592 -3.24499e-01 | 11 -0.01485 -1.17853e-01 | 12 -0.01648 -5.74134e-01
 13 -0.01403 -4.79247e-02 | 14 -0.01524 -4.27792e-01 | 15 -0.01453 -3.61932e-01
 16 -0.01416 -3.83030e-01 | 17 -0.01302 -3.07661e-01 | 18 -0.01122 -1.80155e-01
 19 -0.00884  4.90838e-02 | 20 -0.00701  6.47428e-02 | 21 -0.00597 -2.08484e-01
 22 -0.00151  1.25262e-01 | 23  0.00191  6.31417e-02 | 24  0.00408 -4.32367e-01
 25  0.01088 -1.47338e-01 | 26  0.01280 -9.11508e-01 | 27  0.02294 -2.15821e-01
 28  0.03244  5.20403e-01 | 29  0.02956  4.77304e-01 | 30  0.00617 -7.10302e-01
 31 -0.01379  2.55880e-01 | 32 -0.02774  1.00161e+00 | 33 -0.03671 -1.66060e+00
 34 -0.02929 -2.17318e+00 | 35 -0.02968 -5.81893e+00 | 36 -0.03389 -1.49446e+01
 37 -0.02148 -1.52924e+01 | 38  0.08719  3.41545e+01 | 39 -0.00100  7.79412e+00
 40 -0.02660  1.44198e+00 | 41 -0.02912  8.47691e-01 | 42 -0.03673 -1.29799e+00
 43 -0.03194 -3.44018e-01 | 44 -0.03888 -1.44820e+00 | 45 -0.05954 -4.35392e+00
 46 -0.06219 -3.80439e+00 | 47 -0.05073 -7.56569e+00 | 48  0.00638 -5.90037e+00
 49  0.00734 -9.75832e+00 | 50 -0.03522 -1.35058e+01 | 51 -0.03569 -1.50369e+01
 52 -0.05714 -4.71722e+00 | 53 -0.01834 -2.80466e-01 | 54 -0.01903  1.10406e-01
 55 -0.01050  1.74665e-01 | 56  0.02772 -6.06561e-01 | 57 -0.02931 -1.45811e+01
 58  0.00892 -6.72336e+00 | 59 -0.03665 -3.01560e+00 | 60 -0.02365 -1.80980e+00
 61  0.01626  5.98552e-01 | 62 -0.04082  1.01714e+00 | 63 -0.05002  2.93593e+00
 64 -0.01525  1.19878e+01 | 65 -0.01997  1.60211e+01 | 66 -0.03850  1.13461e+01
 67 -0.03502  8.22366e+00 | 68  0.03428  1.38606e+01 | 69 -0.03205  1.00054e+01
 70 -0.09203  3.41464e+00 | 71 -0.08024  2.22059e+00 | 72 -0.04400  6.72127e-01
 73 -0.01816 -1.24222e-01 | 74 -0.01860 -4.10752e-01 | 75 -0.01642  1.16447e-01
 76 -0.01736 -1.14929e-01 | 77 -0.35414 -1.39746e+01 | 78 -0.96852 -6.31306e-02
 79 -0.09672  4.04202e+00 | 80  0.29338  3.05287e+00 | 81 -0.30648 -2.06684e+01
 82 -0.96852 -6.31363e-02 | 83 -0.06758  2.20545e+01 | 84  0.64893 -1.80107e+00
 85 -0.10743  2.50295e+01 | 86 -0.22188  7.03706e+00 | 87  0.02643 -1.16338e+00
 88  0.30821  7.77783e+00 | 89 -0.41780 -2.41840e-03 | 90 -0.04235 -2.09296e-04
 91  0.04546  2.24286e-04 | 92  0.89315  1.85300e-02 |
92 variables; iteration 40; function evaluation 58; phase 3
Function value -5.8349365e+01; maximum gradient component mag 4.3572e+01
Var    Value     Gradient |Var    Value     Gradient |Var    Value     Gradient
  1  0.95616 -8.39264e-04 |  2 -0.00003 -1.05787e-01 |  3  0.00064  3.89550e-02
  4 -0.01492  1.19792e-01 |  5 -0.01498  8.22101e-02 |  6 -0.01480  9.87855e-02
  7 -0.01567 -1.46038e-01 |  8 -0.01544 -1.25147e-01 |  9 -0.01498 -5.52733e-02
 10 -0.01500 -1.09388e-01 | 11 -0.01441 -2.19251e-02 | 12 -0.01485 -1.89442e-01
 13 -0.01366  2.61523e-02 | 14 -0.01380 -9.65841e-02 | 15 -0.01316 -5.29723e-02
 16 -0.01269 -4.75800e-02 | 17 -0.01173 -2.07075e-02 | 18 -0.01034  4.92856e-03
 19 -0.00871  5.62797e-02 | 20 -0.00705  2.92465e-02 | 21 -0.00582 -2.10416e-01
 22 -0.00135  1.17879e-01 | 23  0.00246  1.34077e-01 | 24  0.00597 -9.72303e-02
 25  0.01326  2.55645e-01 | 26  0.02256  7.90081e-01 | 27  0.01942 -8.56495e-01
 28  0.03001  1.36644e-01 | 29  0.03074  8.06538e-01 | 30  0.01152  8.11106e-01
 31 -0.02025 -3.91217e-01 | 32 -0.03736 -3.22574e-01 | 33 -0.04027 -9.85636e-01
 34 -0.03143 -4.99657e-01 | 35 -0.02221 -4.48966e-01 | 36 -0.00009  6.41295e-01
 37  0.02677  5.86544e-01 | 38  0.01144 -1.04165e+00 | 39 -0.02795 -1.17863e+00
 40 -0.02945 -1.75868e-01 | 41 -0.03288 -3.79025e-01 | 42 -0.03476 -1.18147e-01
 43 -0.03737 -5.77608e-01 | 44 -0.03938  9.77316e-02 | 45 -0.04955  5.42962e-01
 46 -0.05739  3.30297e-01 | 47 -0.03541  1.05467e+00 | 48  0.00466  1.55407e+00
 49  0.00898  4.23820e-01 | 50 -0.02063  9.54317e-01 | 51 -0.02082  6.13896e-01
 52 -0.05843  1.07576e-01 | 53 -0.02983 -2.25601e-02 | 54 -0.01781 -6.00765e-01
 55 -0.00694 -4.63413e-01 | 56  0.01213 -3.62709e-01 | 57  0.00904  2.47734e-01
 58  0.00148 -2.94712e-01 | 59 -0.03866 -1.35947e+00 | 60 -0.02725 -5.54925e-01
 61  0.00936 -4.89762e-01 | 62 -0.03490  3.98199e-01 | 63 -0.04964 -6.87100e-01
 64 -0.02355 -1.11274e+00 | 65 -0.02027  4.56350e-01 | 66 -0.03672 -9.53237e-02
 67 -0.03225  7.23722e-01 | 68  0.02084 -8.93553e-01 | 69 -0.03381 -8.21278e-01
 70 -0.08835 -5.75470e-01 | 71 -0.08610 -1.78594e+00 | 72 -0.05076 -9.87707e-01
 73 -0.01910 -3.80940e-01 | 74 -0.01809 -2.73781e-01 | 75 -0.01710 -3.30787e-02
 76 -0.01756 -1.38322e-01 | 77 -0.35439 -4.49530e+00 | 78 -0.85087 -1.31701e-02
 79 -0.07383  2.61637e-01 | 80  0.28948 -3.94955e-01 | 81 -0.34385 -3.41029e+00
 82 -0.85087 -1.31434e-02 | 83 -0.10509  3.42796e+00 | 84  0.78293 -1.92106e-02
 85 -0.09636  4.35716e+01 | 86 -0.23634  6.90796e+00 | 87  0.02626 -3.49786e+00
 88  0.21501  6.11764e+00 | 89 -0.40869 -2.34630e-03 | 90 -0.04156 -2.05363e-04
 91  0.04461  2.19610e-04 | 92  0.83341  1.17272e-02 |
92 variables; iteration 60; function evaluation 92; phase 3
Function value -5.8687371e+01; maximum gradient component mag 5.1218e+01
Var    Value     Gradient |Var    Value     Gradient |Var    Value     Gradient
  1  0.96711 -6.15406e-04 |  2 -0.00071 -2.81146e-01 |  3 -0.00009 -1.47826e-01
  4 -0.01550 -2.98284e-02 |  5 -0.01524  1.06571e-02 |  6 -0.01486  7.55778e-02
  7 -0.01533 -7.12396e-02 |  8 -0.01511 -5.44439e-02 |  9 -0.01474 -6.44767e-03
 10 -0.01483 -7.73936e-02 | 11 -0.01425  1.13399e-02 | 12 -0.01492 -2.14748e-01
 13 -0.01330  1.04162e-01 | 14 -0.01359 -5.67337e-02 | 15 -0.01269  4.70469e-02
 16 -0.01186  1.34235e-01 | 17 -0.01024  3.13556e-01 | 18 -0.00840  4.38957e-01
 19 -0.00809  1.73280e-01 | 20 -0.00759 -1.21311e-01 | 21 -0.00572 -2.16837e-01
 22 -0.00215 -8.57663e-02 | 23  0.00208  2.70213e-02 | 24  0.01143  9.79157e-01
 25  0.01019 -3.47701e-01 | 26  0.02052  4.19871e-01 | 27  0.02846  6.51819e-01
 28  0.02609 -5.20130e-01 | 29  0.03322  1.08381e+00 | 30  0.01433  1.20886e+00
 31 -0.01935 -1.86947e-01 | 32 -0.03850 -5.53639e-01 | 33 -0.03825 -3.31199e-01
 34 -0.03130 -4.11427e-01 | 35 -0.02158  2.49471e-02 | 36 -0.00673  1.27688e-01
 37  0.02254 -7.17663e-02 | 38  0.01568 -1.83047e+00 | 39 -0.02295  2.11431e-01
 40 -0.02618  8.23210e-01 | 41 -0.02878  8.88043e-01 | 42 -0.03306  4.27251e-01
 43 -0.03540 -8.34707e-02 | 44 -0.04050 -4.76959e-01 | 45 -0.04871  4.51199e-01
 46 -0.05586  3.27506e-01 | 47 -0.03950 -1.03563e+00 | 48  0.00102 -6.33971e-01
 49  0.01087 -4.54013e-01 | 50 -0.02378 -6.17102e-01 | 51 -0.02069 -2.66232e-01
 52 -0.05782 -1.04286e-01 | 53 -0.02926 -4.28941e-01 | 54 -0.01485  8.10851e-02
 55 -0.01117 -1.43242e+00 | 56  0.01436  7.29321e-02 | 57  0.00686 -2.61073e-01
 58  0.00127  1.31728e-02 | 59 -0.03420  6.32102e-01 | 60 -0.02664 -5.68396e-02
 61  0.01293  2.61543e-01 | 62 -0.04045 -9.11328e-01 | 63 -0.04649  8.37774e-01
 64 -0.02030  6.55423e-01 | 65 -0.02600 -4.97462e-01 | 66 -0.03801 -5.95070e-01
 67 -0.03497 -3.62719e-01 | 68  0.02621  2.03896e-01 | 69 -0.03538  1.76634e-01
 70 -0.08959  3.15414e-01 | 71 -0.08152  7.58534e-01 | 72 -0.04595  3.62997e-01
 73 -0.01571  3.90890e-01 | 74 -0.01621  1.87263e-01 | 75 -0.01621  1.85141e-01
 76 -0.01624  1.85125e-01 | 77 -0.34910  1.01641e+01 | 78 -0.64277 -4.62198e-03
 79 -0.06982 -1.21021e+00 | 80  0.25170  9.34412e-01 | 81 -0.34341  2.43832e+00
 82 -0.64248 -4.64601e-03 | 83 -0.12493 -2.81080e+00 | 84  0.74629  1.78213e-01
 85 -0.08770  5.12175e+01 | 86 -0.27705  3.09448e+00 | 87  0.02880 -2.29184e+00
 88  0.09808  3.01208e+00 | 89 -0.37860 -2.12193e-03 | 90 -0.03892 -1.92271e-04
 91  0.04179  2.05082e-04 | 92  0.68433  5.80745e-03 |
92 variables; iteration 80; function evaluation 129; phase 3
Function value -5.8795489e+01; maximum gradient component mag 6.6924e+01
Var    Value     Gradient |Var    Value     Gradient |Var    Value     Gradient
  1  0.98058 -3.69587e-04 |  2  0.00272  5.71963e-01 |  3  0.00210  4.00464e-01
  4 -0.01460  2.02294e-01 |  5 -0.01467  1.60309e-01 |  6 -0.01513  2.10402e-02
  7 -0.01412  2.35418e-01 |  8 -0.01459  8.42467e-02 |  9 -0.01530 -1.35310e-01
 10 -0.01503 -1.20371e-01 | 11 -0.01567 -3.32887e-01 | 12 -0.01388  3.92785e-02
 13 -0.01556 -4.40022e-01 | 14 -0.01346 -2.14340e-02 | 15 -0.01303 -2.89197e-02
 16 -0.01231  3.17827e-02 | 17 -0.01205 -1.13382e-01 | 18 -0.01141 -2.69587e-01
 19 -0.00938 -1.30834e-01 | 20 -0.00599  2.30421e-01 | 21 -0.00314  3.39560e-01
 22 -0.00071  1.92377e-01 | 23  0.00036 -3.90635e-01 | 24  0.00514 -3.63452e-01
 25  0.01212 -8.15744e-02 | 26  0.01702 -3.44889e-01 | 27  0.02278 -4.80081e-01
 28  0.03059 -5.73268e-02 | 29  0.02570 -4.09848e-01 | 30  0.00831 -2.10120e-01
 31 -0.01785  1.00567e-01 | 32 -0.03720 -1.72881e-01 | 33 -0.03760 -1.26023e-01
 34 -0.03125 -4.71263e-01 | 35 -0.02115 -2.36855e-01 | 36 -0.00686 -6.95361e-01
 37  0.02068 -2.40543e-02 | 38  0.02150  5.88390e-01 | 39 -0.02109  7.94144e-01
 40 -0.03030 -3.77362e-01 | 41 -0.03185 -9.39119e-02 | 42 -0.03498 -2.33638e-01
 43 -0.03354  3.67123e-01 | 44 -0.03997 -3.63227e-01 | 45 -0.05032 -4.34327e-02
 46 -0.05717 -2.30472e-02 | 47 -0.03485  3.94883e-01 | 48  0.00031 -5.98618e-01
 49  0.01172 -1.84178e-01 | 50 -0.02212 -6.24045e-02 | 51 -0.02081 -3.41715e-01
 52 -0.05681  4.15971e-01 | 53 -0.02773  3.90536e-01 | 54 -0.01612  6.66918e-01
 55 -0.00527  8.32381e-01 | 56  0.01165 -1.57547e-01 | 57  0.00849  4.43197e-02
 58  0.00223  1.24578e-01 | 59 -0.03469  4.11855e-01 | 60 -0.02400  5.86263e-01
 61  0.01067 -1.56491e-01 | 62 -0.03453  8.65009e-01 | 63 -0.04820 -2.67916e-02
 64 -0.02216 -4.79470e-01 | 65 -0.02337  1.75399e-02 | 66 -0.03766 -4.77664e-01
 67 -0.03345  5.19764e-02 | 68  0.02645 -1.84101e-01 | 69 -0.03532 -4.06245e-01
 70 -0.08889  9.75555e-02 | 71 -0.08203  1.42039e-01 | 72 -0.04619  1.58047e-01
 73 -0.01788 -1.34477e-01 | 74 -0.01684  2.49768e-02 | 75 -0.01747 -1.34327e-01
 76 -0.01722 -6.53001e-02 | 77 -0.34789 -1.78754e+01 | 78 -0.47496 -1.71205e-02
 79 -0.06924  1.03989e+00 | 80  0.23879 -1.91108e+00 | 81 -0.33960  8.67874e-02
 82 -0.49525  8.47287e-04 | 83 -0.11394 -1.39861e-01 | 84  0.74378 -4.22419e-02
 85 -0.08534  6.69243e+01 | 86 -0.28778  2.93220e+00 | 87  0.03003 -9.24979e-01
 88  0.02554  1.96712e+00 | 89 -0.33540 -1.82384e-03 | 90 -0.03502 -1.72986e-04
 91  0.03763  1.83477e-04 | 92  0.53604  3.51909e-03 |
92 variables; iteration 100; function evaluation 159; phase 3
Function value -5.8857274e+01; maximum gradient component mag 6.5960e+01
Var    Value     Gradient |Var    Value     Gradient |Var    Value     Gradient
  1  1.00492  7.21890e-05 |  2 -0.00083 -3.07659e-01 |  3  0.00002 -1.18964e-01
  4 -0.01617 -1.92362e-01 |  5 -0.01646 -2.87299e-01 |  6 -0.01795 -6.77568e-01
  7 -0.01449  1.37142e-01 |  8 -0.01508 -4.22848e-02 |  9 -0.01555 -2.01010e-01
 10 -0.01396  1.36362e-01 | 11 -0.01389  9.77432e-02 | 12 -0.01541 -3.31707e-01
 13 -0.01422 -1.15020e-01 | 14 -0.01154  4.40362e-01 | 15 -0.01391 -2.42145e-01
 16 -0.01311 -1.60652e-01 | 17 -0.01144  2.93779e-02 | 18 -0.00975  1.20273e-01
 19 -0.00781  2.37503e-01 | 20 -0.00691  2.91444e-02 | 21 -0.00502 -6.79445e-02
 22 -0.00155  3.05120e-02 | 23  0.00325  2.52350e-01 | 24  0.00754  1.68476e-01
 25  0.01277  1.08897e-01 | 26  0.01939  1.68346e-01 | 27  0.02645  2.45616e-01
 28  0.03064  9.01574e-02 | 29  0.02891  2.48053e-01 | 30  0.00936  1.21583e-01
 31 -0.01917 -1.02633e-01 | 32 -0.03723 -3.16609e-02 | 33 -0.03684  2.93786e-01
 34 -0.03108 -1.84488e-01 | 35 -0.02123  5.04238e-02 | 36 -0.00514  9.44883e-02
 37  0.02277  9.72718e-02 | 38  0.02097  3.72651e-02 | 39 -0.02523 -3.36683e-01
 40 -0.02822  1.67913e-01 | 41 -0.03057  2.61244e-01 | 42 -0.03381  1.07676e-01
 43 -0.03586 -2.67337e-01 | 44 -0.03801  2.31395e-01 | 45 -0.05013  5.76857e-02
 46 -0.05728 -1.24680e-02 | 47 -0.03642  3.52043e-02 | 48  0.00236  5.93265e-02
 49  0.01041 -5.85754e-02 | 50 -0.02194  1.57317e-01 | 51 -0.02057 -6.89571e-02
 52 -0.05821 -1.53871e-01 | 53 -0.02825 -1.86053e-01 | 54 -0.01672 -2.46290e-01
 55 -0.00753 -3.69549e-01 | 56  0.01370  1.29760e-01 | 57  0.00778 -6.96291e-02
 58  0.00174 -1.46099e-01 | 59 -0.03552 -1.10362e-01 | 60 -0.02659 -3.52836e-01
 61  0.01229  3.66352e-02 | 62 -0.03830 -3.82584e-01 | 63 -0.04795  7.35973e-02
 64 -0.02077  2.13766e-01 | 65 -0.02398  1.01753e-01 | 66 -0.03596  2.04929e-01
 67 -0.03443 -5.33777e-02 | 68  0.02528  1.27286e-01 | 69 -0.03492  6.79054e-02
 70 -0.08932 -1.68054e-02 | 71 -0.08246 -6.73965e-02 | 72 -0.04704 -7.69114e-02
 73 -0.01595  3.54850e-01 | 74 -0.02094 -9.82854e-01 | 75 -0.01560  3.31846e-01
 76 -0.01788 -2.23711e-01 | 77 -0.34757  1.81192e+00 | 78 -0.33917  4.39924e-03
 79 -0.06855 -1.35267e-01 | 80  0.23182  5.33449e-02 | 81 -0.33997 -2.27748e-01
 82 -0.42783  1.12403e-02 | 83 -0.11196  3.71060e-01 | 84  0.75539  1.35628e-02
 85 -0.08361  6.59596e+01 | 86 -0.32099  1.41132e+00 | 87  0.03064 -4.20390e-01
 88 -0.04161  1.14106e+00 | 89 -0.23802 -1.22641e-03 | 90 -0.02600 -1.28327e-04
 91  0.02804  1.33115e-04 | 92  0.26511  1.38958e-03 |
92 variables; iteration 120; function evaluation 191; phase 3
Function value -5.8899084e+01; maximum gradient component mag 6.4838e+01
Var    Value     Gradient |Var    Value     Gradient |Var    Value     Gradient
  1  1.03110  5.97705e-04 |  2  0.00121  1.96642e-01 |  3  0.00113  1.60062e-01
  4 -0.01656 -2.82052e-01 |  5 -0.01501  7.61459e-02 |  6 -0.01588 -1.65173e-01
  7 -0.01330  4.36414e-01 |  8 -0.01326  4.07796e-01 |  9 -0.01405  1.71506e-01
 10 -0.01429  6.04819e-02 | 11 -0.01383  1.16582e-01 | 12 -0.01566 -3.91393e-01
 13 -0.01402 -6.87863e-02 | 14 -0.01284  1.26039e-01 | 15 -0.01327 -9.29696e-02
 16 -0.01313 -1.70883e-01 | 17 -0.01200 -1.12015e-01 | 18 -0.01109 -2.06154e-01
 19 -0.00917 -9.25076e-02 | 20 -0.00725 -6.62273e-02 | 21 -0.00481 -4.14061e-02
 22 -0.00176 -4.02572e-02 | 23  0.00191 -6.00861e-02 | 24  0.00663 -5.27956e-02
 25  0.01220 -4.50428e-02 | 26  0.01840 -6.20723e-02 | 27  0.02510 -4.05006e-02
 28  0.03053  1.19478e-03 | 29  0.02779 -3.72676e-04 | 30  0.00897  1.32703e-04
 31 -0.01877 -1.02480e-02 | 32 -0.03739 -7.91979e-02 | 33 -0.03829 -1.60949e-01
 34 -0.03057 -1.42303e-01 | 35 -0.02149 -2.83878e-01 | 36 -0.00534 -4.13961e-01
 37  0.02240  3.69264e-01 | 38  0.01963  2.65822e-01 | 39 -0.02376  1.30354e-02
 40 -0.02881  8.56654e-03 | 41 -0.03169 -5.03092e-02 | 42 -0.03425 -9.80626e-03
 43 -0.03483  2.79295e-02 | 44 -0.03897 -5.82932e-02 | 45 -0.05036 -2.82901e-02
 46 -0.05733 -6.48763e-03 | 47 -0.03687 -5.31304e-02 | 48  0.00220  4.81178e-02
 49  0.01119 -2.21022e-02 | 50 -0.02250 -6.42466e-02 | 51 -0.02010 -4.52418e-02
 52 -0.05780  3.73700e-02 | 53 -0.02837  2.83501e-02 | 54 -0.01631  1.69984e-01
 55 -0.00681  1.01310e-01 | 56  0.01313  3.02877e-02 | 57  0.00776 -1.65566e-01
 58  0.00220 -1.19014e-01 | 59 -0.03567 -1.10848e-01 | 60 -0.02534  1.53834e-01
 61  0.01142 -8.10428e-02 | 62 -0.03672  7.00720e-02 | 63 -0.04820  4.75412e-02
 64 -0.02110  8.12071e-02 | 65 -0.02377  3.46010e-02 | 66 -0.03637 -3.40386e-02
 67 -0.03401  2.67453e-02 | 68  0.02535 -6.81335e-02 | 69 -0.03473 -1.90647e-01
 70 -0.08913 -1.52644e-02 | 71 -0.08235  5.42933e-02 | 72 -0.04673  6.47494e-02
 73 -0.01706  7.64014e-02 | 74 -0.01805 -2.72556e-01 | 75 -0.01463  5.68480e-01
 76 -0.01762 -1.62857e-01 | 77 -0.34975 -1.96295e+01 | 78 -0.30067 -5.35426e-01
 79 -0.07095  6.24604e-01 | 80  0.24340 -2.13083e+00 | 81 -0.34019 -2.67867e-01
 82 -0.62517 -4.27954e-03 | 83 -0.11230  3.44872e-01 | 84  0.75292 -3.18011e-02
 85 -0.08241  6.48378e+01 | 86 -0.36172  5.86633e-01 | 87  0.03108 -2.19920e-01
 88 -0.13875  5.35278e-01 | 89 -0.02445 -1.19163e-04 | 90 -0.00542 -2.67721e-05
 91  0.00634  2.86551e-05 | 92 -0.22198 -1.14211e-03 |
92 variables; iteration 140; function evaluation 211; phase 3
Function value -5.8920707e+01; maximum gradient component mag 7.2128e+00
Var    Value     Gradient |Var    Value     Gradient |Var    Value     Gradient
  1  0.98137 -3.48177e-04 |  2  0.00012 -7.45183e-02 |  3  0.00031 -4.54423e-02
  4 -0.01544 -1.15748e-02 |  5 -0.01532 -5.82383e-03 |  6 -0.01521 -4.02637e-03
  7 -0.01546 -9.74680e-02 |  8 -0.01520 -7.17126e-02 |  9 -0.01493 -4.68317e-02
 10 -0.01460 -1.86457e-02 | 11 -0.01432 -5.71746e-03 | 12 -0.01384  4.79651e-02
 13 -0.01366  1.76661e-02 | 14 -0.01336  9.71717e-04 | 15 -0.01286  7.52625e-03
 16 -0.01244 -1.61719e-03 | 17 -0.01150  1.32126e-02 | 18 -0.01006  4.41634e-02
 19 -0.00860  4.69447e-02 | 20 -0.00695  8.57457e-03 | 21 -0.00470 -1.04562e-02
 22 -0.00159  5.76368e-03 | 23  0.00238  4.59087e-02 | 24  0.00701  3.25562e-02
 25  0.01244  1.12787e-02 | 26  0.01883  2.71765e-02 | 27  0.02556  4.77386e-02
 28  0.03050  9.45301e-03 | 29  0.02799  4.08564e-02 | 30  0.00901  1.46802e-02
 31 -0.01871  9.41217e-03 | 32 -0.03719 -1.45001e-02 | 33 -0.03761  5.93820e-02
 34 -0.03050 -4.15595e-02 | 35 -0.02128  4.40776e-02 | 36 -0.00535  3.02780e-02
 37  0.02248 -7.70469e-03 | 38  0.02011 -7.84597e-03 | 39 -0.02409 -6.53563e-02
 40 -0.02870  3.31636e-02 | 41 -0.03126  6.34998e-02 | 42 -0.03411  2.32627e-02
 43 -0.03512 -5.99732e-02 | 44 -0.03862  4.62578e-02 | 45 -0.05024  1.47735e-02
 46 -0.05725 -1.09303e-02 | 47 -0.03657 -1.87805e-02 | 48  0.00228  1.45125e-02
 49  0.01092 -7.97096e-03 | 50 -0.02228  2.03408e-02 | 51 -0.02025  2.05263e-02
 52 -0.05789 -3.93032e-02 | 53 -0.02817 -3.83203e-02 | 54 -0.01654 -5.04613e-02
 55 -0.00686 -6.60747e-02 | 56  0.01311  3.23430e-02 | 57  0.00803 -2.34853e-02
 58  0.00202 -7.10731e-03 | 59 -0.03548 -2.80518e-02 | 60 -0.02578 -6.50955e-02
 61  0.01190 -3.61192e-04 | 62 -0.03727 -8.69446e-02 | 63 -0.04804  8.94027e-03
 64 -0.02097  4.17409e-02 | 65 -0.02387  1.56889e-02 | 66 -0.03631  4.28320e-02
 67 -0.03407 -1.29866e-02 | 68  0.02542  3.17287e-02 | 69 -0.03470  3.46542e-02
 70 -0.08918  9.63821e-03 | 71 -0.08235  5.86269e-04 | 72 -0.04684 -3.24809e-03
 73 -0.01734  6.17564e-03 | 74 -0.01702 -1.70165e-02 | 75 -0.01697 -7.35334e-03
 76 -0.01701 -1.18678e-02 | 77 -0.34896  2.56838e+00 | 78 -0.28055  9.29837e-02
 79 -0.07006 -1.24256e-01 | 80  0.23113  2.21474e-01 | 81 -0.34037 -8.46591e-02
 82 -0.50987 -2.97893e-04 | 83 -0.11308  1.24074e-01 | 84  0.75313  4.73521e-05
 85 -0.08182  7.21282e+00 | 86 -0.41512  7.55299e-02 | 87  0.03136 -3.81091e-02
 88 -0.29943 -1.12928e-03 | 89  0.29107  1.53875e-03 | 90  0.02831  1.39763e-04
 91 -0.02992 -1.42669e-04 | 92 -0.52385 -3.38629e-03 |
92 variables; iteration 160; function evaluation 231; phase 3
Function value -5.8924379e+01; maximum gradient component mag 1.7232e+00
Var    Value     Gradient |Var    Value     Gradient |Var    Value     Gradient
  1  0.93168 -1.36885e-03 |  2  0.00042 -6.16419e-04 |  3  0.00049 -5.28259e-04
  4 -0.01540 -7.57516e-04 |  5 -0.01530 -3.02727e-04 |  6 -0.01519 -2.62730e-04
  7 -0.01507 -2.85514e-04 |  8 -0.01491  2.06517e-04 |  9 -0.01473  4.93801e-04
 10 -0.01453  3.80104e-04 | 11 -0.01430  1.15262e-03 | 12 -0.01404  1.60639e-04
 13 -0.01373  1.41478e-03 | 14 -0.01336  1.22668e-03 | 15 -0.01289 -9.39867e-06
 16 -0.01243 -2.02487e-04 | 17 -0.01154  5.58519e-04 | 18 -0.01023  9.54999e-04
 19 -0.00879  7.10696e-04 | 20 -0.00698 -2.84067e-04 | 21 -0.00465 -7.74159e-04
 22 -0.00160 -1.42566e-04 | 23  0.00218  1.18227e-03 | 24  0.00688  1.52055e-03
 25  0.01241  7.81415e-04 | 26  0.01873  2.01195e-03 | 27  0.02533  1.94539e-03
 28  0.03052  1.56234e-03 | 29  0.02784  4.03637e-03 | 30  0.00902  4.71903e-03
 31 -0.01873 -5.17651e-04 | 32 -0.03715 -1.35590e-03 | 33 -0.03783 -1.54993e-03
 34 -0.03034 -2.67619e-03 | 35 -0.02136 -1.72906e-03 | 36 -0.00525 -4.87859e-03
 37  0.02242  3.01942e-03 | 38  0.01973 -1.38520e-03 | 39 -0.02378 -6.04531e-04
 40 -0.02880  2.69535e-03 | 41 -0.03147  2.05951e-03 | 42 -0.03418  1.33398e-03
 43 -0.03492 -9.66204e-04 | 44 -0.03877  1.23958e-03 | 45 -0.05027  6.27446e-04
 46 -0.05723 -1.63519e-04 | 47 -0.03654  1.21622e-03 | 48  0.00219  1.20376e-03
 49  0.01103 -2.99546e-03 | 50 -0.02230 -4.57139e-04 | 51 -0.02027 -1.73810e-03
 52 -0.05778 -1.11290e-03 | 53 -0.02819 -1.59731e-03 | 54 -0.01650 -3.70437e-03
 55 -0.00674 -2.70753e-03 | 56  0.01293 -9.25944e-04 | 57  0.00815  3.32762e-03
 58  0.00201  6.66700e-05 | 59 -0.03542 -1.34339e-03 | 60 -0.02566 -1.54846e-03
 61  0.01179 -4.66440e-05 | 62 -0.03699 -3.38316e-03 | 63 -0.04809  3.14440e-05
 64 -0.02106  9.52268e-04 | 65 -0.02382 -1.32245e-03 | 66 -0.03639 -6.08428e-04
 67 -0.03400  3.23975e-04 | 68  0.02542  2.63020e-03 | 69 -0.03463  3.16843e-04
 70 -0.08916 -5.84826e-04 | 71 -0.08237  4.83481e-04 | 72 -0.04686 -8.56269e-04
 73 -0.01736  3.83993e-04 | 74 -0.01695 -9.71576e-04 | 75 -0.01693  1.51516e-03
 76 -0.01696 -1.00577e-04 | 77 -0.34953 -4.92684e-02 | 78 -0.27105 -1.53538e-03
 79 -0.07066 -1.30486e-03 | 80  0.23196  9.88972e-04 | 81 -0.34063  1.77116e-03
 82 -0.49984  3.93866e-04 | 83 -0.11364 -2.49827e-03 | 84  0.75289  9.91655e-04
 85 -0.08173  1.72317e+00 | 86 -0.52473  5.04207e-03 | 87  0.03136 -2.45083e-02
 88 -0.37819 -2.12202e-03 | 89 -0.00126 -6.06464e-06 | 90  0.00020  1.00332e-06
 91 -0.00059 -4.44094e-06 | 92 -0.04214 -2.08266e-04 |
92 variables; iteration 180; function evaluation 251; phase 3
Function value -5.8924520e+01; maximum gradient component mag -7.0197e-01
Var    Value     Gradient |Var    Value     Gradient |Var    Value     Gradient
  1  1.01549  2.88252e-04 |  2  0.00043  2.31557e-03 |  3  0.00050  1.74843e-03
  4 -0.01540  2.21056e-04 |  5 -0.01530  2.95055e-04 |  6 -0.01519 -1.31568e-04
  7 -0.01505  3.28657e-03 |  8 -0.01490  2.56477e-03 |  9 -0.01473  1.61800e-03
 10 -0.01453  6.73524e-04 | 11 -0.01430  2.27942e-04 | 12 -0.01405 -1.76195e-03
 13 -0.01374  9.11289e-05 | 14 -0.01336  4.43971e-04 | 15 -0.01289  1.14964e-05
 16 -0.01242 -5.72729e-05 | 17 -0.01155 -1.67353e-04 | 18 -0.01024 -1.01681e-03
 19 -0.00880 -1.47159e-03 | 20 -0.00698 -2.75510e-04 | 21 -0.00464  1.55309e-04
 22 -0.00160 -3.86590e-05 | 23  0.00217 -1.21706e-03 | 24  0.00687 -3.51921e-04
 25  0.01241  1.14493e-04 | 26  0.01872 -4.96635e-04 | 27  0.02532 -1.22506e-03
 28  0.03052 -4.75361e-04 | 29  0.02783 -1.28866e-03 | 30  0.00902  2.62542e-04
 31 -0.01872 -1.21190e-03 | 32 -0.03714  8.09928e-04 | 33 -0.03783 -9.06100e-04
 34 -0.03033  2.21889e-03 | 35 -0.02136  5.14465e-04 | 36 -0.00525  1.29044e-03
 37  0.02239 -1.91879e-03 | 38  0.01976 -3.49261e-03 | 39 -0.02377  2.01104e-03
 40 -0.02880 -4.55732e-04 | 41 -0.03148 -1.75687e-03 | 42 -0.03419 -7.27124e-04
 43 -0.03491  1.68739e-03 | 44 -0.03878 -2.07335e-03 | 45 -0.05028 -1.21397e-03
 46 -0.05723 -2.25789e-04 | 47 -0.03654 -2.84391e-04 | 48  0.00219 -1.58043e-03
 49  0.01103 -1.89911e-03 | 50 -0.02230 -9.29254e-04 | 51 -0.02027 -2.06727e-03
 52 -0.05777  8.06797e-04 | 53 -0.02818 -6.73658e-04 | 54 -0.01649  5.04720e-04
 55 -0.00674  1.95467e-03 | 56  0.01292 -4.84864e-05 | 57  0.00815  4.50485e-03
 58  0.00201  1.56445e-03 | 59 -0.03541  3.73572e-03 | 60 -0.02565  1.76197e-03
 61  0.01179  1.15461e-03 | 62 -0.03698  2.32528e-03 | 63 -0.04809 -6.24739e-04
 64 -0.02106 -1.44371e-03 | 65 -0.02383 -1.07756e-04 | 66 -0.03640 -3.32361e-04
 67 -0.03400  2.54274e-04 | 68  0.02543 -5.48970e-04 | 69 -0.03463  8.55286e-05
 70 -0.08916 -5.28491e-04 | 71 -0.08237 -8.02818e-04 | 72 -0.04686 -1.66066e-03
 73 -0.01736 -2.08618e-04 | 74 -0.01695 -4.61632e-04 | 75 -0.01693  8.65674e-04
 76 -0.01696 -8.86328e-07 | 77 -0.34949  9.92714e-02 | 78 -0.26945  5.35441e-03
 79 -0.07062 -4.52422e-03 | 80  0.23073  1.35217e-02 | 81 -0.34063  1.04110e-02
 82 -0.52006 -8.90059e-04 | 83 -0.11369 -1.68938e-02 | 84  0.75273 -2.21998e-04
 85 -0.08173 -7.01971e-01 | 86 -0.55768  6.37872e-04 | 87  0.03136  2.12775e-03
 88 -0.36463 -2.02595e-03 | 89  0.07103  3.48998e-04 | 90  0.00669  3.30308e-05
 91 -0.00421 -1.95470e-05 | 92  0.04248  2.09956e-04 |
92 variables; iteration 200; function evaluation 274; phase 3
Function value -5.8924678e+01; maximum gradient component mag 6.1828e-02
Var    Value     Gradient |Var    Value     Gradient |Var    Value     Gradient
  1  1.00221 -3.42126e-06 |  2  0.00042  2.63569e-04 |  3  0.00050  1.21104e-04
  4 -0.01540  1.45593e-04 |  5 -0.01530 -1.35209e-05 |  6 -0.01519  7.97837e-05
  7 -0.01506  2.26251e-04 |  8 -0.01491  1.25045e-04 |  9 -0.01474  1.06210e-04
 10 -0.01453  9.93833e-06 | 11 -0.01430 -7.70180e-05 | 12 -0.01404 -9.91258e-05
 13 -0.01374 -1.53912e-04 | 14 -0.01336 -1.74198e-04 | 15 -0.01289 -6.60315e-05
 16 -0.01242  1.75935e-05 | 17 -0.01155 -1.10908e-04 | 18 -0.01024 -2.20378e-04
 19 -0.00879 -1.90009e-04 | 20 -0.00698  8.47705e-06 | 21 -0.00464  1.04024e-04
 22 -0.00160  8.95261e-06 | 23  0.00218 -2.20371e-04 | 24  0.00687 -2.78407e-04
 25  0.01241 -1.14716e-04 | 26  0.01872 -2.71652e-04 | 27  0.02533 -2.39562e-04
 28  0.03052 -4.44128e-05 | 29  0.02783 -2.15631e-04 | 30  0.00901 -2.73411e-04
 31 -0.01872  1.85026e-04 | 32 -0.03715  3.46173e-05 | 33 -0.03783 -4.76427e-04
 34 -0.03034  2.95972e-04 | 35 -0.02136  5.64457e-04 | 36 -0.00526  5.36003e-04
 37  0.02239 -9.43474e-04 | 38  0.01979 -2.05864e-04 | 39 -0.02378  5.09606e-04
 40 -0.02880 -1.92136e-04 | 41 -0.03147 -2.46792e-04 | 42 -0.03418 -1.66842e-04
 43 -0.03491  3.19599e-04 | 44 -0.03877 -2.10155e-04 | 45 -0.05027 -5.19397e-05
 46 -0.05723 -1.93019e-04 | 47 -0.03654 -2.68185e-04 | 48  0.00219 -3.33753e-04
 49  0.01103  4.81387e-05 | 50 -0.02230 -4.91061e-05 | 51 -0.02026  4.56708e-04
 52 -0.05778 -6.00557e-05 | 53 -0.02818 -1.09431e-04 | 54 -0.01650  6.76116e-05
 55 -0.00674  3.16349e-04 | 56  0.01293  1.94294e-04 | 57  0.00814  4.24984e-04
 58  0.00202  7.72152e-04 | 59 -0.03542  2.31912e-04 | 60 -0.02565  6.70919e-05
 61  0.01179 -1.57140e-04 | 62 -0.03698  3.48271e-04 | 63 -0.04809 -4.08868e-04
 64 -0.02106 -6.09381e-04 | 65 -0.02382 -6.97519e-05 | 66 -0.03639 -1.18957e-04
 67 -0.03400 -1.92527e-04 | 68  0.02543 -1.82434e-04 | 69 -0.03464  3.71098e-04
 70 -0.08916  1.37725e-04 | 71 -0.08237 -1.81373e-04 | 72 -0.04685  4.18649e-05
 73 -0.01736 -3.39142e-05 | 74 -0.01695  2.49898e-04 | 75 -0.01694 -2.36099e-04
 76 -0.01696  1.19400e-04 | 77 -0.34945  6.18284e-02 | 78 -0.26958  1.71082e-03
 79 -0.07057 -2.14019e-03 | 80  0.23033  6.88559e-03 | 81 -0.34060 -7.33208e-04
 82 -0.50507  2.26346e-05 | 83 -0.11362  2.17806e-04 | 84  0.75277 -1.25077e-04
 85 -0.08173  4.03146e-02 | 86 -0.56736 -5.06617e-05 | 87  0.03136 -7.87979e-05
 88 -0.28646 -4.65302e-07 | 89  0.00198  9.73035e-06 | 90 -0.00024 -1.20639e-06
 91 -0.00107 -6.58090e-06 | 92  0.00115  5.66556e-06 |
92 variables; iteration 220; function evaluation 300; phase 3
Function value -5.8924699e+01; maximum gradient component mag 6.0614e-01
Var    Value     Gradient |Var    Value     Gradient |Var    Value     Gradient
  1  1.00211 -7.25952e-06 |  2  0.00042 -3.37993e-04 |  3  0.00050 -2.53084e-04
  4 -0.01540  5.75236e-05 |  5 -0.01530 -4.72031e-05 |  6 -0.01519  6.23827e-05
  7 -0.01507 -5.55421e-04 |  8 -0.01492 -4.55712e-04 |  9 -0.01474 -2.73092e-04
 10 -0.01453 -1.15736e-04 | 11 -0.01430 -8.19194e-05 | 12 -0.01404  3.27800e-04
 13 -0.01374 -1.03729e-05 | 14 -0.01336 -1.14093e-04 | 15 -0.01289  2.07325e-05
 16 -0.01242  4.99777e-05 | 17 -0.01155  4.00887e-05 | 18 -0.01024  1.65035e-04
 19 -0.00879  2.07252e-04 | 20 -0.00698  5.17863e-05 | 21 -0.00464 -2.29146e-05
 22 -0.00160  1.86956e-05 | 23  0.00218  1.46876e-04 | 24  0.00687  3.29070e-05
 25  0.01241 -4.45188e-05 | 26  0.01873 -5.69749e-07 | 27  0.02533  7.55521e-05
 28  0.03052 -5.12863e-05 | 29  0.02783 -7.66443e-07 | 30  0.00901 -2.01036e-04
 31 -0.01872  2.01349e-05 | 32 -0.03715 -1.48851e-04 | 33 -0.03783  3.07151e-04
 34 -0.03034  1.24496e-03 | 35 -0.02136  6.25226e-03 | 36 -0.00525  9.85149e-03
 37  0.02239 -9.74474e-03 | 38  0.01979 -5.99453e-03 | 39 -0.02378 -2.72265e-04
 40 -0.02880  1.38813e-04 | 41 -0.03147  3.10560e-04 | 42 -0.03418  1.84027e-04
 43 -0.03491 -2.59312e-05 | 44 -0.03877  5.85951e-04 | 45 -0.05027  4.23661e-04
 46 -0.05723 -4.16924e-04 | 47 -0.03654 -9.83405e-04 | 48  0.00219 -1.00475e-03
 49  0.01103  1.82261e-03 | 50 -0.02230  6.29243e-04 | 51 -0.02026  3.35317e-03
 52 -0.05778 -9.05190e-04 | 53 -0.02818 -1.25778e-03 | 54 -0.01650 -1.82173e-03
 55 -0.00674 -1.70745e-03 | 56  0.01294  5.65441e-04 | 57  0.00814  6.08551e-04
 58  0.00202  3.12780e-03 | 59 -0.03542  4.43231e-04 | 60 -0.02565 -2.50614e-03
 61  0.01179 -1.00512e-03 | 62 -0.03699 -7.19739e-04 | 63 -0.04809 -2.36252e-03
 64 -0.02106 -2.40947e-03 | 65 -0.02382 -5.20155e-04 | 66 -0.03639  1.25186e-03
 67 -0.03400 -1.03316e-03 | 68  0.02543  9.83294e-04 | 69 -0.03464  3.97466e-03
 70 -0.08916  7.64501e-04 | 71 -0.08237 -8.71004e-04 | 72 -0.04685 -3.01390e-04
 73 -0.01736 -3.74005e-05 | 74 -0.01695  1.03695e-04 | 75 -0.01694 -2.78759e-04
 76 -0.01696  1.74376e-05 | 77 -0.34944  6.06136e-01 | 78 -0.25440  4.44227e-02
 79 -0.07056 -1.92394e-02 | 80  0.22003  5.63801e-02 | 81 -0.34060 -1.08201e-03
 82 -0.50568 -1.91427e-05 | 83 -0.11361  1.67115e-03 | 84  0.75278 -4.81800e-06
 85 -0.08173  2.78500e-02 | 86 -0.56800 -1.01301e-04 | 87  0.03136  1.33864e-04
 88 -0.28647 -4.00387e-06 | 89  0.00140  9.35956e-06 | 90  0.02553  1.26051e-04
 91  0.05998  2.91951e-04 | 92 -0.00078 -3.87296e-06 |
92 variables; iteration 240; function evaluation 321; phase 3
Function value -5.8924735e+01; maximum gradient component mag 2.8478e-01
Var    Value     Gradient |Var    Value     Gradient |Var    Value     Gradient
  1  1.00196 -1.39675e-05 |  2  0.00042  6.50079e-04 |  3  0.00050  8.25908e-04
  4 -0.01540 -1.20527e-03 |  5 -0.01530  1.70119e-04 |  6 -0.01520 -9.32779e-04
  7 -0.01505  2.54606e-03 |  8 -0.01490  2.45528e-03 |  9 -0.01473  1.54641e-03
 10 -0.01453  9.94674e-04 | 11 -0.01429  1.56182e-03 | 12 -0.01405 -1.66113e-03
 13 -0.01373  1.48997e-03 | 14 -0.01335  2.05874e-03 | 15 -0.01289  3.17201e-04
 16 -0.01243 -5.32606e-04 | 17 -0.01154  6.03664e-04 | 18 -0.01024  3.55150e-04
 19 -0.00879 -1.38636e-04 | 20 -0.00698 -6.80121e-04 | 21 -0.00465 -1.08510e-03
 22 -0.00160 -3.78741e-04 | 23  0.00218  5.31276e-04 | 24  0.00688  1.86469e-03
 25  0.01242  9.57895e-04 | 26  0.01873  1.89569e-03 | 27  0.02533  9.43935e-04
 28  0.03052  4.14852e-04 | 29  0.02784  1.73659e-03 | 30  0.00903  3.71919e-03
 31 -0.01874 -2.92325e-03 | 32 -0.03715 -3.37682e-05 | 33 -0.03782  1.20871e-03
 34 -0.03034  8.91581e-04 | 35 -0.02136  2.37731e-03 | 36 -0.00525  6.30866e-03
 37  0.02239 -4.73837e-03 | 38  0.01976 -9.13218e-03 | 39 -0.02378 -1.78174e-03
 40 -0.02879  1.87349e-03 | 41 -0.03147  5.20096e-04 | 42 -0.03418  9.68052e-04
 43 -0.03491 -3.51782e-04 | 44 -0.03877  2.89843e-04 | 45 -0.05027 -1.90141e-04
 46 -0.05723  8.11835e-04 | 47 -0.03654  9.68040e-04 | 48  0.00219  4.41685e-04
 49  0.01103 -1.20640e-03 | 50 -0.02230 -1.62761e-05 | 51 -0.02027 -2.02895e-03
 52 -0.05778  1.29605e-04 | 53 -0.02818 -1.60032e-03 | 54 -0.01650 -3.21860e-03
 55 -0.00674 -3.01788e-03 | 56  0.01293 -1.80325e-03 | 57  0.00815  3.16449e-03
 58  0.00201 -4.72600e-04 | 59 -0.03542  1.61792e-03 | 60 -0.02566 -1.61095e-03
 61  0.01180  1.33373e-03 | 62 -0.03699 -1.54855e-03 | 63 -0.04809 -4.95168e-04
 64 -0.02106 -3.81855e-05 | 65 -0.02383 -1.12505e-03 | 66 -0.03639  1.08887e-03
 67 -0.03400  5.10603e-04 | 68  0.02543  2.57185e-03 | 69 -0.03464  1.66133e-03
 70 -0.08917 -1.23088e-03 | 71 -0.08237 -6.74256e-04 | 72 -0.04686 -2.65287e-03
 73 -0.01736  1.81051e-04 | 74 -0.01696 -2.64559e-03 | 75 -0.01692  3.63888e-03
 76 -0.01697 -7.39139e-04 | 77 -0.34947  2.84775e-01 | 78 -0.24191  2.83363e-02
 79 -0.07059 -1.02372e-02 | 80  0.20787  2.58133e-02 | 81 -0.34063  1.39457e-02
 82 -0.50480  4.13556e-05 | 83 -0.11368 -1.66290e-02 | 84  0.75278  8.68194e-04
 85 -0.08173  2.33561e-01 | 86 -0.56331  2.95588e-04 | 87  0.03136 -7.20863e-03
 88 -0.28649  1.12171e-05 | 89  0.00175  7.50820e-06 | 90 -0.01275 -6.29686e-05
 91 -0.03044 -1.50591e-04 | 92 -0.01195 -5.89661e-05 |
92 variables; iteration 260; function evaluation 343; phase 3
Function value -5.8924765e+01; maximum gradient component mag 3.3093e-01
Var    Value     Gradient |Var    Value     Gradient |Var    Value     Gradient
  1  1.00233  1.27251e-06 |  2  0.00042  2.49315e-05 |  3  0.00050 -3.80315e-06
  4 -0.01540  5.58523e-05 |  5 -0.01530 -6.14859e-06 |  6 -0.01519  3.82333e-05
  7 -0.01507 -3.12071e-05 |  8 -0.01492 -4.56453e-05 |  9 -0.01474 -2.40972e-05
 10 -0.01453 -2.16226e-05 | 11 -0.01430 -4.86844e-05 | 12 -0.01404  3.49967e-05
 13 -0.01374 -6.35917e-05 | 14 -0.01336 -7.41763e-05 | 15 -0.01289 -1.45072e-05
 16 -0.01242  2.40155e-05 | 17 -0.01155 -2.51487e-05 | 18 -0.01024 -3.75698e-05
 19 -0.00879 -2.71860e-05 | 20 -0.00698  1.35242e-05 | 21 -0.00464  4.03352e-05
 22 -0.00160 -5.43801e-07 | 23  0.00218 -5.64636e-05 | 24  0.00687 -9.12531e-05
 25  0.01241 -5.71669e-05 | 26  0.01872 -1.09041e-04 | 27  0.02533 -9.32319e-05
 28  0.03052 -6.38459e-05 | 29  0.02783 -1.39837e-04 | 30  0.00901 -1.93946e-04
 31 -0.01872  4.77254e-05 | 32 -0.03715 -2.75519e-05 | 33 -0.03783 -1.30627e-05
 34 -0.03034  6.89374e-04 | 35 -0.02136  2.82947e-03 | 36 -0.00525  4.38119e-03
 37  0.02239 -4.50334e-03 | 38  0.01979 -2.64605e-03 | 39 -0.02378  1.11463e-04
 40 -0.02880 -2.85139e-05 | 41 -0.03147 -3.72077e-06 | 42 -0.03418  1.49427e-05
 43 -0.03491  1.43911e-04 | 44 -0.03877  1.26145e-04 | 45 -0.05027  1.47621e-04
 46 -0.05723 -2.21727e-04 | 47 -0.03654 -4.62295e-04 | 48  0.00219 -5.38354e-04
 49  0.01103  7.60763e-04 | 50 -0.02230  2.70756e-04 | 51 -0.02026  1.53080e-03
 52 -0.05778 -3.24885e-04 | 53 -0.02818 -5.02170e-04 | 54 -0.01650 -6.68660e-04
 55 -0.00674 -6.00647e-04 | 56  0.01294  2.28972e-04 | 57  0.00814  3.41986e-04
 58  0.00202  1.53927e-03 | 59 -0.03542  3.43798e-04 | 60 -0.02565 -9.62951e-04
 61  0.01179 -4.19518e-04 | 62 -0.03699 -5.90100e-05 | 63 -0.04809 -1.09533e-03
 64 -0.02106 -1.21604e-03 | 65 -0.02382 -2.59605e-04 | 66 -0.03639  4.53837e-04
 67 -0.03400 -4.79334e-04 | 68  0.02543  3.38600e-04 | 69 -0.03464  1.78956e-03
 70 -0.08916  3.66660e-04 | 71 -0.08237 -4.15870e-04 | 72 -0.04685 -1.27623e-04
 73 -0.01736 -1.30724e-05 | 74 -0.01695  1.11322e-04 | 75 -0.01694 -1.29044e-04
 76 -0.01696  4.14475e-05 | 77 -0.34944  3.30926e-01 | 78 -0.23255  3.97707e-02
 79 -0.07057 -8.62302e-03 | 80  0.19448  2.61545e-02 | 81 -0.34060 -3.94828e-04
 82 -0.50539  8.25163e-07 | 83 -0.11362  4.55978e-04 | 84  0.75278 -2.77026e-05
 85 -0.08173 -3.90806e-03 | 86 -0.56698 -2.66277e-05 | 87  0.03136  2.13459e-04
 88 -0.28644 -1.73541e-06 | 89 -0.00032 -1.08209e-06 | 90  0.00851  4.20133e-05
 91  0.00907  4.28772e-05 | 92  0.00022  1.07034e-06 |
92 variables; iteration 280; function evaluation 368; phase 3
Function value -5.8924794e+01; maximum gradient component mag -2.4483e-02
Var    Value     Gradient |Var    Value     Gradient |Var    Value     Gradient
  1  1.00229 -3.12524e-07 |  2  0.00042 -1.81228e-06 |  3  0.00050  1.40331e-06
  4 -0.01540 -7.04691e-06 |  5 -0.01530  8.05600e-07 |  6 -0.01519 -4.83095e-06
  7 -0.01506  6.91609e-06 |  8 -0.01491  8.18072e-06 |  9 -0.01474  4.89302e-06
 10 -0.01453  3.68276e-06 | 11 -0.01430  7.10956e-06 | 12 -0.01404 -5.96834e-06
 13 -0.01374  8.82701e-06 | 14 -0.01336  9.96741e-06 | 15 -0.01289  1.32858e-06
 16 -0.01242 -2.84253e-06 | 17 -0.01155  3.67618e-06 | 18 -0.01024  3.90016e-06
 19 -0.00879  2.76566e-06 | 20 -0.00698 -1.60021e-06 | 21 -0.00464 -6.53355e-06
 22 -0.00160  8.26900e-07 | 23  0.00218  6.56099e-06 | 24  0.00687  1.03389e-05
 25  0.01241  6.62954e-06 | 26  0.01873  1.75468e-05 | 27  0.02533  8.86987e-06
 28  0.03052  4.84711e-06 | 29  0.02783  1.67884e-05 | 30  0.00901  3.00716e-05
 31 -0.01872 -1.48354e-05 | 32 -0.03715 -2.83514e-06 | 33 -0.03783  3.33020e-06
 34 -0.03034 -3.37325e-05 | 35 -0.02136 -1.21179e-04 | 36 -0.00525 -1.56058e-04
 37  0.02239  1.69482e-04 | 38  0.01979  7.19278e-05 | 39 -0.02378 -1.58516e-05
 40 -0.02880  5.50189e-06 | 41 -0.03147  1.42274e-06 | 42 -0.03418  3.34956e-06
 43 -0.03491 -9.96223e-06 | 44 -0.03877 -1.95152e-06 | 45 -0.05027 -1.48490e-06
 46 -0.05723  1.48678e-05 | 47 -0.03654  3.49597e-05 | 48  0.00219  1.47192e-05
 49  0.01103 -1.17844e-05 | 50 -0.02230 -3.06737e-05 | 51 -0.02026 -7.40270e-05
 52 -0.05778  4.77848e-06 | 53 -0.02818  1.80380e-05 | 54 -0.01650  1.22810e-05
 55 -0.00674  2.08857e-05 | 56  0.01293 -7.80232e-06 | 57  0.00814  2.57039e-05
 58  0.00202 -6.06019e-05 | 59 -0.03542 -7.36190e-06 | 60 -0.02565  2.87900e-05
 61  0.01179  3.49920e-06 | 62 -0.03699 -2.49341e-05 | 63 -0.04809  2.77478e-05
 64 -0.02106  3.94425e-05 | 65 -0.02382  1.49943e-06 | 66 -0.03639 -1.55695e-05
 67 -0.03400  2.52191e-05 | 68  0.02543  3.47558e-06 | 69 -0.03464 -7.34860e-05
 70 -0.08916 -1.78204e-05 | 71 -0.08237  2.35585e-05 | 72 -0.04685  4.29959e-06
 73 -0.01736 -2.56414e-07 | 74 -0.01695 -1.45508e-05 | 75 -0.01694  1.68579e-05
 76 -0.01696 -5.38937e-06 | 77 -0.34945 -2.44827e-02 | 78 -0.22306 -5.69042e-03
 79 -0.07057  3.22519e-04 | 80  0.17604 -1.06769e-03 | 81 -0.34060  8.33577e-05
 82 -0.50540 -2.19767e-07 | 83 -0.11362 -7.09213e-05 | 84  0.75278  7.00790e-06
 85 -0.08173  1.60697e-03 | 86 -0.56657  5.66786e-06 | 87  0.03136 -5.93523e-05
 88 -0.28643  5.99820e-07 | 89  0.00066  3.37885e-06 | 90 -0.00665 -3.28337e-05
 91  0.00077  2.34320e-06 | 92 -0.00004 -1.78696e-07 |
92 variables; iteration 300; function evaluation 395; phase 3
Function value -5.8924816e+01; maximum gradient component mag 7.3803e-01
Var    Value     Gradient |Var    Value     Gradient |Var    Value     Gradient
  1  1.00229 -3.50418e-07 |  2  0.00042 -1.05907e-06 |  3  0.00050  1.37141e-06
  4 -0.01540 -5.44215e-06 |  5 -0.01530  4.93035e-07 |  6 -0.01519 -3.93951e-06
  7 -0.01506  5.78637e-06 |  8 -0.01491  6.56230e-06 |  9 -0.01474  3.80318e-06
 10 -0.01453  2.53021e-06 | 11 -0.01430  4.93144e-06 | 12 -0.01404 -5.60063e-06
 13 -0.01374  6.03956e-06 | 14 -0.01336  6.76020e-06 | 15 -0.01289 -6.07654e-07
 16 -0.01242 -4.54324e-06 | 17 -0.01155 -1.48417e-07 | 18 -0.01024 -9.57359e-07
 19 -0.00879 -3.59701e-06 | 20 -0.00698 -8.73623e-06 | 21 -0.00464 -1.46535e-05
 22 -0.00160 -1.24982e-05 | 23  0.00218 -1.23102e-05 | 24  0.00687 -1.47869e-05
 25  0.01241 -2.60541e-05 | 26  0.01873 -2.90328e-05 | 27  0.02533 -5.08227e-05
 28  0.03052 -7.32365e-05 | 29  0.02783 -8.18669e-05 | 30  0.00901 -7.76690e-05
 31 -0.01872 -1.05388e-04 | 32 -0.03715 -6.87461e-05 | 33 -0.03783  1.15436e-04
 34 -0.03034  1.08695e-03 | 35 -0.02136  4.66822e-03 | 36 -0.00525  7.34874e-03
 37  0.02239 -7.38655e-03 | 38  0.01979 -4.75726e-03 | 39 -0.02378 -1.21547e-05
 40 -0.02880  8.04675e-05 | 41 -0.03147  8.35324e-05 | 42 -0.03418  9.87570e-05
 43 -0.03491  1.36887e-04 | 44 -0.03877  2.63453e-04 | 45 -0.05027  2.43955e-04
 46 -0.05723 -3.17192e-04 | 47 -0.03654 -6.63344e-04 | 48  0.00219 -8.15236e-04
 49  0.01103  1.19957e-03 | 50 -0.02230  4.20184e-04 | 51 -0.02026  2.35145e-03
 52 -0.05778 -5.83162e-04 | 53 -0.02818 -9.50651e-04 | 54 -0.01650 -1.33019e-03
 55 -0.00674 -1.16629e-03 | 56  0.01293  3.32335e-04 | 57  0.00814  8.27578e-04
 58  0.00202  2.44017e-03 | 59 -0.03542  5.84203e-04 | 60 -0.02565 -1.73026e-03
 61  0.01179 -6.90297e-04 | 62 -0.03699 -3.42957e-04 | 63 -0.04809 -1.81987e-03
 64 -0.02106 -1.92858e-03 | 65 -0.02382 -4.81928e-04 | 66 -0.03639  8.13831e-04
 67 -0.03400 -7.43892e-04 | 68  0.02543  7.58606e-04 | 69 -0.03464  2.96706e-03
 70 -0.08916  5.23197e-04 | 71 -0.08237 -6.92700e-04 | 72 -0.04685 -3.37558e-04
 73 -0.01736 -5.19139e-06 | 74 -0.01695 -1.13688e-05 | 75 -0.01694  1.33162e-05
 76 -0.01696 -4.01564e-06 | 77 -0.34945  7.38028e-01 | 78 -0.21615  1.34229e-01
 79 -0.07057 -1.45224e-02 | 80  0.15751  4.40841e-02 | 81 -0.34060  6.48994e-05
 82 -0.50540  1.03778e-07 | 83 -0.11362 -5.87091e-05 | 84  0.75278  5.11298e-06
 85 -0.08173  2.14234e-03 | 86 -0.56656  6.44514e-06 | 87  0.03136 -5.22733e-05
 88 -0.28643  9.80906e-07 | 89  0.00126  6.37029e-06 | 90 -0.01101 -5.43508e-05
 91  0.00302  1.33828e-05 | 92 -0.00000 -1.17211e-08 |
92 variables; iteration 320; function evaluation 422; phase 3
Function value -5.8924832e+01; maximum gradient component mag 5.8989e-01
Var    Value     Gradient |Var    Value     Gradient |Var    Value     Gradient
  1  1.00231  5.56653e-07 |  2  0.00042  1.34741e-06 |  3  0.00050  1.91673e-06
  4 -0.01540 -2.66883e-06 |  5 -0.01530  4.36495e-07 |  6 -0.01519 -1.97904e-06
  7 -0.01506  5.02794e-06 |  8 -0.01491  4.96262e-06 |  9 -0.01474  2.62638e-06
 10 -0.01453  1.44082e-06 | 11 -0.01430  1.66673e-06 | 12 -0.01404 -3.96431e-06
 13 -0.01374  2.37869e-06 | 14 -0.01336  2.69225e-06 | 15 -0.01289 -4.87057e-07
 16 -0.01242 -2.82802e-06 | 17 -0.01155 -1.37974e-06 | 18 -0.01024 -2.01306e-06
 19 -0.00879 -4.61322e-06 | 20 -0.00698 -6.28005e-06 | 21 -0.00464 -8.40027e-06
 22 -0.00160 -9.62541e-06 | 23  0.00218 -1.13947e-05 | 24  0.00687 -1.32995e-05
 25  0.01241 -1.96009e-05 | 26  0.01873 -2.62707e-05 | 27  0.02533 -3.89005e-05
 28  0.03052 -5.26565e-05 | 29  0.02783 -6.38711e-05 | 30  0.00901 -6.54684e-05
 31 -0.01872 -7.12129e-05 | 32 -0.03715 -4.38309e-05 | 33 -0.03783  8.19115e-05
 34 -0.03034  7.63611e-04 | 35 -0.02136  3.25312e-03 | 36 -0.00525  5.10699e-03
 37  0.02239 -5.13405e-03 | 38  0.01979 -3.29838e-03 | 39 -0.02378 -4.00819e-06
 40 -0.02880  5.27090e-05 | 41 -0.03147  5.54996e-05 | 42 -0.03418  6.61468e-05
 43 -0.03491  9.84574e-05 | 44 -0.03877  1.80489e-04 | 45 -0.05027  1.66168e-04
 46 -0.05723 -2.22265e-04 | 47 -0.03654 -4.67457e-04 | 48  0.00219 -5.63151e-04
 49  0.01103  8.23567e-04 | 50 -0.02230  3.03600e-04 | 51 -0.02026  1.63841e-03
 52 -0.05778 -3.99886e-04 | 53 -0.02818 -6.60685e-04 | 54 -0.01650 -9.20362e-04
 55 -0.00674 -8.10546e-04 | 56  0.01293  2.28349e-04 | 57  0.00814  5.57993e-04
 58  0.00202  1.69610e-03 | 59 -0.03542  4.04971e-04 | 60 -0.02565 -1.19866e-03
 61  0.01179 -4.71537e-04 | 62 -0.03699 -2.22778e-04 | 63 -0.04809 -1.25696e-03
 64 -0.02106 -1.33665e-03 | 65 -0.02382 -3.31609e-04 | 66 -0.03639  5.64652e-04
 67 -0.03400 -5.19713e-04 | 68  0.02543  5.19377e-04 | 69 -0.03464  2.06414e-03
 70 -0.08916  3.63547e-04 | 71 -0.08237 -4.86498e-04 | 72 -0.04685 -2.37208e-04
 73 -0.01736 -2.62143e-06 | 74 -0.01695 -4.97559e-06 | 75 -0.01694  6.36256e-06
 76 -0.01696 -1.98535e-06 | 77 -0.34945  5.89890e-01 | 78 -0.21104  1.20906e-01
 79 -0.07057 -1.00901e-02 | 80  0.13934  3.07840e-02 | 81 -0.34060  2.20237e-05
 82 -0.50543 -1.85448e-06 | 83 -0.11362 -2.99370e-05 | 84  0.75278  1.52230e-06
 85 -0.08173 -4.14718e-03 | 86 -0.56673 -7.50090e-06 | 87  0.03136  6.99069e-06
 88 -0.28645 -2.98209e-06 | 89 -0.00465 -2.32563e-05 | 90  0.03477  1.71745e-04
 91 -0.01629 -8.13756e-05 | 92 -0.00024 -1.20136e-06 |
92 variables; iteration 340; function evaluation 447; phase 3
Function value -5.8924849e+01; maximum gradient component mag 8.7054e-02
Var    Value     Gradient |Var    Value     Gradient |Var    Value     Gradient
  1  1.00229 -2.81593e-07 |  2  0.00042 -7.35929e-07 |  3  0.00050 -1.25579e-06
  4 -0.01540  1.89627e-06 |  5 -0.01530 -3.87573e-07 |  6 -0.01519  1.32698e-06
  7 -0.01506 -3.41836e-06 |  8 -0.01491 -3.51774e-06 |  9 -0.01474 -2.05409e-06
 10 -0.01453 -1.38096e-06 | 11 -0.01430 -1.86530e-06 | 12 -0.01404  2.16441e-06
 13 -0.01374 -2.63270e-06 | 14 -0.01336 -2.91379e-06 | 15 -0.01289 -6.74533e-07
 16 -0.01242  5.61635e-07 | 17 -0.01155 -1.09488e-06 | 18 -0.01024 -1.06112e-06
 19 -0.00879 -3.48911e-07 | 20 -0.00698  6.81766e-08 | 21 -0.00464  6.29101e-07
 22 -0.00160 -1.04587e-06 | 23  0.00218 -2.47931e-06 | 24  0.00687 -4.59659e-06
 25  0.01241 -4.66074e-06 | 26  0.01873 -7.45830e-06 | 27  0.02533 -6.65798e-06
 28  0.03052 -7.90572e-06 | 29  0.02783 -1.13484e-05 | 30  0.00901 -1.52022e-05
 31 -0.01872 -3.91299e-06 | 32 -0.03715 -7.02480e-06 | 33 -0.03783  8.21180e-06
 34 -0.03034  1.08968e-04 | 35 -0.02136  4.71672e-04 | 36 -0.00525  7.34659e-04
 37  0.02239 -7.43600e-04 | 38  0.01979 -4.65388e-04 | 39 -0.02378  3.00157e-06
 40 -0.02880  5.99250e-06 | 41 -0.03147  8.40248e-06 | 42 -0.03418  8.57314e-06
 43 -0.03491  1.51324e-05 | 44 -0.03877  2.61315e-05 | 45 -0.05027  2.45945e-05
 46 -0.05723 -3.43760e-05 | 47 -0.03654 -7.27351e-05 | 48  0.00219 -8.21507e-05
 49  0.01103  1.19069e-04 | 50 -0.02230  4.59927e-05 | 51 -0.02026  2.43706e-04
 52 -0.05778 -5.76644e-05 | 53 -0.02818 -9.39080e-05 | 54 -0.01650 -1.27906e-04
 55 -0.00674 -1.14558e-04 | 56  0.01294  3.58349e-05 | 57  0.00814  7.14720e-05
 58  0.00202  2.47488e-04 | 59 -0.03542  5.62997e-05 | 60 -0.02565 -1.71625e-04
 61  0.01179 -6.82302e-05 | 62 -0.03699 -2.79259e-05 | 63 -0.04809 -1.80397e-04
 64 -0.02106 -1.93193e-04 | 65 -0.02382 -4.56791e-05 | 66 -0.03639  8.09880e-05
 67 -0.03400 -7.73878e-05 | 68  0.02543  7.02514e-05 | 69 -0.03464  2.99569e-04
 70 -0.08916  5.51828e-05 | 71 -0.08237 -7.06807e-05 | 72 -0.04685 -3.10898e-05
 73 -0.01736 -7.58290e-07 | 74 -0.01695  3.90332e-06 | 75 -0.01694 -4.66000e-06
 76 -0.01696  1.55546e-06 | 77 -0.34945  8.70539e-02 | 78 -0.20755  1.80843e-02
 79 -0.07057 -1.45611e-03 | 80  0.12365  4.45884e-03 | 81 -0.34060 -2.23776e-05
 82 -0.50538  1.05304e-06 | 83 -0.11362  2.30139e-05 | 84  0.75278 -1.88074e-06
 85 -0.08173  2.16491e-03 | 86 -0.56659  3.73947e-06 | 87  0.03136  2.46120e-06
 88 -0.28642  1.59013e-06 | 89  0.00247  1.25507e-05 | 90 -0.01869 -9.22796e-05
 91  0.00941  4.46694e-05 | 92  0.00014  6.75567e-07 |
92 variables; iteration 360; function evaluation 467; phase 3
Function value -5.8924861e+01; maximum gradient component mag 8.2227e-01
Var    Value     Gradient |Var    Value     Gradient |Var    Value     Gradient
  1  1.00228 -5.15808e-07 |  2  0.00042 -9.96771e-06 |  3  0.00050 -3.63016e-06
  4 -0.01540 -8.79210e-06 |  5 -0.01530 -1.02668e-06 |  6 -0.01519 -5.19412e-06
  7 -0.01506 -3.79434e-07 |  8 -0.01491  3.49220e-06 |  9 -0.01474  3.48950e-06
 10 -0.01453  1.52038e-06 | 11 -0.01430  7.54501e-06 | 12 -0.01404 -9.73960e-06
 13 -0.01374  1.26265e-05 | 14 -0.01336  2.55694e-06 | 15 -0.01289 -7.39196e-06
 16 -0.01242 -1.01778e-05 | 17 -0.01155 -1.86544e-06 | 18 -0.01024 -4.08598e-06
 19 -0.00879  4.63467e-06 | 20 -0.00698 -2.01397e-06 | 21 -0.00464 -2.31903e-05
 22 -0.00160  2.99503e-06 | 23  0.00218  1.70099e-06 | 24  0.00687 -1.43747e-05
 25  0.01241 -1.63365e-05 | 26  0.01873  1.20922e-05 | 27  0.02533 -3.25357e-05
 28  0.03052 -5.21079e-05 | 29  0.02783 -3.60543e-05 | 30  0.00901 -8.53590e-06
 31 -0.01872 -1.05942e-04 | 32 -0.03715 -6.45892e-05 | 33 -0.03783  7.23552e-05
 34 -0.03034  7.92339e-04 | 35 -0.02136  3.46055e-03 | 36 -0.00525  5.56648e-03
 37  0.02239 -5.56007e-03 | 38  0.01979 -3.64719e-03 | 39 -0.02378 -3.62311e-05
 40 -0.02880  4.73254e-05 | 41 -0.03147  4.72534e-05 | 42 -0.03418  6.96959e-05
 43 -0.03491  9.09862e-05 | 44 -0.03877  2.02089e-04 | 45 -0.05027  2.01585e-04
 46 -0.05723 -2.30442e-04 | 47 -0.03654 -4.40460e-04 | 48  0.00219 -6.79769e-04
 49  0.01103  1.03543e-03 | 50 -0.02230  1.90484e-04 | 51 -0.02026  1.74243e-03
 52 -0.05778 -5.10397e-04 | 53 -0.02818 -7.35829e-04 | 54 -0.01650 -1.04699e-03
 55 -0.00674 -8.27510e-04 | 56  0.01293  3.18307e-04 | 57  0.00814  8.60031e-04
 58  0.00202  1.89781e-03 | 59 -0.03542  4.57958e-04 | 60 -0.02565 -1.34380e-03
 61  0.01179 -6.42789e-04 | 62 -0.03699 -3.98776e-04 | 63 -0.04809 -1.48615e-03
 64 -0.02106 -1.53659e-03 | 65 -0.02382 -3.92602e-04 | 66 -0.03639  6.12068e-04
 67 -0.03400 -5.44061e-04 | 68  0.02543  6.33748e-04 | 69 -0.03464  2.22473e-03
 70 -0.08916  4.04076e-04 | 71 -0.08237 -4.86709e-04 | 72 -0.04685 -2.19742e-04
 73 -0.01736 -1.63587e-05 | 74 -0.01695 -2.02780e-05 | 75 -0.01694  1.23117e-05
 76 -0.01696 -1.03129e-05 | 77 -0.34945  8.22267e-01 | 78 -0.20490  1.96157e-01
 79 -0.07057 -1.10770e-02 | 80  0.10922  3.35781e-02 | 81 -0.34060  1.85111e-04
 82 -0.50540 -1.24523e-07 | 83 -0.11362 -8.23503e-05 | 84  0.75278  1.87711e-05
 85 -0.08173  1.00925e-03 | 86 -0.56656  6.29571e-06 | 87  0.03136 -1.46483e-04
 88 -0.28643  8.86509e-07 | 89  0.00114  5.79387e-06 | 90 -0.01025 -5.05752e-05
 91  0.00249  1.08061e-05 | 92 -0.00001 -7.20533e-08 |
92 variables; iteration 380; function evaluation 492; phase 3
Function value -5.8924872e+01; maximum gradient component mag 9.1398e-01
Var    Value     Gradient |Var    Value     Gradient |Var    Value     Gradient
  1  1.00230  2.75484e-07 |  2  0.00042 -8.18260e-08 |  3  0.00050 -4.49400e-06
  4 -0.01540  1.11167e-05 |  5 -0.01530 -1.84162e-06 |  6 -0.01519  7.80524e-06
  7 -0.01506 -1.51408e-05 |  8 -0.01492 -1.64263e-05 |  9 -0.01474 -9.89162e-06
 10 -0.01453 -7.17867e-06 | 11 -0.01430 -1.20429e-05 | 12 -0.01404  1.02142e-05
 13 -0.01374 -1.50463e-05 | 14 -0.01336 -1.83326e-05 | 15 -0.01289 -4.28172e-06
 16 -0.01242  2.47875e-06 | 17 -0.01155 -8.23560e-06 | 18 -0.01024 -8.82944e-06
 19 -0.00879 -6.30062e-06 | 20 -0.00698 -1.53159e-06 | 21 -0.00464  2.85981e-06
 22 -0.00160 -8.77611e-06 | 23  0.00218 -2.04741e-05 | 24  0.00687 -3.31259e-05
 25  0.01241 -3.23679e-05 | 26  0.01873 -5.44235e-05 | 27  0.02533 -5.29454e-05
 28  0.03052 -6.04128e-05 | 29  0.02783 -8.97922e-05 | 30  0.00901 -1.14879e-04
 31 -0.01872 -4.15952e-05 | 32 -0.03715 -4.26783e-05 | 33 -0.03783  7.15413e-05
 34 -0.03034  8.17309e-04 | 35 -0.02136  3.46920e-03 | 36 -0.00525  5.40244e-03
 37  0.02239 -5.45387e-03 | 38  0.01979 -3.43335e-03 | 39 -0.02378  2.05447e-05
 40 -0.02880  4.12280e-05 | 41 -0.03147  5.35540e-05 | 42 -0.03418  6.01089e-05
 43 -0.03491  1.13289e-04 | 44 -0.03877  1.87390e-04 | 45 -0.05027  1.73903e-04
 46 -0.05723 -2.49405e-04 | 47 -0.03654 -5.27414e-04 | 48  0.00219 -6.01470e-04
 49  0.01103  8.69035e-04 | 50 -0.02230  3.40603e-04 | 51 -0.02026  1.77606e-03
 52 -0.05778 -4.20728e-04 | 53 -0.02818 -6.94558e-04 | 54 -0.01649 -9.46046e-04
 55 -0.00674 -8.42145e-04 | 56  0.01294  2.55569e-04 | 57  0.00814  5.33493e-04
 58  0.00202  1.81614e-03 | 59 -0.03542  4.18201e-04 | 60 -0.02565 -1.25788e-03
 61  0.01179 -4.95464e-04 | 62 -0.03699 -1.98084e-04 | 63 -0.04809 -1.32435e-03
 64 -0.02106 -1.42021e-03 | 65 -0.02382 -3.36050e-04 | 66 -0.03639  5.95473e-04
 67 -0.03400 -5.65006e-04 | 68  0.02542  5.20068e-04 | 69 -0.03464  2.19997e-03
 70 -0.08916  4.00563e-04 | 71 -0.08237 -5.23007e-04 | 72 -0.04685 -2.36470e-04
 73 -0.01736 -4.65415e-06 | 74 -0.01695  2.33508e-05 | 75 -0.01694 -2.84697e-05
 76 -0.01696  8.31116e-06 | 77 -0.34945  9.13985e-01 | 78 -0.20244  2.31498e-01
 79 -0.07057 -1.07023e-02 | 80  0.09315  3.26404e-02 | 81 -0.34060 -1.29670e-04
 82 -0.50538  9.05711e-07 | 83 -0.11362  1.23624e-04 | 84  0.75278 -9.78938e-06
 85 -0.08173 -1.57116e-03 | 86 -0.56672 -6.76652e-06 | 87  0.03136  8.57531e-05
 88 -0.28643 -3.50428e-08 | 89  0.00029  1.73473e-06 | 90 -0.00003 -1.53795e-07
 91  0.00464  2.12742e-05 | 92  0.00013  6.62601e-07 |
92 variables; iteration 400; function evaluation 517; phase 3
Function value -5.8924882e+01; maximum gradient component mag 1.0164e+00
Var    Value     Gradient |Var    Value     Gradient |Var    Value     Gradient
  1  1.00230  1.32220e-07 |  2  0.00042 -5.78564e-07 |  3  0.00050 -2.65950e-06
  4 -0.01540  5.48074e-06 |  5 -0.01530 -1.06928e-06 |  6 -0.01519  3.87329e-06
  7 -0.01506 -8.17261e-06 |  8 -0.01492 -8.73284e-06 |  9 -0.01474 -5.29705e-06
 10 -0.01453 -3.88460e-06 | 11 -0.01430 -6.25658e-06 | 12 -0.01404  4.85161e-06
 13 -0.01374 -7.89804e-06 | 14 -0.01336 -9.95831e-06 | 15 -0.01289 -2.98197e-06
 16 -0.01242  2.88354e-07 | 17 -0.01155 -5.27896e-06 | 18 -0.01024 -5.83866e-06
 19 -0.00879 -4.73084e-06 | 20 -0.00698 -3.01288e-06 | 21 -0.00464 -2.06445e-06
 22 -0.00160 -8.33683e-06 | 23  0.00218 -1.56536e-05 | 24  0.00687 -2.46343e-05
 25  0.01241 -2.66413e-05 | 26  0.01873 -4.06664e-05 | 27  0.02533 -4.57126e-05
 28  0.03052 -5.58510e-05 | 29  0.02783 -7.60913e-05 | 30  0.00901 -9.05383e-05
 31 -0.01872 -5.27763e-05 | 32 -0.03715 -4.37821e-05 | 33 -0.03783  7.30632e-05
 34 -0.03034  7.79224e-04 | 35 -0.02136  3.32084e-03 | 36 -0.00525  5.19400e-03
 37  0.02239 -5.23480e-03 | 38  0.01978 -3.32233e-03 | 39 -0.02378  9.01158e-06
 40 -0.02880  4.48527e-05 | 41 -0.03147  5.35521e-05 | 42 -0.03418  6.16998e-05
 43 -0.03491  1.04615e-04 | 44 -0.03877  1.82258e-04 | 45 -0.05027  1.69367e-04
 46 -0.05723 -2.33927e-04 | 47 -0.03654 -4.92413e-04 | 48  0.00219 -5.78723e-04
 49  0.01103  8.42791e-04 | 50 -0.02230  3.14308e-04 | 51 -0.02026  1.69047e-03
 52 -0.05778 -4.08383e-04 | 53 -0.02818 -6.69187e-04 | 54 -0.01649 -9.20922e-04
 55 -0.00674 -8.13288e-04 | 56  0.01294  2.43470e-04 | 57  0.00814  5.42015e-04
 58  0.00202  1.73895e-03 | 59 -0.03542  4.05960e-04 | 60 -0.02565 -1.21473e-03
 61  0.01179 -4.82547e-04 | 62 -0.03698 -2.10988e-04 | 63 -0.04809 -1.27942e-03
 64 -0.02106 -1.36560e-03 | 65 -0.02382 -3.29499e-04 | 66 -0.03639  5.73248e-04
 67 -0.03400 -5.36684e-04 | 68  0.02542  5.13250e-04 | 69 -0.03464  2.10764e-03
 70 -0.08916  3.79638e-04 | 71 -0.08237 -4.97493e-04 | 72 -0.04685 -2.30531e-04
 73 -0.01736 -4.42807e-06 | 74 -0.01695  1.16375e-05 | 75 -0.01694 -1.45073e-05
 76 -0.01696  4.06709e-06 | 77 -0.34945  1.01641e+00 | 78 -0.20015  2.72346e-01
 79 -0.07057 -1.02781e-02 | 80  0.07478  3.10831e-02 | 81 -0.34060 -6.34334e-05
 82 -0.50539  4.50070e-07 | 83 -0.11362  6.28378e-05 | 84  0.75278 -4.60409e-06
 85 -0.08173 -9.13521e-04 | 86 -0.56668 -3.53108e-06 | 87  0.03136  4.19618e-05
 88 -0.28643 -3.35486e-08 | 89  0.00011  7.38235e-07 | 90  0.00021  1.05532e-06
 91  0.00242  1.03985e-05 | 92  0.00007  3.34017e-07 |
92 variables; iteration 420; function evaluation 545; phase 3
Function value -5.8924890e+01; maximum gradient component mag 8.2028e-01
Var    Value     Gradient |Var    Value     Gradient |Var    Value     Gradient
  1  1.00229 -3.52289e-08 |  2  0.00042 -9.24240e-07 |  3  0.00050 -2.95069e-07
  4 -0.01540 -1.12465e-06 |  5 -0.01530 -2.06629e-07 |  6 -0.01519 -7.15179e-07
  7 -0.01506  4.30611e-07 |  8 -0.01491  7.41530e-07 |  9 -0.01474  5.61461e-07
 10 -0.01453  3.32979e-08 | 11 -0.01430  6.23439e-07 | 12 -0.01404 -2.02975e-06
 13 -0.01374  9.67057e-07 | 14 -0.01336 -4.89012e-07 | 15 -0.01289 -1.87412e-06
 16 -0.01242 -2.39398e-06 | 17 -0.01155 -1.76723e-06 | 18 -0.01024 -2.59018e-06
 19 -0.00879 -1.94552e-06 | 20 -0.00698 -3.13236e-06 | 21 -0.00464 -6.71066e-06
 22 -0.00160 -4.64731e-06 | 23  0.00218 -6.92145e-06 | 24  0.00687 -1.16230e-05
 25  0.01241 -1.46483e-05 | 26  0.01873 -1.55126e-05 | 27  0.02533 -2.74560e-05
 28  0.03052 -3.72505e-05 | 29  0.02783 -4.25340e-05 | 30  0.00901 -4.15927e-05
 31 -0.01872 -5.07353e-05 | 32 -0.03715 -3.43512e-05 | 33 -0.03783  5.31904e-05
 34 -0.03034  5.41260e-04 | 35 -0.02136  2.32244e-03 | 36 -0.00525  3.66185e-03
 37  0.02239 -3.68020e-03 | 38  0.01978 -2.36650e-03 | 39 -0.02378 -4.39975e-06
 40 -0.02880  3.50613e-05 | 41 -0.03147  3.76987e-05 | 42 -0.03418  4.63036e-05
 43 -0.03491  6.91879e-05 | 44 -0.03877  1.30016e-04 | 45 -0.05027  1.22623e-04
 46 -0.05723 -1.59381e-04 | 47 -0.03654 -3.28598e-04 | 48  0.00219 -4.14810e-04
 49  0.01103  6.11692e-04 | 50 -0.02230  1.97934e-04 | 51 -0.02026  1.17387e-03
 52 -0.05778 -2.97901e-04 | 53 -0.02818 -4.75108e-04 | 54 -0.01649 -6.63022e-04
 55 -0.00674 -5.71045e-04 | 56  0.01293  1.75926e-04 | 57  0.00814  4.31799e-04
 58  0.00202  1.22627e-03 | 59 -0.03542  2.91908e-04 | 60 -0.02565 -8.63994e-04
 61  0.01179 -3.57482e-04 | 62 -0.03698 -1.79622e-04 | 63 -0.04809 -9.18673e-04
 64 -0.02106 -9.71520e-04 | 65 -0.02382 -2.41039e-04 | 66 -0.03639  4.04067e-04
 67 -0.03400 -3.71062e-04 | 68  0.02542  3.79366e-04 | 69 -0.03464  1.47827e-03
 70 -0.08916  2.63980e-04 | 71 -0.08237 -3.42733e-04 | 72 -0.04685 -1.62067e-04
 73 -0.01736 -4.18121e-06 | 74 -0.01695 -2.37220e-06 | 75 -0.01694  1.47692e-06
 76 -0.01696 -1.23016e-06 | 77 -0.34945  8.20279e-01 | 78 -0.19832  2.29616e-01
 79 -0.07058 -7.25007e-03 | 80  0.05696  2.16374e-02 | 81 -0.34061  2.27717e-05
 82 -0.50540 -5.14476e-08 | 83 -0.11362 -1.06686e-05 | 84  0.75278  2.25396e-06
 85 -0.08173 -7.21550e-05 | 86 -0.56663  4.58855e-07 | 87  0.03136 -1.81997e-05
 88 -0.28643 -1.24940e-09 | 89 -0.00005 -1.19894e-07 | 90  0.00001  3.09667e-08
 91 -0.00001 -1.47966e-06 | 92 -0.00001 -4.26149e-08 |
92 variables; iteration 440; function evaluation 571; phase 3
Function value -5.8924896e+01; maximum gradient component mag 1.0295e+00
Var    Value     Gradient |Var    Value     Gradient |Var    Value     Gradient
  1  1.00229 -1.11738e-07 |  2  0.00042 -1.06183e-06 |  3  0.00050  7.93717e-07
  4 -0.01540 -4.07929e-06 |  5 -0.01530  2.47421e-07 |  6 -0.01519 -2.81538e-06
  7 -0.01506  4.13185e-06 |  8 -0.01491  4.82235e-06 |  9 -0.01474  2.95887e-06
 10 -0.01453  1.75314e-06 | 11 -0.01430  3.61449e-06 | 12 -0.01404 -4.80037e-06
 13 -0.01374  4.70972e-06 | 14 -0.01336  4.00625e-06 | 15 -0.01289 -1.17696e-06
 16 -0.01242 -3.63331e-06 | 17 -0.01155 -3.31859e-07 | 18 -0.01024 -1.17509e-06
 19 -0.00879 -1.48478e-06 | 20 -0.00698 -4.47541e-06 | 21 -0.00464 -9.81783e-06
 22 -0.00160 -5.40223e-06 | 23  0.00218 -5.53960e-06 | 24  0.00687 -8.29541e-06
 25  0.01241 -1.35964e-05 | 26  0.01873 -1.13317e-05 | 27  0.02533 -2.72120e-05
 28  0.03052 -3.97374e-05 | 29  0.02783 -4.15869e-05 | 30  0.00901 -3.56082e-05
 31 -0.01872 -6.21585e-05 | 32 -0.03715 -3.89467e-05 | 33 -0.03783  6.15906e-05
 34 -0.03034  5.91766e-04 | 35 -0.02136  2.54571e-03 | 36 -0.00525  4.02298e-03
 37  0.02239 -4.03850e-03 | 38  0.01978 -2.61137e-03 | 39 -0.02378 -1.01244e-05
 40 -0.02880  4.23981e-05 | 41 -0.03147  4.32236e-05 | 42 -0.03418  5.33704e-05
 43 -0.03491  7.36269e-05 | 44 -0.03877  1.44077e-04 | 45 -0.05027  1.35272e-04
 46 -0.05723 -1.72151e-04 | 47 -0.03654 -3.54691e-04 | 48  0.00219 -4.53942e-04
 49  0.01103  6.71839e-04 | 50 -0.02230  2.13983e-04 | 51 -0.02026  1.28116e-03
 52 -0.05778 -3.27560e-04 | 53 -0.02818 -5.22861e-04 | 54 -0.01649 -7.33729e-04
 55 -0.00674 -6.31472e-04 | 56  0.01293  1.89865e-04 | 57  0.00814  4.84254e-04
 58  0.00202  1.34169e-03 | 59 -0.03542  3.22412e-04 | 60 -0.02565 -9.51429e-04
 61  0.01179 -3.92845e-04 | 62 -0.03698 -2.05113e-04 | 63 -0.04809 -1.00966e-03
 64 -0.02106 -1.06520e-03 | 65 -0.02382 -2.67609e-04 | 66 -0.03639  4.44770e-04
 67 -0.03400 -4.04433e-04 | 68  0.02542  4.23183e-04 | 69 -0.03464  1.62111e-03
 70 -0.08916  2.86843e-04 | 71 -0.08237 -3.74700e-04 | 72 -0.04685 -1.81055e-04
 73 -0.01736 -4.24557e-06 | 74 -0.01695 -8.58761e-06 | 75 -0.01694  8.95246e-06
 76 -0.01696 -3.45901e-06 | 77 -0.34946  1.02946e+00 | 78 -0.19684  2.99061e-01
 79 -0.07058 -7.95907e-03 | 80  0.03941  2.33484e-02 | 81 -0.34061  5.69747e-05
 82 -0.50540 -2.93727e-07 | 83 -0.11362 -4.29920e-05 | 84  0.75278  4.82547e-06
 85 -0.08173  3.71211e-04 | 86 -0.56661  2.24949e-06 | 87  0.03136 -4.06650e-05
 88 -0.28643  1.54680e-08 | 89 -0.00012 -5.24320e-07 | 90 -0.00006 -3.03221e-07
 91 -0.00111 -6.88096e-06 | 92 -0.00004 -2.15504e-07 |
92 variables; iteration 460; function evaluation 594; phase 3
Function value -5.8924899e+01; maximum gradient component mag 2.1996e-01
Var    Value     Gradient |Var    Value     Gradient |Var    Value     Gradient
  1  1.00229 -2.66455e-07 |  2  0.00042 -1.53651e-06 |  3  0.00050  2.95174e-06
  4 -0.01540 -1.02446e-05 |  5 -0.01530  1.21216e-06 |  6 -0.01519 -7.10080e-06
  7 -0.01506  1.17092e-05 |  8 -0.01491  1.33208e-05 |  9 -0.01474  8.09112e-06
 10 -0.01453  5.53778e-06 | 11 -0.01430  1.01863e-05 | 12 -0.01404 -1.01230e-05
 13 -0.01374  1.31995e-05 | 14 -0.01336  1.39543e-05 | 15 -0.01289  1.12148e-06
 16 -0.01242 -5.04898e-06 | 17 -0.01155  4.25351e-06 | 18 -0.01024  3.89544e-06
 19 -0.00879  2.54092e-06 | 20 -0.00698 -3.25724e-06 | 21 -0.00464 -1.12498e-05
 22 -0.00160  7.46796e-08 | 23  0.00218  6.65326e-06 | 24  0.00687  1.06989e-05
 25  0.01241  5.23744e-06 | 26  0.01873  2.04770e-05 | 27  0.02533  4.05436e-06
 28  0.03052 -3.93670e-06 | 29  0.02783  1.13633e-05 | 30  0.00901  3.14380e-05
 31 -0.01872 -3.63637e-05 | 32 -0.03715 -1.34721e-05 | 33 -0.03783  1.86042e-05
 34 -0.03034  1.05270e-04 | 35 -0.02136  4.81308e-04 | 36 -0.00525  8.06870e-04
 37  0.02239 -7.91844e-04 | 38  0.01978 -5.66098e-04 | 39 -0.02378 -2.19864e-05
 40 -0.02880  1.72348e-05 | 41 -0.03147  1.11695e-05 | 42 -0.03418  1.71846e-05
 43 -0.03491  5.98137e-06 | 44 -0.03877  3.26064e-05 | 45 -0.05027  3.18515e-05
 46 -0.05723 -2.43435e-05 | 47 -0.03654 -4.13394e-05 | 48  0.00219 -9.68436e-05
 49  0.01103  1.56168e-04 | 50 -0.02230  1.03909e-05 | 51 -0.02026  2.25498e-04
 52 -0.05778 -7.83378e-05 | 53 -0.02818 -1.09920e-04 | 54 -0.01649 -1.70500e-04
 55 -0.00674 -1.29092e-04 | 56  0.01293  3.94179e-05 | 57  0.00814  1.67936e-04
 58  0.00202  2.62840e-04 | 59 -0.03542  7.30383e-05 | 60 -0.02565 -2.02945e-04
 61  0.01179 -9.97932e-05 | 62 -0.03698 -8.82075e-05 | 63 -0.04809 -2.22985e-04
 64 -0.02106 -2.21322e-04 | 65 -0.02382 -6.74341e-05 | 66 -0.03639  9.02614e-05
 67 -0.03400 -6.87426e-05 | 68  0.02542  1.13445e-04 | 69 -0.03464  3.12260e-04
 70 -0.08916  4.93297e-05 | 71 -0.08237 -6.32139e-05 | 72 -0.04685 -3.91770e-05
 73 -0.01736 -1.71311e-06 | 74 -0.01695 -2.15794e-05 | 75 -0.01694  2.43511e-05
 76 -0.01696 -8.20408e-06 | 77 -0.34946  2.19964e-01 | 78 -0.19580  6.51992e-02
 79 -0.07058 -1.59364e-03 | 80  0.02500  4.54686e-03 | 81 -0.34061  1.28640e-04
 82 -0.50541 -7.99414e-07 | 83 -0.11362 -1.09512e-04 | 84  0.75278  1.04089e-05
 85 -0.08173  1.24648e-03 | 86 -0.56656  5.91182e-06 | 87  0.03136 -8.92707e-05
 88 -0.28643  3.59718e-08 | 89 -0.00028 -1.39274e-06 | 90 -0.00015 -7.26109e-07
 91 -0.00340 -1.80966e-05 | 92 -0.00012 -5.74354e-07 |
92 variables; iteration 480; function evaluation 615; phase 3
Function value -5.8924901e+01; maximum gradient component mag 2.1770e-01
Var    Value     Gradient |Var    Value     Gradient |Var    Value     Gradient
  1  1.00229 -1.66186e-07 |  2  0.00042 -7.36737e-07 |  3  0.00050  1.98738e-06
  4 -0.01540 -6.32173e-06 |  5 -0.01530  7.65190e-07 |  6 -0.01519 -4.40550e-06
  7 -0.01506  7.58245e-06 |  8 -0.01491  8.51093e-06 |  9 -0.01474  5.18817e-06
 10 -0.01453  3.49179e-06 | 11 -0.01430  6.33490e-06 | 12 -0.01404 -6.46203e-06
 13 -0.01374  8.19240e-06 | 14 -0.01336  8.67064e-06 | 15 -0.01289  6.34039e-07
 16 -0.01242 -3.18611e-06 | 17 -0.01155  2.56054e-06 | 18 -0.01024  2.21598e-06
 19 -0.00879  1.28954e-06 | 20 -0.00698 -2.24161e-06 | 21 -0.00464 -7.26153e-06
 22 -0.00160 -3.22806e-07 | 23  0.00218  3.52392e-06 | 24  0.00687  5.93233e-06
 25  0.01241  2.34482e-06 | 26  0.01873  1.15763e-05 | 27  0.02533  7.20731e-07
 28  0.03052 -4.71929e-06 | 29  0.02783  4.25733e-06 | 30  0.00901  1.68039e-05
 31 -0.01872 -2.54836e-05 | 32 -0.03715 -1.03164e-05 | 33 -0.03783  1.47160e-05
 34 -0.03034  9.81012e-05 | 35 -0.02136  4.38385e-04 | 36 -0.00525  7.20793e-04
 37  0.02239 -7.12828e-04 | 38  0.01978 -4.93318e-04 | 39 -0.02378 -1.35925e-05
 40 -0.02880  1.28172e-05 | 41 -0.03147  9.13394e-06 | 42 -0.03418  1.34493e-05
 43 -0.03491  8.11912e-06 | 44 -0.03877  2.79144e-05 | 45 -0.05027  2.70385e-05
 46 -0.05723 -2.46301e-05 | 47 -0.03654 -4.56151e-05 | 48  0.00219 -8.48170e-05
 49  0.01103  1.32928e-04 | 50 -0.02230  1.89627e-05 | 51 -0.02026  2.10500e-04
 52 -0.05778 -6.58842e-05 | 53 -0.02818 -9.63932e-05 | 54 -0.01649 -1.45173e-04
 55 -0.00674 -1.14594e-04 | 56  0.01293  3.45043e-05 | 57  0.00814  1.28833e-04
 58  0.00202  2.36537e-04 | 59 -0.03542  6.30877e-05 | 60 -0.02565 -1.77368e-04
 61  0.01179 -8.26654e-05 | 62 -0.03698 -6.44699e-05 | 63 -0.04809 -1.92936e-04
 64 -0.02106 -1.95382e-04 | 65 -0.02382 -5.62831e-05 | 66 -0.03639  8.01806e-05
 67 -0.03400 -6.50111e-05 | 68  0.02542  9.26772e-05 | 69 -0.03464  2.82589e-04
 70 -0.08916  4.64337e-05 | 71 -0.08237 -5.99245e-05 | 72 -0.04685 -3.42616e-05
 73 -0.01736 -1.26604e-06 | 74 -0.01695 -1.33979e-05 | 75 -0.01694  1.51659e-05
 76 -0.01696 -5.07018e-06 | 77 -0.34946  2.17699e-01 | 78 -0.19498  6.59601e-02
 79 -0.07058 -1.42324e-03 | 80  0.01203  4.00624e-03 | 81 -0.34061  8.14248e-05
 82 -0.50540 -5.04711e-07 | 83 -0.11362 -6.92563e-05 | 84  0.75279  6.56786e-06
 85 -0.08173  7.63780e-04 | 86 -0.56659  3.72286e-06 | 87  0.03136 -5.62095e-05
 88 -0.28643  2.28765e-08 | 89 -0.00019 -8.89917e-07 | 90 -0.00008 -4.18708e-07
 91 -0.00205 -1.14739e-05 | 92 -0.00007 -3.65162e-07 |
92 variables; iteration 500; function evaluation 636; phase 3
Function value -5.8924902e+01; maximum gradient component mag 4.7786e-01
Var    Value     Gradient |Var    Value     Gradient |Var    Value     Gradient
  1  1.00229 -7.61331e-08 |  2  0.00042 -1.08066e-07 |  3  0.00050  1.10814e-06
  4 -0.01540 -3.07448e-06 |  5 -0.01530  3.65200e-07 |  6 -0.01519 -2.17196e-06
  7 -0.01506  3.98496e-06 |  8 -0.01491  4.34306e-06 |  9 -0.01474  2.61565e-06
 10 -0.01453  1.66613e-06 | 11 -0.01430  2.96282e-06 | 12 -0.01404 -3.45252e-06
 13 -0.01374  3.72168e-06 | 14 -0.01336  3.95251e-06 | 15 -0.01289 -2.26806e-08
 16 -0.01242 -1.93505e-06 | 17 -0.01155  6.81962e-07 | 18 -0.01024  2.70371e-07
 19 -0.00879 -3.42454e-07 | 20 -0.00698 -2.16371e-06 | 21 -0.00464 -4.84866e-06
 22 -0.00160 -1.99820e-06 | 23  0.00218 -9.33901e-07 | 24  0.00687 -6.24882e-07
 25  0.01241 -3.42279e-06 | 26  0.01873 -6.75145e-07 | 27  0.02533 -8.10065e-06
 28  0.03052 -1.33842e-05 | 29  0.02783 -1.17507e-05 | 30  0.00901 -6.54466e-06
 31 -0.01872 -2.56789e-05 | 32 -0.03715 -1.44586e-05 | 33 -0.03783  2.30411e-05
 34 -0.03034  2.07233e-04 | 35 -0.02136  8.94819e-04 | 36 -0.00525  1.41961e-03
 37  0.02239 -1.42278e-03 | 38  0.01978 -9.28577e-04 | 39 -0.02378 -6.22939e-06
 40 -0.02880  1.69566e-05 | 41 -0.03147  1.59351e-05 | 42 -0.03418  2.01139e-05
 43 -0.03491  2.48082e-05 | 44 -0.03877  5.12962e-05 | 45 -0.05027  4.81362e-05
 46 -0.05723 -5.91707e-05 | 47 -0.03654 -1.21098e-04 | 48  0.00219 -1.59936e-04
 49  0.01103  2.37812e-04 | 50 -0.02230  7.24418e-05 | 51 -0.02026  4.47220e-04
 52 -0.05778 -1.16212e-04 | 53 -0.02818 -1.85071e-04 | 54 -0.01649 -2.62150e-04
 55 -0.00674 -2.24519e-04 | 56  0.01293  6.54681e-05 | 57  0.00814  1.78679e-04
 58  0.00202  4.71407e-04 | 59 -0.03542  1.15230e-04 | 60 -0.02565 -3.36954e-04
 61  0.01179 -1.39635e-04 | 62 -0.03698 -7.75245e-05 | 63 -0.04809 -3.57703e-04
 64 -0.02106 -3.75842e-04 | 65 -0.02382 -9.64371e-05 | 66 -0.03639  1.57197e-04
 67 -0.03400 -1.40830e-04 | 68  0.02542  1.53299e-04 | 69 -0.03464  5.70440e-04
 70 -0.08916  9.96218e-05 | 71 -0.08237 -1.30893e-04 | 72 -0.04685 -6.53096e-05
 73 -0.01736 -1.33964e-06 | 74 -0.01695 -6.41667e-06 | 75 -0.01694  7.38275e-06
 76 -0.01696 -2.42239e-06 | 77 -0.34946  4.77856e-01 | 78 -0.19427  1.47785e-01
 79 -0.07058 -2.80726e-03 | 80 -0.00076  7.77448e-03 | 81 -0.34061  3.93000e-05
 82 -0.50540 -2.35247e-07 | 83 -0.11362 -3.38161e-05 | 84  0.75279  3.13710e-06
 85 -0.08173  4.09051e-04 | 86 -0.56661  1.82530e-06 | 87  0.03136 -2.75902e-05
 88 -0.28643  1.12739e-08 | 89 -0.00010 -4.32415e-07 | 90 -0.00004 -2.00214e-07
 91 -0.00085 -5.59430e-06 | 92 -0.00004 -1.75204e-07 |
92 variables; iteration 520; function evaluation 661; phase 3
Function value -5.8924902e+01; maximum gradient component mag 1.2489e-01
Var    Value     Gradient |Var    Value     Gradient |Var    Value     Gradient
  1  1.00230 -1.47163e-09 |  2  0.00042  5.66292e-08 |  3  0.00050  6.95927e-08
  4 -0.01540 -9.67995e-08 |  5 -0.01530  8.95805e-09 |  6 -0.01519 -7.64865e-08
  7 -0.01506  2.01512e-07 |  8 -0.01491  1.88688e-07 |  9 -0.01474  1.07126e-07
 10 -0.01453  4.38761e-08 | 11 -0.01430  6.72904e-08 | 12 -0.01404 -1.96554e-07
 13 -0.01374  5.27827e-08 | 14 -0.01336  5.56823e-08 | 15 -0.01289 -9.40896e-08
 16 -0.01242 -1.70642e-07 | 17 -0.01155 -1.30527e-07 | 18 -0.01024 -2.11200e-07
 19 -0.00879 -2.81593e-07 | 20 -0.00698 -3.76415e-07 | 21 -0.00464 -5.43529e-07
 22 -0.00160 -5.96612e-07 | 23  0.00218 -7.82308e-07 | 24  0.00687 -1.01929e-06
 25  0.01241 -1.41981e-06 | 26  0.01873 -1.81511e-06 | 27  0.02533 -2.69423e-06
 28  0.03052 -3.62703e-06 | 29  0.02783 -4.35457e-06 | 30  0.00901 -4.43694e-06
 31 -0.01872 -4.69442e-06 | 32 -0.03715 -3.18247e-06 | 33 -0.03783  5.34964e-06
 34 -0.03034  5.26623e-05 | 35 -0.02136  2.25268e-04 | 36 -0.00525  3.53976e-04
 37  0.02239 -3.56062e-04 | 38  0.01978 -2.28459e-04 | 39 -0.02378 -1.48637e-07
 40 -0.02880  3.62096e-06 | 41 -0.03147  3.82228e-06 | 42 -0.03418  4.56537e-06
 43 -0.03491  6.80921e-06 | 44 -0.03877  1.25380e-05 | 45 -0.05027  1.16466e-05
 46 -0.05723 -1.54761e-05 | 47 -0.03654 -3.23843e-05 | 48  0.00219 -3.93754e-05
 49  0.01103  5.76477e-05 | 50 -0.02230  2.05276e-05 | 51 -0.02026  1.13768e-04
 52 -0.05778 -2.80017e-05 | 53 -0.02818 -4.57715e-05 | 54 -0.01649 -6.36789e-05
 55 -0.00674 -5.58904e-05 | 56  0.01293  1.61581e-05 | 57  0.00814  3.92223e-05
 58  0.00202  1.17889e-04 | 59 -0.03542  2.81018e-05 | 60 -0.02565 -8.31325e-05
 61  0.01179 -3.31771e-05 | 62 -0.03698 -1.58406e-05 | 63 -0.04809 -8.75848e-05
 64 -0.02106 -9.30385e-05 | 65 -0.02382 -2.30194e-05 | 66 -0.03639  3.91345e-05
 67 -0.03400 -3.60237e-05 | 68  0.02542  3.61153e-05 | 69 -0.03464  1.43152e-04
 70 -0.08916  2.53999e-05 | 71 -0.08237 -3.35360e-05 | 72 -0.04685 -1.61289e-05
 73 -0.01736 -2.62948e-07 | 74 -0.01695 -1.87759e-07 | 75 -0.01694  2.43419e-07
 76 -0.01696 -6.67760e-08 | 77 -0.34946  1.24891e-01 | 78 -0.19391  3.89653e-02
 79 -0.07058 -6.99945e-04 | 80 -0.00791  1.91783e-03 | 81 -0.34061  1.31152e-06
 82 -0.50540 -3.93228e-09 | 83 -0.11362 -1.19963e-06 | 84  0.75279  9.61155e-08
 85 -0.08173  9.43192e-06 | 86 -0.56664  6.22623e-08 | 87  0.03136 -8.75095e-07
 88 -0.28643  3.76472e-10 | 89 -0.00003 -1.42086e-08 | 90 -0.00000 -6.78205e-09
 91  0.00025 -1.88867e-07 | 92 -0.00000 -5.01760e-09 |

 - final statistics:
92 variables; iteration 533; function evaluation 676
Function value -5.8925e+01; maximum gradient component mag 5.3063e-05
Exit code = 1;  converg criter 1.0000e-04
Var    Value     Gradient |Var    Value     Gradient |Var    Value     Gradient
  1  1.00230  7.08396e-11 |  2  0.00042 -4.24439e-10 |  3  0.00050 -1.50424e-09
  4 -0.01540  3.16133e-09 |  5 -0.01530 -4.42437e-10 |  6 -0.01519  2.23709e-09
  7 -0.01506 -4.93883e-09 |  8 -0.01491 -5.15889e-09 |  9 -0.01474 -3.17858e-09
 10 -0.01453 -1.96639e-09 | 11 -0.01430 -3.27271e-09 | 12 -0.01404  3.86288e-09
 13 -0.01374 -4.01615e-09 | 14 -0.01336 -4.39157e-09 | 15 -0.01289 -2.63631e-10
 16 -0.01242  1.55464e-09 | 17 -0.01155 -1.26031e-09 | 18 -0.01024 -8.17501e-10
 19 -0.00879 -4.99176e-10 | 20 -0.00698  6.88491e-10 | 21 -0.00464  2.88730e-09
 22 -0.00160 -7.31033e-10 | 23  0.00218 -2.45609e-09 | 24  0.00687 -4.06233e-09
 25  0.01241 -3.16235e-09 | 26  0.01873 -8.41522e-09 | 27  0.02533 -3.81919e-09
 28  0.03052 -2.73792e-09 | 29  0.02783 -8.25555e-09 | 30  0.00901 -1.52838e-08
 31 -0.01872  6.38108e-09 | 32 -0.03715  6.48679e-10 | 33 -0.03783  1.22873e-09
 34 -0.03034  2.58955e-08 | 35 -0.02136  1.02943e-07 | 36 -0.00525  1.45159e-07
 37  0.02239 -1.51701e-07 | 38  0.01978 -7.84562e-08 | 39 -0.02378  5.73988e-09
 40 -0.02880 -9.96746e-10 | 41 -0.03147  1.62601e-09 | 42 -0.03418  5.18483e-11
 43 -0.03491  5.09416e-09 | 44 -0.03877  4.57293e-09 | 45 -0.05027  3.17188e-09
 46 -0.05723 -9.67597e-09 | 47 -0.03654 -2.40849e-08 | 48  0.00219 -1.28596e-08
 49  0.01103  1.52434e-08 | 50 -0.02230  2.11454e-08 | 51 -0.02026  5.75870e-08
 52 -0.05778 -6.63596e-09 | 53 -0.02818 -1.69336e-08 | 54 -0.01649 -1.82206e-08
 55 -0.00674 -2.35462e-08 | 56  0.01293  5.40861e-09 | 57  0.00814 -1.19372e-08
 58  0.00202  4.88346e-08 | 59 -0.03542  7.65902e-09 | 60 -0.02565 -3.01585e-08
 61  0.01179 -4.93059e-09 | 62 -0.03698  1.01245e-08 | 63 -0.04809 -2.71611e-08
 64 -0.02106 -3.36336e-08 | 65 -0.02382 -4.12081e-09 | 66 -0.03639  1.63024e-08
 67 -0.03400 -1.91274e-08 | 68  0.02542  4.64533e-09 | 69 -0.03464  6.30558e-08
 70 -0.08916  1.29657e-08 | 71 -0.08237 -1.80781e-08 | 72 -0.04685 -6.02817e-09
 73 -0.01736  2.68961e-10 | 74 -0.01695  6.61403e-09 | 75 -0.01694 -7.82795e-09
 76 -0.01696  2.46592e-09 | 77 -0.34946  5.30631e-05 | 78 -0.19382  1.65828e-05
 79 -0.07058 -2.85328e-07 | 80 -0.00972  8.01015e-07 | 81 -0.34061 -4.17873e-08
 82 -0.50540  2.24117e-10 | 83 -0.11362  3.64572e-08 | 84  0.75279 -3.21326e-09
 85 -0.08173 -4.08524e-07 | 86 -0.56664 -1.96334e-09 | 87  0.03136  2.91487e-08
 88 -0.28643 -1.07009e-11 | 89 -0.00003  4.61682e-10 | 90  0.00000  2.15572e-10
 91  0.00029  6.00423e-09 | 92  0.00000  1.82828e-10 |
Warning: the following parameters had issues
  SR_parm[1] is within 0.1% of upper bound: 1.00000e-04 < 1.99999e+01 < 2.00000e+01


 - final statistics:
93 variables; iteration 0; function evaluation 0
Function value -5.8925e+01; maximum gradient component mag 5.3063e-05
Exit code = 0;  converg criter 1.0000e-04
Var    Value     Gradient |Var    Value     Gradient |Var    Value     Gradient
  1  0.99770 -7.08426e-11 |  2  0.00042 -4.24438e-10 |  3  0.00050 -1.50424e-09
  4 -0.01540  3.16132e-09 |  5 -0.01530 -4.42436e-10 |  6 -0.01519  2.23710e-09
  7 -0.01506 -4.93883e-09 |  8 -0.01491 -5.15890e-09 |  9 -0.01474 -3.17857e-09
 10 -0.01453 -1.96640e-09 | 11 -0.01430 -3.27272e-09 | 12 -0.01404  3.86288e-09
 13 -0.01374 -4.01616e-09 | 14 -0.01336 -4.39158e-09 | 15 -0.01289 -2.63631e-10
 16 -0.01242  1.55463e-09 | 17 -0.01155 -1.26032e-09 | 18 -0.01024 -8.17513e-10
 19 -0.00879 -4.99175e-10 | 20 -0.00698  6.88487e-10 | 21 -0.00464  2.88729e-09
 22 -0.00160 -7.31044e-10 | 23  0.00218 -2.45610e-09 | 24  0.00687 -4.06233e-09
 25  0.01241 -3.16235e-09 | 26  0.01873 -8.41522e-09 | 27  0.02533 -3.81918e-09
 28  0.03052 -2.73792e-09 | 29  0.02783 -8.25556e-09 | 30  0.00901 -1.52838e-08
 31 -0.01872  6.38107e-09 | 32 -0.03715  6.48660e-10 | 33 -0.03783  1.22871e-09
 34 -0.03034  2.58955e-08 | 35 -0.02136  1.02943e-07 | 36 -0.00525  1.45159e-07
 37  0.02239 -1.51701e-07 | 38  0.01978 -7.84562e-08 | 39 -0.02378  5.73988e-09
 40 -0.02880 -9.96744e-10 | 41 -0.03147  1.62601e-09 | 42 -0.03418  5.18562e-11
 43 -0.03491  5.09416e-09 | 44 -0.03877  4.57294e-09 | 45 -0.05027  3.17189e-09
 46 -0.05723 -9.67595e-09 | 47 -0.03654 -2.40849e-08 | 48  0.00219 -1.28594e-08
 49  0.01103  1.52436e-08 | 50 -0.02230  2.11454e-08 | 51 -0.02026  5.75870e-08
 52 -0.05778 -6.63604e-09 | 53 -0.02818 -1.69336e-08 | 54 -0.01649 -1.82206e-08
 55 -0.00674 -2.35462e-08 | 56  0.01293  5.40849e-09 | 57  0.00814 -1.19374e-08
 58  0.00202  4.88345e-08 | 59 -0.03542  7.65899e-09 | 60 -0.02565 -3.01586e-08
 61  0.01179 -4.93063e-09 | 62 -0.03698  1.01245e-08 | 63 -0.04809 -2.71610e-08
 64 -0.02106 -3.36336e-08 | 65 -0.02382 -4.12071e-09 | 66 -0.03639  1.63025e-08
 67 -0.03400 -1.91274e-08 | 68  0.02542  4.64528e-09 | 69 -0.03464  6.30557e-08
 70 -0.08916  1.29656e-08 | 71 -0.08237 -1.80781e-08 | 72 -0.04685 -6.02818e-09
 73 -0.01736  2.68951e-10 | 74 -0.01695  6.61403e-09 | 75 -0.01694 -7.82795e-09
 76 -0.01696  2.46592e-09 | 77  0.00000  0.00000e+00 | 78 -0.34946  5.30631e-05
 79 -0.19382  1.65828e-05 | 80 -0.07058 -2.85328e-07 | 81 -0.00972  8.01015e-07
 82 -0.34061 -4.17874e-08 | 83 -0.50540  2.24117e-10 | 84 -0.11362  3.64572e-08
 85  0.75279 -3.21337e-09 | 86 -0.08173 -4.08524e-07 | 87 -0.56664 -1.96334e-09
 88  0.03136  2.91487e-08 | 89 -0.28643 -1.07009e-11 | 90 -0.00003  4.61682e-10
 91  0.00000  2.15572e-10 | 92  0.00029  6.00423e-09 | 93  0.00000  1.82828e-10
Estimating row 1 out of 93 for hessian
Estimating row 2 out of 93 for hessian
Estimating row 3 out of 93 for hessian
Estimating row 4 out of 93 for hessian
Estimating row 5 out of 93 for hessian
Estimating row 6 out of 93 for hessian
Estimating row 7 out of 93 for hessian
Estimating row 8 out of 93 for hessian
Estimating row 9 out of 93 for hessian
Estimating row 10 out of 93 for hessian
Estimating row 11 out of 93 for hessian
Estimating row 12 out of 93 for hessian
Estimating row 13 out of 93 for hessian
Estimating row 14 out of 93 for hessian
Estimating row 15 out of 93 for hessian
Estimating row 16 out of 93 for hessian
Estimating row 17 out of 93 for hessian
Estimating row 18 out of 93 for hessian
Estimating row 19 out of 93 for hessian
Estimating row 20 out of 93 for hessian
Estimating row 21 out of 93 for hessian
Estimating row 22 out of 93 for hessian
Estimating row 23 out of 93 for hessian
Estimating row 24 out of 93 for hessian
Estimating row 25 out of 93 for hessian
Estimating row 26 out of 93 for hessian
Estimating row 27 out of 93 for hessian
Estimating row 28 out of 93 for hessian
Estimating row 29 out of 93 for hessian
Estimating row 30 out of 93 for hessian
Estimating row 31 out of 93 for hessian
Estimating row 32 out of 93 for hessian
Estimating row 33 out of 93 for hessian
Estimating row 34 out of 93 for hessian
Estimating row 35 out of 93 for hessian
Estimating row 36 out of 93 for hessian
Estimating row 37 out of 93 for hessian
Estimating row 38 out of 93 for hessian
Estimating row 39 out of 93 for hessian
Estimating row 40 out of 93 for hessian
Estimating row 41 out of 93 for hessian
Estimating row 42 out of 93 for hessian
Estimating row 43 out of 93 for hessian
Estimating row 44 out of 93 for hessian
Estimating row 45 out of 93 for hessian
Estimating row 46 out of 93 for hessian
Estimating row 47 out of 93 for hessian
Estimating row 48 out of 93 for hessian
Estimating row 49 out of 93 for hessian
Estimating row 50 out of 93 for hessian
Estimating row 51 out of 93 for hessian
Estimating row 52 out of 93 for hessian
Estimating row 53 out of 93 for hessian
Estimating row 54 out of 93 for hessian
Estimating row 55 out of 93 for hessian
Estimating row 56 out of 93 for hessian
Estimating row 57 out of 93 for hessian
Estimating row 58 out of 93 for hessian
Estimating row 59 out of 93 for hessian
Estimating row 60 out of 93 for hessian
Estimating row 61 out of 93 for hessian
Estimating row 62 out of 93 for hessian
Estimating row 63 out of 93 for hessian
Estimating row 64 out of 93 for hessian
Estimating row 65 out of 93 for hessian
Estimating row 66 out of 93 for hessian
Estimating row 67 out of 93 for hessian
Estimating row 68 out of 93 for hessian
Estimating row 69 out of 93 for hessian
Estimating row 70 out of 93 for hessian
Estimating row 71 out of 93 for hessian
Estimating row 72 out of 93 for hessian
Estimating row 73 out of 93 for hessian
Estimating row 74 out of 93 for hessian
Estimating row 75 out of 93 for hessian
Estimating row 76 out of 93 for hessian
Estimating row 77 out of 93 for hessian
Estimating row 78 out of 93 for hessian
Estimating row 79 out of 93 for hessian
Estimating row 80 out of 93 for hessian
Estimating row 81 out of 93 for hessian
Estimating row 82 out of 93 for hessian
Estimating row 83 out of 93 for hessian
Estimating row 84 out of 93 for hessian
Estimating row 85 out of 93 for hessian
Estimating row 86 out of 93 for hessian
Estimating row 87 out of 93 for hessian
Estimating row 88 out of 93 for hessian
Estimating row 89 out of 93 for hessian
Estimating row 90 out of 93 for hessian
Estimating row 91 out of 93 for hessian
Estimating row 92 out of 93 for hessian
Estimating row 93 out of 93 for hessian
size of file gradfil1.tmp = 0
size of file gradfil2.tmp = 0
size of file varssave.tmp = 0
size of file cmpdiff.tmp = 0
