
Initial statistics: 3 variables; iteration 0; function evaluation 0; phase 1
Function value 1.2736317e+06; maximum gradient component mag -1.4395e+06
Var    Value     Gradient |Var    Value     Gradient |Var    Value     Gradient
  1 -0.19506 -1.43949e+06 |  2 -0.48817  5.53676e+05 |  3 -0.98727  1.93753e+04

 - final statistics:
3 variables; iteration 1; function evaluation 9
Function value -1.5905e+01; maximum gradient component mag -3.8295e-02
Exit code = 1;  converg criter 1.0000e+01
Var    Value     Gradient |Var    Value     Gradient |Var    Value     Gradient
  1  1.14953  1.90897e-04 |  2 -1.00534 -3.82955e-02 |  3 -1.00537 -2.62082e-02

 - final statistics:
3 variables; iteration 0; function evaluation 0
Function value -1.5905e+01; maximum gradient component mag 3.8295e-02
Exit code = 0;  converg criter 1.0000e+01
Var    Value     Gradient |Var    Value     Gradient |Var    Value     Gradient
  1  0.85047 -1.90897e-04 |  2 -0.99466  3.82955e-02 |  3 -0.99463  2.62082e-02

Initial statistics: 9 variables; iteration 0; function evaluation 0; phase 3
Function value -1.5904909e+01; maximum gradient component mag 6.1947e+01
Var    Value     Gradient |Var    Value     Gradient |Var    Value     Gradient
  1  0.85047 -1.90897e-04 |  2 -0.99466  3.82955e-02 |  3 -0.99463  2.62082e-02
  4 -0.47058  6.19470e+01 |  5 -1.00000 -8.66316e-08 |  6 -0.24223  2.85792e+01
  7 -0.05142 -4.17531e+01 |  8 -0.11437 -3.28182e+00 |  9  0.08202  7.63496e-01

Intermediate statistics: 9 variables; iteration 20; function evaluation 30; phase 3
Function value -5.1885184e+01; maximum gradient component mag -5.9231e-01
Var    Value     Gradient |Var    Value     Gradient |Var    Value     Gradient
  1  0.84918  1.30082e-05 |  2 -1.00109 -1.56021e-01 |  3 -0.99958  5.92073e-02
  4 -1.00170 -5.41412e-01 |  5 -1.01395 -5.92307e-01 |  6 -0.06444 -7.38724e-02
  7  0.38822 -2.37955e-01 |  8 -0.01424 -1.44527e-01 |  9  0.47083  1.40433e-02
9 variables; iteration 40; function evaluation 60; phase 3
Function value -5.1922439e+01; maximum gradient component mag 2.4789e-03
Var    Value     Gradient |Var    Value     Gradient |Var    Value     Gradient
  1  0.84293  1.77627e-05 |  2 -1.00004 -6.25246e-05 |  3 -0.99996  1.50137e-04
  4 -0.99996  2.47889e-03 |  5 -1.00010  3.04052e-04 |  6 -0.06032  5.18074e-04
  7  0.73832 -4.37459e-06 |  8 -0.03378 -4.45601e-04 |  9  0.17810  3.05419e-05
Warning: the following parameters had issues
  init_F[1] is within 0.1% of lower bound: 0.00000e+00 < 8.27950e-09 < 1.00000e+01
  init_F[2] is within 0.1% of lower bound: 0.00000e+00 < 8.94272e-09 < 1.00000e+01
  Q_parm[2] is within 0.1% of lower bound: 0.00000e+00 < 3.83354e-09 < 5.00000e+00
  Q_parm[4] is within 0.1% of lower bound: 0.00000e+00 < 3.24189e-08 < 5.00000e+00


 - final statistics:
9 variables; iteration 42; function evaluation 62
Function value -5.1922e+01; maximum gradient component mag 9.9067e-05
Exit code = 1;  converg criter 1.0000e-04
Var    Value     Gradient |Var    Value     Gradient |Var    Value     Gradient
  1  0.84287  1.77745e-05 |  2 -1.00004  9.90667e-05 |  3 -0.99996 -9.65834e-05
  4 -0.99996 -9.01987e-05 |  5 -1.00010 -7.07755e-05 |  6 -0.06032  2.63386e-05
  7  0.73835 -1.29500e-06 |  8 -0.03377  1.49451e-05 |  9  0.17813 -7.71095e-06
Estimating row 1 out of 9 for hessian
Estimating row 2 out of 9 for hessian
Estimating row 3 out of 9 for hessian
Estimating row 4 out of 9 for hessian
Estimating row 5 out of 9 for hessian
Estimating row 6 out of 9 for hessian
Estimating row 7 out of 9 for hessian
Estimating row 8 out of 9 for hessian
Estimating row 9 out of 9 for hessian
Warning -- Hessian does not appear to be positive definite
Hessian does not appear to be positive definite.
size of file gradfil1.tmp = 0
size of file gradfil2.tmp = 0
size of file varssave.tmp = 0
size of file cmpdiff.tmp = 0
