
Initial statistics: 74 variables; iteration 0; function evaluation 0; phase 1
Function value 4.8949465e+06; maximum gradient component mag -1.7599e+07
Var    Value     Gradient |Var    Value     Gradient |Var    Value     Gradient
  1 -0.16203 -1.75986e+07 |  2  0.02896 -2.30884e+05 |  3  0.03020 -2.24420e+05
  4  0.01165 -1.80439e+05 |  5  0.00954 -1.59591e+05 |  6  0.02864 -1.58225e+05
  7 -0.00068 -9.84520e+04 |  8 -0.03310 -7.09204e+04 |  9  0.03293 -1.07384e+05
 10  0.02454 -1.50642e+04 | 11  0.02669 -4.99436e+04 | 12 -0.02436 -6.41528e+04
 13  0.03203 -5.51304e+04 | 14  0.04869 -6.99317e+04 | 15 -0.04110 -6.98133e+04
 16  0.05085 -6.63492e+04 | 17 -0.02746 -7.12804e+04 | 18  0.04263 -5.53342e+04
 19  0.03526 -6.04541e+04 | 20  0.02996 -8.31081e+04 | 21 -0.00465 -9.40246e+04
 22  0.03100 -1.04773e+05 | 23 -0.04577 -8.12447e+04 | 24  0.01140 -1.14785e+05
 25  0.01474 -1.19644e+05 | 26 -0.03475 -1.10628e+05 | 27  0.01244 -1.38350e+05
 28 -0.01289 -1.26547e+05 | 29 -0.00212 -1.38623e+05 | 30 -0.04779 -1.26685e+05
 31 -0.00009 -1.43373e+05 | 32  0.02382 -1.42080e+05 | 33  0.00507 -1.07127e+05
 34  0.02475 -1.24120e+05 | 35 -0.05014 -8.72787e+04 | 36  0.04104 -1.27144e+05
 37  0.02789 -9.71619e+04 | 38  0.01343 -8.29423e+04 | 39  0.00449 -8.86098e+04
 40 -0.02149 -1.02235e+05 | 41 -0.04845 -7.98191e+04 | 42 -0.03065 -8.55936e+04
 43 -0.01262 -9.59774e+04 | 44  0.01054 -1.16171e+05 | 45 -0.01783 -8.83192e+04
 46  0.03213 -1.11539e+05 | 47 -0.00795 -1.18720e+05 | 48  0.00002 -1.33756e+05
 49 -0.00722 -1.10018e+05 | 50 -0.00720 -9.96055e+04 | 51 -0.01471 -7.74980e+04
 52 -0.03407 -3.17429e+04 | 53  0.00524 -4.73059e+04 | 54  0.04907 -9.93806e+04
 55 -0.03991 -8.48769e+04 | 56  0.02260 -1.17243e+05 | 57 -0.04788 -8.77097e+04
 58 -0.03123 -7.69311e+04 | 59 -0.03280 -7.41487e+04 | 60  0.00663 -8.35123e+04
 61  0.03859 -1.07808e+05 | 62  0.01135 -9.92446e+04 | 63  0.01158 -8.93995e+04
 64  0.01550 -9.56943e+04 | 65  0.03254 -1.07602e+05 | 66  0.01209 -9.86333e+04
 67  0.02359 -1.13315e+05 | 68 -0.01507 -1.00116e+05 | 69  0.00430 -1.28979e+05
 70 -0.02945 -1.15550e+05 | 71 -0.02186 -1.31772e+05 | 72 -0.03879 -1.24829e+05
 73 -0.00547 -1.26758e+05 | 74  0.05203 -8.34121e+04 |

Intermediate statistics: 74 variables; iteration 20; function evaluation 36; phase 1
Function value 1.1557820e+03; maximum gradient component mag -9.1973e+02
Var    Value     Gradient |Var    Value     Gradient |Var    Value     Gradient
  1  0.28657 -1.88693e+01 |  2 -2.66171 -6.08197e+01 |  3 -2.56918 -7.12516e+01
  4 -2.25211 -5.75035e+01 |  5 -2.01782 -7.70988e+00 |  6 -1.97344  3.96683e+00
  7  0.11825  2.95646e+01 |  8  0.12155  2.97967e+01 |  9 -0.02345 -4.06802e+00
 10  0.04013  1.07252e+01 | 11 -0.04095 -8.53190e+00 | 12 -0.03945 -8.13844e+00
 13 -0.05465 -1.15838e+01 | 14 -0.06560 -1.40270e+01 | 15 -0.03711 -7.24165e+00
 16 -0.04825 -1.00097e+01 | 17 -0.02415 -4.57987e+00 | 18 -0.02315 -3.97936e+00
 19 -0.00871 -2.56804e-01 | 20  0.01653  6.65154e+00 | 21  0.03941  1.51181e+01
 22  0.22654  8.19936e+01 | 23  0.03901  2.65426e+01 | 24  0.27137  1.91551e+02
 25  0.05013  5.81507e+01 | 26 -0.00838  4.25666e+01 | 27 -0.02675  4.84437e+01
 28 -0.05711  4.40060e+01 | 29 -0.08569  3.53761e+01 | 30 -0.08859  3.24297e+01
 31  0.03170  8.30810e+01 | 32 -0.27585 -6.03904e+01 | 33 -0.20673 -6.67458e+01
 34 -0.45457 -7.93700e+01 | 35  0.02876 -9.88048e+01 | 36 -0.42907 -7.55539e+01
 37  0.04591 -7.81817e+01 | 38 -0.04015 -4.03910e+01 | 39 -0.26908 -3.94425e+01
 40 -0.03011 -3.24138e+01 | 41  0.02396 -3.64064e+01 | 42  0.08295 -1.43638e+01
 43 -0.06477 -3.80211e+00 | 44 -0.19025 -3.19118e+01 | 45 -0.12321 -2.35835e+00
 46 -0.35457 -5.97755e+01 | 47 -0.03411  1.75204e+02 | 48 -0.29562 -2.25649e+01
 49 -0.02264  4.21224e+02 | 50 -0.15865  1.03335e+02 | 51 -0.08920  1.48987e+02
 52 -0.14945  5.58989e+01 | 53 -0.08076  1.60365e+02 | 54 -0.00103  2.19080e+02
 55 -0.12248 -1.24478e+02 | 56 -0.32129 -1.29660e+02 | 57 -0.01643 -9.19735e+02
 58 -0.24308 -1.75909e+02 | 59 -0.05433 -2.34417e+02 | 60 -0.03807 -4.37108e+01
 61 -0.04347  9.98313e+00 | 62 -0.37019 -5.73879e+01 | 63 -0.09353  1.88446e+02
 64 -0.03009  4.18204e+02 | 65 -0.39059 -5.02996e+01 | 66 -0.16569 -6.86368e+00
 67 -0.07823 -2.02322e+02 | 68  0.03280 -8.26124e+02 | 69 -0.34104 -9.58739e+01
 70 -0.34410 -7.33962e+01 | 71 -0.11952  2.77582e+02 | 72 -1.38987  6.34718e+01
 73 -0.24269 -4.05394e+01 | 74 -0.12900 -2.56062e+01 |
74 variables; iteration 40; function evaluation 61; phase 1
Function value 9.9604851e+02; maximum gradient component mag -5.3261e+02
Var    Value     Gradient |Var    Value     Gradient |Var    Value     Gradient
  1  0.28247 -4.34562e+00 |  2 -3.65614  5.88810e+01 |  3 -1.82153  3.82358e+01
  4 -1.80542  4.15842e+01 |  5 -2.06141 -1.65691e+01 |  6 -2.09728 -2.33470e+01
  7  0.46463  3.27434e+01 |  8  0.07093  1.55874e+01 |  9  0.01192  2.18957e+00
 10  0.04360  7.59393e+00 | 11  0.00877 -4.11689e-01 | 12 -0.00191 -3.28942e+00
 13  0.00850 -1.68645e+00 | 14  0.00459 -3.10432e+00 | 15  0.00240 -4.90523e+00
 16  0.02384 -3.22991e+00 | 17  0.02148 -6.46712e+00 | 18  0.04129 -5.94362e+00
 19  0.06160 -7.43440e+00 | 20  0.09824 -1.02649e+01 | 21  0.07729 -9.18695e+00
 22  0.02544 -8.94217e+00 | 23  0.00519 -6.13068e+00 | 24  0.05684  1.57087e+01
 25 -0.00952  1.37744e+01 | 26 -0.03726  2.15357e+01 | 27 -0.09367  1.29683e+01
 28 -0.10070  2.66312e+01 | 29 -0.08611  5.43583e+01 | 30 -0.15806  9.19779e+00
 31 -0.08671  3.96446e+01 | 32 -0.15154 -1.26994e+01 | 33 -0.15163 -2.10102e+01
 34 -0.16932 -3.43221e+01 | 35 -0.05070 -3.05813e+01 | 36 -0.29461 -6.72045e+01
 37 -0.05563 -1.17945e+02 | 38 -0.07706 -6.44753e+01 | 39 -0.26559 -2.83819e+01
 40 -0.01941 -4.24369e+01 | 41 -0.15926 -6.06248e+01 | 42  0.03300 -1.08913e+02
 43 -0.16733 -4.49205e+01 | 44 -0.17970 -3.38281e+01 | 45 -0.16687 -1.91775e+01
 46 -0.25004 -3.85274e+01 | 47 -0.11585  1.00712e+01 | 48 -0.12477 -1.96888e+01
 49 -0.03571  5.24990e+01 | 50 -0.13062  6.64343e+01 | 51 -0.03602  2.00388e+02
 52 -0.15316  8.07023e+00 | 53 -0.10254  2.54031e+01 | 54 -0.00771  1.40702e+02
 55 -0.11283  8.54395e+00 | 56 -0.15108 -5.18336e+01 | 57 -0.01222 -5.33811e+01
 58 -0.04907  8.00227e+01 | 59 -0.18052 -1.08980e+01 | 60  0.01221  8.71463e+01
 61 -0.12886 -3.19935e+01 | 62 -0.09930 -1.91598e+01 | 63 -0.18363 -2.98816e+01
 64 -0.04480  3.08118e+01 | 65 -0.35127 -6.20398e+01 | 66 -0.11651 -6.98470e+01
 67 -0.09278 -2.37736e+02 | 68  0.00822 -5.32606e+02 | 69 -0.10909  3.91115e+00
 70 -0.26824 -4.36700e+00 | 71 -0.15209  9.89980e+01 | 72 -1.72274 -9.90751e+01
 73 -0.20254 -2.74402e+01 | 74 -0.06147 -9.70935e+00 |
74 variables; iteration 60; function evaluation 93; phase 1
Function value 9.2763843e+02; maximum gradient component mag -1.7638e+02
Var    Value     Gradient |Var    Value     Gradient |Var    Value     Gradient
  1  0.26507 -1.19141e+01 |  2 -3.61953  6.50619e+01 |  3 -1.70497  5.93683e+01
  4 -1.71076  5.85023e+01 |  5 -1.83888  3.46016e+01 |  6 -1.83579  3.56530e+01
  7  0.09699  2.32877e+01 |  8  0.03088  8.13280e+00 |  9  0.00221  1.09552e+00
 10  0.01448  3.24861e+00 | 11 -0.00017 -4.26793e-01 | 12 -0.00955 -2.74674e+00
 13 -0.00016 -8.52783e-01 | 14 -0.00617 -2.36088e+00 | 15 -0.01637 -5.10430e+00
 16 -0.00745 -3.97922e+00 | 17 -0.00755 -5.12890e+00 | 18  0.10132  1.12637e+01
 19 -0.00483 -6.01494e+00 | 20  0.14844  9.98059e+00 | 21  0.32861 -1.88964e+01
 22  0.08463  1.08504e+01 | 23  0.03401  7.55740e+00 | 24  0.12012  3.97782e+01
 25  0.07885  4.62327e+01 | 26 -0.09195 -5.82248e+00 | 27 -0.06531  1.57496e+01
 28 -0.10819  7.23505e+00 | 29 -0.07221  3.78616e+01 | 30 -0.14911 -3.62427e+00
 31 -0.07887  1.84234e+01 | 32 -0.06126  1.13845e+01 | 33 -0.09216 -4.75902e+00
 34 -0.06599 -2.29277e+00 | 35 -0.08904 -1.24187e+01 | 36 -0.04403  4.61164e+00
 37  0.00993 -2.86025e+01 | 38 -0.01250 -2.74765e+01 | 39 -0.19668 -2.01729e+01
 40 -0.03214 -5.48823e+01 | 41 -0.15852 -5.31515e+01 | 42  0.13308 -7.10700e+01
 43 -0.22846 -4.84399e+01 | 44 -0.11796 -2.06123e+01 | 45 -0.15068 -2.83615e+01
 46 -0.17234 -3.36940e+01 | 47 -0.08471 -1.34572e+01 | 48 -0.12309 -2.77415e+01
 49 -0.01610  6.38813e+01 | 50 -0.12196  5.19966e+01 | 51 -0.02727  1.60129e+02
 52 -0.12406  1.17188e+01 | 53 -0.04345  1.73789e+01 | 54 -0.02680  3.43732e+01
 55 -0.09261  2.42858e+01 | 56 -0.07250  4.51221e+01 | 57  0.02592  9.47309e+01
 58 -0.07837  8.64976e+00 | 59 -0.09676 -3.33538e+01 | 60  0.02317 -1.43429e+02
 61 -0.12449 -1.09021e+02 | 62 -0.08740 -1.06511e+02 | 63 -0.10930 -6.85083e+01
 64 -0.05100 -4.72970e+01 | 65 -0.20309 -2.85517e+01 | 66 -0.19592 -9.49659e+00
 67  0.00833  1.96715e+01 | 68  0.04108 -1.76377e+02 | 69 -0.17744 -2.03306e+01
 70 -0.23253 -2.69728e+01 | 71 -0.15357 -3.09405e+01 | 72 -1.66513 -4.11721e+00
 73 -0.12812 -2.10187e+00 | 74 -0.01952  5.06908e-02 |
Maximum number of function evaluations exceeded

 - final statistics:
74 variables; iteration 67; function evaluation 100
Function value 9.2161e+02; maximum gradient component mag -1.3488e+02
Exit code = 3;  converg criter 1.0000e+01
Var    Value     Gradient |Var    Value     Gradient |Var    Value     Gradient
  1  0.26505 -1.31372e+01 |  2 -3.59542  6.77086e+01 |  3 -1.71853  5.72590e+01
  4 -1.73396  5.47577e+01 |  5 -1.84178  3.39217e+01 |  6 -1.82544  3.78199e+01
  7  0.07328  1.87750e+01 |  8  0.06112  1.54560e+01 |  9  0.01421  4.33460e+00
 10  0.03765  9.08236e+00 | 11  0.00839  2.21379e+00 | 12 -0.00197 -2.41260e-01
 13  0.00543  1.43888e+00 | 14 -0.00226 -2.84228e-01 | 15 -0.01304 -3.01697e+00
 16 -0.02575 -6.25313e+00 | 17 -0.02856 -7.51591e+00 | 18  0.10655  1.80301e+01
 19  0.11281  1.78969e+01 | 20  0.06911  1.10697e+01 | 21  0.34945  2.39287e+01
 22  0.08021  1.96895e+01 | 23  0.03213  1.44128e+01 | 24  0.11911  5.47851e+01
 25  0.07438  5.57557e+01 | 26 -0.05355  1.23287e+01 | 27 -0.05290  2.54484e+01
 28 -0.13314 -2.55635e+00 | 29 -0.09239  2.62125e+01 | 30 -0.11633  1.20367e+01
 31 -0.07766  1.55933e+01 | 32 -0.06675 -8.37598e-01 | 33 -0.10375 -2.20891e+01
 34 -0.07144 -2.74898e+01 | 35 -0.07670 -3.44747e+01 | 36 -0.06865 -2.95727e+01
 37  0.00665 -5.97239e+01 | 38 -0.00096 -3.66943e+01 | 39 -0.17476 -1.34799e+01
 40 -0.02445 -5.20918e+01 | 41 -0.15390 -5.27900e+01 | 42  0.13506 -8.17921e+01
 43 -0.20947 -4.57275e+01 | 44 -0.12527 -2.38504e+01 | 45 -0.15450 -2.99233e+01
 46 -0.15022 -2.92748e+01 | 47 -0.08606 -1.88683e+01 | 48 -0.12951 -3.69420e+01
 49 -0.01520  3.19940e+01 | 50 -0.13124  2.75247e+01 | 51 -0.02926  1.23057e+02
 52 -0.12278  3.91405e+00 | 53 -0.04497  1.46449e+01 | 54 -0.02340  3.67411e+01
 55 -0.09233  1.81327e+01 | 56 -0.08262  2.46589e+01 | 57  0.02882  7.08356e+01
 58 -0.07967 -3.40237e+00 | 59 -0.10700 -3.82050e+01 | 60  0.02241 -1.09394e+02
 61 -0.11071 -8.89714e+01 | 62 -0.07879 -7.25017e+01 | 63 -0.12532 -4.52657e+01
 64 -0.04641 -1.73705e+01 | 65 -0.18764 -1.91469e+01 | 66 -0.20276 -1.42085e+01
 67 -0.00314  1.54756e+01 | 68  0.05023 -1.34877e+02 | 69 -0.18402 -1.12686e+01
 70 -0.23875 -2.61683e+01 | 71 -0.15136 -2.38524e+01 | 72 -1.66743 -6.62774e+00
 73 -0.14235 -8.36913e+00 | 74 -0.04929 -7.26833e+00 |

Initial statistics: 74 variables; iteration 0; function evaluation 0; phase 2
Function value 9.2161369e+02; maximum gradient component mag -1.3488e+02
Var    Value     Gradient |Var    Value     Gradient |Var    Value     Gradient
  1  0.26505 -1.31372e+01 |  2  0.40458  6.77086e+01 |  3 -0.28147 -5.72590e+01
  4 -0.26604 -5.47577e+01 |  5 -0.15822 -3.39217e+01 |  6 -0.17456 -3.78199e+01
  7  0.07328  1.87750e+01 |  8  0.06112  1.54560e+01 |  9  0.01421  4.33460e+00
 10  0.03765  9.08236e+00 | 11  0.00839  2.21379e+00 | 12 -0.00197 -2.41260e-01
 13  0.00543  1.43888e+00 | 14 -0.00226 -2.84228e-01 | 15 -0.01304 -3.01697e+00
 16 -0.02575 -6.25313e+00 | 17 -0.02856 -7.51591e+00 | 18  0.10655  1.80301e+01
 19  0.11281  1.78969e+01 | 20  0.06911  1.10697e+01 | 21  0.34945  2.39287e+01
 22  0.08021  1.96895e+01 | 23  0.03213  1.44128e+01 | 24  0.11911  5.47851e+01
 25  0.07438  5.57557e+01 | 26 -0.05355  1.23287e+01 | 27 -0.05290  2.54484e+01
 28 -0.13314 -2.55635e+00 | 29 -0.09239  2.62125e+01 | 30 -0.11633  1.20367e+01
 31 -0.07766  1.55933e+01 | 32 -0.06675 -8.37598e-01 | 33 -0.10375 -2.20891e+01
 34 -0.07144 -2.74898e+01 | 35 -0.07670 -3.44747e+01 | 36 -0.06865 -2.95727e+01
 37  0.00665 -5.97239e+01 | 38 -0.00096 -3.66943e+01 | 39 -0.17476 -1.34799e+01
 40 -0.02445 -5.20918e+01 | 41 -0.15390 -5.27900e+01 | 42  0.13506 -8.17921e+01
 43 -0.20947 -4.57275e+01 | 44 -0.12527 -2.38504e+01 | 45 -0.15450 -2.99233e+01
 46 -0.15022 -2.92748e+01 | 47 -0.08606 -1.88683e+01 | 48 -0.12951 -3.69420e+01
 49 -0.01520  3.19940e+01 | 50 -0.13124  2.75247e+01 | 51 -0.02926  1.23057e+02
 52 -0.12278  3.91405e+00 | 53 -0.04497  1.46449e+01 | 54 -0.02340  3.67411e+01
 55 -0.09233  1.81327e+01 | 56 -0.08262  2.46589e+01 | 57  0.02882  7.08356e+01
 58 -0.07967 -3.40237e+00 | 59 -0.10700 -3.82050e+01 | 60  0.02241 -1.09394e+02
 61 -0.11071 -8.89714e+01 | 62 -0.07879 -7.25017e+01 | 63 -0.12532 -4.52657e+01
 64 -0.04641 -1.73705e+01 | 65 -0.18764 -1.91469e+01 | 66 -0.20276 -1.42085e+01
 67 -0.00314  1.54756e+01 | 68  0.05023 -1.34877e+02 | 69 -0.18402 -1.12686e+01
 70 -0.23875 -2.61683e+01 | 71 -0.15136 -2.38524e+01 | 72 -0.33257  6.62774e+00
 73 -0.14235 -8.36913e+00 | 74 -0.04929 -7.26833e+00 |

Intermediate statistics: 74 variables; iteration 20; function evaluation 26; phase 2
Function value 8.4441769e+02; maximum gradient component mag -3.0816e+02
Var    Value     Gradient |Var    Value     Gradient |Var    Value     Gradient
  1  0.32067 -3.18538e+00 |  2  0.01265  2.66195e+00 |  3 -0.06005 -1.11228e+01
  4 -0.06021 -1.12068e+01 |  5 -0.05025 -8.87014e+00 |  6 -0.05384 -9.79797e+00
  7  0.00630  4.53302e+00 |  8  0.00293  3.56958e+00 |  9 -0.00872  6.36666e-01
 10 -0.00332  1.70799e+00 | 11 -0.01022 -6.54639e-02 | 12 -0.01263 -7.02721e-01
 13 -0.01074 -2.54326e-01 | 14 -0.01266 -6.82965e-01 | 15 -0.01540 -1.42621e+00
 16 -0.01884 -2.30430e+00 | 17 -0.01985 -2.70472e+00 | 18 -0.00193  1.57930e+00
 19 -0.00255  1.32921e+00 | 20 -0.00417  1.07486e+00 | 21  0.55788  4.49070e+01
 22  0.00152  4.89056e+00 | 23 -0.00816  4.90714e+00 | 24  0.03660  2.24925e+01
 25  0.02818  2.66318e+01 | 26 -0.04447  7.32785e+00 | 27 -0.04604  1.45358e+01
 28 -0.09218  2.34465e+00 | 29 -0.06822  1.85690e+01 | 30 -0.07675  1.27238e+01
 31 -0.02866  1.90447e+01 | 32  0.00746  1.02295e+01 | 33 -0.01683 -9.89445e+00
 34 -0.02403 -2.79229e+01 | 35  0.00641 -3.84434e+01 | 36 -0.12441 -3.81298e+01
 37  0.12393 -5.73708e+01 | 38  0.01154 -2.42420e+01 | 39 -0.13601 -1.04169e+00
 40  0.00001 -7.28718e+00 | 41  0.12426  5.78130e+00 | 42  0.14737  2.75083e+01
 43 -0.05494 -2.66832e+00 | 44 -0.05342  5.34055e+00 | 45 -0.06935  3.33666e+00
 46 -0.06936  6.71427e+00 | 47 -0.07380  1.26560e+01 | 48 -0.00516  7.02144e+01
 49 -0.00180  1.25850e+02 | 50 -0.06012  8.82340e+01 | 51  0.03808  1.27301e+02
 52 -0.14602 -4.47093e+01 | 53  0.00017 -8.69818e+01 | 54  0.02052 -2.62726e+01
 55 -0.01275  3.65814e+01 | 56 -0.03589  2.88569e+01 | 57  0.07108  4.50169e+01
 58 -0.03167  1.92333e+01 | 59 -0.00810  2.91821e+01 | 60  0.04071  3.45105e+01
 61  0.03081 -2.80394e+01 | 62 -0.12034 -4.13714e+01 | 63 -0.05054 -3.88615e+01
 64  0.00162 -1.99198e+01 | 65 -0.12366 -8.88834e+00 | 66 -0.12627 -4.04297e+00
 67  0.02744 -4.44944e+01 | 68  0.11700 -3.08161e+02 | 69 -0.24810 -5.50055e+01
 70 -0.17625 -4.11259e+01 | 71 -0.10080 -2.58780e+01 | 72 -0.27875  1.69572e+01
 73 -0.10076 -1.31155e+00 | 74 -0.02384 -1.84240e+00 |
74 variables; iteration 40; function evaluation 51; phase 2
Function value 8.2593013e+02; maximum gradient component mag 4.3064e+01
Var    Value     Gradient |Var    Value     Gradient |Var    Value     Gradient
  1  0.46428 -3.35182e-01 |  2 -0.00590 -1.85280e+00 |  3 -0.00773  1.55226e+00
  4 -0.00774  1.45675e+00 |  5 -0.00990  8.34527e-01 |  6 -0.00907  9.23363e-01
  7 -0.01400 -3.94500e-01 |  8 -0.01299 -3.18342e-01 |  9 -0.01111 -7.80286e-02
 10 -0.01036 -1.49997e-01 | 11 -0.00881  4.38463e-03 | 12 -0.00812  5.95619e-02
 13 -0.00814  3.09112e-02 | 14 -0.00787  6.45719e-02 | 15 -0.00680  1.42391e-01
 16 -0.00556  2.50533e-01 | 17 -0.00376  3.66102e-01 | 18 -0.00133  8.74123e-01
 19  0.00201  1.28975e+00 | 20  0.00133  9.69493e-01 | 21  0.59396 -1.70622e+01
 22 -0.00446  1.23613e+00 | 23 -0.01377  8.69109e-01 | 24 -0.01963  2.19609e+00
 25 -0.02169  5.23664e+00 | 26 -0.05006  1.52271e+00 | 27 -0.07137  1.73935e-01
 28 -0.08929 -7.75592e-01 | 29 -0.11062 -5.51452e+00 | 30 -0.09585 -2.58348e+00
 31 -0.05724 -2.98985e+00 | 32  0.01923  2.28478e+00 | 33  0.01172  4.39068e+00
 34  0.00662  4.38063e+00 | 35  0.01413  6.38413e+00 | 36 -0.00277  9.26038e+00
 37  0.12277  5.22787e+00 | 38  0.04379  1.40845e+00 | 39 -0.13310 -4.10551e-01
 40  0.00251  3.32234e-01 | 41  0.16160  8.69440e+00 | 42  0.12764  8.63126e+00
 43 -0.01225  8.84139e-01 | 44 -0.04428 -4.14676e-02 | 45 -0.04966  2.08583e+00
 46 -0.04972  2.25151e+00 | 47 -0.05006  9.71005e-02 | 48 -0.00228  6.45292e+00
 49 -0.01193  1.27497e+01 | 50 -0.05834  1.17148e+01 | 51  0.00185  4.30639e+01
 52 -0.03913  1.41536e+01 | 53  0.02607  8.64178e+00 | 54  0.00542 -1.57636e+01
 55 -0.02659 -1.16521e+01 | 56 -0.01636  1.73428e-03 | 57  0.07607  1.18790e+00
 58 -0.02854 -6.50249e+00 | 59  0.00889 -1.73487e+01 | 60  0.01786 -2.64467e+01
 61  0.04111 -2.49907e+01 | 62 -0.06685 -9.55432e+00 | 63 -0.03903 -7.37715e+00
 64 -0.01863 -8.84330e+00 | 65 -0.07895  7.66889e+00 | 66 -0.10002  6.20114e+00
 67 -0.00786 -1.45650e-01 | 68  0.13769  6.09957e+00 | 69 -0.17955 -1.54326e-02
 70 -0.17687 -7.75637e-01 | 71 -0.09005 -7.39528e+00 | 72 -0.28770 -1.47480e+00
 73 -0.09139  4.76454e-01 | 74 -0.01552  1.19207e-01 |
74 variables; iteration 60; function evaluation 82; phase 2
Function value 8.2513107e+02; maximum gradient component mag 1.0105e+01
Var    Value     Gradient |Var    Value     Gradient |Var    Value     Gradient
  1  0.49222 -2.47403e-01 |  2  0.00152 -1.41602e-02 |  3 -0.01465 -9.82508e-02
  4 -0.01416 -6.13150e-02 |  5 -0.01357 -8.79371e-03 |  6 -0.01318 -1.39834e-02
  7 -0.01292 -7.93120e-02 |  8 -0.01255 -1.47602e-01 |  9 -0.01181 -1.58848e-01
 10 -0.01110 -2.18948e-01 | 11 -0.00997 -1.42317e-01 | 12 -0.00965 -1.55275e-01
 13 -0.01011 -2.70657e-01 | 14 -0.01017 -2.93262e-01 | 15 -0.00894 -1.46945e-01
 16 -0.00747  5.71104e-02 | 17 -0.00588  1.83784e-01 | 18 -0.00650  5.27469e-02
 19 -0.00681 -2.76961e-01 | 20 -0.00322  4.30097e-01 | 21  0.59834 -8.29850e-01
 22 -0.01389 -4.08928e-01 | 23 -0.01926  1.11043e-01 | 24 -0.02966  9.37597e-02
 25 -0.04181 -2.44698e-01 | 26 -0.05156  1.54846e+00 | 27 -0.07306 -1.68364e-02
 28 -0.08916 -4.03619e-01 | 29 -0.09581  5.46195e-01 | 30 -0.08956  2.37416e-02
 31 -0.04756  5.84189e-02 | 32  0.01416 -1.27177e-01 | 33  0.00644 -1.66009e-01
 34  0.01200  2.87345e-01 | 35  0.01509 -3.42982e-01 | 36 -0.02327 -1.39954e+00
 37  0.12817  1.09820e+00 | 38  0.04505  2.35607e+00 | 39 -0.13142  7.23153e-02
 40  0.00926  6.47548e-01 | 41  0.16118  3.84490e-02 | 42  0.12134  1.32558e+00
 43 -0.00004  2.05108e+00 | 44 -0.03985  5.85977e-01 | 45 -0.05143  1.00614e+00
 46 -0.05321  4.78946e-01 | 47 -0.04154  1.92455e+00 | 48 -0.00826  2.45943e+00
 49 -0.01061  5.80559e+00 | 50 -0.04837  2.85156e+00 | 51 -0.01325  1.01050e+01
 52 -0.02789  3.73050e+00 | 53  0.01640  9.88179e+00 | 54  0.01740  8.15640e+00
 55 -0.02482  2.74066e+00 | 56 -0.02328  1.23137e-01 | 57  0.07593 -2.27795e+00
 58 -0.02805 -2.56595e+00 | 59  0.01115 -5.44008e+00 | 60  0.01640 -1.00107e+01
 61  0.04413 -5.48822e+00 | 62 -0.06824 -3.55597e+00 | 63 -0.04552 -3.24525e+00
 64 -0.00808 -5.34137e+00 | 65 -0.09142 -1.90135e+00 | 66 -0.10824 -2.43868e+00
 67 -0.00114 -4.90782e+00 | 68  0.13639 -6.06176e+00 | 69 -0.17998 -1.45587e+00
 70 -0.17557 -1.36941e-01 | 71 -0.08932 -2.10240e+00 | 72 -0.28545  6.98500e-01
 73 -0.09121  5.33368e-01 | 74 -0.01597  8.00437e-03 |

 - final statistics:
74 variables; iteration 65; function evaluation 91
Function value 8.2507e+02; maximum gradient component mag -9.3602e+00
Exit code = 1;  converg criter 1.0000e+01
Var    Value     Gradient |Var    Value     Gradient |Var    Value     Gradient
  1  0.51561 -1.81852e-01 |  2  0.00329  4.18852e-01 |  3 -0.01362  1.52686e-01
  4 -0.01300  2.23080e-01 |  5 -0.01229  3.05522e-01 |  6 -0.01172  3.39478e-01
  7 -0.01207  1.26330e-01 |  8 -0.01170  5.50733e-02 |  9 -0.01125 -3.00819e-02
 10 -0.01090 -1.77267e-01 | 11 -0.01021 -2.06477e-01 | 12 -0.00996 -2.41058e-01
 13 -0.01013 -2.90001e-01 | 14 -0.01018 -3.14394e-01 | 15 -0.00929 -2.47808e-01
 16 -0.00860 -2.25122e-01 | 17 -0.00852 -4.42566e-01 | 18 -0.00701 -9.19348e-02
 19 -0.00399  3.29061e-01 | 20 -0.00508 -2.10734e-02 | 21  0.59895 -2.30560e+00
 22 -0.01300 -2.39914e-01 | 23 -0.01728  5.58676e-01 | 24 -0.03081 -2.78800e-01
 25 -0.03932  4.35388e-01 | 26 -0.05817 -7.20036e-01 | 27 -0.07286 -1.58080e-02
 28 -0.08979 -7.13601e-01 | 29 -0.09656  1.90610e-01 | 30 -0.08997 -1.33558e-01
 31 -0.04674  4.71262e-01 | 32  0.01472  4.00308e-01 | 33  0.00796  5.38724e-01
 34  0.01022  4.83566e-01 | 35  0.01585  9.39300e-01 | 36 -0.01986  4.60934e-01
 37  0.12896  2.34124e+00 | 38  0.04279  1.16656e+00 | 39 -0.13238 -2.89006e-01
 40  0.00866  4.66701e-01 | 41  0.16303  3.31398e-01 | 42  0.12229  5.03100e-01
 43 -0.00539 -1.59497e-01 | 44 -0.03997 -4.20585e-01 | 45 -0.05150  2.02857e-01
 46 -0.05048  7.83563e-01 | 47 -0.04278  9.28184e-01 | 48 -0.00822  1.38470e+00
 49 -0.00956  4.11316e+00 | 50 -0.04455  1.33862e+00 | 51 -0.01894  3.94442e+00
 52 -0.02122  2.56432e+00 | 53  0.01425  6.36158e+00 | 54  0.01825  6.27668e+00
 55 -0.02380  2.57078e+00 | 56 -0.02301  3.37561e-01 | 57  0.07652 -2.01257e+00
 58 -0.02813 -2.73614e+00 | 59  0.01165 -4.84287e+00 | 60  0.01766 -9.36016e+00
 61  0.04380 -5.35189e+00 | 62 -0.06687 -2.75962e+00 | 63 -0.04633 -1.76349e+00
 64 -0.00578 -1.01038e+00 | 65 -0.09327 -5.00382e-01 | 66 -0.10782 -4.04679e-01
 67  0.00110 -5.17798e-01 | 68  0.13635  1.36803e+00 | 69 -0.17650  6.17866e-01
 70 -0.17594 -1.59292e-01 | 71 -0.08871 -1.55970e+00 | 72 -0.28554  2.87390e-01
 73 -0.09354 -5.04405e-01 | 74 -0.01530  1.68016e-01 |

Initial statistics: 85 variables; iteration 0; function evaluation 0; phase 3
Function value 8.2507185e+02; maximum gradient component mag 3.8715e+02
Var    Value     Gradient |Var    Value     Gradient |Var    Value     Gradient
  1  0.51561 -1.81852e-01 |  2 -0.04700 -1.17768e+01 |  3  0.00329  4.18852e-01
  4 -0.01362  1.52686e-01 |  5 -0.01300  2.23080e-01 |  6 -0.01229  3.05522e-01
  7 -0.01172  3.39478e-01 |  8 -0.01207  1.26330e-01 |  9 -0.01170  5.50733e-02
 10 -0.01125 -3.00819e-02 | 11 -0.01090 -1.77267e-01 | 12 -0.01021 -2.06477e-01
 13 -0.00996 -2.41058e-01 | 14 -0.01013 -2.90001e-01 | 15 -0.01018 -3.14394e-01
 16 -0.00929 -2.47808e-01 | 17 -0.00860 -2.25122e-01 | 18 -0.00852 -4.42566e-01
 19 -0.00701 -9.19348e-02 | 20 -0.00399  3.29061e-01 | 21 -0.00508 -2.10734e-02
 22  0.59895 -2.30560e+00 | 23 -0.01300 -2.39914e-01 | 24 -0.01728  5.58676e-01
 25 -0.03081 -2.78800e-01 | 26 -0.03932  4.35388e-01 | 27 -0.05817 -7.20036e-01
 28 -0.07286 -1.58080e-02 | 29 -0.08979 -7.13601e-01 | 30 -0.09656  1.90610e-01
 31 -0.08997 -1.33558e-01 | 32 -0.04674  4.71262e-01 | 33  0.01472  4.00308e-01
 34  0.00796  5.38724e-01 | 35  0.01022  4.83566e-01 | 36  0.01585  9.39300e-01
 37 -0.01986  4.60934e-01 | 38  0.12896  2.34124e+00 | 39  0.04279  1.16656e+00
 40 -0.13238 -2.89006e-01 | 41  0.00866  4.66701e-01 | 42  0.16303  3.31398e-01
 43  0.12229  5.03100e-01 | 44 -0.00539 -1.59497e-01 | 45 -0.03997 -4.20585e-01
 46 -0.05150  2.02857e-01 | 47 -0.05048  7.83563e-01 | 48 -0.04278  9.28184e-01
 49 -0.00822  1.38470e+00 | 50 -0.00956  4.11316e+00 | 51 -0.04455  1.33862e+00
 52 -0.01894  3.94442e+00 | 53 -0.02122  2.56432e+00 | 54  0.01425  6.36158e+00
 55  0.01825  6.27668e+00 | 56 -0.02380  2.57078e+00 | 57 -0.02301  3.37561e-01
 58  0.07652 -2.01257e+00 | 59 -0.02813 -2.73614e+00 | 60  0.01165 -4.84287e+00
 61  0.01766 -9.36016e+00 | 62  0.04380 -5.35189e+00 | 63 -0.06687 -2.75962e+00
 64 -0.04633 -1.76349e+00 | 65 -0.00578 -1.01038e+00 | 66 -0.09327 -5.00382e-01
 67 -0.10782 -4.04679e-01 | 68  0.00110 -5.17798e-01 | 69  0.13635  1.36803e+00
 70 -0.17650  6.17866e-01 | 71 -0.17594 -1.59292e-01 | 72 -0.08871 -1.55970e+00
 73 -0.28554  2.87390e-01 | 74 -0.09354 -5.04405e-01 | 75 -0.01530  1.68016e-01
 76 -0.81294 -1.20326e+01 | 77 -0.02053  3.15660e-04 | 78 -0.17016  2.29524e+02
 79  0.12440 -6.54982e+00 | 80  0.09427  3.80398e+00 | 81  0.06252 -1.43908e+01
 82 -0.27169 -5.82277e+01 | 83  0.02546  4.38429e+01 | 84 -0.12134  3.87150e+02
 85  0.10175  3.63441e+02 |

Intermediate statistics: 85 variables; iteration 20; function evaluation 31; phase 3
Function value 5.3586635e+02; maximum gradient component mag -7.3386e+02
Var    Value     Gradient |Var    Value     Gradient |Var    Value     Gradient
  1  0.51907 -3.00902e-01 |  2  0.04877  1.15524e+01 |  3 -0.00043 -4.63457e-01
  4 -0.01520 -2.08195e-01 |  5 -0.01523 -2.95434e-01 |  6 -0.01524 -4.04097e-01
  7 -0.01497 -4.75165e-01 |  8 -0.01366 -3.06277e-01 |  9 -0.01291 -2.83303e-01
 10 -0.01206 -2.56607e-01 | 11 -0.01087 -1.82722e-01 | 12 -0.01017 -2.33051e-01
 13 -0.00975 -2.87767e-01 | 14 -0.00959 -3.49287e-01 | 15 -0.00973 -4.72673e-01
 16 -0.00981 -7.14769e-01 | 17 -0.00978 -9.32504e-01 | 18 -0.00852 -9.64927e-01
 19 -0.01114 -1.62481e+00 | 20 -0.01246 -2.36278e+00 | 21 -0.01026 -2.35350e+00
 22  0.71894 -1.08780e+02 | 23 -0.01253 -2.95006e+00 | 24 -0.01963 -4.07803e+00
 25 -0.02016 -3.38635e+00 | 26 -0.02683 -4.01035e+00 | 27 -0.03069 -2.15046e+00
 28 -0.04519 -1.47840e+00 | 29 -0.05879  1.34930e+00 | 30 -0.08324  2.04968e+00
 31 -0.11110  3.90456e-01 | 32 -0.15001 -1.03299e+01 | 33 -0.20418 -3.13573e+01
 34 -0.21067 -4.15318e+01 | 35 -0.18021 -4.31839e+01 | 36 -0.08881 -3.57066e+01
 37  0.15588  4.41704e+00 | 38  0.25465  8.64593e+01 | 39  0.25607  5.89926e+01
 40  0.12328  4.26350e+01 | 41  0.18487  8.63506e+01 | 42  0.10607  6.56069e+01
 43  0.07330  4.14137e+01 | 44  0.13029  6.25529e+01 | 45  0.06929  5.09304e+01
 46 -0.04941  1.09016e+01 | 47 -0.10318 -8.29673e+00 | 48 -0.07606 -4.89663e+00
 49  0.00956 -9.72071e+00 | 50 -0.23036 -5.70509e+01 | 51 -0.13935 -3.93296e+01
 52 -0.02542 -2.18761e+01 | 53 -0.04097 -1.58532e+01 | 54 -0.05361 -1.27088e+01
 55  0.06517 -1.89322e+00 | 56 -0.08117 -2.17803e+01 | 57  0.05156  1.53165e+01
 58 -0.01704  1.60668e+01 | 59  0.07010  5.95731e+01 | 60  0.04921 -6.81113e+01
 61 -0.26765 -7.17208e+01 | 62  0.11515 -2.85563e+02 | 63 -0.12043 -8.45008e+01
 64 -0.05753 -7.07310e+01 | 65  0.02348 -1.35638e+02 | 66 -0.09936 -5.88865e+01
 67 -0.07270  1.07456e-01 | 68 -0.06562  1.26782e+02 | 69  0.14623  7.04018e+02
 70  0.06771  8.52667e+01 | 71 -0.40216 -7.95506e+01 | 72 -0.24396 -7.39446e+01
 73 -0.23084 -1.38959e+01 | 74 -0.01875  3.00959e+00 | 75 -0.01636 -2.55659e-01
 76 -0.47580 -2.47270e+01 | 77 -0.02175  8.76687e+00 | 78 -1.26016 -7.33865e+02
 79  0.17723  3.80647e+00 | 80  0.08714 -5.41574e+00 | 81  0.27727 -1.87904e+00
 82  0.16324 -3.86536e+02 | 83 -0.30955  5.55916e+01 | 84 -0.31420  2.57236e+01
 85 -0.20561  1.61171e+02 |
  ic > imax  in fminim is answer attained ?
Var    Value     Gradient |Var    Value     Gradient |Var    Value     Gradient
  1  0.56853 -1.52353e-01 |  2  0.01355  3.00024e+00 |  3  0.00085 -1.66621e-01
  4 -0.01472 -1.06549e-01 |  5 -0.01454 -1.46799e-01 |  6 -0.01434 -2.00168e-01
  7 -0.01403 -2.52154e-01 |  8 -0.01340 -2.46908e-01 |  9 -0.01289 -2.89094e-01
 10 -0.01230 -3.42400e-01 | 11 -0.01157 -3.99214e-01 | 12 -0.01096 -4.92231e-01
 13 -0.01067 -5.92842e-01 | 14 -0.01071 -7.10897e-01 | 15 -0.01095 -8.80541e-01
 16 -0.01087 -1.11354e+00 | 17 -0.01079 -1.36005e+00 | 18 -0.01018 -1.60186e+00
 19 -0.01173 -2.05828e+00 | 20 -0.01162 -2.53478e+00 | 21 -0.01063 -2.82758e+00
 22  0.68685 -1.18194e+02 | 23 -0.01399 -3.56723e+00 | 24 -0.01875 -4.02345e+00
 25 -0.02275 -3.81634e+00 | 26 -0.02797 -3.62405e+00 | 27 -0.03725 -2.46148e+00
 28 -0.05444 -1.64295e+00 | 29 -0.07776 -9.44765e-01 | 30 -0.10539 -6.07740e-01
 31 -0.13079 -7.17450e-01 | 32 -0.15112 -3.40561e+00 | 33 -0.16709 -1.26490e+01
 34 -0.14330 -1.79121e+01 | 35 -0.08196 -1.37847e+01 | 36  0.02263 -6.95760e+00
 37  0.16801  4.59792e+01 | 38  0.20439  7.09258e+01 | 39  0.26747  3.04179e+01
 40  0.09504  3.10880e+01 | 41  0.18387  7.63471e+01 | 42  0.08685  4.62879e+01
 43  0.05479  1.99681e+01 | 44  0.09057  2.34338e+01 | 45  0.01754  1.73977e+01
 46 -0.07468 -1.42133e+00 | 47 -0.10662 -1.07688e+01 | 48 -0.08355 -1.26440e+01
 49  0.01834 -3.81141e+01 | 50 -0.24059 -6.23288e+01 | 51 -0.09164 -1.59215e+01
 52 -0.00331  1.35210e+01 | 53 -0.07026 -2.56163e+01 | 54 -0.02558 -4.09088e+01
 55  0.03613 -5.69947e+01 | 56 -0.04066  9.05309e+00 | 57  0.04415  9.09439e+01
 58 -0.00925  4.60434e+01 | 59  0.06223 -8.69465e+00 | 60  0.01679 -1.07259e+02
 61 -0.19822 -6.37784e+01 | 62  0.12310 -6.27982e+01 | 63 -0.20011 -5.18885e+01
 64 -0.01949 -2.24542e+01 | 65 -0.01572 -1.01735e+02 | 66 -0.05083 -3.76149e+01
 67 -0.09316 -9.26422e+00 | 68 -0.09799  5.96957e+01 | 69  0.14049  5.23533e+02
 70  0.04936  8.19500e+01 | 71 -0.27167 -7.24873e+01 | 72 -0.27716 -9.71362e+01
 73 -0.20484  1.27250e+01 | 74 -0.01918  3.46826e+00 | 75 -0.01565 -1.45637e-02
 76 -0.37129 -5.21195e+00 | 77 -0.07599  1.09952e+01 | 78 -1.26113  2.39428e+03
 79  0.12649 -6.75713e+00 | 80  0.76950 -2.58561e+00 | 81  1.73665  1.02885e+01
 82  0.17103 -1.60239e+02 | 83 -0.33407  2.94306e+01 | 84 -0.29957  1.05228e+02
 85 -0.17626  1.84389e+02 |
Function minimizer not making progress ... is minimum attained?
Minimprove criterion = 0.0000e+00

 - final statistics:
85 variables; iteration 37; function evaluation 80
Function value nan; maximum gradient component mag 2.3943e+03
Exit code = 1;  converg criter 1.0000e-04
Var    Value     Gradient |Var    Value     Gradient |Var    Value     Gradient
  1  0.56853 -1.52353e-01 |  2  0.01355  3.00024e+00 |  3  0.00085 -1.66621e-01
  4 -0.01472 -1.06549e-01 |  5 -0.01454 -1.46799e-01 |  6 -0.01434 -2.00168e-01
  7 -0.01403 -2.52154e-01 |  8 -0.01340 -2.46908e-01 |  9 -0.01289 -2.89094e-01
 10 -0.01230 -3.42400e-01 | 11 -0.01157 -3.99214e-01 | 12 -0.01096 -4.92231e-01
 13 -0.01067 -5.92842e-01 | 14 -0.01071 -7.10897e-01 | 15 -0.01095 -8.80541e-01
 16 -0.01087 -1.11354e+00 | 17 -0.01079 -1.36005e+00 | 18 -0.01018 -1.60186e+00
 19 -0.01173 -2.05828e+00 | 20 -0.01162 -2.53478e+00 | 21 -0.01063 -2.82758e+00
 22  0.68685 -1.18194e+02 | 23 -0.01399 -3.56723e+00 | 24 -0.01875 -4.02345e+00
 25 -0.02275 -3.81634e+00 | 26 -0.02797 -3.62405e+00 | 27 -0.03725 -2.46148e+00
 28 -0.05444 -1.64295e+00 | 29 -0.07776 -9.44765e-01 | 30 -0.10539 -6.07740e-01
 31 -0.13079 -7.17450e-01 | 32 -0.15112 -3.40561e+00 | 33 -0.16709 -1.26490e+01
 34 -0.14330 -1.79121e+01 | 35 -0.08196 -1.37847e+01 | 36  0.02263 -6.95760e+00
 37  0.16801  4.59792e+01 | 38  0.20439  7.09258e+01 | 39  0.26747  3.04179e+01
 40  0.09504  3.10880e+01 | 41  0.18387  7.63471e+01 | 42  0.08685  4.62879e+01
 43  0.05479  1.99681e+01 | 44  0.09057  2.34338e+01 | 45  0.01754  1.73977e+01
 46 -0.07468 -1.42133e+00 | 47 -0.10662 -1.07688e+01 | 48 -0.08355 -1.26440e+01
 49  0.01834 -3.81141e+01 | 50 -0.24059 -6.23288e+01 | 51 -0.09164 -1.59215e+01
 52 -0.00331  1.35210e+01 | 53 -0.07026 -2.56163e+01 | 54 -0.02558 -4.09088e+01
 55  0.03613 -5.69947e+01 | 56 -0.04066  9.05309e+00 | 57  0.04415  9.09439e+01
 58 -0.00925  4.60434e+01 | 59  0.06223 -8.69465e+00 | 60  0.01679 -1.07259e+02
 61 -0.19822 -6.37784e+01 | 62  0.12310 -6.27982e+01 | 63 -0.20011 -5.18885e+01
 64 -0.01949 -2.24542e+01 | 65 -0.01572 -1.01735e+02 | 66 -0.05083 -3.76149e+01
 67 -0.09316 -9.26422e+00 | 68 -0.09799  5.96957e+01 | 69  0.14049  5.23533e+02
 70  0.04936  8.19500e+01 | 71 -0.27167 -7.24873e+01 | 72 -0.27716 -9.71362e+01
 73 -0.20484  1.27250e+01 | 74 -0.01918  3.46826e+00 | 75 -0.01565 -1.45637e-02
 76 -0.37129 -5.21195e+00 | 77 -0.07599  1.09952e+01 | 78 -1.26113  2.39428e+03
 79  0.12649 -6.75713e+00 | 80  0.76950 -2.58561e+00 | 81  1.73665  1.02885e+01
 82  0.17103 -1.60239e+02 | 83 -0.33407  2.94306e+01 | 84 -0.29957  1.05228e+02
 85 -0.17626  1.84389e+02 |

Initial statistics: 87 variables; iteration 0; function evaluation 0; phase 4
Function value 5.0218367e+02; maximum gradient component mag -2.3943e+03
Var    Value     Gradient |Var    Value     Gradient |Var    Value     Gradient
  1  0.56853 -1.52353e-01 |  2  0.01355  3.00024e+00 |  3  0.00085 -1.66621e-01
  4 -0.01472 -1.06549e-01 |  5 -0.01454 -1.46799e-01 |  6 -0.01434 -2.00168e-01
  7 -0.01403 -2.52154e-01 |  8 -0.01340 -2.46908e-01 |  9 -0.01289 -2.89094e-01
 10 -0.01230 -3.42400e-01 | 11 -0.01157 -3.99214e-01 | 12 -0.01096 -4.92231e-01
 13 -0.01067 -5.92842e-01 | 14 -0.01071 -7.10897e-01 | 15 -0.01095 -8.80541e-01
 16 -0.01087 -1.11354e+00 | 17 -0.01079 -1.36005e+00 | 18 -0.01018 -1.60186e+00
 19 -0.01173 -2.05828e+00 | 20 -0.01162 -2.53478e+00 | 21 -0.01063 -2.82758e+00
 22  0.68685 -1.18194e+02 | 23 -0.01399 -3.56723e+00 | 24 -0.01875 -4.02345e+00
 25 -0.02275 -3.81634e+00 | 26 -0.02797 -3.62405e+00 | 27 -0.03725 -2.46148e+00
 28 -0.05444 -1.64295e+00 | 29 -0.07776 -9.44765e-01 | 30 -0.10539 -6.07740e-01
 31 -0.13079 -7.17450e-01 | 32 -0.15112 -3.40561e+00 | 33 -0.16709 -1.26490e+01
 34 -0.14330 -1.79121e+01 | 35 -0.08196 -1.37847e+01 | 36  0.02263 -6.95760e+00
 37  0.16801  4.59792e+01 | 38  0.20439  7.09258e+01 | 39  0.26747  3.04179e+01
 40  0.09504  3.10880e+01 | 41  0.18387  7.63471e+01 | 42  0.08685  4.62879e+01
 43  0.05479  1.99681e+01 | 44  0.09057  2.34338e+01 | 45  0.01754  1.73977e+01
 46 -0.07468 -1.42133e+00 | 47 -0.10662 -1.07688e+01 | 48 -0.08355 -1.26440e+01
 49  0.01834 -3.81141e+01 | 50 -0.24059 -6.23288e+01 | 51 -0.09164 -1.59215e+01
 52 -0.00331  1.35210e+01 | 53 -0.07026 -2.56163e+01 | 54 -0.02558 -4.09088e+01
 55  0.03613 -5.69947e+01 | 56 -0.04066  9.05309e+00 | 57  0.04415  9.09439e+01
 58 -0.00925  4.60434e+01 | 59  0.06223 -8.69465e+00 | 60  0.01679 -1.07259e+02
 61 -0.19822 -6.37784e+01 | 62  0.12310 -6.27982e+01 | 63 -0.20011 -5.18885e+01
 64 -0.01949 -2.24542e+01 | 65 -0.01572 -1.01735e+02 | 66 -0.05083 -3.76149e+01
 67 -0.09316 -9.26422e+00 | 68 -0.09799  5.96957e+01 | 69  0.14049  5.23533e+02
 70  0.04936  8.19500e+01 | 71 -0.27167 -7.24873e+01 | 72 -0.27716 -9.71362e+01
 73 -0.20484  1.27250e+01 | 74 -0.01918  3.46826e+00 | 75 -0.01565 -1.45637e-02
 76  0.00000  0.00000e+00 | 77  0.00000  0.00000e+00 | 78 -0.37129 -5.21195e+00
 79 -0.07599  1.09952e+01 | 80 -0.73887 -2.39428e+03 | 81  0.12649 -6.75713e+00
 82  0.76950 -2.58561e+00 | 83  0.26335 -1.02885e+01 | 84  0.17103 -1.60239e+02
 85 -0.33407  2.94306e+01 | 86 -0.29957  1.05228e+02 | 87 -0.17626  1.84389e+02

Intermediate statistics: 87 variables; iteration 20; function evaluation 29; phase 4
Function value 4.4003671e+02; maximum gradient component mag 3.7732e+03
Var    Value     Gradient |Var    Value     Gradient |Var    Value     Gradient
  1  0.56993 -6.43463e-02 |  2 -0.00329 -1.12357e+00 |  3  0.00162  1.03691e-02
  4 -0.01431 -1.56845e-02 |  5 -0.01396 -1.39425e-02 |  6 -0.01354 -1.03922e-02
  7 -0.01306 -1.10830e-02 |  8 -0.01260 -3.75871e-02 |  9 -0.01200 -5.34195e-02
 10 -0.01129 -7.33134e-02 | 11 -0.01045 -1.02155e-01 | 12 -0.00962 -1.28693e-01
 13 -0.00922 -1.64533e-01 | 14 -0.00918 -2.10186e-01 | 15 -0.00916 -2.55518e-01
 16 -0.00849 -2.99753e-01 | 17 -0.00783 -3.63615e-01 | 18 -0.00666 -4.57881e-01
 19 -0.00691 -5.08889e-01 | 20 -0.00572 -6.06587e-01 | 21 -0.00538 -8.29050e-01
 22  0.63849 -5.39006e+01 | 23 -0.01093 -1.29029e+00 | 24 -0.01698 -1.47884e+00
 25 -0.02684 -1.93648e+00 | 26 -0.03774 -2.39101e+00 | 27 -0.05546 -3.04917e+00
 28 -0.07689 -3.34896e+00 | 29 -0.10204 -3.38542e+00 | 30 -0.12918 -3.04793e+00
 31 -0.15251 -2.27040e+00 | 32 -0.16384 -4.44631e-01 | 33 -0.15181  3.22097e+00
 34 -0.10598  4.87883e+00 | 35 -0.05620  4.28828e+00 | 36  0.05556  6.22486e+00
 37  0.11525  1.06234e+01 | 38  0.11390  3.14578e+01 | 39  0.30236  9.22787e+01
 40  0.02303  6.34020e+00 | 41  0.11194  6.79461e+00 | 42  0.00493 -1.69731e+00
 43  0.04987 -1.32013e+00 | 44  0.02736 -7.58470e+00 | 45 -0.05409 -8.87705e+00
 46 -0.08871 -1.29127e+00 | 47 -0.09772  2.58121e+00 | 48 -0.08397  4.65681e+00
 49 -0.03172  1.47202e+01 | 50  0.00465  2.48637e+01 | 51 -0.07391  1.83064e+01
 52  0.00418  3.28967e+01 | 53 -0.01711  2.71078e+01 | 54 -0.01496  1.33684e+01
 55  0.06241 -4.27186e+01 | 56 -0.04384 -5.81934e+01 | 57  0.03751 -1.06527e+02
 58 -0.00621 -3.26597e+01 | 59  0.06359  3.11094e+01 | 60  0.03152  2.86276e+01
 61 -0.01287  3.24600e+01 | 62  0.07243  2.77796e+00 | 63  0.02018  5.62705e+01
 64 -0.10897  1.09030e+01 | 65  0.03896  3.16111e+01 | 66 -0.08032 -9.67496e+00
 67 -0.06852 -7.61734e+00 | 68 -0.08127  5.04051e+00 | 69  0.09822 -3.31931e+01
 70  0.09017 -7.93700e+01 | 71 -0.15232 -4.09607e-02 | 72 -0.26266 -3.08512e+00
 73 -0.22786  2.04783e+01 | 74 -0.03805 -1.21098e+00 | 75 -0.01545 -1.48402e-02
 76  0.00000  0.00000e+00 | 77  0.00000  0.00000e+00 | 78 -0.39395 -7.04924e+00
 79 -0.19176  1.08305e+01 | 80 -0.73876  3.77322e+03 | 81  0.15266  2.53209e+01
 82  0.80573 -2.13178e+00 | 83  0.36367 -2.37709e+00 | 84  0.15823 -4.66934e+02
 85 -0.41099  4.87885e+01 | 86 -0.34622 -6.35704e+02 | 87 -0.27977  2.95441e+02
87 variables; iteration 40; function evaluation 57; phase 4
Function value 4.2802420e+02; maximum gradient component mag 1.2907e+04
Var    Value     Gradient |Var    Value     Gradient |Var    Value     Gradient
  1  0.66596 -3.24420e-02 |  2  0.00325  5.00391e-01 |  3  0.00145  1.85088e-03
  4 -0.01436  6.70755e-03 |  5 -0.01408 -1.29300e-03 |  6 -0.01376 -1.53997e-02
  7 -0.01338 -3.39491e-02 |  8 -0.01290 -4.49468e-02 |  9 -0.01237 -6.36453e-02
 10 -0.01175 -8.73544e-02 | 11 -0.01103 -1.17859e-01 | 12 -0.01035 -1.51541e-01
 13 -0.01005 -1.73250e-01 | 14 -0.01010 -1.96937e-01 | 15 -0.01026 -2.38632e-01
 16 -0.00993 -3.02940e-01 | 17 -0.00968 -3.77194e-01 | 18 -0.00887 -4.43823e-01
 19 -0.00948 -4.67786e-01 | 20 -0.00838 -4.45345e-01 | 21 -0.00782 -4.49348e-01
 22  0.64184 -1.17846e+01 | 23 -0.01313 -4.89105e-01 | 24 -0.01871 -3.98986e-01
 25 -0.02602 -6.67897e-02 | 26 -0.03438  3.47306e-01 | 27 -0.04940  6.70469e-01
 28 -0.06978  9.00432e-01 | 29 -0.09427  1.29630e+00 | 30 -0.12109  1.90739e+00
 31 -0.14522  2.26650e+00 | 32 -0.16046  1.69400e+00 | 33 -0.15720 -7.61579e-01
 34 -0.11214 -4.81527e+00 | 35 -0.04946 -3.40949e+00 | 36  0.05859 -4.94386e+00
 37  0.13848  2.51469e+00 | 38  0.10786  1.04563e+01 | 39  0.28429  2.62403e+01
 40  0.05048  1.00787e+01 | 41  0.13539  1.84308e+01 | 42  0.01897  6.81276e+00
 43  0.06611  7.81738e+00 | 44  0.04510 -1.58016e+00 | 45 -0.00901  2.65966e+00
 46 -0.07897 -3.30148e-01 | 47 -0.09769 -8.78339e-01 | 48 -0.08672 -4.10870e-01
 49 -0.04211  1.40290e+00 | 50 -0.01454 -4.18352e+00 | 51 -0.07782  9.91117e+00
 52  0.00342  1.27575e+01 | 53 -0.04100 -1.14404e+01 | 54 -0.00730  5.93397e+00
 55  0.05311  6.44505e-02 | 56 -0.02245  1.90716e+01 | 57  0.05432  6.01089e+01
 58 -0.00766  1.14418e+01 | 59  0.05494 -1.52978e+01 | 60  0.03988 -2.26448e+01
 61 -0.04727 -1.40732e+01 | 62  0.08836 -6.06758e+01 | 63 -0.00582 -3.86214e+01
 64 -0.11935 -3.06307e+01 | 65  0.03218 -3.39123e+01 | 66 -0.06681 -4.89697e+00
 67 -0.06601  2.98299e+00 | 68 -0.09084  1.21623e+01 | 69  0.10010  6.32299e+01
 70  0.10008 -8.23010e+00 | 71 -0.17360 -1.54172e+01 | 72 -0.26160  5.24568e+00
 73 -0.22022  3.70554e+01 | 74 -0.02933  1.10843e+00 | 75 -0.01471  1.69971e-01
 76  0.00000  0.00000e+00 | 77  0.00000  0.00000e+00 | 78 -0.42217 -6.18266e+01
 79 -0.34115  1.16662e+01 | 80 -0.73857  1.29069e+04 | 81  0.11598  4.39945e+01
 82  1.13290  1.51313e+00 | 83  0.58775 -1.77801e-01 | 84  0.15793 -5.24336e+01
 85 -0.48472  4.88169e+00 | 86 -0.35771 -7.18745e+02 | 87 -0.33415  2.28288e+02
87 variables; iteration 60; function evaluation 89; phase 4
Function value 4.1956365e+02; maximum gradient component mag -4.7396e+03
Var    Value     Gradient |Var    Value     Gradient |Var    Value     Gradient
  1  0.75952 -1.13871e-02 |  2  0.01128  2.45562e+00 |  3  0.00243  2.37045e-01
  4 -0.01349  2.16857e-01 |  5 -0.01332  1.85008e-01 |  6 -0.01289  1.97330e-01
  7 -0.01211  2.70195e-01 |  8 -0.01113  3.74799e-01 |  9 -0.01037  4.04111e-01
 10 -0.00967  3.88253e-01 | 11 -0.00907  3.14880e-01 | 12 -0.00885  1.58604e-01
 13 -0.00904  9.71273e-03 | 14 -0.01002 -2.34667e-01 | 15 -0.01184 -6.75363e-01
 16 -0.01307 -1.11959e+00 | 17 -0.01362 -1.40515e+00 | 18 -0.01129 -1.16209e+00
 19 -0.01400 -1.68102e+00 | 20 -0.01127 -1.30651e+00 | 21 -0.00799 -7.11924e-01
 22  0.62700 -1.57257e+01 | 23 -0.02111 -2.52931e+00 | 24 -0.02478 -1.97277e+00
 25 -0.02949 -9.09576e-01 | 26 -0.03846 -5.48297e-01 | 27 -0.06248 -2.99733e+00
 28 -0.06740  2.70964e+00 | 29 -0.09538  2.18751e+00 | 30 -0.12716  9.05147e-01
 31 -0.14291  5.68707e+00 | 32 -0.17686 -4.21412e+00 | 33 -0.16997 -4.51499e+00
 34 -0.11138 -1.77835e+00 | 35 -0.07069 -7.19869e+00 | 36  0.06305  2.93670e-01
 37  0.12821  2.77246e+00 | 38  0.10401  7.28265e+00 | 39  0.28071  6.30877e+00
 40  0.01472 -5.75611e+00 | 41  0.11457 -4.48322e+00 | 42  0.03547  4.73480e+00
 43  0.04231 -9.07894e-01 | 44  0.05571 -5.42588e-01 | 45 -0.01135  3.11915e+00
 46 -0.08397 -1.66772e+00 | 47 -0.10130 -1.74596e+00 | 48 -0.09058 -6.61158e-01
 49 -0.03935  4.74405e+00 | 50 -0.01577 -8.51785e+00 | 51 -0.08732 -8.70102e+00
 52 -0.01346 -1.51154e+01 | 53 -0.01961 -7.28652e-01 | 54 -0.03323 -7.60333e-01
 55  0.06221  1.83662e+01 | 56 -0.03641  2.66716e+00 | 57  0.04829  1.04825e+01
 58 -0.01939 -3.83309e+00 | 59  0.05810  1.06300e+01 | 60  0.03411 -3.54482e+00
 61 -0.04463 -4.66102e+00 | 62  0.08091 -3.06547e+01 | 63 -0.00018 -7.66816e+00
 64 -0.11944 -1.44782e+01 | 65  0.03210 -4.25299e+00 | 66 -0.08400 -1.25403e+01
 67 -0.06864 -6.79925e-01 | 68 -0.09106  9.01929e+00 | 69  0.08834  4.25842e+01
 70  0.10170  2.12525e+01 | 71 -0.15969  1.58919e+00 | 72 -0.28314 -5.56677e+00
 73 -0.23041  1.23434e+01 | 74 -0.03270  3.74116e-01 | 75 -0.01359  4.88186e-01
 76  0.00000  0.00000e+00 | 77  0.00000  0.00000e+00 | 78 -0.43050 -1.70240e+02
 79 -0.42377  1.41109e+01 | 80 -0.73846 -4.73955e+03 | 81  0.04544  2.23717e+00
 82  1.06713  7.19648e-01 | 83  1.00441 -2.97700e-01 | 84  0.16250 -1.28773e+00
 85 -0.50240  1.40344e-01 | 86 -0.36933 -3.73026e+02 | 87 -0.41373  1.03980e+02
87 variables; iteration 80; function evaluation 117; phase 4
Function value 4.1406467e+02; maximum gradient component mag 5.7120e+03
Var    Value     Gradient |Var    Value     Gradient |Var    Value     Gradient
  1  0.89928 -2.60574e-03 |  2 -0.00947 -2.61348e+00 |  3 -0.00142 -7.06001e-01
  4 -0.01669 -5.69636e-01 |  5 -0.01557 -3.72841e-01 |  6 -0.01455 -2.10535e-01
  7 -0.01395 -1.68161e-01 |  8 -0.01351 -1.83328e-01 |  9 -0.01274 -1.36497e-01
 10 -0.01175 -6.34448e-02 | 11 -0.01071 -1.06475e-02 | 12 -0.01035 -1.06995e-01
 13 -0.01017 -1.39019e-01 | 14 -0.00918  1.02926e-01 | 15 -0.00777  4.49297e-01
 16 -0.00512  9.36028e-01 | 17 -0.00359  1.16284e+00 | 18 -0.00872 -2.69396e-01
 19 -0.00496  7.51266e-01 | 20 -0.00869 -3.03964e-01 | 21 -0.00898 -4.49532e-01
 22  0.62848  5.71766e+00 | 23 -0.00913  9.56605e-01 | 24 -0.02185 -5.43243e-01
 25 -0.04801 -5.13005e+00 | 26 -0.03411  1.58616e+00 | 27 -0.02683  9.89022e+00
 28 -0.08170 -1.80641e+00 | 29 -0.10459 -1.00588e+00 | 30 -0.12535  2.19347e+00
 31 -0.14087  7.08553e+00 | 32 -0.18088 -6.00468e+00 | 33 -0.15533  2.64188e+00
 34 -0.11948 -5.02006e+00 | 35 -0.04376  1.49281e+00 | 36  0.04844 -2.44370e+00
 37  0.14270  1.66461e+00 | 38  0.07085 -1.30396e-01 | 39  0.28440 -4.52965e+00
 40  0.03092  5.33620e-01 | 41  0.12199  8.89115e-01 | 42  0.02252  2.61213e+00
 43  0.06960 -8.95491e-01 | 44  0.00999 -1.69760e+01 | 45 -0.00850 -3.78597e+00
 46 -0.08769 -5.01391e+00 | 47 -0.10057 -2.50093e+00 | 48 -0.09343 -3.42797e+00
 49 -0.05591 -2.79988e+00 | 50 -0.00734 -7.05528e+00 | 51 -0.08155  1.31230e+00
 52 -0.00315  2.30677e+00 | 53 -0.02654 -7.71664e-01 | 54 -0.01695  1.82489e+00
 55  0.05576 -9.00246e+00 | 56 -0.02243 -5.79655e-01 | 57  0.04654  7.89743e+00
 58 -0.00938  6.59134e+00 | 59  0.05512  2.85203e+00 | 60  0.03899  3.08592e+00
 61 -0.04194  6.68601e+00 | 62  0.08567  5.76230e-01 | 63 -0.00246  4.31938e+00
 64 -0.09459  1.30520e+00 | 65  0.02481  6.55979e-01 | 66 -0.06423  1.03766e+00
 67 -0.07633 -1.64904e+00 | 68 -0.08278  5.64725e+00 | 69  0.08068 -3.86493e+00
 70  0.10936 -1.03483e+01 | 71 -0.16450 -6.52690e+00 | 72 -0.27908  1.06615e+00
 73 -0.23720  6.72860e+00 | 74 -0.04220 -1.95923e+00 | 75 -0.01861 -7.67910e-01
 76  0.00000  0.00000e+00 | 77  0.00000  0.00000e+00 | 78 -0.43231  2.37344e+02
 79 -0.50128 -1.03447e+01 | 80 -0.73836  5.71200e+03 | 81 -0.05312  1.03706e+01
 82  1.02337  1.74904e-01 | 83  1.05704 -2.93902e-02 | 84  0.16589  3.27645e-02
 85 -0.55183 -3.67439e-03 | 86 -0.37949 -3.26617e+02 | 87 -0.51935  5.02190e+01
  ic > imax  in fminim is answer attained ?
Var    Value     Gradient |Var    Value     Gradient |Var    Value     Gradient
  1  0.99627 -1.76248e-04 |  2  0.01505  3.48020e+00 |  3  0.00507  8.31438e-01
  4 -0.02067 -1.48563e+00 |  5 -0.02564 -2.55768e+00 |  6 -0.02191 -1.95897e+00
  7 -0.01948 -1.79712e+00 |  8 -0.02146 -2.26023e+00 |  9 -0.02131 -2.12214e+00
 10 -0.01577 -1.08414e+00 | 11 -0.00720  4.03724e-01 | 12 -0.00800  1.46283e-02
 13 -0.01261 -9.82277e-01 | 14 -0.01397 -1.11435e+00 | 15 -0.01498 -1.14300e+00
 16 -0.00808  5.89144e-01 | 17 -0.00327  1.28282e+00 | 18 -0.00155  1.23411e+00
 19 -0.01174 -6.64464e-01 | 20 -0.01385 -1.03577e+00 | 21 -0.00004  1.37141e+00
 22  0.63133 -4.57005e-01 | 23 -0.00359  1.64232e+00 | 24 -0.02085 -7.05971e-01
 25 -0.02769 -1.14317e-01 | 26 -0.04054 -8.06450e-01 | 27 -0.05858 -1.23125e+00
 28 -0.07208  9.39867e-01 | 29 -0.09968  1.61422e-01 | 30 -0.13184 -1.64458e+00
 31 -0.15495 -8.33788e-01 | 32 -0.16363  1.30216e+00 | 33 -0.16043  1.05691e-01
 34 -0.10712  3.11440e+00 | 35 -0.05662  1.18806e+00 | 36  0.05234  1.13343e+00
 37  0.14001 -1.38634e+00 | 38  0.06378 -4.51250e+00 | 39  0.29155 -7.23143e+00
 40  0.02324 -1.48168e+00 | 41  0.11768 -3.10582e+00 | 42  0.01110 -2.48215e+00
 43  0.04691  1.37712e-01 | 44  0.06516  4.52723e+00 | 45 -0.02857  9.95602e-01
 46 -0.07880  1.97109e+00 | 47 -0.09679  1.53945e+00 | 48 -0.08924  8.50035e-02
 49 -0.05941 -1.82745e+00 | 50 -0.00136 -2.02461e+00 | 51 -0.08539 -2.33900e+00
 52 -0.00320 -1.41034e+00 | 53 -0.02114 -4.26031e-01 | 54 -0.02145 -1.91209e-01
 55  0.06137  6.38024e-01 | 56 -0.02162  1.16537e-01 | 57  0.04763 -3.55801e+00
 58 -0.00990 -8.63453e-01 | 59  0.05700  6.16163e+00 | 60  0.04392  5.90946e+00
 61 -0.04995  4.49461e+00 | 62  0.09214  1.42195e+01 | 63 -0.00521  2.67164e+00
 64 -0.09080  1.93187e+00 | 65  0.02689  2.00688e+00 | 66 -0.06446  4.57240e-01
 67 -0.07010 -3.41541e-02 | 68 -0.08924 -9.05292e-01 | 69  0.08178 -1.02878e+01
 70  0.11196 -8.46767e+00 | 71 -0.15406  6.23416e-03 | 72 -0.28142 -1.18709e+00
 73 -0.23982  2.22049e+00 | 74 -0.02801  1.30345e+00 | 75 -0.00952  1.47274e+00
 76  0.00000  0.00000e+00 | 77  0.00000  0.00000e+00 | 78 -0.43602  1.35321e+02
 79 -0.57954 -3.18117e+00 | 80 -0.73834 -7.35083e+04 | 81 -0.10308 -3.66090e+01
 82  1.00789 -3.23817e-01 | 83  0.87091  3.46470e-03 | 84  0.16616  3.55635e-02
 85 -0.61147 -4.42687e-03 | 86 -0.38361 -6.62399e+02 | 87 -0.58792  5.02380e+01
Function minimizer not making progress ... is minimum attained?
Minimprove criterion = 0.0000e+00

 - final statistics:
87 variables; iteration 89; function evaluation 163
Function value nan; maximum gradient component mag -7.3508e+04
Exit code = 1;  converg criter 1.0000e-04
Var    Value     Gradient |Var    Value     Gradient |Var    Value     Gradient
  1  0.99627 -1.76248e-04 |  2  0.01505  3.48020e+00 |  3  0.00507  8.31438e-01
  4 -0.02067 -1.48563e+00 |  5 -0.02564 -2.55768e+00 |  6 -0.02191 -1.95897e+00
  7 -0.01948 -1.79712e+00 |  8 -0.02146 -2.26023e+00 |  9 -0.02131 -2.12214e+00
 10 -0.01577 -1.08414e+00 | 11 -0.00720  4.03724e-01 | 12 -0.00800  1.46283e-02
 13 -0.01261 -9.82277e-01 | 14 -0.01397 -1.11435e+00 | 15 -0.01498 -1.14300e+00
 16 -0.00808  5.89144e-01 | 17 -0.00327  1.28282e+00 | 18 -0.00155  1.23411e+00
 19 -0.01174 -6.64464e-01 | 20 -0.01385 -1.03577e+00 | 21 -0.00004  1.37141e+00
 22  0.63133 -4.57005e-01 | 23 -0.00359  1.64232e+00 | 24 -0.02085 -7.05971e-01
 25 -0.02769 -1.14317e-01 | 26 -0.04054 -8.06450e-01 | 27 -0.05858 -1.23125e+00
 28 -0.07208  9.39867e-01 | 29 -0.09968  1.61422e-01 | 30 -0.13184 -1.64458e+00
 31 -0.15495 -8.33788e-01 | 32 -0.16363  1.30216e+00 | 33 -0.16043  1.05691e-01
 34 -0.10712  3.11440e+00 | 35 -0.05662  1.18806e+00 | 36  0.05234  1.13343e+00
 37  0.14001 -1.38634e+00 | 38  0.06378 -4.51250e+00 | 39  0.29155 -7.23143e+00
 40  0.02324 -1.48168e+00 | 41  0.11768 -3.10582e+00 | 42  0.01110 -2.48215e+00
 43  0.04691  1.37712e-01 | 44  0.06516  4.52723e+00 | 45 -0.02857  9.95602e-01
 46 -0.07880  1.97109e+00 | 47 -0.09679  1.53945e+00 | 48 -0.08924  8.50035e-02
 49 -0.05941 -1.82745e+00 | 50 -0.00136 -2.02461e+00 | 51 -0.08539 -2.33900e+00
 52 -0.00320 -1.41034e+00 | 53 -0.02114 -4.26031e-01 | 54 -0.02145 -1.91209e-01
 55  0.06137  6.38024e-01 | 56 -0.02162  1.16537e-01 | 57  0.04763 -3.55801e+00
 58 -0.00990 -8.63453e-01 | 59  0.05700  6.16163e+00 | 60  0.04392  5.90946e+00
 61 -0.04995  4.49461e+00 | 62  0.09214  1.42195e+01 | 63 -0.00521  2.67164e+00
 64 -0.09080  1.93187e+00 | 65  0.02689  2.00688e+00 | 66 -0.06446  4.57240e-01
 67 -0.07010 -3.41541e-02 | 68 -0.08924 -9.05292e-01 | 69  0.08178 -1.02878e+01
 70  0.11196 -8.46767e+00 | 71 -0.15406  6.23416e-03 | 72 -0.28142 -1.18709e+00
 73 -0.23982  2.22049e+00 | 74 -0.02801  1.30345e+00 | 75 -0.00952  1.47274e+00
 76  0.00000  0.00000e+00 | 77  0.00000  0.00000e+00 | 78 -0.43602  1.35321e+02
 79 -0.57954 -3.18117e+00 | 80 -0.73834 -7.35083e+04 | 81 -0.10308 -3.66090e+01
 82  1.00789 -3.23817e-01 | 83  0.87091  3.46470e-03 | 84  0.16616  3.55635e-02
 85 -0.61147 -4.42687e-03 | 86 -0.38361 -6.62399e+02 | 87 -0.58792  5.02380e+01
Estimating row 1 out of 87 for hessian
Estimating row 2 out of 87 for hessian
Estimating row 3 out of 87 for hessian
Estimating row 4 out of 87 for hessian
Estimating row 5 out of 87 for hessian
Estimating row 6 out of 87 for hessian
Estimating row 7 out of 87 for hessian
Estimating row 8 out of 87 for hessian
Estimating row 9 out of 87 for hessian
Estimating row 10 out of 87 for hessian
Estimating row 11 out of 87 for hessian
Estimating row 12 out of 87 for hessian
Estimating row 13 out of 87 for hessian
Estimating row 14 out of 87 for hessian
Estimating row 15 out of 87 for hessian
Estimating row 16 out of 87 for hessian
Estimating row 17 out of 87 for hessian
Estimating row 18 out of 87 for hessian
Estimating row 19 out of 87 for hessian
Estimating row 20 out of 87 for hessian
Estimating row 21 out of 87 for hessian
Estimating row 22 out of 87 for hessian
Estimating row 23 out of 87 for hessian
Estimating row 24 out of 87 for hessian
Estimating row 25 out of 87 for hessian
Estimating row 26 out of 87 for hessian
Estimating row 27 out of 87 for hessian
Estimating row 28 out of 87 for hessian
Estimating row 29 out of 87 for hessian
Estimating row 30 out of 87 for hessian
Estimating row 31 out of 87 for hessian
Estimating row 32 out of 87 for hessian
Estimating row 33 out of 87 for hessian
Estimating row 34 out of 87 for hessian
Estimating row 35 out of 87 for hessian
Estimating row 36 out of 87 for hessian
Estimating row 37 out of 87 for hessian
Estimating row 38 out of 87 for hessian
Estimating row 39 out of 87 for hessian
Estimating row 40 out of 87 for hessian
Estimating row 41 out of 87 for hessian
Estimating row 42 out of 87 for hessian
Estimating row 43 out of 87 for hessian
Estimating row 44 out of 87 for hessian
Estimating row 45 out of 87 for hessian
Estimating row 46 out of 87 for hessian
Estimating row 47 out of 87 for hessian
Estimating row 48 out of 87 for hessian
Estimating row 49 out of 87 for hessian
Estimating row 50 out of 87 for hessian
Estimating row 51 out of 87 for hessian
Estimating row 52 out of 87 for hessian
Estimating row 53 out of 87 for hessian
Estimating row 54 out of 87 for hessian
Estimating row 55 out of 87 for hessian
Estimating row 56 out of 87 for hessian
Estimating row 57 out of 87 for hessian
Estimating row 58 out of 87 for hessian
Estimating row 59 out of 87 for hessian
Estimating row 60 out of 87 for hessian
Estimating row 61 out of 87 for hessian
Estimating row 62 out of 87 for hessian
Estimating row 63 out of 87 for hessian
Estimating row 64 out of 87 for hessian
Estimating row 65 out of 87 for hessian
Estimating row 66 out of 87 for hessian
Estimating row 67 out of 87 for hessian
Estimating row 68 out of 87 for hessian
Estimating row 69 out of 87 for hessian
Estimating row 70 out of 87 for hessian
Estimating row 71 out of 87 for hessian
Estimating row 72 out of 87 for hessian
Estimating row 73 out of 87 for hessian
Estimating row 74 out of 87 for hessian
Estimating row 75 out of 87 for hessian
Estimating row 76 out of 87 for hessian
Estimating row 77 out of 87 for hessian
Estimating row 78 out of 87 for hessian
Estimating row 79 out of 87 for hessian
Estimating row 80 out of 87 for hessian
Estimating row 81 out of 87 for hessian
Estimating row 82 out of 87 for hessian
Estimating row 83 out of 87 for hessian
Estimating row 84 out of 87 for hessian
Estimating row 85 out of 87 for hessian
Estimating row 86 out of 87 for hessian
Estimating row 87 out of 87 for hessian
Warning -- Hessian does not appear to be positive definite
Hessian does not appear to be positive definite.
size of file gradfil1.tmp = 0
size of file gradfil2.tmp = 0
size of file varssave.tmp = 0
size of file cmpdiff.tmp = 0
