
Initial statistics: 75 variables; iteration 0; function evaluation 0; phase 1
Function value 3.8467250e+06; maximum gradient component mag -1.8867e+07
Var    Value     Gradient |Var    Value     Gradient |Var    Value     Gradient
  1 -0.12278 -1.88674e+07 |  2  0.00491 -1.07479e+05 |  3  0.03649 -1.32163e+05
  4  0.02279 -1.10769e+05 |  5 -0.02927 -6.63558e+04 |  6 -0.00566 -8.00927e+04
  7 -0.03849 -7.45063e+04 |  8  0.03061 -1.39787e+05 |  9 -0.00609 -1.50068e+05
 10 -0.02313 -1.48322e+05 | 11 -0.01976 -1.59447e+05 | 12 -0.05016 -1.34686e+05
 13 -0.01646 -1.60930e+05 | 14 -0.02147 -1.45985e+05 | 15  0.00650 -1.59590e+05
 16  0.01336 -1.60078e+05 | 17 -0.03703 -1.18364e+05 | 18  0.00513 -1.49268e+05
 19  0.04815 -2.95989e+05 | 20 -0.03312 -4.33279e+04 | 21 -0.04263  1.33133e+05
 22 -0.02375  1.51056e+05 | 23 -0.04622  1.08790e+05 | 24  0.01102  1.35784e+05
 25 -0.04313  8.56294e+04 | 26 -0.04191 -1.07283e+05 | 27  0.05151 -7.27698e+05
 28  0.03446 -5.40833e+05 | 29  0.04781 -5.37348e+05 | 30  0.04918 -4.85528e+05
 31  0.01706 -1.83354e+05 | 32  0.03482 -3.39166e+04 | 33 -0.00964 -9.52339e+04
 34 -0.01729 -7.01740e+04 | 35  0.04472 -9.17890e+04 | 36  0.04257 -1.40403e+05
 37  0.02912 -1.42349e+05 | 38 -0.04018 -9.70387e+04 | 39  0.00367 -1.12357e+05
 40 -0.02573 -7.58415e+04 | 41 -0.00895 -9.62600e+04 | 42 -0.04950 -8.54616e+04
 43 -0.03547 -9.95895e+04 | 44 -0.01652 -1.01204e+05 | 45  0.01793 -1.47996e+05
 46  0.00365 -1.27166e+05 | 47 -0.04111 -5.12146e+04 | 48  0.02440 -2.27327e+04
 49  0.03227 -1.08773e+04 | 50 -0.03785 -4.47727e+04 | 51  0.03144 -1.59927e+05
 52  0.02757 -1.09813e+05 | 53 -0.02370 -8.51671e+04 | 54 -0.04818 -6.96185e+04
 55 -0.01499 -4.24240e+04 | 56  0.01206 -4.28047e+04 | 57 -0.04871 -4.27731e+04
 58 -0.05191 -3.73919e+04 | 59 -0.00760 -5.02707e+04 | 60 -0.01373 -5.80536e+04
 61 -0.04298 -4.70927e+04 | 62 -0.04261 -4.82553e+04 | 63 -0.02050 -6.14242e+04
 64  0.00411 -4.84351e+04 | 65  0.05182 -3.59248e+04 | 66 -0.03684 -1.59071e+04
 67 -0.02598 -9.91314e+03 | 68 -0.03117 -1.58224e+05 | 69  0.03287 -3.80774e+05
 70 -0.03119 -2.38979e+05 | 71 -0.00284 -2.94232e+05 | 72 -0.00324 -2.67239e+05
 73 -0.02066 -7.83763e+04 | 74 -0.01551  2.12095e+02 | 75 -0.02423  2.08439e+02

 - final statistics:
75 variables; iteration 19; function evaluation 35
Function value -6.5015e+01; maximum gradient component mag 8.9881e+00
Exit code = 1;  converg criter 1.0000e+01
Var    Value     Gradient |Var    Value     Gradient |Var    Value     Gradient
  1  1.06751  1.12350e-03 |  2 -0.00087 -3.10493e-01 |  3 -0.02359 -1.98850e+00
  4 -0.02144 -1.48005e+00 |  5 -0.01374  3.87905e-01 |  6 -0.01701 -4.41844e-01
  7 -0.01237  6.54831e-01 |  8 -0.02207 -1.76889e+00 |  9 -0.01718 -6.23650e-01
 10 -0.01477 -8.14154e-02 | 11 -0.01510 -2.05703e-01 | 12 -0.01102  7.36599e-01
 13 -0.01504 -3.00685e-01 | 14 -0.01383 -7.86908e-02 | 15 -0.01622 -7.27547e-01
 16 -0.01546 -6.96331e-01 | 17 -0.00859  6.85442e-01 | 18 -0.01041 -4.10260e-02
 19 -0.01087 -5.05676e-01 | 20 -0.00369  6.52652e-01 | 21 -0.00132  5.41393e-01
 22  0.00164  3.94154e-01 | 23  0.00556  2.71374e-01 | 24  0.01146  3.97045e-01
 25  0.01619  2.34312e-01 | 26  0.02206  4.01142e-01 | 27  0.02675  7.39541e-01
 28  0.02250  3.41372e-01 | 29  0.01243  1.50309e-01 | 30 -0.00607 -3.46497e-01
 31 -0.03109 -1.60211e+00 | 32 -0.05180 -1.74552e+00 | 33 -0.06255 -2.88423e-01
 34 -0.06031 -6.82788e-02 | 35 -0.01012  1.72744e+00 | 36  0.17831  8.98809e+00
 37 -0.05086 -8.71894e-01 | 38 -0.04575 -5.24342e-01 | 39 -0.03444 -5.29083e-01
 40 -0.03187  1.76452e-01 | 41 -0.03283 -2.58805e-01 | 42 -0.03128  1.35390e-02
 43 -0.03096  3.65064e-01 | 44 -0.02700  1.69647e+00 | 45 -0.02071  2.50752e+00
 46 -0.01096  2.65687e+00 | 47 -0.00084  2.50213e+00 | 48  0.00040  4.11895e+00
 49 -0.02492  1.83514e+00 | 50 -0.04384  7.71900e-01 | 51 -0.05065 -4.03261e-01
 52 -0.04590 -2.81907e+00 | 53  0.01513  3.72016e+00 | 54  0.00879 -4.19045e-01
 55  0.02627  1.88276e+00 | 56 -0.00918 -2.84069e+00 | 57 -0.01476 -1.51189e+00
 58 -0.03199 -5.00767e+00 | 59 -0.02579 -4.40012e+00 | 60 -0.02194 -4.75260e+00
 61 -0.02482 -2.23945e+00 | 62 -0.03931 -2.86586e+00 | 63 -0.03001 -1.68229e+00
 64 -0.01638  7.03360e-01 | 65 -0.01600  1.00590e+00 | 66 -0.01091  2.17641e+00
 67 -0.02901 -5.99954e-01 | 68 -0.05318 -1.53304e+00 | 69 -0.07106 -1.01108e+00
 70 -0.07127 -1.63869e+00 | 71 -0.04837 -1.15195e-01 | 72 -0.02329 -6.61182e-01
 73 -0.01502  4.74551e-01 | 74 -0.01517  4.48643e-01 | 75 -0.01396  7.71299e-01

 - final statistics:
75 variables; iteration 0; function evaluation 0
Function value -6.5015e+01; maximum gradient component mag 8.9881e+00
Exit code = 0;  converg criter 1.0000e+01
Var    Value     Gradient |Var    Value     Gradient |Var    Value     Gradient
  1  0.93249 -1.12350e-03 |  2 -0.00087 -3.10493e-01 |  3 -0.02359 -1.98850e+00
  4 -0.02144 -1.48005e+00 |  5 -0.01374  3.87905e-01 |  6 -0.01701 -4.41844e-01
  7 -0.01237  6.54831e-01 |  8 -0.02207 -1.76889e+00 |  9 -0.01718 -6.23650e-01
 10 -0.01477 -8.14154e-02 | 11 -0.01510 -2.05703e-01 | 12 -0.01102  7.36599e-01
 13 -0.01504 -3.00685e-01 | 14 -0.01383 -7.86908e-02 | 15 -0.01622 -7.27547e-01
 16 -0.01546 -6.96331e-01 | 17 -0.00859  6.85442e-01 | 18 -0.01041 -4.10260e-02
 19 -0.01087 -5.05676e-01 | 20 -0.00369  6.52652e-01 | 21 -0.00132  5.41393e-01
 22  0.00164  3.94154e-01 | 23  0.00556  2.71374e-01 | 24  0.01146  3.97045e-01
 25  0.01619  2.34312e-01 | 26  0.02206  4.01142e-01 | 27  0.02675  7.39541e-01
 28  0.02250  3.41372e-01 | 29  0.01243  1.50309e-01 | 30 -0.00607 -3.46497e-01
 31 -0.03109 -1.60211e+00 | 32 -0.05180 -1.74552e+00 | 33 -0.06255 -2.88423e-01
 34 -0.06031 -6.82788e-02 | 35 -0.01012  1.72744e+00 | 36  0.17831  8.98809e+00
 37 -0.05086 -8.71894e-01 | 38 -0.04575 -5.24342e-01 | 39 -0.03444 -5.29083e-01
 40 -0.03187  1.76452e-01 | 41 -0.03283 -2.58805e-01 | 42 -0.03128  1.35390e-02
 43 -0.03096  3.65064e-01 | 44 -0.02700  1.69647e+00 | 45 -0.02071  2.50752e+00
 46 -0.01096  2.65687e+00 | 47 -0.00084  2.50213e+00 | 48  0.00040  4.11895e+00
 49 -0.02492  1.83514e+00 | 50 -0.04384  7.71900e-01 | 51 -0.05065 -4.03261e-01
 52 -0.04590 -2.81907e+00 | 53  0.01513  3.72016e+00 | 54  0.00879 -4.19045e-01
 55  0.02627  1.88276e+00 | 56 -0.00918 -2.84069e+00 | 57 -0.01476 -1.51189e+00
 58 -0.03199 -5.00767e+00 | 59 -0.02579 -4.40012e+00 | 60 -0.02194 -4.75260e+00
 61 -0.02482 -2.23945e+00 | 62 -0.03931 -2.86586e+00 | 63 -0.03001 -1.68229e+00
 64 -0.01638  7.03360e-01 | 65 -0.01600  1.00590e+00 | 66 -0.01091  2.17641e+00
 67 -0.02901 -5.99954e-01 | 68 -0.05318 -1.53304e+00 | 69 -0.07106 -1.01108e+00
 70 -0.07127 -1.63869e+00 | 71 -0.04837 -1.15195e-01 | 72 -0.02329 -6.61182e-01
 73 -0.01502  4.74551e-01 | 74 -0.01517  4.48643e-01 | 75 -0.01396  7.71299e-01

Initial statistics: 92 variables; iteration 0; function evaluation 0; phase 3
Function value -6.5014823e+01; maximum gradient component mag -6.0611e+01
Var    Value     Gradient |Var    Value     Gradient |Var    Value     Gradient
  1  0.93249 -1.12350e-03 |  2  0.03628  8.82940e+00 |  3 -0.00087 -3.10493e-01
  4 -0.02359 -1.98850e+00 |  5 -0.02144 -1.48005e+00 |  6 -0.01374  3.87905e-01
  7 -0.01701 -4.41844e-01 |  8 -0.01237  6.54831e-01 |  9 -0.02207 -1.76889e+00
 10 -0.01718 -6.23650e-01 | 11 -0.01477 -8.14154e-02 | 12 -0.01510 -2.05703e-01
 13 -0.01102  7.36599e-01 | 14 -0.01504 -3.00685e-01 | 15 -0.01383 -7.86908e-02
 16 -0.01622 -7.27547e-01 | 17 -0.01546 -6.96331e-01 | 18 -0.00859  6.85442e-01
 19 -0.01041 -4.10260e-02 | 20 -0.01087 -5.05676e-01 | 21 -0.00369  6.52652e-01
 22 -0.00132  5.41393e-01 | 23  0.00164  3.94154e-01 | 24  0.00556  2.71374e-01
 25  0.01146  3.97045e-01 | 26  0.01619  2.34312e-01 | 27  0.02206  4.01142e-01
 28  0.02675  7.39541e-01 | 29  0.02250  3.41372e-01 | 30  0.01243  1.50309e-01
 31 -0.00607 -3.46497e-01 | 32 -0.03109 -1.60211e+00 | 33 -0.05180 -1.74552e+00
 34 -0.06255 -2.88423e-01 | 35 -0.06031 -6.82788e-02 | 36 -0.01012  1.72744e+00
 37  0.17831  8.98809e+00 | 38 -0.05086 -8.71894e-01 | 39 -0.04575 -5.24342e-01
 40 -0.03444 -5.29083e-01 | 41 -0.03187  1.76452e-01 | 42 -0.03283 -2.58805e-01
 43 -0.03128  1.35390e-02 | 44 -0.03096  3.65064e-01 | 45 -0.02700  1.69647e+00
 46 -0.02071  2.50752e+00 | 47 -0.01096  2.65687e+00 | 48 -0.00084  2.50213e+00
 49  0.00040  4.11895e+00 | 50 -0.02492  1.83514e+00 | 51 -0.04384  7.71900e-01
 52 -0.05065 -4.03261e-01 | 53 -0.04590 -2.81907e+00 | 54  0.01513  3.72016e+00
 55  0.00879 -4.19045e-01 | 56  0.02627  1.88276e+00 | 57 -0.00918 -2.84069e+00
 58 -0.01476 -1.51189e+00 | 59 -0.03199 -5.00767e+00 | 60 -0.02579 -4.40012e+00
 61 -0.02194 -4.75260e+00 | 62 -0.02482 -2.23945e+00 | 63 -0.03931 -2.86586e+00
 64 -0.03001 -1.68229e+00 | 65 -0.01638  7.03360e-01 | 66 -0.01600  1.00590e+00
 67 -0.01091  2.17641e+00 | 68 -0.02901 -5.99954e-01 | 69 -0.05318 -1.53304e+00
 70 -0.07106 -1.01108e+00 | 71 -0.07127 -1.63869e+00 | 72 -0.04837 -1.15195e-01
 73 -0.02329 -6.61182e-01 | 74 -0.01502  4.74551e-01 | 75 -0.01517  4.48643e-01
 76 -0.01396  7.71299e-01 | 77 -0.36222 -1.04798e+01 | 78 -0.32462  1.71545e-01
 79  0.00907  2.35258e+01 | 80  0.89612  2.47886e+00 | 81 -0.15937  2.83172e+00
 82 -0.32864  2.28613e-02 | 83  0.11603  2.88606e+00 | 84  0.89612  4.20606e-01
 85 -0.28458 -6.06106e+01 | 86 -0.11657 -5.74175e+01 | 87  0.01054  2.68836e+01
 88  0.89612 -2.49725e+01 | 89 -0.46024 -2.77229e-03 | 90 -0.03725 -1.84032e-04
 91  0.10249  5.10286e-04 | 92  0.89612  1.90685e-02 |

Intermediate statistics: 92 variables; iteration 20; function evaluation 28; phase 3
Function value -8.6684180e+01; maximum gradient component mag 3.2493e+01
Var    Value     Gradient |Var    Value     Gradient |Var    Value     Gradient
  1  0.93262 -7.10932e-04 |  2  0.00249  5.08693e-01 |  3  0.00044 -1.48939e-02
  4 -0.01585 -1.10921e-01 |  5 -0.01563 -7.97032e-02 |  6 -0.01507  3.02144e-02
  7 -0.01513 -1.58662e-02 |  8 -0.01472  4.74403e-02 |  9 -0.01511 -9.20692e-02
 10 -0.01465 -2.62461e-02 | 11 -0.01431  8.12730e-03 | 12 -0.01408  7.98182e-03
 13 -0.01356  6.94364e-02 | 14 -0.01342  2.46548e-02 | 15 -0.01288  5.43809e-02
 16 -0.01218  5.95151e-02 | 17 -0.01115  9.07862e-02 | 18 -0.00895  2.17126e-01
 19 -0.00669  2.58706e-01 | 20 -0.00410  3.07946e-01 | 21 -0.00068  3.96165e-01
 22  0.00287  4.14327e-01 | 23  0.00660  3.93922e-01 | 24  0.00998  3.08446e-01
 25  0.01256  1.32919e-01 | 26  0.01344 -1.41909e-01 | 27  0.01198 -5.63291e-01
 28  0.00793 -1.10563e+00 | 29  0.00268 -1.52241e+00 | 30 -0.00533 -1.78927e+00
 31 -0.01460 -1.54352e+00 | 32 -0.02228 -6.46312e-01 | 33 -0.03008  8.14280e-02
 34 -0.04604 -5.82605e-01 | 35 -0.05393 -1.14495e+00 | 36 -0.00055  1.77467e+00
 37  0.06323  5.33263e+00 | 38 -0.06224 -2.69791e+00 | 39 -0.04018 -4.41397e-01
 40 -0.03975 -9.29046e-02 | 41 -0.03523  1.82547e-01 | 42 -0.03262  5.41762e-01
 43 -0.03057  9.65101e-01 | 44 -0.03236  1.43044e+00 | 45 -0.03657  1.92742e+00
 46 -0.03676  2.55672e+00 | 47 -0.01709  4.22884e+00 | 48  0.01576  7.13288e+00
 49  0.01836  9.47850e+00 | 50 -0.01166  9.73003e+00 | 51 -0.02925  7.34567e+00
 52 -0.04493  5.01865e+00 | 53 -0.03780  9.52168e-01 | 54 -0.00206 -2.86412e+00
 55 -0.00863 -8.46608e+00 | 56  0.01083 -1.13110e+01 | 57  0.01089 -1.07525e+01
 58 -0.01205 -1.01366e+01 | 59 -0.02898 -7.58877e+00 | 60 -0.02661 -6.12620e+00
 61  0.00617 -4.84533e+00 | 62 -0.02121 -2.32893e+00 | 63 -0.04084 -7.91981e-01
 64 -0.02061 -5.06906e-03 | 65 -0.01730  9.03246e-01 | 66 -0.03026  1.80503e+00
 67 -0.02183  2.36296e+00 | 68  0.01040  2.00400e+00 | 69 -0.02256  2.59529e+00
 70 -0.07571  2.72655e+00 | 71 -0.08230  1.94540e+00 | 72 -0.05332  8.55979e-01
 73 -0.01751  8.38713e-03 | 74 -0.01657  5.56843e-02 | 75 -0.01659  5.01328e-02
 76 -0.01656  6.40721e-02 | 77 -0.46087  3.24932e+01 | 78 -0.35270  6.37005e-02
 79 -0.19012 -1.69554e+01 | 80  0.67029 -1.52081e+00 | 81 -0.43059 -7.01512e-01
 82 -0.33494  1.61607e-02 | 83 -0.20171  9.82942e-01 | 84  0.92757 -4.81046e-01
 85 -0.06124 -9.72152e+00 | 86  0.21132  1.07930e-03 | 87  0.09595  7.01631e+00
 88  1.13989 -1.40651e-02 | 89 -0.45964 -2.76506e-03 | 90 -0.03721 -1.83822e-04
 91  0.10238  5.09374e-04 | 92  0.89204  1.83366e-02 |
92 variables; iteration 40; function evaluation 57; phase 3
Function value -8.8057586e+01; maximum gradient component mag 1.1712e+01
Var    Value     Gradient |Var    Value     Gradient |Var    Value     Gradient
  1  0.93609 -4.08082e-04 |  2 -0.01288 -3.27361e+00 |  3  0.00089  9.58722e-02
  4 -0.01250  7.12760e-01 |  5 -0.01317  5.27527e-01 |  6 -0.01577 -1.37148e-01
  7 -0.01445  1.60091e-01 |  8 -0.01568 -1.74475e-01 |  9 -0.01190  7.14202e-01
 10 -0.01307  3.85715e-01 | 11 -0.01355  2.22454e-01 | 12 -0.01324  2.41815e-01
 13 -0.01422 -6.22035e-02 | 14 -0.01277  2.07090e-01 | 15 -0.01269  1.20397e-01
 16 -0.01151  2.38531e-01 | 17 -0.01069  2.16315e-01 | 18 -0.00967  6.12232e-02
 19 -0.00718  1.59410e-01 | 20 -0.00509  1.05541e-01 | 21 -0.00017  5.54121e-01
 22  0.00273  4.64922e-01 | 23  0.00307 -1.93248e-01 | 24  0.00289 -8.78175e-01
 25  0.00495 -9.70610e-01 | 26  0.01019 -1.62883e-01 | 27  0.01431  7.80556e-01
 28  0.01497  1.51119e+00 | 29  0.00482  4.14076e-01 | 30 -0.00550 -3.38025e-01
 31 -0.01314 -1.48135e-01 | 32 -0.02354 -5.07552e-01 | 33 -0.03066  4.72954e-01
 34 -0.04971 -3.42692e-01 | 35 -0.05021  1.43794e+00 | 36  0.00380  1.35520e+00
 37  0.07608 -1.33615e+00 | 38 -0.05375 -9.13768e-01 | 39 -0.03998  2.20956e-01
 40 -0.04015 -2.38959e-01 | 41 -0.03415  1.73837e-01 | 42 -0.03094  3.59617e-01
 43 -0.02816  6.01028e-01 | 44 -0.02923  7.10776e-01 | 45 -0.03106  9.01295e-01
 46 -0.02889  8.77408e-01 | 47 -0.01122  5.00421e-01 | 48  0.01417 -3.46407e-01
 49  0.01376 -4.69702e-01 | 50 -0.02552 -2.21462e+00 | 51 -0.03722 -1.75710e+00
 52 -0.04772 -1.60470e+00 | 53 -0.03459 -2.01354e+00 | 54 -0.01377 -5.77096e+00
 55  0.00043 -1.56368e+00 | 56  0.03115  3.99514e+00 | 57  0.00151  2.28398e-01
 58 -0.01265  6.47699e-02 | 59 -0.01343  3.40667e+00 | 60 -0.02438 -4.17539e-01
 61 -0.00068 -1.11581e+00 | 62 -0.01636  3.94190e-01 | 63 -0.04003 -3.03402e-01
 64 -0.02235  5.40388e-01 | 65 -0.02238 -1.29034e-01 | 66 -0.03419 -7.05850e-01
 67 -0.02187  4.55919e-01 | 68  0.01273  2.41193e+00 | 69 -0.02404  1.98672e+00
 70 -0.08648 -2.32157e+00 | 71 -0.07116  5.81653e+00 | 72 -0.05898 -7.89898e-01
 73 -0.01783 -4.21813e-02 | 74 -0.01792 -2.79484e-01 | 75 -0.01790 -2.74526e-01
 76 -0.01844 -3.97862e-01 | 77 -0.49153  1.17117e+01 | 78 -0.77587 -8.49430e-03
 79 -0.23093 -2.88911e+00 | 80  0.76203  2.19008e+00 | 81 -0.44086 -1.05120e+00
 82 -0.46145 -2.01555e-03 | 83 -0.21965  8.44108e-01 | 84  1.06034  3.37779e-01
 85  0.10855 -6.03622e+00 | 86  0.20398  1.02669e-03 | 87  0.15138  4.26548e+00
 88  0.71273  6.48773e-03 | 89 -0.44381 -2.63055e-03 | 90 -0.03616 -1.78596e-04
 91  0.09945  4.94788e-04 | 92  0.79398  9.36523e-03 |
92 variables; iteration 60; function evaluation 93; phase 3
Function value -8.9530263e+01; maximum gradient component mag -1.2837e+01
Var    Value     Gradient |Var    Value     Gradient |Var    Value     Gradient
  1  0.94556 -2.39683e-04 |  2  0.00313  6.80497e-01 |  3  0.00059  3.71192e-02
  4 -0.01588 -1.03207e-01 |  5 -0.01565 -6.98483e-02 |  6 -0.01499  6.83912e-02
  7 -0.01513  5.32918e-03 |  8 -0.01465  8.84997e-02 |  9 -0.01538 -1.30170e-01
 10 -0.01496 -6.94750e-02 | 11 -0.01481 -7.51368e-02 | 12 -0.01485 -1.30663e-01
 13 -0.01437 -7.04945e-02 | 14 -0.01440 -1.50406e-01 | 15 -0.01376 -8.70141e-02
 16 -0.01253  7.09144e-02 | 17 -0.01025  4.31604e-01 | 18 -0.01039  3.98498e-02
 19 -0.00508  8.30205e-01 | 20 -0.00652  1.29923e-02 | 21  0.00461  1.91833e+00
 22 -0.00491 -8.02210e-01 | 23  0.00371  4.38284e-01 | 24  0.00372 -7.36581e-02
 25  0.00755  3.52743e-01 | 26 -0.00555 -2.39718e+00 | 27  0.00886  7.60231e-01
 28  0.00037 -5.28865e-01 | 29  0.00575  1.15808e+00 | 30 -0.00390 -9.94573e-02
 31 -0.01451 -1.29316e+00 | 32 -0.00860  1.90833e+00 | 33 -0.02671  1.22370e-01
 34 -0.03714  2.14466e+00 | 35 -0.05256 -7.82814e-01 | 36  0.00531 -6.62531e-01
 37  0.05862 -3.44687e+00 | 38 -0.05948  7.03990e-02 | 39 -0.03816  1.61504e+00
 40 -0.04020 -1.45165e-01 | 41 -0.02943  1.25235e+00 | 42 -0.02647  1.13300e+00
 43 -0.02704  3.14873e-01 | 44 -0.02754  5.82647e-01 | 45 -0.03887 -1.59761e+00
 46 -0.03724 -1.22583e+00 | 47 -0.01009  1.20718e+00 | 48  0.01876  3.52050e-01
 49  0.01677 -6.82178e-01 | 50 -0.02174 -1.58276e+00 | 51 -0.03282 -4.42062e-01
 52 -0.05027 -9.25176e-01 | 53 -0.03546  7.10315e-01 | 54  0.00008  3.50851e-01
 55 -0.00030 -3.88389e-02 | 56  0.01633  7.23960e-01 | 57  0.01630  2.55349e+00
 58 -0.00348  1.63101e+00 | 59 -0.02838 -3.28351e-01 | 60 -0.02237  1.56439e+00
 61  0.01188  3.00605e+00 | 62 -0.01861  3.79882e-01 | 63 -0.04238 -1.12585e+00
 64 -0.01790 -8.40341e-02 | 65 -0.02795 -3.84205e+00 | 66 -0.02789 -2.95320e-01
 67 -0.01823  8.79001e-01 | 68  0.00940 -3.67668e-01 | 69 -0.01866  7.72846e-01
 70 -0.07440  1.01846e+00 | 71 -0.09082 -2.13674e+00 | 72 -0.05417  5.88573e-01
 73 -0.01657  2.77398e-01 | 74 -0.01573  2.38933e-01 | 75 -0.01571  2.47132e-01
 76 -0.01566  2.67146e-01 | 77 -0.53440 -1.28368e+01 | 78 -1.77753 -1.18880e-01
 79 -0.36204  2.78778e+00 | 80  0.74558  6.03867e-01 | 81 -0.46168 -3.91310e+00
 82 -0.50055 -2.25170e-03 | 83 -0.25938  2.15846e+00 | 84  1.03046 -7.90104e-02
 85  0.56422 -2.21971e+00 | 86  0.43183  2.53142e-03 | 87  0.25080  5.80106e+00
 88 -1.29360  6.32182e-03 | 89 -0.39132 -2.21717e-03 | 90 -0.03258 -1.60894e-04
 91  0.08954  4.44730e-04 | 92  0.57256  3.95387e-03 |
92 variables; iteration 80; function evaluation 123; phase 3
Function value -8.9944277e+01; maximum gradient component mag -8.4883e+00
Var    Value     Gradient |Var    Value     Gradient |Var    Value     Gradient
  1  0.95413 -1.62952e-04 |  2  0.00014 -5.11690e-02 |  3  0.00140  2.43127e-01
  4 -0.01454  2.34696e-01 |  5 -0.01471  1.76870e-01 |  6 -0.01498  8.80267e-02
  7 -0.01491  8.07838e-02 |  8 -0.01482  7.36956e-02 |  9 -0.01436  1.49832e-01
 10 -0.01400  1.95071e-01 | 11 -0.01373  2.16366e-01 | 12 -0.01359  2.00833e-01
 13 -0.01319  2.35726e-01 | 14 -0.01339  1.10899e-01 | 15 -0.01322  5.65368e-02
 16 -0.01322 -7.45426e-02 | 17 -0.01232 -3.32003e-02 | 18 -0.01108 -8.08876e-02
 19 -0.01214 -7.48030e-01 | 20 -0.00806 -2.58089e-01 | 21 -0.00742 -6.46804e-01
 22  0.00001  4.11850e-01 | 23  0.00155  1.70017e-01 | 24  0.00128 -3.44864e-01
 25  0.00376 -1.35827e-01 | 26  0.00593  2.70877e-01 | 27  0.00165 -4.16937e-01
 28  0.00193  4.53336e-02 | 29 -0.00091 -1.25005e-01 | 30 -0.00319  5.33323e-02
 31 -0.00850 -1.00874e-01 | 32 -0.01303  3.08902e-01 | 33 -0.02499 -2.21535e-01
 34 -0.04200 -2.28635e-01 | 35 -0.04776  1.16308e-01 | 36  0.00602  2.30629e-01
 37  0.06462  7.51833e-01 | 38 -0.05666  9.31016e-01 | 39 -0.04486 -5.52590e-01
 40 -0.03957 -3.91585e-02 | 41 -0.03316  3.13751e-02 | 42 -0.03110 -3.88168e-01
 43 -0.02856 -3.84006e-01 | 44 -0.02638  6.24951e-01 | 45 -0.03228  7.31727e-03
 46 -0.02997  5.75500e-01 | 47 -0.01654 -5.26056e-01 | 48  0.01616 -8.60815e-02
 49  0.01623 -3.36783e-01 | 50 -0.01702  2.82725e-01 | 51 -0.03546 -5.48232e-01
 52 -0.04766  2.44288e-01 | 53 -0.03837 -2.25089e-02 | 54 -0.00054  2.90751e-01
 55  0.00152  2.56258e-01 | 56  0.01726  1.29716e-01 | 57  0.01131  2.14706e-01
 58 -0.00509  9.14335e-02 | 59 -0.02236  3.71174e-01 | 60 -0.02318  9.69326e-02
 61  0.00531 -1.02728e-01 | 62 -0.01687  2.86421e-01 | 63 -0.03978  9.52563e-02
 64 -0.02246  1.25151e-01 | 65 -0.01726  4.62463e-01 | 66 -0.03119 -1.74216e-01
 67 -0.02255 -1.28092e-01 | 68  0.01163 -4.93087e-01 | 69 -0.02071 -1.42147e-01
 70 -0.07814 -3.61752e-01 | 71 -0.08463  2.25511e-01 | 72 -0.05671 -2.92390e-01
 73 -0.01586  4.00423e-01 | 74 -0.01612  1.46310e-01 | 75 -0.01606  1.64239e-01
 76 -0.01620  1.38079e-01 | 77 -0.54587 -8.48829e+00 | 78 -1.82427 -1.96821e-01
 79 -0.42932  1.23272e+00 | 80  0.73825 -5.37694e-01 | 81 -0.46721  3.09088e+00
 82 -0.47741 -2.15254e-03 | 83 -0.28346 -9.54831e-01 | 84  1.00084 -1.96432e-01
 85  0.85203 -4.59998e-01 | 86  0.57593  3.99711e-03 | 87  0.26512  1.75422e+00
 88 -2.78686 -9.03251e-03 | 89 -0.33394 -1.81683e-03 | 90 -0.02856 -1.41007e-04
 91  0.07841  3.88442e-04 | 92  0.38809  2.19393e-03 |
92 variables; iteration 100; function evaluation 153; phase 3
Function value -8.9980105e+01; maximum gradient component mag 6.5186e-01
Var    Value     Gradient |Var    Value     Gradient |Var    Value     Gradient
  1  0.95626 -1.37985e-04 |  2  0.00073  9.69433e-02 |  3  0.00008 -7.90646e-02
  4 -0.01565 -3.70572e-02 |  5 -0.01543 -1.60009e-03 |  6 -0.01527  1.45336e-02
  7 -0.01527 -1.22274e-02 |  8 -0.01519 -2.32650e-02 |  9 -0.01512 -4.28416e-02
 10 -0.01489 -2.62155e-02 | 11 -0.01476 -3.75521e-02 | 12 -0.01460 -4.37802e-02
 13 -0.01441 -5.57365e-02 | 14 -0.01391 -6.33003e-03 | 15 -0.01372 -5.45670e-02
 16 -0.01342 -1.08914e-01 | 17 -0.01202  5.86998e-02 | 18 -0.01125 -9.31211e-02
 19 -0.00883  5.49277e-02 | 20 -0.00675  8.35872e-02 | 21 -0.00458  4.12520e-02
 22 -0.00234 -3.93005e-02 | 23  0.00036 -1.16740e-02 | 24  0.00275  4.82093e-02
 25  0.00401  1.14766e-02 | 26  0.00397 -3.10371e-02 | 27  0.00330  2.91786e-02
 28  0.00119 -1.20934e-02 | 29 -0.00077 -1.15411e-02 | 30 -0.00386 -3.44442e-02
 31 -0.00807  3.39994e-02 | 32 -0.01516 -1.72196e-01 | 33 -0.02473 -5.80232e-02
 34 -0.04201 -8.59214e-02 | 35 -0.04871 -1.13823e-01 | 36  0.00576 -1.56775e-01
 37  0.06467  1.91524e-01 | 38 -0.05860  2.16974e-01 | 39 -0.04277  4.36417e-02
 40 -0.03961 -1.95070e-02 | 41 -0.03330  3.67087e-03 | 42 -0.02985 -4.87444e-02
 43 -0.02676  8.36666e-02 | 44 -0.02836  5.36282e-02 | 45 -0.03161  1.29066e-01
 46 -0.03127  1.74469e-01 | 47 -0.01372  2.30478e-01 | 48  0.01617  2.40484e-01
 49  0.01672  1.97817e-01 | 50 -0.01932  1.87020e-02 | 51 -0.03407  5.46822e-02
 52 -0.04877 -1.98224e-02 | 53 -0.03783  1.49470e-01 | 54 -0.00074  1.52913e-01
 55  0.00163  2.03785e-01 | 56  0.01774  1.84101e-01 | 57  0.01077  4.66703e-03
 58 -0.00477 -5.56155e-02 | 59 -0.02314 -1.16413e-01 | 60 -0.02299 -4.93402e-02
 61  0.00606 -1.54940e-01 | 62 -0.01745 -1.73020e-01 | 63 -0.03974 -1.38595e-01
 64 -0.02225  7.38511e-03 | 65 -0.01952 -2.18572e-01 | 66 -0.03046  2.82365e-02
 67 -0.02273 -2.96758e-02 | 68  0.01224 -1.20301e-01 | 69 -0.02084 -1.30889e-01
 70 -0.07739 -9.41108e-02 | 71 -0.08548  1.92484e-03 | 72 -0.05598  7.31174e-02
 73 -0.01711  1.12075e-01 | 74 -0.01695 -5.64039e-02 | 75 -0.01708 -8.70967e-02
 76 -0.01689 -3.11043e-02 | 77 -0.54649  6.51860e-01 | 78 -1.80813 -3.52248e-02
 79 -0.43560 -8.22190e-02 | 80  0.74965 -9.70675e-02 | 81 -0.47391 -6.07640e-01
 82 -0.46551 -2.12201e-03 | 83 -0.29680  3.73730e-01 | 84  0.99024  1.49035e-01
 85  0.89130 -2.75434e-01 | 86  0.58637  4.13488e-03 | 87  0.26369  3.91222e-03
 88 -2.97153 -6.95439e-02 | 89 -0.31485 -1.69278e-03 | 90 -0.02713 -1.33978e-04
 91  0.07448  3.68686e-04 | 92  0.34802  1.91182e-03 |
92 variables; iteration 120; function evaluation 187; phase 3
Function value -8.9998673e+01; maximum gradient component mag 1.0306e+00
Var    Value     Gradient |Var    Value     Gradient |Var    Value     Gradient
  1  0.96780 -1.05051e-04 |  2  0.00044  2.37065e-02 |  3  0.00020 -4.86903e-02
  4 -0.01547  6.95654e-03 |  5 -0.01519  5.64240e-02 |  6 -0.01547 -3.50917e-02
  7 -0.01495  6.84824e-02 |  8 -0.01496  3.46052e-02 |  9 -0.01475  4.97934e-02
 10 -0.01473  1.43498e-02 | 11 -0.01454  1.98318e-02 | 12 -0.01433  2.29031e-02
 13 -0.01413  1.34692e-02 | 14 -0.01376  2.89765e-02 | 15 -0.01355 -1.12464e-02
 16 -0.01298 -1.91046e-03 | 17 -0.01221  1.45190e-02 | 18 -0.01073  2.81568e-02
 19 -0.00916 -2.15689e-02 | 20 -0.00728 -4.01727e-02 | 21 -0.00490 -3.31511e-02
 22 -0.00212  7.01809e-03 | 23  0.00044  8.67405e-04 | 24  0.00231 -5.07711e-02
 25  0.00387 -2.82079e-02 | 26  0.00420  4.66941e-03 | 27  0.00289 -7.31297e-02
 28  0.00121 -2.82683e-02 | 29 -0.00090 -6.25373e-02 | 30 -0.00345  2.94747e-02
 31 -0.00837 -6.46535e-02 | 32 -0.01419  3.09166e-02 | 33 -0.02457 -6.70069e-02
 34 -0.04159 -3.60460e-02 | 35 -0.04800  1.62047e-02 | 36  0.00726 -2.12220e-02
 37  0.06280  1.02953e-01 | 38 -0.05974  1.10059e-01 | 39 -0.04312 -5.94446e-02
 40 -0.03965 -3.42488e-02 | 41 -0.03322 -1.77061e-02 | 42 -0.02942  1.46997e-02
 43 -0.02706 -6.79792e-02 | 44 -0.02812  2.70018e-02 | 45 -0.03156  4.17016e-02
 46 -0.03117  1.22108e-01 | 47 -0.01423  4.02209e-02 | 48  0.01575  5.40672e-02
 49  0.01643  1.80380e-02 | 50 -0.01912  6.29145e-02 | 51 -0.03431 -5.33938e-02
 52 -0.04858 -6.58515e-03 | 53 -0.03819  4.24087e-02 | 54 -0.00080  4.49145e-02
 55  0.00101  9.12714e-02 | 56  0.01696  7.76876e-02 | 57  0.01096  3.24489e-02
 58 -0.00435 -1.76047e-02 | 59 -0.02266  4.18528e-03 | 60 -0.02353 -9.03280e-02
 61  0.00649 -8.55213e-02 | 62 -0.01697 -6.53232e-02 | 63 -0.03995 -3.98078e-02
 64 -0.02312 -1.69443e-02 | 65 -0.01946  3.89834e-02 | 66 -0.03185 -6.75542e-02
 67 -0.02356 -6.66545e-03 | 68  0.01294 -1.00971e-01 | 69 -0.01945 -9.63369e-02
 70 -0.07756 -1.09386e-01 | 71 -0.08617 -4.36912e-03 | 72 -0.05682 -2.06227e-02
 73 -0.01759 -9.69880e-03 | 74 -0.01648  6.09555e-02 | 75 -0.01723 -1.22135e-01
 76 -0.01709 -7.98829e-02 | 77 -0.54573  1.03063e+00 | 78 -1.77844  1.14526e-01
 79 -0.43047 -2.13055e-01 | 80  0.75443 -6.18616e-02 | 81 -0.48935 -1.03954e-01
 82 -0.38453 -9.45453e-04 | 83 -0.34922  6.57160e-02 | 84  0.95885 -1.75158e-01
 85  0.95447 -8.08947e-02 | 86  0.51020  3.24394e-03 | 87  0.26546  3.74801e-01
 88 -2.88809 -1.76774e-02 | 89 -0.18736 -9.46201e-04 | 90 -0.01708 -8.42837e-05
 91  0.04682  2.27156e-04 | 92  0.17298  8.75312e-04 |
92 variables; iteration 140; function evaluation 207; phase 3
Function value -9.0008881e+01; maximum gradient component mag -4.5917e-01
Var    Value     Gradient |Var    Value     Gradient |Var    Value     Gradient
  1  0.99864  6.86701e-05 |  2  0.00032 -5.06530e-03 |  3  0.00040  4.96195e-04
  4 -0.01550  1.47935e-04 |  5 -0.01541  3.12387e-03 |  6 -0.01534 -8.45463e-04
  7 -0.01521  2.51973e-03 |  8 -0.01510  3.37328e-04 |  9 -0.01494  3.05464e-03
 10 -0.01478  1.69692e-03 | 11 -0.01461  1.77977e-03 | 12 -0.01442  1.86245e-03
 13 -0.01419  1.15376e-03 | 14 -0.01388  7.24585e-04 | 15 -0.01351 -1.16009e-04
 16 -0.01298 -1.04921e-04 | 17 -0.01228 -7.07768e-05 | 18 -0.01087 -1.38459e-03
 19 -0.00909 -1.52335e-03 | 20 -0.00714  3.32255e-04 | 21 -0.00481 -2.51483e-03
 22 -0.00222 -2.23493e-03 | 23  0.00037  2.77604e-03 | 24  0.00243 -4.44279e-03
 25  0.00387 -1.52450e-03 | 26  0.00403 -9.37982e-04 | 27  0.00304 -7.05079e-03
 28  0.00117 -3.18263e-03 | 29 -0.00075 -4.63069e-03 | 30 -0.00362 -1.45633e-03
 31 -0.00797 -3.27092e-03 | 32 -0.01391  4.82572e-03 | 33 -0.02360  1.11305e-02
 34 -0.04069  9.14859e-03 | 35 -0.04753  1.69960e-02 | 36  0.00704  9.92204e-03
 37  0.06082 -3.91964e-02 | 38 -0.06024 -9.16004e-03 | 39 -0.04301  8.32543e-04
 40 -0.03958 -2.32692e-03 | 41 -0.03313  5.94431e-04 | 42 -0.02944  1.35811e-03
 43 -0.02680  9.73006e-04 | 44 -0.02827  7.12364e-03 | 45 -0.03193  5.93919e-03
 46 -0.03192  6.87163e-03 | 47 -0.01457  2.45090e-03 | 48  0.01586  7.97729e-03
 49  0.01693  1.17057e-02 | 50 -0.01903  1.57352e-02 | 51 -0.03373  1.29926e-02
 52 -0.04843  1.01537e-02 | 53 -0.03815  1.37536e-03 | 54 -0.00091 -1.29820e-02
 55  0.00060 -1.80902e-02 | 56  0.01673 -1.80939e-02 | 57  0.01117 -9.20328e-03
 58 -0.00402 -2.80682e-03 | 59 -0.02291 -4.44334e-03 | 60 -0.02343 -1.08880e-02
 61  0.00700 -5.42768e-03 | 62 -0.01696 -1.17441e-02 | 63 -0.03992 -1.12128e-02
 64 -0.02256 -5.69737e-03 | 65 -0.01929 -6.63832e-03 | 66 -0.03206 -6.54494e-03
 67 -0.02430 -3.18822e-03 | 68  0.01354  2.07891e-02 | 69 -0.01880  2.44202e-02
 70 -0.07744  3.58057e-03 | 71 -0.08634  3.99479e-03 | 72 -0.05687 -1.48364e-03
 73 -0.01753  4.45110e-03 | 74 -0.01672  1.75656e-04 | 75 -0.01674 -9.28247e-04
 76 -0.01677 -1.45527e-03 | 77 -0.54002 -3.54561e-01 | 78 -1.78974 -1.34341e-02
 79 -0.39403  6.72868e-02 | 80  0.74319  2.54082e-02 | 81 -0.50647 -4.59172e-01
 82 -0.27694 -1.34440e-03 | 83 -0.43293  7.00756e-02 | 84  0.98109 -6.70041e-04
 85  0.97021 -1.18530e-02 | 86  0.30118  1.60756e-03 | 87  0.26511  2.18036e-02
 88 -2.17149 -8.67358e-04 | 89  0.10174  5.14415e-04 | 90  0.00766  3.78203e-05
 91 -0.01991 -1.04476e-04 | 92 -0.13320 -6.67109e-04 |
92 variables; iteration 160; function evaluation 227; phase 3
Function value -9.0009163e+01; maximum gradient component mag 1.2467e-02
Var    Value     Gradient |Var    Value     Gradient |Var    Value     Gradient
  1  1.00867  1.80050e-05 |  2  0.00034 -7.43566e-04 |  3  0.00040 -2.07635e-04
  4 -0.01550 -3.09551e-05 |  5 -0.01542 -4.79377e-05 |  6 -0.01533 -5.09214e-04
  7 -0.01523 -4.70382e-04 |  8 -0.01510 -5.26676e-04 |  9 -0.01495 -5.47132e-05
 10 -0.01479  1.67193e-04 | 11 -0.01462  3.78171e-04 | 12 -0.01442  6.73160e-04
 13 -0.01419  8.75881e-04 | 14 -0.01388  7.16918e-04 | 15 -0.01351  4.38084e-04
 16 -0.01298  1.46245e-04 | 17 -0.01228  9.77704e-05 | 18 -0.01087 -5.61643e-05
 19 -0.00909 -3.61214e-04 | 20 -0.00714 -3.67694e-04 | 21 -0.00480 -4.46913e-04
 22 -0.00221  1.92750e-04 | 23  0.00035 -1.47140e-04 | 24  0.00245 -3.26940e-04
 25  0.00387 -1.88208e-04 | 26  0.00403 -1.21780e-05 | 27  0.00307 -2.56380e-04
 28  0.00118 -6.34879e-05 | 29 -0.00073 -6.47566e-05 | 30 -0.00362 -3.64770e-04
 31 -0.00797  1.14989e-04 | 32 -0.01394  7.29689e-04 | 33 -0.02366 -4.24270e-04
 34 -0.04073  2.95926e-04 | 35 -0.04758 -1.26089e-04 | 36  0.00703  1.11158e-03
 37  0.06094  1.00798e-03 | 38 -0.06020 -7.72970e-04 | 39 -0.04299 -2.54635e-04
 40 -0.03956  3.26801e-04 | 41 -0.03313  8.10925e-05 | 42 -0.02944  7.86818e-05
 43 -0.02680  8.16219e-05 | 44 -0.02829  1.91036e-04 | 45 -0.03194 -3.96177e-05
 46 -0.03193 -1.53484e-04 | 47 -0.01456 -4.59008e-04 | 48  0.01585 -2.07546e-04
 49  0.01693  2.43667e-04 | 50 -0.01905  9.86678e-04 | 51 -0.03375  5.72349e-04
 52 -0.04845  1.10873e-03 | 53 -0.03816  1.16048e-04 | 54 -0.00089 -1.76552e-04
 55  0.00063 -1.25644e-04 | 56  0.01676 -5.67106e-04 | 57  0.01117 -2.74310e-04
 58 -0.00404 -4.83888e-04 | 59 -0.02291 -2.51740e-04 | 60 -0.02341 -8.55384e-04
 61  0.00696 -4.62903e-04 | 62 -0.01695 -1.90193e-04 | 63 -0.03991 -8.29952e-05
 64 -0.02259 -6.07484e-04 | 65 -0.01929  4.08728e-04 | 66 -0.03202  2.88568e-05
 67 -0.02424  6.81523e-04 | 68  0.01349 -6.15190e-04 | 69 -0.01886  7.18441e-04
 70 -0.07742  7.61961e-04 | 71 -0.08633  4.34727e-04 | 72 -0.05684  7.69467e-05
 73 -0.01754 -5.31927e-04 | 74 -0.01672 -1.88435e-04 | 75 -0.01673 -3.38678e-04
 76 -0.01676 -2.27211e-04 | 77 -0.53758  1.24672e-02 | 78 -1.77985 -1.45608e-04
 79 -0.38077 -4.21981e-03 | 80  0.74361  8.73094e-05 | 81 -0.50916  1.17864e-02
 82 -0.24774  2.27292e-05 | 83 -0.45110 -3.60505e-03 | 84  0.98114  8.02255e-05
 85  0.97256  2.78292e-04 | 86  0.23168  1.19481e-03 | 87  0.26510  1.48966e-03
 88 -1.94234  2.85305e-04 | 89 -0.00315 -5.02773e-06 | 90  0.00029  1.40982e-06
 91  0.00045 -6.25334e-06 | 92  0.00882  4.35049e-05 |
92 variables; iteration 180; function evaluation 247; phase 3
Function value -9.0009247e+01; maximum gradient component mag -5.6997e-03
Var    Value     Gradient |Var    Value     Gradient |Var    Value     Gradient
  1  0.93989 -2.10071e-04 |  2  0.00034  1.78308e-04 |  3  0.00040  6.33910e-04
  4 -0.01550  2.64797e-04 |  5 -0.01542  2.99870e-04 |  6 -0.01533  8.97344e-04
  7 -0.01522  8.19437e-04 |  8 -0.01510  7.82261e-04 |  9 -0.01495  1.90972e-04
 10 -0.01479 -2.48226e-04 | 11 -0.01462 -7.22828e-04 | 12 -0.01443 -1.23024e-03
 13 -0.01420 -1.64078e-03 | 14 -0.01389 -1.29189e-03 | 15 -0.01351 -6.78834e-04
 16 -0.01298 -1.66262e-04 | 17 -0.01228 -1.30234e-04 | 18 -0.01087  4.33602e-05
 19 -0.00909  4.30687e-04 | 20 -0.00714  4.32897e-04 | 21 -0.00480  6.40214e-04
 22 -0.00221 -3.31113e-04 | 23  0.00035  1.19079e-04 | 24  0.00245  4.60530e-04
 25  0.00387  3.01494e-04 | 26  0.00403 -1.12568e-04 | 27  0.00307  4.24776e-04
 28  0.00118  1.45536e-04 | 29 -0.00073  2.76666e-04 | 30 -0.00362  2.57874e-04
 31 -0.00797 -3.27000e-05 | 32 -0.01396 -8.45384e-04 | 33 -0.02367  5.87569e-04
 34 -0.04075 -4.40127e-04 | 35 -0.04760 -7.98086e-04 | 36  0.00701 -2.72529e-03
 37  0.06101  9.10707e-05 | 38 -0.06017  1.46030e-03 | 39 -0.04299  1.42329e-04
 40 -0.03956  8.21021e-05 | 41 -0.03313  3.50114e-04 | 42 -0.02944  5.53352e-04
 43 -0.02680  8.79241e-04 | 44 -0.02829  8.65215e-04 | 45 -0.03193  1.38409e-03
 46 -0.03192  1.92080e-03 | 47 -0.01454  2.99817e-03 | 48  0.01586  2.71013e-03
 49  0.01692  1.08282e-03 | 50 -0.01906 -4.59616e-04 | 51 -0.03376 -4.93740e-04
 52 -0.04846 -6.36853e-04 | 53 -0.03816  1.08378e-03 | 54 -0.00089  1.02040e-03
 55  0.00064  1.58103e-03 | 56  0.01677  9.33973e-04 | 57  0.01116  4.31072e-05
 58 -0.00405 -7.79971e-04 | 59 -0.02291 -1.40987e-03 | 60 -0.02341 -1.16644e-03
 61  0.00695 -1.47050e-03 | 62 -0.01696 -2.29099e-03 | 63 -0.03991 -1.71764e-03
 64 -0.02259 -9.20545e-04 | 65 -0.01929 -1.95217e-03 | 66 -0.03200 -4.60955e-04
 67 -0.02422 -1.05411e-03 | 68  0.01348  4.28170e-04 | 69 -0.01890 -1.38322e-03
 70 -0.07743 -9.83903e-04 | 71 -0.08632 -7.07771e-04 | 72 -0.05683 -1.43138e-04
 73 -0.01754  6.19961e-04 | 74 -0.01672  3.47814e-04 | 75 -0.01673  6.87060e-04
 76 -0.01676  2.51700e-04 | 77 -0.53490  3.60330e-03 | 78 -1.76749  6.28590e-04
 79 -0.36718 -2.88918e-03 | 80  0.74377 -1.56447e-03 | 81 -0.50515 -2.95363e-03
 82 -0.27878 -5.30552e-05 | 83 -0.42511  6.05512e-04 | 84  0.98107  2.92963e-07
 85  0.97273  1.20548e-03 | 86  0.16202  8.14597e-04 | 87  0.26509 -5.69971e-03
 88 -1.91823  4.05753e-04 | 89 -0.06894 -3.31371e-04 | 90 -0.01171 -5.77755e-05
 91  0.04239  2.00047e-04 | 92 -0.05685 -2.81276e-04 |
92 variables; iteration 200; function evaluation 268; phase 3
Function value -9.0009291e+01; maximum gradient component mag 3.7840e-02
Var    Value     Gradient |Var    Value     Gradient |Var    Value     Gradient
  1  0.98186 -5.63840e-05 |  2  0.00034  2.20775e-04 |  3  0.00040  1.98206e-05
  4 -0.01550 -7.99584e-05 |  5 -0.01542 -1.84345e-05 |  6 -0.01533  1.65964e-05
  7 -0.01522  2.04100e-05 |  8 -0.01510  2.11037e-05 |  9 -0.01495 -5.70510e-05
 10 -0.01479 -7.09597e-05 | 11 -0.01462 -7.03518e-05 | 12 -0.01443 -9.61329e-05
 13 -0.01419 -9.32529e-05 | 14 -0.01389 -9.97569e-05 | 15 -0.01351 -4.67936e-05
 16 -0.01298 -2.79128e-05 | 17 -0.01228 -2.72301e-05 | 18 -0.01087  4.81908e-06
 19 -0.00909  2.87870e-05 | 20 -0.00714  2.49760e-05 | 21 -0.00480  4.24032e-05
 22 -0.00221  4.65216e-05 | 23  0.00035  9.25532e-08 | 24  0.00245  8.38167e-05
 25  0.00387  7.74941e-05 | 26  0.00403  8.10208e-05 | 27  0.00307  1.39656e-04
 28  0.00118  1.61218e-04 | 29 -0.00073  1.59202e-04 | 30 -0.00363  7.76159e-05
 31 -0.00798  1.58694e-04 | 32 -0.01396 -1.57459e-04 | 33 -0.02369 -2.65581e-04
 34 -0.04077 -9.67127e-05 | 35 -0.04761 -1.62378e-04 | 36  0.00700  2.76309e-06
 37  0.06106  3.41468e-04 | 38 -0.06015  1.84672e-05 | 39 -0.04299 -2.01842e-04
 40 -0.03956  6.23092e-05 | 41 -0.03313 -1.96831e-05 | 42 -0.02945 -6.72889e-05
 43 -0.02680  2.69719e-05 | 44 -0.02829 -6.59583e-05 | 45 -0.03194  6.91452e-05
 46 -0.03192  1.11261e-04 | 47 -0.01455  2.10111e-04 | 48  0.01585  1.91033e-04
 49  0.01692  9.08241e-05 | 50 -0.01905 -2.08096e-04 | 51 -0.03376 -3.69531e-04
 52 -0.04846 -3.66293e-04 | 53 -0.03816 -1.69164e-04 | 54 -0.00089  1.98157e-04
 55  0.00065  6.30285e-04 | 56  0.01679  7.27882e-04 | 57  0.01116  4.71978e-04
 58 -0.00406  1.98472e-04 | 59 -0.02291  2.45169e-05 | 60 -0.02341 -7.02108e-05
 61  0.00693 -2.33255e-04 | 62 -0.01697 -1.15698e-04 | 63 -0.03990 -1.08121e-04
 64 -0.02259 -9.42757e-05 | 65 -0.01928 -1.39529e-05 | 66 -0.03198  1.70208e-04
 67 -0.02419  9.68764e-05 | 68  0.01346 -4.47656e-04 | 69 -0.01893 -6.59908e-04
 70 -0.07742 -2.92631e-04 | 71 -0.08631 -2.40864e-04 | 72 -0.05682  1.38309e-04
 73 -0.01754  3.59556e-05 | 74 -0.01672  4.06165e-05 | 75 -0.01673  4.48797e-05
 76 -0.01676  2.98556e-05 | 77 -0.53375  3.78398e-02 | 78 -1.76127 -1.95540e-04
 79 -0.36168 -8.94415e-03 | 80  0.74382  5.46713e-05 | 81 -0.50371 -9.48271e-03
 82 -0.29327 -6.51835e-05 | 83 -0.41664  3.46092e-03 | 84  0.98102  2.29617e-05
 85  0.97281  1.61840e-03 | 86  0.13441  6.71561e-04 | 87  0.26510 -2.03452e-03
 88 -1.90804  4.56988e-04 | 89  0.00516  3.59739e-05 | 90  0.00120  5.93900e-06
 91 -0.00210 -1.87504e-05 | 92  0.00568  2.80285e-05 |
92 variables; iteration 220; function evaluation 291; phase 3
Function value -9.0009327e+01; maximum gradient component mag -4.4843e-01
Var    Value     Gradient |Var    Value     Gradient |Var    Value     Gradient
  1  1.02440  7.92535e-05 |  2  0.00034  4.28661e-05 |  3  0.00040 -5.32846e-04
  4 -0.01550 -3.86556e-05 |  5 -0.01542 -3.86377e-04 |  6 -0.01533 -6.99082e-04
  7 -0.01523 -7.69395e-04 |  8 -0.01510 -6.64777e-04 |  9 -0.01495 -2.79968e-04
 10 -0.01479  4.47208e-05 | 11 -0.01462  4.43366e-04 | 12 -0.01442  8.16973e-04
 13 -0.01418  1.14732e-03 | 14 -0.01388  9.11255e-04 | 15 -0.01351  4.38177e-04
 16 -0.01298  8.15110e-05 | 17 -0.01228  1.02235e-04 | 18 -0.01087  3.97958e-05
 19 -0.00909 -3.81662e-04 | 20 -0.00714 -3.66859e-04 | 21 -0.00480 -3.80100e-04
 22 -0.00221  3.18781e-04 | 23  0.00035 -3.26782e-04 | 24  0.00245 -1.88577e-04
 25  0.00387 -2.03683e-04 | 26  0.00403  4.78975e-05 | 27  0.00307 -3.87758e-05
 28  0.00118  3.22170e-05 | 29 -0.00073 -3.17324e-05 | 30 -0.00363 -2.72599e-04
 31 -0.00798  2.77407e-04 | 32 -0.01396  9.53434e-04 | 33 -0.02370  5.72872e-05
 34 -0.04077  2.92092e-03 | 35 -0.04761  3.72234e-03 | 36  0.00704  4.02925e-03
 37  0.06106 -1.71730e-02 | 38 -0.06017  3.51327e-03 | 39 -0.04299  5.00541e-03
 40 -0.03956  5.33581e-04 | 41 -0.03313 -1.80905e-05 | 42 -0.02945 -2.46231e-04
 43 -0.02680 -4.57180e-04 | 44 -0.02829 -7.96525e-04 | 45 -0.03193 -1.65428e-03
 46 -0.03191 -3.01713e-03 | 47 -0.01455 -2.91623e-03 | 48  0.01585 -1.26588e-03
 49  0.01692  2.47810e-03 | 50 -0.01906  2.52346e-03 | 51 -0.03377  3.69537e-03
 52 -0.04845 -1.89802e-04 | 53 -0.03816 -1.43525e-03 | 54 -0.00088 -1.58425e-03
 55  0.00065 -9.15305e-04 | 56  0.01678  2.12324e-03 | 57  0.01116  1.95499e-03
 58 -0.00405  9.17533e-04 | 59 -0.02290 -1.75655e-03 | 60 -0.02341 -4.01120e-03
 61  0.00694 -3.34899e-03 | 62 -0.01695 -2.01509e-03 | 63 -0.03990 -1.06051e-03
 64 -0.02261  1.93278e-03 | 65 -0.01930  6.28323e-03 | 66 -0.03199  5.02449e-03
 67 -0.02420  2.05349e-03 | 68  0.01346 -2.90832e-03 | 69 -0.01890 -1.45592e-03
 70 -0.07742 -6.15971e-04 | 71 -0.08632  3.72908e-04 | 72 -0.05683  1.37119e-03
 73 -0.01754 -6.76286e-04 | 74 -0.01672 -2.98446e-04 | 75 -0.01673 -5.26357e-04
 76 -0.01676 -3.87273e-05 | 77 -0.53169 -4.48427e-01 | 78 -1.74443  7.56236e-04
 79 -0.35215  9.91702e-02 | 80  0.74413  1.24330e-02 | 81 -0.50437  6.21535e-02
 82 -0.29072 -5.93742e-04 | 83 -0.42054 -1.08220e-02 | 84  0.98107 -3.62178e-04
 85  0.97274  1.19134e-03 | 86  0.08438  4.16613e-04 | 87  0.26510  1.11856e-03
 88 -1.92993  3.47192e-04 | 89 -0.01880 -8.22187e-05 | 90 -0.00271 -1.33925e-05
 91  0.00896  3.53042e-05 | 92 -0.01817 -8.96883e-05 |
92 variables; iteration 240; function evaluation 311; phase 3
Function value -9.0009362e+01; maximum gradient component mag -5.3871e-02
Var    Value     Gradient |Var    Value     Gradient |Var    Value     Gradient
  1  1.02369  7.69182e-05 |  2  0.00034  1.40862e-05 |  3  0.00040  3.70173e-05
  4 -0.01550  7.37286e-05 |  5 -0.01542  1.64985e-05 |  6 -0.01533  1.00729e-04
  7 -0.01522  9.07512e-05 |  8 -0.01510  9.24170e-05 |  9 -0.01495  2.28977e-05
 10 -0.01479 -5.09495e-05 | 11 -0.01462 -1.01065e-04 | 12 -0.01443 -1.60966e-04
 13 -0.01419 -2.16076e-04 | 14 -0.01389 -1.55103e-04 | 15 -0.01351 -1.04767e-04
 16 -0.01298 -3.14485e-05 | 17 -0.01228 -1.20164e-05 | 18 -0.01087  2.66442e-06
 19 -0.00909 -3.22403e-06 | 20 -0.00714 -2.93853e-05 | 21 -0.00480  5.28268e-05
 22 -0.00221  2.87228e-05 | 23  0.00035 -8.05858e-05 | 24  0.00245  9.29557e-05
 25  0.00387 -2.39433e-06 | 26  0.00403 -3.62714e-05 | 27  0.00307  9.40827e-05
 28  0.00118  1.98894e-05 | 29 -0.00073  8.24397e-05 | 30 -0.00362  1.34647e-04
 31 -0.00797  2.28244e-04 | 32 -0.01395  3.28312e-04 | 33 -0.02367  7.56450e-04
 34 -0.04074  1.21299e-03 | 35 -0.04759  1.43564e-03 | 36  0.00700  9.63238e-04
 37  0.06098 -5.58352e-03 | 38 -0.06017 -2.41144e-04 | 39 -0.04299  9.35899e-04
 40 -0.03956  1.59758e-04 | 41 -0.03313  7.62487e-05 | 42 -0.02945  8.14303e-05
 43 -0.02680  7.07074e-05 | 44 -0.02829  1.70626e-05 | 45 -0.03194 -8.94205e-05
 46 -0.03193 -3.60794e-04 | 47 -0.01456 -3.02196e-04 | 48  0.01585 -5.42783e-05
 49  0.01693  4.60772e-04 | 50 -0.01905  3.45400e-04 | 51 -0.03375  8.44054e-04
 52 -0.04845  3.33250e-05 | 53 -0.03815 -3.62462e-04 | 54 -0.00089 -8.49525e-04
 55  0.00064 -1.31458e-03 | 56  0.01677 -7.37312e-04 | 57  0.01116  1.58853e-04
 58 -0.00405  6.90890e-04 | 59 -0.02291  2.41684e-04 | 60 -0.02341 -1.14132e-04
 61  0.00695  4.40246e-04 | 62 -0.01696 -1.99987e-05 | 63 -0.03991 -5.55110e-04
 64 -0.02258 -3.52955e-04 | 65 -0.01928 -4.35908e-04 | 66 -0.03200 -4.60719e-04
 67 -0.02422 -4.00358e-04 | 68  0.01348  1.08969e-03 | 69 -0.01890  1.35563e-03
 70 -0.07743  9.30604e-05 | 71 -0.08632 -4.35411e-04 | 72 -0.05683  1.79067e-04
 73 -0.01754  2.19431e-04 | 74 -0.01672  1.41445e-05 | 75 -0.01673  4.40828e-05
 76 -0.01676  4.73137e-05 | 77 -0.53084 -5.38715e-02 | 78 -1.74043 -6.81324e-04
 79 -0.34851  1.42127e-02 | 80  0.74355  3.66002e-03 | 81 -0.50550 -4.85120e-02
 82 -0.27532  1.44949e-05 | 83 -0.42719  7.90739e-03 | 84  0.98107 -7.96030e-06
 85  0.97254  1.69233e-04 | 86  0.06364  2.78826e-04 | 87  0.26510 -4.67372e-04
 88 -2.00491 -2.42217e-05 | 89  0.00074  1.42240e-05 | 90  0.00013  6.29646e-07
 91  0.00349  8.51397e-06 | 92  0.00184  9.10300e-06 |
92 variables; iteration 260; function evaluation 331; phase 3
Function value -9.0009364e+01; maximum gradient component mag 5.3215e-04
Var    Value     Gradient |Var    Value     Gradient |Var    Value     Gradient
  1  1.00472 -5.08883e-06 |  2  0.00034 -2.51408e-05 |  3  0.00040 -5.32376e-07
  4 -0.01550  7.75690e-06 |  5 -0.01542  5.26245e-06 |  6 -0.01533  2.68886e-06
  7 -0.01522  4.50116e-06 |  8 -0.01510  2.95762e-06 |  9 -0.01495  8.81833e-06
 10 -0.01479  4.51527e-06 | 11 -0.01462  1.75525e-06 | 12 -0.01443  9.09877e-07
 13 -0.01419 -3.55041e-06 | 14 -0.01389  3.78692e-07 | 15 -0.01351 -2.33324e-06
 16 -0.01298  3.76367e-07 | 17 -0.01228  3.75490e-07 | 18 -0.01087 -3.68157e-06
 19 -0.00909 -1.05428e-09 | 20 -0.00714 -2.80627e-06 | 21 -0.00480 -3.91430e-06
 22 -0.00221  4.86482e-07 | 23  0.00035  1.73730e-06 | 24  0.00245 -3.29048e-06
 25  0.00387 -2.37200e-06 | 26  0.00403  1.04814e-06 | 27  0.00307 -8.33433e-06
 28  0.00118 -6.26143e-06 | 29 -0.00073 -1.01785e-05 | 30 -0.00362 -1.68522e-06
 31 -0.00797 -1.32439e-05 | 32 -0.01395 -1.68308e-05 | 33 -0.02367 -1.73098e-05
 34 -0.04074 -4.80357e-05 | 35 -0.04759 -5.09458e-05 | 36  0.00701 -3.77601e-05
 37  0.06099  1.70886e-04 | 38 -0.06017  2.96494e-05 | 39 -0.04299  3.55165e-07
 40 -0.03956  2.53526e-07 | 41 -0.03313 -1.46710e-06 | 42 -0.02945  2.25307e-06
 43 -0.02680 -2.90987e-06 | 44 -0.02829 -3.27793e-06 | 45 -0.03194 -9.71152e-06
 46 -0.03193 -1.15251e-05 | 47 -0.01456 -2.80753e-05 | 48  0.01585 -2.86390e-05
 49  0.01693 -1.57369e-05 | 50 -0.01905  1.59039e-05 | 51 -0.03375  4.17740e-05
 52 -0.04845  5.90118e-05 | 53 -0.03816  4.22661e-05 | 54 -0.00089 -1.10058e-06
 55  0.00064 -5.95005e-05 | 56  0.01677 -8.27501e-05 | 57  0.01116 -6.38302e-05
 58 -0.00405 -4.00174e-05 | 59 -0.02291  2.02925e-05 | 60 -0.02341  5.61120e-05
 61  0.00695  5.20414e-05 | 62 -0.01696  3.33956e-05 | 63 -0.03991  1.46353e-05
 64 -0.02258 -2.65592e-05 | 65 -0.01928 -5.14383e-05 | 66 -0.03200 -5.10203e-05
 67 -0.02422 -2.94043e-05 | 68  0.01348  1.20479e-05 | 69 -0.01890  2.98282e-05
 70 -0.07743  4.38288e-05 | 71 -0.08632  4.82877e-05 | 72 -0.05683  7.21212e-06
 73 -0.01754  9.88604e-06 | 74 -0.01672 -1.53758e-06 | 75 -0.01673 -1.46161e-06
 76 -0.01676 -2.98434e-07 | 77 -0.53060 -3.24608e-05 | 78 -1.73757  2.36960e-05
 79 -0.34748  5.32150e-04 | 80  0.74357 -9.58562e-05 | 81 -0.50540  1.83605e-04
 82 -0.27634 -4.37991e-07 | 83 -0.42662 -3.74558e-05 | 84  0.98107 -6.60456e-06
 85  0.97252  6.65256e-05 | 86  0.05710  1.10423e-04 | 87  0.26510 -4.60069e-05
 88 -2.00047 -2.30708e-06 | 89 -0.00263 -2.46418e-06 | 90  0.00009  4.24186e-07
 91  0.00045 -6.24650e-06 | 92 -0.00021 -1.04772e-06 |

 - final statistics:
92 variables; iteration 278; function evaluation 349
Function value -9.0009e+01; maximum gradient component mag -7.6121e-05
Exit code = 1;  converg criter 1.0000e-04
Var    Value     Gradient |Var    Value     Gradient |Var    Value     Gradient
  1  1.00543  3.96235e-08 |  2  0.00034  2.85689e-07 |  3  0.00040 -6.80886e-08
  4 -0.01550  9.15719e-08 |  5 -0.01542 -1.91883e-07 |  6 -0.01533 -3.52878e-08
  7 -0.01522 -9.45029e-08 |  8 -0.01510 -2.55998e-08 |  9 -0.01495 -1.54234e-07
 10 -0.01479 -1.73997e-07 | 11 -0.01462 -1.20744e-07 | 12 -0.01443 -1.41021e-07
 13 -0.01419 -1.06591e-07 | 14 -0.01389 -7.87445e-08 | 15 -0.01351 -1.84183e-08
 16 -0.01298 -1.75954e-08 | 17 -0.01228  1.09811e-08 | 18 -0.01087  1.07022e-07
 19 -0.00909 -2.66535e-08 | 20 -0.00714 -9.77336e-08 | 21 -0.00480  1.36126e-07
 22 -0.00221  1.89560e-07 | 23  0.00035 -2.92429e-07 | 24  0.00245  3.40684e-07
 25  0.00387  3.54155e-08 | 26  0.00403 -4.23593e-08 | 27  0.00307  4.77312e-07
 28  0.00118  1.51959e-07 | 29 -0.00073  3.48348e-07 | 30 -0.00362  1.94934e-07
 31 -0.00797  5.30972e-07 | 32 -0.01395  4.97337e-07 | 33 -0.02367  4.71050e-07
 34 -0.04075  1.59522e-06 | 35 -0.04759  1.53965e-06 | 36  0.00701  1.68019e-06
 37  0.06099 -6.18484e-06 | 38 -0.06017 -6.19362e-07 | 39 -0.04299  1.12815e-06
 40 -0.03956  3.30171e-07 | 41 -0.03313  2.90145e-08 | 42 -0.02945  9.73685e-09
 43 -0.02680 -2.59470e-08 | 44 -0.02829 -3.30010e-07 | 45 -0.03194 -4.23966e-07
 46 -0.03193 -8.76207e-07 | 47 -0.01456 -5.11969e-07 | 48  0.01585 -9.19489e-08
 49  0.01693  8.45951e-07 | 50 -0.01905  4.18417e-07 | 51 -0.03375  8.38306e-07
 52 -0.04845 -4.55817e-07 | 53 -0.03816 -7.06568e-07 | 54 -0.00089 -4.97264e-07
 55  0.00064 -1.45089e-07 | 56  0.01677  5.90814e-07 | 57  0.01116  9.73983e-07
 58 -0.00405  1.08306e-06 | 59 -0.02291  1.44360e-08 | 60 -0.02341 -6.77709e-07
 61  0.00695 -2.69578e-07 | 62 -0.01696  1.17544e-07 | 63 -0.03991 -1.85204e-07
 64 -0.02258  2.20836e-07 | 65 -0.01928  7.27762e-07 | 66 -0.03200  2.37510e-07
 67 -0.02422 -4.31348e-07 | 68  0.01348 -8.29460e-07 | 69 -0.01890 -1.22355e-08
 70 -0.07743 -1.86688e-07 | 71 -0.08632 -8.48116e-07 | 72 -0.05683 -3.56913e-09
 73 -0.01754 -3.84436e-07 | 74 -0.01672 -3.53877e-09 | 75 -0.01673 -6.57441e-08
 76 -0.01676  6.17659e-08 | 77 -0.53131 -7.61208e-05 | 78 -1.74402 -5.57133e-07
 79 -0.35057  1.84574e-05 | 80  0.74361  4.85750e-06 | 81 -0.50539  3.18102e-05
 82 -0.27639 -2.24628e-08 | 83 -0.42654 -5.31230e-06 | 84  0.98107  6.23546e-09
 85  0.97251  9.98521e-08 | 86  0.05550  1.55898e-07 | 87  0.26510 -2.10415e-07
 88 -2.00000  4.53728e-09 | 89 -0.00212  7.15396e-08 | 90 -0.00020 -9.64423e-07
 91  0.00171 -1.00832e-07 | 92  0.00000  1.66849e-08 |
Warning: the following parameters had issues
  SR_parm[1] is within 0.1% of upper bound: 1.00000e-04 < 1.99996e+01 < 2.00000e+01
  selparm[10] is within 0.1% of upper bound: -1.50000e+01 < 5.99536e+00 < 6.00000e+00
  selparm[13] is within 0.1% of upper bound: 2.00000e+01 < 8.29706e+01 < 8.30000e+01


 - final statistics:
93 variables; iteration 0; function evaluation 0
Function value -9.0009e+01; maximum gradient component mag -7.6121e-05
Exit code = 0;  converg criter 1.0000e-04
Var    Value     Gradient |Var    Value     Gradient |Var    Value     Gradient
  1  0.99457 -3.96235e-08 |  2  0.00034  2.85689e-07 |  3  0.00040 -6.80886e-08
  4 -0.01550  9.15719e-08 |  5 -0.01542 -1.91883e-07 |  6 -0.01533 -3.52878e-08
  7 -0.01522 -9.45029e-08 |  8 -0.01510 -2.55998e-08 |  9 -0.01495 -1.54234e-07
 10 -0.01479 -1.73997e-07 | 11 -0.01462 -1.20744e-07 | 12 -0.01443 -1.41021e-07
 13 -0.01419 -1.06591e-07 | 14 -0.01389 -7.87445e-08 | 15 -0.01351 -1.84183e-08
 16 -0.01298 -1.75954e-08 | 17 -0.01228  1.09811e-08 | 18 -0.01087  1.07022e-07
 19 -0.00909 -2.66535e-08 | 20 -0.00714 -9.77336e-08 | 21 -0.00480  1.36126e-07
 22 -0.00221  1.89560e-07 | 23  0.00035 -2.92429e-07 | 24  0.00245  3.40684e-07
 25  0.00387  3.54155e-08 | 26  0.00403 -4.23593e-08 | 27  0.00307  4.77312e-07
 28  0.00118  1.51959e-07 | 29 -0.00073  3.48348e-07 | 30 -0.00362  1.94934e-07
 31 -0.00797  5.30972e-07 | 32 -0.01395  4.97337e-07 | 33 -0.02367  4.71050e-07
 34 -0.04075  1.59522e-06 | 35 -0.04759  1.53965e-06 | 36  0.00701  1.68019e-06
 37  0.06099 -6.18484e-06 | 38 -0.06017 -6.19362e-07 | 39 -0.04299  1.12815e-06
 40 -0.03956  3.30171e-07 | 41 -0.03313  2.90146e-08 | 42 -0.02945  9.73685e-09
 43 -0.02680 -2.59470e-08 | 44 -0.02829 -3.30010e-07 | 45 -0.03194 -4.23966e-07
 46 -0.03193 -8.76207e-07 | 47 -0.01456 -5.11969e-07 | 48  0.01585 -9.19487e-08
 49  0.01693  8.45951e-07 | 50 -0.01905  4.18418e-07 | 51 -0.03375  8.38306e-07
 52 -0.04845 -4.55817e-07 | 53 -0.03816 -7.06568e-07 | 54 -0.00089 -4.97263e-07
 55  0.00064 -1.45089e-07 | 56  0.01677  5.90815e-07 | 57  0.01116  9.73983e-07
 58 -0.00405  1.08306e-06 | 59 -0.02291  1.44361e-08 | 60 -0.02341 -6.77709e-07
 61  0.00695 -2.69578e-07 | 62 -0.01696  1.17544e-07 | 63 -0.03991 -1.85204e-07
 64 -0.02258  2.20835e-07 | 65 -0.01928  7.27762e-07 | 66 -0.03200  2.37510e-07
 67 -0.02422 -4.31348e-07 | 68  0.01348 -8.29460e-07 | 69 -0.01890 -1.22358e-08
 70 -0.07743 -1.86688e-07 | 71 -0.08632 -8.48116e-07 | 72 -0.05683 -3.56911e-09
 73 -0.01754 -3.84436e-07 | 74 -0.01672 -3.53877e-09 | 75 -0.01673 -6.57441e-08
 76 -0.01676  6.17659e-08 | 77  0.00000  0.00000e+00 | 78 -0.53131 -7.61208e-05
 79 -0.25598  5.57133e-07 | 80 -0.35057  1.84574e-05 | 81  0.74361  4.85750e-06
 82 -0.50539  3.18102e-05 | 83 -0.27639 -2.24628e-08 | 84 -0.42654 -5.31230e-06
 85  0.98107  6.23541e-09 | 86  0.97251  9.98521e-08 | 87  0.05550  1.55898e-07
 88  0.26510 -2.10415e-07 | 89 -0.00000 -4.53728e-09 | 90 -0.00212  7.15396e-08
 91 -0.00020 -9.64423e-07 | 92  0.00171 -1.00832e-07 | 93  0.00000  1.66849e-08
Estimating row 1 out of 93 for hessian
Estimating row 2 out of 93 for hessian
Estimating row 3 out of 93 for hessian
Estimating row 4 out of 93 for hessian
Estimating row 5 out of 93 for hessian
Estimating row 6 out of 93 for hessian
Estimating row 7 out of 93 for hessian
Estimating row 8 out of 93 for hessian
Estimating row 9 out of 93 for hessian
Estimating row 10 out of 93 for hessian
Estimating row 11 out of 93 for hessian
Estimating row 12 out of 93 for hessian
Estimating row 13 out of 93 for hessian
Estimating row 14 out of 93 for hessian
Estimating row 15 out of 93 for hessian
Estimating row 16 out of 93 for hessian
Estimating row 17 out of 93 for hessian
Estimating row 18 out of 93 for hessian
Estimating row 19 out of 93 for hessian
Estimating row 20 out of 93 for hessian
Estimating row 21 out of 93 for hessian
Estimating row 22 out of 93 for hessian
Estimating row 23 out of 93 for hessian
Estimating row 24 out of 93 for hessian
Estimating row 25 out of 93 for hessian
Estimating row 26 out of 93 for hessian
Estimating row 27 out of 93 for hessian
Estimating row 28 out of 93 for hessian
Estimating row 29 out of 93 for hessian
Estimating row 30 out of 93 for hessian
Estimating row 31 out of 93 for hessian
Estimating row 32 out of 93 for hessian
Estimating row 33 out of 93 for hessian
Estimating row 34 out of 93 for hessian
Estimating row 35 out of 93 for hessian
Estimating row 36 out of 93 for hessian
Estimating row 37 out of 93 for hessian
Estimating row 38 out of 93 for hessian
Estimating row 39 out of 93 for hessian
Estimating row 40 out of 93 for hessian
Estimating row 41 out of 93 for hessian
Estimating row 42 out of 93 for hessian
Estimating row 43 out of 93 for hessian
Estimating row 44 out of 93 for hessian
Estimating row 45 out of 93 for hessian
Estimating row 46 out of 93 for hessian
Estimating row 47 out of 93 for hessian
Estimating row 48 out of 93 for hessian
Estimating row 49 out of 93 for hessian
Estimating row 50 out of 93 for hessian
Estimating row 51 out of 93 for hessian
Estimating row 52 out of 93 for hessian
Estimating row 53 out of 93 for hessian
Estimating row 54 out of 93 for hessian
Estimating row 55 out of 93 for hessian
Estimating row 56 out of 93 for hessian
Estimating row 57 out of 93 for hessian
Estimating row 58 out of 93 for hessian
Estimating row 59 out of 93 for hessian
Estimating row 60 out of 93 for hessian
Estimating row 61 out of 93 for hessian
Estimating row 62 out of 93 for hessian
Estimating row 63 out of 93 for hessian
Estimating row 64 out of 93 for hessian
Estimating row 65 out of 93 for hessian
Estimating row 66 out of 93 for hessian
Estimating row 67 out of 93 for hessian
Estimating row 68 out of 93 for hessian
Estimating row 69 out of 93 for hessian
Estimating row 70 out of 93 for hessian
Estimating row 71 out of 93 for hessian
Estimating row 72 out of 93 for hessian
Estimating row 73 out of 93 for hessian
Estimating row 74 out of 93 for hessian
Estimating row 75 out of 93 for hessian
Estimating row 76 out of 93 for hessian
Estimating row 77 out of 93 for hessian
Estimating row 78 out of 93 for hessian
Estimating row 79 out of 93 for hessian
Estimating row 80 out of 93 for hessian
Estimating row 81 out of 93 for hessian
Estimating row 82 out of 93 for hessian
Estimating row 83 out of 93 for hessian
Estimating row 84 out of 93 for hessian
Estimating row 85 out of 93 for hessian
Estimating row 86 out of 93 for hessian
Estimating row 87 out of 93 for hessian
Estimating row 88 out of 93 for hessian
Estimating row 89 out of 93 for hessian
Estimating row 90 out of 93 for hessian
Estimating row 91 out of 93 for hessian
Estimating row 92 out of 93 for hessian
Estimating row 93 out of 93 for hessian
size of file gradfil1.tmp = 0
size of file gradfil2.tmp = 0
size of file varssave.tmp = 0
size of file cmpdiff.tmp = 0
