
Initial statistics: 36 variables; iteration 0; function evaluation 0; phase 1
Function value 2.0848543e+06; maximum gradient component mag -1.2654e+06
Var    Value     Gradient |Var    Value     Gradient |Var    Value     Gradient
  1 -0.24091 -1.26535e+06 |  2 -0.02319 -1.03576e+04 |  3 -0.01891 -1.33613e+04
  4 -0.04398 -1.45982e+04 |  5 -0.02569 -1.04293e+04 |  6  0.00833 -1.12175e+04
  7  0.04387 -1.58810e+04 |  8 -0.02460 -1.02729e+04 |  9  0.04441 -1.66881e+04
 10  0.03053 -2.00630e+04 | 11 -0.04590 -1.69785e+04 | 12 -0.01248 -1.50502e+04
 13  0.01441 -1.91595e+04 | 14 -0.04822 -1.22470e+04 | 15 -0.03597 -2.55738e+04
 16 -0.00909 -7.04921e+04 | 17 -0.03242 -1.79844e+04 | 18 -0.03873 -2.52642e+04
 19  0.00211 -2.73654e+04 | 20 -0.04560 -1.98864e+04 | 21 -0.00521 -2.24824e+04
 22  0.01358 -1.45491e+04 | 23  0.04920 -1.67863e+04 | 24 -0.01350 -1.07088e+04
 25  0.04084 -2.15252e+04 | 26  0.00943 -1.79413e+04 | 27  0.03941 -1.54943e+04
 28  0.00045 -1.38805e+04 | 29  0.02005 -1.68541e+04 | 30  0.04082 -1.39589e+04
 31 -0.01420 -9.69999e+03 | 32 -0.04358 -9.19622e+03 | 33  0.02296 -1.81012e+04
 34  0.00385 -1.66256e+04 | 35 -0.98727  2.46206e+03 | 36 -0.34176  1.03597e+04

Intermediate statistics: 36 variables; iteration 20; function evaluation 39; phase 1
Function value 4.8298348e+01; maximum gradient component mag 4.6780e+01
Var    Value     Gradient |Var    Value     Gradient |Var    Value     Gradient
  1  1.52116  7.07069e-02 |  2 -0.16928  4.67798e+01 |  3 -0.14960  3.36431e+01
  4 -0.00617  2.93582e+00 |  5 -0.00651  2.57812e+00 |  6 -0.00303  3.93401e+00
  7  0.01025  1.01851e+01 |  8 -0.00815  1.16150e+01 |  9  0.03087  4.06217e+01
 10 -0.00768  3.94917e+01 | 11 -0.05889  1.97425e+01 | 12 -0.02320  2.65287e+01
 13 -0.07195 -1.08556e+01 | 14  0.04185  1.18149e+01 | 15 -0.02513  7.57423e+00
 16  0.01355  2.66634e+01 | 17 -0.02621  4.56880e+00 | 18  0.00568 -2.78434e+00
 19 -0.01420 -2.27367e+01 | 20  0.07513 -2.87376e+01 | 21 -0.05236 -2.05803e+01
 22  0.00799 -2.70153e+00 | 23  0.01065  5.00433e+00 | 24 -0.02540  9.06308e-01
 25 -0.09127 -1.77868e+01 | 26 -0.02287 -7.07707e+00 | 27 -0.11484 -2.74326e+01
 28 -0.04019 -1.76360e+01 | 29 -0.06314 -2.95163e+01 | 30  0.00252 -2.23665e+01
 31 -0.03772 -9.49014e+00 | 32 -0.04908 -4.61368e+00 | 33 -0.02979 -1.81448e+00
 34 -0.01969 -6.56506e-01 | 35 -0.99766  1.15109e+00 | 36 -0.81053  4.66110e+00
36 variables; iteration 40; function evaluation 72; phase 1
Function value 4.1885471e+01; maximum gradient component mag -1.6073e+01
Var    Value     Gradient |Var    Value     Gradient |Var    Value     Gradient
  1  1.52049 -1.91084e-02 |  2 -0.25000 -4.34463e+00 |  3 -0.21515 -2.10410e+00
  4 -0.00916 -1.30039e-01 |  5 -0.00176  3.02302e-01 |  6  0.01108  1.51574e+00
  7  0.03013  4.41047e+00 |  8  0.01156  2.71952e+00 |  9  0.01180  1.12857e+01
 10 -0.02828  1.26484e+01 | 11 -0.06359  8.59667e+00 | 12 -0.05342  1.16422e+01
 13 -0.00573  1.57565e+01 | 14  0.01848  1.45607e+01 | 15 -0.01360  7.89009e+00
 16 -0.00724  8.85720e+00 | 17 -0.01894  8.49906e-01 | 18 -0.00364 -1.79384e+00
 19  0.00463 -1.14744e+01 | 20  0.05960 -1.19073e+01 | 21 -0.01959 -1.55978e+01
 22 -0.00291 -1.60729e+01 | 23 -0.00502 -1.58887e+01 | 24 -0.03217 -1.05907e+01
 25 -0.04933 -6.93776e+00 | 26 -0.06390 -6.38404e+00 | 27 -0.07130 -2.56895e+00
 28 -0.07272 -2.63230e+00 | 29 -0.03281 -8.32468e-01 | 30 -0.00316 -3.27453e-01
 31 -0.03485 -5.82786e-01 | 32 -0.03830  1.08658e+00 | 33 -0.02384  2.79876e-01
 34 -0.01789 -1.95684e-01 | 35 -1.00194 -9.31425e-01 | 36 -0.99184  2.67052e-01

 - final statistics:
36 variables; iteration 45; function evaluation 79
Function value 4.1691e+01; maximum gradient component mag -6.8569e+00
Exit code = 1;  converg criter 1.0000e+01
Var    Value     Gradient |Var    Value     Gradient |Var    Value     Gradient
  1  1.52044 -2.83681e-02 |  2 -0.24290 -6.61264e-01 |  3 -0.20943  5.74784e-01
  4 -0.00604  2.23325e-01 |  5  0.00040  8.12482e-02 |  6  0.01284  4.66009e-01
  7  0.02537  6.77783e-01 |  8  0.02751  1.09965e+00 |  9  0.00433  2.58788e+00
 10 -0.03459  3.51525e+00 | 11 -0.06250  2.41018e+00 | 12 -0.05372  4.14483e+00
 13 -0.00347  6.68223e+00 | 14  0.01626  4.51375e+00 | 15 -0.00921  3.30665e+00
 16 -0.01361  3.18328e+00 | 17 -0.01511  5.79933e-01 | 18 -0.00463 -6.19077e-01
 19  0.00934 -6.85685e+00 | 20  0.05428 -2.49345e+00 | 21 -0.01262 -6.57341e+00
 22 -0.00417 -5.43532e+00 | 23 -0.00198 -4.31179e+00 | 24 -0.03431 -3.16813e+00
 25 -0.05025 -1.24541e+00 | 26 -0.06260 -1.34113e+00 | 27 -0.07001  1.32892e+00
 28 -0.07153 -2.71443e-01 | 29 -0.03494 -5.85818e-01 | 30 -0.00291 -2.85562e-01
 31 -0.03293 -2.07465e-01 | 32 -0.04041  3.73245e-01 | 33 -0.02451  8.06718e-02
 34 -0.01724 -3.86357e-02 | 35 -1.00035 -1.70814e-01 | 36 -0.99818  6.26975e-02

 - final statistics:
36 variables; iteration 0; function evaluation 0
Function value 4.1691e+01; maximum gradient component mag -6.8569e+00
Exit code = 0;  converg criter 1.0000e+01
Var    Value     Gradient |Var    Value     Gradient |Var    Value     Gradient
  1  0.47956  2.83681e-02 |  2 -0.24290 -6.61264e-01 |  3 -0.20943  5.74784e-01
  4 -0.00604  2.23325e-01 |  5  0.00040  8.12482e-02 |  6  0.01284  4.66009e-01
  7  0.02537  6.77783e-01 |  8  0.02751  1.09965e+00 |  9  0.00433  2.58788e+00
 10 -0.03459  3.51525e+00 | 11 -0.06250  2.41018e+00 | 12 -0.05372  4.14483e+00
 13 -0.00347  6.68223e+00 | 14  0.01626  4.51375e+00 | 15 -0.00921  3.30665e+00
 16 -0.01361  3.18328e+00 | 17 -0.01511  5.79933e-01 | 18 -0.00463 -6.19077e-01
 19  0.00934 -6.85685e+00 | 20  0.05428 -2.49345e+00 | 21 -0.01262 -6.57341e+00
 22 -0.00417 -5.43532e+00 | 23 -0.00198 -4.31179e+00 | 24 -0.03431 -3.16813e+00
 25 -0.05025 -1.24541e+00 | 26 -0.06260 -1.34113e+00 | 27 -0.07001  1.32892e+00
 28 -0.07153 -2.71443e-01 | 29 -0.03494 -5.85818e-01 | 30 -0.00291 -2.85562e-01
 31 -0.03293 -2.07465e-01 | 32 -0.04041  3.73245e-01 | 33 -0.02451  8.06718e-02
 34 -0.01724 -3.86357e-02 | 35 -0.99965  1.70814e-01 | 36 -0.99818  6.26975e-02

Initial statistics: 41 variables; iteration 0; function evaluation 0; phase 3
Function value 4.1690744e+01; maximum gradient component mag 1.5842e+02
Var    Value     Gradient |Var    Value     Gradient |Var    Value     Gradient
  1  0.47956  2.83681e-02 |  2 -0.00024  1.58416e+02 |  3 -0.24290 -6.61264e-01
  4 -0.20943  5.74784e-01 |  5 -0.00604  2.23325e-01 |  6  0.00040  8.12482e-02
  7  0.01284  4.66009e-01 |  8  0.02537  6.77783e-01 |  9  0.02751  1.09965e+00
 10  0.00433  2.58788e+00 | 11 -0.03459  3.51525e+00 | 12 -0.06250  2.41018e+00
 13 -0.05372  4.14483e+00 | 14 -0.00347  6.68223e+00 | 15  0.01626  4.51375e+00
 16 -0.00921  3.30665e+00 | 17 -0.01361  3.18328e+00 | 18 -0.01511  5.79933e-01
 19 -0.00463 -6.19077e-01 | 20  0.00934 -6.85685e+00 | 21  0.05428 -2.49345e+00
 22 -0.01262 -6.57341e+00 | 23 -0.00417 -5.43532e+00 | 24 -0.00198 -4.31179e+00
 25 -0.03431 -3.16813e+00 | 26 -0.05025 -1.24541e+00 | 27 -0.06260 -1.34113e+00
 28 -0.07001  1.32892e+00 | 29 -0.07153 -2.71443e-01 | 30 -0.03494 -5.85818e-01
 31 -0.00291 -2.85562e-01 | 32 -0.03293 -2.07465e-01 | 33 -0.04041  3.73245e-01
 34 -0.02451  8.06718e-02 | 35 -0.01724 -3.86357e-02 | 36 -0.99965  1.70814e-01
 37 -0.99818  6.26975e-02 | 38 -0.81294 -1.34824e+02 | 39 -0.04672  1.02763e-03
 40 -0.09225  2.63264e+01 | 41  0.08895  1.23759e+01 |

Intermediate statistics: 41 variables; iteration 20; function evaluation 30; phase 3
Function value -4.6664634e+01; maximum gradient component mag 1.4811e+02
Var    Value     Gradient |Var    Value     Gradient |Var    Value     Gradient
  1  0.47916 -5.04751e-02 |  2 -0.45690 -7.96271e+01 |  3  0.07259  2.60517e+01
  4  0.07525  1.97497e+01 |  5 -0.00597  2.34255e-01 |  6  0.00011  8.17369e-01
  7  0.00416  1.25288e+00 |  8  0.00765  2.75724e+00 |  9  0.01541  5.17594e+00
 10  0.02246  3.92693e+00 | 11  0.02626 -4.36030e+00 | 12  0.01284 -1.61203e+01
 13 -0.04384 -2.38880e+01 | 14 -0.07032 -2.58735e+01 | 15 -0.01925 -3.99806e+01
 16 -0.02097 -1.24560e+01 | 17 -0.05844  1.84960e+01 | 18  0.04695  2.66114e+01
 19 -0.06511 -2.64890e+01 | 20 -0.04218 -2.16636e+01 | 21  0.03328 -1.88520e+01
 22  0.02885 -4.55152e+00 | 23 -0.04706  2.07714e+01 | 24 -0.01137  1.11646e+02
 25  0.04852  1.48107e+02 | 26 -0.03220  5.07989e+01 | 27 -0.07383  1.92724e+01
 28 -0.02808 -7.78218e+01 | 29 -0.05177 -7.73929e+01 | 30 -0.12079 -3.74309e+01
 31 -0.05282 -2.46344e+01 | 32 -0.00923 -3.04420e+00 | 33 -0.00565  2.46982e+00
 34 -0.01355  7.89100e-01 | 35 -0.01690  3.52297e-03 | 36 -1.00485  4.27244e-01
 37 -0.99241 -6.29161e-01 | 38 -0.39351  3.64537e+01 | 39 -0.04728  2.78454e+01
 40 -0.49565 -2.28717e+00 | 41 -0.39379  3.77024e+00 |
41 variables; iteration 40; function evaluation 58; phase 3
Function value -7.6752099e+01; maximum gradient component mag -5.1722e+01
Var    Value     Gradient |Var    Value     Gradient |Var    Value     Gradient
  1  0.50094 -9.46645e-03 |  2 -0.05688 -4.06492e+00 |  3 -0.02097 -8.06866e-01
  4 -0.05888 -8.22505e+00 |  5 -0.00859  2.11708e+00 |  6 -0.01278  3.88913e-03
  7 -0.00163  1.86769e+00 |  8  0.03208  1.03387e+01 |  9  0.00207  5.23761e+00
 10  0.02573  1.18501e+01 | 11  0.00818  5.60395e+00 | 12  0.01322  6.70380e+00
 13  0.00240  5.14149e+00 | 14 -0.09394 -2.58457e+01 | 15 -0.02560 -3.32276e+01
 16  0.00619  1.21170e+01 | 17 -0.07082  4.69738e+00 | 18  0.03484  1.27306e+01
 19 -0.01597  1.34152e+01 | 20 -0.05379 -7.75825e+00 | 21  0.03384 -4.53861e+01
 22  0.02572 -5.17217e+01 | 23 -0.01306 -1.96542e+01 | 24 -0.03750  6.02492e+00
 25  0.04694 -1.41142e+01 | 26 -0.01178  1.77800e+00 | 27 -0.11038  1.10418e+01
 28  0.00162  3.39672e+01 | 29 -0.06041  2.41607e+01 | 30 -0.09342  3.20234e+01
 31 -0.04661  1.81846e+01 | 32 -0.02710 -3.13320e+00 | 33 -0.02015 -9.51301e-01
 34 -0.02167 -1.24587e+00 | 35 -0.01856 -4.40678e-01 | 36 -0.69837  1.77481e+00
 37 -0.90280  2.71265e-01 | 38 -0.44813 -4.72797e+01 | 39 -0.14756  1.83519e+01
 40 -0.51876 -2.82675e+01 | 41 -0.54239  5.46555e+00 |
41 variables; iteration 60; function evaluation 106; phase 3
Function value -8.5083962e+01; maximum gradient component mag 3.0385e+01
Var    Value     Gradient |Var    Value     Gradient |Var    Value     Gradient
  1  0.16882  3.65137e+00 |  2  0.04295  8.00115e+00 |  3 -0.06360  4.33372e+00
  4 -0.04933  1.73944e+00 |  5 -0.03498  4.17656e-01 |  6 -0.02160  5.02644e-01
  7 -0.01659  2.00857e-01 |  8 -0.01834  5.91557e-02 |  9 -0.02106 -4.31547e-01
 10 -0.00576  4.57072e-01 | 11  0.02075  2.22000e-01 | 12  0.02569  5.76648e-01
 13 -0.01826  1.22546e+00 | 14 -0.06681  9.53753e-01 | 15 -0.01618  6.11801e+00
 16 -0.01523  2.10591e+01 | 17 -0.04467  2.34477e+01 | 18  0.03165  1.10613e+01
 19 -0.02229 -2.68477e+00 | 20 -0.04697 -3.34737e-01 | 21  0.03275 -3.00011e+00
 22  0.02656 -5.07313e+00 | 23  0.00279 -3.81861e+00 | 24 -0.07082 -7.35898e+00
 25  0.05746 -1.65023e+01 | 26 -0.01669 -2.03464e+01 | 27 -0.11736 -9.19499e+00
 28  0.00086 -3.82016e+00 | 29 -0.05636 -4.84621e-01 | 30 -0.10983  1.36701e+00
 31 -0.05115  6.99562e+00 | 32 -0.01274  7.76594e+00 | 33 -0.01540  4.27834e-01
 34 -0.01608  3.30307e-01 | 35 -0.01841 -2.01661e-01 | 36  0.00730 -3.03496e-01
 37 -0.08225 -2.40661e-01 | 38 -0.27502 -2.85880e+01 | 39  0.00772  3.03846e+01
 40 -0.52397  7.32495e+00 | 41 -0.69278  1.17273e-01 |
41 variables; iteration 80; function evaluation 128; phase 3
Function value -8.7086232e+01; maximum gradient component mag -2.1217e+00
Var    Value     Gradient |Var    Value     Gradient |Var    Value     Gradient
  1  0.08994  1.04042e-01 |  2  0.04803  2.96261e-02 |  3 -0.06773  6.91435e-02
  4 -0.04841  4.96363e-02 |  5 -0.03338  3.14373e-03 |  6 -0.02104  2.68985e-02
  7 -0.01496  5.01009e-02 |  8 -0.01825  8.45894e-02 |  9 -0.02026  1.32124e-01
 10 -0.00730  1.67958e-01 | 11  0.01422  2.29936e-01 | 12  0.00743  3.26831e-01
 13 -0.02367  4.54825e-01 | 14 -0.06679  4.36152e-01 | 15 -0.03312  2.01548e-01
 16 -0.03461  1.14466e-01 | 17 -0.06986  1.77881e-01 | 18  0.01890  6.52236e-01
 19 -0.02657  2.45096e-01 | 20 -0.06100  2.02279e-01 | 21  0.01889 -4.07819e-01
 22  0.01554 -8.38534e-01 | 23 -0.00497 -4.79273e-01 | 24 -0.06859 -8.33073e-01
 25  0.02786 -3.76573e-01 | 26 -0.00576  1.14681e-02 | 27 -0.12828 -2.03003e-01
 28 -0.02207 -1.34419e-01 | 29 -0.06022 -2.41162e-01 | 30 -0.12458  1.15222e-01
 31 -0.06699  1.61632e-01 | 32 -0.03583 -7.33089e-02 | 33 -0.02140 -6.34177e-03
 34 -0.02165 -5.78485e-03 | 35 -0.02185  1.15278e-02 | 36  1.02700  3.71359e-03
 37  0.88605 -2.06996e-02 | 38 -0.18950  4.26276e-01 | 39  0.02551 -3.00920e-01
 40 -0.52774 -2.12171e+00 | 41 -0.77652  2.98898e-01 |
41 variables; iteration 100; function evaluation 148; phase 3
Function value -8.7108090e+01; maximum gradient component mag -3.3199e-01
Var    Value     Gradient |Var    Value     Gradient |Var    Value     Gradient
  1  0.09039  2.14476e-01 |  2  0.04728 -7.09283e-02 |  3 -0.06799  7.97657e-02
  4 -0.04889  1.01038e-02 |  5 -0.03358 -3.73351e-03 |  6 -0.02126 -1.55975e-03
  7 -0.01520 -5.46738e-03 |  8 -0.01870 -2.74082e-02 |  9 -0.02108 -7.65830e-02
 10 -0.00815 -7.82076e-02 | 11  0.01444  3.00850e-02 | 12  0.00835  1.71347e-01
 13 -0.02367  1.64683e-01 | 14 -0.06703  6.98243e-02 | 15 -0.03283  4.24904e-02
 16 -0.03455  1.29384e-02 | 17 -0.06937  1.08655e-01 | 18  0.01853 -9.37122e-02
 19 -0.02590  5.39783e-02 | 20 -0.06124  4.89237e-02 | 21  0.01882  1.07292e-01
 22  0.01584  9.90169e-02 | 23 -0.00519  6.22815e-02 | 24 -0.06739 -1.12352e-01
 25  0.02733 -3.31989e-01 | 26 -0.00509 -1.73613e-01 | 27 -0.12815 -1.53967e-01
 28 -0.02221  6.73943e-03 | 29 -0.05959  5.04197e-02 | 30 -0.12467  3.00237e-02
 31 -0.06696  4.52863e-02 | 32 -0.03575  8.23411e-03 | 33 -0.02135 -6.22744e-03
 34 -0.02160 -4.09310e-03 | 35 -0.02182  4.69029e-03 | 36  1.03455  4.79223e-03
 37  0.99890 -1.17963e-05 | 38 -0.19191  1.42804e-01 | 39  0.02473 -2.58869e-01
 40 -0.52958  3.12518e-01 | 41 -0.94705  9.92876e-04 |
41 variables; iteration 120; function evaluation 168; phase 3
Function value -8.7108283e+01; maximum gradient component mag 5.3109e-03
Var    Value     Gradient |Var    Value     Gradient |Var    Value     Gradient
  1  0.09042  1.60129e-03 |  2  0.04732 -1.81953e-04 |  3 -0.06837  1.17933e-04
  4 -0.04893  5.03276e-05 |  5 -0.03356  5.09911e-05 |  6 -0.02127  5.46331e-05
  7 -0.01523  4.22115e-05 |  8 -0.01862 -3.10727e-06 |  9 -0.02078 -2.85179e-05
 10 -0.00780 -1.30913e-04 | 11  0.01433  2.24147e-04 | 12  0.00800  4.49917e-04
 13 -0.02356  5.76117e-04 | 14 -0.06698  5.65527e-04 | 15 -0.03297  8.62402e-04
 16 -0.03444  7.67654e-04 | 17 -0.06965  3.21095e-05 | 18  0.01863  2.19567e-04
 19 -0.02606 -1.02894e-04 | 20 -0.06119 -6.32773e-04 | 21  0.01875 -1.12034e-03
 22  0.01586 -1.30984e-03 | 23 -0.00529 -5.51189e-04 | 24 -0.06737 -3.77143e-04
 25  0.02734 -6.14583e-04 | 26 -0.00519  4.44733e-06 | 27 -0.12795  2.33620e-04
 28 -0.02230  3.56984e-04 | 29 -0.05960  5.01346e-04 | 30 -0.12470  4.39062e-05
 31 -0.06701  3.23806e-04 | 32 -0.03576 -1.88835e-04 | 33 -0.02133 -2.74443e-05
 34 -0.02158 -1.48134e-06 | 35 -0.02184  3.77256e-05 | 36  1.00122  6.87078e-06
 37  0.99902  3.18741e-05 | 38 -0.19170  1.22537e-03 | 39  0.02488 -1.54199e-03
 40 -0.52959  5.31085e-03 | 41 -0.94832 -7.96921e-05 |

 - final statistics:
41 variables; iteration 123; function evaluation 171
Function value -8.7108e+01; maximum gradient component mag -5.0446e-05
Exit code = 1;  converg criter 1.0000e-04
Var    Value     Gradient |Var    Value     Gradient |Var    Value     Gradient
  1  0.09042  9.77988e-06 |  2  0.04732 -7.96363e-07 |  3 -0.06837 -5.48094e-06
  4 -0.04893  1.93300e-07 |  5 -0.03356  1.07126e-06 |  6 -0.02127  1.09583e-06
  7 -0.01523  8.40550e-07 |  8 -0.01862  2.26001e-07 |  9 -0.02078  3.96727e-06
 10 -0.00780 -4.49116e-06 | 11  0.01433  1.50572e-07 | 12  0.00800 -1.29787e-06
 13 -0.02356 -7.42008e-06 | 14 -0.06698 -6.59077e-06 | 15 -0.03297 -1.91168e-05
 16 -0.03444 -8.66670e-06 | 17 -0.06965  1.72825e-06 | 18  0.01863  1.80330e-05
 19 -0.02606  9.85086e-06 | 20 -0.06119  4.67424e-08 | 21  0.01875 -9.29598e-06
 22  0.01586 -6.68059e-06 | 23 -0.00529  2.22414e-06 | 24 -0.06737  5.00649e-06
 25  0.02734  4.84889e-06 | 26 -0.00519  4.00421e-06 | 27 -0.12795  3.11763e-06
 28 -0.02230 -9.52626e-07 | 29 -0.05960 -2.87782e-06 | 30 -0.12470 -1.98580e-06
 31 -0.06701  5.32263e-06 | 32 -0.03576  7.00170e-06 | 33 -0.02133 -1.62951e-06
 34 -0.02158  4.40493e-07 | 35 -0.02184  1.01448e-07 | 36  1.00120  1.04014e-07
 37  0.99893 -4.14813e-07 | 38 -0.19171  1.11869e-05 | 39  0.02488 -1.68817e-05
 40 -0.52959 -5.04464e-05 | 41 -0.94828  3.63542e-07 |
Warning: the following parameters had issues
  init_F[1] is within 0.1% of upper bound: 0.00000e+00 < 9.99999e+00 < 1.00000e+01
  init_F[2] is within 0.1% of upper bound: 0.00000e+00 < 9.99999e+00 < 1.00000e+01
  selparm[9] is within 1% of lower bound: -4.00000e+00 < -3.97361e+00 < 1.20000e+01


 - final statistics:
48 variables; iteration 0; function evaluation 0
Function value -8.7108e+01; maximum gradient component mag -5.0446e-05
Exit code = 0;  converg criter 1.0000e-04
Var    Value     Gradient |Var    Value     Gradient |Var    Value     Gradient
  1  0.09042  9.77988e-06 |  2  0.04732 -7.96363e-07 |  3 -0.06837 -5.48094e-06
  4 -0.04893  1.93300e-07 |  5 -0.03356  1.07126e-06 |  6 -0.02127  1.09583e-06
  7 -0.01523  8.40550e-07 |  8 -0.01862  2.26001e-07 |  9 -0.02078  3.96727e-06
 10 -0.00780 -4.49116e-06 | 11  0.01433  1.50572e-07 | 12  0.00800 -1.29787e-06
 13 -0.02356 -7.42008e-06 | 14 -0.06698 -6.59077e-06 | 15 -0.03297 -1.91168e-05
 16 -0.03444 -8.66670e-06 | 17 -0.06965  1.72825e-06 | 18  0.01863  1.80330e-05
 19 -0.02606  9.85086e-06 | 20 -0.06119  4.67424e-08 | 21  0.01875 -9.29598e-06
 22  0.01586 -6.68059e-06 | 23 -0.00529  2.22414e-06 | 24 -0.06737  5.00649e-06
 25  0.02734  4.84889e-06 | 26 -0.00519  4.00421e-06 | 27 -0.12795  3.11763e-06
 28 -0.02230 -9.52626e-07 | 29 -0.05960 -2.87782e-06 | 30 -0.12470 -1.98580e-06
 31 -0.06701  5.32263e-06 | 32 -0.03576  7.00170e-06 | 33 -0.02133 -1.62951e-06
 34 -0.02158  4.40493e-07 | 35 -0.02184  1.01448e-07 | 36  0.00000 -5.92350e-13
 37  0.00000 -2.00264e-13 | 38  0.00000 -1.22683e-15 | 39  0.00000 -2.31409e-20
 40  0.00000  0.00000e+00 | 41  0.00000  0.00000e+00 | 42  0.00000  0.00000e+00
 43  0.99880 -1.04014e-07 | 44  0.99893 -4.14813e-07 | 45 -0.19171  1.11869e-05
 46  0.02488 -1.68817e-05 | 47 -0.52959 -5.04464e-05 | 48 -0.94828  3.63542e-07
Estimating row 1 out of 48 for hessian
Estimating row 2 out of 48 for hessian
Estimating row 3 out of 48 for hessian
Estimating row 4 out of 48 for hessian
Estimating row 5 out of 48 for hessian
Estimating row 6 out of 48 for hessian
Estimating row 7 out of 48 for hessian
Estimating row 8 out of 48 for hessian
Estimating row 9 out of 48 for hessian
Estimating row 10 out of 48 for hessian
Estimating row 11 out of 48 for hessian
Estimating row 12 out of 48 for hessian
Estimating row 13 out of 48 for hessian
Estimating row 14 out of 48 for hessian
Estimating row 15 out of 48 for hessian
Estimating row 16 out of 48 for hessian
Estimating row 17 out of 48 for hessian
Estimating row 18 out of 48 for hessian
Estimating row 19 out of 48 for hessian
Estimating row 20 out of 48 for hessian
Estimating row 21 out of 48 for hessian
Estimating row 22 out of 48 for hessian
Estimating row 23 out of 48 for hessian
Estimating row 24 out of 48 for hessian
Estimating row 25 out of 48 for hessian
Estimating row 26 out of 48 for hessian
Estimating row 27 out of 48 for hessian
Estimating row 28 out of 48 for hessian
Estimating row 29 out of 48 for hessian
Estimating row 30 out of 48 for hessian
Estimating row 31 out of 48 for hessian
Estimating row 32 out of 48 for hessian
Estimating row 33 out of 48 for hessian
Estimating row 34 out of 48 for hessian
Estimating row 35 out of 48 for hessian
Estimating row 36 out of 48 for hessian
Estimating row 37 out of 48 for hessian
Estimating row 38 out of 48 for hessian
Estimating row 39 out of 48 for hessian
Estimating row 40 out of 48 for hessian
Estimating row 41 out of 48 for hessian
Estimating row 42 out of 48 for hessian
Estimating row 43 out of 48 for hessian
Estimating row 44 out of 48 for hessian
Estimating row 45 out of 48 for hessian
Estimating row 46 out of 48 for hessian
Estimating row 47 out of 48 for hessian
Estimating row 48 out of 48 for hessian
size of file gradfil1.tmp = 0
size of file gradfil2.tmp = 0
size of file varssave.tmp = 0
size of file cmpdiff.tmp = 0
