
Initial statistics: 40 variables; iteration 0; function evaluation 0; phase 1
Function value 2.0965624e+06; maximum gradient component mag -1.1326e+06
Var    Value     Gradient |Var    Value     Gradient |Var    Value     Gradient
  1 -0.25191 -1.13262e+06 |  2 -0.05065 -7.19817e+03 |  3 -0.01941 -1.11298e+04
  4  0.04716 -2.40607e+04 |  5  0.01707 -1.21388e+04 |  6  0.04950 -1.30566e+04
  7  0.04696 -1.38720e+04 |  8  0.02641 -1.30609e+04 |  9  0.00961 -1.12278e+04
 10 -0.03890 -1.04910e+04 | 11 -0.05205 -1.45473e+04 | 12 -0.00880 -1.34429e+04
 13  0.00411 -1.53566e+04 | 14 -0.03980 -1.06105e+04 | 15  0.04277 -3.83845e+04
 16 -0.01968 -5.80659e+04 | 17  0.02687 -2.13423e+04 | 18  0.00374 -2.74501e+04
 19 -0.00786 -2.19048e+04 | 20 -0.03614 -1.83635e+04 | 21  0.01372 -2.22770e+04
 22 -0.03934 -9.77320e+03 | 23 -0.00013 -1.16006e+04 | 24 -0.00226 -1.06109e+04
 25  0.00733 -1.59878e+04 | 26 -0.04067 -1.28696e+04 | 27 -0.04194 -8.95712e+03
 28  0.05171 -1.64832e+04 | 29  0.03442 -1.56958e+04 | 30 -0.02944 -7.87948e+03
 31 -0.04369 -7.15519e+03 | 32  0.00181 -1.04129e+04 | 33  0.01309 -1.45547e+04
 34  0.03185 -1.59994e+04 | 35 -0.02825 -1.06356e+04 | 36 -0.00123 -1.25264e+04
 37 -0.02757 -9.51456e+03 | 38  0.03678 -1.24852e+04 | 39 -0.38147  7.85374e+03
 40 -0.98727  3.61371e+01 |

Intermediate statistics: 40 variables; iteration 20; function evaluation 42; phase 1
Function value 1.0801090e+02; maximum gradient component mag 6.8168e+01
Var    Value     Gradient |Var    Value     Gradient |Var    Value     Gradient
  1  1.72252 -2.38696e-01 |  2 -0.21920  1.92427e+00 |  3 -0.19450 -8.05500e-01
  4 -0.02059 -3.89337e+00 |  5 -0.00593 -2.67375e+00 |  6 -0.00730 -6.08885e+00
  7 -0.00210 -9.73170e+00 |  8  0.03817 -1.25908e+01 |  9  0.01620 -1.80983e+01
 10 -0.01753 -1.56612e+01 | 11 -0.06457 -1.46425e+01 | 12 -0.06445 -1.04563e+01
 13 -0.00997 -1.65198e+00 | 14  0.02009 -2.96039e+00 | 15 -0.02988 -1.49869e+01
 16  0.00898 -2.09252e+01 | 17 -0.01483 -2.60798e+01 | 18 -0.09182 -2.69854e+01
 19  0.05146  3.76258e+00 | 20  0.04824  1.97735e+01 | 21 -0.02877  1.00706e+01
 22 -0.00728  1.84045e+01 | 23  0.00150  1.13352e+01 | 24  0.02620  1.80627e+00
 25 -0.12821 -3.35283e+01 | 26 -0.04706 -1.13813e+01 | 27 -0.11568 -4.57793e+00
 28 -0.08399  3.17513e+01 | 29  0.01934  6.81681e+01 | 30  0.07145 -2.81573e+01
 31  0.01064 -1.86439e+01 | 32 -0.05917  2.77573e+01 | 33 -0.10709  2.13183e+01
 34 -0.09454  1.16378e+01 | 35 -0.05463  7.38518e+00 | 36 -0.03140  3.12596e+00
 37 -0.02150  3.79383e-01 | 38 -0.02671 -2.37147e+00 | 39 -1.03794 -1.96465e+01
 40 -0.99884  6.23824e-02 |
40 variables; iteration 40; function evaluation 70; phase 1
Function value 1.0170391e+02; maximum gradient component mag 5.3162e+01
Var    Value     Gradient |Var    Value     Gradient |Var    Value     Gradient
  1  1.72074 -2.44866e-01 |  2 -0.22308 -2.95920e-01 |  3 -0.19526 -1.11613e+00
  4 -0.00648 -4.29931e-01 |  5 -0.00175 -1.17688e+00 |  6  0.00540 -2.57941e+00
  7  0.02319 -3.94274e+00 |  8  0.03328 -8.61270e+00 |  9  0.01355 -1.34387e+01
 10 -0.01831 -1.24710e+01 | 11 -0.03969 -8.84348e+00 | 12 -0.04478 -9.11526e+00
 13 -0.04048 -1.57595e+01 | 14  0.03862 -1.17462e+01 | 15 -0.01817 -1.48752e+01
 16 -0.00905 -1.44429e+01 | 17 -0.00227 -1.06212e+01 | 18 -0.02085 -5.44472e+00
 19  0.00427 -1.01943e+00 | 20  0.07877  1.29028e+01 | 21 -0.04401 -9.06514e+00
 22  0.01170 -7.12336e+00 | 23 -0.00539 -1.97658e+01 | 24  0.00190 -1.69641e+01
 25 -0.04458 -1.48836e+01 | 26 -0.05308 -6.75392e+00 | 27 -0.08802  2.38809e-01
 28 -0.10709  7.23068e+00 | 29 -0.01450  4.67069e+01 | 30  0.09903  5.31615e+01
 31  0.03450  4.51103e+01 | 32 -0.09155  2.17664e+01 | 33 -0.12565  7.67006e+00
 34 -0.09419  2.71936e+00 | 35 -0.04628  2.06973e+00 | 36 -0.03600 -1.59701e+00
 37 -0.02513 -1.21408e+00 | 38 -0.01557  3.09196e-01 | 39 -0.99833  8.68714e-01
 40 -1.03083 -1.74105e+00 |

 - final statistics:
40 variables; iteration 53; function evaluation 87
Function value 1.0003e+02; maximum gradient component mag -9.5742e+00
Exit code = 1;  converg criter 1.0000e+01
Var    Value     Gradient |Var    Value     Gradient |Var    Value     Gradient
  1  1.71910 -4.09130e-01 |  2 -0.22208  1.87239e-01 |  3 -0.19286  1.19347e-01
  4 -0.00704  8.15081e-02 |  5  0.00157  7.67317e-01 |  6  0.01133  1.03152e+00
  7  0.02565  1.64380e+00 |  8  0.04216  2.60899e+00 |  9  0.02126  1.52927e+00
 10 -0.01888  1.96452e+00 | 11 -0.05002  2.11374e+00 | 12 -0.04543  4.33595e+00
 13 -0.00949  4.41457e+00 | 14  0.01936  1.03243e+00 | 15 -0.00304 -3.24171e+00
 16 -0.00530 -5.97457e+00 | 17 -0.00509 -7.19923e+00 | 18 -0.01015 -6.23629e+00
 19  0.00838 -9.57419e+00 | 20  0.06698 -3.76749e-01 | 21 -0.01321  7.80040e-01
 22  0.00115  6.53180e+00 | 23  0.01328  5.97206e+00 | 24 -0.00930  3.50844e+00
 25 -0.03604  3.03417e-01 | 26 -0.05013 -1.61313e+00 | 27 -0.07436 -1.12932e+00
 28 -0.10401 -3.60198e+00 | 29 -0.06787  3.67433e-01 | 30  0.12729 -1.75998e+00
 31  0.00780  1.23669e+00 | 32 -0.09884  2.44168e+00 | 33 -0.11772  1.10494e+00
 34 -0.08568 -1.71737e-01 | 35 -0.04618  5.69372e-01 | 36 -0.03309 -4.98292e-01
 37 -0.02143 -2.13204e-01 | 38 -0.01537  3.34174e-01 | 39 -1.00135 -7.04958e-01
 40 -1.00501 -2.84584e-01 |

 - final statistics:
40 variables; iteration 0; function evaluation 0
Function value 1.0003e+02; maximum gradient component mag -9.5742e+00
Exit code = 0;  converg criter 1.0000e+01
Var    Value     Gradient |Var    Value     Gradient |Var    Value     Gradient
  1  0.28090  4.09130e-01 |  2 -0.22208  1.87239e-01 |  3 -0.19286  1.19347e-01
  4 -0.00704  8.15081e-02 |  5  0.00157  7.67317e-01 |  6  0.01133  1.03152e+00
  7  0.02565  1.64380e+00 |  8  0.04216  2.60899e+00 |  9  0.02126  1.52927e+00
 10 -0.01888  1.96452e+00 | 11 -0.05002  2.11374e+00 | 12 -0.04543  4.33595e+00
 13 -0.00949  4.41457e+00 | 14  0.01936  1.03243e+00 | 15 -0.00304 -3.24171e+00
 16 -0.00530 -5.97457e+00 | 17 -0.00509 -7.19923e+00 | 18 -0.01015 -6.23629e+00
 19  0.00838 -9.57419e+00 | 20  0.06698 -3.76749e-01 | 21 -0.01321  7.80040e-01
 22  0.00115  6.53180e+00 | 23  0.01328  5.97206e+00 | 24 -0.00930  3.50844e+00
 25 -0.03604  3.03417e-01 | 26 -0.05013 -1.61313e+00 | 27 -0.07436 -1.12932e+00
 28 -0.10401 -3.60198e+00 | 29 -0.06787  3.67433e-01 | 30  0.12729 -1.75998e+00
 31  0.00780  1.23669e+00 | 32 -0.09884  2.44168e+00 | 33 -0.11772  1.10494e+00
 34 -0.08568 -1.71737e-01 | 35 -0.04618  5.69372e-01 | 36 -0.03309 -4.98292e-01
 37 -0.02143 -2.13204e-01 | 38 -0.01537  3.34174e-01 | 39 -0.99865  7.04958e-01
 40 -0.99499  2.84584e-01 |

Initial statistics: 45 variables; iteration 0; function evaluation 0; phase 3
Function value 1.0002549e+02; maximum gradient component mag 1.8963e+02
Var    Value     Gradient |Var    Value     Gradient |Var    Value     Gradient
  1  0.28090  4.09130e-01 |  2  0.04620  1.89629e+02 |  3 -0.22208  1.87239e-01
  4 -0.19286  1.19347e-01 |  5 -0.00704  8.15081e-02 |  6  0.00157  7.67317e-01
  7  0.01133  1.03152e+00 |  8  0.02565  1.64380e+00 |  9  0.04216  2.60899e+00
 10  0.02126  1.52927e+00 | 11 -0.01888  1.96452e+00 | 12 -0.05002  2.11374e+00
 13 -0.04543  4.33595e+00 | 14 -0.00949  4.41457e+00 | 15  0.01936  1.03243e+00
 16 -0.00304 -3.24171e+00 | 17 -0.00530 -5.97457e+00 | 18 -0.00509 -7.19923e+00
 19 -0.01015 -6.23629e+00 | 20  0.00838 -9.57419e+00 | 21  0.06698 -3.76749e-01
 22 -0.01321  7.80040e-01 | 23  0.00115  6.53180e+00 | 24  0.01328  5.97206e+00
 25 -0.00930  3.50844e+00 | 26 -0.03604  3.03417e-01 | 27 -0.05013 -1.61313e+00
 28 -0.07436 -1.12932e+00 | 29 -0.10401 -3.60198e+00 | 30 -0.06787  3.67433e-01
 31  0.12729 -1.75998e+00 | 32  0.00780  1.23669e+00 | 33 -0.09884  2.44168e+00
 34 -0.11772  1.10494e+00 | 35 -0.08568 -1.71737e-01 | 36 -0.04618  5.69372e-01
 37 -0.03309 -4.98292e-01 | 38 -0.02143 -2.13204e-01 | 39 -0.01537  3.34174e-01
 40 -0.99865  7.04958e-01 | 41 -0.99499  2.84584e-01 | 42 -0.81294 -1.56039e+02
 43 -0.08566  4.27279e-04 | 44 -0.14824  1.21770e+02 | 45  0.06989  1.78563e+02

Intermediate statistics: 45 variables; iteration 20; function evaluation 29; phase 3
Function value -4.0871310e+01; maximum gradient component mag 1.8456e+02
Var    Value     Gradient |Var    Value     Gradient |Var    Value     Gradient
  1  0.25487  3.76509e+00 |  2 -0.10097 -4.54641e+01 |  3  0.14486  3.37962e+01
  4  0.18430  4.11702e+01 |  5 -0.00690  1.53765e-01 |  6 -0.00596 -6.09073e-01
  7 -0.00688 -1.72790e+00 |  8 -0.01658 -4.13951e+00 |  9 -0.02535 -6.95468e+00
 10  0.01214 -4.82525e+00 | 11  0.04479 -1.18789e+01 | 12  0.00556 -1.20570e+01
 13 -0.08838 -1.58206e+01 | 14  0.00998 -5.98089e+00 | 15  0.00395 -8.56805e+01
 16 -0.06112 -7.03571e+01 | 17  0.01896 -5.73738e+01 | 18  0.05028  5.87094e+01
 19 -0.14840 -1.20864e+00 | 20  0.06166  1.84565e+02 | 21  0.06968  1.35034e+02
 22 -0.02565  1.56812e+01 | 23 -0.04608 -3.68976e+00 | 24  0.06841 -3.22931e+01
 25  0.01299 -8.31379e+01 | 26 -0.16444 -4.23156e+01 | 27  0.01553 -2.87998e+01
 28 -0.03308 -3.74599e+01 | 29 -0.08570  1.62830e+01 | 30 -0.10526  2.80382e+01
 31  0.07068  1.55859e+02 | 32  0.09950 -8.07119e+01 | 33 -0.12382 -1.60069e+01
 34 -0.14844 -3.22766e+00 | 35 -0.02797 -9.78787e-01 | 36 -0.02104  1.13898e+00
 37 -0.00709  2.28245e+00 | 38 -0.01312  7.56793e-01 | 39 -0.01729 -2.50932e-01
 40 -0.99356 -4.75823e-01 | 41 -0.99240 -2.14092e-01 | 42 -0.38427  9.67986e+01
 43 -0.08787 -1.68999e+01 | 44 -0.33050  2.52630e+01 | 45 -0.39409 -1.13098e-01
45 variables; iteration 40; function evaluation 63; phase 3
Function value -6.2314473e+01; maximum gradient component mag 1.5560e+02
Var    Value     Gradient |Var    Value     Gradient |Var    Value     Gradient
  1  0.15918  1.00981e+01 |  2  0.02974  2.43187e+01 |  3  0.05391  1.35297e+01
  4  0.05459  1.50239e+01 |  5  0.00073  1.88538e+00 |  6  0.00017  8.16736e-01
  7  0.00515  1.33225e+00 |  8  0.01163  3.42074e+00 |  9 -0.02917 -4.78204e+00
 10 -0.03427 -6.61696e+00 | 11  0.07818  8.71367e+00 | 12 -0.01426 -8.34867e+00
 13 -0.02710 -4.83898e+00 | 14 -0.03323 -9.75508e+00 | 15  0.02518 -2.10866e+01
 16 -0.04899 -1.56335e+01 | 17  0.03192 -4.12518e+01 | 18  0.02505 -5.81838e+01
 19 -0.08655 -2.51726e+01 | 20  0.05660 -1.41953e+01 | 21  0.04246 -5.05418e+01
 22  0.03577 -5.09288e+01 | 23 -0.10077 -3.06475e+01 | 24  0.06257  4.00714e+01
 25  0.04385  2.38159e+01 | 26 -0.10107 -8.38846e-01 | 27 -0.03406  4.97193e+00
 28  0.01177  1.77079e+01 | 29 -0.08472  3.72897e+01 | 30 -0.10727  2.86555e+01
 31  0.05557  1.55599e+02 | 32  0.10184 -8.53957e+00 | 33 -0.05793  3.80291e+01
 34 -0.14396  1.69232e+01 | 35 -0.03836  1.51517e+01 | 36 -0.00433  8.35579e+00
 37 -0.00947  1.79130e+00 | 38 -0.00801  2.09532e+00 | 39 -0.00933  1.78497e+00
 40 -0.87582 -7.46128e-01 | 41 -0.96621  3.18412e-01 | 42 -0.42531 -1.02192e+02
 43 -0.12826  2.88640e+01 | 44 -0.35687  6.88747e+01 | 45 -0.36155  4.56305e+00
45 variables; iteration 60; function evaluation 87; phase 3
Function value -8.2037385e+01; maximum gradient component mag 1.6083e+02
Var    Value     Gradient |Var    Value     Gradient |Var    Value     Gradient
  1  0.07626  1.60831e+02 |  2 -0.00887 -3.08768e+01 |  3 -0.04431 -1.73610e+00
  4 -0.02937  1.29417e+00 |  5 -0.00310  4.64383e+00 |  6 -0.00990  1.55960e+00
  7 -0.00490  1.20577e+00 |  8 -0.01660 -3.53407e-01 |  9 -0.04396 -4.79680e+00
 10  0.00742  5.06532e+00 | 11  0.01173  3.63132e+00 | 12  0.01173  1.41127e+01
 13 -0.06528  4.97116e+00 | 14 -0.04075  4.97084e+00 | 15 -0.01457 -3.09869e+01
 16 -0.09566 -2.93315e+01 | 17  0.00935 -2.83283e+01 | 18 -0.00446 -3.83432e+01
 19 -0.07070 -8.74582e+00 | 20  0.00142  2.99400e+01 | 21  0.04182  8.32065e+01
 22 -0.00548  6.95991e+01 | 23 -0.02154  6.71140e+01 | 24 -0.02032  2.94478e+01
 25  0.03981 -1.90568e+01 | 26 -0.10335 -1.06453e+01 | 27 -0.07546 -1.84205e+01
 28 -0.00446 -1.28125e+01 | 29 -0.11033  8.02093e+00 | 30 -0.09017 -6.06296e+00
 31 -0.03363  8.55915e+00 | 32  0.09211 -7.10585e+01 | 33 -0.12401 -1.76056e+01
 34 -0.17865 -5.01415e+00 | 35 -0.05115 -1.27493e+00 | 36 -0.03164 -6.88781e-01
 37 -0.02615 -1.04711e+00 | 38 -0.02566 -9.90705e-01 | 39 -0.02105  1.48787e-01
 40 -0.24629 -3.91143e+00 | 41 -0.75190 -5.76850e-01 | 42 -0.30318  7.38338e+01
 43 -0.03359 -6.93647e+01 | 44 -0.37927 -4.34741e+01 | 45 -0.52545  8.16055e+00
45 variables; iteration 80; function evaluation 108; phase 3
Function value -8.7641634e+01; maximum gradient component mag -2.1543e+02
Var    Value     Gradient |Var    Value     Gradient |Var    Value     Gradient
  1  0.04171 -2.15427e+02 |  2  0.08431  4.22966e-01 |  3  0.02137  1.30701e+00
  4  0.00775  7.61675e-01 |  5  0.00273 -1.01559e+00 |  6  0.01909 -1.33949e-01
  7  0.03070  3.25425e-01 |  8  0.01864  2.36159e-02 |  9  0.00366  5.02129e-01
 10  0.00880  1.71483e+00 | 11 -0.00183 -3.12930e+00 | 12 -0.03471 -4.31121e+00
 13 -0.05619  7.97435e-01 | 14 -0.03800  1.16426e+01 | 15 -0.05735  1.16711e+01
 16 -0.08594  2.58959e+01 | 17 -0.03258  3.21285e+01 | 18 -0.00562  2.96150e+01
 19 -0.07880 -9.99275e-01 | 20 -0.00915 -2.11361e+00 | 21  0.01973 -2.46170e+01
 22  0.01028 -2.10462e+01 | 23 -0.02656 -3.43058e+01 | 24 -0.05099 -3.28540e+01
 25  0.03200 -5.85392e+01 | 26 -0.06570 -3.15250e+01 | 27 -0.10076 -4.30167e+01
 28 -0.00554 -4.71946e+01 | 29 -0.11711 -2.32524e+01 | 30 -0.06109 -1.48920e+01
 31 -0.07102  1.88831e+01 | 32  0.05618  8.98396e+01 | 33 -0.08951  1.32064e+01
 34 -0.19812  8.41707e+00 | 35 -0.07208  9.27183e+00 | 36 -0.04401  1.95300e+00
 37 -0.03424  6.94637e-01 | 38 -0.03588  1.91425e-01 | 39 -0.03411  5.57896e-01
 40 -0.72592  6.33956e-01 | 41 -1.33909 -5.88688e-01 | 42 -0.30413 -2.29132e+01
 43 -0.04568  2.63497e+01 | 44 -0.38541 -1.11286e+01 | 45 -0.65967  6.28471e-01
45 variables; iteration 100; function evaluation 130; phase 3
Function value -9.2075406e+01; maximum gradient component mag 7.7862e+02
Var    Value     Gradient |Var    Value     Gradient |Var    Value     Gradient
  1  0.04456  7.78619e+02 |  2  0.04089  1.60576e+01 |  3  0.01009  1.58804e+01
  4 -0.00770  1.48253e+01 |  5  0.00112  1.96385e+01 |  6  0.00622  2.45079e+01
  7 -0.00149  2.63277e+01 |  8 -0.01811  2.76583e+01 |  9 -0.04771  2.80753e+01
 10 -0.05708  3.76798e+01 | 11 -0.01894  7.29647e+01 | 12 -0.05559  6.13345e+01
 13 -0.08834  4.72876e+01 | 14 -0.04504  4.41885e+01 | 15 -0.10093  3.50022e+01
 16 -0.11947  1.59417e+01 | 17 -0.07835 -1.03054e+01 | 18 -0.04962 -4.18065e+01
 19 -0.08221 -1.96787e+01 | 20 -0.04846 -7.13884e+01 | 21 -0.01157 -1.44472e+02
 22 -0.01009 -1.30850e+02 | 23 -0.02948 -9.12793e+01 | 24 -0.07830 -4.31707e+01
 25 -0.01542 -9.27101e+00 | 26 -0.04384  6.94233e+01 | 27 -0.10399  5.28809e+01
 28 -0.04774  3.76867e+01 | 29 -0.08664  3.84922e+01 | 30 -0.07629  2.36205e+01
 31 -0.08437  5.26072e+01 | 32 -0.02615  6.65115e+01 | 33 -0.06077  5.48808e+01
 34 -0.23335  1.57877e+01 | 35 -0.09920  2.61102e+01 | 36 -0.10007  4.58495e-01
 37 -0.07945  3.25464e-01 | 38 -0.08251 -3.66010e-02 | 39 -0.07989  8.50027e-01
 40 -0.66523 -6.56068e+00 | 41 -1.17520  1.93417e+00 | 42 -0.34063  6.70438e+01
 43 -0.07363 -3.94113e+01 | 44 -0.38774  1.35278e+02 | 45 -0.74276 -1.98753e+00
45 variables; iteration 120; function evaluation 151; phase 3
Function value -9.3162654e+01; maximum gradient component mag 2.8582e+02
Var    Value     Gradient |Var    Value     Gradient |Var    Value     Gradient
  1  0.04878  2.85824e+02 |  2  0.03916 -6.44890e+00 |  3 -0.00948 -3.85942e+00
  4 -0.01408 -3.77923e+00 |  5 -0.01301 -5.06753e+00 |  6 -0.00573 -6.00308e+00
  7  0.00155 -6.19689e+00 |  8 -0.01333 -5.62838e+00 |  9 -0.04189 -3.68613e+00
 10 -0.06106 -1.56405e+00 | 11 -0.06439 -1.52847e+00 | 12 -0.07724  1.21098e+00
 13 -0.09492  4.47389e+00 | 14 -0.05363  1.19908e+01 | 15 -0.11498  1.88197e+01
 16 -0.12827  1.23594e+01 | 17 -0.09195  4.50642e+00 | 18 -0.05961  3.57607e+00
 19 -0.09242  4.42670e+00 | 20 -0.05880  6.96600e+00 | 21 -0.02253  1.84905e+01
 22 -0.01871  3.75535e+01 | 23 -0.03755  1.42079e+01 | 24 -0.08725  3.33922e+00
 25 -0.02688  1.85000e+01 | 26 -0.05121  1.06338e+01 | 27 -0.11210  5.92945e+00
 28 -0.05793  1.12110e+01 | 29 -0.09396  1.24034e+01 | 30 -0.08283  1.30737e+00
 31 -0.09554 -6.31731e+00 | 32 -0.04314 -1.83037e+00 | 33 -0.06864  5.09344e+00
 34 -0.23256  2.74967e-01 | 35 -0.11257 -3.74291e+00 | 36 -0.10162 -1.20649e+00
 37 -0.09244 -4.91186e-02 | 38 -0.09414  7.90190e-03 | 39 -0.09483  6.93657e-02
 40 -0.56171  1.51471e+00 | 41 -0.90410  3.92035e-01 | 42 -0.32069  1.29887e+01
 43 -0.05169 -5.23200e+00 | 44 -0.38824  1.66934e+02 | 45 -0.76695 -2.78461e+00
45 variables; iteration 140; function evaluation 171; phase 3
Function value -9.3412260e+01; maximum gradient component mag -6.0908e+01
Var    Value     Gradient |Var    Value     Gradient |Var    Value     Gradient
  1  0.04617 -6.09084e+01 |  2  0.05609  6.78230e-01 |  3  0.00062  8.59384e-01
  4 -0.00970  5.85089e-01 |  5 -0.00268  7.29540e-01 |  6  0.00883  9.60171e-01
  7  0.01382  9.42941e-01 |  8 -0.00341  7.31449e-01 |  9 -0.03657  3.83498e-01
 10 -0.05693  1.23958e+00 | 11 -0.06336  1.16643e+00 | 12 -0.08462  1.59316e+00
 13 -0.10688  1.49511e+00 | 14 -0.05087  2.01933e+00 | 15 -0.11353  1.29729e+00
 16 -0.12378  1.46136e+00 | 17 -0.08818  7.13635e-01 | 18 -0.05595 -1.77422e-01
 19 -0.08742  7.34309e-01 | 20 -0.05409  1.11888e+00 | 21 -0.01839 -3.30469e-01
 22 -0.01488 -2.66288e+00 | 23 -0.03287 -3.54471e+00 | 24 -0.08178 -3.52254e+00
 25 -0.02351 -7.53807e+00 | 26 -0.04590 -5.81171e+00 | 27 -0.10641 -2.46467e+00
 28 -0.05385 -3.74441e+00 | 29 -0.08880 -3.03688e+00 | 30 -0.07797 -4.73290e+00
 31 -0.09054 -2.58870e+00 | 32 -0.04084 -4.19424e+00 | 33 -0.06464 -2.85988e+00
 34 -0.22258 -8.11186e-01 | 35 -0.10747 -1.38903e+00 | 36 -0.09834 -2.43013e-01
 37 -0.09128  8.48233e-03 | 38 -0.09344  3.32126e-02 | 39 -0.09470  3.27216e-02
 40 -0.59073 -2.03668e-01 | 41 -0.88430  1.28359e-01 | 42 -0.32097 -3.12229e+00
 43 -0.05682  2.61775e+00 | 44 -0.38836 -2.92288e+01 | 45 -0.78493  4.24764e-01
45 variables; iteration 160; function evaluation 192; phase 3
Function value -9.3445540e+01; maximum gradient component mag -9.6663e+02
Var    Value     Gradient |Var    Value     Gradient |Var    Value     Gradient
  1  0.04702 -9.66628e+02 |  2  0.05731  2.72091e+00 |  3 -0.00397  2.15568e+00
  4 -0.01128  2.43958e+00 |  5 -0.00482  2.96262e+00 |  6  0.00625  4.00510e+00
  7  0.01220  5.25244e+00 |  8 -0.00520  5.80026e+00 |  9 -0.03906  5.81592e+00
 10 -0.06473  5.73376e+00 | 11 -0.06992  7.15966e+00 | 12 -0.09162  7.47558e+00
 13 -0.11288  7.16891e+00 | 14 -0.05200  8.01121e+00 | 15 -0.11888  1.56901e+00
 16 -0.12448 -2.72869e+00 | 17 -0.09302 -8.69633e+00 | 18 -0.05944 -1.70636e+01
 19 -0.08885 -1.81025e+01 | 20 -0.05706 -2.89143e+01 | 21 -0.02195 -4.37131e+01
 22 -0.01703 -4.88728e+01 | 23 -0.03364 -4.56526e+01 | 24 -0.08328 -3.29513e+01
 25 -0.02816 -5.29618e+01 | 26 -0.04527 -4.60803e+01 | 27 -0.10636 -2.80044e+01
 28 -0.05738 -4.07079e+01 | 29 -0.08870 -2.89273e+01 | 30 -0.07883 -2.93169e+01
 31 -0.09258 -2.25499e+01 | 32 -0.04849 -2.54808e+01 | 33 -0.06687 -1.90632e+01
 34 -0.21083 -5.32268e+00 | 35 -0.11015 -7.19681e+00 | 36 -0.10345 -1.30298e+00
 37 -0.09711  8.66753e-03 | 38 -0.10001  1.28908e-02 | 39 -0.10159  2.27003e-02
 40 -0.57251 -5.42096e-01 | 41 -1.13066 -6.61934e-02 | 42 -0.31638 -5.45158e+01
 43 -0.05307  4.74070e+01 | 44 -0.38837 -4.90411e+02 | 45 -0.78706  7.18075e+00
45 variables; iteration 180; function evaluation 212; phase 3
Function value -9.3464047e+01; maximum gradient component mag -4.5399e+00
Var    Value     Gradient |Var    Value     Gradient |Var    Value     Gradient
  1  0.04747 -4.53988e+00 |  2  0.05710  3.68024e-02 |  3 -0.00650  2.03634e-02
  4 -0.01346  2.05131e-02 |  5 -0.00627  2.46336e-02 |  6  0.00528  3.56179e-02
  7  0.01146  3.25656e-02 |  8 -0.00576  3.51360e-02 |  9 -0.03978  3.64734e-02
 10 -0.06478  4.62820e-02 | 11 -0.07162  8.52015e-02 | 12 -0.09407  7.68936e-02
 13 -0.11541  4.88436e-02 | 14 -0.05287 -7.07920e-02 | 15 -0.12038 -9.21705e-02
 16 -0.12525 -6.71679e-02 | 17 -0.09435 -1.37734e-01 | 18 -0.06051 -2.18447e-01
 19 -0.08973 -2.44924e-01 | 20 -0.05816 -2.66623e-01 | 21 -0.02310 -2.92893e-01
 22 -0.01794 -2.59942e-01 | 23 -0.03435 -1.77790e-01 | 24 -0.08418 -1.01892e-01
 25 -0.02940 -1.42940e-01 | 26 -0.04582 -1.28397e-01 | 27 -0.10711 -7.79379e-02
 28 -0.05845 -9.78691e-02 | 29 -0.08945 -6.74938e-02 | 30 -0.07959 -5.79044e-02
 31 -0.09357 -7.80306e-02 | 32 -0.05014 -3.97786e-02 | 33 -0.06791 -8.23596e-02
 34 -0.20985 -2.14138e-02 | 35 -0.11134 -1.12926e-02 | 36 -0.10450 -9.98817e-03
 37 -0.09838 -9.79861e-04 | 38 -0.10130 -8.68814e-04 | 39 -0.10292 -1.24556e-03
 40 -0.54739 -1.97988e-03 | 41 -1.00024  5.08519e-04 | 42 -0.31356 -2.80393e-01
 43 -0.05035  2.53119e-01 | 44 -0.38836 -2.47544e+00 | 45 -0.78459  7.36618e-02
45 variables; iteration 200; function evaluation 233; phase 3
Function value -9.3464445e+01; maximum gradient component mag -1.3010e+02
Var    Value     Gradient |Var    Value     Gradient |Var    Value     Gradient
  1  0.04748 -1.30102e+02 |  2  0.05702  3.04544e-02 |  3 -0.00652  4.95396e-02
  4 -0.01348  6.29588e-02 |  5 -0.00629  9.79831e-02 |  6  0.00522  1.58391e-01
  7  0.01145  2.35297e-01 |  8 -0.00573  3.02819e-01 |  9 -0.03975  3.40336e-01
 10 -0.06476  3.76198e-01 | 11 -0.07172  4.36892e-01 | 12 -0.09401  4.84342e-01
 13 -0.11541  4.39708e-01 | 14 -0.05289  4.66758e-01 | 15 -0.12041 -1.33360e-02
 16 -0.12526 -3.19138e-01 | 17 -0.09437 -9.45259e-01 | 18 -0.06053 -2.03566e+00
 19 -0.08975 -2.23553e+00 | 20 -0.05818 -3.49977e+00 | 21 -0.02312 -5.47804e+00
 22 -0.01796 -6.37693e+00 | 23 -0.03436 -6.12274e+00 | 24 -0.08419 -4.38355e+00
 25 -0.02942 -6.88919e+00 | 26 -0.04583 -6.18027e+00 | 27 -0.10712 -3.77026e+00
 28 -0.05847 -5.12736e+00 | 29 -0.08946 -3.69070e+00 | 30 -0.07960 -3.41881e+00
 31 -0.09359 -2.31074e+00 | 32 -0.05018 -2.51140e+00 | 33 -0.06792 -1.90462e+00
 34 -0.20981 -5.27404e-01 | 35 -0.11138 -5.36347e-01 | 36 -0.10447 -7.81000e-02
 37 -0.09839  1.48178e-03 | 38 -0.10131  1.57659e-03 | 39 -0.10292  2.17832e-03
 40 -0.54717 -2.43954e-04 | 41 -1.00794 -1.07307e-02 | 42 -0.31352 -7.14512e+00
 43 -0.05032  6.40050e+00 | 44 -0.38855 -7.21793e+01 | 45 -0.79828  9.96252e-01
45 variables; iteration 220; function evaluation 256; phase 3
Function value -9.3465243e+01; maximum gradient component mag -1.2656e+02
Var    Value     Gradient |Var    Value     Gradient |Var    Value     Gradient
  1  0.04748 -1.26563e+02 |  2  0.05695  5.28296e-02 |  3 -0.00653  3.91435e-02
  4 -0.01348  5.74499e-02 |  5 -0.00631  8.98686e-02 |  6  0.00523  1.53106e-01
  7  0.01156  2.41211e-01 |  8 -0.00564  3.01334e-01 |  9 -0.03966  3.32723e-01
 10 -0.06471  3.58683e-01 | 11 -0.07161  4.45682e-01 | 12 -0.09405  4.63501e-01
 13 -0.11540  4.39526e-01 | 14 -0.05292  2.57554e-01 | 15 -0.12037 -2.02597e-01
 16 -0.12526 -5.63362e-01 | 17 -0.09436 -1.12128e+00 | 18 -0.06051 -2.12329e+00
 19 -0.08974 -2.17975e+00 | 20 -0.05817 -3.25635e+00 | 21 -0.02311 -5.01995e+00
 22 -0.01795 -5.88110e+00 | 23 -0.03435 -5.60974e+00 | 24 -0.08418 -4.09384e+00
 25 -0.02941 -6.64930e+00 | 26 -0.04583 -6.02304e+00 | 27 -0.10712 -3.66594e+00
 28 -0.05846 -5.10469e+00 | 29 -0.08946 -3.74160e+00 | 30 -0.07961 -3.46697e+00
 31 -0.09358 -2.29356e+00 | 32 -0.05013 -2.30240e+00 | 33 -0.06788 -1.82000e+00
 34 -0.20985 -5.23360e-01 | 35 -0.11138 -6.31812e-01 | 36 -0.10449 -1.09406e-01
 37 -0.09835  4.41805e-04 | 38 -0.10126  2.01345e-03 | 39 -0.10288  1.61027e-03
 40 -0.54768 -2.90292e-03 | 41 -0.99821  2.30003e-03 | 42 -0.31368 -7.05854e+00
 43 -0.05041  6.30755e+00 | 44 -0.38890 -7.19007e+01 | 45 -0.82686  7.96381e-01
45 variables; iteration 240; function evaluation 280; phase 3
Function value -9.3465802e+01; maximum gradient component mag -2.5353e+01
Var    Value     Gradient |Var    Value     Gradient |Var    Value     Gradient
  1  0.04748 -2.53529e+01 |  2  0.05687  5.98079e-02 |  3 -0.00650  3.36120e-02
  4 -0.01347  4.21575e-02 |  5 -0.00629  5.71329e-02 |  6  0.00525  8.61784e-02
  7  0.01161  1.24762e-01 |  8 -0.00558  1.36259e-01 |  9 -0.03959  1.32109e-01
 10 -0.06464  1.27877e-01 | 11 -0.07155  1.61206e-01 | 12 -0.09403  1.54951e-01
 13 -0.11539  1.48066e-01 | 14 -0.05293  1.17929e-01 | 15 -0.12035 -4.23569e-02
 16 -0.12524 -1.05503e-01 | 17 -0.09435 -2.76228e-01 | 18 -0.06050 -5.28053e-01
 19 -0.08973 -5.05599e-01 | 20 -0.05817 -7.31887e-01 | 21 -0.02309 -1.16886e+00
 22 -0.01794 -1.36614e+00 | 23 -0.03434 -1.25704e+00 | 24 -0.08416 -8.63645e-01
 25 -0.02939 -1.35700e+00 | 26 -0.04582 -1.21101e+00 | 27 -0.10711 -7.11656e-01
 28 -0.05845 -9.74041e-01 | 29 -0.08945 -6.62246e-01 | 30 -0.07960 -6.53718e-01
 31 -0.09357 -4.98833e-01 | 32 -0.05011 -5.29091e-01 | 33 -0.06784 -4.05889e-01
 34 -0.20985 -1.15499e-01 | 35 -0.11139 -1.54959e-01 | 36 -0.10449 -3.07421e-02
 37 -0.09833 -1.73101e-04 | 38 -0.10124  1.05884e-03 | 39 -0.10286  1.72938e-04
 40 -0.54809 -1.60011e-02 | 41 -0.99965 -9.83607e-05 | 42 -0.31380 -1.38334e+00
 43 -0.05050  1.28543e+00 | 44 -0.38923 -1.55019e+01 | 45 -0.86139  1.35468e-01
45 variables; iteration 260; function evaluation 305; phase 3
Function value -9.3465943e+01; maximum gradient component mag -2.5601e+01
Var    Value     Gradient |Var    Value     Gradient |Var    Value     Gradient
  1  0.04748 -2.56015e+01 |  2  0.05682  2.17950e-02 |  3 -0.00646  1.47154e-02
  4 -0.01345  1.90628e-02 |  5 -0.00627  2.77479e-02 |  6  0.00526  4.45243e-02
  7  0.01159  6.63529e-02 |  8 -0.00556  7.82272e-02 |  9 -0.03955  8.20120e-02
 10 -0.06457  8.53116e-02 | 11 -0.07153  1.03566e-01 | 12 -0.09400  1.04110e-01
 13 -0.11538  9.85397e-02 | 14 -0.05293  8.77617e-02 | 15 -0.12034 -1.24286e-02
 16 -0.12523 -8.07320e-02 | 17 -0.09435 -2.31101e-01 | 18 -0.06049 -4.32405e-01
 19 -0.08972 -4.61175e-01 | 20 -0.05817 -6.97236e-01 | 21 -0.02309 -1.05629e+00
 22 -0.01793 -1.22328e+00 | 23 -0.03433 -1.17649e+00 | 24 -0.08416 -8.44459e-01
 25 -0.02939 -1.38411e+00 | 26 -0.04581 -1.23550e+00 | 27 -0.10710 -7.66321e-01
 28 -0.05844 -1.06186e+00 | 29 -0.08945 -7.41162e-01 | 30 -0.07960 -6.71725e-01
 31 -0.09356 -4.42307e-01 | 32 -0.05010 -4.75016e-01 | 33 -0.06782 -3.79658e-01
 34 -0.20984 -1.08712e-01 | 35 -0.11139 -1.30428e-01 | 36 -0.10449 -2.32606e-02
 37 -0.09832 -1.42914e-04 | 38 -0.10122  5.50244e-04 | 39 -0.10284  2.13672e-04
 40 -0.54824 -4.51970e-03 | 41 -0.99962 -1.73734e-05 | 42 -0.31387 -1.41001e+00
 43 -0.05055  1.26637e+00 | 44 -0.38941 -1.53227e+01 | 45 -0.88497  1.00897e-01

 - final statistics:
45 variables; iteration 275; function evaluation 322
Function value -9.3466e+01; maximum gradient component mag 9.6411e-05
Exit code = 1;  converg criter 1.0000e-04
Var    Value     Gradient |Var    Value     Gradient |Var    Value     Gradient
  1  0.04748  9.64106e-05 |  2  0.05680  8.59100e-07 |  3 -0.00645  5.23813e-07
  4 -0.01344  6.06986e-07 |  5 -0.00626  6.50735e-07 |  6  0.00526  8.17468e-07
  7  0.01157  1.08662e-06 |  8 -0.00557  1.04445e-06 |  9 -0.03954  9.07117e-07
 10 -0.06456  7.89094e-07 | 11 -0.07152  1.01825e-06 | 12 -0.09399  7.00398e-07
 13 -0.11537  8.81592e-07 | 14 -0.05294  1.07457e-06 | 15 -0.12034 -3.29159e-07
 16 -0.12523 -5.49154e-07 | 17 -0.09435 -2.01880e-08 | 18 -0.06049 -1.11074e-07
 19 -0.08972  1.44253e-07 | 20 -0.05817 -7.11127e-08 | 21 -0.02309  3.30812e-07
 22 -0.01793 -1.24603e-06 | 23 -0.03433  8.34549e-07 | 24 -0.08416  1.35268e-06
 25 -0.02939  2.94023e-06 | 26 -0.04581  4.86207e-06 | 27 -0.10710  2.43895e-06
 28 -0.05844  4.96288e-06 | 29 -0.08945  4.69775e-06 | 30 -0.07960  5.77730e-06
 31 -0.09356  2.67325e-06 | 32 -0.05010  3.03761e-06 | 33 -0.06782  2.54663e-06
 34 -0.20984  6.07880e-07 | 35 -0.11139 -2.03478e-07 | 36 -0.10448 -1.38645e-07
 37 -0.09831  1.70187e-09 | 38 -0.10122  9.28314e-09 | 39 -0.10284  7.10913e-09
 40 -0.54825 -3.12988e-07 | 41 -0.99962 -2.46981e-09 | 42 -0.31389  7.04858e-06
 43 -0.05056 -5.20517e-06 | 44 -0.38944  4.80585e-05 | 45 -0.89027 -2.88559e-07
Warning: the following parameters had issues
  init_F[2] is within 0.1% of lower bound: 0.00000e+00 < 9.13498e-07 < 1.00000e+01
  selparm[9] is within 1% of lower bound: -4.00000e+00 < -3.88145e+00 < 1.20000e+01


 - final statistics:
48 variables; iteration 0; function evaluation 0
Function value -9.3466e+01; maximum gradient component mag 9.6408e-05
Exit code = 0;  converg criter 1.0000e-04
Var    Value     Gradient |Var    Value     Gradient |Var    Value     Gradient
  1  0.04748  9.64080e-05 |  2  0.05680  8.59107e-07 |  3 -0.00645  5.23818e-07
  4 -0.01344  6.06991e-07 |  5 -0.00626  6.50742e-07 |  6  0.00526  8.17479e-07
  7  0.01157  1.08664e-06 |  8 -0.00557  1.04446e-06 |  9 -0.03954  9.07133e-07
 10 -0.06456  7.89111e-07 | 11 -0.07152  1.01827e-06 | 12 -0.09399  7.00418e-07
 13 -0.11537  8.81611e-07 | 14 -0.05294  1.07459e-06 | 15 -0.12034 -3.29161e-07
 16 -0.12523 -5.49169e-07 | 17 -0.09435 -2.02150e-08 | 18 -0.06049 -1.11131e-07
 19 -0.08972  1.44197e-07 | 20 -0.05817 -7.12083e-08 | 21 -0.02309  3.30672e-07
 22 -0.01793 -1.24617e-06 | 23 -0.03433  8.34411e-07 | 24 -0.08416  1.35259e-06
 25 -0.02939  2.94009e-06 | 26 -0.04581  4.86195e-06 | 27 -0.10710  2.43887e-06
 28 -0.05844  4.96278e-06 | 29 -0.08945  4.69769e-06 | 30 -0.07960  5.77725e-06
 31 -0.09356  2.67322e-06 | 32 -0.05010  3.03757e-06 | 33 -0.06782  2.54661e-06
 34 -0.20984  6.07871e-07 | 35 -0.11139 -2.03490e-07 | 36 -0.10448 -1.38647e-07
 37 -0.09831  1.70187e-09 | 38 -0.10122  9.28316e-09 | 39 -0.10284  7.10915e-09
 40  0.00000  0.00000e+00 | 41  0.00000  0.00000e+00 | 42  0.00000  0.00000e+00
 43 -0.54825 -3.12990e-07 | 44 -0.99962 -2.46918e-09 | 45 -0.31389  7.04845e-06
 46 -0.05056 -5.20505e-06 | 47 -0.38944  4.80569e-05 | 48 -0.89027 -2.88549e-07
Estimating row 1 out of 48 for hessian
Estimating row 2 out of 48 for hessian
Estimating row 3 out of 48 for hessian
Estimating row 4 out of 48 for hessian
Estimating row 5 out of 48 for hessian
Estimating row 6 out of 48 for hessian
Estimating row 7 out of 48 for hessian
Estimating row 8 out of 48 for hessian
Estimating row 9 out of 48 for hessian
Estimating row 10 out of 48 for hessian
Estimating row 11 out of 48 for hessian
Estimating row 12 out of 48 for hessian
Estimating row 13 out of 48 for hessian
Estimating row 14 out of 48 for hessian
Estimating row 15 out of 48 for hessian
Estimating row 16 out of 48 for hessian
Estimating row 17 out of 48 for hessian
Estimating row 18 out of 48 for hessian
Estimating row 19 out of 48 for hessian
Estimating row 20 out of 48 for hessian
Estimating row 21 out of 48 for hessian
Estimating row 22 out of 48 for hessian
Estimating row 23 out of 48 for hessian
Estimating row 24 out of 48 for hessian
Estimating row 25 out of 48 for hessian
Estimating row 26 out of 48 for hessian
Estimating row 27 out of 48 for hessian
Estimating row 28 out of 48 for hessian
Estimating row 29 out of 48 for hessian
Estimating row 30 out of 48 for hessian
Estimating row 31 out of 48 for hessian
Estimating row 32 out of 48 for hessian
Estimating row 33 out of 48 for hessian
Estimating row 34 out of 48 for hessian
Estimating row 35 out of 48 for hessian
Estimating row 36 out of 48 for hessian
Estimating row 37 out of 48 for hessian
Estimating row 38 out of 48 for hessian
Estimating row 39 out of 48 for hessian
Estimating row 40 out of 48 for hessian
Estimating row 41 out of 48 for hessian
Estimating row 42 out of 48 for hessian
Estimating row 43 out of 48 for hessian
Estimating row 44 out of 48 for hessian
Estimating row 45 out of 48 for hessian
Estimating row 46 out of 48 for hessian
Estimating row 47 out of 48 for hessian
Estimating row 48 out of 48 for hessian
size of file gradfil1.tmp = 0
size of file gradfil2.tmp = 0
size of file varssave.tmp = 0
size of file cmpdiff.tmp = 0
