
Initial statistics: 3 variables; iteration 0; function evaluation 0; phase 1
Function value 1.1920869e+06; maximum gradient component mag -1.9373e+06
Var    Value     Gradient |Var    Value     Gradient |Var    Value     Gradient
  1 -0.22033 -1.93731e+06 |  2 -0.68027  5.69477e+05 |  3 -0.98727  3.30645e+04

 - final statistics:
3 variables; iteration 1; function evaluation 9
Function value -4.8257e+01; maximum gradient component mag 1.2001e+00
Exit code = 1;  converg criter 1.0000e+01
Var    Value     Gradient |Var    Value     Gradient |Var    Value     Gradient
  1  0.83522 -3.08016e-04 |  2 -0.99056  1.20010e+00 |  3 -1.00528 -6.62782e-01

 - final statistics:
3 variables; iteration 0; function evaluation 0
Function value -4.8257e+01; maximum gradient component mag 1.2001e+00
Exit code = 0;  converg criter 1.0000e+01
Var    Value     Gradient |Var    Value     Gradient |Var    Value     Gradient
  1  0.83522 -3.08016e-04 |  2 -0.99056  1.20010e+00 |  3 -0.99472  6.62782e-01

Initial statistics: 9 variables; iteration 0; function evaluation 0; phase 3
Function value -4.8257483e+01; maximum gradient component mag -3.1112e+01
Var    Value     Gradient |Var    Value     Gradient |Var    Value     Gradient
  1  0.83522 -3.08016e-04 |  2 -0.99056  1.20010e+00 |  3 -0.99472  6.62782e-01
  4 -1.00000 -8.66316e-08 |  5 -1.00000 -8.66316e-08 |  6 -0.31504 -3.11117e+01
  7 -0.06813 -4.67059e+00 |  8 -0.05378  3.50787e+00 |  9  0.07622 -4.32391e+00

Intermediate statistics: 9 variables; iteration 20; function evaluation 25; phase 3
Function value -5.2328472e+01; maximum gradient component mag 8.7418e-02
Var    Value     Gradient |Var    Value     Gradient |Var    Value     Gradient
  1  0.84494 -1.10134e-04 |  2 -0.99957  8.74182e-02 |  3 -1.00021 -4.05172e-02
  4 -0.99989  9.65463e-03 |  5 -1.00058 -3.36454e-02 |  6 -0.06100  7.33254e-02
  7  0.48298 -8.12115e-02 |  8 -0.01328  8.22375e-02 |  9  0.29550  5.10007e-02
9 variables; iteration 40; function evaluation 52; phase 3
Function value -5.2340673e+01; maximum gradient component mag 5.5414e-01
Var    Value     Gradient |Var    Value     Gradient |Var    Value     Gradient
  1  0.98236 -4.16424e-06 |  2 -0.99975  5.11228e-02 |  3 -1.00027 -5.15131e-02
  4 -0.99554  5.54144e-01 |  5 -0.99990  1.46102e-03 |  6 -0.06052 -1.85944e-02
  7  0.69694 -4.22292e-03 |  8 -0.03128  4.32329e-02 |  9  0.18406  6.06357e-03
9 variables; iteration 60; function evaluation 73; phase 3
Function value -5.2342074e+01; maximum gradient component mag 4.6122e-04
Var    Value     Gradient |Var    Value     Gradient |Var    Value     Gradient
  1  0.99507  1.75375e-05 |  2 -0.99997 -3.67329e-04 |  3 -0.99997 -2.27701e-04
  4 -1.00006 -2.13542e-04 |  5 -1.00008  4.61223e-04 |  6 -0.06032  4.92141e-05
  7  0.73862  2.42064e-05 |  8 -0.03375  2.37666e-04 |  9  0.17816 -8.97307e-06
Warning: the following parameters had issues
  SR_parm[1] is within 0.1% of upper bound: 1.00000e-04 < 1.99985e+01 < 2.00000e+01
  init_F[1] is within 0.1% of lower bound: 0.00000e+00 < 5.81014e-09 < 1.00000e+01
  init_F[2] is within 0.1% of lower bound: 0.00000e+00 < 6.39696e-09 < 1.00000e+01
  Q_parm[2] is within 0.1% of lower bound: 0.00000e+00 < 9.93464e-09 < 5.00000e+00
  Q_parm[4] is within 0.1% of lower bound: 0.00000e+00 < 2.09969e-08 < 5.00000e+00


 - final statistics:
9 variables; iteration 63; function evaluation 76
Function value -5.2342e+01; maximum gradient component mag -6.7867e-05
Exit code = 1;  converg criter 1.0000e-04
Var    Value     Gradient |Var    Value     Gradient |Var    Value     Gradient
  1  0.98902  2.94206e-06 |  2 -0.99997 -6.78674e-05 |  3 -0.99997  5.22476e-05
  4 -1.00006  2.08547e-05 |  5 -1.00008 -5.15400e-05 |  6 -0.06032 -6.18480e-06
  7  0.73834 -1.91691e-06 |  8 -0.03376 -9.92472e-06 |  9  0.17814 -3.58200e-06
Estimating row 1 out of 9 for hessian
Estimating row 2 out of 9 for hessian
Estimating row 3 out of 9 for hessian
Estimating row 4 out of 9 for hessian
Estimating row 5 out of 9 for hessian
Estimating row 6 out of 9 for hessian
Estimating row 7 out of 9 for hessian
Estimating row 8 out of 9 for hessian
Estimating row 9 out of 9 for hessian
size of file gradfil1.tmp = 0
size of file gradfil2.tmp = 0
size of file varssave.tmp = 0
size of file cmpdiff.tmp = 0
